﻿00:00 +0: loading C:/Users/bhara/StudioProjects/simple_billing_app/test/widget/billing_screen_test.dart
00:00 +0: BillingScreen Widget Tests Should render all major sections on web
ΓòÉΓòÉΓòí EXCEPTION CAUGHT BY RENDERING LIBRARY Γò₧ΓòÉΓòÉΓòÉΓòÉΓòÉΓòÉΓòÉΓòÉΓòÉΓòÉΓòÉΓòÉΓòÉΓòÉΓòÉΓòÉΓòÉΓòÉΓòÉΓòÉΓòÉΓòÉΓòÉΓòÉΓòÉΓòÉΓòÉΓòÉΓòÉΓòÉΓòÉΓòÉΓòÉΓòÉΓòÉΓòÉΓòÉΓòÉΓòÉΓòÉΓòÉΓòÉΓòÉΓòÉΓòÉΓòÉΓòÉΓòÉΓòÉΓòÉΓòÉΓòÉΓòÉΓòÉΓòÉΓòÉΓòÉ
The following assertion was thrown during performLayout():
An InputDecorator, which is typically created by a TextField, cannot have an unbounded width.
This happens when the parent widget does not provide a finite width constraint. For example, if the
InputDecorator is contained by a Row, then its width must be constrained. An Expanded widget or a
SizedBox can be used to constrain the width of the InputDecorator or the TextField that contains it.
'package:flutter/src/material/input_decorator.dart':
Failed assertion: line 962 pos 7: 'constraints.maxWidth < double.infinity'

Either the assertion indicates an error in the framework itself, or we should provide substantially
more information in this error message to help you determine and fix the underlying cause.
In either case, please report this assertion by filing a bug on GitHub:
  https://github.com/flutter/flutter/issues/new?template=02_bug.yml

The relevant error-causing widget was:
  TextField
  TextField:file:///C:/Users/bhara/StudioProjects/simple_billing_app/lib/views/screens/billing_screen.dart:310:22

When the exception was thrown, this was the stack:
#2      _RenderDecoration._layout (package:flutter/src/material/input_decorator.dart:962:7)
#3      _RenderDecoration.performLayout (package:flutter/src/material/input_decorator.dart:1388:44)
#4      RenderObject.layout (package:flutter/src/rendering/object.dart:2768:7)
#5      RenderProxyBoxMixin.performLayout (package:flutter/src/rendering/proxy_box.dart:118:18)
#6      RenderObject.layout (package:flutter/src/rendering/object.dart:2768:7)
#7      RenderProxyBoxMixin.performLayout (package:flutter/src/rendering/proxy_box.dart:118:18)
#8      RenderObject.layout (package:flutter/src/rendering/object.dart:2768:7)
#9      RenderProxyBoxMixin.performLayout (package:flutter/src/rendering/proxy_box.dart:118:18)
#10     RenderObject.layout (package:flutter/src/rendering/object.dart:2768:7)
#11     RenderProxyBoxMixin.performLayout (package:flutter/src/rendering/proxy_box.dart:118:18)
#12     RenderObject.layout (package:flutter/src/rendering/object.dart:2768:7)
#13     RenderTapRegion.layout (package:flutter/src/widgets/tap_region.dart:686:11)
#14     RenderProxyBoxMixin.performLayout (package:flutter/src/rendering/proxy_box.dart:118:18)
#15     RenderObject.layout (package:flutter/src/rendering/object.dart:2768:7)
#16     RenderProxyBoxMixin.performLayout (package:flutter/src/rendering/proxy_box.dart:118:18)
#17     RenderObject.layout (package:flutter/src/rendering/object.dart:2768:7)
#18     RenderProxyBoxMixin.performLayout (package:flutter/src/rendering/proxy_box.dart:118:18)
#19     RenderObject.layout (package:flutter/src/rendering/object.dart:2768:7)
#20     RenderProxyBoxMixin.performLayout (package:flutter/src/rendering/proxy_box.dart:118:18)
#21     RenderObject.layout (package:flutter/src/rendering/object.dart:2768:7)
#22     ChildLayoutHelper.layoutChild (package:flutter/src/rendering/layout_helper.dart:62:11)
#23     RenderFlex._computeSizes (package:flutter/src/rendering/flex.dart:1237:28)
#24     RenderFlex.performLayout (package:flutter/src/rendering/flex.dart:1329:32)
#25     RenderObject.layout (package:flutter/src/rendering/object.dart:2768:7)
#26     RenderPadding.performLayout (package:flutter/src/rendering/shifted_box.dart:262:12)
#27     RenderObject.layout (package:flutter/src/rendering/object.dart:2768:7)
#28     RenderProxyBoxMixin.performLayout (package:flutter/src/rendering/proxy_box.dart:118:18)
#29     RenderObject.layout (package:flutter/src/rendering/object.dart:2768:7)
#30     ChildLayoutHelper.layoutChild (package:flutter/src/rendering/layout_helper.dart:62:11)
#31     RenderFlex._computeSizes (package:flutter/src/rendering/flex.dart:1237:28)
#32     RenderFlex.performLayout (package:flutter/src/rendering/flex.dart:1329:32)
#33     RenderObject.layout (package:flutter/src/rendering/object.dart:2768:7)
#34     ChildLayoutHelper.layoutChild (package:flutter/src/rendering/layout_helper.dart:62:11)
#35     RenderFlex._computeSizes (package:flutter/src/rendering/flex.dart:1237:28)
#36     RenderFlex.performLayout (package:flutter/src/rendering/flex.dart:1329:32)
#37     RenderObject.layout (package:flutter/src/rendering/object.dart:2768:7)
#38     _RenderSingleChildViewport.performLayout (package:flutter/src/widgets/single_child_scroll_view.dart:502:14)
#39     RenderObject.layout (package:flutter/src/rendering/object.dart:2768:7)
#40     RenderProxyBoxMixin.performLayout (package:flutter/src/rendering/proxy_box.dart:118:18)
#41     RenderObject.layout (package:flutter/src/rendering/object.dart:2768:7)
#42     RenderProxyBoxMixin.performLayout (package:flutter/src/rendering/proxy_box.dart:118:18)
#43     RenderObject.layout (package:flutter/src/rendering/object.dart:2768:7)
#44     RenderProxyBoxMixin.performLayout (package:flutter/src/rendering/proxy_box.dart:118:18)
#45     RenderObject.layout (package:flutter/src/rendering/object.dart:2768:7)
#46     RenderProxyBoxMixin.performLayout (package:flutter/src/rendering/proxy_box.dart:118:18)
#47     RenderObject.layout (package:flutter/src/rendering/object.dart:2768:7)
#48     RenderProxyBoxMixin.performLayout (package:flutter/src/rendering/proxy_box.dart:118:18)
#49     RenderObject.layout (package:flutter/src/rendering/object.dart:2768:7)
#50     RenderProxyBoxMixin.performLayout (package:flutter/src/rendering/proxy_box.dart:118:18)
#51     RenderObject.layout (package:flutter/src/rendering/object.dart:2768:7)
#52     RenderProxyBoxMixin.performLayout (package:flutter/src/rendering/proxy_box.dart:118:18)
#53     RenderObject.layout (package:flutter/src/rendering/object.dart:2768:7)
#54     RenderProxyBoxMixin.performLayout (package:flutter/src/rendering/proxy_box.dart:118:18)
#55     _RenderCustomClip.performLayout (package:flutter/src/rendering/proxy_box.dart:1549:11)
#56     RenderObject.layout (package:flutter/src/rendering/object.dart:2768:7)
#57     RenderPadding.performLayout (package:flutter/src/rendering/shifted_box.dart:262:12)
#58     RenderObject.layout (package:flutter/src/rendering/object.dart:2768:7)
#59     _RenderLayoutBuilder.performLayout (package:flutter/src/widgets/layout_builder.dart:449:14)
#60     RenderObject.layout (package:flutter/src/rendering/object.dart:2768:7)
#61     MultiChildLayoutDelegate.layoutChild (package:flutter/src/rendering/custom_layout.dart:180:12)
#62     _ScaffoldLayout.performLayout (package:flutter/src/material/scaffold.dart:1113:7)
#63     MultiChildLayoutDelegate._callPerformLayout (package:flutter/src/rendering/custom_layout.dart:246:7)
#64     RenderCustomMultiChildLayoutBox.performLayout (package:flutter/src/rendering/custom_layout.dart:417:14)
#65     RenderObject.layout (package:flutter/src/rendering/object.dart:2768:7)
#66     RenderProxyBoxMixin.performLayout (package:flutter/src/rendering/proxy_box.dart:118:18)
#67     RenderObject.layout (package:flutter/src/rendering/object.dart:2768:7)
#68     RenderProxyBoxMixin.performLayout (package:flutter/src/rendering/proxy_box.dart:118:18)
#69     _RenderCustomClip.performLayout (package:flutter/src/rendering/proxy_box.dart:1549:11)
#70     RenderObject.layout (package:flutter/src/rendering/object.dart:2768:7)
#71     RenderProxyBoxMixin.performLayout (package:flutter/src/rendering/proxy_box.dart:118:18)
#72     RenderObject.layout (package:flutter/src/rendering/object.dart:2768:7)
#73     RenderProxyBoxMixin.performLayout (package:flutter/src/rendering/proxy_box.dart:118:18)
#74     RenderObject.layout (package:flutter/src/rendering/object.dart:2768:7)
#75     RenderProxyBoxMixin.performLayout (package:flutter/src/rendering/proxy_box.dart:118:18)
#76     RenderObject.layout (package:flutter/src/rendering/object.dart:2768:7)
#77     RenderProxyBoxMixin.performLayout (package:flutter/src/rendering/proxy_box.dart:118:18)
#78     RenderObject.layout (package:flutter/src/rendering/object.dart:2768:7)
#79     RenderProxyBoxMixin.performLayout (package:flutter/src/rendering/proxy_box.dart:118:18)
#80     RenderObject.layout (package:flutter/src/rendering/object.dart:2768:7)
#81     RenderProxyBoxMixin.performLayout (package:flutter/src/rendering/proxy_box.dart:118:18)
#82     RenderObject.layout (package:flutter/src/rendering/object.dart:2768:7)
#83     RenderProxyBoxMixin.performLayout (package:flutter/src/rendering/proxy_box.dart:118:18)
#84     RenderObject.layout (package:flutter/src/rendering/object.dart:2768:7)
#85     RenderProxyBoxMixin.performLayout (package:flutter/src/rendering/proxy_box.dart:118:18)
#86     RenderObject.layout (package:flutter/src/rendering/object.dart:2768:7)
#87     RenderProxyBoxMixin.performLayout (package:flutter/src/rendering/proxy_box.dart:118:18)
#88     RenderObject.layout (package:flutter/src/rendering/object.dart:2768:7)
#89     RenderProxyBoxMixin.performLayout (package:flutter/src/rendering/proxy_box.dart:118:18)
#90     RenderObject.layout (package:flutter/src/rendering/object.dart:2768:7)
#91     RenderProxyBoxMixin.performLayout (package:flutter/src/rendering/proxy_box.dart:118:18)
#92     RenderObject.layout (package:flutter/src/rendering/object.dart:2768:7)
#93     RenderProxyBoxMixin.performLayout (package:flutter/src/rendering/proxy_box.dart:118:18)
#94     RenderObject.layout (package:flutter/src/rendering/object.dart:2768:7)
#95     RenderProxyBoxMixin.performLayout (package:flutter/src/rendering/proxy_box.dart:118:18)
#96     RenderObject.layout (package:flutter/src/rendering/object.dart:2768:7)
#97     RenderProxyBoxMixin.performLayout (package:flutter/src/rendering/proxy_box.dart:118:18)
#98     RenderObject.layout (package:flutter/src/rendering/object.dart:2768:7)
#99     RenderProxyBoxMixin.performLayout (package:flutter/src/rendering/proxy_box.dart:118:18)
#100    RenderObject.layout (package:flutter/src/rendering/object.dart:2768:7)
#101    RenderProxyBoxMixin.performLayout (package:flutter/src/rendering/proxy_box.dart:118:18)
#102    RenderOffstage.performLayout (package:flutter/src/rendering/proxy_box.dart:3923:13)
#103    RenderObject.layout (package:flutter/src/rendering/object.dart:2768:7)
#104    RenderProxyBoxMixin.performLayout (package:flutter/src/rendering/proxy_box.dart:118:18)
#105    RenderObject.layout (package:flutter/src/rendering/object.dart:2768:7)
#106    _RenderTheaterMixin.layoutChild (package:flutter/src/widgets/overlay.dart:1084:13)
#107    _RenderTheater.performLayout (package:flutter/src/widgets/overlay.dart:1429:9)
#108    RenderObject.layout (package:flutter/src/rendering/object.dart:2768:7)
#109    RenderProxyBoxMixin.performLayout (package:flutter/src/rendering/proxy_box.dart:118:18)
#110    RenderObject.layout (package:flutter/src/rendering/object.dart:2768:7)
#111    RenderProxyBoxMixin.performLayout (package:flutter/src/rendering/proxy_box.dart:118:18)
#112    RenderObject.layout (package:flutter/src/rendering/object.dart:2768:7)
#113    RenderProxyBoxMixin.performLayout (package:flutter/src/rendering/proxy_box.dart:118:18)
#114    RenderObject.layout (package:flutter/src/rendering/object.dart:2768:7)
#115    RenderProxyBoxMixin.performLayout (package:flutter/src/rendering/proxy_box.dart:118:18)
#116    RenderCustomPaint.performLayout (package:flutter/src/rendering/custom_paint.dart:574:11)
#117    RenderObject.layout (package:flutter/src/rendering/object.dart:2768:7)
#118    RenderProxyBoxMixin.performLayout (package:flutter/src/rendering/proxy_box.dart:118:18)
#119    RenderObject.layout (package:flutter/src/rendering/object.dart:2768:7)
#120    RenderProxyBoxMixin.performLayout (package:flutter/src/rendering/proxy_box.dart:118:18)
#121    RenderObject.layout (package:flutter/src/rendering/object.dart:2768:7)
#122    RenderProxyBoxMixin.performLayout (package:flutter/src/rendering/proxy_box.dart:118:18)
#123    RenderObject.layout (package:flutter/src/rendering/object.dart:2768:7)
#124    RenderProxyBoxMixin.performLayout (package:flutter/src/rendering/proxy_box.dart:118:18)
#125    RenderObject.layout (package:flutter/src/rendering/object.dart:2768:7)
#126    RenderProxyBoxMixin.performLayout (package:flutter/src/rendering/proxy_box.dart:118:18)
#127    RenderObject.layout (package:flutter/src/rendering/object.dart:2768:7)
#128    RenderProxyBoxMixin.performLayout (package:flutter/src/rendering/proxy_box.dart:118:18)
#129    RenderObject.layout (package:flutter/src/rendering/object.dart:2768:7)
#130    RenderView.performLayout (package:flutter/src/rendering/view.dart:292:12)
#131    RenderObject._layoutWithoutResize (package:flutter/src/rendering/object.dart:2616:7)
#132    PipelineOwner.flushLayout (package:flutter/src/rendering/object.dart:1174:18)
#133    PipelineOwner.flushLayout (package:flutter/src/rendering/object.dart:1187:15)
#134    AutomatedTestWidgetsFlutterBinding.drawFrame (package:flutter_test/src/binding.dart:2133:27)
#135    RendererBinding._handlePersistentFrameCallback (package:flutter/src/rendering/binding.dart:495:5)
#136    SchedulerBinding._invokeFrameCallback (package:flutter/src/scheduler/binding.dart:1430:15)
#137    SchedulerBinding.handleDrawFrame (package:flutter/src/scheduler/binding.dart:1345:9)
#138    AutomatedTestWidgetsFlutterBinding.pump.<anonymous closure> (package:flutter_test/src/binding.dart:1960:9)
#141    TestAsyncUtils.guard (package:flutter_test/src/test_async_utils.dart:74:41)
#142    AutomatedTestWidgetsFlutterBinding.pump (package:flutter_test/src/binding.dart:1949:27)
#143    WidgetTester.pumpWidget.<anonymous closure> (package:flutter_test/src/widget_tester.dart:598:22)
#146    TestAsyncUtils.guard (package:flutter_test/src/test_async_utils.dart:74:41)
#147    WidgetTester.pumpWidget (package:flutter_test/src/widget_tester.dart:595:27)
#148    main.<anonymous closure>.<anonymous closure> (file:///C:/Users/bhara/StudioProjects/simple_billing_app/test/widget/billing_screen_test.dart:17:20)
#149    testWidgets.<anonymous closure>.<anonymous closure> (package:flutter_test/src/widget_tester.dart:192:29)
<asynchronous suspension>
#150    TestWidgetsFlutterBinding._runTestBody (package:flutter_test/src/binding.dart:1682:5)
<asynchronous suspension>
<asynchronous suspension>
(elided 7 frames from class _AssertionError, dart:async, and package:stack_trace)

The following RenderObject was being processed when the exception was fired: _RenderDecoration#f7744 relayoutBoundary=up25 NEEDS-PAINT NEEDS-COMPOSITING-BITS-UPDATE:
  creator: _Decorator ΓåÉ InputDecorator ΓåÉ AnimatedBuilder ΓåÉ Listener ΓåÉ RawGestureDetector ΓåÉ
    TextSelectionGestureDetector ΓåÉ Semantics ΓåÉ AnimatedBuilder ΓåÉ IgnorePointer ΓåÉ TextFieldTapRegion ΓåÉ
    MouseRegion ΓåÉ TextField ΓåÉ Γï»
  parentData: <none> (can use size)
  constraints: BoxConstraints(unconstrained)
  size: MISSING
This RenderObject had the following descendants (showing up to depth 5):
    input: RenderRepaintBoundary#a7ed6 NEEDS-LAYOUT NEEDS-PAINT NEEDS-COMPOSITING-BITS-UPDATE
      child: _RenderCompositionCallback#ebc31 NEEDS-LAYOUT NEEDS-PAINT NEEDS-COMPOSITING-BITS-UPDATE
        child: RenderTapRegion#35e2b NEEDS-LAYOUT NEEDS-PAINT NEEDS-COMPOSITING-BITS-UPDATE
          child: RenderMouseRegion#af76c NEEDS-LAYOUT NEEDS-PAINT NEEDS-COMPOSITING-BITS-UPDATE
            child: RenderPointerListener#10949 NEEDS-LAYOUT NEEDS-PAINT NEEDS-COMPOSITING-BITS-UPDATE
    prefixIcon: RenderPositionedBox#5b834 NEEDS-LAYOUT NEEDS-PAINT NEEDS-COMPOSITING-BITS-UPDATE
      child: RenderMouseRegion#e9dc6 NEEDS-LAYOUT NEEDS-PAINT NEEDS-COMPOSITING-BITS-UPDATE
        child: RenderConstrainedBox#f6827 NEEDS-LAYOUT NEEDS-PAINT NEEDS-COMPOSITING-BITS-UPDATE
          child: RenderSemanticsAnnotations#f25b8 NEEDS-LAYOUT NEEDS-PAINT NEEDS-COMPOSITING-BITS-UPDATE
            child: RenderSemanticsAnnotations#34e0b NEEDS-LAYOUT NEEDS-PAINT NEEDS-COMPOSITING-BITS-UPDATE
    hint: RenderAnimatedOpacity#296c5 NEEDS-LAYOUT NEEDS-PAINT NEEDS-COMPOSITING-BITS-UPDATE
      child: RenderParagraph#5b6fd NEEDS-LAYOUT NEEDS-PAINT
        text: TextSpan
    helperError: RenderConstrainedBox#d779d NEEDS-LAYOUT NEEDS-PAINT
    container: RenderCustomPaint#c64f9 NEEDS-LAYOUT NEEDS-PAINT
ΓòÉΓòÉΓòÉΓòÉΓòÉΓòÉΓòÉΓòÉΓòÉΓòÉΓòÉΓòÉΓòÉΓòÉΓòÉΓòÉΓòÉΓòÉΓòÉΓòÉΓòÉΓòÉΓòÉΓòÉΓòÉΓòÉΓòÉΓòÉΓòÉΓòÉΓòÉΓòÉΓòÉΓòÉΓòÉΓòÉΓòÉΓòÉΓòÉΓòÉΓòÉΓòÉΓòÉΓòÉΓòÉΓòÉΓòÉΓòÉΓòÉΓòÉΓòÉΓòÉΓòÉΓòÉΓòÉΓòÉΓòÉΓòÉΓòÉΓòÉΓòÉΓòÉΓòÉΓòÉΓòÉΓòÉΓòÉΓòÉΓòÉΓòÉΓòÉΓòÉΓòÉΓòÉΓòÉΓòÉΓòÉΓòÉΓòÉΓòÉΓòÉΓòÉΓòÉΓòÉΓòÉΓòÉΓòÉΓòÉΓòÉΓòÉΓòÉΓòÉΓòÉΓòÉΓòÉΓòÉΓòÉΓòÉΓòÉΓòÉ
ΓòÉΓòÉΓòí EXCEPTION CAUGHT BY RENDERING LIBRARY Γò₧ΓòÉΓòÉΓòÉΓòÉΓòÉΓòÉΓòÉΓòÉΓòÉΓòÉΓòÉΓòÉΓòÉΓòÉΓòÉΓòÉΓòÉΓòÉΓòÉΓòÉΓòÉΓòÉΓòÉΓòÉΓòÉΓòÉΓòÉΓòÉΓòÉΓòÉΓòÉΓòÉΓòÉΓòÉΓòÉΓòÉΓòÉΓòÉΓòÉΓòÉΓòÉΓòÉΓòÉΓòÉΓòÉΓòÉΓòÉΓòÉΓòÉΓòÉΓòÉΓòÉΓòÉΓòÉΓòÉΓòÉΓòÉ
The following assertion was thrown during performLayout():
RenderBox was not laid out: _RenderDecoration#f7744 relayoutBoundary=up25 NEEDS-PAINT
NEEDS-COMPOSITING-BITS-UPDATE
'package:flutter/src/rendering/box.dart':
Failed assertion: line 2251 pos 12: 'hasSize'

Either the assertion indicates an error in the framework itself, or we should provide substantially
more information in this error message to help you determine and fix the underlying cause.
In either case, please report this assertion by filing a bug on GitHub:
  https://github.com/flutter/flutter/issues/new?template=02_bug.yml

The relevant error-causing widget was:
  TextField
  TextField:file:///C:/Users/bhara/StudioProjects/simple_billing_app/lib/views/screens/billing_screen.dart:310:22

When the exception was thrown, this was the stack:
#2      RenderBox.size (package:flutter/src/rendering/box.dart:2251:12)
#3      RenderProxyBoxMixin.performLayout (package:flutter/src/rendering/proxy_box.dart:118:62)
#4      RenderObject.layout (package:flutter/src/rendering/object.dart:2768:7)
#5      RenderProxyBoxMixin.performLayout (package:flutter/src/rendering/proxy_box.dart:118:18)
#6      RenderObject.layout (package:flutter/src/rendering/object.dart:2768:7)
#7      RenderProxyBoxMixin.performLayout (package:flutter/src/rendering/proxy_box.dart:118:18)
#8      RenderObject.layout (package:flutter/src/rendering/object.dart:2768:7)
#9      RenderProxyBoxMixin.performLayout (package:flutter/src/rendering/proxy_box.dart:118:18)
#10     RenderObject.layout (package:flutter/src/rendering/object.dart:2768:7)
#11     RenderTapRegion.layout (package:flutter/src/widgets/tap_region.dart:686:11)
#12     RenderProxyBoxMixin.performLayout (package:flutter/src/rendering/proxy_box.dart:118:18)
#13     RenderObject.layout (package:flutter/src/rendering/object.dart:2768:7)
#14     RenderProxyBoxMixin.performLayout (package:flutter/src/rendering/proxy_box.dart:118:18)
#15     RenderObject.layout (package:flutter/src/rendering/object.dart:2768:7)
#16     RenderProxyBoxMixin.performLayout (package:flutter/src/rendering/proxy_box.dart:118:18)
#17     RenderObject.layout (package:flutter/src/rendering/object.dart:2768:7)
#18     RenderProxyBoxMixin.performLayout (package:flutter/src/rendering/proxy_box.dart:118:18)
#19     RenderObject.layout (package:flutter/src/rendering/object.dart:2768:7)
#20     ChildLayoutHelper.layoutChild (package:flutter/src/rendering/layout_helper.dart:62:11)
#21     RenderFlex._computeSizes (package:flutter/src/rendering/flex.dart:1237:28)
#22     RenderFlex.performLayout (package:flutter/src/rendering/flex.dart:1329:32)
#23     RenderObject.layout (package:flutter/src/rendering/object.dart:2768:7)
#24     RenderPadding.performLayout (package:flutter/src/rendering/shifted_box.dart:262:12)
#25     RenderObject.layout (package:flutter/src/rendering/object.dart:2768:7)
#26     RenderProxyBoxMixin.performLayout (package:flutter/src/rendering/proxy_box.dart:118:18)
#27     RenderObject.layout (package:flutter/src/rendering/object.dart:2768:7)
#28     ChildLayoutHelper.layoutChild (package:flutter/src/rendering/layout_helper.dart:62:11)
#29     RenderFlex._computeSizes (package:flutter/src/rendering/flex.dart:1237:28)
#30     RenderFlex.performLayout (package:flutter/src/rendering/flex.dart:1329:32)
#31     RenderObject.layout (package:flutter/src/rendering/object.dart:2768:7)
#32     ChildLayoutHelper.layoutChild (package:flutter/src/rendering/layout_helper.dart:62:11)
#33     RenderFlex._computeSizes (package:flutter/src/rendering/flex.dart:1237:28)
#34     RenderFlex.performLayout (package:flutter/src/rendering/flex.dart:1329:32)
#35     RenderObject.layout (package:flutter/src/rendering/object.dart:2768:7)
#36     _RenderSingleChildViewport.performLayout (package:flutter/src/widgets/single_child_scroll_view.dart:502:14)
#37     RenderObject.layout (package:flutter/src/rendering/object.dart:2768:7)
#38     RenderProxyBoxMixin.performLayout (package:flutter/src/rendering/proxy_box.dart:118:18)
#39     RenderObject.layout (package:flutter/src/rendering/object.dart:2768:7)
#40     RenderProxyBoxMixin.performLayout (package:flutter/src/rendering/proxy_box.dart:118:18)
#41     RenderObject.layout (package:flutter/src/rendering/object.dart:2768:7)
#42     RenderProxyBoxMixin.performLayout (package:flutter/src/rendering/proxy_box.dart:118:18)
#43     RenderObject.layout (package:flutter/src/rendering/object.dart:2768:7)
#44     RenderProxyBoxMixin.performLayout (package:flutter/src/rendering/proxy_box.dart:118:18)
#45     RenderObject.layout (package:flutter/src/rendering/object.dart:2768:7)
#46     RenderProxyBoxMixin.performLayout (package:flutter/src/rendering/proxy_box.dart:118:18)
#47     RenderObject.layout (package:flutter/src/rendering/object.dart:2768:7)
#48     RenderProxyBoxMixin.performLayout (package:flutter/src/rendering/proxy_box.dart:118:18)
#49     RenderObject.layout (package:flutter/src/rendering/object.dart:2768:7)
#50     RenderProxyBoxMixin.performLayout (package:flutter/src/rendering/proxy_box.dart:118:18)
#51     RenderObject.layout (package:flutter/src/rendering/object.dart:2768:7)
#52     RenderProxyBoxMixin.performLayout (package:flutter/src/rendering/proxy_box.dart:118:18)
#53     _RenderCustomClip.performLayout (package:flutter/src/rendering/proxy_box.dart:1549:11)
#54     RenderObject.layout (package:flutter/src/rendering/object.dart:2768:7)
#55     RenderPadding.performLayout (package:flutter/src/rendering/shifted_box.dart:262:12)
#56     RenderObject.layout (package:flutter/src/rendering/object.dart:2768:7)
#57     _RenderLayoutBuilder.performLayout (package:flutter/src/widgets/layout_builder.dart:449:14)
#58     RenderObject.layout (package:flutter/src/rendering/object.dart:2768:7)
#59     MultiChildLayoutDelegate.layoutChild (package:flutter/src/rendering/custom_layout.dart:180:12)
#60     _ScaffoldLayout.performLayout (package:flutter/src/material/scaffold.dart:1113:7)
#61     MultiChildLayoutDelegate._callPerformLayout (package:flutter/src/rendering/custom_layout.dart:246:7)
#62     RenderCustomMultiChildLayoutBox.performLayout (package:flutter/src/rendering/custom_layout.dart:417:14)
#63     RenderObject.layout (package:flutter/src/rendering/object.dart:2768:7)
#64     RenderProxyBoxMixin.performLayout (package:flutter/src/rendering/proxy_box.dart:118:18)
#65     RenderObject.layout (package:flutter/src/rendering/object.dart:2768:7)
#66     RenderProxyBoxMixin.performLayout (package:flutter/src/rendering/proxy_box.dart:118:18)
#67     _RenderCustomClip.performLayout (package:flutter/src/rendering/proxy_box.dart:1549:11)
#68     RenderObject.layout (package:flutter/src/rendering/object.dart:2768:7)
#69     RenderProxyBoxMixin.performLayout (package:flutter/src/rendering/proxy_box.dart:118:18)
#70     RenderObject.layout (package:flutter/src/rendering/object.dart:2768:7)
#71     RenderProxyBoxMixin.performLayout (package:flutter/src/rendering/proxy_box.dart:118:18)
#72     RenderObject.layout (package:flutter/src/rendering/object.dart:2768:7)
#73     RenderProxyBoxMixin.performLayout (package:flutter/src/rendering/proxy_box.dart:118:18)
#74     RenderObject.layout (package:flutter/src/rendering/object.dart:2768:7)
#75     RenderProxyBoxMixin.performLayout (package:flutter/src/rendering/proxy_box.dart:118:18)
#76     RenderObject.layout (package:flutter/src/rendering/object.dart:2768:7)
#77     RenderProxyBoxMixin.performLayout (package:flutter/src/rendering/proxy_box.dart:118:18)
#78     RenderObject.layout (package:flutter/src/rendering/object.dart:2768:7)
#79     RenderProxyBoxMixin.performLayout (package:flutter/src/rendering/proxy_box.dart:118:18)
#80     RenderObject.layout (package:flutter/src/rendering/object.dart:2768:7)
#81     RenderProxyBoxMixin.performLayout (package:flutter/src/rendering/proxy_box.dart:118:18)
#82     RenderObject.layout (package:flutter/src/rendering/object.dart:2768:7)
#83     RenderProxyBoxMixin.performLayout (package:flutter/src/rendering/proxy_box.dart:118:18)
#84     RenderObject.layout (package:flutter/src/rendering/object.dart:2768:7)
#85     RenderProxyBoxMixin.performLayout (package:flutter/src/rendering/proxy_box.dart:118:18)
#86     RenderObject.layout (package:flutter/src/rendering/object.dart:2768:7)
#87     RenderProxyBoxMixin.performLayout (package:flutter/src/rendering/proxy_box.dart:118:18)
#88     RenderObject.layout (package:flutter/src/rendering/object.dart:2768:7)
#89     RenderProxyBoxMixin.performLayout (package:flutter/src/rendering/proxy_box.dart:118:18)
#90     RenderObject.layout (package:flutter/src/rendering/object.dart:2768:7)
#91     RenderProxyBoxMixin.performLayout (package:flutter/src/rendering/proxy_box.dart:118:18)
#92     RenderObject.layout (package:flutter/src/rendering/object.dart:2768:7)
#93     RenderProxyBoxMixin.performLayout (package:flutter/src/rendering/proxy_box.dart:118:18)
#94     RenderObject.layout (package:flutter/src/rendering/object.dart:2768:7)
#95     RenderProxyBoxMixin.performLayout (package:flutter/src/rendering/proxy_box.dart:118:18)
#96     RenderObject.layout (package:flutter/src/rendering/object.dart:2768:7)
#97     RenderProxyBoxMixin.performLayout (package:flutter/src/rendering/proxy_box.dart:118:18)
#98     RenderObject.layout (package:flutter/src/rendering/object.dart:2768:7)
#99     RenderProxyBoxMixin.performLayout (package:flutter/src/rendering/proxy_box.dart:118:18)
#100    RenderOffstage.performLayout (package:flutter/src/rendering/proxy_box.dart:3923:13)
#101    RenderObject.layout (package:flutter/src/rendering/object.dart:2768:7)
#102    RenderProxyBoxMixin.performLayout (package:flutter/src/rendering/proxy_box.dart:118:18)
#103    RenderObject.layout (package:flutter/src/rendering/object.dart:2768:7)
#104    _RenderTheaterMixin.layoutChild (package:flutter/src/widgets/overlay.dart:1084:13)
#105    _RenderTheater.performLayout (package:flutter/src/widgets/overlay.dart:1429:9)
#106    RenderObject.layout (package:flutter/src/rendering/object.dart:2768:7)
#107    RenderProxyBoxMixin.performLayout (package:flutter/src/rendering/proxy_box.dart:118:18)
#108    RenderObject.layout (package:flutter/src/rendering/object.dart:2768:7)
#109    RenderProxyBoxMixin.performLayout (package:flutter/src/rendering/proxy_box.dart:118:18)
#110    RenderObject.layout (package:flutter/src/rendering/object.dart:2768:7)
#111    RenderProxyBoxMixin.performLayout (package:flutter/src/rendering/proxy_box.dart:118:18)
#112    RenderObject.layout (package:flutter/src/rendering/object.dart:2768:7)
#113    RenderProxyBoxMixin.performLayout (package:flutter/src/rendering/proxy_box.dart:118:18)
#114    RenderCustomPaint.performLayout (package:flutter/src/rendering/custom_paint.dart:574:11)
#115    RenderObject.layout (package:flutter/src/rendering/object.dart:2768:7)
#116    RenderProxyBoxMixin.performLayout (package:flutter/src/rendering/proxy_box.dart:118:18)
#117    RenderObject.layout (package:flutter/src/rendering/object.dart:2768:7)
#118    RenderProxyBoxMixin.performLayout (package:flutter/src/rendering/proxy_box.dart:118:18)
#119    RenderObject.layout (package:flutter/src/rendering/object.dart:2768:7)
#120    RenderProxyBoxMixin.performLayout (package:flutter/src/rendering/proxy_box.dart:118:18)
#121    RenderObject.layout (package:flutter/src/rendering/object.dart:2768:7)
#122    RenderProxyBoxMixin.performLayout (package:flutter/src/rendering/proxy_box.dart:118:18)
#123    RenderObject.layout (package:flutter/src/rendering/object.dart:2768:7)
#124    RenderProxyBoxMixin.performLayout (package:flutter/src/rendering/proxy_box.dart:118:18)
#125    RenderObject.layout (package:flutter/src/rendering/object.dart:2768:7)
#126    RenderProxyBoxMixin.performLayout (package:flutter/src/rendering/proxy_box.dart:118:18)
#127    RenderObject.layout (package:flutter/src/rendering/object.dart:2768:7)
#128    RenderView.performLayout (package:flutter/src/rendering/view.dart:292:12)
#129    RenderObject._layoutWithoutResize (package:flutter/src/rendering/object.dart:2616:7)
#130    PipelineOwner.flushLayout (package:flutter/src/rendering/object.dart:1174:18)
#131    PipelineOwner.flushLayout (package:flutter/src/rendering/object.dart:1187:15)
#132    AutomatedTestWidgetsFlutterBinding.drawFrame (package:flutter_test/src/binding.dart:2133:27)
#133    RendererBinding._handlePersistentFrameCallback (package:flutter/src/rendering/binding.dart:495:5)
#134    SchedulerBinding._invokeFrameCallback (package:flutter/src/scheduler/binding.dart:1430:15)
#135    SchedulerBinding.handleDrawFrame (package:flutter/src/scheduler/binding.dart:1345:9)
#136    AutomatedTestWidgetsFlutterBinding.pump.<anonymous closure> (package:flutter_test/src/binding.dart:1960:9)
#139    TestAsyncUtils.guard (package:flutter_test/src/test_async_utils.dart:74:41)
#140    AutomatedTestWidgetsFlutterBinding.pump (package:flutter_test/src/binding.dart:1949:27)
#141    WidgetTester.pumpWidget.<anonymous closure> (package:flutter_test/src/widget_tester.dart:598:22)
#144    TestAsyncUtils.guard (package:flutter_test/src/test_async_utils.dart:74:41)
#145    WidgetTester.pumpWidget (package:flutter_test/src/widget_tester.dart:595:27)
#146    main.<anonymous closure>.<anonymous closure> (file:///C:/Users/bhara/StudioProjects/simple_billing_app/test/widget/billing_screen_test.dart:17:20)
#147    testWidgets.<anonymous closure>.<anonymous closure> (package:flutter_test/src/widget_tester.dart:192:29)
<asynchronous suspension>
#148    TestWidgetsFlutterBinding._runTestBody (package:flutter_test/src/binding.dart:1682:5)
<asynchronous suspension>
<asynchronous suspension>
(elided 7 frames from class _AssertionError, dart:async, and package:stack_trace)

The following RenderObject was being processed when the exception was fired: RenderPointerListener#c9cd4 relayoutBoundary=up24 NEEDS-LAYOUT NEEDS-PAINT NEEDS-COMPOSITING-BITS-UPDATE:
  creator: Listener ΓåÉ RawGestureDetector ΓåÉ TextSelectionGestureDetector ΓåÉ Semantics ΓåÉ AnimatedBuilder
    ΓåÉ IgnorePointer ΓåÉ TextFieldTapRegion ΓåÉ MouseRegion ΓåÉ TextField ΓåÉ AbsorbPointer ΓåÉ Listener ΓåÉ
    _GestureSemantics ΓåÉ Γï»
  parentData: <none> (can use size)
  constraints: BoxConstraints(unconstrained)
  size: MISSING
  behavior: translucent
  listeners: down, panZoomStart
This RenderObject had the following descendants (showing up to depth 5):
    child: _RenderDecoration#f7744 relayoutBoundary=up25 NEEDS-PAINT NEEDS-COMPOSITING-BITS-UPDATE
      input: RenderRepaintBoundary#a7ed6 NEEDS-LAYOUT NEEDS-PAINT NEEDS-COMPOSITING-BITS-UPDATE
        child: _RenderCompositionCallback#ebc31 NEEDS-LAYOUT NEEDS-PAINT NEEDS-COMPOSITING-BITS-UPDATE
          child: RenderTapRegion#35e2b NEEDS-LAYOUT NEEDS-PAINT NEEDS-COMPOSITING-BITS-UPDATE
            child: RenderMouseRegion#af76c NEEDS-LAYOUT NEEDS-PAINT NEEDS-COMPOSITING-BITS-UPDATE
      prefixIcon: RenderPositionedBox#5b834 NEEDS-LAYOUT NEEDS-PAINT NEEDS-COMPOSITING-BITS-UPDATE
        child: RenderMouseRegion#e9dc6 NEEDS-LAYOUT NEEDS-PAINT NEEDS-COMPOSITING-BITS-UPDATE
          child: RenderConstrainedBox#f6827 NEEDS-LAYOUT NEEDS-PAINT NEEDS-COMPOSITING-BITS-UPDATE
            child: RenderSemanticsAnnotations#f25b8 NEEDS-LAYOUT NEEDS-PAINT NEEDS-COMPOSITING-BITS-UPDATE
      hint: RenderAnimatedOpacity#296c5 NEEDS-LAYOUT NEEDS-PAINT NEEDS-COMPOSITING-BITS-UPDATE
        child: RenderParagraph#5b6fd NEEDS-LAYOUT NEEDS-PAINT
          text: TextSpan
      helperError: RenderConstrainedBox#d779d NEEDS-LAYOUT NEEDS-PAINT
      container: RenderCustomPaint#c64f9 NEEDS-LAYOUT NEEDS-PAINT
ΓòÉΓòÉΓòÉΓòÉΓòÉΓòÉΓòÉΓòÉΓòÉΓòÉΓòÉΓòÉΓòÉΓòÉΓòÉΓòÉΓòÉΓòÉΓòÉΓòÉΓòÉΓòÉΓòÉΓòÉΓòÉΓòÉΓòÉΓòÉΓòÉΓòÉΓòÉΓòÉΓòÉΓòÉΓòÉΓòÉΓòÉΓòÉΓòÉΓòÉΓòÉΓòÉΓòÉΓòÉΓòÉΓòÉΓòÉΓòÉΓòÉΓòÉΓòÉΓòÉΓòÉΓòÉΓòÉΓòÉΓòÉΓòÉΓòÉΓòÉΓòÉΓòÉΓòÉΓòÉΓòÉΓòÉΓòÉΓòÉΓòÉΓòÉΓòÉΓòÉΓòÉΓòÉΓòÉΓòÉΓòÉΓòÉΓòÉΓòÉΓòÉΓòÉΓòÉΓòÉΓòÉΓòÉΓòÉΓòÉΓòÉΓòÉΓòÉΓòÉΓòÉΓòÉΓòÉΓòÉΓòÉΓòÉΓòÉΓòÉ
ΓòÉΓòÉΓòí EXCEPTION CAUGHT BY RENDERING LIBRARY Γò₧ΓòÉΓòÉΓòÉΓòÉΓòÉΓòÉΓòÉΓòÉΓòÉΓòÉΓòÉΓòÉΓòÉΓòÉΓòÉΓòÉΓòÉΓòÉΓòÉΓòÉΓòÉΓòÉΓòÉΓòÉΓòÉΓòÉΓòÉΓòÉΓòÉΓòÉΓòÉΓòÉΓòÉΓòÉΓòÉΓòÉΓòÉΓòÉΓòÉΓòÉΓòÉΓòÉΓòÉΓòÉΓòÉΓòÉΓòÉΓòÉΓòÉΓòÉΓòÉΓòÉΓòÉΓòÉΓòÉΓòÉΓòÉ
The following assertion was thrown during performLayout():
RenderBox was not laid out: RenderPointerListener#c9cd4 relayoutBoundary=up24 NEEDS-PAINT
NEEDS-COMPOSITING-BITS-UPDATE
'package:flutter/src/rendering/box.dart':
Failed assertion: line 2251 pos 12: 'hasSize'

Either the assertion indicates an error in the framework itself, or we should provide substantially
more information in this error message to help you determine and fix the underlying cause.
In either case, please report this assertion by filing a bug on GitHub:
  https://github.com/flutter/flutter/issues/new?template=02_bug.yml

The relevant error-causing widget was:
  TextField
  TextField:file:///C:/Users/bhara/StudioProjects/simple_billing_app/lib/views/screens/billing_screen.dart:310:22

When the exception was thrown, this was the stack:
#2      RenderBox.size (package:flutter/src/rendering/box.dart:2251:12)
#3      RenderProxyBoxMixin.performLayout (package:flutter/src/rendering/proxy_box.dart:118:62)
#4      RenderObject.layout (package:flutter/src/rendering/object.dart:2768:7)
#5      RenderProxyBoxMixin.performLayout (package:flutter/src/rendering/proxy_box.dart:118:18)
#6      RenderObject.layout (package:flutter/src/rendering/object.dart:2768:7)
#7      RenderProxyBoxMixin.performLayout (package:flutter/src/rendering/proxy_box.dart:118:18)
#8      RenderObject.layout (package:flutter/src/rendering/object.dart:2768:7)
#9      RenderTapRegion.layout (package:flutter/src/widgets/tap_region.dart:686:11)
#10     RenderProxyBoxMixin.performLayout (package:flutter/src/rendering/proxy_box.dart:118:18)
#11     RenderObject.layout (package:flutter/src/rendering/object.dart:2768:7)
#12     RenderProxyBoxMixin.performLayout (package:flutter/src/rendering/proxy_box.dart:118:18)
#13     RenderObject.layout (package:flutter/src/rendering/object.dart:2768:7)
#14     RenderProxyBoxMixin.performLayout (package:flutter/src/rendering/proxy_box.dart:118:18)
#15     RenderObject.layout (package:flutter/src/rendering/object.dart:2768:7)
#16     RenderProxyBoxMixin.performLayout (package:flutter/src/rendering/proxy_box.dart:118:18)
#17     RenderObject.layout (package:flutter/src/rendering/object.dart:2768:7)
#18     ChildLayoutHelper.layoutChild (package:flutter/src/rendering/layout_helper.dart:62:11)
#19     RenderFlex._computeSizes (package:flutter/src/rendering/flex.dart:1237:28)
#20     RenderFlex.performLayout (package:flutter/src/rendering/flex.dart:1329:32)
#21     RenderObject.layout (package:flutter/src/rendering/object.dart:2768:7)
#22     RenderPadding.performLayout (package:flutter/src/rendering/shifted_box.dart:262:12)
#23     RenderObject.layout (package:flutter/src/rendering/object.dart:2768:7)
#24     RenderProxyBoxMixin.performLayout (package:flutter/src/rendering/proxy_box.dart:118:18)
#25     RenderObject.layout (package:flutter/src/rendering/object.dart:2768:7)
#26     ChildLayoutHelper.layoutChild (package:flutter/src/rendering/layout_helper.dart:62:11)
#27     RenderFlex._computeSizes (package:flutter/src/rendering/flex.dart:1237:28)
#28     RenderFlex.performLayout (package:flutter/src/rendering/flex.dart:1329:32)
#29     RenderObject.layout (package:flutter/src/rendering/object.dart:2768:7)
#30     ChildLayoutHelper.layoutChild (package:flutter/src/rendering/layout_helper.dart:62:11)
#31     RenderFlex._computeSizes (package:flutter/src/rendering/flex.dart:1237:28)
#32     RenderFlex.performLayout (package:flutter/src/rendering/flex.dart:1329:32)
#33     RenderObject.layout (package:flutter/src/rendering/object.dart:2768:7)
#34     _RenderSingleChildViewport.performLayout (package:flutter/src/widgets/single_child_scroll_view.dart:502:14)
#35     RenderObject.layout (package:flutter/src/rendering/object.dart:2768:7)
#36     RenderProxyBoxMixin.performLayout (package:flutter/src/rendering/proxy_box.dart:118:18)
#37     RenderObject.layout (package:flutter/src/rendering/object.dart:2768:7)
#38     RenderProxyBoxMixin.performLayout (package:flutter/src/rendering/proxy_box.dart:118:18)
#39     RenderObject.layout (package:flutter/src/rendering/object.dart:2768:7)
#40     RenderProxyBoxMixin.performLayout (package:flutter/src/rendering/proxy_box.dart:118:18)
#41     RenderObject.layout (package:flutter/src/rendering/object.dart:2768:7)
#42     RenderProxyBoxMixin.performLayout (package:flutter/src/rendering/proxy_box.dart:118:18)
#43     RenderObject.layout (package:flutter/src/rendering/object.dart:2768:7)
#44     RenderProxyBoxMixin.performLayout (package:flutter/src/rendering/proxy_box.dart:118:18)
#45     RenderObject.layout (package:flutter/src/rendering/object.dart:2768:7)
#46     RenderProxyBoxMixin.performLayout (package:flutter/src/rendering/proxy_box.dart:118:18)
#47     RenderObject.layout (package:flutter/src/rendering/object.dart:2768:7)
#48     RenderProxyBoxMixin.performLayout (package:flutter/src/rendering/proxy_box.dart:118:18)
#49     RenderObject.layout (package:flutter/src/rendering/object.dart:2768:7)
#50     RenderProxyBoxMixin.performLayout (package:flutter/src/rendering/proxy_box.dart:118:18)
#51     _RenderCustomClip.performLayout (package:flutter/src/rendering/proxy_box.dart:1549:11)
#52     RenderObject.layout (package:flutter/src/rendering/object.dart:2768:7)
#53     RenderPadding.performLayout (package:flutter/src/rendering/shifted_box.dart:262:12)
#54     RenderObject.layout (package:flutter/src/rendering/object.dart:2768:7)
#55     _RenderLayoutBuilder.performLayout (package:flutter/src/widgets/layout_builder.dart:449:14)
#56     RenderObject.layout (package:flutter/src/rendering/object.dart:2768:7)
#57     MultiChildLayoutDelegate.layoutChild (package:flutter/src/rendering/custom_layout.dart:180:12)
#58     _ScaffoldLayout.performLayout (package:flutter/src/material/scaffold.dart:1113:7)
#59     MultiChildLayoutDelegate._callPerformLayout (package:flutter/src/rendering/custom_layout.dart:246:7)
#60     RenderCustomMultiChildLayoutBox.performLayout (package:flutter/src/rendering/custom_layout.dart:417:14)
#61     RenderObject.layout (package:flutter/src/rendering/object.dart:2768:7)
#62     RenderProxyBoxMixin.performLayout (package:flutter/src/rendering/proxy_box.dart:118:18)
#63     RenderObject.layout (package:flutter/src/rendering/object.dart:2768:7)
#64     RenderProxyBoxMixin.performLayout (package:flutter/src/rendering/proxy_box.dart:118:18)
#65     _RenderCustomClip.performLayout (package:flutter/src/rendering/proxy_box.dart:1549:11)
#66     RenderObject.layout (package:flutter/src/rendering/object.dart:2768:7)
#67     RenderProxyBoxMixin.performLayout (package:flutter/src/rendering/proxy_box.dart:118:18)
#68     RenderObject.layout (package:flutter/src/rendering/object.dart:2768:7)
#69     RenderProxyBoxMixin.performLayout (package:flutter/src/rendering/proxy_box.dart:118:18)
#70     RenderObject.layout (package:flutter/src/rendering/object.dart:2768:7)
#71     RenderProxyBoxMixin.performLayout (package:flutter/src/rendering/proxy_box.dart:118:18)
#72     RenderObject.layout (package:flutter/src/rendering/object.dart:2768:7)
#73     RenderProxyBoxMixin.performLayout (package:flutter/src/rendering/proxy_box.dart:118:18)
#74     RenderObject.layout (package:flutter/src/rendering/object.dart:2768:7)
#75     RenderProxyBoxMixin.performLayout (package:flutter/src/rendering/proxy_box.dart:118:18)
#76     RenderObject.layout (package:flutter/src/rendering/object.dart:2768:7)
#77     RenderProxyBoxMixin.performLayout (package:flutter/src/rendering/proxy_box.dart:118:18)
#78     RenderObject.layout (package:flutter/src/rendering/object.dart:2768:7)
#79     RenderProxyBoxMixin.performLayout (package:flutter/src/rendering/proxy_box.dart:118:18)
#80     RenderObject.layout (package:flutter/src/rendering/object.dart:2768:7)
#81     RenderProxyBoxMixin.performLayout (package:flutter/src/rendering/proxy_box.dart:118:18)
#82     RenderObject.layout (package:flutter/src/rendering/object.dart:2768:7)
#83     RenderProxyBoxMixin.performLayout (package:flutter/src/rendering/proxy_box.dart:118:18)
#84     RenderObject.layout (package:flutter/src/rendering/object.dart:2768:7)
#85     RenderProxyBoxMixin.performLayout (package:flutter/src/rendering/proxy_box.dart:118:18)
#86     RenderObject.layout (package:flutter/src/rendering/object.dart:2768:7)
#87     RenderProxyBoxMixin.performLayout (package:flutter/src/rendering/proxy_box.dart:118:18)
#88     RenderObject.layout (package:flutter/src/rendering/object.dart:2768:7)
#89     RenderProxyBoxMixin.performLayout (package:flutter/src/rendering/proxy_box.dart:118:18)
#90     RenderObject.layout (package:flutter/src/rendering/object.dart:2768:7)
#91     RenderProxyBoxMixin.performLayout (package:flutter/src/rendering/proxy_box.dart:118:18)
#92     RenderObject.layout (package:flutter/src/rendering/object.dart:2768:7)
#93     RenderProxyBoxMixin.performLayout (package:flutter/src/rendering/proxy_box.dart:118:18)
#94     RenderObject.layout (package:flutter/src/rendering/object.dart:2768:7)
#95     RenderProxyBoxMixin.performLayout (package:flutter/src/rendering/proxy_box.dart:118:18)
#96     RenderObject.layout (package:flutter/src/rendering/object.dart:2768:7)
#97     RenderProxyBoxMixin.performLayout (package:flutter/src/rendering/proxy_box.dart:118:18)
#98     RenderOffstage.performLayout (package:flutter/src/rendering/proxy_box.dart:3923:13)
#99     RenderObject.layout (package:flutter/src/rendering/object.dart:2768:7)
#100    RenderProxyBoxMixin.performLayout (package:flutter/src/rendering/proxy_box.dart:118:18)
#101    RenderObject.layout (package:flutter/src/rendering/object.dart:2768:7)
#102    _RenderTheaterMixin.layoutChild (package:flutter/src/widgets/overlay.dart:1084:13)
#103    _RenderTheater.performLayout (package:flutter/src/widgets/overlay.dart:1429:9)
#104    RenderObject.layout (package:flutter/src/rendering/object.dart:2768:7)
#105    RenderProxyBoxMixin.performLayout (package:flutter/src/rendering/proxy_box.dart:118:18)
#106    RenderObject.layout (package:flutter/src/rendering/object.dart:2768:7)
#107    RenderProxyBoxMixin.performLayout (package:flutter/src/rendering/proxy_box.dart:118:18)
#108    RenderObject.layout (package:flutter/src/rendering/object.dart:2768:7)
#109    RenderProxyBoxMixin.performLayout (package:flutter/src/rendering/proxy_box.dart:118:18)
#110    RenderObject.layout (package:flutter/src/rendering/object.dart:2768:7)
#111    RenderProxyBoxMixin.performLayout (package:flutter/src/rendering/proxy_box.dart:118:18)
#112    RenderCustomPaint.performLayout (package:flutter/src/rendering/custom_paint.dart:574:11)
#113    RenderObject.layout (package:flutter/src/rendering/object.dart:2768:7)
#114    RenderProxyBoxMixin.performLayout (package:flutter/src/rendering/proxy_box.dart:118:18)
#115    RenderObject.layout (package:flutter/src/rendering/object.dart:2768:7)
#116    RenderProxyBoxMixin.performLayout (package:flutter/src/rendering/proxy_box.dart:118:18)
#117    RenderObject.layout (package:flutter/src/rendering/object.dart:2768:7)
#118    RenderProxyBoxMixin.performLayout (package:flutter/src/rendering/proxy_box.dart:118:18)
#119    RenderObject.layout (package:flutter/src/rendering/object.dart:2768:7)
#120    RenderProxyBoxMixin.performLayout (package:flutter/src/rendering/proxy_box.dart:118:18)
#121    RenderObject.layout (package:flutter/src/rendering/object.dart:2768:7)
#122    RenderProxyBoxMixin.performLayout (package:flutter/src/rendering/proxy_box.dart:118:18)
#123    RenderObject.layout (package:flutter/src/rendering/object.dart:2768:7)
#124    RenderProxyBoxMixin.performLayout (package:flutter/src/rendering/proxy_box.dart:118:18)
#125    RenderObject.layout (package:flutter/src/rendering/object.dart:2768:7)
#126    RenderView.performLayout (package:flutter/src/rendering/view.dart:292:12)
#127    RenderObject._layoutWithoutResize (package:flutter/src/rendering/object.dart:2616:7)
#128    PipelineOwner.flushLayout (package:flutter/src/rendering/object.dart:1174:18)
#129    PipelineOwner.flushLayout (package:flutter/src/rendering/object.dart:1187:15)
#130    AutomatedTestWidgetsFlutterBinding.drawFrame (package:flutter_test/src/binding.dart:2133:27)
#131    RendererBinding._handlePersistentFrameCallback (package:flutter/src/rendering/binding.dart:495:5)
#132    SchedulerBinding._invokeFrameCallback (package:flutter/src/scheduler/binding.dart:1430:15)
#133    SchedulerBinding.handleDrawFrame (package:flutter/src/scheduler/binding.dart:1345:9)
#134    AutomatedTestWidgetsFlutterBinding.pump.<anonymous closure> (package:flutter_test/src/binding.dart:1960:9)
#137    TestAsyncUtils.guard (package:flutter_test/src/test_async_utils.dart:74:41)
#138    AutomatedTestWidgetsFlutterBinding.pump (package:flutter_test/src/binding.dart:1949:27)
#139    WidgetTester.pumpWidget.<anonymous closure> (package:flutter_test/src/widget_tester.dart:598:22)
#142    TestAsyncUtils.guard (package:flutter_test/src/test_async_utils.dart:74:41)
#143    WidgetTester.pumpWidget (package:flutter_test/src/widget_tester.dart:595:27)
#144    main.<anonymous closure>.<anonymous closure> (file:///C:/Users/bhara/StudioProjects/simple_billing_app/test/widget/billing_screen_test.dart:17:20)
#145    testWidgets.<anonymous closure>.<anonymous closure> (package:flutter_test/src/widget_tester.dart:192:29)
<asynchronous suspension>
#146    TestWidgetsFlutterBinding._runTestBody (package:flutter_test/src/binding.dart:1682:5)
<asynchronous suspension>
<asynchronous suspension>
(elided 7 frames from class _AssertionError, dart:async, and package:stack_trace)

The following RenderObject was being processed when the exception was fired: RenderSemanticsAnnotations#9ea8a relayoutBoundary=up23 NEEDS-LAYOUT NEEDS-PAINT NEEDS-COMPOSITING-BITS-UPDATE:
  creator: Semantics ΓåÉ AnimatedBuilder ΓåÉ IgnorePointer ΓåÉ TextFieldTapRegion ΓåÉ MouseRegion ΓåÉ TextField
    ΓåÉ AbsorbPointer ΓåÉ Listener ΓåÉ _GestureSemantics ΓåÉ RawGestureDetector ΓåÉ GestureDetector ΓåÉ Column ΓåÉ Γï»
  parentData: <none> (can use size)
  constraints: BoxConstraints(unconstrained)
  size: MISSING
This RenderObject had the following descendants (showing up to depth 5):
    child: RenderPointerListener#c9cd4 relayoutBoundary=up24 NEEDS-PAINT NEEDS-COMPOSITING-BITS-UPDATE
      child: _RenderDecoration#f7744 relayoutBoundary=up25 NEEDS-PAINT NEEDS-COMPOSITING-BITS-UPDATE
        input: RenderRepaintBoundary#a7ed6 NEEDS-LAYOUT NEEDS-PAINT NEEDS-COMPOSITING-BITS-UPDATE
          child: _RenderCompositionCallback#ebc31 NEEDS-LAYOUT NEEDS-PAINT NEEDS-COMPOSITING-BITS-UPDATE
            child: RenderTapRegion#35e2b NEEDS-LAYOUT NEEDS-PAINT NEEDS-COMPOSITING-BITS-UPDATE
        prefixIcon: RenderPositionedBox#5b834 NEEDS-LAYOUT NEEDS-PAINT NEEDS-COMPOSITING-BITS-UPDATE
          child: RenderMouseRegion#e9dc6 NEEDS-LAYOUT NEEDS-PAINT NEEDS-COMPOSITING-BITS-UPDATE
            child: RenderConstrainedBox#f6827 NEEDS-LAYOUT NEEDS-PAINT NEEDS-COMPOSITING-BITS-UPDATE
        hint: RenderAnimatedOpacity#296c5 NEEDS-LAYOUT NEEDS-PAINT NEEDS-COMPOSITING-BITS-UPDATE
          child: RenderParagraph#5b6fd NEEDS-LAYOUT NEEDS-PAINT
            text: TextSpan
        helperError: RenderConstrainedBox#d779d NEEDS-LAYOUT NEEDS-PAINT
        container: RenderCustomPaint#c64f9 NEEDS-LAYOUT NEEDS-PAINT
ΓòÉΓòÉΓòÉΓòÉΓòÉΓòÉΓòÉΓòÉΓòÉΓòÉΓòÉΓòÉΓòÉΓòÉΓòÉΓòÉΓòÉΓòÉΓòÉΓòÉΓòÉΓòÉΓòÉΓòÉΓòÉΓòÉΓòÉΓòÉΓòÉΓòÉΓòÉΓòÉΓòÉΓòÉΓòÉΓòÉΓòÉΓòÉΓòÉΓòÉΓòÉΓòÉΓòÉΓòÉΓòÉΓòÉΓòÉΓòÉΓòÉΓòÉΓòÉΓòÉΓòÉΓòÉΓòÉΓòÉΓòÉΓòÉΓòÉΓòÉΓòÉΓòÉΓòÉΓòÉΓòÉΓòÉΓòÉΓòÉΓòÉΓòÉΓòÉΓòÉΓòÉΓòÉΓòÉΓòÉΓòÉΓòÉΓòÉΓòÉΓòÉΓòÉΓòÉΓòÉΓòÉΓòÉΓòÉΓòÉΓòÉΓòÉΓòÉΓòÉΓòÉΓòÉΓòÉΓòÉΓòÉΓòÉΓòÉΓòÉ
ΓòÉΓòÉΓòí EXCEPTION CAUGHT BY RENDERING LIBRARY Γò₧ΓòÉΓòÉΓòÉΓòÉΓòÉΓòÉΓòÉΓòÉΓòÉΓòÉΓòÉΓòÉΓòÉΓòÉΓòÉΓòÉΓòÉΓòÉΓòÉΓòÉΓòÉΓòÉΓòÉΓòÉΓòÉΓòÉΓòÉΓòÉΓòÉΓòÉΓòÉΓòÉΓòÉΓòÉΓòÉΓòÉΓòÉΓòÉΓòÉΓòÉΓòÉΓòÉΓòÉΓòÉΓòÉΓòÉΓòÉΓòÉΓòÉΓòÉΓòÉΓòÉΓòÉΓòÉΓòÉΓòÉΓòÉ
The following assertion was thrown during performLayout():
RenderBox was not laid out: RenderSemanticsAnnotations#9ea8a relayoutBoundary=up23 NEEDS-PAINT
NEEDS-COMPOSITING-BITS-UPDATE
'package:flutter/src/rendering/box.dart':
Failed assertion: line 2251 pos 12: 'hasSize'

Either the assertion indicates an error in the framework itself, or we should provide substantially
more information in this error message to help you determine and fix the underlying cause.
In either case, please report this assertion by filing a bug on GitHub:
  https://github.com/flutter/flutter/issues/new?template=02_bug.yml

The relevant error-causing widget was:
  TextField
  TextField:file:///C:/Users/bhara/StudioProjects/simple_billing_app/lib/views/screens/billing_screen.dart:310:22

When the exception was thrown, this was the stack:
#2      RenderBox.size (package:flutter/src/rendering/box.dart:2251:12)
#3      RenderProxyBoxMixin.performLayout (package:flutter/src/rendering/proxy_box.dart:118:62)
#4      RenderObject.layout (package:flutter/src/rendering/object.dart:2768:7)
#5      RenderProxyBoxMixin.performLayout (package:flutter/src/rendering/proxy_box.dart:118:18)
#6      RenderObject.layout (package:flutter/src/rendering/object.dart:2768:7)
#7      RenderTapRegion.layout (package:flutter/src/widgets/tap_region.dart:686:11)
#8      RenderProxyBoxMixin.performLayout (package:flutter/src/rendering/proxy_box.dart:118:18)
#9      RenderObject.layout (package:flutter/src/rendering/object.dart:2768:7)
#10     RenderProxyBoxMixin.performLayout (package:flutter/src/rendering/proxy_box.dart:118:18)
#11     RenderObject.layout (package:flutter/src/rendering/object.dart:2768:7)
#12     RenderProxyBoxMixin.performLayout (package:flutter/src/rendering/proxy_box.dart:118:18)
#13     RenderObject.layout (package:flutter/src/rendering/object.dart:2768:7)
#14     RenderProxyBoxMixin.performLayout (package:flutter/src/rendering/proxy_box.dart:118:18)
#15     RenderObject.layout (package:flutter/src/rendering/object.dart:2768:7)
#16     ChildLayoutHelper.layoutChild (package:flutter/src/rendering/layout_helper.dart:62:11)
#17     RenderFlex._computeSizes (package:flutter/src/rendering/flex.dart:1237:28)
#18     RenderFlex.performLayout (package:flutter/src/rendering/flex.dart:1329:32)
#19     RenderObject.layout (package:flutter/src/rendering/object.dart:2768:7)
#20     RenderPadding.performLayout (package:flutter/src/rendering/shifted_box.dart:262:12)
#21     RenderObject.layout (package:flutter/src/rendering/object.dart:2768:7)
#22     RenderProxyBoxMixin.performLayout (package:flutter/src/rendering/proxy_box.dart:118:18)
#23     RenderObject.layout (package:flutter/src/rendering/object.dart:2768:7)
#24     ChildLayoutHelper.layoutChild (package:flutter/src/rendering/layout_helper.dart:62:11)
#25     RenderFlex._computeSizes (package:flutter/src/rendering/flex.dart:1237:28)
#26     RenderFlex.performLayout (package:flutter/src/rendering/flex.dart:1329:32)
#27     RenderObject.layout (package:flutter/src/rendering/object.dart:2768:7)
#28     ChildLayoutHelper.layoutChild (package:flutter/src/rendering/layout_helper.dart:62:11)
#29     RenderFlex._computeSizes (package:flutter/src/rendering/flex.dart:1237:28)
#30     RenderFlex.performLayout (package:flutter/src/rendering/flex.dart:1329:32)
#31     RenderObject.layout (package:flutter/src/rendering/object.dart:2768:7)
#32     _RenderSingleChildViewport.performLayout (package:flutter/src/widgets/single_child_scroll_view.dart:502:14)
#33     RenderObject.layout (package:flutter/src/rendering/object.dart:2768:7)
#34     RenderProxyBoxMixin.performLayout (package:flutter/src/rendering/proxy_box.dart:118:18)
#35     RenderObject.layout (package:flutter/src/rendering/object.dart:2768:7)
#36     RenderProxyBoxMixin.performLayout (package:flutter/src/rendering/proxy_box.dart:118:18)
#37     RenderObject.layout (package:flutter/src/rendering/object.dart:2768:7)
#38     RenderProxyBoxMixin.performLayout (package:flutter/src/rendering/proxy_box.dart:118:18)
#39     RenderObject.layout (package:flutter/src/rendering/object.dart:2768:7)
#40     RenderProxyBoxMixin.performLayout (package:flutter/src/rendering/proxy_box.dart:118:18)
#41     RenderObject.layout (package:flutter/src/rendering/object.dart:2768:7)
#42     RenderProxyBoxMixin.performLayout (package:flutter/src/rendering/proxy_box.dart:118:18)
#43     RenderObject.layout (package:flutter/src/rendering/object.dart:2768:7)
#44     RenderProxyBoxMixin.performLayout (package:flutter/src/rendering/proxy_box.dart:118:18)
#45     RenderObject.layout (package:flutter/src/rendering/object.dart:2768:7)
#46     RenderProxyBoxMixin.performLayout (package:flutter/src/rendering/proxy_box.dart:118:18)
#47     RenderObject.layout (package:flutter/src/rendering/object.dart:2768:7)
#48     RenderProxyBoxMixin.performLayout (package:flutter/src/rendering/proxy_box.dart:118:18)
#49     _RenderCustomClip.performLayout (package:flutter/src/rendering/proxy_box.dart:1549:11)
#50     RenderObject.layout (package:flutter/src/rendering/object.dart:2768:7)
#51     RenderPadding.performLayout (package:flutter/src/rendering/shifted_box.dart:262:12)
#52     RenderObject.layout (package:flutter/src/rendering/object.dart:2768:7)
#53     _RenderLayoutBuilder.performLayout (package:flutter/src/widgets/layout_builder.dart:449:14)
#54     RenderObject.layout (package:flutter/src/rendering/object.dart:2768:7)
#55     MultiChildLayoutDelegate.layoutChild (package:flutter/src/rendering/custom_layout.dart:180:12)
#56     _ScaffoldLayout.performLayout (package:flutter/src/material/scaffold.dart:1113:7)
#57     MultiChildLayoutDelegate._callPerformLayout (package:flutter/src/rendering/custom_layout.dart:246:7)
#58     RenderCustomMultiChildLayoutBox.performLayout (package:flutter/src/rendering/custom_layout.dart:417:14)
#59     RenderObject.layout (package:flutter/src/rendering/object.dart:2768:7)
#60     RenderProxyBoxMixin.performLayout (package:flutter/src/rendering/proxy_box.dart:118:18)
#61     RenderObject.layout (package:flutter/src/rendering/object.dart:2768:7)
#62     RenderProxyBoxMixin.performLayout (package:flutter/src/rendering/proxy_box.dart:118:18)
#63     _RenderCustomClip.performLayout (package:flutter/src/rendering/proxy_box.dart:1549:11)
#64     RenderObject.layout (package:flutter/src/rendering/object.dart:2768:7)
#65     RenderProxyBoxMixin.performLayout (package:flutter/src/rendering/proxy_box.dart:118:18)
#66     RenderObject.layout (package:flutter/src/rendering/object.dart:2768:7)
#67     RenderProxyBoxMixin.performLayout (package:flutter/src/rendering/proxy_box.dart:118:18)
#68     RenderObject.layout (package:flutter/src/rendering/object.dart:2768:7)
#69     RenderProxyBoxMixin.performLayout (package:flutter/src/rendering/proxy_box.dart:118:18)
#70     RenderObject.layout (package:flutter/src/rendering/object.dart:2768:7)
#71     RenderProxyBoxMixin.performLayout (package:flutter/src/rendering/proxy_box.dart:118:18)
#72     RenderObject.layout (package:flutter/src/rendering/object.dart:2768:7)
#73     RenderProxyBoxMixin.performLayout (package:flutter/src/rendering/proxy_box.dart:118:18)
#74     RenderObject.layout (package:flutter/src/rendering/object.dart:2768:7)
#75     RenderProxyBoxMixin.performLayout (package:flutter/src/rendering/proxy_box.dart:118:18)
#76     RenderObject.layout (package:flutter/src/rendering/object.dart:2768:7)
#77     RenderProxyBoxMixin.performLayout (package:flutter/src/rendering/proxy_box.dart:118:18)
#78     RenderObject.layout (package:flutter/src/rendering/object.dart:2768:7)
#79     RenderProxyBoxMixin.performLayout (package:flutter/src/rendering/proxy_box.dart:118:18)
#80     RenderObject.layout (package:flutter/src/rendering/object.dart:2768:7)
#81     RenderProxyBoxMixin.performLayout (package:flutter/src/rendering/proxy_box.dart:118:18)
#82     RenderObject.layout (package:flutter/src/rendering/object.dart:2768:7)
#83     RenderProxyBoxMixin.performLayout (package:flutter/src/rendering/proxy_box.dart:118:18)
#84     RenderObject.layout (package:flutter/src/rendering/object.dart:2768:7)
#85     RenderProxyBoxMixin.performLayout (package:flutter/src/rendering/proxy_box.dart:118:18)
#86     RenderObject.layout (package:flutter/src/rendering/object.dart:2768:7)
#87     RenderProxyBoxMixin.performLayout (package:flutter/src/rendering/proxy_box.dart:118:18)
#88     RenderObject.layout (package:flutter/src/rendering/object.dart:2768:7)
#89     RenderProxyBoxMixin.performLayout (package:flutter/src/rendering/proxy_box.dart:118:18)
#90     RenderObject.layout (package:flutter/src/rendering/object.dart:2768:7)
#91     RenderProxyBoxMixin.performLayout (package:flutter/src/rendering/proxy_box.dart:118:18)
#92     RenderObject.layout (package:flutter/src/rendering/object.dart:2768:7)
#93     RenderProxyBoxMixin.performLayout (package:flutter/src/rendering/proxy_box.dart:118:18)
#94     RenderObject.layout (package:flutter/src/rendering/object.dart:2768:7)
#95     RenderProxyBoxMixin.performLayout (package:flutter/src/rendering/proxy_box.dart:118:18)
#96     RenderOffstage.performLayout (package:flutter/src/rendering/proxy_box.dart:3923:13)
#97     RenderObject.layout (package:flutter/src/rendering/object.dart:2768:7)
#98     RenderProxyBoxMixin.performLayout (package:flutter/src/rendering/proxy_box.dart:118:18)
#99     RenderObject.layout (package:flutter/src/rendering/object.dart:2768:7)
#100    _RenderTheaterMixin.layoutChild (package:flutter/src/widgets/overlay.dart:1084:13)
#101    _RenderTheater.performLayout (package:flutter/src/widgets/overlay.dart:1429:9)
#102    RenderObject.layout (package:flutter/src/rendering/object.dart:2768:7)
#103    RenderProxyBoxMixin.performLayout (package:flutter/src/rendering/proxy_box.dart:118:18)
#104    RenderObject.layout (package:flutter/src/rendering/object.dart:2768:7)
#105    RenderProxyBoxMixin.performLayout (package:flutter/src/rendering/proxy_box.dart:118:18)
#106    RenderObject.layout (package:flutter/src/rendering/object.dart:2768:7)
#107    RenderProxyBoxMixin.performLayout (package:flutter/src/rendering/proxy_box.dart:118:18)
#108    RenderObject.layout (package:flutter/src/rendering/object.dart:2768:7)
#109    RenderProxyBoxMixin.performLayout (package:flutter/src/rendering/proxy_box.dart:118:18)
#110    RenderCustomPaint.performLayout (package:flutter/src/rendering/custom_paint.dart:574:11)
#111    RenderObject.layout (package:flutter/src/rendering/object.dart:2768:7)
#112    RenderProxyBoxMixin.performLayout (package:flutter/src/rendering/proxy_box.dart:118:18)
#113    RenderObject.layout (package:flutter/src/rendering/object.dart:2768:7)
#114    RenderProxyBoxMixin.performLayout (package:flutter/src/rendering/proxy_box.dart:118:18)
#115    RenderObject.layout (package:flutter/src/rendering/object.dart:2768:7)
#116    RenderProxyBoxMixin.performLayout (package:flutter/src/rendering/proxy_box.dart:118:18)
#117    RenderObject.layout (package:flutter/src/rendering/object.dart:2768:7)
#118    RenderProxyBoxMixin.performLayout (package:flutter/src/rendering/proxy_box.dart:118:18)
#119    RenderObject.layout (package:flutter/src/rendering/object.dart:2768:7)
#120    RenderProxyBoxMixin.performLayout (package:flutter/src/rendering/proxy_box.dart:118:18)
#121    RenderObject.layout (package:flutter/src/rendering/object.dart:2768:7)
#122    RenderProxyBoxMixin.performLayout (package:flutter/src/rendering/proxy_box.dart:118:18)
#123    RenderObject.layout (package:flutter/src/rendering/object.dart:2768:7)
#124    RenderView.performLayout (package:flutter/src/rendering/view.dart:292:12)
#125    RenderObject._layoutWithoutResize (package:flutter/src/rendering/object.dart:2616:7)
#126    PipelineOwner.flushLayout (package:flutter/src/rendering/object.dart:1174:18)
#127    PipelineOwner.flushLayout (package:flutter/src/rendering/object.dart:1187:15)
#128    AutomatedTestWidgetsFlutterBinding.drawFrame (package:flutter_test/src/binding.dart:2133:27)
#129    RendererBinding._handlePersistentFrameCallback (package:flutter/src/rendering/binding.dart:495:5)
#130    SchedulerBinding._invokeFrameCallback (package:flutter/src/scheduler/binding.dart:1430:15)
#131    SchedulerBinding.handleDrawFrame (package:flutter/src/scheduler/binding.dart:1345:9)
#132    AutomatedTestWidgetsFlutterBinding.pump.<anonymous closure> (package:flutter_test/src/binding.dart:1960:9)
#135    TestAsyncUtils.guard (package:flutter_test/src/test_async_utils.dart:74:41)
#136    AutomatedTestWidgetsFlutterBinding.pump (package:flutter_test/src/binding.dart:1949:27)
#137    WidgetTester.pumpWidget.<anonymous closure> (package:flutter_test/src/widget_tester.dart:598:22)
#140    TestAsyncUtils.guard (package:flutter_test/src/test_async_utils.dart:74:41)
#141    WidgetTester.pumpWidget (package:flutter_test/src/widget_tester.dart:595:27)
#142    main.<anonymous closure>.<anonymous closure> (file:///C:/Users/bhara/StudioProjects/simple_billing_app/test/widget/billing_screen_test.dart:17:20)
#143    testWidgets.<anonymous closure>.<anonymous closure> (package:flutter_test/src/widget_tester.dart:192:29)
<asynchronous suspension>
#144    TestWidgetsFlutterBinding._runTestBody (package:flutter_test/src/binding.dart:1682:5)
<asynchronous suspension>
<asynchronous suspension>
(elided 7 frames from class _AssertionError, dart:async, and package:stack_trace)

The following RenderObject was being processed when the exception was fired: RenderIgnorePointer#ddedf relayoutBoundary=up22 NEEDS-LAYOUT NEEDS-PAINT NEEDS-COMPOSITING-BITS-UPDATE:
  creator: IgnorePointer ΓåÉ TextFieldTapRegion ΓåÉ MouseRegion ΓåÉ TextField ΓåÉ AbsorbPointer ΓåÉ Listener ΓåÉ
    _GestureSemantics ΓåÉ RawGestureDetector ΓåÉ GestureDetector ΓåÉ Column ΓåÉ Padding ΓåÉ DecoratedBox ΓåÉ Γï»
  parentData: <none> (can use size)
  constraints: BoxConstraints(unconstrained)
  size: MISSING
  ignoring: false
  ignoringSemantics: null
This RenderObject had the following descendants (showing up to depth 5):
    child: RenderSemanticsAnnotations#9ea8a relayoutBoundary=up23 NEEDS-PAINT NEEDS-COMPOSITING-BITS-UPDATE
      child: RenderPointerListener#c9cd4 relayoutBoundary=up24 NEEDS-PAINT NEEDS-COMPOSITING-BITS-UPDATE
        child: _RenderDecoration#f7744 relayoutBoundary=up25 NEEDS-PAINT NEEDS-COMPOSITING-BITS-UPDATE
          input: RenderRepaintBoundary#a7ed6 NEEDS-LAYOUT NEEDS-PAINT NEEDS-COMPOSITING-BITS-UPDATE
            child: _RenderCompositionCallback#ebc31 NEEDS-LAYOUT NEEDS-PAINT NEEDS-COMPOSITING-BITS-UPDATE
          prefixIcon: RenderPositionedBox#5b834 NEEDS-LAYOUT NEEDS-PAINT NEEDS-COMPOSITING-BITS-UPDATE
            child: RenderMouseRegion#e9dc6 NEEDS-LAYOUT NEEDS-PAINT NEEDS-COMPOSITING-BITS-UPDATE
          hint: RenderAnimatedOpacity#296c5 NEEDS-LAYOUT NEEDS-PAINT NEEDS-COMPOSITING-BITS-UPDATE
            child: RenderParagraph#5b6fd NEEDS-LAYOUT NEEDS-PAINT
          helperError: RenderConstrainedBox#d779d NEEDS-LAYOUT NEEDS-PAINT
          container: RenderCustomPaint#c64f9 NEEDS-LAYOUT NEEDS-PAINT
ΓòÉΓòÉΓòÉΓòÉΓòÉΓòÉΓòÉΓòÉΓòÉΓòÉΓòÉΓòÉΓòÉΓòÉΓòÉΓòÉΓòÉΓòÉΓòÉΓòÉΓòÉΓòÉΓòÉΓòÉΓòÉΓòÉΓòÉΓòÉΓòÉΓòÉΓòÉΓòÉΓòÉΓòÉΓòÉΓòÉΓòÉΓòÉΓòÉΓòÉΓòÉΓòÉΓòÉΓòÉΓòÉΓòÉΓòÉΓòÉΓòÉΓòÉΓòÉΓòÉΓòÉΓòÉΓòÉΓòÉΓòÉΓòÉΓòÉΓòÉΓòÉΓòÉΓòÉΓòÉΓòÉΓòÉΓòÉΓòÉΓòÉΓòÉΓòÉΓòÉΓòÉΓòÉΓòÉΓòÉΓòÉΓòÉΓòÉΓòÉΓòÉΓòÉΓòÉΓòÉΓòÉΓòÉΓòÉΓòÉΓòÉΓòÉΓòÉΓòÉΓòÉΓòÉΓòÉΓòÉΓòÉΓòÉΓòÉΓòÉ
ΓòÉΓòÉΓòí EXCEPTION CAUGHT BY RENDERING LIBRARY Γò₧ΓòÉΓòÉΓòÉΓòÉΓòÉΓòÉΓòÉΓòÉΓòÉΓòÉΓòÉΓòÉΓòÉΓòÉΓòÉΓòÉΓòÉΓòÉΓòÉΓòÉΓòÉΓòÉΓòÉΓòÉΓòÉΓòÉΓòÉΓòÉΓòÉΓòÉΓòÉΓòÉΓòÉΓòÉΓòÉΓòÉΓòÉΓòÉΓòÉΓòÉΓòÉΓòÉΓòÉΓòÉΓòÉΓòÉΓòÉΓòÉΓòÉΓòÉΓòÉΓòÉΓòÉΓòÉΓòÉΓòÉΓòÉ
The following assertion was thrown during performLayout():
RenderBox was not laid out: RenderIgnorePointer#ddedf relayoutBoundary=up22 NEEDS-PAINT
NEEDS-COMPOSITING-BITS-UPDATE
'package:flutter/src/rendering/box.dart':
Failed assertion: line 2251 pos 12: 'hasSize'

Either the assertion indicates an error in the framework itself, or we should provide substantially
more information in this error message to help you determine and fix the underlying cause.
In either case, please report this assertion by filing a bug on GitHub:
  https://github.com/flutter/flutter/issues/new?template=02_bug.yml

The relevant error-causing widget was:
  TextField
  TextField:file:///C:/Users/bhara/StudioProjects/simple_billing_app/lib/views/screens/billing_screen.dart:310:22

When the exception was thrown, this was the stack:
#2      RenderBox.size (package:flutter/src/rendering/box.dart:2251:12)
#3      RenderProxyBoxMixin.performLayout (package:flutter/src/rendering/proxy_box.dart:118:62)
#4      RenderObject.layout (package:flutter/src/rendering/object.dart:2768:7)
#5      RenderTapRegion.layout (package:flutter/src/widgets/tap_region.dart:686:11)
#6      RenderProxyBoxMixin.performLayout (package:flutter/src/rendering/proxy_box.dart:118:18)
#7      RenderObject.layout (package:flutter/src/rendering/object.dart:2768:7)
#8      RenderProxyBoxMixin.performLayout (package:flutter/src/rendering/proxy_box.dart:118:18)
#9      RenderObject.layout (package:flutter/src/rendering/object.dart:2768:7)
#10     RenderProxyBoxMixin.performLayout (package:flutter/src/rendering/proxy_box.dart:118:18)
#11     RenderObject.layout (package:flutter/src/rendering/object.dart:2768:7)
#12     RenderProxyBoxMixin.performLayout (package:flutter/src/rendering/proxy_box.dart:118:18)
#13     RenderObject.layout (package:flutter/src/rendering/object.dart:2768:7)
#14     ChildLayoutHelper.layoutChild (package:flutter/src/rendering/layout_helper.dart:62:11)
#15     RenderFlex._computeSizes (package:flutter/src/rendering/flex.dart:1237:28)
#16     RenderFlex.performLayout (package:flutter/src/rendering/flex.dart:1329:32)
#17     RenderObject.layout (package:flutter/src/rendering/object.dart:2768:7)
#18     RenderPadding.performLayout (package:flutter/src/rendering/shifted_box.dart:262:12)
#19     RenderObject.layout (package:flutter/src/rendering/object.dart:2768:7)
#20     RenderProxyBoxMixin.performLayout (package:flutter/src/rendering/proxy_box.dart:118:18)
#21     RenderObject.layout (package:flutter/src/rendering/object.dart:2768:7)
#22     ChildLayoutHelper.layoutChild (package:flutter/src/rendering/layout_helper.dart:62:11)
#23     RenderFlex._computeSizes (package:flutter/src/rendering/flex.dart:1237:28)
#24     RenderFlex.performLayout (package:flutter/src/rendering/flex.dart:1329:32)
#25     RenderObject.layout (package:flutter/src/rendering/object.dart:2768:7)
#26     ChildLayoutHelper.layoutChild (package:flutter/src/rendering/layout_helper.dart:62:11)
#27     RenderFlex._computeSizes (package:flutter/src/rendering/flex.dart:1237:28)
#28     RenderFlex.performLayout (package:flutter/src/rendering/flex.dart:1329:32)
#29     RenderObject.layout (package:flutter/src/rendering/object.dart:2768:7)
#30     _RenderSingleChildViewport.performLayout (package:flutter/src/widgets/single_child_scroll_view.dart:502:14)
#31     RenderObject.layout (package:flutter/src/rendering/object.dart:2768:7)
#32     RenderProxyBoxMixin.performLayout (package:flutter/src/rendering/proxy_box.dart:118:18)
#33     RenderObject.layout (package:flutter/src/rendering/object.dart:2768:7)
#34     RenderProxyBoxMixin.performLayout (package:flutter/src/rendering/proxy_box.dart:118:18)
#35     RenderObject.layout (package:flutter/src/rendering/object.dart:2768:7)
#36     RenderProxyBoxMixin.performLayout (package:flutter/src/rendering/proxy_box.dart:118:18)
#37     RenderObject.layout (package:flutter/src/rendering/object.dart:2768:7)
#38     RenderProxyBoxMixin.performLayout (package:flutter/src/rendering/proxy_box.dart:118:18)
#39     RenderObject.layout (package:flutter/src/rendering/object.dart:2768:7)
#40     RenderProxyBoxMixin.performLayout (package:flutter/src/rendering/proxy_box.dart:118:18)
#41     RenderObject.layout (package:flutter/src/rendering/object.dart:2768:7)
#42     RenderProxyBoxMixin.performLayout (package:flutter/src/rendering/proxy_box.dart:118:18)
#43     RenderObject.layout (package:flutter/src/rendering/object.dart:2768:7)
#44     RenderProxyBoxMixin.performLayout (package:flutter/src/rendering/proxy_box.dart:118:18)
#45     RenderObject.layout (package:flutter/src/rendering/object.dart:2768:7)
#46     RenderProxyBoxMixin.performLayout (package:flutter/src/rendering/proxy_box.dart:118:18)
#47     _RenderCustomClip.performLayout (package:flutter/src/rendering/proxy_box.dart:1549:11)
#48     RenderObject.layout (package:flutter/src/rendering/object.dart:2768:7)
#49     RenderPadding.performLayout (package:flutter/src/rendering/shifted_box.dart:262:12)
#50     RenderObject.layout (package:flutter/src/rendering/object.dart:2768:7)
#51     _RenderLayoutBuilder.performLayout (package:flutter/src/widgets/layout_builder.dart:449:14)
#52     RenderObject.layout (package:flutter/src/rendering/object.dart:2768:7)
#53     MultiChildLayoutDelegate.layoutChild (package:flutter/src/rendering/custom_layout.dart:180:12)
#54     _ScaffoldLayout.performLayout (package:flutter/src/material/scaffold.dart:1113:7)
#55     MultiChildLayoutDelegate._callPerformLayout (package:flutter/src/rendering/custom_layout.dart:246:7)
#56     RenderCustomMultiChildLayoutBox.performLayout (package:flutter/src/rendering/custom_layout.dart:417:14)
#57     RenderObject.layout (package:flutter/src/rendering/object.dart:2768:7)
#58     RenderProxyBoxMixin.performLayout (package:flutter/src/rendering/proxy_box.dart:118:18)
#59     RenderObject.layout (package:flutter/src/rendering/object.dart:2768:7)
#60     RenderProxyBoxMixin.performLayout (package:flutter/src/rendering/proxy_box.dart:118:18)
#61     _RenderCustomClip.performLayout (package:flutter/src/rendering/proxy_box.dart:1549:11)
#62     RenderObject.layout (package:flutter/src/rendering/object.dart:2768:7)
#63     RenderProxyBoxMixin.performLayout (package:flutter/src/rendering/proxy_box.dart:118:18)
#64     RenderObject.layout (package:flutter/src/rendering/object.dart:2768:7)
#65     RenderProxyBoxMixin.performLayout (package:flutter/src/rendering/proxy_box.dart:118:18)
#66     RenderObject.layout (package:flutter/src/rendering/object.dart:2768:7)
#67     RenderProxyBoxMixin.performLayout (package:flutter/src/rendering/proxy_box.dart:118:18)
#68     RenderObject.layout (package:flutter/src/rendering/object.dart:2768:7)
#69     RenderProxyBoxMixin.performLayout (package:flutter/src/rendering/proxy_box.dart:118:18)
#70     RenderObject.layout (package:flutter/src/rendering/object.dart:2768:7)
#71     RenderProxyBoxMixin.performLayout (package:flutter/src/rendering/proxy_box.dart:118:18)
#72     RenderObject.layout (package:flutter/src/rendering/object.dart:2768:7)
#73     RenderProxyBoxMixin.performLayout (package:flutter/src/rendering/proxy_box.dart:118:18)
#74     RenderObject.layout (package:flutter/src/rendering/object.dart:2768:7)
#75     RenderProxyBoxMixin.performLayout (package:flutter/src/rendering/proxy_box.dart:118:18)
#76     RenderObject.layout (package:flutter/src/rendering/object.dart:2768:7)
#77     RenderProxyBoxMixin.performLayout (package:flutter/src/rendering/proxy_box.dart:118:18)
#78     RenderObject.layout (package:flutter/src/rendering/object.dart:2768:7)
#79     RenderProxyBoxMixin.performLayout (package:flutter/src/rendering/proxy_box.dart:118:18)
#80     RenderObject.layout (package:flutter/src/rendering/object.dart:2768:7)
#81     RenderProxyBoxMixin.performLayout (package:flutter/src/rendering/proxy_box.dart:118:18)
#82     RenderObject.layout (package:flutter/src/rendering/object.dart:2768:7)
#83     RenderProxyBoxMixin.performLayout (package:flutter/src/rendering/proxy_box.dart:118:18)
#84     RenderObject.layout (package:flutter/src/rendering/object.dart:2768:7)
#85     RenderProxyBoxMixin.performLayout (package:flutter/src/rendering/proxy_box.dart:118:18)
#86     RenderObject.layout (package:flutter/src/rendering/object.dart:2768:7)
#87     RenderProxyBoxMixin.performLayout (package:flutter/src/rendering/proxy_box.dart:118:18)
#88     RenderObject.layout (package:flutter/src/rendering/object.dart:2768:7)
#89     RenderProxyBoxMixin.performLayout (package:flutter/src/rendering/proxy_box.dart:118:18)
#90     RenderObject.layout (package:flutter/src/rendering/object.dart:2768:7)
#91     RenderProxyBoxMixin.performLayout (package:flutter/src/rendering/proxy_box.dart:118:18)
#92     RenderObject.layout (package:flutter/src/rendering/object.dart:2768:7)
#93     RenderProxyBoxMixin.performLayout (package:flutter/src/rendering/proxy_box.dart:118:18)
#94     RenderOffstage.performLayout (package:flutter/src/rendering/proxy_box.dart:3923:13)
#95     RenderObject.layout (package:flutter/src/rendering/object.dart:2768:7)
#96     RenderProxyBoxMixin.performLayout (package:flutter/src/rendering/proxy_box.dart:118:18)
#97     RenderObject.layout (package:flutter/src/rendering/object.dart:2768:7)
#98     _RenderTheaterMixin.layoutChild (package:flutter/src/widgets/overlay.dart:1084:13)
#99     _RenderTheater.performLayout (package:flutter/src/widgets/overlay.dart:1429:9)
#100    RenderObject.layout (package:flutter/src/rendering/object.dart:2768:7)
#101    RenderProxyBoxMixin.performLayout (package:flutter/src/rendering/proxy_box.dart:118:18)
#102    RenderObject.layout (package:flutter/src/rendering/object.dart:2768:7)
#103    RenderProxyBoxMixin.performLayout (package:flutter/src/rendering/proxy_box.dart:118:18)
#104    RenderObject.layout (package:flutter/src/rendering/object.dart:2768:7)
#105    RenderProxyBoxMixin.performLayout (package:flutter/src/rendering/proxy_box.dart:118:18)
#106    RenderObject.layout (package:flutter/src/rendering/object.dart:2768:7)
#107    RenderProxyBoxMixin.performLayout (package:flutter/src/rendering/proxy_box.dart:118:18)
#108    RenderCustomPaint.performLayout (package:flutter/src/rendering/custom_paint.dart:574:11)
#109    RenderObject.layout (package:flutter/src/rendering/object.dart:2768:7)
#110    RenderProxyBoxMixin.performLayout (package:flutter/src/rendering/proxy_box.dart:118:18)
#111    RenderObject.layout (package:flutter/src/rendering/object.dart:2768:7)
#112    RenderProxyBoxMixin.performLayout (package:flutter/src/rendering/proxy_box.dart:118:18)
#113    RenderObject.layout (package:flutter/src/rendering/object.dart:2768:7)
#114    RenderProxyBoxMixin.performLayout (package:flutter/src/rendering/proxy_box.dart:118:18)
#115    RenderObject.layout (package:flutter/src/rendering/object.dart:2768:7)
#116    RenderProxyBoxMixin.performLayout (package:flutter/src/rendering/proxy_box.dart:118:18)
#117    RenderObject.layout (package:flutter/src/rendering/object.dart:2768:7)
#118    RenderProxyBoxMixin.performLayout (package:flutter/src/rendering/proxy_box.dart:118:18)
#119    RenderObject.layout (package:flutter/src/rendering/object.dart:2768:7)
#120    RenderProxyBoxMixin.performLayout (package:flutter/src/rendering/proxy_box.dart:118:18)
#121    RenderObject.layout (package:flutter/src/rendering/object.dart:2768:7)
#122    RenderView.performLayout (package:flutter/src/rendering/view.dart:292:12)
#123    RenderObject._layoutWithoutResize (package:flutter/src/rendering/object.dart:2616:7)
#124    PipelineOwner.flushLayout (package:flutter/src/rendering/object.dart:1174:18)
#125    PipelineOwner.flushLayout (package:flutter/src/rendering/object.dart:1187:15)
#126    AutomatedTestWidgetsFlutterBinding.drawFrame (package:flutter_test/src/binding.dart:2133:27)
#127    RendererBinding._handlePersistentFrameCallback (package:flutter/src/rendering/binding.dart:495:5)
#128    SchedulerBinding._invokeFrameCallback (package:flutter/src/scheduler/binding.dart:1430:15)
#129    SchedulerBinding.handleDrawFrame (package:flutter/src/scheduler/binding.dart:1345:9)
#130    AutomatedTestWidgetsFlutterBinding.pump.<anonymous closure> (package:flutter_test/src/binding.dart:1960:9)
#133    TestAsyncUtils.guard (package:flutter_test/src/test_async_utils.dart:74:41)
#134    AutomatedTestWidgetsFlutterBinding.pump (package:flutter_test/src/binding.dart:1949:27)
#135    WidgetTester.pumpWidget.<anonymous closure> (package:flutter_test/src/widget_tester.dart:598:22)
#138    TestAsyncUtils.guard (package:flutter_test/src/test_async_utils.dart:74:41)
#139    WidgetTester.pumpWidget (package:flutter_test/src/widget_tester.dart:595:27)
#140    main.<anonymous closure>.<anonymous closure> (file:///C:/Users/bhara/StudioProjects/simple_billing_app/test/widget/billing_screen_test.dart:17:20)
#141    testWidgets.<anonymous closure>.<anonymous closure> (package:flutter_test/src/widget_tester.dart:192:29)
<asynchronous suspension>
#142    TestWidgetsFlutterBinding._runTestBody (package:flutter_test/src/binding.dart:1682:5)
<asynchronous suspension>
<asynchronous suspension>
(elided 7 frames from class _AssertionError, dart:async, and package:stack_trace)

The following RenderObject was being processed when the exception was fired: RenderTapRegion#62d08 relayoutBoundary=up21 NEEDS-LAYOUT NEEDS-PAINT NEEDS-COMPOSITING-BITS-UPDATE:
  creator: TextFieldTapRegion ΓåÉ MouseRegion ΓåÉ TextField ΓåÉ AbsorbPointer ΓåÉ Listener ΓåÉ _GestureSemantics
    ΓåÉ RawGestureDetector ΓåÉ GestureDetector ΓåÉ Column ΓåÉ Padding ΓåÉ DecoratedBox ΓåÉ Container ΓåÉ Γï»
  parentData: <none> (can use size)
  constraints: BoxConstraints(unconstrained)
  size: MISSING
  behavior: deferToChild
  groupId: EditableText
This RenderObject had the following descendants (showing up to depth 5):
    child: RenderIgnorePointer#ddedf relayoutBoundary=up22 NEEDS-PAINT NEEDS-COMPOSITING-BITS-UPDATE
      child: RenderSemanticsAnnotations#9ea8a relayoutBoundary=up23 NEEDS-PAINT NEEDS-COMPOSITING-BITS-UPDATE
        child: RenderPointerListener#c9cd4 relayoutBoundary=up24 NEEDS-PAINT NEEDS-COMPOSITING-BITS-UPDATE
          child: _RenderDecoration#f7744 relayoutBoundary=up25 NEEDS-PAINT NEEDS-COMPOSITING-BITS-UPDATE
            input: RenderRepaintBoundary#a7ed6 NEEDS-LAYOUT NEEDS-PAINT NEEDS-COMPOSITING-BITS-UPDATE
            prefixIcon: RenderPositionedBox#5b834 NEEDS-LAYOUT NEEDS-PAINT NEEDS-COMPOSITING-BITS-UPDATE
            hint: RenderAnimatedOpacity#296c5 NEEDS-LAYOUT NEEDS-PAINT NEEDS-COMPOSITING-BITS-UPDATE
            helperError: RenderConstrainedBox#d779d NEEDS-LAYOUT NEEDS-PAINT
            container: RenderCustomPaint#c64f9 NEEDS-LAYOUT NEEDS-PAINT
ΓòÉΓòÉΓòÉΓòÉΓòÉΓòÉΓòÉΓòÉΓòÉΓòÉΓòÉΓòÉΓòÉΓòÉΓòÉΓòÉΓòÉΓòÉΓòÉΓòÉΓòÉΓòÉΓòÉΓòÉΓòÉΓòÉΓòÉΓòÉΓòÉΓòÉΓòÉΓòÉΓòÉΓòÉΓòÉΓòÉΓòÉΓòÉΓòÉΓòÉΓòÉΓòÉΓòÉΓòÉΓòÉΓòÉΓòÉΓòÉΓòÉΓòÉΓòÉΓòÉΓòÉΓòÉΓòÉΓòÉΓòÉΓòÉΓòÉΓòÉΓòÉΓòÉΓòÉΓòÉΓòÉΓòÉΓòÉΓòÉΓòÉΓòÉΓòÉΓòÉΓòÉΓòÉΓòÉΓòÉΓòÉΓòÉΓòÉΓòÉΓòÉΓòÉΓòÉΓòÉΓòÉΓòÉΓòÉΓòÉΓòÉΓòÉΓòÉΓòÉΓòÉΓòÉΓòÉΓòÉΓòÉΓòÉΓòÉΓòÉ
ΓòÉΓòÉΓòí EXCEPTION CAUGHT BY RENDERING LIBRARY Γò₧ΓòÉΓòÉΓòÉΓòÉΓòÉΓòÉΓòÉΓòÉΓòÉΓòÉΓòÉΓòÉΓòÉΓòÉΓòÉΓòÉΓòÉΓòÉΓòÉΓòÉΓòÉΓòÉΓòÉΓòÉΓòÉΓòÉΓòÉΓòÉΓòÉΓòÉΓòÉΓòÉΓòÉΓòÉΓòÉΓòÉΓòÉΓòÉΓòÉΓòÉΓòÉΓòÉΓòÉΓòÉΓòÉΓòÉΓòÉΓòÉΓòÉΓòÉΓòÉΓòÉΓòÉΓòÉΓòÉΓòÉΓòÉ
The following assertion was thrown during performLayout():
RenderBox was not laid out: RenderTapRegion#62d08 relayoutBoundary=up21 NEEDS-PAINT
NEEDS-COMPOSITING-BITS-UPDATE
'package:flutter/src/rendering/box.dart':
Failed assertion: line 2251 pos 12: 'hasSize'

Either the assertion indicates an error in the framework itself, or we should provide substantially
more information in this error message to help you determine and fix the underlying cause.
In either case, please report this assertion by filing a bug on GitHub:
  https://github.com/flutter/flutter/issues/new?template=02_bug.yml

The relevant error-causing widget was:
  TextField
  TextField:file:///C:/Users/bhara/StudioProjects/simple_billing_app/lib/views/screens/billing_screen.dart:310:22

When the exception was thrown, this was the stack:
#2      RenderBox.size (package:flutter/src/rendering/box.dart:2251:12)
#3      RenderProxyBoxMixin.performLayout (package:flutter/src/rendering/proxy_box.dart:118:62)
#4      RenderObject.layout (package:flutter/src/rendering/object.dart:2768:7)
#5      RenderProxyBoxMixin.performLayout (package:flutter/src/rendering/proxy_box.dart:118:18)
#6      RenderObject.layout (package:flutter/src/rendering/object.dart:2768:7)
#7      RenderProxyBoxMixin.performLayout (package:flutter/src/rendering/proxy_box.dart:118:18)
#8      RenderObject.layout (package:flutter/src/rendering/object.dart:2768:7)
#9      RenderProxyBoxMixin.performLayout (package:flutter/src/rendering/proxy_box.dart:118:18)
#10     RenderObject.layout (package:flutter/src/rendering/object.dart:2768:7)
#11     ChildLayoutHelper.layoutChild (package:flutter/src/rendering/layout_helper.dart:62:11)
#12     RenderFlex._computeSizes (package:flutter/src/rendering/flex.dart:1237:28)
#13     RenderFlex.performLayout (package:flutter/src/rendering/flex.dart:1329:32)
#14     RenderObject.layout (package:flutter/src/rendering/object.dart:2768:7)
#15     RenderPadding.performLayout (package:flutter/src/rendering/shifted_box.dart:262:12)
#16     RenderObject.layout (package:flutter/src/rendering/object.dart:2768:7)
#17     RenderProxyBoxMixin.performLayout (package:flutter/src/rendering/proxy_box.dart:118:18)
#18     RenderObject.layout (package:flutter/src/rendering/object.dart:2768:7)
#19     ChildLayoutHelper.layoutChild (package:flutter/src/rendering/layout_helper.dart:62:11)
#20     RenderFlex._computeSizes (package:flutter/src/rendering/flex.dart:1237:28)
#21     RenderFlex.performLayout (package:flutter/src/rendering/flex.dart:1329:32)
#22     RenderObject.layout (package:flutter/src/rendering/object.dart:2768:7)
#23     ChildLayoutHelper.layoutChild (package:flutter/src/rendering/layout_helper.dart:62:11)
#24     RenderFlex._computeSizes (package:flutter/src/rendering/flex.dart:1237:28)
#25     RenderFlex.performLayout (package:flutter/src/rendering/flex.dart:1329:32)
#26     RenderObject.layout (package:flutter/src/rendering/object.dart:2768:7)
#27     _RenderSingleChildViewport.performLayout (package:flutter/src/widgets/single_child_scroll_view.dart:502:14)
#28     RenderObject.layout (package:flutter/src/rendering/object.dart:2768:7)
#29     RenderProxyBoxMixin.performLayout (package:flutter/src/rendering/proxy_box.dart:118:18)
#30     RenderObject.layout (package:flutter/src/rendering/object.dart:2768:7)
#31     RenderProxyBoxMixin.performLayout (package:flutter/src/rendering/proxy_box.dart:118:18)
#32     RenderObject.layout (package:flutter/src/rendering/object.dart:2768:7)
#33     RenderProxyBoxMixin.performLayout (package:flutter/src/rendering/proxy_box.dart:118:18)
#34     RenderObject.layout (package:flutter/src/rendering/object.dart:2768:7)
#35     RenderProxyBoxMixin.performLayout (package:flutter/src/rendering/proxy_box.dart:118:18)
#36     RenderObject.layout (package:flutter/src/rendering/object.dart:2768:7)
#37     RenderProxyBoxMixin.performLayout (package:flutter/src/rendering/proxy_box.dart:118:18)
#38     RenderObject.layout (package:flutter/src/rendering/object.dart:2768:7)
#39     RenderProxyBoxMixin.performLayout (package:flutter/src/rendering/proxy_box.dart:118:18)
#40     RenderObject.layout (package:flutter/src/rendering/object.dart:2768:7)
#41     RenderProxyBoxMixin.performLayout (package:flutter/src/rendering/proxy_box.dart:118:18)
#42     RenderObject.layout (package:flutter/src/rendering/object.dart:2768:7)
#43     RenderProxyBoxMixin.performLayout (package:flutter/src/rendering/proxy_box.dart:118:18)
#44     _RenderCustomClip.performLayout (package:flutter/src/rendering/proxy_box.dart:1549:11)
#45     RenderObject.layout (package:flutter/src/rendering/object.dart:2768:7)
#46     RenderPadding.performLayout (package:flutter/src/rendering/shifted_box.dart:262:12)
#47     RenderObject.layout (package:flutter/src/rendering/object.dart:2768:7)
#48     _RenderLayoutBuilder.performLayout (package:flutter/src/widgets/layout_builder.dart:449:14)
#49     RenderObject.layout (package:flutter/src/rendering/object.dart:2768:7)
#50     MultiChildLayoutDelegate.layoutChild (package:flutter/src/rendering/custom_layout.dart:180:12)
#51     _ScaffoldLayout.performLayout (package:flutter/src/material/scaffold.dart:1113:7)
#52     MultiChildLayoutDelegate._callPerformLayout (package:flutter/src/rendering/custom_layout.dart:246:7)
#53     RenderCustomMultiChildLayoutBox.performLayout (package:flutter/src/rendering/custom_layout.dart:417:14)
#54     RenderObject.layout (package:flutter/src/rendering/object.dart:2768:7)
#55     RenderProxyBoxMixin.performLayout (package:flutter/src/rendering/proxy_box.dart:118:18)
#56     RenderObject.layout (package:flutter/src/rendering/object.dart:2768:7)
#57     RenderProxyBoxMixin.performLayout (package:flutter/src/rendering/proxy_box.dart:118:18)
#58     _RenderCustomClip.performLayout (package:flutter/src/rendering/proxy_box.dart:1549:11)
#59     RenderObject.layout (package:flutter/src/rendering/object.dart:2768:7)
#60     RenderProxyBoxMixin.performLayout (package:flutter/src/rendering/proxy_box.dart:118:18)
#61     RenderObject.layout (package:flutter/src/rendering/object.dart:2768:7)
#62     RenderProxyBoxMixin.performLayout (package:flutter/src/rendering/proxy_box.dart:118:18)
#63     RenderObject.layout (package:flutter/src/rendering/object.dart:2768:7)
#64     RenderProxyBoxMixin.performLayout (package:flutter/src/rendering/proxy_box.dart:118:18)
#65     RenderObject.layout (package:flutter/src/rendering/object.dart:2768:7)
#66     RenderProxyBoxMixin.performLayout (package:flutter/src/rendering/proxy_box.dart:118:18)
#67     RenderObject.layout (package:flutter/src/rendering/object.dart:2768:7)
#68     RenderProxyBoxMixin.performLayout (package:flutter/src/rendering/proxy_box.dart:118:18)
#69     RenderObject.layout (package:flutter/src/rendering/object.dart:2768:7)
#70     RenderProxyBoxMixin.performLayout (package:flutter/src/rendering/proxy_box.dart:118:18)
#71     RenderObject.layout (package:flutter/src/rendering/object.dart:2768:7)
#72     RenderProxyBoxMixin.performLayout (package:flutter/src/rendering/proxy_box.dart:118:18)
#73     RenderObject.layout (package:flutter/src/rendering/object.dart:2768:7)
#74     RenderProxyBoxMixin.performLayout (package:flutter/src/rendering/proxy_box.dart:118:18)
#75     RenderObject.layout (package:flutter/src/rendering/object.dart:2768:7)
#76     RenderProxyBoxMixin.performLayout (package:flutter/src/rendering/proxy_box.dart:118:18)
#77     RenderObject.layout (package:flutter/src/rendering/object.dart:2768:7)
#78     RenderProxyBoxMixin.performLayout (package:flutter/src/rendering/proxy_box.dart:118:18)
#79     RenderObject.layout (package:flutter/src/rendering/object.dart:2768:7)
#80     RenderProxyBoxMixin.performLayout (package:flutter/src/rendering/proxy_box.dart:118:18)
#81     RenderObject.layout (package:flutter/src/rendering/object.dart:2768:7)
#82     RenderProxyBoxMixin.performLayout (package:flutter/src/rendering/proxy_box.dart:118:18)
#83     RenderObject.layout (package:flutter/src/rendering/object.dart:2768:7)
#84     RenderProxyBoxMixin.performLayout (package:flutter/src/rendering/proxy_box.dart:118:18)
#85     RenderObject.layout (package:flutter/src/rendering/object.dart:2768:7)
#86     RenderProxyBoxMixin.performLayout (package:flutter/src/rendering/proxy_box.dart:118:18)
#87     RenderObject.layout (package:flutter/src/rendering/object.dart:2768:7)
#88     RenderProxyBoxMixin.performLayout (package:flutter/src/rendering/proxy_box.dart:118:18)
#89     RenderObject.layout (package:flutter/src/rendering/object.dart:2768:7)
#90     RenderProxyBoxMixin.performLayout (package:flutter/src/rendering/proxy_box.dart:118:18)
#91     RenderOffstage.performLayout (package:flutter/src/rendering/proxy_box.dart:3923:13)
#92     RenderObject.layout (package:flutter/src/rendering/object.dart:2768:7)
#93     RenderProxyBoxMixin.performLayout (package:flutter/src/rendering/proxy_box.dart:118:18)
#94     RenderObject.layout (package:flutter/src/rendering/object.dart:2768:7)
#95     _RenderTheaterMixin.layoutChild (package:flutter/src/widgets/overlay.dart:1084:13)
#96     _RenderTheater.performLayout (package:flutter/src/widgets/overlay.dart:1429:9)
#97     RenderObject.layout (package:flutter/src/rendering/object.dart:2768:7)
#98     RenderProxyBoxMixin.performLayout (package:flutter/src/rendering/proxy_box.dart:118:18)
#99     RenderObject.layout (package:flutter/src/rendering/object.dart:2768:7)
#100    RenderProxyBoxMixin.performLayout (package:flutter/src/rendering/proxy_box.dart:118:18)
#101    RenderObject.layout (package:flutter/src/rendering/object.dart:2768:7)
#102    RenderProxyBoxMixin.performLayout (package:flutter/src/rendering/proxy_box.dart:118:18)
#103    RenderObject.layout (package:flutter/src/rendering/object.dart:2768:7)
#104    RenderProxyBoxMixin.performLayout (package:flutter/src/rendering/proxy_box.dart:118:18)
#105    RenderCustomPaint.performLayout (package:flutter/src/rendering/custom_paint.dart:574:11)
#106    RenderObject.layout (package:flutter/src/rendering/object.dart:2768:7)
#107    RenderProxyBoxMixin.performLayout (package:flutter/src/rendering/proxy_box.dart:118:18)
#108    RenderObject.layout (package:flutter/src/rendering/object.dart:2768:7)
#109    RenderProxyBoxMixin.performLayout (package:flutter/src/rendering/proxy_box.dart:118:18)
#110    RenderObject.layout (package:flutter/src/rendering/object.dart:2768:7)
#111    RenderProxyBoxMixin.performLayout (package:flutter/src/rendering/proxy_box.dart:118:18)
#112    RenderObject.layout (package:flutter/src/rendering/object.dart:2768:7)
#113    RenderProxyBoxMixin.performLayout (package:flutter/src/rendering/proxy_box.dart:118:18)
#114    RenderObject.layout (package:flutter/src/rendering/object.dart:2768:7)
#115    RenderProxyBoxMixin.performLayout (package:flutter/src/rendering/proxy_box.dart:118:18)
#116    RenderObject.layout (package:flutter/src/rendering/object.dart:2768:7)
#117    RenderProxyBoxMixin.performLayout (package:flutter/src/rendering/proxy_box.dart:118:18)
#118    RenderObject.layout (package:flutter/src/rendering/object.dart:2768:7)
#119    RenderView.performLayout (package:flutter/src/rendering/view.dart:292:12)
#120    RenderObject._layoutWithoutResize (package:flutter/src/rendering/object.dart:2616:7)
#121    PipelineOwner.flushLayout (package:flutter/src/rendering/object.dart:1174:18)
#122    PipelineOwner.flushLayout (package:flutter/src/rendering/object.dart:1187:15)
#123    AutomatedTestWidgetsFlutterBinding.drawFrame (package:flutter_test/src/binding.dart:2133:27)
#124    RendererBinding._handlePersistentFrameCallback (package:flutter/src/rendering/binding.dart:495:5)
#125    SchedulerBinding._invokeFrameCallback (package:flutter/src/scheduler/binding.dart:1430:15)
#126    SchedulerBinding.handleDrawFrame (package:flutter/src/scheduler/binding.dart:1345:9)
#127    AutomatedTestWidgetsFlutterBinding.pump.<anonymous closure> (package:flutter_test/src/binding.dart:1960:9)
#130    TestAsyncUtils.guard (package:flutter_test/src/test_async_utils.dart:74:41)
#131    AutomatedTestWidgetsFlutterBinding.pump (package:flutter_test/src/binding.dart:1949:27)
#132    WidgetTester.pumpWidget.<anonymous closure> (package:flutter_test/src/widget_tester.dart:598:22)
#135    TestAsyncUtils.guard (package:flutter_test/src/test_async_utils.dart:74:41)
#136    WidgetTester.pumpWidget (package:flutter_test/src/widget_tester.dart:595:27)
#137    main.<anonymous closure>.<anonymous closure> (file:///C:/Users/bhara/StudioProjects/simple_billing_app/test/widget/billing_screen_test.dart:17:20)
#138    testWidgets.<anonymous closure>.<anonymous closure> (package:flutter_test/src/widget_tester.dart:192:29)
<asynchronous suspension>
#139    TestWidgetsFlutterBinding._runTestBody (package:flutter_test/src/binding.dart:1682:5)
<asynchronous suspension>
<asynchronous suspension>
(elided 7 frames from class _AssertionError, dart:async, and package:stack_trace)

The following RenderObject was being processed when the exception was fired: RenderMouseRegion#59991 relayoutBoundary=up20 NEEDS-LAYOUT NEEDS-PAINT NEEDS-COMPOSITING-BITS-UPDATE:
  creator: MouseRegion ΓåÉ TextField ΓåÉ AbsorbPointer ΓåÉ Listener ΓåÉ _GestureSemantics ΓåÉ RawGestureDetector
    ΓåÉ GestureDetector ΓåÉ Column ΓåÉ Padding ΓåÉ DecoratedBox ΓåÉ Container ΓåÉ Column ΓåÉ Γï»
  parentData: <none> (can use size)
  constraints: BoxConstraints(unconstrained)
  size: MISSING
  behavior: opaque
  listeners: enter, exit
  cursor: SystemMouseCursor(text)
This RenderObject had the following descendants (showing up to depth 5):
    child: RenderTapRegion#62d08 relayoutBoundary=up21 NEEDS-PAINT NEEDS-COMPOSITING-BITS-UPDATE
      child: RenderIgnorePointer#ddedf relayoutBoundary=up22 NEEDS-PAINT NEEDS-COMPOSITING-BITS-UPDATE
        child: RenderSemanticsAnnotations#9ea8a relayoutBoundary=up23 NEEDS-PAINT NEEDS-COMPOSITING-BITS-UPDATE
          child: RenderPointerListener#c9cd4 relayoutBoundary=up24 NEEDS-PAINT NEEDS-COMPOSITING-BITS-UPDATE
            child: _RenderDecoration#f7744 relayoutBoundary=up25 NEEDS-PAINT NEEDS-COMPOSITING-BITS-UPDATE
ΓòÉΓòÉΓòÉΓòÉΓòÉΓòÉΓòÉΓòÉΓòÉΓòÉΓòÉΓòÉΓòÉΓòÉΓòÉΓòÉΓòÉΓòÉΓòÉΓòÉΓòÉΓòÉΓòÉΓòÉΓòÉΓòÉΓòÉΓòÉΓòÉΓòÉΓòÉΓòÉΓòÉΓòÉΓòÉΓòÉΓòÉΓòÉΓòÉΓòÉΓòÉΓòÉΓòÉΓòÉΓòÉΓòÉΓòÉΓòÉΓòÉΓòÉΓòÉΓòÉΓòÉΓòÉΓòÉΓòÉΓòÉΓòÉΓòÉΓòÉΓòÉΓòÉΓòÉΓòÉΓòÉΓòÉΓòÉΓòÉΓòÉΓòÉΓòÉΓòÉΓòÉΓòÉΓòÉΓòÉΓòÉΓòÉΓòÉΓòÉΓòÉΓòÉΓòÉΓòÉΓòÉΓòÉΓòÉΓòÉΓòÉΓòÉΓòÉΓòÉΓòÉΓòÉΓòÉΓòÉΓòÉΓòÉΓòÉΓòÉ
ΓòÉΓòÉΓòí EXCEPTION CAUGHT BY RENDERING LIBRARY Γò₧ΓòÉΓòÉΓòÉΓòÉΓòÉΓòÉΓòÉΓòÉΓòÉΓòÉΓòÉΓòÉΓòÉΓòÉΓòÉΓòÉΓòÉΓòÉΓòÉΓòÉΓòÉΓòÉΓòÉΓòÉΓòÉΓòÉΓòÉΓòÉΓòÉΓòÉΓòÉΓòÉΓòÉΓòÉΓòÉΓòÉΓòÉΓòÉΓòÉΓòÉΓòÉΓòÉΓòÉΓòÉΓòÉΓòÉΓòÉΓòÉΓòÉΓòÉΓòÉΓòÉΓòÉΓòÉΓòÉΓòÉΓòÉ
The following assertion was thrown during performLayout():
RenderBox was not laid out: RenderMouseRegion#59991 relayoutBoundary=up20 NEEDS-PAINT
NEEDS-COMPOSITING-BITS-UPDATE
'package:flutter/src/rendering/box.dart':
Failed assertion: line 2251 pos 12: 'hasSize'

Either the assertion indicates an error in the framework itself, or we should provide substantially
more information in this error message to help you determine and fix the underlying cause.
In either case, please report this assertion by filing a bug on GitHub:
  https://github.com/flutter/flutter/issues/new?template=02_bug.yml

The relevant error-causing widget was:
  AbsorbPointer
  AbsorbPointer:file:///C:/Users/bhara/StudioProjects/simple_billing_app/lib/views/screens/billing_screen.dart:309:20

When the exception was thrown, this was the stack:
#2      RenderBox.size (package:flutter/src/rendering/box.dart:2251:12)
#3      RenderProxyBoxMixin.performLayout (package:flutter/src/rendering/proxy_box.dart:118:62)
#4      RenderObject.layout (package:flutter/src/rendering/object.dart:2768:7)
#5      RenderProxyBoxMixin.performLayout (package:flutter/src/rendering/proxy_box.dart:118:18)
#6      RenderObject.layout (package:flutter/src/rendering/object.dart:2768:7)
#7      RenderProxyBoxMixin.performLayout (package:flutter/src/rendering/proxy_box.dart:118:18)
#8      RenderObject.layout (package:flutter/src/rendering/object.dart:2768:7)
#9      ChildLayoutHelper.layoutChild (package:flutter/src/rendering/layout_helper.dart:62:11)
#10     RenderFlex._computeSizes (package:flutter/src/rendering/flex.dart:1237:28)
#11     RenderFlex.performLayout (package:flutter/src/rendering/flex.dart:1329:32)
#12     RenderObject.layout (package:flutter/src/rendering/object.dart:2768:7)
#13     RenderPadding.performLayout (package:flutter/src/rendering/shifted_box.dart:262:12)
#14     RenderObject.layout (package:flutter/src/rendering/object.dart:2768:7)
#15     RenderProxyBoxMixin.performLayout (package:flutter/src/rendering/proxy_box.dart:118:18)
#16     RenderObject.layout (package:flutter/src/rendering/object.dart:2768:7)
#17     ChildLayoutHelper.layoutChild (package:flutter/src/rendering/layout_helper.dart:62:11)
#18     RenderFlex._computeSizes (package:flutter/src/rendering/flex.dart:1237:28)
#19     RenderFlex.performLayout (package:flutter/src/rendering/flex.dart:1329:32)
#20     RenderObject.layout (package:flutter/src/rendering/object.dart:2768:7)
#21     ChildLayoutHelper.layoutChild (package:flutter/src/rendering/layout_helper.dart:62:11)
#22     RenderFlex._computeSizes (package:flutter/src/rendering/flex.dart:1237:28)
#23     RenderFlex.performLayout (package:flutter/src/rendering/flex.dart:1329:32)
#24     RenderObject.layout (package:flutter/src/rendering/object.dart:2768:7)
#25     _RenderSingleChildViewport.performLayout (package:flutter/src/widgets/single_child_scroll_view.dart:502:14)
#26     RenderObject.layout (package:flutter/src/rendering/object.dart:2768:7)
#27     RenderProxyBoxMixin.performLayout (package:flutter/src/rendering/proxy_box.dart:118:18)
#28     RenderObject.layout (package:flutter/src/rendering/object.dart:2768:7)
#29     RenderProxyBoxMixin.performLayout (package:flutter/src/rendering/proxy_box.dart:118:18)
#30     RenderObject.layout (package:flutter/src/rendering/object.dart:2768:7)
#31     RenderProxyBoxMixin.performLayout (package:flutter/src/rendering/proxy_box.dart:118:18)
#32     RenderObject.layout (package:flutter/src/rendering/object.dart:2768:7)
#33     RenderProxyBoxMixin.performLayout (package:flutter/src/rendering/proxy_box.dart:118:18)
#34     RenderObject.layout (package:flutter/src/rendering/object.dart:2768:7)
#35     RenderProxyBoxMixin.performLayout (package:flutter/src/rendering/proxy_box.dart:118:18)
#36     RenderObject.layout (package:flutter/src/rendering/object.dart:2768:7)
#37     RenderProxyBoxMixin.performLayout (package:flutter/src/rendering/proxy_box.dart:118:18)
#38     RenderObject.layout (package:flutter/src/rendering/object.dart:2768:7)
#39     RenderProxyBoxMixin.performLayout (package:flutter/src/rendering/proxy_box.dart:118:18)
#40     RenderObject.layout (package:flutter/src/rendering/object.dart:2768:7)
#41     RenderProxyBoxMixin.performLayout (package:flutter/src/rendering/proxy_box.dart:118:18)
#42     _RenderCustomClip.performLayout (package:flutter/src/rendering/proxy_box.dart:1549:11)
#43     RenderObject.layout (package:flutter/src/rendering/object.dart:2768:7)
#44     RenderPadding.performLayout (package:flutter/src/rendering/shifted_box.dart:262:12)
#45     RenderObject.layout (package:flutter/src/rendering/object.dart:2768:7)
#46     _RenderLayoutBuilder.performLayout (package:flutter/src/widgets/layout_builder.dart:449:14)
#47     RenderObject.layout (package:flutter/src/rendering/object.dart:2768:7)
#48     MultiChildLayoutDelegate.layoutChild (package:flutter/src/rendering/custom_layout.dart:180:12)
#49     _ScaffoldLayout.performLayout (package:flutter/src/material/scaffold.dart:1113:7)
#50     MultiChildLayoutDelegate._callPerformLayout (package:flutter/src/rendering/custom_layout.dart:246:7)
#51     RenderCustomMultiChildLayoutBox.performLayout (package:flutter/src/rendering/custom_layout.dart:417:14)
#52     RenderObject.layout (package:flutter/src/rendering/object.dart:2768:7)
#53     RenderProxyBoxMixin.performLayout (package:flutter/src/rendering/proxy_box.dart:118:18)
#54     RenderObject.layout (package:flutter/src/rendering/object.dart:2768:7)
#55     RenderProxyBoxMixin.performLayout (package:flutter/src/rendering/proxy_box.dart:118:18)
#56     _RenderCustomClip.performLayout (package:flutter/src/rendering/proxy_box.dart:1549:11)
#57     RenderObject.layout (package:flutter/src/rendering/object.dart:2768:7)
#58     RenderProxyBoxMixin.performLayout (package:flutter/src/rendering/proxy_box.dart:118:18)
#59     RenderObject.layout (package:flutter/src/rendering/object.dart:2768:7)
#60     RenderProxyBoxMixin.performLayout (package:flutter/src/rendering/proxy_box.dart:118:18)
#61     RenderObject.layout (package:flutter/src/rendering/object.dart:2768:7)
#62     RenderProxyBoxMixin.performLayout (package:flutter/src/rendering/proxy_box.dart:118:18)
#63     RenderObject.layout (package:flutter/src/rendering/object.dart:2768:7)
#64     RenderProxyBoxMixin.performLayout (package:flutter/src/rendering/proxy_box.dart:118:18)
#65     RenderObject.layout (package:flutter/src/rendering/object.dart:2768:7)
#66     RenderProxyBoxMixin.performLayout (package:flutter/src/rendering/proxy_box.dart:118:18)
#67     RenderObject.layout (package:flutter/src/rendering/object.dart:2768:7)
#68     RenderProxyBoxMixin.performLayout (package:flutter/src/rendering/proxy_box.dart:118:18)
#69     RenderObject.layout (package:flutter/src/rendering/object.dart:2768:7)
#70     RenderProxyBoxMixin.performLayout (package:flutter/src/rendering/proxy_box.dart:118:18)
#71     RenderObject.layout (package:flutter/src/rendering/object.dart:2768:7)
#72     RenderProxyBoxMixin.performLayout (package:flutter/src/rendering/proxy_box.dart:118:18)
#73     RenderObject.layout (package:flutter/src/rendering/object.dart:2768:7)
#74     RenderProxyBoxMixin.performLayout (package:flutter/src/rendering/proxy_box.dart:118:18)
#75     RenderObject.layout (package:flutter/src/rendering/object.dart:2768:7)
#76     RenderProxyBoxMixin.performLayout (package:flutter/src/rendering/proxy_box.dart:118:18)
#77     RenderObject.layout (package:flutter/src/rendering/object.dart:2768:7)
#78     RenderProxyBoxMixin.performLayout (package:flutter/src/rendering/proxy_box.dart:118:18)
#79     RenderObject.layout (package:flutter/src/rendering/object.dart:2768:7)
#80     RenderProxyBoxMixin.performLayout (package:flutter/src/rendering/proxy_box.dart:118:18)
#81     RenderObject.layout (package:flutter/src/rendering/object.dart:2768:7)
#82     RenderProxyBoxMixin.performLayout (package:flutter/src/rendering/proxy_box.dart:118:18)
#83     RenderObject.layout (package:flutter/src/rendering/object.dart:2768:7)
#84     RenderProxyBoxMixin.performLayout (package:flutter/src/rendering/proxy_box.dart:118:18)
#85     RenderObject.layout (package:flutter/src/rendering/object.dart:2768:7)
#86     RenderProxyBoxMixin.performLayout (package:flutter/src/rendering/proxy_box.dart:118:18)
#87     RenderObject.layout (package:flutter/src/rendering/object.dart:2768:7)
#88     RenderProxyBoxMixin.performLayout (package:flutter/src/rendering/proxy_box.dart:118:18)
#89     RenderOffstage.performLayout (package:flutter/src/rendering/proxy_box.dart:3923:13)
#90     RenderObject.layout (package:flutter/src/rendering/object.dart:2768:7)
#91     RenderProxyBoxMixin.performLayout (package:flutter/src/rendering/proxy_box.dart:118:18)
#92     RenderObject.layout (package:flutter/src/rendering/object.dart:2768:7)
#93     _RenderTheaterMixin.layoutChild (package:flutter/src/widgets/overlay.dart:1084:13)
#94     _RenderTheater.performLayout (package:flutter/src/widgets/overlay.dart:1429:9)
#95     RenderObject.layout (package:flutter/src/rendering/object.dart:2768:7)
#96     RenderProxyBoxMixin.performLayout (package:flutter/src/rendering/proxy_box.dart:118:18)
#97     RenderObject.layout (package:flutter/src/rendering/object.dart:2768:7)
#98     RenderProxyBoxMixin.performLayout (package:flutter/src/rendering/proxy_box.dart:118:18)
#99     RenderObject.layout (package:flutter/src/rendering/object.dart:2768:7)
#100    RenderProxyBoxMixin.performLayout (package:flutter/src/rendering/proxy_box.dart:118:18)
#101    RenderObject.layout (package:flutter/src/rendering/object.dart:2768:7)
#102    RenderProxyBoxMixin.performLayout (package:flutter/src/rendering/proxy_box.dart:118:18)
#103    RenderCustomPaint.performLayout (package:flutter/src/rendering/custom_paint.dart:574:11)
#104    RenderObject.layout (package:flutter/src/rendering/object.dart:2768:7)
#105    RenderProxyBoxMixin.performLayout (package:flutter/src/rendering/proxy_box.dart:118:18)
#106    RenderObject.layout (package:flutter/src/rendering/object.dart:2768:7)
#107    RenderProxyBoxMixin.performLayout (package:flutter/src/rendering/proxy_box.dart:118:18)
#108    RenderObject.layout (package:flutter/src/rendering/object.dart:2768:7)
#109    RenderProxyBoxMixin.performLayout (package:flutter/src/rendering/proxy_box.dart:118:18)
#110    RenderObject.layout (package:flutter/src/rendering/object.dart:2768:7)
#111    RenderProxyBoxMixin.performLayout (package:flutter/src/rendering/proxy_box.dart:118:18)
#112    RenderObject.layout (package:flutter/src/rendering/object.dart:2768:7)
#113    RenderProxyBoxMixin.performLayout (package:flutter/src/rendering/proxy_box.dart:118:18)
#114    RenderObject.layout (package:flutter/src/rendering/object.dart:2768:7)
#115    RenderProxyBoxMixin.performLayout (package:flutter/src/rendering/proxy_box.dart:118:18)
#116    RenderObject.layout (package:flutter/src/rendering/object.dart:2768:7)
#117    RenderView.performLayout (package:flutter/src/rendering/view.dart:292:12)
#118    RenderObject._layoutWithoutResize (package:flutter/src/rendering/object.dart:2616:7)
#119    PipelineOwner.flushLayout (package:flutter/src/rendering/object.dart:1174:18)
#120    PipelineOwner.flushLayout (package:flutter/src/rendering/object.dart:1187:15)
#121    AutomatedTestWidgetsFlutterBinding.drawFrame (package:flutter_test/src/binding.dart:2133:27)
#122    RendererBinding._handlePersistentFrameCallback (package:flutter/src/rendering/binding.dart:495:5)
#123    SchedulerBinding._invokeFrameCallback (package:flutter/src/scheduler/binding.dart:1430:15)
#124    SchedulerBinding.handleDrawFrame (package:flutter/src/scheduler/binding.dart:1345:9)
#125    AutomatedTestWidgetsFlutterBinding.pump.<anonymous closure> (package:flutter_test/src/binding.dart:1960:9)
#128    TestAsyncUtils.guard (package:flutter_test/src/test_async_utils.dart:74:41)
#129    AutomatedTestWidgetsFlutterBinding.pump (package:flutter_test/src/binding.dart:1949:27)
#130    WidgetTester.pumpWidget.<anonymous closure> (package:flutter_test/src/widget_tester.dart:598:22)
#133    TestAsyncUtils.guard (package:flutter_test/src/test_async_utils.dart:74:41)
#134    WidgetTester.pumpWidget (package:flutter_test/src/widget_tester.dart:595:27)
#135    main.<anonymous closure>.<anonymous closure> (file:///C:/Users/bhara/StudioProjects/simple_billing_app/test/widget/billing_screen_test.dart:17:20)
#136    testWidgets.<anonymous closure>.<anonymous closure> (package:flutter_test/src/widget_tester.dart:192:29)
<asynchronous suspension>
#137    TestWidgetsFlutterBinding._runTestBody (package:flutter_test/src/binding.dart:1682:5)
<asynchronous suspension>
<asynchronous suspension>
(elided 7 frames from class _AssertionError, dart:async, and package:stack_trace)

The following RenderObject was being processed when the exception was fired: RenderAbsorbPointer#9b94e relayoutBoundary=up19 NEEDS-LAYOUT NEEDS-PAINT NEEDS-COMPOSITING-BITS-UPDATE:
  creator: AbsorbPointer ΓåÉ Listener ΓåÉ _GestureSemantics ΓåÉ RawGestureDetector ΓåÉ GestureDetector ΓåÉ
    Column ΓåÉ Padding ΓåÉ DecoratedBox ΓåÉ Container ΓåÉ Column ΓåÉ Row ΓåÉ _SingleChildViewport ΓåÉ Γï»
  parentData: <none> (can use size)
  constraints: BoxConstraints(unconstrained)
  size: MISSING
  absorbing: true
  ignoringSemantics: null
This RenderObject had the following descendants (showing up to depth 5):
    child: RenderMouseRegion#59991 relayoutBoundary=up20 NEEDS-PAINT NEEDS-COMPOSITING-BITS-UPDATE
      child: RenderTapRegion#62d08 relayoutBoundary=up21 NEEDS-PAINT NEEDS-COMPOSITING-BITS-UPDATE
        child: RenderIgnorePointer#ddedf relayoutBoundary=up22 NEEDS-PAINT NEEDS-COMPOSITING-BITS-UPDATE
          child: RenderSemanticsAnnotations#9ea8a relayoutBoundary=up23 NEEDS-PAINT NEEDS-COMPOSITING-BITS-UPDATE
            child: RenderPointerListener#c9cd4 relayoutBoundary=up24 NEEDS-PAINT NEEDS-COMPOSITING-BITS-UPDATE
ΓòÉΓòÉΓòÉΓòÉΓòÉΓòÉΓòÉΓòÉΓòÉΓòÉΓòÉΓòÉΓòÉΓòÉΓòÉΓòÉΓòÉΓòÉΓòÉΓòÉΓòÉΓòÉΓòÉΓòÉΓòÉΓòÉΓòÉΓòÉΓòÉΓòÉΓòÉΓòÉΓòÉΓòÉΓòÉΓòÉΓòÉΓòÉΓòÉΓòÉΓòÉΓòÉΓòÉΓòÉΓòÉΓòÉΓòÉΓòÉΓòÉΓòÉΓòÉΓòÉΓòÉΓòÉΓòÉΓòÉΓòÉΓòÉΓòÉΓòÉΓòÉΓòÉΓòÉΓòÉΓòÉΓòÉΓòÉΓòÉΓòÉΓòÉΓòÉΓòÉΓòÉΓòÉΓòÉΓòÉΓòÉΓòÉΓòÉΓòÉΓòÉΓòÉΓòÉΓòÉΓòÉΓòÉΓòÉΓòÉΓòÉΓòÉΓòÉΓòÉΓòÉΓòÉΓòÉΓòÉΓòÉΓòÉΓòÉΓòÉ
ΓòÉΓòÉΓòí EXCEPTION CAUGHT BY RENDERING LIBRARY Γò₧ΓòÉΓòÉΓòÉΓòÉΓòÉΓòÉΓòÉΓòÉΓòÉΓòÉΓòÉΓòÉΓòÉΓòÉΓòÉΓòÉΓòÉΓòÉΓòÉΓòÉΓòÉΓòÉΓòÉΓòÉΓòÉΓòÉΓòÉΓòÉΓòÉΓòÉΓòÉΓòÉΓòÉΓòÉΓòÉΓòÉΓòÉΓòÉΓòÉΓòÉΓòÉΓòÉΓòÉΓòÉΓòÉΓòÉΓòÉΓòÉΓòÉΓòÉΓòÉΓòÉΓòÉΓòÉΓòÉΓòÉΓòÉ
The following assertion was thrown during performLayout():
RenderBox was not laid out: RenderAbsorbPointer#9b94e relayoutBoundary=up19 NEEDS-PAINT
NEEDS-COMPOSITING-BITS-UPDATE
'package:flutter/src/rendering/box.dart':
Failed assertion: line 2251 pos 12: 'hasSize'

Either the assertion indicates an error in the framework itself, or we should provide substantially
more information in this error message to help you determine and fix the underlying cause.
In either case, please report this assertion by filing a bug on GitHub:
  https://github.com/flutter/flutter/issues/new?template=02_bug.yml

The relevant error-causing widget was:
  GestureDetector
  GestureDetector:file:///C:/Users/bhara/StudioProjects/simple_billing_app/lib/views/screens/billing_screen.dart:307:11

When the exception was thrown, this was the stack:
#2      RenderBox.size (package:flutter/src/rendering/box.dart:2251:12)
#3      RenderProxyBoxMixin.performLayout (package:flutter/src/rendering/proxy_box.dart:118:62)
#4      RenderObject.layout (package:flutter/src/rendering/object.dart:2768:7)
#5      RenderProxyBoxMixin.performLayout (package:flutter/src/rendering/proxy_box.dart:118:18)
#6      RenderObject.layout (package:flutter/src/rendering/object.dart:2768:7)
#7      ChildLayoutHelper.layoutChild (package:flutter/src/rendering/layout_helper.dart:62:11)
#8      RenderFlex._computeSizes (package:flutter/src/rendering/flex.dart:1237:28)
#9      RenderFlex.performLayout (package:flutter/src/rendering/flex.dart:1329:32)
#10     RenderObject.layout (package:flutter/src/rendering/object.dart:2768:7)
#11     RenderPadding.performLayout (package:flutter/src/rendering/shifted_box.dart:262:12)
#12     RenderObject.layout (package:flutter/src/rendering/object.dart:2768:7)
#13     RenderProxyBoxMixin.performLayout (package:flutter/src/rendering/proxy_box.dart:118:18)
#14     RenderObject.layout (package:flutter/src/rendering/object.dart:2768:7)
#15     ChildLayoutHelper.layoutChild (package:flutter/src/rendering/layout_helper.dart:62:11)
#16     RenderFlex._computeSizes (package:flutter/src/rendering/flex.dart:1237:28)
#17     RenderFlex.performLayout (package:flutter/src/rendering/flex.dart:1329:32)
#18     RenderObject.layout (package:flutter/src/rendering/object.dart:2768:7)
#19     ChildLayoutHelper.layoutChild (package:flutter/src/rendering/layout_helper.dart:62:11)
#20     RenderFlex._computeSizes (package:flutter/src/rendering/flex.dart:1237:28)
#21     RenderFlex.performLayout (package:flutter/src/rendering/flex.dart:1329:32)
#22     RenderObject.layout (package:flutter/src/rendering/object.dart:2768:7)
#23     _RenderSingleChildViewport.performLayout (package:flutter/src/widgets/single_child_scroll_view.dart:502:14)
#24     RenderObject.layout (package:flutter/src/rendering/object.dart:2768:7)
#25     RenderProxyBoxMixin.performLayout (package:flutter/src/rendering/proxy_box.dart:118:18)
#26     RenderObject.layout (package:flutter/src/rendering/object.dart:2768:7)
#27     RenderProxyBoxMixin.performLayout (package:flutter/src/rendering/proxy_box.dart:118:18)
#28     RenderObject.layout (package:flutter/src/rendering/object.dart:2768:7)
#29     RenderProxyBoxMixin.performLayout (package:flutter/src/rendering/proxy_box.dart:118:18)
#30     RenderObject.layout (package:flutter/src/rendering/object.dart:2768:7)
#31     RenderProxyBoxMixin.performLayout (package:flutter/src/rendering/proxy_box.dart:118:18)
#32     RenderObject.layout (package:flutter/src/rendering/object.dart:2768:7)
#33     RenderProxyBoxMixin.performLayout (package:flutter/src/rendering/proxy_box.dart:118:18)
#34     RenderObject.layout (package:flutter/src/rendering/object.dart:2768:7)
#35     RenderProxyBoxMixin.performLayout (package:flutter/src/rendering/proxy_box.dart:118:18)
#36     RenderObject.layout (package:flutter/src/rendering/object.dart:2768:7)
#37     RenderProxyBoxMixin.performLayout (package:flutter/src/rendering/proxy_box.dart:118:18)
#38     RenderObject.layout (package:flutter/src/rendering/object.dart:2768:7)
#39     RenderProxyBoxMixin.performLayout (package:flutter/src/rendering/proxy_box.dart:118:18)
#40     _RenderCustomClip.performLayout (package:flutter/src/rendering/proxy_box.dart:1549:11)
#41     RenderObject.layout (package:flutter/src/rendering/object.dart:2768:7)
#42     RenderPadding.performLayout (package:flutter/src/rendering/shifted_box.dart:262:12)
#43     RenderObject.layout (package:flutter/src/rendering/object.dart:2768:7)
#44     _RenderLayoutBuilder.performLayout (package:flutter/src/widgets/layout_builder.dart:449:14)
#45     RenderObject.layout (package:flutter/src/rendering/object.dart:2768:7)
#46     MultiChildLayoutDelegate.layoutChild (package:flutter/src/rendering/custom_layout.dart:180:12)
#47     _ScaffoldLayout.performLayout (package:flutter/src/material/scaffold.dart:1113:7)
#48     MultiChildLayoutDelegate._callPerformLayout (package:flutter/src/rendering/custom_layout.dart:246:7)
#49     RenderCustomMultiChildLayoutBox.performLayout (package:flutter/src/rendering/custom_layout.dart:417:14)
#50     RenderObject.layout (package:flutter/src/rendering/object.dart:2768:7)
#51     RenderProxyBoxMixin.performLayout (package:flutter/src/rendering/proxy_box.dart:118:18)
#52     RenderObject.layout (package:flutter/src/rendering/object.dart:2768:7)
#53     RenderProxyBoxMixin.performLayout (package:flutter/src/rendering/proxy_box.dart:118:18)
#54     _RenderCustomClip.performLayout (package:flutter/src/rendering/proxy_box.dart:1549:11)
#55     RenderObject.layout (package:flutter/src/rendering/object.dart:2768:7)
#56     RenderProxyBoxMixin.performLayout (package:flutter/src/rendering/proxy_box.dart:118:18)
#57     RenderObject.layout (package:flutter/src/rendering/object.dart:2768:7)
#58     RenderProxyBoxMixin.performLayout (package:flutter/src/rendering/proxy_box.dart:118:18)
#59     RenderObject.layout (package:flutter/src/rendering/object.dart:2768:7)
#60     RenderProxyBoxMixin.performLayout (package:flutter/src/rendering/proxy_box.dart:118:18)
#61     RenderObject.layout (package:flutter/src/rendering/object.dart:2768:7)
#62     RenderProxyBoxMixin.performLayout (package:flutter/src/rendering/proxy_box.dart:118:18)
#63     RenderObject.layout (package:flutter/src/rendering/object.dart:2768:7)
#64     RenderProxyBoxMixin.performLayout (package:flutter/src/rendering/proxy_box.dart:118:18)
#65     RenderObject.layout (package:flutter/src/rendering/object.dart:2768:7)
#66     RenderProxyBoxMixin.performLayout (package:flutter/src/rendering/proxy_box.dart:118:18)
#67     RenderObject.layout (package:flutter/src/rendering/object.dart:2768:7)
#68     RenderProxyBoxMixin.performLayout (package:flutter/src/rendering/proxy_box.dart:118:18)
#69     RenderObject.layout (package:flutter/src/rendering/object.dart:2768:7)
#70     RenderProxyBoxMixin.performLayout (package:flutter/src/rendering/proxy_box.dart:118:18)
#71     RenderObject.layout (package:flutter/src/rendering/object.dart:2768:7)
#72     RenderProxyBoxMixin.performLayout (package:flutter/src/rendering/proxy_box.dart:118:18)
#73     RenderObject.layout (package:flutter/src/rendering/object.dart:2768:7)
#74     RenderProxyBoxMixin.performLayout (package:flutter/src/rendering/proxy_box.dart:118:18)
#75     RenderObject.layout (package:flutter/src/rendering/object.dart:2768:7)
#76     RenderProxyBoxMixin.performLayout (package:flutter/src/rendering/proxy_box.dart:118:18)
#77     RenderObject.layout (package:flutter/src/rendering/object.dart:2768:7)
#78     RenderProxyBoxMixin.performLayout (package:flutter/src/rendering/proxy_box.dart:118:18)
#79     RenderObject.layout (package:flutter/src/rendering/object.dart:2768:7)
#80     RenderProxyBoxMixin.performLayout (package:flutter/src/rendering/proxy_box.dart:118:18)
#81     RenderObject.layout (package:flutter/src/rendering/object.dart:2768:7)
#82     RenderProxyBoxMixin.performLayout (package:flutter/src/rendering/proxy_box.dart:118:18)
#83     RenderObject.layout (package:flutter/src/rendering/object.dart:2768:7)
#84     RenderProxyBoxMixin.performLayout (package:flutter/src/rendering/proxy_box.dart:118:18)
#85     RenderObject.layout (package:flutter/src/rendering/object.dart:2768:7)
#86     RenderProxyBoxMixin.performLayout (package:flutter/src/rendering/proxy_box.dart:118:18)
#87     RenderOffstage.performLayout (package:flutter/src/rendering/proxy_box.dart:3923:13)
#88     RenderObject.layout (package:flutter/src/rendering/object.dart:2768:7)
#89     RenderProxyBoxMixin.performLayout (package:flutter/src/rendering/proxy_box.dart:118:18)
#90     RenderObject.layout (package:flutter/src/rendering/object.dart:2768:7)
#91     _RenderTheaterMixin.layoutChild (package:flutter/src/widgets/overlay.dart:1084:13)
#92     _RenderTheater.performLayout (package:flutter/src/widgets/overlay.dart:1429:9)
#93     RenderObject.layout (package:flutter/src/rendering/object.dart:2768:7)
#94     RenderProxyBoxMixin.performLayout (package:flutter/src/rendering/proxy_box.dart:118:18)
#95     RenderObject.layout (package:flutter/src/rendering/object.dart:2768:7)
#96     RenderProxyBoxMixin.performLayout (package:flutter/src/rendering/proxy_box.dart:118:18)
#97     RenderObject.layout (package:flutter/src/rendering/object.dart:2768:7)
#98     RenderProxyBoxMixin.performLayout (package:flutter/src/rendering/proxy_box.dart:118:18)
#99     RenderObject.layout (package:flutter/src/rendering/object.dart:2768:7)
#100    RenderProxyBoxMixin.performLayout (package:flutter/src/rendering/proxy_box.dart:118:18)
#101    RenderCustomPaint.performLayout (package:flutter/src/rendering/custom_paint.dart:574:11)
#102    RenderObject.layout (package:flutter/src/rendering/object.dart:2768:7)
#103    RenderProxyBoxMixin.performLayout (package:flutter/src/rendering/proxy_box.dart:118:18)
#104    RenderObject.layout (package:flutter/src/rendering/object.dart:2768:7)
#105    RenderProxyBoxMixin.performLayout (package:flutter/src/rendering/proxy_box.dart:118:18)
#106    RenderObject.layout (package:flutter/src/rendering/object.dart:2768:7)
#107    RenderProxyBoxMixin.performLayout (package:flutter/src/rendering/proxy_box.dart:118:18)
#108    RenderObject.layout (package:flutter/src/rendering/object.dart:2768:7)
#109    RenderProxyBoxMixin.performLayout (package:flutter/src/rendering/proxy_box.dart:118:18)
#110    RenderObject.layout (package:flutter/src/rendering/object.dart:2768:7)
#111    RenderProxyBoxMixin.performLayout (package:flutter/src/rendering/proxy_box.dart:118:18)
#112    RenderObject.layout (package:flutter/src/rendering/object.dart:2768:7)
#113    RenderProxyBoxMixin.performLayout (package:flutter/src/rendering/proxy_box.dart:118:18)
#114    RenderObject.layout (package:flutter/src/rendering/object.dart:2768:7)
#115    RenderView.performLayout (package:flutter/src/rendering/view.dart:292:12)
#116    RenderObject._layoutWithoutResize (package:flutter/src/rendering/object.dart:2616:7)
#117    PipelineOwner.flushLayout (package:flutter/src/rendering/object.dart:1174:18)
#118    PipelineOwner.flushLayout (package:flutter/src/rendering/object.dart:1187:15)
#119    AutomatedTestWidgetsFlutterBinding.drawFrame (package:flutter_test/src/binding.dart:2133:27)
#120    RendererBinding._handlePersistentFrameCallback (package:flutter/src/rendering/binding.dart:495:5)
#121    SchedulerBinding._invokeFrameCallback (package:flutter/src/scheduler/binding.dart:1430:15)
#122    SchedulerBinding.handleDrawFrame (package:flutter/src/scheduler/binding.dart:1345:9)
#123    AutomatedTestWidgetsFlutterBinding.pump.<anonymous closure> (package:flutter_test/src/binding.dart:1960:9)
#126    TestAsyncUtils.guard (package:flutter_test/src/test_async_utils.dart:74:41)
#127    AutomatedTestWidgetsFlutterBinding.pump (package:flutter_test/src/binding.dart:1949:27)
#128    WidgetTester.pumpWidget.<anonymous closure> (package:flutter_test/src/widget_tester.dart:598:22)
#131    TestAsyncUtils.guard (package:flutter_test/src/test_async_utils.dart:74:41)
#132    WidgetTester.pumpWidget (package:flutter_test/src/widget_tester.dart:595:27)
#133    main.<anonymous closure>.<anonymous closure> (file:///C:/Users/bhara/StudioProjects/simple_billing_app/test/widget/billing_screen_test.dart:17:20)
#134    testWidgets.<anonymous closure>.<anonymous closure> (package:flutter_test/src/widget_tester.dart:192:29)
<asynchronous suspension>
#135    TestWidgetsFlutterBinding._runTestBody (package:flutter_test/src/binding.dart:1682:5)
<asynchronous suspension>
<asynchronous suspension>
(elided 7 frames from class _AssertionError, dart:async, and package:stack_trace)

The following RenderObject was being processed when the exception was fired: RenderPointerListener#32fd7 relayoutBoundary=up18 NEEDS-LAYOUT NEEDS-PAINT NEEDS-COMPOSITING-BITS-UPDATE:
  creator: Listener ΓåÉ _GestureSemantics ΓåÉ RawGestureDetector ΓåÉ GestureDetector ΓåÉ Column ΓåÉ Padding ΓåÉ
    DecoratedBox ΓåÉ Container ΓåÉ Column ΓåÉ Row ΓåÉ _SingleChildViewport ΓåÉ IgnorePointer-[GlobalKey#bba0d] ΓåÉ
    Γï»
  parentData: <none> (can use size)
  constraints: BoxConstraints(unconstrained)
  size: MISSING
  behavior: deferToChild
  listeners: down, panZoomStart
This RenderObject had the following descendants (showing up to depth 5):
    child: RenderAbsorbPointer#9b94e relayoutBoundary=up19 NEEDS-PAINT NEEDS-COMPOSITING-BITS-UPDATE
      child: RenderMouseRegion#59991 relayoutBoundary=up20 NEEDS-PAINT NEEDS-COMPOSITING-BITS-UPDATE
        child: RenderTapRegion#62d08 relayoutBoundary=up21 NEEDS-PAINT NEEDS-COMPOSITING-BITS-UPDATE
          child: RenderIgnorePointer#ddedf relayoutBoundary=up22 NEEDS-PAINT NEEDS-COMPOSITING-BITS-UPDATE
            child: RenderSemanticsAnnotations#9ea8a relayoutBoundary=up23 NEEDS-PAINT NEEDS-COMPOSITING-BITS-UPDATE
ΓòÉΓòÉΓòÉΓòÉΓòÉΓòÉΓòÉΓòÉΓòÉΓòÉΓòÉΓòÉΓòÉΓòÉΓòÉΓòÉΓòÉΓòÉΓòÉΓòÉΓòÉΓòÉΓòÉΓòÉΓòÉΓòÉΓòÉΓòÉΓòÉΓòÉΓòÉΓòÉΓòÉΓòÉΓòÉΓòÉΓòÉΓòÉΓòÉΓòÉΓòÉΓòÉΓòÉΓòÉΓòÉΓòÉΓòÉΓòÉΓòÉΓòÉΓòÉΓòÉΓòÉΓòÉΓòÉΓòÉΓòÉΓòÉΓòÉΓòÉΓòÉΓòÉΓòÉΓòÉΓòÉΓòÉΓòÉΓòÉΓòÉΓòÉΓòÉΓòÉΓòÉΓòÉΓòÉΓòÉΓòÉΓòÉΓòÉΓòÉΓòÉΓòÉΓòÉΓòÉΓòÉΓòÉΓòÉΓòÉΓòÉΓòÉΓòÉΓòÉΓòÉΓòÉΓòÉΓòÉΓòÉΓòÉΓòÉΓòÉ
ΓòÉΓòÉΓòí EXCEPTION CAUGHT BY RENDERING LIBRARY Γò₧ΓòÉΓòÉΓòÉΓòÉΓòÉΓòÉΓòÉΓòÉΓòÉΓòÉΓòÉΓòÉΓòÉΓòÉΓòÉΓòÉΓòÉΓòÉΓòÉΓòÉΓòÉΓòÉΓòÉΓòÉΓòÉΓòÉΓòÉΓòÉΓòÉΓòÉΓòÉΓòÉΓòÉΓòÉΓòÉΓòÉΓòÉΓòÉΓòÉΓòÉΓòÉΓòÉΓòÉΓòÉΓòÉΓòÉΓòÉΓòÉΓòÉΓòÉΓòÉΓòÉΓòÉΓòÉΓòÉΓòÉΓòÉ
The following assertion was thrown during performLayout():
RenderBox was not laid out: RenderPointerListener#32fd7 relayoutBoundary=up18 NEEDS-PAINT
NEEDS-COMPOSITING-BITS-UPDATE
'package:flutter/src/rendering/box.dart':
Failed assertion: line 2251 pos 12: 'hasSize'

Either the assertion indicates an error in the framework itself, or we should provide substantially
more information in this error message to help you determine and fix the underlying cause.
In either case, please report this assertion by filing a bug on GitHub:
  https://github.com/flutter/flutter/issues/new?template=02_bug.yml

The relevant error-causing widget was:
  GestureDetector
  GestureDetector:file:///C:/Users/bhara/StudioProjects/simple_billing_app/lib/views/screens/billing_screen.dart:307:11

When the exception was thrown, this was the stack:
#2      RenderBox.size (package:flutter/src/rendering/box.dart:2251:12)
#3      RenderProxyBoxMixin.performLayout (package:flutter/src/rendering/proxy_box.dart:118:62)
#4      RenderObject.layout (package:flutter/src/rendering/object.dart:2768:7)
#5      ChildLayoutHelper.layoutChild (package:flutter/src/rendering/layout_helper.dart:62:11)
#6      RenderFlex._computeSizes (package:flutter/src/rendering/flex.dart:1237:28)
#7      RenderFlex.performLayout (package:flutter/src/rendering/flex.dart:1329:32)
#8      RenderObject.layout (package:flutter/src/rendering/object.dart:2768:7)
#9      RenderPadding.performLayout (package:flutter/src/rendering/shifted_box.dart:262:12)
#10     RenderObject.layout (package:flutter/src/rendering/object.dart:2768:7)
#11     RenderProxyBoxMixin.performLayout (package:flutter/src/rendering/proxy_box.dart:118:18)
#12     RenderObject.layout (package:flutter/src/rendering/object.dart:2768:7)
#13     ChildLayoutHelper.layoutChild (package:flutter/src/rendering/layout_helper.dart:62:11)
#14     RenderFlex._computeSizes (package:flutter/src/rendering/flex.dart:1237:28)
#15     RenderFlex.performLayout (package:flutter/src/rendering/flex.dart:1329:32)
#16     RenderObject.layout (package:flutter/src/rendering/object.dart:2768:7)
#17     ChildLayoutHelper.layoutChild (package:flutter/src/rendering/layout_helper.dart:62:11)
#18     RenderFlex._computeSizes (package:flutter/src/rendering/flex.dart:1237:28)
#19     RenderFlex.performLayout (package:flutter/src/rendering/flex.dart:1329:32)
#20     RenderObject.layout (package:flutter/src/rendering/object.dart:2768:7)
#21     _RenderSingleChildViewport.performLayout (package:flutter/src/widgets/single_child_scroll_view.dart:502:14)
#22     RenderObject.layout (package:flutter/src/rendering/object.dart:2768:7)
#23     RenderProxyBoxMixin.performLayout (package:flutter/src/rendering/proxy_box.dart:118:18)
#24     RenderObject.layout (package:flutter/src/rendering/object.dart:2768:7)
#25     RenderProxyBoxMixin.performLayout (package:flutter/src/rendering/proxy_box.dart:118:18)
#26     RenderObject.layout (package:flutter/src/rendering/object.dart:2768:7)
#27     RenderProxyBoxMixin.performLayout (package:flutter/src/rendering/proxy_box.dart:118:18)
#28     RenderObject.layout (package:flutter/src/rendering/object.dart:2768:7)
#29     RenderProxyBoxMixin.performLayout (package:flutter/src/rendering/proxy_box.dart:118:18)
#30     RenderObject.layout (package:flutter/src/rendering/object.dart:2768:7)
#31     RenderProxyBoxMixin.performLayout (package:flutter/src/rendering/proxy_box.dart:118:18)
#32     RenderObject.layout (package:flutter/src/rendering/object.dart:2768:7)
#33     RenderProxyBoxMixin.performLayout (package:flutter/src/rendering/proxy_box.dart:118:18)
#34     RenderObject.layout (package:flutter/src/rendering/object.dart:2768:7)
#35     RenderProxyBoxMixin.performLayout (package:flutter/src/rendering/proxy_box.dart:118:18)
#36     RenderObject.layout (package:flutter/src/rendering/object.dart:2768:7)
#37     RenderProxyBoxMixin.performLayout (package:flutter/src/rendering/proxy_box.dart:118:18)
#38     _RenderCustomClip.performLayout (package:flutter/src/rendering/proxy_box.dart:1549:11)
#39     RenderObject.layout (package:flutter/src/rendering/object.dart:2768:7)
#40     RenderPadding.performLayout (package:flutter/src/rendering/shifted_box.dart:262:12)
#41     RenderObject.layout (package:flutter/src/rendering/object.dart:2768:7)
#42     _RenderLayoutBuilder.performLayout (package:flutter/src/widgets/layout_builder.dart:449:14)
#43     RenderObject.layout (package:flutter/src/rendering/object.dart:2768:7)
#44     MultiChildLayoutDelegate.layoutChild (package:flutter/src/rendering/custom_layout.dart:180:12)
#45     _ScaffoldLayout.performLayout (package:flutter/src/material/scaffold.dart:1113:7)
#46     MultiChildLayoutDelegate._callPerformLayout (package:flutter/src/rendering/custom_layout.dart:246:7)
#47     RenderCustomMultiChildLayoutBox.performLayout (package:flutter/src/rendering/custom_layout.dart:417:14)
#48     RenderObject.layout (package:flutter/src/rendering/object.dart:2768:7)
#49     RenderProxyBoxMixin.performLayout (package:flutter/src/rendering/proxy_box.dart:118:18)
#50     RenderObject.layout (package:flutter/src/rendering/object.dart:2768:7)
#51     RenderProxyBoxMixin.performLayout (package:flutter/src/rendering/proxy_box.dart:118:18)
#52     _RenderCustomClip.performLayout (package:flutter/src/rendering/proxy_box.dart:1549:11)
#53     RenderObject.layout (package:flutter/src/rendering/object.dart:2768:7)
#54     RenderProxyBoxMixin.performLayout (package:flutter/src/rendering/proxy_box.dart:118:18)
#55     RenderObject.layout (package:flutter/src/rendering/object.dart:2768:7)
#56     RenderProxyBoxMixin.performLayout (package:flutter/src/rendering/proxy_box.dart:118:18)
#57     RenderObject.layout (package:flutter/src/rendering/object.dart:2768:7)
#58     RenderProxyBoxMixin.performLayout (package:flutter/src/rendering/proxy_box.dart:118:18)
#59     RenderObject.layout (package:flutter/src/rendering/object.dart:2768:7)
#60     RenderProxyBoxMixin.performLayout (package:flutter/src/rendering/proxy_box.dart:118:18)
#61     RenderObject.layout (package:flutter/src/rendering/object.dart:2768:7)
#62     RenderProxyBoxMixin.performLayout (package:flutter/src/rendering/proxy_box.dart:118:18)
#63     RenderObject.layout (package:flutter/src/rendering/object.dart:2768:7)
#64     RenderProxyBoxMixin.performLayout (package:flutter/src/rendering/proxy_box.dart:118:18)
#65     RenderObject.layout (package:flutter/src/rendering/object.dart:2768:7)
#66     RenderProxyBoxMixin.performLayout (package:flutter/src/rendering/proxy_box.dart:118:18)
#67     RenderObject.layout (package:flutter/src/rendering/object.dart:2768:7)
#68     RenderProxyBoxMixin.performLayout (package:flutter/src/rendering/proxy_box.dart:118:18)
#69     RenderObject.layout (package:flutter/src/rendering/object.dart:2768:7)
#70     RenderProxyBoxMixin.performLayout (package:flutter/src/rendering/proxy_box.dart:118:18)
#71     RenderObject.layout (package:flutter/src/rendering/object.dart:2768:7)
#72     RenderProxyBoxMixin.performLayout (package:flutter/src/rendering/proxy_box.dart:118:18)
#73     RenderObject.layout (package:flutter/src/rendering/object.dart:2768:7)
#74     RenderProxyBoxMixin.performLayout (package:flutter/src/rendering/proxy_box.dart:118:18)
#75     RenderObject.layout (package:flutter/src/rendering/object.dart:2768:7)
#76     RenderProxyBoxMixin.performLayout (package:flutter/src/rendering/proxy_box.dart:118:18)
#77     RenderObject.layout (package:flutter/src/rendering/object.dart:2768:7)
#78     RenderProxyBoxMixin.performLayout (package:flutter/src/rendering/proxy_box.dart:118:18)
#79     RenderObject.layout (package:flutter/src/rendering/object.dart:2768:7)
#80     RenderProxyBoxMixin.performLayout (package:flutter/src/rendering/proxy_box.dart:118:18)
#81     RenderObject.layout (package:flutter/src/rendering/object.dart:2768:7)
#82     RenderProxyBoxMixin.performLayout (package:flutter/src/rendering/proxy_box.dart:118:18)
#83     RenderObject.layout (package:flutter/src/rendering/object.dart:2768:7)
#84     RenderProxyBoxMixin.performLayout (package:flutter/src/rendering/proxy_box.dart:118:18)
#85     RenderOffstage.performLayout (package:flutter/src/rendering/proxy_box.dart:3923:13)
#86     RenderObject.layout (package:flutter/src/rendering/object.dart:2768:7)
#87     RenderProxyBoxMixin.performLayout (package:flutter/src/rendering/proxy_box.dart:118:18)
#88     RenderObject.layout (package:flutter/src/rendering/object.dart:2768:7)
#89     _RenderTheaterMixin.layoutChild (package:flutter/src/widgets/overlay.dart:1084:13)
#90     _RenderTheater.performLayout (package:flutter/src/widgets/overlay.dart:1429:9)
#91     RenderObject.layout (package:flutter/src/rendering/object.dart:2768:7)
#92     RenderProxyBoxMixin.performLayout (package:flutter/src/rendering/proxy_box.dart:118:18)
#93     RenderObject.layout (package:flutter/src/rendering/object.dart:2768:7)
#94     RenderProxyBoxMixin.performLayout (package:flutter/src/rendering/proxy_box.dart:118:18)
#95     RenderObject.layout (package:flutter/src/rendering/object.dart:2768:7)
#96     RenderProxyBoxMixin.performLayout (package:flutter/src/rendering/proxy_box.dart:118:18)
#97     RenderObject.layout (package:flutter/src/rendering/object.dart:2768:7)
#98     RenderProxyBoxMixin.performLayout (package:flutter/src/rendering/proxy_box.dart:118:18)
#99     RenderCustomPaint.performLayout (package:flutter/src/rendering/custom_paint.dart:574:11)
#100    RenderObject.layout (package:flutter/src/rendering/object.dart:2768:7)
#101    RenderProxyBoxMixin.performLayout (package:flutter/src/rendering/proxy_box.dart:118:18)
#102    RenderObject.layout (package:flutter/src/rendering/object.dart:2768:7)
#103    RenderProxyBoxMixin.performLayout (package:flutter/src/rendering/proxy_box.dart:118:18)
#104    RenderObject.layout (package:flutter/src/rendering/object.dart:2768:7)
#105    RenderProxyBoxMixin.performLayout (package:flutter/src/rendering/proxy_box.dart:118:18)
#106    RenderObject.layout (package:flutter/src/rendering/object.dart:2768:7)
#107    RenderProxyBoxMixin.performLayout (package:flutter/src/rendering/proxy_box.dart:118:18)
#108    RenderObject.layout (package:flutter/src/rendering/object.dart:2768:7)
#109    RenderProxyBoxMixin.performLayout (package:flutter/src/rendering/proxy_box.dart:118:18)
#110    RenderObject.layout (package:flutter/src/rendering/object.dart:2768:7)
#111    RenderProxyBoxMixin.performLayout (package:flutter/src/rendering/proxy_box.dart:118:18)
#112    RenderObject.layout (package:flutter/src/rendering/object.dart:2768:7)
#113    RenderView.performLayout (package:flutter/src/rendering/view.dart:292:12)
#114    RenderObject._layoutWithoutResize (package:flutter/src/rendering/object.dart:2616:7)
#115    PipelineOwner.flushLayout (package:flutter/src/rendering/object.dart:1174:18)
#116    PipelineOwner.flushLayout (package:flutter/src/rendering/object.dart:1187:15)
#117    AutomatedTestWidgetsFlutterBinding.drawFrame (package:flutter_test/src/binding.dart:2133:27)
#118    RendererBinding._handlePersistentFrameCallback (package:flutter/src/rendering/binding.dart:495:5)
#119    SchedulerBinding._invokeFrameCallback (package:flutter/src/scheduler/binding.dart:1430:15)
#120    SchedulerBinding.handleDrawFrame (package:flutter/src/scheduler/binding.dart:1345:9)
#121    AutomatedTestWidgetsFlutterBinding.pump.<anonymous closure> (package:flutter_test/src/binding.dart:1960:9)
#124    TestAsyncUtils.guard (package:flutter_test/src/test_async_utils.dart:74:41)
#125    AutomatedTestWidgetsFlutterBinding.pump (package:flutter_test/src/binding.dart:1949:27)
#126    WidgetTester.pumpWidget.<anonymous closure> (package:flutter_test/src/widget_tester.dart:598:22)
#129    TestAsyncUtils.guard (package:flutter_test/src/test_async_utils.dart:74:41)
#130    WidgetTester.pumpWidget (package:flutter_test/src/widget_tester.dart:595:27)
#131    main.<anonymous closure>.<anonymous closure> (file:///C:/Users/bhara/StudioProjects/simple_billing_app/test/widget/billing_screen_test.dart:17:20)
#132    testWidgets.<anonymous closure>.<anonymous closure> (package:flutter_test/src/widget_tester.dart:192:29)
<asynchronous suspension>
#133    TestWidgetsFlutterBinding._runTestBody (package:flutter_test/src/binding.dart:1682:5)
<asynchronous suspension>
<asynchronous suspension>
(elided 7 frames from class _AssertionError, dart:async, and package:stack_trace)

The following RenderObject was being processed when the exception was fired: RenderSemanticsGestureHandler#4e63f relayoutBoundary=up17 NEEDS-LAYOUT NEEDS-PAINT NEEDS-COMPOSITING-BITS-UPDATE:
  creator: _GestureSemantics ΓåÉ RawGestureDetector ΓåÉ GestureDetector ΓåÉ Column ΓåÉ Padding ΓåÉ DecoratedBox
    ΓåÉ Container ΓåÉ Column ΓåÉ Row ΓåÉ _SingleChildViewport ΓåÉ IgnorePointer-[GlobalKey#bba0d] ΓåÉ Semantics ΓåÉ
    Γï»
  parentData: offset=Offset(0.0, 0.0); flex=null; fit=null (can use size)
  constraints: BoxConstraints(unconstrained)
  size: MISSING
  behavior: deferToChild
  gestures: tap
This RenderObject had the following descendants (showing up to depth 5):
    child: RenderPointerListener#32fd7 relayoutBoundary=up18 NEEDS-PAINT NEEDS-COMPOSITING-BITS-UPDATE
      child: RenderAbsorbPointer#9b94e relayoutBoundary=up19 NEEDS-PAINT NEEDS-COMPOSITING-BITS-UPDATE
        child: RenderMouseRegion#59991 relayoutBoundary=up20 NEEDS-PAINT NEEDS-COMPOSITING-BITS-UPDATE
          child: RenderTapRegion#62d08 relayoutBoundary=up21 NEEDS-PAINT NEEDS-COMPOSITING-BITS-UPDATE
            child: RenderIgnorePointer#ddedf relayoutBoundary=up22 NEEDS-PAINT NEEDS-COMPOSITING-BITS-UPDATE
ΓòÉΓòÉΓòÉΓòÉΓòÉΓòÉΓòÉΓòÉΓòÉΓòÉΓòÉΓòÉΓòÉΓòÉΓòÉΓòÉΓòÉΓòÉΓòÉΓòÉΓòÉΓòÉΓòÉΓòÉΓòÉΓòÉΓòÉΓòÉΓòÉΓòÉΓòÉΓòÉΓòÉΓòÉΓòÉΓòÉΓòÉΓòÉΓòÉΓòÉΓòÉΓòÉΓòÉΓòÉΓòÉΓòÉΓòÉΓòÉΓòÉΓòÉΓòÉΓòÉΓòÉΓòÉΓòÉΓòÉΓòÉΓòÉΓòÉΓòÉΓòÉΓòÉΓòÉΓòÉΓòÉΓòÉΓòÉΓòÉΓòÉΓòÉΓòÉΓòÉΓòÉΓòÉΓòÉΓòÉΓòÉΓòÉΓòÉΓòÉΓòÉΓòÉΓòÉΓòÉΓòÉΓòÉΓòÉΓòÉΓòÉΓòÉΓòÉΓòÉΓòÉΓòÉΓòÉΓòÉΓòÉΓòÉΓòÉΓòÉ
ΓòÉΓòÉΓòí EXCEPTION CAUGHT BY RENDERING LIBRARY Γò₧ΓòÉΓòÉΓòÉΓòÉΓòÉΓòÉΓòÉΓòÉΓòÉΓòÉΓòÉΓòÉΓòÉΓòÉΓòÉΓòÉΓòÉΓòÉΓòÉΓòÉΓòÉΓòÉΓòÉΓòÉΓòÉΓòÉΓòÉΓòÉΓòÉΓòÉΓòÉΓòÉΓòÉΓòÉΓòÉΓòÉΓòÉΓòÉΓòÉΓòÉΓòÉΓòÉΓòÉΓòÉΓòÉΓòÉΓòÉΓòÉΓòÉΓòÉΓòÉΓòÉΓòÉΓòÉΓòÉΓòÉΓòÉ
The following assertion was thrown during performLayout():
RenderBox was not laid out: RenderSemanticsGestureHandler#4e63f relayoutBoundary=up17 NEEDS-PAINT
NEEDS-COMPOSITING-BITS-UPDATE
'package:flutter/src/rendering/box.dart':
Failed assertion: line 2251 pos 12: 'hasSize'

Either the assertion indicates an error in the framework itself, or we should provide substantially
more information in this error message to help you determine and fix the underlying cause.
In either case, please report this assertion by filing a bug on GitHub:
  https://github.com/flutter/flutter/issues/new?template=02_bug.yml

The relevant error-causing widget was:
  Column
  Column:file:///C:/Users/bhara/StudioProjects/simple_billing_app/lib/views/screens/billing_screen.dart:295:14

When the exception was thrown, this was the stack:
#2      RenderBox.size (package:flutter/src/rendering/box.dart:2251:12)
#3      ChildLayoutHelper.layoutChild (package:flutter/src/rendering/layout_helper.dart:63:18)
#4      RenderFlex._computeSizes (package:flutter/src/rendering/flex.dart:1237:28)
#5      RenderFlex.performLayout (package:flutter/src/rendering/flex.dart:1329:32)
#6      RenderObject.layout (package:flutter/src/rendering/object.dart:2768:7)
#7      RenderPadding.performLayout (package:flutter/src/rendering/shifted_box.dart:262:12)
#8      RenderObject.layout (package:flutter/src/rendering/object.dart:2768:7)
#9      RenderProxyBoxMixin.performLayout (package:flutter/src/rendering/proxy_box.dart:118:18)
#10     RenderObject.layout (package:flutter/src/rendering/object.dart:2768:7)
#11     ChildLayoutHelper.layoutChild (package:flutter/src/rendering/layout_helper.dart:62:11)
#12     RenderFlex._computeSizes (package:flutter/src/rendering/flex.dart:1237:28)
#13     RenderFlex.performLayout (package:flutter/src/rendering/flex.dart:1329:32)
#14     RenderObject.layout (package:flutter/src/rendering/object.dart:2768:7)
#15     ChildLayoutHelper.layoutChild (package:flutter/src/rendering/layout_helper.dart:62:11)
#16     RenderFlex._computeSizes (package:flutter/src/rendering/flex.dart:1237:28)
#17     RenderFlex.performLayout (package:flutter/src/rendering/flex.dart:1329:32)
#18     RenderObject.layout (package:flutter/src/rendering/object.dart:2768:7)
#19     _RenderSingleChildViewport.performLayout (package:flutter/src/widgets/single_child_scroll_view.dart:502:14)
#20     RenderObject.layout (package:flutter/src/rendering/object.dart:2768:7)
#21     RenderProxyBoxMixin.performLayout (package:flutter/src/rendering/proxy_box.dart:118:18)
#22     RenderObject.layout (package:flutter/src/rendering/object.dart:2768:7)
#23     RenderProxyBoxMixin.performLayout (package:flutter/src/rendering/proxy_box.dart:118:18)
#24     RenderObject.layout (package:flutter/src/rendering/object.dart:2768:7)
#25     RenderProxyBoxMixin.performLayout (package:flutter/src/rendering/proxy_box.dart:118:18)
#26     RenderObject.layout (package:flutter/src/rendering/object.dart:2768:7)
#27     RenderProxyBoxMixin.performLayout (package:flutter/src/rendering/proxy_box.dart:118:18)
#28     RenderObject.layout (package:flutter/src/rendering/object.dart:2768:7)
#29     RenderProxyBoxMixin.performLayout (package:flutter/src/rendering/proxy_box.dart:118:18)
#30     RenderObject.layout (package:flutter/src/rendering/object.dart:2768:7)
#31     RenderProxyBoxMixin.performLayout (package:flutter/src/rendering/proxy_box.dart:118:18)
#32     RenderObject.layout (package:flutter/src/rendering/object.dart:2768:7)
#33     RenderProxyBoxMixin.performLayout (package:flutter/src/rendering/proxy_box.dart:118:18)
#34     RenderObject.layout (package:flutter/src/rendering/object.dart:2768:7)
#35     RenderProxyBoxMixin.performLayout (package:flutter/src/rendering/proxy_box.dart:118:18)
#36     _RenderCustomClip.performLayout (package:flutter/src/rendering/proxy_box.dart:1549:11)
#37     RenderObject.layout (package:flutter/src/rendering/object.dart:2768:7)
#38     RenderPadding.performLayout (package:flutter/src/rendering/shifted_box.dart:262:12)
#39     RenderObject.layout (package:flutter/src/rendering/object.dart:2768:7)
#40     _RenderLayoutBuilder.performLayout (package:flutter/src/widgets/layout_builder.dart:449:14)
#41     RenderObject.layout (package:flutter/src/rendering/object.dart:2768:7)
#42     MultiChildLayoutDelegate.layoutChild (package:flutter/src/rendering/custom_layout.dart:180:12)
#43     _ScaffoldLayout.performLayout (package:flutter/src/material/scaffold.dart:1113:7)
#44     MultiChildLayoutDelegate._callPerformLayout (package:flutter/src/rendering/custom_layout.dart:246:7)
#45     RenderCustomMultiChildLayoutBox.performLayout (package:flutter/src/rendering/custom_layout.dart:417:14)
#46     RenderObject.layout (package:flutter/src/rendering/object.dart:2768:7)
#47     RenderProxyBoxMixin.performLayout (package:flutter/src/rendering/proxy_box.dart:118:18)
#48     RenderObject.layout (package:flutter/src/rendering/object.dart:2768:7)
#49     RenderProxyBoxMixin.performLayout (package:flutter/src/rendering/proxy_box.dart:118:18)
#50     _RenderCustomClip.performLayout (package:flutter/src/rendering/proxy_box.dart:1549:11)
#51     RenderObject.layout (package:flutter/src/rendering/object.dart:2768:7)
#52     RenderProxyBoxMixin.performLayout (package:flutter/src/rendering/proxy_box.dart:118:18)
#53     RenderObject.layout (package:flutter/src/rendering/object.dart:2768:7)
#54     RenderProxyBoxMixin.performLayout (package:flutter/src/rendering/proxy_box.dart:118:18)
#55     RenderObject.layout (package:flutter/src/rendering/object.dart:2768:7)
#56     RenderProxyBoxMixin.performLayout (package:flutter/src/rendering/proxy_box.dart:118:18)
#57     RenderObject.layout (package:flutter/src/rendering/object.dart:2768:7)
#58     RenderProxyBoxMixin.performLayout (package:flutter/src/rendering/proxy_box.dart:118:18)
#59     RenderObject.layout (package:flutter/src/rendering/object.dart:2768:7)
#60     RenderProxyBoxMixin.performLayout (package:flutter/src/rendering/proxy_box.dart:118:18)
#61     RenderObject.layout (package:flutter/src/rendering/object.dart:2768:7)
#62     RenderProxyBoxMixin.performLayout (package:flutter/src/rendering/proxy_box.dart:118:18)
#63     RenderObject.layout (package:flutter/src/rendering/object.dart:2768:7)
#64     RenderProxyBoxMixin.performLayout (package:flutter/src/rendering/proxy_box.dart:118:18)
#65     RenderObject.layout (package:flutter/src/rendering/object.dart:2768:7)
#66     RenderProxyBoxMixin.performLayout (package:flutter/src/rendering/proxy_box.dart:118:18)
#67     RenderObject.layout (package:flutter/src/rendering/object.dart:2768:7)
#68     RenderProxyBoxMixin.performLayout (package:flutter/src/rendering/proxy_box.dart:118:18)
#69     RenderObject.layout (package:flutter/src/rendering/object.dart:2768:7)
#70     RenderProxyBoxMixin.performLayout (package:flutter/src/rendering/proxy_box.dart:118:18)
#71     RenderObject.layout (package:flutter/src/rendering/object.dart:2768:7)
#72     RenderProxyBoxMixin.performLayout (package:flutter/src/rendering/proxy_box.dart:118:18)
#73     RenderObject.layout (package:flutter/src/rendering/object.dart:2768:7)
#74     RenderProxyBoxMixin.performLayout (package:flutter/src/rendering/proxy_box.dart:118:18)
#75     RenderObject.layout (package:flutter/src/rendering/object.dart:2768:7)
#76     RenderProxyBoxMixin.performLayout (package:flutter/src/rendering/proxy_box.dart:118:18)
#77     RenderObject.layout (package:flutter/src/rendering/object.dart:2768:7)
#78     RenderProxyBoxMixin.performLayout (package:flutter/src/rendering/proxy_box.dart:118:18)
#79     RenderObject.layout (package:flutter/src/rendering/object.dart:2768:7)
#80     RenderProxyBoxMixin.performLayout (package:flutter/src/rendering/proxy_box.dart:118:18)
#81     RenderObject.layout (package:flutter/src/rendering/object.dart:2768:7)
#82     RenderProxyBoxMixin.performLayout (package:flutter/src/rendering/proxy_box.dart:118:18)
#83     RenderOffstage.performLayout (package:flutter/src/rendering/proxy_box.dart:3923:13)
#84     RenderObject.layout (package:flutter/src/rendering/object.dart:2768:7)
#85     RenderProxyBoxMixin.performLayout (package:flutter/src/rendering/proxy_box.dart:118:18)
#86     RenderObject.layout (package:flutter/src/rendering/object.dart:2768:7)
#87     _RenderTheaterMixin.layoutChild (package:flutter/src/widgets/overlay.dart:1084:13)
#88     _RenderTheater.performLayout (package:flutter/src/widgets/overlay.dart:1429:9)
#89     RenderObject.layout (package:flutter/src/rendering/object.dart:2768:7)
#90     RenderProxyBoxMixin.performLayout (package:flutter/src/rendering/proxy_box.dart:118:18)
#91     RenderObject.layout (package:flutter/src/rendering/object.dart:2768:7)
#92     RenderProxyBoxMixin.performLayout (package:flutter/src/rendering/proxy_box.dart:118:18)
#93     RenderObject.layout (package:flutter/src/rendering/object.dart:2768:7)
#94     RenderProxyBoxMixin.performLayout (package:flutter/src/rendering/proxy_box.dart:118:18)
#95     RenderObject.layout (package:flutter/src/rendering/object.dart:2768:7)
#96     RenderProxyBoxMixin.performLayout (package:flutter/src/rendering/proxy_box.dart:118:18)
#97     RenderCustomPaint.performLayout (package:flutter/src/rendering/custom_paint.dart:574:11)
#98     RenderObject.layout (package:flutter/src/rendering/object.dart:2768:7)
#99     RenderProxyBoxMixin.performLayout (package:flutter/src/rendering/proxy_box.dart:118:18)
#100    RenderObject.layout (package:flutter/src/rendering/object.dart:2768:7)
#101    RenderProxyBoxMixin.performLayout (package:flutter/src/rendering/proxy_box.dart:118:18)
#102    RenderObject.layout (package:flutter/src/rendering/object.dart:2768:7)
#103    RenderProxyBoxMixin.performLayout (package:flutter/src/rendering/proxy_box.dart:118:18)
#104    RenderObject.layout (package:flutter/src/rendering/object.dart:2768:7)
#105    RenderProxyBoxMixin.performLayout (package:flutter/src/rendering/proxy_box.dart:118:18)
#106    RenderObject.layout (package:flutter/src/rendering/object.dart:2768:7)
#107    RenderProxyBoxMixin.performLayout (package:flutter/src/rendering/proxy_box.dart:118:18)
#108    RenderObject.layout (package:flutter/src/rendering/object.dart:2768:7)
#109    RenderProxyBoxMixin.performLayout (package:flutter/src/rendering/proxy_box.dart:118:18)
#110    RenderObject.layout (package:flutter/src/rendering/object.dart:2768:7)
#111    RenderView.performLayout (package:flutter/src/rendering/view.dart:292:12)
#112    RenderObject._layoutWithoutResize (package:flutter/src/rendering/object.dart:2616:7)
#113    PipelineOwner.flushLayout (package:flutter/src/rendering/object.dart:1174:18)
#114    PipelineOwner.flushLayout (package:flutter/src/rendering/object.dart:1187:15)
#115    AutomatedTestWidgetsFlutterBinding.drawFrame (package:flutter_test/src/binding.dart:2133:27)
#116    RendererBinding._handlePersistentFrameCallback (package:flutter/src/rendering/binding.dart:495:5)
#117    SchedulerBinding._invokeFrameCallback (package:flutter/src/scheduler/binding.dart:1430:15)
#118    SchedulerBinding.handleDrawFrame (package:flutter/src/scheduler/binding.dart:1345:9)
#119    AutomatedTestWidgetsFlutterBinding.pump.<anonymous closure> (package:flutter_test/src/binding.dart:1960:9)
#122    TestAsyncUtils.guard (package:flutter_test/src/test_async_utils.dart:74:41)
#123    AutomatedTestWidgetsFlutterBinding.pump (package:flutter_test/src/binding.dart:1949:27)
#124    WidgetTester.pumpWidget.<anonymous closure> (package:flutter_test/src/widget_tester.dart:598:22)
#127    TestAsyncUtils.guard (package:flutter_test/src/test_async_utils.dart:74:41)
#128    WidgetTester.pumpWidget (package:flutter_test/src/widget_tester.dart:595:27)
#129    main.<anonymous closure>.<anonymous closure> (file:///C:/Users/bhara/StudioProjects/simple_billing_app/test/widget/billing_screen_test.dart:17:20)
#130    testWidgets.<anonymous closure>.<anonymous closure> (package:flutter_test/src/widget_tester.dart:192:29)
<asynchronous suspension>
#131    TestWidgetsFlutterBinding._runTestBody (package:flutter_test/src/binding.dart:1682:5)
<asynchronous suspension>
<asynchronous suspension>
(elided 7 frames from class _AssertionError, dart:async, and package:stack_trace)

The following RenderObject was being processed when the exception was fired: RenderFlex#0f0a9 relayoutBoundary=up16 NEEDS-LAYOUT NEEDS-PAINT NEEDS-COMPOSITING-BITS-UPDATE:
  creator: Column ΓåÉ Padding ΓåÉ DecoratedBox ΓåÉ Container ΓåÉ Column ΓåÉ Row ΓåÉ _SingleChildViewport ΓåÉ
    IgnorePointer-[GlobalKey#bba0d] ΓåÉ Semantics ΓåÉ Listener ΓåÉ _GestureSemantics ΓåÉ
    RawGestureDetector-[LabeledGlobalKey<RawGestureDetectorState>#1b3ff] ΓåÉ Γï»
  parentData: offset=Offset(0.0, 0.0) (can use size)
  constraints: BoxConstraints(unconstrained)
  size: MISSING
  direction: vertical
  mainAxisAlignment: start
  mainAxisSize: max
  crossAxisAlignment: start
  textDirection: ltr
  verticalDirection: down
  spacing: 0.0
This RenderObject had the following descendants (showing up to depth 5):
    child 1: RenderParagraph#505b4 relayoutBoundary=up17 NEEDS-PAINT
      text: TextSpan
    child 2: RenderConstrainedBox#6fa7e relayoutBoundary=up17 NEEDS-PAINT
    child 3: RenderSemanticsGestureHandler#4e63f relayoutBoundary=up17 NEEDS-PAINT NEEDS-COMPOSITING-BITS-UPDATE
      child: RenderPointerListener#32fd7 relayoutBoundary=up18 NEEDS-PAINT NEEDS-COMPOSITING-BITS-UPDATE
        child: RenderAbsorbPointer#9b94e relayoutBoundary=up19 NEEDS-PAINT NEEDS-COMPOSITING-BITS-UPDATE
          child: RenderMouseRegion#59991 relayoutBoundary=up20 NEEDS-PAINT NEEDS-COMPOSITING-BITS-UPDATE
            child: RenderTapRegion#62d08 relayoutBoundary=up21 NEEDS-PAINT NEEDS-COMPOSITING-BITS-UPDATE
ΓòÉΓòÉΓòÉΓòÉΓòÉΓòÉΓòÉΓòÉΓòÉΓòÉΓòÉΓòÉΓòÉΓòÉΓòÉΓòÉΓòÉΓòÉΓòÉΓòÉΓòÉΓòÉΓòÉΓòÉΓòÉΓòÉΓòÉΓòÉΓòÉΓòÉΓòÉΓòÉΓòÉΓòÉΓòÉΓòÉΓòÉΓòÉΓòÉΓòÉΓòÉΓòÉΓòÉΓòÉΓòÉΓòÉΓòÉΓòÉΓòÉΓòÉΓòÉΓòÉΓòÉΓòÉΓòÉΓòÉΓòÉΓòÉΓòÉΓòÉΓòÉΓòÉΓòÉΓòÉΓòÉΓòÉΓòÉΓòÉΓòÉΓòÉΓòÉΓòÉΓòÉΓòÉΓòÉΓòÉΓòÉΓòÉΓòÉΓòÉΓòÉΓòÉΓòÉΓòÉΓòÉΓòÉΓòÉΓòÉΓòÉΓòÉΓòÉΓòÉΓòÉΓòÉΓòÉΓòÉΓòÉΓòÉΓòÉΓòÉ
ΓòÉΓòÉΓòí EXCEPTION CAUGHT BY RENDERING LIBRARY Γò₧ΓòÉΓòÉΓòÉΓòÉΓòÉΓòÉΓòÉΓòÉΓòÉΓòÉΓòÉΓòÉΓòÉΓòÉΓòÉΓòÉΓòÉΓòÉΓòÉΓòÉΓòÉΓòÉΓòÉΓòÉΓòÉΓòÉΓòÉΓòÉΓòÉΓòÉΓòÉΓòÉΓòÉΓòÉΓòÉΓòÉΓòÉΓòÉΓòÉΓòÉΓòÉΓòÉΓòÉΓòÉΓòÉΓòÉΓòÉΓòÉΓòÉΓòÉΓòÉΓòÉΓòÉΓòÉΓòÉΓòÉΓòÉ
The following assertion was thrown during performLayout():
RenderBox was not laid out: RenderFlex#0f0a9 relayoutBoundary=up16 NEEDS-PAINT
NEEDS-COMPOSITING-BITS-UPDATE
'package:flutter/src/rendering/box.dart':
Failed assertion: line 2251 pos 12: 'hasSize'

Either the assertion indicates an error in the framework itself, or we should provide substantially
more information in this error message to help you determine and fix the underlying cause.
In either case, please report this assertion by filing a bug on GitHub:
  https://github.com/flutter/flutter/issues/new?template=02_bug.yml

The relevant error-causing widget was:
  Container
  Container:file:///C:/Users/bhara/StudioProjects/simple_billing_app/lib/views/screens/billing_screen.dart:288:12

When the exception was thrown, this was the stack:
#2      RenderBox.size (package:flutter/src/rendering/box.dart:2251:12)
#3      RenderPadding.performLayout (package:flutter/src/rendering/shifted_box.dart:266:40)
#4      RenderObject.layout (package:flutter/src/rendering/object.dart:2768:7)
#5      RenderProxyBoxMixin.performLayout (package:flutter/src/rendering/proxy_box.dart:118:18)
#6      RenderObject.layout (package:flutter/src/rendering/object.dart:2768:7)
#7      ChildLayoutHelper.layoutChild (package:flutter/src/rendering/layout_helper.dart:62:11)
#8      RenderFlex._computeSizes (package:flutter/src/rendering/flex.dart:1237:28)
#9      RenderFlex.performLayout (package:flutter/src/rendering/flex.dart:1329:32)
#10     RenderObject.layout (package:flutter/src/rendering/object.dart:2768:7)
#11     ChildLayoutHelper.layoutChild (package:flutter/src/rendering/layout_helper.dart:62:11)
#12     RenderFlex._computeSizes (package:flutter/src/rendering/flex.dart:1237:28)
#13     RenderFlex.performLayout (package:flutter/src/rendering/flex.dart:1329:32)
#14     RenderObject.layout (package:flutter/src/rendering/object.dart:2768:7)
#15     _RenderSingleChildViewport.performLayout (package:flutter/src/widgets/single_child_scroll_view.dart:502:14)
#16     RenderObject.layout (package:flutter/src/rendering/object.dart:2768:7)
#17     RenderProxyBoxMixin.performLayout (package:flutter/src/rendering/proxy_box.dart:118:18)
#18     RenderObject.layout (package:flutter/src/rendering/object.dart:2768:7)
#19     RenderProxyBoxMixin.performLayout (package:flutter/src/rendering/proxy_box.dart:118:18)
#20     RenderObject.layout (package:flutter/src/rendering/object.dart:2768:7)
#21     RenderProxyBoxMixin.performLayout (package:flutter/src/rendering/proxy_box.dart:118:18)
#22     RenderObject.layout (package:flutter/src/rendering/object.dart:2768:7)
#23     RenderProxyBoxMixin.performLayout (package:flutter/src/rendering/proxy_box.dart:118:18)
#24     RenderObject.layout (package:flutter/src/rendering/object.dart:2768:7)
#25     RenderProxyBoxMixin.performLayout (package:flutter/src/rendering/proxy_box.dart:118:18)
#26     RenderObject.layout (package:flutter/src/rendering/object.dart:2768:7)
#27     RenderProxyBoxMixin.performLayout (package:flutter/src/rendering/proxy_box.dart:118:18)
#28     RenderObject.layout (package:flutter/src/rendering/object.dart:2768:7)
#29     RenderProxyBoxMixin.performLayout (package:flutter/src/rendering/proxy_box.dart:118:18)
#30     RenderObject.layout (package:flutter/src/rendering/object.dart:2768:7)
#31     RenderProxyBoxMixin.performLayout (package:flutter/src/rendering/proxy_box.dart:118:18)
#32     _RenderCustomClip.performLayout (package:flutter/src/rendering/proxy_box.dart:1549:11)
#33     RenderObject.layout (package:flutter/src/rendering/object.dart:2768:7)
#34     RenderPadding.performLayout (package:flutter/src/rendering/shifted_box.dart:262:12)
#35     RenderObject.layout (package:flutter/src/rendering/object.dart:2768:7)
#36     _RenderLayoutBuilder.performLayout (package:flutter/src/widgets/layout_builder.dart:449:14)
#37     RenderObject.layout (package:flutter/src/rendering/object.dart:2768:7)
#38     MultiChildLayoutDelegate.layoutChild (package:flutter/src/rendering/custom_layout.dart:180:12)
#39     _ScaffoldLayout.performLayout (package:flutter/src/material/scaffold.dart:1113:7)
#40     MultiChildLayoutDelegate._callPerformLayout (package:flutter/src/rendering/custom_layout.dart:246:7)
#41     RenderCustomMultiChildLayoutBox.performLayout (package:flutter/src/rendering/custom_layout.dart:417:14)
#42     RenderObject.layout (package:flutter/src/rendering/object.dart:2768:7)
#43     RenderProxyBoxMixin.performLayout (package:flutter/src/rendering/proxy_box.dart:118:18)
#44     RenderObject.layout (package:flutter/src/rendering/object.dart:2768:7)
#45     RenderProxyBoxMixin.performLayout (package:flutter/src/rendering/proxy_box.dart:118:18)
#46     _RenderCustomClip.performLayout (package:flutter/src/rendering/proxy_box.dart:1549:11)
#47     RenderObject.layout (package:flutter/src/rendering/object.dart:2768:7)
#48     RenderProxyBoxMixin.performLayout (package:flutter/src/rendering/proxy_box.dart:118:18)
#49     RenderObject.layout (package:flutter/src/rendering/object.dart:2768:7)
#50     RenderProxyBoxMixin.performLayout (package:flutter/src/rendering/proxy_box.dart:118:18)
#51     RenderObject.layout (package:flutter/src/rendering/object.dart:2768:7)
#52     RenderProxyBoxMixin.performLayout (package:flutter/src/rendering/proxy_box.dart:118:18)
#53     RenderObject.layout (package:flutter/src/rendering/object.dart:2768:7)
#54     RenderProxyBoxMixin.performLayout (package:flutter/src/rendering/proxy_box.dart:118:18)
#55     RenderObject.layout (package:flutter/src/rendering/object.dart:2768:7)
#56     RenderProxyBoxMixin.performLayout (package:flutter/src/rendering/proxy_box.dart:118:18)
#57     RenderObject.layout (package:flutter/src/rendering/object.dart:2768:7)
#58     RenderProxyBoxMixin.performLayout (package:flutter/src/rendering/proxy_box.dart:118:18)
#59     RenderObject.layout (package:flutter/src/rendering/object.dart:2768:7)
#60     RenderProxyBoxMixin.performLayout (package:flutter/src/rendering/proxy_box.dart:118:18)
#61     RenderObject.layout (package:flutter/src/rendering/object.dart:2768:7)
#62     RenderProxyBoxMixin.performLayout (package:flutter/src/rendering/proxy_box.dart:118:18)
#63     RenderObject.layout (package:flutter/src/rendering/object.dart:2768:7)
#64     RenderProxyBoxMixin.performLayout (package:flutter/src/rendering/proxy_box.dart:118:18)
#65     RenderObject.layout (package:flutter/src/rendering/object.dart:2768:7)
#66     RenderProxyBoxMixin.performLayout (package:flutter/src/rendering/proxy_box.dart:118:18)
#67     RenderObject.layout (package:flutter/src/rendering/object.dart:2768:7)
#68     RenderProxyBoxMixin.performLayout (package:flutter/src/rendering/proxy_box.dart:118:18)
#69     RenderObject.layout (package:flutter/src/rendering/object.dart:2768:7)
#70     RenderProxyBoxMixin.performLayout (package:flutter/src/rendering/proxy_box.dart:118:18)
#71     RenderObject.layout (package:flutter/src/rendering/object.dart:2768:7)
#72     RenderProxyBoxMixin.performLayout (package:flutter/src/rendering/proxy_box.dart:118:18)
#73     RenderObject.layout (package:flutter/src/rendering/object.dart:2768:7)
#74     RenderProxyBoxMixin.performLayout (package:flutter/src/rendering/proxy_box.dart:118:18)
#75     RenderObject.layout (package:flutter/src/rendering/object.dart:2768:7)
#76     RenderProxyBoxMixin.performLayout (package:flutter/src/rendering/proxy_box.dart:118:18)
#77     RenderObject.layout (package:flutter/src/rendering/object.dart:2768:7)
#78     RenderProxyBoxMixin.performLayout (package:flutter/src/rendering/proxy_box.dart:118:18)
#79     RenderOffstage.performLayout (package:flutter/src/rendering/proxy_box.dart:3923:13)
#80     RenderObject.layout (package:flutter/src/rendering/object.dart:2768:7)
#81     RenderProxyBoxMixin.performLayout (package:flutter/src/rendering/proxy_box.dart:118:18)
#82     RenderObject.layout (package:flutter/src/rendering/object.dart:2768:7)
#83     _RenderTheaterMixin.layoutChild (package:flutter/src/widgets/overlay.dart:1084:13)
#84     _RenderTheater.performLayout (package:flutter/src/widgets/overlay.dart:1429:9)
#85     RenderObject.layout (package:flutter/src/rendering/object.dart:2768:7)
#86     RenderProxyBoxMixin.performLayout (package:flutter/src/rendering/proxy_box.dart:118:18)
#87     RenderObject.layout (package:flutter/src/rendering/object.dart:2768:7)
#88     RenderProxyBoxMixin.performLayout (package:flutter/src/rendering/proxy_box.dart:118:18)
#89     RenderObject.layout (package:flutter/src/rendering/object.dart:2768:7)
#90     RenderProxyBoxMixin.performLayout (package:flutter/src/rendering/proxy_box.dart:118:18)
#91     RenderObject.layout (package:flutter/src/rendering/object.dart:2768:7)
#92     RenderProxyBoxMixin.performLayout (package:flutter/src/rendering/proxy_box.dart:118:18)
#93     RenderCustomPaint.performLayout (package:flutter/src/rendering/custom_paint.dart:574:11)
#94     RenderObject.layout (package:flutter/src/rendering/object.dart:2768:7)
#95     RenderProxyBoxMixin.performLayout (package:flutter/src/rendering/proxy_box.dart:118:18)
#96     RenderObject.layout (package:flutter/src/rendering/object.dart:2768:7)
#97     RenderProxyBoxMixin.performLayout (package:flutter/src/rendering/proxy_box.dart:118:18)
#98     RenderObject.layout (package:flutter/src/rendering/object.dart:2768:7)
#99     RenderProxyBoxMixin.performLayout (package:flutter/src/rendering/proxy_box.dart:118:18)
#100    RenderObject.layout (package:flutter/src/rendering/object.dart:2768:7)
#101    RenderProxyBoxMixin.performLayout (package:flutter/src/rendering/proxy_box.dart:118:18)
#102    RenderObject.layout (package:flutter/src/rendering/object.dart:2768:7)
#103    RenderProxyBoxMixin.performLayout (package:flutter/src/rendering/proxy_box.dart:118:18)
#104    RenderObject.layout (package:flutter/src/rendering/object.dart:2768:7)
#105    RenderProxyBoxMixin.performLayout (package:flutter/src/rendering/proxy_box.dart:118:18)
#106    RenderObject.layout (package:flutter/src/rendering/object.dart:2768:7)
#107    RenderView.performLayout (package:flutter/src/rendering/view.dart:292:12)
#108    RenderObject._layoutWithoutResize (package:flutter/src/rendering/object.dart:2616:7)
#109    PipelineOwner.flushLayout (package:flutter/src/rendering/object.dart:1174:18)
#110    PipelineOwner.flushLayout (package:flutter/src/rendering/object.dart:1187:15)
#111    AutomatedTestWidgetsFlutterBinding.drawFrame (package:flutter_test/src/binding.dart:2133:27)
#112    RendererBinding._handlePersistentFrameCallback (package:flutter/src/rendering/binding.dart:495:5)
#113    SchedulerBinding._invokeFrameCallback (package:flutter/src/scheduler/binding.dart:1430:15)
#114    SchedulerBinding.handleDrawFrame (package:flutter/src/scheduler/binding.dart:1345:9)
#115    AutomatedTestWidgetsFlutterBinding.pump.<anonymous closure> (package:flutter_test/src/binding.dart:1960:9)
#118    TestAsyncUtils.guard (package:flutter_test/src/test_async_utils.dart:74:41)
#119    AutomatedTestWidgetsFlutterBinding.pump (package:flutter_test/src/binding.dart:1949:27)
#120    WidgetTester.pumpWidget.<anonymous closure> (package:flutter_test/src/widget_tester.dart:598:22)
#123    TestAsyncUtils.guard (package:flutter_test/src/test_async_utils.dart:74:41)
#124    WidgetTester.pumpWidget (package:flutter_test/src/widget_tester.dart:595:27)
#125    main.<anonymous closure>.<anonymous closure> (file:///C:/Users/bhara/StudioProjects/simple_billing_app/test/widget/billing_screen_test.dart:17:20)
#126    testWidgets.<anonymous closure>.<anonymous closure> (package:flutter_test/src/widget_tester.dart:192:29)
<asynchronous suspension>
#127    TestWidgetsFlutterBinding._runTestBody (package:flutter_test/src/binding.dart:1682:5)
<asynchronous suspension>
<asynchronous suspension>
(elided 7 frames from class _AssertionError, dart:async, and package:stack_trace)

The following RenderObject was being processed when the exception was fired: RenderPadding#70541 relayoutBoundary=up15 NEEDS-LAYOUT NEEDS-PAINT NEEDS-COMPOSITING-BITS-UPDATE:
  creator: Padding ΓåÉ DecoratedBox ΓåÉ Container ΓåÉ Column ΓåÉ Row ΓåÉ _SingleChildViewport ΓåÉ
    IgnorePointer-[GlobalKey#bba0d] ΓåÉ Semantics ΓåÉ Listener ΓåÉ _GestureSemantics ΓåÉ
    RawGestureDetector-[LabeledGlobalKey<RawGestureDetectorState>#1b3ff] ΓåÉ Listener ΓåÉ Γï»
  parentData: <none> (can use size)
  constraints: BoxConstraints(unconstrained)
  size: MISSING
  padding: EdgeInsets.all(25.0)
  textDirection: ltr
This RenderObject had the following descendants (showing up to depth 5):
    child: RenderFlex#0f0a9 relayoutBoundary=up16 NEEDS-PAINT NEEDS-COMPOSITING-BITS-UPDATE
      child 1: RenderParagraph#505b4 relayoutBoundary=up17 NEEDS-PAINT
        text: TextSpan
      child 2: RenderConstrainedBox#6fa7e relayoutBoundary=up17 NEEDS-PAINT
      child 3: RenderSemanticsGestureHandler#4e63f relayoutBoundary=up17 NEEDS-PAINT NEEDS-COMPOSITING-BITS-UPDATE
        child: RenderPointerListener#32fd7 relayoutBoundary=up18 NEEDS-PAINT NEEDS-COMPOSITING-BITS-UPDATE
          child: RenderAbsorbPointer#9b94e relayoutBoundary=up19 NEEDS-PAINT NEEDS-COMPOSITING-BITS-UPDATE
            child: RenderMouseRegion#59991 relayoutBoundary=up20 NEEDS-PAINT NEEDS-COMPOSITING-BITS-UPDATE
ΓòÉΓòÉΓòÉΓòÉΓòÉΓòÉΓòÉΓòÉΓòÉΓòÉΓòÉΓòÉΓòÉΓòÉΓòÉΓòÉΓòÉΓòÉΓòÉΓòÉΓòÉΓòÉΓòÉΓòÉΓòÉΓòÉΓòÉΓòÉΓòÉΓòÉΓòÉΓòÉΓòÉΓòÉΓòÉΓòÉΓòÉΓòÉΓòÉΓòÉΓòÉΓòÉΓòÉΓòÉΓòÉΓòÉΓòÉΓòÉΓòÉΓòÉΓòÉΓòÉΓòÉΓòÉΓòÉΓòÉΓòÉΓòÉΓòÉΓòÉΓòÉΓòÉΓòÉΓòÉΓòÉΓòÉΓòÉΓòÉΓòÉΓòÉΓòÉΓòÉΓòÉΓòÉΓòÉΓòÉΓòÉΓòÉΓòÉΓòÉΓòÉΓòÉΓòÉΓòÉΓòÉΓòÉΓòÉΓòÉΓòÉΓòÉΓòÉΓòÉΓòÉΓòÉΓòÉΓòÉΓòÉΓòÉΓòÉΓòÉ
ΓòÉΓòÉΓòí EXCEPTION CAUGHT BY RENDERING LIBRARY Γò₧ΓòÉΓòÉΓòÉΓòÉΓòÉΓòÉΓòÉΓòÉΓòÉΓòÉΓòÉΓòÉΓòÉΓòÉΓòÉΓòÉΓòÉΓòÉΓòÉΓòÉΓòÉΓòÉΓòÉΓòÉΓòÉΓòÉΓòÉΓòÉΓòÉΓòÉΓòÉΓòÉΓòÉΓòÉΓòÉΓòÉΓòÉΓòÉΓòÉΓòÉΓòÉΓòÉΓòÉΓòÉΓòÉΓòÉΓòÉΓòÉΓòÉΓòÉΓòÉΓòÉΓòÉΓòÉΓòÉΓòÉΓòÉ
The following assertion was thrown during performLayout():
RenderBox was not laid out: RenderPadding#70541 relayoutBoundary=up15 NEEDS-PAINT
NEEDS-COMPOSITING-BITS-UPDATE
'package:flutter/src/rendering/box.dart':
Failed assertion: line 2251 pos 12: 'hasSize'

Either the assertion indicates an error in the framework itself, or we should provide substantially
more information in this error message to help you determine and fix the underlying cause.
In either case, please report this assertion by filing a bug on GitHub:
  https://github.com/flutter/flutter/issues/new?template=02_bug.yml

The relevant error-causing widget was:
  Container
  Container:file:///C:/Users/bhara/StudioProjects/simple_billing_app/lib/views/screens/billing_screen.dart:288:12

When the exception was thrown, this was the stack:
#2      RenderBox.size (package:flutter/src/rendering/box.dart:2251:12)
#3      RenderProxyBoxMixin.performLayout (package:flutter/src/rendering/proxy_box.dart:118:62)
#4      RenderObject.layout (package:flutter/src/rendering/object.dart:2768:7)
#5      ChildLayoutHelper.layoutChild (package:flutter/src/rendering/layout_helper.dart:62:11)
#6      RenderFlex._computeSizes (package:flutter/src/rendering/flex.dart:1237:28)
#7      RenderFlex.performLayout (package:flutter/src/rendering/flex.dart:1329:32)
#8      RenderObject.layout (package:flutter/src/rendering/object.dart:2768:7)
#9      ChildLayoutHelper.layoutChild (package:flutter/src/rendering/layout_helper.dart:62:11)
#10     RenderFlex._computeSizes (package:flutter/src/rendering/flex.dart:1237:28)
#11     RenderFlex.performLayout (package:flutter/src/rendering/flex.dart:1329:32)
#12     RenderObject.layout (package:flutter/src/rendering/object.dart:2768:7)
#13     _RenderSingleChildViewport.performLayout (package:flutter/src/widgets/single_child_scroll_view.dart:502:14)
#14     RenderObject.layout (package:flutter/src/rendering/object.dart:2768:7)
#15     RenderProxyBoxMixin.performLayout (package:flutter/src/rendering/proxy_box.dart:118:18)
#16     RenderObject.layout (package:flutter/src/rendering/object.dart:2768:7)
#17     RenderProxyBoxMixin.performLayout (package:flutter/src/rendering/proxy_box.dart:118:18)
#18     RenderObject.layout (package:flutter/src/rendering/object.dart:2768:7)
#19     RenderProxyBoxMixin.performLayout (package:flutter/src/rendering/proxy_box.dart:118:18)
#20     RenderObject.layout (package:flutter/src/rendering/object.dart:2768:7)
#21     RenderProxyBoxMixin.performLayout (package:flutter/src/rendering/proxy_box.dart:118:18)
#22     RenderObject.layout (package:flutter/src/rendering/object.dart:2768:7)
#23     RenderProxyBoxMixin.performLayout (package:flutter/src/rendering/proxy_box.dart:118:18)
#24     RenderObject.layout (package:flutter/src/rendering/object.dart:2768:7)
#25     RenderProxyBoxMixin.performLayout (package:flutter/src/rendering/proxy_box.dart:118:18)
#26     RenderObject.layout (package:flutter/src/rendering/object.dart:2768:7)
#27     RenderProxyBoxMixin.performLayout (package:flutter/src/rendering/proxy_box.dart:118:18)
#28     RenderObject.layout (package:flutter/src/rendering/object.dart:2768:7)
#29     RenderProxyBoxMixin.performLayout (package:flutter/src/rendering/proxy_box.dart:118:18)
#30     _RenderCustomClip.performLayout (package:flutter/src/rendering/proxy_box.dart:1549:11)
#31     RenderObject.layout (package:flutter/src/rendering/object.dart:2768:7)
#32     RenderPadding.performLayout (package:flutter/src/rendering/shifted_box.dart:262:12)
#33     RenderObject.layout (package:flutter/src/rendering/object.dart:2768:7)
#34     _RenderLayoutBuilder.performLayout (package:flutter/src/widgets/layout_builder.dart:449:14)
#35     RenderObject.layout (package:flutter/src/rendering/object.dart:2768:7)
#36     MultiChildLayoutDelegate.layoutChild (package:flutter/src/rendering/custom_layout.dart:180:12)
#37     _ScaffoldLayout.performLayout (package:flutter/src/material/scaffold.dart:1113:7)
#38     MultiChildLayoutDelegate._callPerformLayout (package:flutter/src/rendering/custom_layout.dart:246:7)
#39     RenderCustomMultiChildLayoutBox.performLayout (package:flutter/src/rendering/custom_layout.dart:417:14)
#40     RenderObject.layout (package:flutter/src/rendering/object.dart:2768:7)
#41     RenderProxyBoxMixin.performLayout (package:flutter/src/rendering/proxy_box.dart:118:18)
#42     RenderObject.layout (package:flutter/src/rendering/object.dart:2768:7)
#43     RenderProxyBoxMixin.performLayout (package:flutter/src/rendering/proxy_box.dart:118:18)
#44     _RenderCustomClip.performLayout (package:flutter/src/rendering/proxy_box.dart:1549:11)
#45     RenderObject.layout (package:flutter/src/rendering/object.dart:2768:7)
#46     RenderProxyBoxMixin.performLayout (package:flutter/src/rendering/proxy_box.dart:118:18)
#47     RenderObject.layout (package:flutter/src/rendering/object.dart:2768:7)
#48     RenderProxyBoxMixin.performLayout (package:flutter/src/rendering/proxy_box.dart:118:18)
#49     RenderObject.layout (package:flutter/src/rendering/object.dart:2768:7)
#50     RenderProxyBoxMixin.performLayout (package:flutter/src/rendering/proxy_box.dart:118:18)
#51     RenderObject.layout (package:flutter/src/rendering/object.dart:2768:7)
#52     RenderProxyBoxMixin.performLayout (package:flutter/src/rendering/proxy_box.dart:118:18)
#53     RenderObject.layout (package:flutter/src/rendering/object.dart:2768:7)
#54     RenderProxyBoxMixin.performLayout (package:flutter/src/rendering/proxy_box.dart:118:18)
#55     RenderObject.layout (package:flutter/src/rendering/object.dart:2768:7)
#56     RenderProxyBoxMixin.performLayout (package:flutter/src/rendering/proxy_box.dart:118:18)
#57     RenderObject.layout (package:flutter/src/rendering/object.dart:2768:7)
#58     RenderProxyBoxMixin.performLayout (package:flutter/src/rendering/proxy_box.dart:118:18)
#59     RenderObject.layout (package:flutter/src/rendering/object.dart:2768:7)
#60     RenderProxyBoxMixin.performLayout (package:flutter/src/rendering/proxy_box.dart:118:18)
#61     RenderObject.layout (package:flutter/src/rendering/object.dart:2768:7)
#62     RenderProxyBoxMixin.performLayout (package:flutter/src/rendering/proxy_box.dart:118:18)
#63     RenderObject.layout (package:flutter/src/rendering/object.dart:2768:7)
#64     RenderProxyBoxMixin.performLayout (package:flutter/src/rendering/proxy_box.dart:118:18)
#65     RenderObject.layout (package:flutter/src/rendering/object.dart:2768:7)
#66     RenderProxyBoxMixin.performLayout (package:flutter/src/rendering/proxy_box.dart:118:18)
#67     RenderObject.layout (package:flutter/src/rendering/object.dart:2768:7)
#68     RenderProxyBoxMixin.performLayout (package:flutter/src/rendering/proxy_box.dart:118:18)
#69     RenderObject.layout (package:flutter/src/rendering/object.dart:2768:7)
#70     RenderProxyBoxMixin.performLayout (package:flutter/src/rendering/proxy_box.dart:118:18)
#71     RenderObject.layout (package:flutter/src/rendering/object.dart:2768:7)
#72     RenderProxyBoxMixin.performLayout (package:flutter/src/rendering/proxy_box.dart:118:18)
#73     RenderObject.layout (package:flutter/src/rendering/object.dart:2768:7)
#74     RenderProxyBoxMixin.performLayout (package:flutter/src/rendering/proxy_box.dart:118:18)
#75     RenderObject.layout (package:flutter/src/rendering/object.dart:2768:7)
#76     RenderProxyBoxMixin.performLayout (package:flutter/src/rendering/proxy_box.dart:118:18)
#77     RenderOffstage.performLayout (package:flutter/src/rendering/proxy_box.dart:3923:13)
#78     RenderObject.layout (package:flutter/src/rendering/object.dart:2768:7)
#79     RenderProxyBoxMixin.performLayout (package:flutter/src/rendering/proxy_box.dart:118:18)
#80     RenderObject.layout (package:flutter/src/rendering/object.dart:2768:7)
#81     _RenderTheaterMixin.layoutChild (package:flutter/src/widgets/overlay.dart:1084:13)
#82     _RenderTheater.performLayout (package:flutter/src/widgets/overlay.dart:1429:9)
#83     RenderObject.layout (package:flutter/src/rendering/object.dart:2768:7)
#84     RenderProxyBoxMixin.performLayout (package:flutter/src/rendering/proxy_box.dart:118:18)
#85     RenderObject.layout (package:flutter/src/rendering/object.dart:2768:7)
#86     RenderProxyBoxMixin.performLayout (package:flutter/src/rendering/proxy_box.dart:118:18)
#87     RenderObject.layout (package:flutter/src/rendering/object.dart:2768:7)
#88     RenderProxyBoxMixin.performLayout (package:flutter/src/rendering/proxy_box.dart:118:18)
#89     RenderObject.layout (package:flutter/src/rendering/object.dart:2768:7)
#90     RenderProxyBoxMixin.performLayout (package:flutter/src/rendering/proxy_box.dart:118:18)
#91     RenderCustomPaint.performLayout (package:flutter/src/rendering/custom_paint.dart:574:11)
#92     RenderObject.layout (package:flutter/src/rendering/object.dart:2768:7)
#93     RenderProxyBoxMixin.performLayout (package:flutter/src/rendering/proxy_box.dart:118:18)
#94     RenderObject.layout (package:flutter/src/rendering/object.dart:2768:7)
#95     RenderProxyBoxMixin.performLayout (package:flutter/src/rendering/proxy_box.dart:118:18)
#96     RenderObject.layout (package:flutter/src/rendering/object.dart:2768:7)
#97     RenderProxyBoxMixin.performLayout (package:flutter/src/rendering/proxy_box.dart:118:18)
#98     RenderObject.layout (package:flutter/src/rendering/object.dart:2768:7)
#99     RenderProxyBoxMixin.performLayout (package:flutter/src/rendering/proxy_box.dart:118:18)
#100    RenderObject.layout (package:flutter/src/rendering/object.dart:2768:7)
#101    RenderProxyBoxMixin.performLayout (package:flutter/src/rendering/proxy_box.dart:118:18)
#102    RenderObject.layout (package:flutter/src/rendering/object.dart:2768:7)
#103    RenderProxyBoxMixin.performLayout (package:flutter/src/rendering/proxy_box.dart:118:18)
#104    RenderObject.layout (package:flutter/src/rendering/object.dart:2768:7)
#105    RenderView.performLayout (package:flutter/src/rendering/view.dart:292:12)
#106    RenderObject._layoutWithoutResize (package:flutter/src/rendering/object.dart:2616:7)
#107    PipelineOwner.flushLayout (package:flutter/src/rendering/object.dart:1174:18)
#108    PipelineOwner.flushLayout (package:flutter/src/rendering/object.dart:1187:15)
#109    AutomatedTestWidgetsFlutterBinding.drawFrame (package:flutter_test/src/binding.dart:2133:27)
#110    RendererBinding._handlePersistentFrameCallback (package:flutter/src/rendering/binding.dart:495:5)
#111    SchedulerBinding._invokeFrameCallback (package:flutter/src/scheduler/binding.dart:1430:15)
#112    SchedulerBinding.handleDrawFrame (package:flutter/src/scheduler/binding.dart:1345:9)
#113    AutomatedTestWidgetsFlutterBinding.pump.<anonymous closure> (package:flutter_test/src/binding.dart:1960:9)
#116    TestAsyncUtils.guard (package:flutter_test/src/test_async_utils.dart:74:41)
#117    AutomatedTestWidgetsFlutterBinding.pump (package:flutter_test/src/binding.dart:1949:27)
#118    WidgetTester.pumpWidget.<anonymous closure> (package:flutter_test/src/widget_tester.dart:598:22)
#121    TestAsyncUtils.guard (package:flutter_test/src/test_async_utils.dart:74:41)
#122    WidgetTester.pumpWidget (package:flutter_test/src/widget_tester.dart:595:27)
#123    main.<anonymous closure>.<anonymous closure> (file:///C:/Users/bhara/StudioProjects/simple_billing_app/test/widget/billing_screen_test.dart:17:20)
#124    testWidgets.<anonymous closure>.<anonymous closure> (package:flutter_test/src/widget_tester.dart:192:29)
<asynchronous suspension>
#125    TestWidgetsFlutterBinding._runTestBody (package:flutter_test/src/binding.dart:1682:5)
<asynchronous suspension>
<asynchronous suspension>
(elided 7 frames from class _AssertionError, dart:async, and package:stack_trace)

The following RenderObject was being processed when the exception was fired: RenderDecoratedBox#84e11 relayoutBoundary=up14 NEEDS-LAYOUT NEEDS-PAINT NEEDS-COMPOSITING-BITS-UPDATE:
  creator: DecoratedBox ΓåÉ Container ΓåÉ Column ΓåÉ Row ΓåÉ _SingleChildViewport ΓåÉ
    IgnorePointer-[GlobalKey#bba0d] ΓåÉ Semantics ΓåÉ Listener ΓåÉ _GestureSemantics ΓåÉ
    RawGestureDetector-[LabeledGlobalKey<RawGestureDetectorState>#1b3ff] ΓåÉ Listener ΓåÉ _ScrollableScope
    ΓåÉ Γï»
  parentData: offset=Offset(0.0, 0.0); flex=null; fit=null (can use size)
  constraints: BoxConstraints(unconstrained)
  size: MISSING
  decoration: BoxDecoration:
    color: Color(alpha: 1.0000, red: 1.0000, green: 1.0000, blue: 1.0000, colorSpace: ColorSpace.sRGB)
    border: Border.all(BorderSide(color: Color(alpha: 1.0000, red: 0.8784, green: 0.8471, blue: 0.8000,
      colorSpace: ColorSpace.sRGB)))
    borderRadius: BorderRadius.circular(16.0)
  configuration: ImageConfiguration(bundle: PlatformAssetBundle#5f0ed(), devicePixelRatio: 1.0,
    locale: en_US, textDirection: TextDirection.ltr, platform: android)
This RenderObject had the following descendants (showing up to depth 5):
    child: RenderPadding#70541 relayoutBoundary=up15 NEEDS-PAINT NEEDS-COMPOSITING-BITS-UPDATE
      child: RenderFlex#0f0a9 relayoutBoundary=up16 NEEDS-PAINT NEEDS-COMPOSITING-BITS-UPDATE
        child 1: RenderParagraph#505b4 relayoutBoundary=up17 NEEDS-PAINT
          text: TextSpan
        child 2: RenderConstrainedBox#6fa7e relayoutBoundary=up17 NEEDS-PAINT
        child 3: RenderSemanticsGestureHandler#4e63f relayoutBoundary=up17 NEEDS-PAINT NEEDS-COMPOSITING-BITS-UPDATE
          child: RenderPointerListener#32fd7 relayoutBoundary=up18 NEEDS-PAINT NEEDS-COMPOSITING-BITS-UPDATE
            child: RenderAbsorbPointer#9b94e relayoutBoundary=up19 NEEDS-PAINT NEEDS-COMPOSITING-BITS-UPDATE
ΓòÉΓòÉΓòÉΓòÉΓòÉΓòÉΓòÉΓòÉΓòÉΓòÉΓòÉΓòÉΓòÉΓòÉΓòÉΓòÉΓòÉΓòÉΓòÉΓòÉΓòÉΓòÉΓòÉΓòÉΓòÉΓòÉΓòÉΓòÉΓòÉΓòÉΓòÉΓòÉΓòÉΓòÉΓòÉΓòÉΓòÉΓòÉΓòÉΓòÉΓòÉΓòÉΓòÉΓòÉΓòÉΓòÉΓòÉΓòÉΓòÉΓòÉΓòÉΓòÉΓòÉΓòÉΓòÉΓòÉΓòÉΓòÉΓòÉΓòÉΓòÉΓòÉΓòÉΓòÉΓòÉΓòÉΓòÉΓòÉΓòÉΓòÉΓòÉΓòÉΓòÉΓòÉΓòÉΓòÉΓòÉΓòÉΓòÉΓòÉΓòÉΓòÉΓòÉΓòÉΓòÉΓòÉΓòÉΓòÉΓòÉΓòÉΓòÉΓòÉΓòÉΓòÉΓòÉΓòÉΓòÉΓòÉΓòÉΓòÉ
ΓòÉΓòÉΓòí EXCEPTION CAUGHT BY RENDERING LIBRARY Γò₧ΓòÉΓòÉΓòÉΓòÉΓòÉΓòÉΓòÉΓòÉΓòÉΓòÉΓòÉΓòÉΓòÉΓòÉΓòÉΓòÉΓòÉΓòÉΓòÉΓòÉΓòÉΓòÉΓòÉΓòÉΓòÉΓòÉΓòÉΓòÉΓòÉΓòÉΓòÉΓòÉΓòÉΓòÉΓòÉΓòÉΓòÉΓòÉΓòÉΓòÉΓòÉΓòÉΓòÉΓòÉΓòÉΓòÉΓòÉΓòÉΓòÉΓòÉΓòÉΓòÉΓòÉΓòÉΓòÉΓòÉΓòÉ
The following assertion was thrown during performLayout():
RenderBox was not laid out: RenderDecoratedBox#84e11 relayoutBoundary=up14 NEEDS-PAINT
NEEDS-COMPOSITING-BITS-UPDATE
'package:flutter/src/rendering/box.dart':
Failed assertion: line 2251 pos 12: 'hasSize'

Either the assertion indicates an error in the framework itself, or we should provide substantially
more information in this error message to help you determine and fix the underlying cause.
In either case, please report this assertion by filing a bug on GitHub:
  https://github.com/flutter/flutter/issues/new?template=02_bug.yml

The relevant error-causing widget was:
  Column
  Column:file:///C:/Users/bhara/StudioProjects/simple_billing_app/lib/views/screens/billing_screen.dart:244:13

When the exception was thrown, this was the stack:
#2      RenderBox.size (package:flutter/src/rendering/box.dart:2251:12)
#3      ChildLayoutHelper.layoutChild (package:flutter/src/rendering/layout_helper.dart:63:18)
#4      RenderFlex._computeSizes (package:flutter/src/rendering/flex.dart:1237:28)
#5      RenderFlex.performLayout (package:flutter/src/rendering/flex.dart:1329:32)
#6      RenderObject.layout (package:flutter/src/rendering/object.dart:2768:7)
#7      ChildLayoutHelper.layoutChild (package:flutter/src/rendering/layout_helper.dart:62:11)
#8      RenderFlex._computeSizes (package:flutter/src/rendering/flex.dart:1237:28)
#9      RenderFlex.performLayout (package:flutter/src/rendering/flex.dart:1329:32)
#10     RenderObject.layout (package:flutter/src/rendering/object.dart:2768:7)
#11     _RenderSingleChildViewport.performLayout (package:flutter/src/widgets/single_child_scroll_view.dart:502:14)
#12     RenderObject.layout (package:flutter/src/rendering/object.dart:2768:7)
#13     RenderProxyBoxMixin.performLayout (package:flutter/src/rendering/proxy_box.dart:118:18)
#14     RenderObject.layout (package:flutter/src/rendering/object.dart:2768:7)
#15     RenderProxyBoxMixin.performLayout (package:flutter/src/rendering/proxy_box.dart:118:18)
#16     RenderObject.layout (package:flutter/src/rendering/object.dart:2768:7)
#17     RenderProxyBoxMixin.performLayout (package:flutter/src/rendering/proxy_box.dart:118:18)
#18     RenderObject.layout (package:flutter/src/rendering/object.dart:2768:7)
#19     RenderProxyBoxMixin.performLayout (package:flutter/src/rendering/proxy_box.dart:118:18)
#20     RenderObject.layout (package:flutter/src/rendering/object.dart:2768:7)
#21     RenderProxyBoxMixin.performLayout (package:flutter/src/rendering/proxy_box.dart:118:18)
#22     RenderObject.layout (package:flutter/src/rendering/object.dart:2768:7)
#23     RenderProxyBoxMixin.performLayout (package:flutter/src/rendering/proxy_box.dart:118:18)
#24     RenderObject.layout (package:flutter/src/rendering/object.dart:2768:7)
#25     RenderProxyBoxMixin.performLayout (package:flutter/src/rendering/proxy_box.dart:118:18)
#26     RenderObject.layout (package:flutter/src/rendering/object.dart:2768:7)
#27     RenderProxyBoxMixin.performLayout (package:flutter/src/rendering/proxy_box.dart:118:18)
#28     _RenderCustomClip.performLayout (package:flutter/src/rendering/proxy_box.dart:1549:11)
#29     RenderObject.layout (package:flutter/src/rendering/object.dart:2768:7)
#30     RenderPadding.performLayout (package:flutter/src/rendering/shifted_box.dart:262:12)
#31     RenderObject.layout (package:flutter/src/rendering/object.dart:2768:7)
#32     _RenderLayoutBuilder.performLayout (package:flutter/src/widgets/layout_builder.dart:449:14)
#33     RenderObject.layout (package:flutter/src/rendering/object.dart:2768:7)
#34     MultiChildLayoutDelegate.layoutChild (package:flutter/src/rendering/custom_layout.dart:180:12)
#35     _ScaffoldLayout.performLayout (package:flutter/src/material/scaffold.dart:1113:7)
#36     MultiChildLayoutDelegate._callPerformLayout (package:flutter/src/rendering/custom_layout.dart:246:7)
#37     RenderCustomMultiChildLayoutBox.performLayout (package:flutter/src/rendering/custom_layout.dart:417:14)
#38     RenderObject.layout (package:flutter/src/rendering/object.dart:2768:7)
#39     RenderProxyBoxMixin.performLayout (package:flutter/src/rendering/proxy_box.dart:118:18)
#40     RenderObject.layout (package:flutter/src/rendering/object.dart:2768:7)
#41     RenderProxyBoxMixin.performLayout (package:flutter/src/rendering/proxy_box.dart:118:18)
#42     _RenderCustomClip.performLayout (package:flutter/src/rendering/proxy_box.dart:1549:11)
#43     RenderObject.layout (package:flutter/src/rendering/object.dart:2768:7)
#44     RenderProxyBoxMixin.performLayout (package:flutter/src/rendering/proxy_box.dart:118:18)
#45     RenderObject.layout (package:flutter/src/rendering/object.dart:2768:7)
#46     RenderProxyBoxMixin.performLayout (package:flutter/src/rendering/proxy_box.dart:118:18)
#47     RenderObject.layout (package:flutter/src/rendering/object.dart:2768:7)
#48     RenderProxyBoxMixin.performLayout (package:flutter/src/rendering/proxy_box.dart:118:18)
#49     RenderObject.layout (package:flutter/src/rendering/object.dart:2768:7)
#50     RenderProxyBoxMixin.performLayout (package:flutter/src/rendering/proxy_box.dart:118:18)
#51     RenderObject.layout (package:flutter/src/rendering/object.dart:2768:7)
#52     RenderProxyBoxMixin.performLayout (package:flutter/src/rendering/proxy_box.dart:118:18)
#53     RenderObject.layout (package:flutter/src/rendering/object.dart:2768:7)
#54     RenderProxyBoxMixin.performLayout (package:flutter/src/rendering/proxy_box.dart:118:18)
#55     RenderObject.layout (package:flutter/src/rendering/object.dart:2768:7)
#56     RenderProxyBoxMixin.performLayout (package:flutter/src/rendering/proxy_box.dart:118:18)
#57     RenderObject.layout (package:flutter/src/rendering/object.dart:2768:7)
#58     RenderProxyBoxMixin.performLayout (package:flutter/src/rendering/proxy_box.dart:118:18)
#59     RenderObject.layout (package:flutter/src/rendering/object.dart:2768:7)
#60     RenderProxyBoxMixin.performLayout (package:flutter/src/rendering/proxy_box.dart:118:18)
#61     RenderObject.layout (package:flutter/src/rendering/object.dart:2768:7)
#62     RenderProxyBoxMixin.performLayout (package:flutter/src/rendering/proxy_box.dart:118:18)
#63     RenderObject.layout (package:flutter/src/rendering/object.dart:2768:7)
#64     RenderProxyBoxMixin.performLayout (package:flutter/src/rendering/proxy_box.dart:118:18)
#65     RenderObject.layout (package:flutter/src/rendering/object.dart:2768:7)
#66     RenderProxyBoxMixin.performLayout (package:flutter/src/rendering/proxy_box.dart:118:18)
#67     RenderObject.layout (package:flutter/src/rendering/object.dart:2768:7)
#68     RenderProxyBoxMixin.performLayout (package:flutter/src/rendering/proxy_box.dart:118:18)
#69     RenderObject.layout (package:flutter/src/rendering/object.dart:2768:7)
#70     RenderProxyBoxMixin.performLayout (package:flutter/src/rendering/proxy_box.dart:118:18)
#71     RenderObject.layout (package:flutter/src/rendering/object.dart:2768:7)
#72     RenderProxyBoxMixin.performLayout (package:flutter/src/rendering/proxy_box.dart:118:18)
#73     RenderObject.layout (package:flutter/src/rendering/object.dart:2768:7)
#74     RenderProxyBoxMixin.performLayout (package:flutter/src/rendering/proxy_box.dart:118:18)
#75     RenderOffstage.performLayout (package:flutter/src/rendering/proxy_box.dart:3923:13)
#76     RenderObject.layout (package:flutter/src/rendering/object.dart:2768:7)
#77     RenderProxyBoxMixin.performLayout (package:flutter/src/rendering/proxy_box.dart:118:18)
#78     RenderObject.layout (package:flutter/src/rendering/object.dart:2768:7)
#79     _RenderTheaterMixin.layoutChild (package:flutter/src/widgets/overlay.dart:1084:13)
#80     _RenderTheater.performLayout (package:flutter/src/widgets/overlay.dart:1429:9)
#81     RenderObject.layout (package:flutter/src/rendering/object.dart:2768:7)
#82     RenderProxyBoxMixin.performLayout (package:flutter/src/rendering/proxy_box.dart:118:18)
#83     RenderObject.layout (package:flutter/src/rendering/object.dart:2768:7)
#84     RenderProxyBoxMixin.performLayout (package:flutter/src/rendering/proxy_box.dart:118:18)
#85     RenderObject.layout (package:flutter/src/rendering/object.dart:2768:7)
#86     RenderProxyBoxMixin.performLayout (package:flutter/src/rendering/proxy_box.dart:118:18)
#87     RenderObject.layout (package:flutter/src/rendering/object.dart:2768:7)
#88     RenderProxyBoxMixin.performLayout (package:flutter/src/rendering/proxy_box.dart:118:18)
#89     RenderCustomPaint.performLayout (package:flutter/src/rendering/custom_paint.dart:574:11)
#90     RenderObject.layout (package:flutter/src/rendering/object.dart:2768:7)
#91     RenderProxyBoxMixin.performLayout (package:flutter/src/rendering/proxy_box.dart:118:18)
#92     RenderObject.layout (package:flutter/src/rendering/object.dart:2768:7)
#93     RenderProxyBoxMixin.performLayout (package:flutter/src/rendering/proxy_box.dart:118:18)
#94     RenderObject.layout (package:flutter/src/rendering/object.dart:2768:7)
#95     RenderProxyBoxMixin.performLayout (package:flutter/src/rendering/proxy_box.dart:118:18)
#96     RenderObject.layout (package:flutter/src/rendering/object.dart:2768:7)
#97     RenderProxyBoxMixin.performLayout (package:flutter/src/rendering/proxy_box.dart:118:18)
#98     RenderObject.layout (package:flutter/src/rendering/object.dart:2768:7)
#99     RenderProxyBoxMixin.performLayout (package:flutter/src/rendering/proxy_box.dart:118:18)
#100    RenderObject.layout (package:flutter/src/rendering/object.dart:2768:7)
#101    RenderProxyBoxMixin.performLayout (package:flutter/src/rendering/proxy_box.dart:118:18)
#102    RenderObject.layout (package:flutter/src/rendering/object.dart:2768:7)
#103    RenderView.performLayout (package:flutter/src/rendering/view.dart:292:12)
#104    RenderObject._layoutWithoutResize (package:flutter/src/rendering/object.dart:2616:7)
#105    PipelineOwner.flushLayout (package:flutter/src/rendering/object.dart:1174:18)
#106    PipelineOwner.flushLayout (package:flutter/src/rendering/object.dart:1187:15)
#107    AutomatedTestWidgetsFlutterBinding.drawFrame (package:flutter_test/src/binding.dart:2133:27)
#108    RendererBinding._handlePersistentFrameCallback (package:flutter/src/rendering/binding.dart:495:5)
#109    SchedulerBinding._invokeFrameCallback (package:flutter/src/scheduler/binding.dart:1430:15)
#110    SchedulerBinding.handleDrawFrame (package:flutter/src/scheduler/binding.dart:1345:9)
#111    AutomatedTestWidgetsFlutterBinding.pump.<anonymous closure> (package:flutter_test/src/binding.dart:1960:9)
#114    TestAsyncUtils.guard (package:flutter_test/src/test_async_utils.dart:74:41)
#115    AutomatedTestWidgetsFlutterBinding.pump (package:flutter_test/src/binding.dart:1949:27)
#116    WidgetTester.pumpWidget.<anonymous closure> (package:flutter_test/src/widget_tester.dart:598:22)
#119    TestAsyncUtils.guard (package:flutter_test/src/test_async_utils.dart:74:41)
#120    WidgetTester.pumpWidget (package:flutter_test/src/widget_tester.dart:595:27)
#121    main.<anonymous closure>.<anonymous closure> (file:///C:/Users/bhara/StudioProjects/simple_billing_app/test/widget/billing_screen_test.dart:17:20)
#122    testWidgets.<anonymous closure>.<anonymous closure> (package:flutter_test/src/widget_tester.dart:192:29)
<asynchronous suspension>
#123    TestWidgetsFlutterBinding._runTestBody (package:flutter_test/src/binding.dart:1682:5)
<asynchronous suspension>
<asynchronous suspension>
(elided 7 frames from class _AssertionError, dart:async, and package:stack_trace)

The following RenderObject was being processed when the exception was fired: RenderFlex#55d3a relayoutBoundary=up13 NEEDS-LAYOUT NEEDS-PAINT NEEDS-COMPOSITING-BITS-UPDATE:
  creator: Column ΓåÉ Row ΓåÉ _SingleChildViewport ΓåÉ IgnorePointer-[GlobalKey#bba0d] ΓåÉ Semantics ΓåÉ
    Listener ΓåÉ _GestureSemantics ΓåÉ
    RawGestureDetector-[LabeledGlobalKey<RawGestureDetectorState>#1b3ff] ΓåÉ Listener ΓåÉ _ScrollableScope
    ΓåÉ _ScrollSemantics-[GlobalKey#e7d1a] ΓåÉ NotificationListener<ScrollMetricsNotification> ΓåÉ Γï»
  parentData: offset=Offset(0.0, 0.0); flex=null; fit=null (can use size)
  constraints: BoxConstraints(unconstrained)
  size: MISSING
  direction: vertical
  mainAxisAlignment: start
  mainAxisSize: max
  crossAxisAlignment: start
  textDirection: ltr
  verticalDirection: down
  spacing: 0.0
This RenderObject had the following descendants (showing up to depth 5):
    child 1: RenderDecoratedBox#84e11 relayoutBoundary=up14 NEEDS-PAINT NEEDS-COMPOSITING-BITS-UPDATE
      child: RenderPadding#70541 relayoutBoundary=up15 NEEDS-PAINT NEEDS-COMPOSITING-BITS-UPDATE
        child: RenderFlex#0f0a9 relayoutBoundary=up16 NEEDS-PAINT NEEDS-COMPOSITING-BITS-UPDATE
          child 1: RenderParagraph#505b4 relayoutBoundary=up17 NEEDS-PAINT
            text: TextSpan
          child 2: RenderConstrainedBox#6fa7e relayoutBoundary=up17 NEEDS-PAINT
          child 3: RenderSemanticsGestureHandler#4e63f relayoutBoundary=up17 NEEDS-PAINT NEEDS-COMPOSITING-BITS-UPDATE
            child: RenderPointerListener#32fd7 relayoutBoundary=up18 NEEDS-PAINT NEEDS-COMPOSITING-BITS-UPDATE
    child 2: RenderConstrainedBox#79d01 NEEDS-LAYOUT NEEDS-PAINT
    child 3: RenderDecoratedBox#99688 NEEDS-LAYOUT NEEDS-PAINT NEEDS-COMPOSITING-BITS-UPDATE
      child: RenderPadding#16bd0 NEEDS-LAYOUT NEEDS-PAINT NEEDS-COMPOSITING-BITS-UPDATE
        child: RenderFlex#2764f NEEDS-LAYOUT NEEDS-PAINT NEEDS-COMPOSITING-BITS-UPDATE
          child 1: RenderParagraph#5a6dc NEEDS-LAYOUT NEEDS-PAINT
            text: TextSpan
          child 2: RenderConstrainedBox#07cba NEEDS-LAYOUT NEEDS-PAINT
          child 3: RenderFlex#e0a67 NEEDS-LAYOUT NEEDS-PAINT NEEDS-COMPOSITING-BITS-UPDATE
            child 1: RenderMouseRegion#70246 NEEDS-LAYOUT NEEDS-PAINT NEEDS-COMPOSITING-BITS-UPDATE
            child 2: RenderConstrainedBox#f6284 NEEDS-LAYOUT NEEDS-PAINT
            child 3: RenderSemanticsAnnotations#bb02b NEEDS-LAYOUT NEEDS-PAINT NEEDS-COMPOSITING-BITS-UPDATE
    child 4: RenderConstrainedBox#6a0a2 NEEDS-LAYOUT NEEDS-PAINT
    child 5: RenderDecoratedBox#6638c NEEDS-LAYOUT NEEDS-PAINT NEEDS-COMPOSITING-BITS-UPDATE
      child: RenderPadding#b7526 NEEDS-LAYOUT NEEDS-PAINT NEEDS-COMPOSITING-BITS-UPDATE
        child: RenderDecoratedBox#a003e NEEDS-LAYOUT NEEDS-PAINT NEEDS-COMPOSITING-BITS-UPDATE
          child: RenderPadding#c4560 NEEDS-LAYOUT NEEDS-PAINT NEEDS-COMPOSITING-BITS-UPDATE
            child: RenderFlex#3f5e7 NEEDS-LAYOUT NEEDS-PAINT NEEDS-COMPOSITING-BITS-UPDATE
    ...(descendants list truncated after 25 lines)
ΓòÉΓòÉΓòÉΓòÉΓòÉΓòÉΓòÉΓòÉΓòÉΓòÉΓòÉΓòÉΓòÉΓòÉΓòÉΓòÉΓòÉΓòÉΓòÉΓòÉΓòÉΓòÉΓòÉΓòÉΓòÉΓòÉΓòÉΓòÉΓòÉΓòÉΓòÉΓòÉΓòÉΓòÉΓòÉΓòÉΓòÉΓòÉΓòÉΓòÉΓòÉΓòÉΓòÉΓòÉΓòÉΓòÉΓòÉΓòÉΓòÉΓòÉΓòÉΓòÉΓòÉΓòÉΓòÉΓòÉΓòÉΓòÉΓòÉΓòÉΓòÉΓòÉΓòÉΓòÉΓòÉΓòÉΓòÉΓòÉΓòÉΓòÉΓòÉΓòÉΓòÉΓòÉΓòÉΓòÉΓòÉΓòÉΓòÉΓòÉΓòÉΓòÉΓòÉΓòÉΓòÉΓòÉΓòÉΓòÉΓòÉΓòÉΓòÉΓòÉΓòÉΓòÉΓòÉΓòÉΓòÉΓòÉΓòÉΓòÉ
ΓòÉΓòÉΓòí EXCEPTION CAUGHT BY RENDERING LIBRARY Γò₧ΓòÉΓòÉΓòÉΓòÉΓòÉΓòÉΓòÉΓòÉΓòÉΓòÉΓòÉΓòÉΓòÉΓòÉΓòÉΓòÉΓòÉΓòÉΓòÉΓòÉΓòÉΓòÉΓòÉΓòÉΓòÉΓòÉΓòÉΓòÉΓòÉΓòÉΓòÉΓòÉΓòÉΓòÉΓòÉΓòÉΓòÉΓòÉΓòÉΓòÉΓòÉΓòÉΓòÉΓòÉΓòÉΓòÉΓòÉΓòÉΓòÉΓòÉΓòÉΓòÉΓòÉΓòÉΓòÉΓòÉΓòÉ
The following assertion was thrown during performLayout():
RenderBox was not laid out: RenderFlex#55d3a relayoutBoundary=up13 NEEDS-PAINT
NEEDS-COMPOSITING-BITS-UPDATE
'package:flutter/src/rendering/box.dart':
Failed assertion: line 2251 pos 12: 'hasSize'

Either the assertion indicates an error in the framework itself, or we should provide substantially
more information in this error message to help you determine and fix the underlying cause.
In either case, please report this assertion by filing a bug on GitHub:
  https://github.com/flutter/flutter/issues/new?template=02_bug.yml

The relevant error-causing widget was:
  Row
  Row:file:///C:/Users/bhara/StudioProjects/simple_billing_app/lib/views/screens/billing_screen.dart:241:16

When the exception was thrown, this was the stack:
#2      RenderBox.size (package:flutter/src/rendering/box.dart:2251:12)
#3      ChildLayoutHelper.layoutChild (package:flutter/src/rendering/layout_helper.dart:63:18)
#4      RenderFlex._computeSizes (package:flutter/src/rendering/flex.dart:1237:28)
#5      RenderFlex.performLayout (package:flutter/src/rendering/flex.dart:1329:32)
#6      RenderObject.layout (package:flutter/src/rendering/object.dart:2768:7)
#7      _RenderSingleChildViewport.performLayout (package:flutter/src/widgets/single_child_scroll_view.dart:502:14)
#8      RenderObject.layout (package:flutter/src/rendering/object.dart:2768:7)
#9      RenderProxyBoxMixin.performLayout (package:flutter/src/rendering/proxy_box.dart:118:18)
#10     RenderObject.layout (package:flutter/src/rendering/object.dart:2768:7)
#11     RenderProxyBoxMixin.performLayout (package:flutter/src/rendering/proxy_box.dart:118:18)
#12     RenderObject.layout (package:flutter/src/rendering/object.dart:2768:7)
#13     RenderProxyBoxMixin.performLayout (package:flutter/src/rendering/proxy_box.dart:118:18)
#14     RenderObject.layout (package:flutter/src/rendering/object.dart:2768:7)
#15     RenderProxyBoxMixin.performLayout (package:flutter/src/rendering/proxy_box.dart:118:18)
#16     RenderObject.layout (package:flutter/src/rendering/object.dart:2768:7)
#17     RenderProxyBoxMixin.performLayout (package:flutter/src/rendering/proxy_box.dart:118:18)
#18     RenderObject.layout (package:flutter/src/rendering/object.dart:2768:7)
#19     RenderProxyBoxMixin.performLayout (package:flutter/src/rendering/proxy_box.dart:118:18)
#20     RenderObject.layout (package:flutter/src/rendering/object.dart:2768:7)
#21     RenderProxyBoxMixin.performLayout (package:flutter/src/rendering/proxy_box.dart:118:18)
#22     RenderObject.layout (package:flutter/src/rendering/object.dart:2768:7)
#23     RenderProxyBoxMixin.performLayout (package:flutter/src/rendering/proxy_box.dart:118:18)
#24     _RenderCustomClip.performLayout (package:flutter/src/rendering/proxy_box.dart:1549:11)
#25     RenderObject.layout (package:flutter/src/rendering/object.dart:2768:7)
#26     RenderPadding.performLayout (package:flutter/src/rendering/shifted_box.dart:262:12)
#27     RenderObject.layout (package:flutter/src/rendering/object.dart:2768:7)
#28     _RenderLayoutBuilder.performLayout (package:flutter/src/widgets/layout_builder.dart:449:14)
#29     RenderObject.layout (package:flutter/src/rendering/object.dart:2768:7)
#30     MultiChildLayoutDelegate.layoutChild (package:flutter/src/rendering/custom_layout.dart:180:12)
#31     _ScaffoldLayout.performLayout (package:flutter/src/material/scaffold.dart:1113:7)
#32     MultiChildLayoutDelegate._callPerformLayout (package:flutter/src/rendering/custom_layout.dart:246:7)
#33     RenderCustomMultiChildLayoutBox.performLayout (package:flutter/src/rendering/custom_layout.dart:417:14)
#34     RenderObject.layout (package:flutter/src/rendering/object.dart:2768:7)
#35     RenderProxyBoxMixin.performLayout (package:flutter/src/rendering/proxy_box.dart:118:18)
#36     RenderObject.layout (package:flutter/src/rendering/object.dart:2768:7)
#37     RenderProxyBoxMixin.performLayout (package:flutter/src/rendering/proxy_box.dart:118:18)
#38     _RenderCustomClip.performLayout (package:flutter/src/rendering/proxy_box.dart:1549:11)
#39     RenderObject.layout (package:flutter/src/rendering/object.dart:2768:7)
#40     RenderProxyBoxMixin.performLayout (package:flutter/src/rendering/proxy_box.dart:118:18)
#41     RenderObject.layout (package:flutter/src/rendering/object.dart:2768:7)
#42     RenderProxyBoxMixin.performLayout (package:flutter/src/rendering/proxy_box.dart:118:18)
#43     RenderObject.layout (package:flutter/src/rendering/object.dart:2768:7)
#44     RenderProxyBoxMixin.performLayout (package:flutter/src/rendering/proxy_box.dart:118:18)
#45     RenderObject.layout (package:flutter/src/rendering/object.dart:2768:7)
#46     RenderProxyBoxMixin.performLayout (package:flutter/src/rendering/proxy_box.dart:118:18)
#47     RenderObject.layout (package:flutter/src/rendering/object.dart:2768:7)
#48     RenderProxyBoxMixin.performLayout (package:flutter/src/rendering/proxy_box.dart:118:18)
#49     RenderObject.layout (package:flutter/src/rendering/object.dart:2768:7)
#50     RenderProxyBoxMixin.performLayout (package:flutter/src/rendering/proxy_box.dart:118:18)
#51     RenderObject.layout (package:flutter/src/rendering/object.dart:2768:7)
#52     RenderProxyBoxMixin.performLayout (package:flutter/src/rendering/proxy_box.dart:118:18)
#53     RenderObject.layout (package:flutter/src/rendering/object.dart:2768:7)
#54     RenderProxyBoxMixin.performLayout (package:flutter/src/rendering/proxy_box.dart:118:18)
#55     RenderObject.layout (package:flutter/src/rendering/object.dart:2768:7)
#56     RenderProxyBoxMixin.performLayout (package:flutter/src/rendering/proxy_box.dart:118:18)
#57     RenderObject.layout (package:flutter/src/rendering/object.dart:2768:7)
#58     RenderProxyBoxMixin.performLayout (package:flutter/src/rendering/proxy_box.dart:118:18)
#59     RenderObject.layout (package:flutter/src/rendering/object.dart:2768:7)
#60     RenderProxyBoxMixin.performLayout (package:flutter/src/rendering/proxy_box.dart:118:18)
#61     RenderObject.layout (package:flutter/src/rendering/object.dart:2768:7)
#62     RenderProxyBoxMixin.performLayout (package:flutter/src/rendering/proxy_box.dart:118:18)
#63     RenderObject.layout (package:flutter/src/rendering/object.dart:2768:7)
#64     RenderProxyBoxMixin.performLayout (package:flutter/src/rendering/proxy_box.dart:118:18)
#65     RenderObject.layout (package:flutter/src/rendering/object.dart:2768:7)
#66     RenderProxyBoxMixin.performLayout (package:flutter/src/rendering/proxy_box.dart:118:18)
#67     RenderObject.layout (package:flutter/src/rendering/object.dart:2768:7)
#68     RenderProxyBoxMixin.performLayout (package:flutter/src/rendering/proxy_box.dart:118:18)
#69     RenderObject.layout (package:flutter/src/rendering/object.dart:2768:7)
#70     RenderProxyBoxMixin.performLayout (package:flutter/src/rendering/proxy_box.dart:118:18)
#71     RenderOffstage.performLayout (package:flutter/src/rendering/proxy_box.dart:3923:13)
#72     RenderObject.layout (package:flutter/src/rendering/object.dart:2768:7)
#73     RenderProxyBoxMixin.performLayout (package:flutter/src/rendering/proxy_box.dart:118:18)
#74     RenderObject.layout (package:flutter/src/rendering/object.dart:2768:7)
#75     _RenderTheaterMixin.layoutChild (package:flutter/src/widgets/overlay.dart:1084:13)
#76     _RenderTheater.performLayout (package:flutter/src/widgets/overlay.dart:1429:9)
#77     RenderObject.layout (package:flutter/src/rendering/object.dart:2768:7)
#78     RenderProxyBoxMixin.performLayout (package:flutter/src/rendering/proxy_box.dart:118:18)
#79     RenderObject.layout (package:flutter/src/rendering/object.dart:2768:7)
#80     RenderProxyBoxMixin.performLayout (package:flutter/src/rendering/proxy_box.dart:118:18)
#81     RenderObject.layout (package:flutter/src/rendering/object.dart:2768:7)
#82     RenderProxyBoxMixin.performLayout (package:flutter/src/rendering/proxy_box.dart:118:18)
#83     RenderObject.layout (package:flutter/src/rendering/object.dart:2768:7)
#84     RenderProxyBoxMixin.performLayout (package:flutter/src/rendering/proxy_box.dart:118:18)
#85     RenderCustomPaint.performLayout (package:flutter/src/rendering/custom_paint.dart:574:11)
#86     RenderObject.layout (package:flutter/src/rendering/object.dart:2768:7)
#87     RenderProxyBoxMixin.performLayout (package:flutter/src/rendering/proxy_box.dart:118:18)
#88     RenderObject.layout (package:flutter/src/rendering/object.dart:2768:7)
#89     RenderProxyBoxMixin.performLayout (package:flutter/src/rendering/proxy_box.dart:118:18)
#90     RenderObject.layout (package:flutter/src/rendering/object.dart:2768:7)
#91     RenderProxyBoxMixin.performLayout (package:flutter/src/rendering/proxy_box.dart:118:18)
#92     RenderObject.layout (package:flutter/src/rendering/object.dart:2768:7)
#93     RenderProxyBoxMixin.performLayout (package:flutter/src/rendering/proxy_box.dart:118:18)
#94     RenderObject.layout (package:flutter/src/rendering/object.dart:2768:7)
#95     RenderProxyBoxMixin.performLayout (package:flutter/src/rendering/proxy_box.dart:118:18)
#96     RenderObject.layout (package:flutter/src/rendering/object.dart:2768:7)
#97     RenderProxyBoxMixin.performLayout (package:flutter/src/rendering/proxy_box.dart:118:18)
#98     RenderObject.layout (package:flutter/src/rendering/object.dart:2768:7)
#99     RenderView.performLayout (package:flutter/src/rendering/view.dart:292:12)
#100    RenderObject._layoutWithoutResize (package:flutter/src/rendering/object.dart:2616:7)
#101    PipelineOwner.flushLayout (package:flutter/src/rendering/object.dart:1174:18)
#102    PipelineOwner.flushLayout (package:flutter/src/rendering/object.dart:1187:15)
#103    AutomatedTestWidgetsFlutterBinding.drawFrame (package:flutter_test/src/binding.dart:2133:27)
#104    RendererBinding._handlePersistentFrameCallback (package:flutter/src/rendering/binding.dart:495:5)
#105    SchedulerBinding._invokeFrameCallback (package:flutter/src/scheduler/binding.dart:1430:15)
#106    SchedulerBinding.handleDrawFrame (package:flutter/src/scheduler/binding.dart:1345:9)
#107    AutomatedTestWidgetsFlutterBinding.pump.<anonymous closure> (package:flutter_test/src/binding.dart:1960:9)
#110    TestAsyncUtils.guard (package:flutter_test/src/test_async_utils.dart:74:41)
#111    AutomatedTestWidgetsFlutterBinding.pump (package:flutter_test/src/binding.dart:1949:27)
#112    WidgetTester.pumpWidget.<anonymous closure> (package:flutter_test/src/widget_tester.dart:598:22)
#115    TestAsyncUtils.guard (package:flutter_test/src/test_async_utils.dart:74:41)
#116    WidgetTester.pumpWidget (package:flutter_test/src/widget_tester.dart:595:27)
#117    main.<anonymous closure>.<anonymous closure> (file:///C:/Users/bhara/StudioProjects/simple_billing_app/test/widget/billing_screen_test.dart:17:20)
#118    testWidgets.<anonymous closure>.<anonymous closure> (package:flutter_test/src/widget_tester.dart:192:29)
<asynchronous suspension>
#119    TestWidgetsFlutterBinding._runTestBody (package:flutter_test/src/binding.dart:1682:5)
<asynchronous suspension>
<asynchronous suspension>
(elided 7 frames from class _AssertionError, dart:async, and package:stack_trace)

The following RenderObject was being processed when the exception was fired: RenderFlex#c23a5 relayoutBoundary=up12 NEEDS-LAYOUT NEEDS-PAINT NEEDS-COMPOSITING-BITS-UPDATE:
  creator: Row ΓåÉ _SingleChildViewport ΓåÉ IgnorePointer-[GlobalKey#bba0d] ΓåÉ Semantics ΓåÉ Listener ΓåÉ
    _GestureSemantics ΓåÉ RawGestureDetector-[LabeledGlobalKey<RawGestureDetectorState>#1b3ff] ΓåÉ
    Listener ΓåÉ _ScrollableScope ΓåÉ _ScrollSemantics-[GlobalKey#e7d1a] ΓåÉ
    NotificationListener<ScrollMetricsNotification> ΓåÉ Transform ΓåÉ Γï»
  parentData: <none> (can use size)
  constraints: BoxConstraints(0.0<=w<=1136.0, 0.0<=h<=Infinity)
  size: MISSING
  direction: horizontal
  mainAxisAlignment: start
  mainAxisSize: max
  crossAxisAlignment: start
  textDirection: ltr
  verticalDirection: down
  spacing: 0.0
This RenderObject had the following descendants (showing up to depth 5):
    child 1: RenderFlex#55d3a relayoutBoundary=up13 NEEDS-PAINT NEEDS-COMPOSITING-BITS-UPDATE
      child 1: RenderDecoratedBox#84e11 relayoutBoundary=up14 NEEDS-PAINT NEEDS-COMPOSITING-BITS-UPDATE
        child: RenderPadding#70541 relayoutBoundary=up15 NEEDS-PAINT NEEDS-COMPOSITING-BITS-UPDATE
          child: RenderFlex#0f0a9 relayoutBoundary=up16 NEEDS-PAINT NEEDS-COMPOSITING-BITS-UPDATE
            child 1: RenderParagraph#505b4 relayoutBoundary=up17 NEEDS-PAINT
            child 2: RenderConstrainedBox#6fa7e relayoutBoundary=up17 NEEDS-PAINT
            child 3: RenderSemanticsGestureHandler#4e63f relayoutBoundary=up17 NEEDS-PAINT NEEDS-COMPOSITING-BITS-UPDATE
      child 2: RenderConstrainedBox#79d01 NEEDS-LAYOUT NEEDS-PAINT
      child 3: RenderDecoratedBox#99688 NEEDS-LAYOUT NEEDS-PAINT NEEDS-COMPOSITING-BITS-UPDATE
        child: RenderPadding#16bd0 NEEDS-LAYOUT NEEDS-PAINT NEEDS-COMPOSITING-BITS-UPDATE
          child: RenderFlex#2764f NEEDS-LAYOUT NEEDS-PAINT NEEDS-COMPOSITING-BITS-UPDATE
            child 1: RenderParagraph#5a6dc NEEDS-LAYOUT NEEDS-PAINT
            child 2: RenderConstrainedBox#07cba NEEDS-LAYOUT NEEDS-PAINT
            child 3: RenderFlex#e0a67 NEEDS-LAYOUT NEEDS-PAINT NEEDS-COMPOSITING-BITS-UPDATE
      child 4: RenderConstrainedBox#6a0a2 NEEDS-LAYOUT NEEDS-PAINT
      child 5: RenderDecoratedBox#6638c NEEDS-LAYOUT NEEDS-PAINT NEEDS-COMPOSITING-BITS-UPDATE
        child: RenderPadding#b7526 NEEDS-LAYOUT NEEDS-PAINT NEEDS-COMPOSITING-BITS-UPDATE
          child: RenderDecoratedBox#a003e NEEDS-LAYOUT NEEDS-PAINT NEEDS-COMPOSITING-BITS-UPDATE
            child: RenderPadding#c4560 NEEDS-LAYOUT NEEDS-PAINT NEEDS-COMPOSITING-BITS-UPDATE
      child 6: RenderConstrainedBox#2f726 NEEDS-LAYOUT NEEDS-PAINT
      child 7: RenderDecoratedBox#c089e NEEDS-LAYOUT NEEDS-PAINT NEEDS-COMPOSITING-BITS-UPDATE
        child: RenderPadding#abbd4 NEEDS-LAYOUT NEEDS-PAINT NEEDS-COMPOSITING-BITS-UPDATE
          child: RenderFlex#bac5f NEEDS-LAYOUT NEEDS-PAINT NEEDS-COMPOSITING-BITS-UPDATE
            child 1: RenderPadding#0f028 NEEDS-LAYOUT NEEDS-PAINT NEEDS-COMPOSITING-BITS-UPDATE
            child 2: RenderDecoratedBox#0b232 NEEDS-LAYOUT NEEDS-PAINT NEEDS-COMPOSITING-BITS-UPDATE
            child 3: RenderPadding#0ed3c NEEDS-LAYOUT NEEDS-PAINT NEEDS-COMPOSITING-BITS-UPDATE
ΓòÉΓòÉΓòÉΓòÉΓòÉΓòÉΓòÉΓòÉΓòÉΓòÉΓòÉΓòÉΓòÉΓòÉΓòÉΓòÉΓòÉΓòÉΓòÉΓòÉΓòÉΓòÉΓòÉΓòÉΓòÉΓòÉΓòÉΓòÉΓòÉΓòÉΓòÉΓòÉΓòÉΓòÉΓòÉΓòÉΓòÉΓòÉΓòÉΓòÉΓòÉΓòÉΓòÉΓòÉΓòÉΓòÉΓòÉΓòÉΓòÉΓòÉΓòÉΓòÉΓòÉΓòÉΓòÉΓòÉΓòÉΓòÉΓòÉΓòÉΓòÉΓòÉΓòÉΓòÉΓòÉΓòÉΓòÉΓòÉΓòÉΓòÉΓòÉΓòÉΓòÉΓòÉΓòÉΓòÉΓòÉΓòÉΓòÉΓòÉΓòÉΓòÉΓòÉΓòÉΓòÉΓòÉΓòÉΓòÉΓòÉΓòÉΓòÉΓòÉΓòÉΓòÉΓòÉΓòÉΓòÉΓòÉΓòÉΓòÉ
ΓòÉΓòÉΓòí EXCEPTION CAUGHT BY RENDERING LIBRARY Γò₧ΓòÉΓòÉΓòÉΓòÉΓòÉΓòÉΓòÉΓòÉΓòÉΓòÉΓòÉΓòÉΓòÉΓòÉΓòÉΓòÉΓòÉΓòÉΓòÉΓòÉΓòÉΓòÉΓòÉΓòÉΓòÉΓòÉΓòÉΓòÉΓòÉΓòÉΓòÉΓòÉΓòÉΓòÉΓòÉΓòÉΓòÉΓòÉΓòÉΓòÉΓòÉΓòÉΓòÉΓòÉΓòÉΓòÉΓòÉΓòÉΓòÉΓòÉΓòÉΓòÉΓòÉΓòÉΓòÉΓòÉΓòÉ
The following assertion was thrown during performLayout():
RenderBox was not laid out: RenderFlex#c23a5 relayoutBoundary=up12 NEEDS-PAINT
NEEDS-COMPOSITING-BITS-UPDATE
'package:flutter/src/rendering/box.dart':
Failed assertion: line 2251 pos 12: 'hasSize'

Either the assertion indicates an error in the framework itself, or we should provide substantially
more information in this error message to help you determine and fix the underlying cause.
In either case, please report this assertion by filing a bug on GitHub:
  https://github.com/flutter/flutter/issues/new?template=02_bug.yml

The relevant error-causing widget was:
  SingleChildScrollView
  SingleChildScrollView:file:///C:/Users/bhara/StudioProjects/simple_billing_app/lib/views/screens/billing_screen.dart:240:14

When the exception was thrown, this was the stack:
#2      RenderBox.size (package:flutter/src/rendering/box.dart:2251:12)
#3      _RenderSingleChildViewport.performLayout (package:flutter/src/widgets/single_child_scroll_view.dart:503:43)
#4      RenderObject.layout (package:flutter/src/rendering/object.dart:2768:7)
#5      RenderProxyBoxMixin.performLayout (package:flutter/src/rendering/proxy_box.dart:118:18)
#6      RenderObject.layout (package:flutter/src/rendering/object.dart:2768:7)
#7      RenderProxyBoxMixin.performLayout (package:flutter/src/rendering/proxy_box.dart:118:18)
#8      RenderObject.layout (package:flutter/src/rendering/object.dart:2768:7)
#9      RenderProxyBoxMixin.performLayout (package:flutter/src/rendering/proxy_box.dart:118:18)
#10     RenderObject.layout (package:flutter/src/rendering/object.dart:2768:7)
#11     RenderProxyBoxMixin.performLayout (package:flutter/src/rendering/proxy_box.dart:118:18)
#12     RenderObject.layout (package:flutter/src/rendering/object.dart:2768:7)
#13     RenderProxyBoxMixin.performLayout (package:flutter/src/rendering/proxy_box.dart:118:18)
#14     RenderObject.layout (package:flutter/src/rendering/object.dart:2768:7)
#15     RenderProxyBoxMixin.performLayout (package:flutter/src/rendering/proxy_box.dart:118:18)
#16     RenderObject.layout (package:flutter/src/rendering/object.dart:2768:7)
#17     RenderProxyBoxMixin.performLayout (package:flutter/src/rendering/proxy_box.dart:118:18)
#18     RenderObject.layout (package:flutter/src/rendering/object.dart:2768:7)
#19     RenderProxyBoxMixin.performLayout (package:flutter/src/rendering/proxy_box.dart:118:18)
#20     _RenderCustomClip.performLayout (package:flutter/src/rendering/proxy_box.dart:1549:11)
#21     RenderObject.layout (package:flutter/src/rendering/object.dart:2768:7)
#22     RenderPadding.performLayout (package:flutter/src/rendering/shifted_box.dart:262:12)
#23     RenderObject.layout (package:flutter/src/rendering/object.dart:2768:7)
#24     _RenderLayoutBuilder.performLayout (package:flutter/src/widgets/layout_builder.dart:449:14)
#25     RenderObject.layout (package:flutter/src/rendering/object.dart:2768:7)
#26     MultiChildLayoutDelegate.layoutChild (package:flutter/src/rendering/custom_layout.dart:180:12)
#27     _ScaffoldLayout.performLayout (package:flutter/src/material/scaffold.dart:1113:7)
#28     MultiChildLayoutDelegate._callPerformLayout (package:flutter/src/rendering/custom_layout.dart:246:7)
#29     RenderCustomMultiChildLayoutBox.performLayout (package:flutter/src/rendering/custom_layout.dart:417:14)
#30     RenderObject.layout (package:flutter/src/rendering/object.dart:2768:7)
#31     RenderProxyBoxMixin.performLayout (package:flutter/src/rendering/proxy_box.dart:118:18)
#32     RenderObject.layout (package:flutter/src/rendering/object.dart:2768:7)
#33     RenderProxyBoxMixin.performLayout (package:flutter/src/rendering/proxy_box.dart:118:18)
#34     _RenderCustomClip.performLayout (package:flutter/src/rendering/proxy_box.dart:1549:11)
#35     RenderObject.layout (package:flutter/src/rendering/object.dart:2768:7)
#36     RenderProxyBoxMixin.performLayout (package:flutter/src/rendering/proxy_box.dart:118:18)
#37     RenderObject.layout (package:flutter/src/rendering/object.dart:2768:7)
#38     RenderProxyBoxMixin.performLayout (package:flutter/src/rendering/proxy_box.dart:118:18)
#39     RenderObject.layout (package:flutter/src/rendering/object.dart:2768:7)
#40     RenderProxyBoxMixin.performLayout (package:flutter/src/rendering/proxy_box.dart:118:18)
#41     RenderObject.layout (package:flutter/src/rendering/object.dart:2768:7)
#42     RenderProxyBoxMixin.performLayout (package:flutter/src/rendering/proxy_box.dart:118:18)
#43     RenderObject.layout (package:flutter/src/rendering/object.dart:2768:7)
#44     RenderProxyBoxMixin.performLayout (package:flutter/src/rendering/proxy_box.dart:118:18)
#45     RenderObject.layout (package:flutter/src/rendering/object.dart:2768:7)
#46     RenderProxyBoxMixin.performLayout (package:flutter/src/rendering/proxy_box.dart:118:18)
#47     RenderObject.layout (package:flutter/src/rendering/object.dart:2768:7)
#48     RenderProxyBoxMixin.performLayout (package:flutter/src/rendering/proxy_box.dart:118:18)
#49     RenderObject.layout (package:flutter/src/rendering/object.dart:2768:7)
#50     RenderProxyBoxMixin.performLayout (package:flutter/src/rendering/proxy_box.dart:118:18)
#51     RenderObject.layout (package:flutter/src/rendering/object.dart:2768:7)
#52     RenderProxyBoxMixin.performLayout (package:flutter/src/rendering/proxy_box.dart:118:18)
#53     RenderObject.layout (package:flutter/src/rendering/object.dart:2768:7)
#54     RenderProxyBoxMixin.performLayout (package:flutter/src/rendering/proxy_box.dart:118:18)
#55     RenderObject.layout (package:flutter/src/rendering/object.dart:2768:7)
#56     RenderProxyBoxMixin.performLayout (package:flutter/src/rendering/proxy_box.dart:118:18)
#57     RenderObject.layout (package:flutter/src/rendering/object.dart:2768:7)
#58     RenderProxyBoxMixin.performLayout (package:flutter/src/rendering/proxy_box.dart:118:18)
#59     RenderObject.layout (package:flutter/src/rendering/object.dart:2768:7)
#60     RenderProxyBoxMixin.performLayout (package:flutter/src/rendering/proxy_box.dart:118:18)
#61     RenderObject.layout (package:flutter/src/rendering/object.dart:2768:7)
#62     RenderProxyBoxMixin.performLayout (package:flutter/src/rendering/proxy_box.dart:118:18)
#63     RenderObject.layout (package:flutter/src/rendering/object.dart:2768:7)
#64     RenderProxyBoxMixin.performLayout (package:flutter/src/rendering/proxy_box.dart:118:18)
#65     RenderObject.layout (package:flutter/src/rendering/object.dart:2768:7)
#66     RenderProxyBoxMixin.performLayout (package:flutter/src/rendering/proxy_box.dart:118:18)
#67     RenderOffstage.performLayout (package:flutter/src/rendering/proxy_box.dart:3923:13)
#68     RenderObject.layout (package:flutter/src/rendering/object.dart:2768:7)
#69     RenderProxyBoxMixin.performLayout (package:flutter/src/rendering/proxy_box.dart:118:18)
#70     RenderObject.layout (package:flutter/src/rendering/object.dart:2768:7)
#71     _RenderTheaterMixin.layoutChild (package:flutter/src/widgets/overlay.dart:1084:13)
#72     _RenderTheater.performLayout (package:flutter/src/widgets/overlay.dart:1429:9)
#73     RenderObject.layout (package:flutter/src/rendering/object.dart:2768:7)
#74     RenderProxyBoxMixin.performLayout (package:flutter/src/rendering/proxy_box.dart:118:18)
#75     RenderObject.layout (package:flutter/src/rendering/object.dart:2768:7)
#76     RenderProxyBoxMixin.performLayout (package:flutter/src/rendering/proxy_box.dart:118:18)
#77     RenderObject.layout (package:flutter/src/rendering/object.dart:2768:7)
#78     RenderProxyBoxMixin.performLayout (package:flutter/src/rendering/proxy_box.dart:118:18)
#79     RenderObject.layout (package:flutter/src/rendering/object.dart:2768:7)
#80     RenderProxyBoxMixin.performLayout (package:flutter/src/rendering/proxy_box.dart:118:18)
#81     RenderCustomPaint.performLayout (package:flutter/src/rendering/custom_paint.dart:574:11)
#82     RenderObject.layout (package:flutter/src/rendering/object.dart:2768:7)
#83     RenderProxyBoxMixin.performLayout (package:flutter/src/rendering/proxy_box.dart:118:18)
#84     RenderObject.layout (package:flutter/src/rendering/object.dart:2768:7)
#85     RenderProxyBoxMixin.performLayout (package:flutter/src/rendering/proxy_box.dart:118:18)
#86     RenderObject.layout (package:flutter/src/rendering/object.dart:2768:7)
#87     RenderProxyBoxMixin.performLayout (package:flutter/src/rendering/proxy_box.dart:118:18)
#88     RenderObject.layout (package:flutter/src/rendering/object.dart:2768:7)
#89     RenderProxyBoxMixin.performLayout (package:flutter/src/rendering/proxy_box.dart:118:18)
#90     RenderObject.layout (package:flutter/src/rendering/object.dart:2768:7)
#91     RenderProxyBoxMixin.performLayout (package:flutter/src/rendering/proxy_box.dart:118:18)
#92     RenderObject.layout (package:flutter/src/rendering/object.dart:2768:7)
#93     RenderProxyBoxMixin.performLayout (package:flutter/src/rendering/proxy_box.dart:118:18)
#94     RenderObject.layout (package:flutter/src/rendering/object.dart:2768:7)
#95     RenderView.performLayout (package:flutter/src/rendering/view.dart:292:12)
#96     RenderObject._layoutWithoutResize (package:flutter/src/rendering/object.dart:2616:7)
#97     PipelineOwner.flushLayout (package:flutter/src/rendering/object.dart:1174:18)
#98     PipelineOwner.flushLayout (package:flutter/src/rendering/object.dart:1187:15)
#99     AutomatedTestWidgetsFlutterBinding.drawFrame (package:flutter_test/src/binding.dart:2133:27)
#100    RendererBinding._handlePersistentFrameCallback (package:flutter/src/rendering/binding.dart:495:5)
#101    SchedulerBinding._invokeFrameCallback (package:flutter/src/scheduler/binding.dart:1430:15)
#102    SchedulerBinding.handleDrawFrame (package:flutter/src/scheduler/binding.dart:1345:9)
#103    AutomatedTestWidgetsFlutterBinding.pump.<anonymous closure> (package:flutter_test/src/binding.dart:1960:9)
#106    TestAsyncUtils.guard (package:flutter_test/src/test_async_utils.dart:74:41)
#107    AutomatedTestWidgetsFlutterBinding.pump (package:flutter_test/src/binding.dart:1949:27)
#108    WidgetTester.pumpWidget.<anonymous closure> (package:flutter_test/src/widget_tester.dart:598:22)
#111    TestAsyncUtils.guard (package:flutter_test/src/test_async_utils.dart:74:41)
#112    WidgetTester.pumpWidget (package:flutter_test/src/widget_tester.dart:595:27)
#113    main.<anonymous closure>.<anonymous closure> (file:///C:/Users/bhara/StudioProjects/simple_billing_app/test/widget/billing_screen_test.dart:17:20)
#114    testWidgets.<anonymous closure>.<anonymous closure> (package:flutter_test/src/widget_tester.dart:192:29)
<asynchronous suspension>
#115    TestWidgetsFlutterBinding._runTestBody (package:flutter_test/src/binding.dart:1682:5)
<asynchronous suspension>
<asynchronous suspension>
(elided 7 frames from class _AssertionError, dart:async, and package:stack_trace)

The following RenderObject was being processed when the exception was fired: _RenderSingleChildViewport#3a606 relayoutBoundary=up11 NEEDS-LAYOUT NEEDS-PAINT NEEDS-COMPOSITING-BITS-UPDATE:
  needs compositing
  creator: _SingleChildViewport ΓåÉ IgnorePointer-[GlobalKey#bba0d] ΓåÉ Semantics ΓåÉ Listener ΓåÉ
    _GestureSemantics ΓåÉ RawGestureDetector-[LabeledGlobalKey<RawGestureDetectorState>#1b3ff] ΓåÉ
    Listener ΓåÉ _ScrollableScope ΓåÉ _ScrollSemantics-[GlobalKey#e7d1a] ΓåÉ
    NotificationListener<ScrollMetricsNotification> ΓåÉ Transform ΓåÉ StretchEffect ΓåÉ Γï»
  parentData: <none> (can use size)
  constraints: BoxConstraints(0.0<=w<=1136.0, 0.0<=h<=613.0)
  size: MISSING
  offset: Offset(0.0, -0.0)
This RenderObject had the following descendants (showing up to depth 5):
    child: RenderFlex#c23a5 relayoutBoundary=up12 NEEDS-PAINT NEEDS-COMPOSITING-BITS-UPDATE
      child 1: RenderFlex#55d3a relayoutBoundary=up13 NEEDS-PAINT NEEDS-COMPOSITING-BITS-UPDATE
        child 1: RenderDecoratedBox#84e11 relayoutBoundary=up14 NEEDS-PAINT NEEDS-COMPOSITING-BITS-UPDATE
          child: RenderPadding#70541 relayoutBoundary=up15 NEEDS-PAINT NEEDS-COMPOSITING-BITS-UPDATE
            child: RenderFlex#0f0a9 relayoutBoundary=up16 NEEDS-PAINT NEEDS-COMPOSITING-BITS-UPDATE
        child 2: RenderConstrainedBox#79d01 NEEDS-LAYOUT NEEDS-PAINT
        child 3: RenderDecoratedBox#99688 NEEDS-LAYOUT NEEDS-PAINT NEEDS-COMPOSITING-BITS-UPDATE
          child: RenderPadding#16bd0 NEEDS-LAYOUT NEEDS-PAINT NEEDS-COMPOSITING-BITS-UPDATE
            child: RenderFlex#2764f NEEDS-LAYOUT NEEDS-PAINT NEEDS-COMPOSITING-BITS-UPDATE
        child 4: RenderConstrainedBox#6a0a2 NEEDS-LAYOUT NEEDS-PAINT
        child 5: RenderDecoratedBox#6638c NEEDS-LAYOUT NEEDS-PAINT NEEDS-COMPOSITING-BITS-UPDATE
          child: RenderPadding#b7526 NEEDS-LAYOUT NEEDS-PAINT NEEDS-COMPOSITING-BITS-UPDATE
            child: RenderDecoratedBox#a003e NEEDS-LAYOUT NEEDS-PAINT NEEDS-COMPOSITING-BITS-UPDATE
        child 6: RenderConstrainedBox#2f726 NEEDS-LAYOUT NEEDS-PAINT
        child 7: RenderDecoratedBox#c089e NEEDS-LAYOUT NEEDS-PAINT NEEDS-COMPOSITING-BITS-UPDATE
          child: RenderPadding#abbd4 NEEDS-LAYOUT NEEDS-PAINT NEEDS-COMPOSITING-BITS-UPDATE
            child: RenderFlex#bac5f NEEDS-LAYOUT NEEDS-PAINT NEEDS-COMPOSITING-BITS-UPDATE
      child 2: RenderConstrainedBox#debbd NEEDS-LAYOUT NEEDS-PAINT
      child 3: RenderConstrainedBox#bd9da NEEDS-LAYOUT NEEDS-PAINT NEEDS-COMPOSITING-BITS-UPDATE
        child: RenderDecoratedBox#4fece NEEDS-LAYOUT NEEDS-PAINT NEEDS-COMPOSITING-BITS-UPDATE
          child: RenderPadding#dca2d NEEDS-LAYOUT NEEDS-PAINT NEEDS-COMPOSITING-BITS-UPDATE
            child: RenderFlex#bd6db NEEDS-LAYOUT NEEDS-PAINT NEEDS-COMPOSITING-BITS-UPDATE
ΓòÉΓòÉΓòÉΓòÉΓòÉΓòÉΓòÉΓòÉΓòÉΓòÉΓòÉΓòÉΓòÉΓòÉΓòÉΓòÉΓòÉΓòÉΓòÉΓòÉΓòÉΓòÉΓòÉΓòÉΓòÉΓòÉΓòÉΓòÉΓòÉΓòÉΓòÉΓòÉΓòÉΓòÉΓòÉΓòÉΓòÉΓòÉΓòÉΓòÉΓòÉΓòÉΓòÉΓòÉΓòÉΓòÉΓòÉΓòÉΓòÉΓòÉΓòÉΓòÉΓòÉΓòÉΓòÉΓòÉΓòÉΓòÉΓòÉΓòÉΓòÉΓòÉΓòÉΓòÉΓòÉΓòÉΓòÉΓòÉΓòÉΓòÉΓòÉΓòÉΓòÉΓòÉΓòÉΓòÉΓòÉΓòÉΓòÉΓòÉΓòÉΓòÉΓòÉΓòÉΓòÉΓòÉΓòÉΓòÉΓòÉΓòÉΓòÉΓòÉΓòÉΓòÉΓòÉΓòÉΓòÉΓòÉΓòÉΓòÉ
ΓòÉΓòÉΓòí EXCEPTION CAUGHT BY RENDERING LIBRARY Γò₧ΓòÉΓòÉΓòÉΓòÉΓòÉΓòÉΓòÉΓòÉΓòÉΓòÉΓòÉΓòÉΓòÉΓòÉΓòÉΓòÉΓòÉΓòÉΓòÉΓòÉΓòÉΓòÉΓòÉΓòÉΓòÉΓòÉΓòÉΓòÉΓòÉΓòÉΓòÉΓòÉΓòÉΓòÉΓòÉΓòÉΓòÉΓòÉΓòÉΓòÉΓòÉΓòÉΓòÉΓòÉΓòÉΓòÉΓòÉΓòÉΓòÉΓòÉΓòÉΓòÉΓòÉΓòÉΓòÉΓòÉΓòÉ
The following assertion was thrown during performLayout():
RenderBox was not laid out: _RenderSingleChildViewport#3a606 relayoutBoundary=up11 NEEDS-PAINT
NEEDS-COMPOSITING-BITS-UPDATE
'package:flutter/src/rendering/box.dart':
Failed assertion: line 2251 pos 12: 'hasSize'

Either the assertion indicates an error in the framework itself, or we should provide substantially
more information in this error message to help you determine and fix the underlying cause.
In either case, please report this assertion by filing a bug on GitHub:
  https://github.com/flutter/flutter/issues/new?template=02_bug.yml

The relevant error-causing widget was:
  SingleChildScrollView
  SingleChildScrollView:file:///C:/Users/bhara/StudioProjects/simple_billing_app/lib/views/screens/billing_screen.dart:240:14

When the exception was thrown, this was the stack:
#2      RenderBox.size (package:flutter/src/rendering/box.dart:2251:12)
#3      RenderProxyBoxMixin.performLayout (package:flutter/src/rendering/proxy_box.dart:118:62)
#4      RenderObject.layout (package:flutter/src/rendering/object.dart:2768:7)
#5      RenderProxyBoxMixin.performLayout (package:flutter/src/rendering/proxy_box.dart:118:18)
#6      RenderObject.layout (package:flutter/src/rendering/object.dart:2768:7)
#7      RenderProxyBoxMixin.performLayout (package:flutter/src/rendering/proxy_box.dart:118:18)
#8      RenderObject.layout (package:flutter/src/rendering/object.dart:2768:7)
#9      RenderProxyBoxMixin.performLayout (package:flutter/src/rendering/proxy_box.dart:118:18)
#10     RenderObject.layout (package:flutter/src/rendering/object.dart:2768:7)
#11     RenderProxyBoxMixin.performLayout (package:flutter/src/rendering/proxy_box.dart:118:18)
#12     RenderObject.layout (package:flutter/src/rendering/object.dart:2768:7)
#13     RenderProxyBoxMixin.performLayout (package:flutter/src/rendering/proxy_box.dart:118:18)
#14     RenderObject.layout (package:flutter/src/rendering/object.dart:2768:7)
#15     RenderProxyBoxMixin.performLayout (package:flutter/src/rendering/proxy_box.dart:118:18)
#16     RenderObject.layout (package:flutter/src/rendering/object.dart:2768:7)
#17     RenderProxyBoxMixin.performLayout (package:flutter/src/rendering/proxy_box.dart:118:18)
#18     _RenderCustomClip.performLayout (package:flutter/src/rendering/proxy_box.dart:1549:11)
#19     RenderObject.layout (package:flutter/src/rendering/object.dart:2768:7)
#20     RenderPadding.performLayout (package:flutter/src/rendering/shifted_box.dart:262:12)
#21     RenderObject.layout (package:flutter/src/rendering/object.dart:2768:7)
#22     _RenderLayoutBuilder.performLayout (package:flutter/src/widgets/layout_builder.dart:449:14)
#23     RenderObject.layout (package:flutter/src/rendering/object.dart:2768:7)
#24     MultiChildLayoutDelegate.layoutChild (package:flutter/src/rendering/custom_layout.dart:180:12)
#25     _ScaffoldLayout.performLayout (package:flutter/src/material/scaffold.dart:1113:7)
#26     MultiChildLayoutDelegate._callPerformLayout (package:flutter/src/rendering/custom_layout.dart:246:7)
#27     RenderCustomMultiChildLayoutBox.performLayout (package:flutter/src/rendering/custom_layout.dart:417:14)
#28     RenderObject.layout (package:flutter/src/rendering/object.dart:2768:7)
#29     RenderProxyBoxMixin.performLayout (package:flutter/src/rendering/proxy_box.dart:118:18)
#30     RenderObject.layout (package:flutter/src/rendering/object.dart:2768:7)
#31     RenderProxyBoxMixin.performLayout (package:flutter/src/rendering/proxy_box.dart:118:18)
#32     _RenderCustomClip.performLayout (package:flutter/src/rendering/proxy_box.dart:1549:11)
#33     RenderObject.layout (package:flutter/src/rendering/object.dart:2768:7)
#34     RenderProxyBoxMixin.performLayout (package:flutter/src/rendering/proxy_box.dart:118:18)
#35     RenderObject.layout (package:flutter/src/rendering/object.dart:2768:7)
#36     RenderProxyBoxMixin.performLayout (package:flutter/src/rendering/proxy_box.dart:118:18)
#37     RenderObject.layout (package:flutter/src/rendering/object.dart:2768:7)
#38     RenderProxyBoxMixin.performLayout (package:flutter/src/rendering/proxy_box.dart:118:18)
#39     RenderObject.layout (package:flutter/src/rendering/object.dart:2768:7)
#40     RenderProxyBoxMixin.performLayout (package:flutter/src/rendering/proxy_box.dart:118:18)
#41     RenderObject.layout (package:flutter/src/rendering/object.dart:2768:7)
#42     RenderProxyBoxMixin.performLayout (package:flutter/src/rendering/proxy_box.dart:118:18)
#43     RenderObject.layout (package:flutter/src/rendering/object.dart:2768:7)
#44     RenderProxyBoxMixin.performLayout (package:flutter/src/rendering/proxy_box.dart:118:18)
#45     RenderObject.layout (package:flutter/src/rendering/object.dart:2768:7)
#46     RenderProxyBoxMixin.performLayout (package:flutter/src/rendering/proxy_box.dart:118:18)
#47     RenderObject.layout (package:flutter/src/rendering/object.dart:2768:7)
#48     RenderProxyBoxMixin.performLayout (package:flutter/src/rendering/proxy_box.dart:118:18)
#49     RenderObject.layout (package:flutter/src/rendering/object.dart:2768:7)
#50     RenderProxyBoxMixin.performLayout (package:flutter/src/rendering/proxy_box.dart:118:18)
#51     RenderObject.layout (package:flutter/src/rendering/object.dart:2768:7)
#52     RenderProxyBoxMixin.performLayout (package:flutter/src/rendering/proxy_box.dart:118:18)
#53     RenderObject.layout (package:flutter/src/rendering/object.dart:2768:7)
#54     RenderProxyBoxMixin.performLayout (package:flutter/src/rendering/proxy_box.dart:118:18)
#55     RenderObject.layout (package:flutter/src/rendering/object.dart:2768:7)
#56     RenderProxyBoxMixin.performLayout (package:flutter/src/rendering/proxy_box.dart:118:18)
#57     RenderObject.layout (package:flutter/src/rendering/object.dart:2768:7)
#58     RenderProxyBoxMixin.performLayout (package:flutter/src/rendering/proxy_box.dart:118:18)
#59     RenderObject.layout (package:flutter/src/rendering/object.dart:2768:7)
#60     RenderProxyBoxMixin.performLayout (package:flutter/src/rendering/proxy_box.dart:118:18)
#61     RenderObject.layout (package:flutter/src/rendering/object.dart:2768:7)
#62     RenderProxyBoxMixin.performLayout (package:flutter/src/rendering/proxy_box.dart:118:18)
#63     RenderObject.layout (package:flutter/src/rendering/object.dart:2768:7)
#64     RenderProxyBoxMixin.performLayout (package:flutter/src/rendering/proxy_box.dart:118:18)
#65     RenderOffstage.performLayout (package:flutter/src/rendering/proxy_box.dart:3923:13)
#66     RenderObject.layout (package:flutter/src/rendering/object.dart:2768:7)
#67     RenderProxyBoxMixin.performLayout (package:flutter/src/rendering/proxy_box.dart:118:18)
#68     RenderObject.layout (package:flutter/src/rendering/object.dart:2768:7)
#69     _RenderTheaterMixin.layoutChild (package:flutter/src/widgets/overlay.dart:1084:13)
#70     _RenderTheater.performLayout (package:flutter/src/widgets/overlay.dart:1429:9)
#71     RenderObject.layout (package:flutter/src/rendering/object.dart:2768:7)
#72     RenderProxyBoxMixin.performLayout (package:flutter/src/rendering/proxy_box.dart:118:18)
#73     RenderObject.layout (package:flutter/src/rendering/object.dart:2768:7)
#74     RenderProxyBoxMixin.performLayout (package:flutter/src/rendering/proxy_box.dart:118:18)
#75     RenderObject.layout (package:flutter/src/rendering/object.dart:2768:7)
#76     RenderProxyBoxMixin.performLayout (package:flutter/src/rendering/proxy_box.dart:118:18)
#77     RenderObject.layout (package:flutter/src/rendering/object.dart:2768:7)
#78     RenderProxyBoxMixin.performLayout (package:flutter/src/rendering/proxy_box.dart:118:18)
#79     RenderCustomPaint.performLayout (package:flutter/src/rendering/custom_paint.dart:574:11)
#80     RenderObject.layout (package:flutter/src/rendering/object.dart:2768:7)
#81     RenderProxyBoxMixin.performLayout (package:flutter/src/rendering/proxy_box.dart:118:18)
#82     RenderObject.layout (package:flutter/src/rendering/object.dart:2768:7)
#83     RenderProxyBoxMixin.performLayout (package:flutter/src/rendering/proxy_box.dart:118:18)
#84     RenderObject.layout (package:flutter/src/rendering/object.dart:2768:7)
#85     RenderProxyBoxMixin.performLayout (package:flutter/src/rendering/proxy_box.dart:118:18)
#86     RenderObject.layout (package:flutter/src/rendering/object.dart:2768:7)
#87     RenderProxyBoxMixin.performLayout (package:flutter/src/rendering/proxy_box.dart:118:18)
#88     RenderObject.layout (package:flutter/src/rendering/object.dart:2768:7)
#89     RenderProxyBoxMixin.performLayout (package:flutter/src/rendering/proxy_box.dart:118:18)
#90     RenderObject.layout (package:flutter/src/rendering/object.dart:2768:7)
#91     RenderProxyBoxMixin.performLayout (package:flutter/src/rendering/proxy_box.dart:118:18)
#92     RenderObject.layout (package:flutter/src/rendering/object.dart:2768:7)
#93     RenderView.performLayout (package:flutter/src/rendering/view.dart:292:12)
#94     RenderObject._layoutWithoutResize (package:flutter/src/rendering/object.dart:2616:7)
#95     PipelineOwner.flushLayout (package:flutter/src/rendering/object.dart:1174:18)
#96     PipelineOwner.flushLayout (package:flutter/src/rendering/object.dart:1187:15)
#97     AutomatedTestWidgetsFlutterBinding.drawFrame (package:flutter_test/src/binding.dart:2133:27)
#98     RendererBinding._handlePersistentFrameCallback (package:flutter/src/rendering/binding.dart:495:5)
#99     SchedulerBinding._invokeFrameCallback (package:flutter/src/scheduler/binding.dart:1430:15)
#100    SchedulerBinding.handleDrawFrame (package:flutter/src/scheduler/binding.dart:1345:9)
#101    AutomatedTestWidgetsFlutterBinding.pump.<anonymous closure> (package:flutter_test/src/binding.dart:1960:9)
#104    TestAsyncUtils.guard (package:flutter_test/src/test_async_utils.dart:74:41)
#105    AutomatedTestWidgetsFlutterBinding.pump (package:flutter_test/src/binding.dart:1949:27)
#106    WidgetTester.pumpWidget.<anonymous closure> (package:flutter_test/src/widget_tester.dart:598:22)
#109    TestAsyncUtils.guard (package:flutter_test/src/test_async_utils.dart:74:41)
#110    WidgetTester.pumpWidget (package:flutter_test/src/widget_tester.dart:595:27)
#111    main.<anonymous closure>.<anonymous closure> (file:///C:/Users/bhara/StudioProjects/simple_billing_app/test/widget/billing_screen_test.dart:17:20)
#112    testWidgets.<anonymous closure>.<anonymous closure> (package:flutter_test/src/widget_tester.dart:192:29)
<asynchronous suspension>
#113    TestWidgetsFlutterBinding._runTestBody (package:flutter_test/src/binding.dart:1682:5)
<asynchronous suspension>
<asynchronous suspension>
(elided 7 frames from class _AssertionError, dart:async, and package:stack_trace)

The following RenderObject was being processed when the exception was fired: RenderIgnorePointer#5a3b4 relayoutBoundary=up10 NEEDS-LAYOUT NEEDS-PAINT NEEDS-COMPOSITING-BITS-UPDATE:
  creator: IgnorePointer-[GlobalKey#bba0d] ΓåÉ Semantics ΓåÉ Listener ΓåÉ _GestureSemantics ΓåÉ
    RawGestureDetector-[LabeledGlobalKey<RawGestureDetectorState>#1b3ff] ΓåÉ Listener ΓåÉ _ScrollableScope
    ΓåÉ _ScrollSemantics-[GlobalKey#e7d1a] ΓåÉ NotificationListener<ScrollMetricsNotification> ΓåÉ Transform
    ΓåÉ StretchEffect ΓåÉ ClipRect ΓåÉ Γï»
  parentData: <none> (can use size)
  constraints: BoxConstraints(0.0<=w<=1136.0, 0.0<=h<=613.0)
  size: MISSING
  ignoring: false
  ignoringSemantics: null
This RenderObject had the following descendants (showing up to depth 5):
    child: _RenderSingleChildViewport#3a606 relayoutBoundary=up11 NEEDS-PAINT NEEDS-COMPOSITING-BITS-UPDATE
      child: RenderFlex#c23a5 relayoutBoundary=up12 NEEDS-PAINT NEEDS-COMPOSITING-BITS-UPDATE
        child 1: RenderFlex#55d3a relayoutBoundary=up13 NEEDS-PAINT NEEDS-COMPOSITING-BITS-UPDATE
          child 1: RenderDecoratedBox#84e11 relayoutBoundary=up14 NEEDS-PAINT NEEDS-COMPOSITING-BITS-UPDATE
            child: RenderPadding#70541 relayoutBoundary=up15 NEEDS-PAINT NEEDS-COMPOSITING-BITS-UPDATE
          child 2: RenderConstrainedBox#79d01 NEEDS-LAYOUT NEEDS-PAINT
          child 3: RenderDecoratedBox#99688 NEEDS-LAYOUT NEEDS-PAINT NEEDS-COMPOSITING-BITS-UPDATE
            child: RenderPadding#16bd0 NEEDS-LAYOUT NEEDS-PAINT NEEDS-COMPOSITING-BITS-UPDATE
          child 4: RenderConstrainedBox#6a0a2 NEEDS-LAYOUT NEEDS-PAINT
          child 5: RenderDecoratedBox#6638c NEEDS-LAYOUT NEEDS-PAINT NEEDS-COMPOSITING-BITS-UPDATE
            child: RenderPadding#b7526 NEEDS-LAYOUT NEEDS-PAINT NEEDS-COMPOSITING-BITS-UPDATE
          child 6: RenderConstrainedBox#2f726 NEEDS-LAYOUT NEEDS-PAINT
          child 7: RenderDecoratedBox#c089e NEEDS-LAYOUT NEEDS-PAINT NEEDS-COMPOSITING-BITS-UPDATE
            child: RenderPadding#abbd4 NEEDS-LAYOUT NEEDS-PAINT NEEDS-COMPOSITING-BITS-UPDATE
        child 2: RenderConstrainedBox#debbd NEEDS-LAYOUT NEEDS-PAINT
        child 3: RenderConstrainedBox#bd9da NEEDS-LAYOUT NEEDS-PAINT NEEDS-COMPOSITING-BITS-UPDATE
          child: RenderDecoratedBox#4fece NEEDS-LAYOUT NEEDS-PAINT NEEDS-COMPOSITING-BITS-UPDATE
            child: RenderPadding#dca2d NEEDS-LAYOUT NEEDS-PAINT NEEDS-COMPOSITING-BITS-UPDATE
ΓòÉΓòÉΓòÉΓòÉΓòÉΓòÉΓòÉΓòÉΓòÉΓòÉΓòÉΓòÉΓòÉΓòÉΓòÉΓòÉΓòÉΓòÉΓòÉΓòÉΓòÉΓòÉΓòÉΓòÉΓòÉΓòÉΓòÉΓòÉΓòÉΓòÉΓòÉΓòÉΓòÉΓòÉΓòÉΓòÉΓòÉΓòÉΓòÉΓòÉΓòÉΓòÉΓòÉΓòÉΓòÉΓòÉΓòÉΓòÉΓòÉΓòÉΓòÉΓòÉΓòÉΓòÉΓòÉΓòÉΓòÉΓòÉΓòÉΓòÉΓòÉΓòÉΓòÉΓòÉΓòÉΓòÉΓòÉΓòÉΓòÉΓòÉΓòÉΓòÉΓòÉΓòÉΓòÉΓòÉΓòÉΓòÉΓòÉΓòÉΓòÉΓòÉΓòÉΓòÉΓòÉΓòÉΓòÉΓòÉΓòÉΓòÉΓòÉΓòÉΓòÉΓòÉΓòÉΓòÉΓòÉΓòÉΓòÉΓòÉ
ΓòÉΓòÉΓòí EXCEPTION CAUGHT BY RENDERING LIBRARY Γò₧ΓòÉΓòÉΓòÉΓòÉΓòÉΓòÉΓòÉΓòÉΓòÉΓòÉΓòÉΓòÉΓòÉΓòÉΓòÉΓòÉΓòÉΓòÉΓòÉΓòÉΓòÉΓòÉΓòÉΓòÉΓòÉΓòÉΓòÉΓòÉΓòÉΓòÉΓòÉΓòÉΓòÉΓòÉΓòÉΓòÉΓòÉΓòÉΓòÉΓòÉΓòÉΓòÉΓòÉΓòÉΓòÉΓòÉΓòÉΓòÉΓòÉΓòÉΓòÉΓòÉΓòÉΓòÉΓòÉΓòÉΓòÉ
The following assertion was thrown during performLayout():
RenderBox was not laid out: RenderIgnorePointer#5a3b4 relayoutBoundary=up10 NEEDS-PAINT
NEEDS-COMPOSITING-BITS-UPDATE
'package:flutter/src/rendering/box.dart':
Failed assertion: line 2251 pos 12: 'hasSize'

Either the assertion indicates an error in the framework itself, or we should provide substantially
more information in this error message to help you determine and fix the underlying cause.
In either case, please report this assertion by filing a bug on GitHub:
  https://github.com/flutter/flutter/issues/new?template=02_bug.yml

The relevant error-causing widget was:
  SingleChildScrollView
  SingleChildScrollView:file:///C:/Users/bhara/StudioProjects/simple_billing_app/lib/views/screens/billing_screen.dart:240:14

When the exception was thrown, this was the stack:
#2      RenderBox.size (package:flutter/src/rendering/box.dart:2251:12)
#3      RenderProxyBoxMixin.performLayout (package:flutter/src/rendering/proxy_box.dart:118:62)
#4      RenderObject.layout (package:flutter/src/rendering/object.dart:2768:7)
#5      RenderProxyBoxMixin.performLayout (package:flutter/src/rendering/proxy_box.dart:118:18)
#6      RenderObject.layout (package:flutter/src/rendering/object.dart:2768:7)
#7      RenderProxyBoxMixin.performLayout (package:flutter/src/rendering/proxy_box.dart:118:18)
#8      RenderObject.layout (package:flutter/src/rendering/object.dart:2768:7)
#9      RenderProxyBoxMixin.performLayout (package:flutter/src/rendering/proxy_box.dart:118:18)
#10     RenderObject.layout (package:flutter/src/rendering/object.dart:2768:7)
#11     RenderProxyBoxMixin.performLayout (package:flutter/src/rendering/proxy_box.dart:118:18)
#12     RenderObject.layout (package:flutter/src/rendering/object.dart:2768:7)
#13     RenderProxyBoxMixin.performLayout (package:flutter/src/rendering/proxy_box.dart:118:18)
#14     RenderObject.layout (package:flutter/src/rendering/object.dart:2768:7)
#15     RenderProxyBoxMixin.performLayout (package:flutter/src/rendering/proxy_box.dart:118:18)
#16     _RenderCustomClip.performLayout (package:flutter/src/rendering/proxy_box.dart:1549:11)
#17     RenderObject.layout (package:flutter/src/rendering/object.dart:2768:7)
#18     RenderPadding.performLayout (package:flutter/src/rendering/shifted_box.dart:262:12)
#19     RenderObject.layout (package:flutter/src/rendering/object.dart:2768:7)
#20     _RenderLayoutBuilder.performLayout (package:flutter/src/widgets/layout_builder.dart:449:14)
#21     RenderObject.layout (package:flutter/src/rendering/object.dart:2768:7)
#22     MultiChildLayoutDelegate.layoutChild (package:flutter/src/rendering/custom_layout.dart:180:12)
#23     _ScaffoldLayout.performLayout (package:flutter/src/material/scaffold.dart:1113:7)
#24     MultiChildLayoutDelegate._callPerformLayout (package:flutter/src/rendering/custom_layout.dart:246:7)
#25     RenderCustomMultiChildLayoutBox.performLayout (package:flutter/src/rendering/custom_layout.dart:417:14)
#26     RenderObject.layout (package:flutter/src/rendering/object.dart:2768:7)
#27     RenderProxyBoxMixin.performLayout (package:flutter/src/rendering/proxy_box.dart:118:18)
#28     RenderObject.layout (package:flutter/src/rendering/object.dart:2768:7)
#29     RenderProxyBoxMixin.performLayout (package:flutter/src/rendering/proxy_box.dart:118:18)
#30     _RenderCustomClip.performLayout (package:flutter/src/rendering/proxy_box.dart:1549:11)
#31     RenderObject.layout (package:flutter/src/rendering/object.dart:2768:7)
#32     RenderProxyBoxMixin.performLayout (package:flutter/src/rendering/proxy_box.dart:118:18)
#33     RenderObject.layout (package:flutter/src/rendering/object.dart:2768:7)
#34     RenderProxyBoxMixin.performLayout (package:flutter/src/rendering/proxy_box.dart:118:18)
#35     RenderObject.layout (package:flutter/src/rendering/object.dart:2768:7)
#36     RenderProxyBoxMixin.performLayout (package:flutter/src/rendering/proxy_box.dart:118:18)
#37     RenderObject.layout (package:flutter/src/rendering/object.dart:2768:7)
#38     RenderProxyBoxMixin.performLayout (package:flutter/src/rendering/proxy_box.dart:118:18)
#39     RenderObject.layout (package:flutter/src/rendering/object.dart:2768:7)
#40     RenderProxyBoxMixin.performLayout (package:flutter/src/rendering/proxy_box.dart:118:18)
#41     RenderObject.layout (package:flutter/src/rendering/object.dart:2768:7)
#42     RenderProxyBoxMixin.performLayout (package:flutter/src/rendering/proxy_box.dart:118:18)
#43     RenderObject.layout (package:flutter/src/rendering/object.dart:2768:7)
#44     RenderProxyBoxMixin.performLayout (package:flutter/src/rendering/proxy_box.dart:118:18)
#45     RenderObject.layout (package:flutter/src/rendering/object.dart:2768:7)
#46     RenderProxyBoxMixin.performLayout (package:flutter/src/rendering/proxy_box.dart:118:18)
#47     RenderObject.layout (package:flutter/src/rendering/object.dart:2768:7)
#48     RenderProxyBoxMixin.performLayout (package:flutter/src/rendering/proxy_box.dart:118:18)
#49     RenderObject.layout (package:flutter/src/rendering/object.dart:2768:7)
#50     RenderProxyBoxMixin.performLayout (package:flutter/src/rendering/proxy_box.dart:118:18)
#51     RenderObject.layout (package:flutter/src/rendering/object.dart:2768:7)
#52     RenderProxyBoxMixin.performLayout (package:flutter/src/rendering/proxy_box.dart:118:18)
#53     RenderObject.layout (package:flutter/src/rendering/object.dart:2768:7)
#54     RenderProxyBoxMixin.performLayout (package:flutter/src/rendering/proxy_box.dart:118:18)
#55     RenderObject.layout (package:flutter/src/rendering/object.dart:2768:7)
#56     RenderProxyBoxMixin.performLayout (package:flutter/src/rendering/proxy_box.dart:118:18)
#57     RenderObject.layout (package:flutter/src/rendering/object.dart:2768:7)
#58     RenderProxyBoxMixin.performLayout (package:flutter/src/rendering/proxy_box.dart:118:18)
#59     RenderObject.layout (package:flutter/src/rendering/object.dart:2768:7)
#60     RenderProxyBoxMixin.performLayout (package:flutter/src/rendering/proxy_box.dart:118:18)
#61     RenderObject.layout (package:flutter/src/rendering/object.dart:2768:7)
#62     RenderProxyBoxMixin.performLayout (package:flutter/src/rendering/proxy_box.dart:118:18)
#63     RenderOffstage.performLayout (package:flutter/src/rendering/proxy_box.dart:3923:13)
#64     RenderObject.layout (package:flutter/src/rendering/object.dart:2768:7)
#65     RenderProxyBoxMixin.performLayout (package:flutter/src/rendering/proxy_box.dart:118:18)
#66     RenderObject.layout (package:flutter/src/rendering/object.dart:2768:7)
#67     _RenderTheaterMixin.layoutChild (package:flutter/src/widgets/overlay.dart:1084:13)
#68     _RenderTheater.performLayout (package:flutter/src/widgets/overlay.dart:1429:9)
#69     RenderObject.layout (package:flutter/src/rendering/object.dart:2768:7)
#70     RenderProxyBoxMixin.performLayout (package:flutter/src/rendering/proxy_box.dart:118:18)
#71     RenderObject.layout (package:flutter/src/rendering/object.dart:2768:7)
#72     RenderProxyBoxMixin.performLayout (package:flutter/src/rendering/proxy_box.dart:118:18)
#73     RenderObject.layout (package:flutter/src/rendering/object.dart:2768:7)
#74     RenderProxyBoxMixin.performLayout (package:flutter/src/rendering/proxy_box.dart:118:18)
#75     RenderObject.layout (package:flutter/src/rendering/object.dart:2768:7)
#76     RenderProxyBoxMixin.performLayout (package:flutter/src/rendering/proxy_box.dart:118:18)
#77     RenderCustomPaint.performLayout (package:flutter/src/rendering/custom_paint.dart:574:11)
#78     RenderObject.layout (package:flutter/src/rendering/object.dart:2768:7)
#79     RenderProxyBoxMixin.performLayout (package:flutter/src/rendering/proxy_box.dart:118:18)
#80     RenderObject.layout (package:flutter/src/rendering/object.dart:2768:7)
#81     RenderProxyBoxMixin.performLayout (package:flutter/src/rendering/proxy_box.dart:118:18)
#82     RenderObject.layout (package:flutter/src/rendering/object.dart:2768:7)
#83     RenderProxyBoxMixin.performLayout (package:flutter/src/rendering/proxy_box.dart:118:18)
#84     RenderObject.layout (package:flutter/src/rendering/object.dart:2768:7)
#85     RenderProxyBoxMixin.performLayout (package:flutter/src/rendering/proxy_box.dart:118:18)
#86     RenderObject.layout (package:flutter/src/rendering/object.dart:2768:7)
#87     RenderProxyBoxMixin.performLayout (package:flutter/src/rendering/proxy_box.dart:118:18)
#88     RenderObject.layout (package:flutter/src/rendering/object.dart:2768:7)
#89     RenderProxyBoxMixin.performLayout (package:flutter/src/rendering/proxy_box.dart:118:18)
#90     RenderObject.layout (package:flutter/src/rendering/object.dart:2768:7)
#91     RenderView.performLayout (package:flutter/src/rendering/view.dart:292:12)
#92     RenderObject._layoutWithoutResize (package:flutter/src/rendering/object.dart:2616:7)
#93     PipelineOwner.flushLayout (package:flutter/src/rendering/object.dart:1174:18)
#94     PipelineOwner.flushLayout (package:flutter/src/rendering/object.dart:1187:15)
#95     AutomatedTestWidgetsFlutterBinding.drawFrame (package:flutter_test/src/binding.dart:2133:27)
#96     RendererBinding._handlePersistentFrameCallback (package:flutter/src/rendering/binding.dart:495:5)
#97     SchedulerBinding._invokeFrameCallback (package:flutter/src/scheduler/binding.dart:1430:15)
#98     SchedulerBinding.handleDrawFrame (package:flutter/src/scheduler/binding.dart:1345:9)
#99     AutomatedTestWidgetsFlutterBinding.pump.<anonymous closure> (package:flutter_test/src/binding.dart:1960:9)
#102    TestAsyncUtils.guard (package:flutter_test/src/test_async_utils.dart:74:41)
#103    AutomatedTestWidgetsFlutterBinding.pump (package:flutter_test/src/binding.dart:1949:27)
#104    WidgetTester.pumpWidget.<anonymous closure> (package:flutter_test/src/widget_tester.dart:598:22)
#107    TestAsyncUtils.guard (package:flutter_test/src/test_async_utils.dart:74:41)
#108    WidgetTester.pumpWidget (package:flutter_test/src/widget_tester.dart:595:27)
#109    main.<anonymous closure>.<anonymous closure> (file:///C:/Users/bhara/StudioProjects/simple_billing_app/test/widget/billing_screen_test.dart:17:20)
#110    testWidgets.<anonymous closure>.<anonymous closure> (package:flutter_test/src/widget_tester.dart:192:29)
<asynchronous suspension>
#111    TestWidgetsFlutterBinding._runTestBody (package:flutter_test/src/binding.dart:1682:5)
<asynchronous suspension>
<asynchronous suspension>
(elided 7 frames from class _AssertionError, dart:async, and package:stack_trace)

The following RenderObject was being processed when the exception was fired: RenderSemanticsAnnotations#21e79 relayoutBoundary=up9 NEEDS-LAYOUT NEEDS-PAINT NEEDS-COMPOSITING-BITS-UPDATE:
  creator: Semantics ΓåÉ Listener ΓåÉ _GestureSemantics ΓåÉ
    RawGestureDetector-[LabeledGlobalKey<RawGestureDetectorState>#1b3ff] ΓåÉ Listener ΓåÉ _ScrollableScope
    ΓåÉ _ScrollSemantics-[GlobalKey#e7d1a] ΓåÉ NotificationListener<ScrollMetricsNotification> ΓåÉ Transform
    ΓåÉ StretchEffect ΓåÉ ClipRect ΓåÉ AnimatedBuilder ΓåÉ Γï»
  parentData: <none> (can use size)
  constraints: BoxConstraints(0.0<=w<=1136.0, 0.0<=h<=613.0)
  size: MISSING
This RenderObject had the following descendants (showing up to depth 5):
    child: RenderIgnorePointer#5a3b4 relayoutBoundary=up10 NEEDS-PAINT NEEDS-COMPOSITING-BITS-UPDATE
      child: _RenderSingleChildViewport#3a606 relayoutBoundary=up11 NEEDS-PAINT NEEDS-COMPOSITING-BITS-UPDATE
        child: RenderFlex#c23a5 relayoutBoundary=up12 NEEDS-PAINT NEEDS-COMPOSITING-BITS-UPDATE
          child 1: RenderFlex#55d3a relayoutBoundary=up13 NEEDS-PAINT NEEDS-COMPOSITING-BITS-UPDATE
            child 1: RenderDecoratedBox#84e11 relayoutBoundary=up14 NEEDS-PAINT NEEDS-COMPOSITING-BITS-UPDATE
            child 2: RenderConstrainedBox#79d01 NEEDS-LAYOUT NEEDS-PAINT
            child 3: RenderDecoratedBox#99688 NEEDS-LAYOUT NEEDS-PAINT NEEDS-COMPOSITING-BITS-UPDATE
            child 4: RenderConstrainedBox#6a0a2 NEEDS-LAYOUT NEEDS-PAINT
            child 5: RenderDecoratedBox#6638c NEEDS-LAYOUT NEEDS-PAINT NEEDS-COMPOSITING-BITS-UPDATE
            child 6: RenderConstrainedBox#2f726 NEEDS-LAYOUT NEEDS-PAINT
            child 7: RenderDecoratedBox#c089e NEEDS-LAYOUT NEEDS-PAINT NEEDS-COMPOSITING-BITS-UPDATE
          child 2: RenderConstrainedBox#debbd NEEDS-LAYOUT NEEDS-PAINT
          child 3: RenderConstrainedBox#bd9da NEEDS-LAYOUT NEEDS-PAINT NEEDS-COMPOSITING-BITS-UPDATE
            child: RenderDecoratedBox#4fece NEEDS-LAYOUT NEEDS-PAINT NEEDS-COMPOSITING-BITS-UPDATE
ΓòÉΓòÉΓòÉΓòÉΓòÉΓòÉΓòÉΓòÉΓòÉΓòÉΓòÉΓòÉΓòÉΓòÉΓòÉΓòÉΓòÉΓòÉΓòÉΓòÉΓòÉΓòÉΓòÉΓòÉΓòÉΓòÉΓòÉΓòÉΓòÉΓòÉΓòÉΓòÉΓòÉΓòÉΓòÉΓòÉΓòÉΓòÉΓòÉΓòÉΓòÉΓòÉΓòÉΓòÉΓòÉΓòÉΓòÉΓòÉΓòÉΓòÉΓòÉΓòÉΓòÉΓòÉΓòÉΓòÉΓòÉΓòÉΓòÉΓòÉΓòÉΓòÉΓòÉΓòÉΓòÉΓòÉΓòÉΓòÉΓòÉΓòÉΓòÉΓòÉΓòÉΓòÉΓòÉΓòÉΓòÉΓòÉΓòÉΓòÉΓòÉΓòÉΓòÉΓòÉΓòÉΓòÉΓòÉΓòÉΓòÉΓòÉΓòÉΓòÉΓòÉΓòÉΓòÉΓòÉΓòÉΓòÉΓòÉΓòÉ
ΓòÉΓòÉΓòí EXCEPTION CAUGHT BY RENDERING LIBRARY Γò₧ΓòÉΓòÉΓòÉΓòÉΓòÉΓòÉΓòÉΓòÉΓòÉΓòÉΓòÉΓòÉΓòÉΓòÉΓòÉΓòÉΓòÉΓòÉΓòÉΓòÉΓòÉΓòÉΓòÉΓòÉΓòÉΓòÉΓòÉΓòÉΓòÉΓòÉΓòÉΓòÉΓòÉΓòÉΓòÉΓòÉΓòÉΓòÉΓòÉΓòÉΓòÉΓòÉΓòÉΓòÉΓòÉΓòÉΓòÉΓòÉΓòÉΓòÉΓòÉΓòÉΓòÉΓòÉΓòÉΓòÉΓòÉ
The following assertion was thrown during performLayout():
RenderBox was not laid out: RenderSemanticsAnnotations#21e79 relayoutBoundary=up9 NEEDS-PAINT
NEEDS-COMPOSITING-BITS-UPDATE
'package:flutter/src/rendering/box.dart':
Failed assertion: line 2251 pos 12: 'hasSize'

Either the assertion indicates an error in the framework itself, or we should provide substantially
more information in this error message to help you determine and fix the underlying cause.
In either case, please report this assertion by filing a bug on GitHub:
  https://github.com/flutter/flutter/issues/new?template=02_bug.yml

The relevant error-causing widget was:
  SingleChildScrollView
  SingleChildScrollView:file:///C:/Users/bhara/StudioProjects/simple_billing_app/lib/views/screens/billing_screen.dart:240:14

When the exception was thrown, this was the stack:
#2      RenderBox.size (package:flutter/src/rendering/box.dart:2251:12)
#3      RenderProxyBoxMixin.performLayout (package:flutter/src/rendering/proxy_box.dart:118:62)
#4      RenderObject.layout (package:flutter/src/rendering/object.dart:2768:7)
#5      RenderProxyBoxMixin.performLayout (package:flutter/src/rendering/proxy_box.dart:118:18)
#6      RenderObject.layout (package:flutter/src/rendering/object.dart:2768:7)
#7      RenderProxyBoxMixin.performLayout (package:flutter/src/rendering/proxy_box.dart:118:18)
#8      RenderObject.layout (package:flutter/src/rendering/object.dart:2768:7)
#9      RenderProxyBoxMixin.performLayout (package:flutter/src/rendering/proxy_box.dart:118:18)
#10     RenderObject.layout (package:flutter/src/rendering/object.dart:2768:7)
#11     RenderProxyBoxMixin.performLayout (package:flutter/src/rendering/proxy_box.dart:118:18)
#12     RenderObject.layout (package:flutter/src/rendering/object.dart:2768:7)
#13     RenderProxyBoxMixin.performLayout (package:flutter/src/rendering/proxy_box.dart:118:18)
#14     _RenderCustomClip.performLayout (package:flutter/src/rendering/proxy_box.dart:1549:11)
#15     RenderObject.layout (package:flutter/src/rendering/object.dart:2768:7)
#16     RenderPadding.performLayout (package:flutter/src/rendering/shifted_box.dart:262:12)
#17     RenderObject.layout (package:flutter/src/rendering/object.dart:2768:7)
#18     _RenderLayoutBuilder.performLayout (package:flutter/src/widgets/layout_builder.dart:449:14)
#19     RenderObject.layout (package:flutter/src/rendering/object.dart:2768:7)
#20     MultiChildLayoutDelegate.layoutChild (package:flutter/src/rendering/custom_layout.dart:180:12)
#21     _ScaffoldLayout.performLayout (package:flutter/src/material/scaffold.dart:1113:7)
#22     MultiChildLayoutDelegate._callPerformLayout (package:flutter/src/rendering/custom_layout.dart:246:7)
#23     RenderCustomMultiChildLayoutBox.performLayout (package:flutter/src/rendering/custom_layout.dart:417:14)
#24     RenderObject.layout (package:flutter/src/rendering/object.dart:2768:7)
#25     RenderProxyBoxMixin.performLayout (package:flutter/src/rendering/proxy_box.dart:118:18)
#26     RenderObject.layout (package:flutter/src/rendering/object.dart:2768:7)
#27     RenderProxyBoxMixin.performLayout (package:flutter/src/rendering/proxy_box.dart:118:18)
#28     _RenderCustomClip.performLayout (package:flutter/src/rendering/proxy_box.dart:1549:11)
#29     RenderObject.layout (package:flutter/src/rendering/object.dart:2768:7)
#30     RenderProxyBoxMixin.performLayout (package:flutter/src/rendering/proxy_box.dart:118:18)
#31     RenderObject.layout (package:flutter/src/rendering/object.dart:2768:7)
#32     RenderProxyBoxMixin.performLayout (package:flutter/src/rendering/proxy_box.dart:118:18)
#33     RenderObject.layout (package:flutter/src/rendering/object.dart:2768:7)
#34     RenderProxyBoxMixin.performLayout (package:flutter/src/rendering/proxy_box.dart:118:18)
#35     RenderObject.layout (package:flutter/src/rendering/object.dart:2768:7)
#36     RenderProxyBoxMixin.performLayout (package:flutter/src/rendering/proxy_box.dart:118:18)
#37     RenderObject.layout (package:flutter/src/rendering/object.dart:2768:7)
#38     RenderProxyBoxMixin.performLayout (package:flutter/src/rendering/proxy_box.dart:118:18)
#39     RenderObject.layout (package:flutter/src/rendering/object.dart:2768:7)
#40     RenderProxyBoxMixin.performLayout (package:flutter/src/rendering/proxy_box.dart:118:18)
#41     RenderObject.layout (package:flutter/src/rendering/object.dart:2768:7)
#42     RenderProxyBoxMixin.performLayout (package:flutter/src/rendering/proxy_box.dart:118:18)
#43     RenderObject.layout (package:flutter/src/rendering/object.dart:2768:7)
#44     RenderProxyBoxMixin.performLayout (package:flutter/src/rendering/proxy_box.dart:118:18)
#45     RenderObject.layout (package:flutter/src/rendering/object.dart:2768:7)
#46     RenderProxyBoxMixin.performLayout (package:flutter/src/rendering/proxy_box.dart:118:18)
#47     RenderObject.layout (package:flutter/src/rendering/object.dart:2768:7)
#48     RenderProxyBoxMixin.performLayout (package:flutter/src/rendering/proxy_box.dart:118:18)
#49     RenderObject.layout (package:flutter/src/rendering/object.dart:2768:7)
#50     RenderProxyBoxMixin.performLayout (package:flutter/src/rendering/proxy_box.dart:118:18)
#51     RenderObject.layout (package:flutter/src/rendering/object.dart:2768:7)
#52     RenderProxyBoxMixin.performLayout (package:flutter/src/rendering/proxy_box.dart:118:18)
#53     RenderObject.layout (package:flutter/src/rendering/object.dart:2768:7)
#54     RenderProxyBoxMixin.performLayout (package:flutter/src/rendering/proxy_box.dart:118:18)
#55     RenderObject.layout (package:flutter/src/rendering/object.dart:2768:7)
#56     RenderProxyBoxMixin.performLayout (package:flutter/src/rendering/proxy_box.dart:118:18)
#57     RenderObject.layout (package:flutter/src/rendering/object.dart:2768:7)
#58     RenderProxyBoxMixin.performLayout (package:flutter/src/rendering/proxy_box.dart:118:18)
#59     RenderObject.layout (package:flutter/src/rendering/object.dart:2768:7)
#60     RenderProxyBoxMixin.performLayout (package:flutter/src/rendering/proxy_box.dart:118:18)
#61     RenderOffstage.performLayout (package:flutter/src/rendering/proxy_box.dart:3923:13)
#62     RenderObject.layout (package:flutter/src/rendering/object.dart:2768:7)
#63     RenderProxyBoxMixin.performLayout (package:flutter/src/rendering/proxy_box.dart:118:18)
#64     RenderObject.layout (package:flutter/src/rendering/object.dart:2768:7)
#65     _RenderTheaterMixin.layoutChild (package:flutter/src/widgets/overlay.dart:1084:13)
#66     _RenderTheater.performLayout (package:flutter/src/widgets/overlay.dart:1429:9)
#67     RenderObject.layout (package:flutter/src/rendering/object.dart:2768:7)
#68     RenderProxyBoxMixin.performLayout (package:flutter/src/rendering/proxy_box.dart:118:18)
#69     RenderObject.layout (package:flutter/src/rendering/object.dart:2768:7)
#70     RenderProxyBoxMixin.performLayout (package:flutter/src/rendering/proxy_box.dart:118:18)
#71     RenderObject.layout (package:flutter/src/rendering/object.dart:2768:7)
#72     RenderProxyBoxMixin.performLayout (package:flutter/src/rendering/proxy_box.dart:118:18)
#73     RenderObject.layout (package:flutter/src/rendering/object.dart:2768:7)
#74     RenderProxyBoxMixin.performLayout (package:flutter/src/rendering/proxy_box.dart:118:18)
#75     RenderCustomPaint.performLayout (package:flutter/src/rendering/custom_paint.dart:574:11)
#76     RenderObject.layout (package:flutter/src/rendering/object.dart:2768:7)
#77     RenderProxyBoxMixin.performLayout (package:flutter/src/rendering/proxy_box.dart:118:18)
#78     RenderObject.layout (package:flutter/src/rendering/object.dart:2768:7)
#79     RenderProxyBoxMixin.performLayout (package:flutter/src/rendering/proxy_box.dart:118:18)
#80     RenderObject.layout (package:flutter/src/rendering/object.dart:2768:7)
#81     RenderProxyBoxMixin.performLayout (package:flutter/src/rendering/proxy_box.dart:118:18)
#82     RenderObject.layout (package:flutter/src/rendering/object.dart:2768:7)
#83     RenderProxyBoxMixin.performLayout (package:flutter/src/rendering/proxy_box.dart:118:18)
#84     RenderObject.layout (package:flutter/src/rendering/object.dart:2768:7)
#85     RenderProxyBoxMixin.performLayout (package:flutter/src/rendering/proxy_box.dart:118:18)
#86     RenderObject.layout (package:flutter/src/rendering/object.dart:2768:7)
#87     RenderProxyBoxMixin.performLayout (package:flutter/src/rendering/proxy_box.dart:118:18)
#88     RenderObject.layout (package:flutter/src/rendering/object.dart:2768:7)
#89     RenderView.performLayout (package:flutter/src/rendering/view.dart:292:12)
#90     RenderObject._layoutWithoutResize (package:flutter/src/rendering/object.dart:2616:7)
#91     PipelineOwner.flushLayout (package:flutter/src/rendering/object.dart:1174:18)
#92     PipelineOwner.flushLayout (package:flutter/src/rendering/object.dart:1187:15)
#93     AutomatedTestWidgetsFlutterBinding.drawFrame (package:flutter_test/src/binding.dart:2133:27)
#94     RendererBinding._handlePersistentFrameCallback (package:flutter/src/rendering/binding.dart:495:5)
#95     SchedulerBinding._invokeFrameCallback (package:flutter/src/scheduler/binding.dart:1430:15)
#96     SchedulerBinding.handleDrawFrame (package:flutter/src/scheduler/binding.dart:1345:9)
#97     AutomatedTestWidgetsFlutterBinding.pump.<anonymous closure> (package:flutter_test/src/binding.dart:1960:9)
#100    TestAsyncUtils.guard (package:flutter_test/src/test_async_utils.dart:74:41)
#101    AutomatedTestWidgetsFlutterBinding.pump (package:flutter_test/src/binding.dart:1949:27)
#102    WidgetTester.pumpWidget.<anonymous closure> (package:flutter_test/src/widget_tester.dart:598:22)
#105    TestAsyncUtils.guard (package:flutter_test/src/test_async_utils.dart:74:41)
#106    WidgetTester.pumpWidget (package:flutter_test/src/widget_tester.dart:595:27)
#107    main.<anonymous closure>.<anonymous closure> (file:///C:/Users/bhara/StudioProjects/simple_billing_app/test/widget/billing_screen_test.dart:17:20)
#108    testWidgets.<anonymous closure>.<anonymous closure> (package:flutter_test/src/widget_tester.dart:192:29)
<asynchronous suspension>
#109    TestWidgetsFlutterBinding._runTestBody (package:flutter_test/src/binding.dart:1682:5)
<asynchronous suspension>
<asynchronous suspension>
(elided 7 frames from class _AssertionError, dart:async, and package:stack_trace)

The following RenderObject was being processed when the exception was fired: RenderPointerListener#d1c33 relayoutBoundary=up8 NEEDS-LAYOUT NEEDS-PAINT NEEDS-COMPOSITING-BITS-UPDATE:
  creator: Listener ΓåÉ _GestureSemantics ΓåÉ
    RawGestureDetector-[LabeledGlobalKey<RawGestureDetectorState>#1b3ff] ΓåÉ Listener ΓåÉ _ScrollableScope
    ΓåÉ _ScrollSemantics-[GlobalKey#e7d1a] ΓåÉ NotificationListener<ScrollMetricsNotification> ΓåÉ Transform
    ΓåÉ StretchEffect ΓåÉ ClipRect ΓåÉ AnimatedBuilder ΓåÉ NotificationListener<ScrollNotification> ΓåÉ Γï»
  parentData: <none> (can use size)
  constraints: BoxConstraints(0.0<=w<=1136.0, 0.0<=h<=613.0)
  size: MISSING
  behavior: opaque
  listeners: down, panZoomStart
This RenderObject had the following descendants (showing up to depth 5):
    child: RenderSemanticsAnnotations#21e79 relayoutBoundary=up9 NEEDS-PAINT NEEDS-COMPOSITING-BITS-UPDATE
      child: RenderIgnorePointer#5a3b4 relayoutBoundary=up10 NEEDS-PAINT NEEDS-COMPOSITING-BITS-UPDATE
        child: _RenderSingleChildViewport#3a606 relayoutBoundary=up11 NEEDS-PAINT NEEDS-COMPOSITING-BITS-UPDATE
          child: RenderFlex#c23a5 relayoutBoundary=up12 NEEDS-PAINT NEEDS-COMPOSITING-BITS-UPDATE
            child 1: RenderFlex#55d3a relayoutBoundary=up13 NEEDS-PAINT NEEDS-COMPOSITING-BITS-UPDATE
            child 2: RenderConstrainedBox#debbd NEEDS-LAYOUT NEEDS-PAINT
            child 3: RenderConstrainedBox#bd9da NEEDS-LAYOUT NEEDS-PAINT NEEDS-COMPOSITING-BITS-UPDATE
ΓòÉΓòÉΓòÉΓòÉΓòÉΓòÉΓòÉΓòÉΓòÉΓòÉΓòÉΓòÉΓòÉΓòÉΓòÉΓòÉΓòÉΓòÉΓòÉΓòÉΓòÉΓòÉΓòÉΓòÉΓòÉΓòÉΓòÉΓòÉΓòÉΓòÉΓòÉΓòÉΓòÉΓòÉΓòÉΓòÉΓòÉΓòÉΓòÉΓòÉΓòÉΓòÉΓòÉΓòÉΓòÉΓòÉΓòÉΓòÉΓòÉΓòÉΓòÉΓòÉΓòÉΓòÉΓòÉΓòÉΓòÉΓòÉΓòÉΓòÉΓòÉΓòÉΓòÉΓòÉΓòÉΓòÉΓòÉΓòÉΓòÉΓòÉΓòÉΓòÉΓòÉΓòÉΓòÉΓòÉΓòÉΓòÉΓòÉΓòÉΓòÉΓòÉΓòÉΓòÉΓòÉΓòÉΓòÉΓòÉΓòÉΓòÉΓòÉΓòÉΓòÉΓòÉΓòÉΓòÉΓòÉΓòÉΓòÉΓòÉ
ΓòÉΓòÉΓòí EXCEPTION CAUGHT BY RENDERING LIBRARY Γò₧ΓòÉΓòÉΓòÉΓòÉΓòÉΓòÉΓòÉΓòÉΓòÉΓòÉΓòÉΓòÉΓòÉΓòÉΓòÉΓòÉΓòÉΓòÉΓòÉΓòÉΓòÉΓòÉΓòÉΓòÉΓòÉΓòÉΓòÉΓòÉΓòÉΓòÉΓòÉΓòÉΓòÉΓòÉΓòÉΓòÉΓòÉΓòÉΓòÉΓòÉΓòÉΓòÉΓòÉΓòÉΓòÉΓòÉΓòÉΓòÉΓòÉΓòÉΓòÉΓòÉΓòÉΓòÉΓòÉΓòÉΓòÉ
The following assertion was thrown during performLayout():
RenderBox was not laid out: RenderPointerListener#d1c33 relayoutBoundary=up8 NEEDS-PAINT
NEEDS-COMPOSITING-BITS-UPDATE
'package:flutter/src/rendering/box.dart':
Failed assertion: line 2251 pos 12: 'hasSize'

Either the assertion indicates an error in the framework itself, or we should provide substantially
more information in this error message to help you determine and fix the underlying cause.
In either case, please report this assertion by filing a bug on GitHub:
  https://github.com/flutter/flutter/issues/new?template=02_bug.yml

The relevant error-causing widget was:
  SingleChildScrollView
  SingleChildScrollView:file:///C:/Users/bhara/StudioProjects/simple_billing_app/lib/views/screens/billing_screen.dart:240:14

When the exception was thrown, this was the stack:
#2      RenderBox.size (package:flutter/src/rendering/box.dart:2251:12)
#3      RenderProxyBoxMixin.performLayout (package:flutter/src/rendering/proxy_box.dart:118:62)
#4      RenderObject.layout (package:flutter/src/rendering/object.dart:2768:7)
#5      RenderProxyBoxMixin.performLayout (package:flutter/src/rendering/proxy_box.dart:118:18)
#6      RenderObject.layout (package:flutter/src/rendering/object.dart:2768:7)
#7      RenderProxyBoxMixin.performLayout (package:flutter/src/rendering/proxy_box.dart:118:18)
#8      RenderObject.layout (package:flutter/src/rendering/object.dart:2768:7)
#9      RenderProxyBoxMixin.performLayout (package:flutter/src/rendering/proxy_box.dart:118:18)
#10     RenderObject.layout (package:flutter/src/rendering/object.dart:2768:7)
#11     RenderProxyBoxMixin.performLayout (package:flutter/src/rendering/proxy_box.dart:118:18)
#12     _RenderCustomClip.performLayout (package:flutter/src/rendering/proxy_box.dart:1549:11)
#13     RenderObject.layout (package:flutter/src/rendering/object.dart:2768:7)
#14     RenderPadding.performLayout (package:flutter/src/rendering/shifted_box.dart:262:12)
#15     RenderObject.layout (package:flutter/src/rendering/object.dart:2768:7)
#16     _RenderLayoutBuilder.performLayout (package:flutter/src/widgets/layout_builder.dart:449:14)
#17     RenderObject.layout (package:flutter/src/rendering/object.dart:2768:7)
#18     MultiChildLayoutDelegate.layoutChild (package:flutter/src/rendering/custom_layout.dart:180:12)
#19     _ScaffoldLayout.performLayout (package:flutter/src/material/scaffold.dart:1113:7)
#20     MultiChildLayoutDelegate._callPerformLayout (package:flutter/src/rendering/custom_layout.dart:246:7)
#21     RenderCustomMultiChildLayoutBox.performLayout (package:flutter/src/rendering/custom_layout.dart:417:14)
#22     RenderObject.layout (package:flutter/src/rendering/object.dart:2768:7)
#23     RenderProxyBoxMixin.performLayout (package:flutter/src/rendering/proxy_box.dart:118:18)
#24     RenderObject.layout (package:flutter/src/rendering/object.dart:2768:7)
#25     RenderProxyBoxMixin.performLayout (package:flutter/src/rendering/proxy_box.dart:118:18)
#26     _RenderCustomClip.performLayout (package:flutter/src/rendering/proxy_box.dart:1549:11)
#27     RenderObject.layout (package:flutter/src/rendering/object.dart:2768:7)
#28     RenderProxyBoxMixin.performLayout (package:flutter/src/rendering/proxy_box.dart:118:18)
#29     RenderObject.layout (package:flutter/src/rendering/object.dart:2768:7)
#30     RenderProxyBoxMixin.performLayout (package:flutter/src/rendering/proxy_box.dart:118:18)
#31     RenderObject.layout (package:flutter/src/rendering/object.dart:2768:7)
#32     RenderProxyBoxMixin.performLayout (package:flutter/src/rendering/proxy_box.dart:118:18)
#33     RenderObject.layout (package:flutter/src/rendering/object.dart:2768:7)
#34     RenderProxyBoxMixin.performLayout (package:flutter/src/rendering/proxy_box.dart:118:18)
#35     RenderObject.layout (package:flutter/src/rendering/object.dart:2768:7)
#36     RenderProxyBoxMixin.performLayout (package:flutter/src/rendering/proxy_box.dart:118:18)
#37     RenderObject.layout (package:flutter/src/rendering/object.dart:2768:7)
#38     RenderProxyBoxMixin.performLayout (package:flutter/src/rendering/proxy_box.dart:118:18)
#39     RenderObject.layout (package:flutter/src/rendering/object.dart:2768:7)
#40     RenderProxyBoxMixin.performLayout (package:flutter/src/rendering/proxy_box.dart:118:18)
#41     RenderObject.layout (package:flutter/src/rendering/object.dart:2768:7)
#42     RenderProxyBoxMixin.performLayout (package:flutter/src/rendering/proxy_box.dart:118:18)
#43     RenderObject.layout (package:flutter/src/rendering/object.dart:2768:7)
#44     RenderProxyBoxMixin.performLayout (package:flutter/src/rendering/proxy_box.dart:118:18)
#45     RenderObject.layout (package:flutter/src/rendering/object.dart:2768:7)
#46     RenderProxyBoxMixin.performLayout (package:flutter/src/rendering/proxy_box.dart:118:18)
#47     RenderObject.layout (package:flutter/src/rendering/object.dart:2768:7)
#48     RenderProxyBoxMixin.performLayout (package:flutter/src/rendering/proxy_box.dart:118:18)
#49     RenderObject.layout (package:flutter/src/rendering/object.dart:2768:7)
#50     RenderProxyBoxMixin.performLayout (package:flutter/src/rendering/proxy_box.dart:118:18)
#51     RenderObject.layout (package:flutter/src/rendering/object.dart:2768:7)
#52     RenderProxyBoxMixin.performLayout (package:flutter/src/rendering/proxy_box.dart:118:18)
#53     RenderObject.layout (package:flutter/src/rendering/object.dart:2768:7)
#54     RenderProxyBoxMixin.performLayout (package:flutter/src/rendering/proxy_box.dart:118:18)
#55     RenderObject.layout (package:flutter/src/rendering/object.dart:2768:7)
#56     RenderProxyBoxMixin.performLayout (package:flutter/src/rendering/proxy_box.dart:118:18)
#57     RenderObject.layout (package:flutter/src/rendering/object.dart:2768:7)
#58     RenderProxyBoxMixin.performLayout (package:flutter/src/rendering/proxy_box.dart:118:18)
#59     RenderOffstage.performLayout (package:flutter/src/rendering/proxy_box.dart:3923:13)
#60     RenderObject.layout (package:flutter/src/rendering/object.dart:2768:7)
#61     RenderProxyBoxMixin.performLayout (package:flutter/src/rendering/proxy_box.dart:118:18)
#62     RenderObject.layout (package:flutter/src/rendering/object.dart:2768:7)
#63     _RenderTheaterMixin.layoutChild (package:flutter/src/widgets/overlay.dart:1084:13)
#64     _RenderTheater.performLayout (package:flutter/src/widgets/overlay.dart:1429:9)
#65     RenderObject.layout (package:flutter/src/rendering/object.dart:2768:7)
#66     RenderProxyBoxMixin.performLayout (package:flutter/src/rendering/proxy_box.dart:118:18)
#67     RenderObject.layout (package:flutter/src/rendering/object.dart:2768:7)
#68     RenderProxyBoxMixin.performLayout (package:flutter/src/rendering/proxy_box.dart:118:18)
#69     RenderObject.layout (package:flutter/src/rendering/object.dart:2768:7)
#70     RenderProxyBoxMixin.performLayout (package:flutter/src/rendering/proxy_box.dart:118:18)
#71     RenderObject.layout (package:flutter/src/rendering/object.dart:2768:7)
#72     RenderProxyBoxMixin.performLayout (package:flutter/src/rendering/proxy_box.dart:118:18)
#73     RenderCustomPaint.performLayout (package:flutter/src/rendering/custom_paint.dart:574:11)
#74     RenderObject.layout (package:flutter/src/rendering/object.dart:2768:7)
#75     RenderProxyBoxMixin.performLayout (package:flutter/src/rendering/proxy_box.dart:118:18)
#76     RenderObject.layout (package:flutter/src/rendering/object.dart:2768:7)
#77     RenderProxyBoxMixin.performLayout (package:flutter/src/rendering/proxy_box.dart:118:18)
#78     RenderObject.layout (package:flutter/src/rendering/object.dart:2768:7)
#79     RenderProxyBoxMixin.performLayout (package:flutter/src/rendering/proxy_box.dart:118:18)
#80     RenderObject.layout (package:flutter/src/rendering/object.dart:2768:7)
#81     RenderProxyBoxMixin.performLayout (package:flutter/src/rendering/proxy_box.dart:118:18)
#82     RenderObject.layout (package:flutter/src/rendering/object.dart:2768:7)
#83     RenderProxyBoxMixin.performLayout (package:flutter/src/rendering/proxy_box.dart:118:18)
#84     RenderObject.layout (package:flutter/src/rendering/object.dart:2768:7)
#85     RenderProxyBoxMixin.performLayout (package:flutter/src/rendering/proxy_box.dart:118:18)
#86     RenderObject.layout (package:flutter/src/rendering/object.dart:2768:7)
#87     RenderView.performLayout (package:flutter/src/rendering/view.dart:292:12)
#88     RenderObject._layoutWithoutResize (package:flutter/src/rendering/object.dart:2616:7)
#89     PipelineOwner.flushLayout (package:flutter/src/rendering/object.dart:1174:18)
#90     PipelineOwner.flushLayout (package:flutter/src/rendering/object.dart:1187:15)
#91     AutomatedTestWidgetsFlutterBinding.drawFrame (package:flutter_test/src/binding.dart:2133:27)
#92     RendererBinding._handlePersistentFrameCallback (package:flutter/src/rendering/binding.dart:495:5)
#93     SchedulerBinding._invokeFrameCallback (package:flutter/src/scheduler/binding.dart:1430:15)
#94     SchedulerBinding.handleDrawFrame (package:flutter/src/scheduler/binding.dart:1345:9)
#95     AutomatedTestWidgetsFlutterBinding.pump.<anonymous closure> (package:flutter_test/src/binding.dart:1960:9)
#98     TestAsyncUtils.guard (package:flutter_test/src/test_async_utils.dart:74:41)
#99     AutomatedTestWidgetsFlutterBinding.pump (package:flutter_test/src/binding.dart:1949:27)
#100    WidgetTester.pumpWidget.<anonymous closure> (package:flutter_test/src/widget_tester.dart:598:22)
#103    TestAsyncUtils.guard (package:flutter_test/src/test_async_utils.dart:74:41)
#104    WidgetTester.pumpWidget (package:flutter_test/src/widget_tester.dart:595:27)
#105    main.<anonymous closure>.<anonymous closure> (file:///C:/Users/bhara/StudioProjects/simple_billing_app/test/widget/billing_screen_test.dart:17:20)
#106    testWidgets.<anonymous closure>.<anonymous closure> (package:flutter_test/src/widget_tester.dart:192:29)
<asynchronous suspension>
#107    TestWidgetsFlutterBinding._runTestBody (package:flutter_test/src/binding.dart:1682:5)
<asynchronous suspension>
<asynchronous suspension>
(elided 7 frames from class _AssertionError, dart:async, and package:stack_trace)

The following RenderObject was being processed when the exception was fired: RenderSemanticsGestureHandler#a198a relayoutBoundary=up7 NEEDS-LAYOUT NEEDS-PAINT NEEDS-COMPOSITING-BITS-UPDATE:
  creator: _GestureSemantics ΓåÉ RawGestureDetector-[LabeledGlobalKey<RawGestureDetectorState>#1b3ff] ΓåÉ
    Listener ΓåÉ _ScrollableScope ΓåÉ _ScrollSemantics-[GlobalKey#e7d1a] ΓåÉ
    NotificationListener<ScrollMetricsNotification> ΓåÉ Transform ΓåÉ StretchEffect ΓåÉ ClipRect ΓåÉ
    AnimatedBuilder ΓåÉ NotificationListener<ScrollNotification> ΓåÉ StretchingOverscrollIndicator ΓåÉ Γï»
  parentData: <none> (can use size)
  constraints: BoxConstraints(0.0<=w<=1136.0, 0.0<=h<=613.0)
  size: MISSING
  behavior: opaque
  gestures: <none>
This RenderObject had the following descendants (showing up to depth 5):
    child: RenderPointerListener#d1c33 relayoutBoundary=up8 NEEDS-PAINT NEEDS-COMPOSITING-BITS-UPDATE
      child: RenderSemanticsAnnotations#21e79 relayoutBoundary=up9 NEEDS-PAINT NEEDS-COMPOSITING-BITS-UPDATE
        child: RenderIgnorePointer#5a3b4 relayoutBoundary=up10 NEEDS-PAINT NEEDS-COMPOSITING-BITS-UPDATE
          child: _RenderSingleChildViewport#3a606 relayoutBoundary=up11 NEEDS-PAINT NEEDS-COMPOSITING-BITS-UPDATE
            child: RenderFlex#c23a5 relayoutBoundary=up12 NEEDS-PAINT NEEDS-COMPOSITING-BITS-UPDATE
ΓòÉΓòÉΓòÉΓòÉΓòÉΓòÉΓòÉΓòÉΓòÉΓòÉΓòÉΓòÉΓòÉΓòÉΓòÉΓòÉΓòÉΓòÉΓòÉΓòÉΓòÉΓòÉΓòÉΓòÉΓòÉΓòÉΓòÉΓòÉΓòÉΓòÉΓòÉΓòÉΓòÉΓòÉΓòÉΓòÉΓòÉΓòÉΓòÉΓòÉΓòÉΓòÉΓòÉΓòÉΓòÉΓòÉΓòÉΓòÉΓòÉΓòÉΓòÉΓòÉΓòÉΓòÉΓòÉΓòÉΓòÉΓòÉΓòÉΓòÉΓòÉΓòÉΓòÉΓòÉΓòÉΓòÉΓòÉΓòÉΓòÉΓòÉΓòÉΓòÉΓòÉΓòÉΓòÉΓòÉΓòÉΓòÉΓòÉΓòÉΓòÉΓòÉΓòÉΓòÉΓòÉΓòÉΓòÉΓòÉΓòÉΓòÉΓòÉΓòÉΓòÉΓòÉΓòÉΓòÉΓòÉΓòÉΓòÉΓòÉ
ΓòÉΓòÉΓòí EXCEPTION CAUGHT BY RENDERING LIBRARY Γò₧ΓòÉΓòÉΓòÉΓòÉΓòÉΓòÉΓòÉΓòÉΓòÉΓòÉΓòÉΓòÉΓòÉΓòÉΓòÉΓòÉΓòÉΓòÉΓòÉΓòÉΓòÉΓòÉΓòÉΓòÉΓòÉΓòÉΓòÉΓòÉΓòÉΓòÉΓòÉΓòÉΓòÉΓòÉΓòÉΓòÉΓòÉΓòÉΓòÉΓòÉΓòÉΓòÉΓòÉΓòÉΓòÉΓòÉΓòÉΓòÉΓòÉΓòÉΓòÉΓòÉΓòÉΓòÉΓòÉΓòÉΓòÉ
The following assertion was thrown during performLayout():
RenderBox was not laid out: RenderSemanticsGestureHandler#a198a relayoutBoundary=up7 NEEDS-PAINT
NEEDS-COMPOSITING-BITS-UPDATE
'package:flutter/src/rendering/box.dart':
Failed assertion: line 2251 pos 12: 'hasSize'

Either the assertion indicates an error in the framework itself, or we should provide substantially
more information in this error message to help you determine and fix the underlying cause.
In either case, please report this assertion by filing a bug on GitHub:
  https://github.com/flutter/flutter/issues/new?template=02_bug.yml

The relevant error-causing widget was:
  SingleChildScrollView
  SingleChildScrollView:file:///C:/Users/bhara/StudioProjects/simple_billing_app/lib/views/screens/billing_screen.dart:240:14

When the exception was thrown, this was the stack:
#2      RenderBox.size (package:flutter/src/rendering/box.dart:2251:12)
#3      RenderProxyBoxMixin.performLayout (package:flutter/src/rendering/proxy_box.dart:118:62)
#4      RenderObject.layout (package:flutter/src/rendering/object.dart:2768:7)
#5      RenderProxyBoxMixin.performLayout (package:flutter/src/rendering/proxy_box.dart:118:18)
#6      RenderObject.layout (package:flutter/src/rendering/object.dart:2768:7)
#7      RenderProxyBoxMixin.performLayout (package:flutter/src/rendering/proxy_box.dart:118:18)
#8      RenderObject.layout (package:flutter/src/rendering/object.dart:2768:7)
#9      RenderProxyBoxMixin.performLayout (package:flutter/src/rendering/proxy_box.dart:118:18)
#10     _RenderCustomClip.performLayout (package:flutter/src/rendering/proxy_box.dart:1549:11)
#11     RenderObject.layout (package:flutter/src/rendering/object.dart:2768:7)
#12     RenderPadding.performLayout (package:flutter/src/rendering/shifted_box.dart:262:12)
#13     RenderObject.layout (package:flutter/src/rendering/object.dart:2768:7)
#14     _RenderLayoutBuilder.performLayout (package:flutter/src/widgets/layout_builder.dart:449:14)
#15     RenderObject.layout (package:flutter/src/rendering/object.dart:2768:7)
#16     MultiChildLayoutDelegate.layoutChild (package:flutter/src/rendering/custom_layout.dart:180:12)
#17     _ScaffoldLayout.performLayout (package:flutter/src/material/scaffold.dart:1113:7)
#18     MultiChildLayoutDelegate._callPerformLayout (package:flutter/src/rendering/custom_layout.dart:246:7)
#19     RenderCustomMultiChildLayoutBox.performLayout (package:flutter/src/rendering/custom_layout.dart:417:14)
#20     RenderObject.layout (package:flutter/src/rendering/object.dart:2768:7)
#21     RenderProxyBoxMixin.performLayout (package:flutter/src/rendering/proxy_box.dart:118:18)
#22     RenderObject.layout (package:flutter/src/rendering/object.dart:2768:7)
#23     RenderProxyBoxMixin.performLayout (package:flutter/src/rendering/proxy_box.dart:118:18)
#24     _RenderCustomClip.performLayout (package:flutter/src/rendering/proxy_box.dart:1549:11)
#25     RenderObject.layout (package:flutter/src/rendering/object.dart:2768:7)
#26     RenderProxyBoxMixin.performLayout (package:flutter/src/rendering/proxy_box.dart:118:18)
#27     RenderObject.layout (package:flutter/src/rendering/object.dart:2768:7)
#28     RenderProxyBoxMixin.performLayout (package:flutter/src/rendering/proxy_box.dart:118:18)
#29     RenderObject.layout (package:flutter/src/rendering/object.dart:2768:7)
#30     RenderProxyBoxMixin.performLayout (package:flutter/src/rendering/proxy_box.dart:118:18)
#31     RenderObject.layout (package:flutter/src/rendering/object.dart:2768:7)
#32     RenderProxyBoxMixin.performLayout (package:flutter/src/rendering/proxy_box.dart:118:18)
#33     RenderObject.layout (package:flutter/src/rendering/object.dart:2768:7)
#34     RenderProxyBoxMixin.performLayout (package:flutter/src/rendering/proxy_box.dart:118:18)
#35     RenderObject.layout (package:flutter/src/rendering/object.dart:2768:7)
#36     RenderProxyBoxMixin.performLayout (package:flutter/src/rendering/proxy_box.dart:118:18)
#37     RenderObject.layout (package:flutter/src/rendering/object.dart:2768:7)
#38     RenderProxyBoxMixin.performLayout (package:flutter/src/rendering/proxy_box.dart:118:18)
#39     RenderObject.layout (package:flutter/src/rendering/object.dart:2768:7)
#40     RenderProxyBoxMixin.performLayout (package:flutter/src/rendering/proxy_box.dart:118:18)
#41     RenderObject.layout (package:flutter/src/rendering/object.dart:2768:7)
#42     RenderProxyBoxMixin.performLayout (package:flutter/src/rendering/proxy_box.dart:118:18)
#43     RenderObject.layout (package:flutter/src/rendering/object.dart:2768:7)
#44     RenderProxyBoxMixin.performLayout (package:flutter/src/rendering/proxy_box.dart:118:18)
#45     RenderObject.layout (package:flutter/src/rendering/object.dart:2768:7)
#46     RenderProxyBoxMixin.performLayout (package:flutter/src/rendering/proxy_box.dart:118:18)
#47     RenderObject.layout (package:flutter/src/rendering/object.dart:2768:7)
#48     RenderProxyBoxMixin.performLayout (package:flutter/src/rendering/proxy_box.dart:118:18)
#49     RenderObject.layout (package:flutter/src/rendering/object.dart:2768:7)
#50     RenderProxyBoxMixin.performLayout (package:flutter/src/rendering/proxy_box.dart:118:18)
#51     RenderObject.layout (package:flutter/src/rendering/object.dart:2768:7)
#52     RenderProxyBoxMixin.performLayout (package:flutter/src/rendering/proxy_box.dart:118:18)
#53     RenderObject.layout (package:flutter/src/rendering/object.dart:2768:7)
#54     RenderProxyBoxMixin.performLayout (package:flutter/src/rendering/proxy_box.dart:118:18)
#55     RenderObject.layout (package:flutter/src/rendering/object.dart:2768:7)
#56     RenderProxyBoxMixin.performLayout (package:flutter/src/rendering/proxy_box.dart:118:18)
#57     RenderOffstage.performLayout (package:flutter/src/rendering/proxy_box.dart:3923:13)
#58     RenderObject.layout (package:flutter/src/rendering/object.dart:2768:7)
#59     RenderProxyBoxMixin.performLayout (package:flutter/src/rendering/proxy_box.dart:118:18)
#60     RenderObject.layout (package:flutter/src/rendering/object.dart:2768:7)
#61     _RenderTheaterMixin.layoutChild (package:flutter/src/widgets/overlay.dart:1084:13)
#62     _RenderTheater.performLayout (package:flutter/src/widgets/overlay.dart:1429:9)
#63     RenderObject.layout (package:flutter/src/rendering/object.dart:2768:7)
#64     RenderProxyBoxMixin.performLayout (package:flutter/src/rendering/proxy_box.dart:118:18)
#65     RenderObject.layout (package:flutter/src/rendering/object.dart:2768:7)
#66     RenderProxyBoxMixin.performLayout (package:flutter/src/rendering/proxy_box.dart:118:18)
#67     RenderObject.layout (package:flutter/src/rendering/object.dart:2768:7)
#68     RenderProxyBoxMixin.performLayout (package:flutter/src/rendering/proxy_box.dart:118:18)
#69     RenderObject.layout (package:flutter/src/rendering/object.dart:2768:7)
#70     RenderProxyBoxMixin.performLayout (package:flutter/src/rendering/proxy_box.dart:118:18)
#71     RenderCustomPaint.performLayout (package:flutter/src/rendering/custom_paint.dart:574:11)
#72     RenderObject.layout (package:flutter/src/rendering/object.dart:2768:7)
#73     RenderProxyBoxMixin.performLayout (package:flutter/src/rendering/proxy_box.dart:118:18)
#74     RenderObject.layout (package:flutter/src/rendering/object.dart:2768:7)
#75     RenderProxyBoxMixin.performLayout (package:flutter/src/rendering/proxy_box.dart:118:18)
#76     RenderObject.layout (package:flutter/src/rendering/object.dart:2768:7)
#77     RenderProxyBoxMixin.performLayout (package:flutter/src/rendering/proxy_box.dart:118:18)
#78     RenderObject.layout (package:flutter/src/rendering/object.dart:2768:7)
#79     RenderProxyBoxMixin.performLayout (package:flutter/src/rendering/proxy_box.dart:118:18)
#80     RenderObject.layout (package:flutter/src/rendering/object.dart:2768:7)
#81     RenderProxyBoxMixin.performLayout (package:flutter/src/rendering/proxy_box.dart:118:18)
#82     RenderObject.layout (package:flutter/src/rendering/object.dart:2768:7)
#83     RenderProxyBoxMixin.performLayout (package:flutter/src/rendering/proxy_box.dart:118:18)
#84     RenderObject.layout (package:flutter/src/rendering/object.dart:2768:7)
#85     RenderView.performLayout (package:flutter/src/rendering/view.dart:292:12)
#86     RenderObject._layoutWithoutResize (package:flutter/src/rendering/object.dart:2616:7)
#87     PipelineOwner.flushLayout (package:flutter/src/rendering/object.dart:1174:18)
#88     PipelineOwner.flushLayout (package:flutter/src/rendering/object.dart:1187:15)
#89     AutomatedTestWidgetsFlutterBinding.drawFrame (package:flutter_test/src/binding.dart:2133:27)
#90     RendererBinding._handlePersistentFrameCallback (package:flutter/src/rendering/binding.dart:495:5)
#91     SchedulerBinding._invokeFrameCallback (package:flutter/src/scheduler/binding.dart:1430:15)
#92     SchedulerBinding.handleDrawFrame (package:flutter/src/scheduler/binding.dart:1345:9)
#93     AutomatedTestWidgetsFlutterBinding.pump.<anonymous closure> (package:flutter_test/src/binding.dart:1960:9)
#96     TestAsyncUtils.guard (package:flutter_test/src/test_async_utils.dart:74:41)
#97     AutomatedTestWidgetsFlutterBinding.pump (package:flutter_test/src/binding.dart:1949:27)
#98     WidgetTester.pumpWidget.<anonymous closure> (package:flutter_test/src/widget_tester.dart:598:22)
#101    TestAsyncUtils.guard (package:flutter_test/src/test_async_utils.dart:74:41)
#102    WidgetTester.pumpWidget (package:flutter_test/src/widget_tester.dart:595:27)
#103    main.<anonymous closure>.<anonymous closure> (file:///C:/Users/bhara/StudioProjects/simple_billing_app/test/widget/billing_screen_test.dart:17:20)
#104    testWidgets.<anonymous closure>.<anonymous closure> (package:flutter_test/src/widget_tester.dart:192:29)
<asynchronous suspension>
#105    TestWidgetsFlutterBinding._runTestBody (package:flutter_test/src/binding.dart:1682:5)
<asynchronous suspension>
<asynchronous suspension>
(elided 7 frames from class _AssertionError, dart:async, and package:stack_trace)

The following RenderObject was being processed when the exception was fired: RenderPointerListener#64b90 relayoutBoundary=up6 NEEDS-LAYOUT NEEDS-PAINT NEEDS-COMPOSITING-BITS-UPDATE:
  creator: Listener ΓåÉ _ScrollableScope ΓåÉ _ScrollSemantics-[GlobalKey#e7d1a] ΓåÉ
    NotificationListener<ScrollMetricsNotification> ΓåÉ Transform ΓåÉ StretchEffect ΓåÉ ClipRect ΓåÉ
    AnimatedBuilder ΓåÉ NotificationListener<ScrollNotification> ΓåÉ StretchingOverscrollIndicator ΓåÉ
    Scrollable ΓåÉ PrimaryScrollController ΓåÉ Γï»
  parentData: <none> (can use size)
  constraints: BoxConstraints(0.0<=w<=1136.0, 0.0<=h<=613.0)
  size: MISSING
  behavior: deferToChild
  listeners: signal
This RenderObject had the following descendants (showing up to depth 5):
    child: RenderSemanticsGestureHandler#a198a relayoutBoundary=up7 NEEDS-PAINT NEEDS-COMPOSITING-BITS-UPDATE
      child: RenderPointerListener#d1c33 relayoutBoundary=up8 NEEDS-PAINT NEEDS-COMPOSITING-BITS-UPDATE
        child: RenderSemanticsAnnotations#21e79 relayoutBoundary=up9 NEEDS-PAINT NEEDS-COMPOSITING-BITS-UPDATE
          child: RenderIgnorePointer#5a3b4 relayoutBoundary=up10 NEEDS-PAINT NEEDS-COMPOSITING-BITS-UPDATE
            child: _RenderSingleChildViewport#3a606 relayoutBoundary=up11 NEEDS-PAINT NEEDS-COMPOSITING-BITS-UPDATE
ΓòÉΓòÉΓòÉΓòÉΓòÉΓòÉΓòÉΓòÉΓòÉΓòÉΓòÉΓòÉΓòÉΓòÉΓòÉΓòÉΓòÉΓòÉΓòÉΓòÉΓòÉΓòÉΓòÉΓòÉΓòÉΓòÉΓòÉΓòÉΓòÉΓòÉΓòÉΓòÉΓòÉΓòÉΓòÉΓòÉΓòÉΓòÉΓòÉΓòÉΓòÉΓòÉΓòÉΓòÉΓòÉΓòÉΓòÉΓòÉΓòÉΓòÉΓòÉΓòÉΓòÉΓòÉΓòÉΓòÉΓòÉΓòÉΓòÉΓòÉΓòÉΓòÉΓòÉΓòÉΓòÉΓòÉΓòÉΓòÉΓòÉΓòÉΓòÉΓòÉΓòÉΓòÉΓòÉΓòÉΓòÉΓòÉΓòÉΓòÉΓòÉΓòÉΓòÉΓòÉΓòÉΓòÉΓòÉΓòÉΓòÉΓòÉΓòÉΓòÉΓòÉΓòÉΓòÉΓòÉΓòÉΓòÉΓòÉΓòÉ
ΓòÉΓòÉΓòí EXCEPTION CAUGHT BY RENDERING LIBRARY Γò₧ΓòÉΓòÉΓòÉΓòÉΓòÉΓòÉΓòÉΓòÉΓòÉΓòÉΓòÉΓòÉΓòÉΓòÉΓòÉΓòÉΓòÉΓòÉΓòÉΓòÉΓòÉΓòÉΓòÉΓòÉΓòÉΓòÉΓòÉΓòÉΓòÉΓòÉΓòÉΓòÉΓòÉΓòÉΓòÉΓòÉΓòÉΓòÉΓòÉΓòÉΓòÉΓòÉΓòÉΓòÉΓòÉΓòÉΓòÉΓòÉΓòÉΓòÉΓòÉΓòÉΓòÉΓòÉΓòÉΓòÉΓòÉ
The following assertion was thrown during performLayout():
RenderBox was not laid out: RenderPointerListener#64b90 relayoutBoundary=up6 NEEDS-PAINT
NEEDS-COMPOSITING-BITS-UPDATE
'package:flutter/src/rendering/box.dart':
Failed assertion: line 2251 pos 12: 'hasSize'

Either the assertion indicates an error in the framework itself, or we should provide substantially
more information in this error message to help you determine and fix the underlying cause.
In either case, please report this assertion by filing a bug on GitHub:
  https://github.com/flutter/flutter/issues/new?template=02_bug.yml

The relevant error-causing widget was:
  SingleChildScrollView
  SingleChildScrollView:file:///C:/Users/bhara/StudioProjects/simple_billing_app/lib/views/screens/billing_screen.dart:240:14

When the exception was thrown, this was the stack:
#2      RenderBox.size (package:flutter/src/rendering/box.dart:2251:12)
#3      RenderProxyBoxMixin.performLayout (package:flutter/src/rendering/proxy_box.dart:118:62)
#4      RenderObject.layout (package:flutter/src/rendering/object.dart:2768:7)
#5      RenderProxyBoxMixin.performLayout (package:flutter/src/rendering/proxy_box.dart:118:18)
#6      RenderObject.layout (package:flutter/src/rendering/object.dart:2768:7)
#7      RenderProxyBoxMixin.performLayout (package:flutter/src/rendering/proxy_box.dart:118:18)
#8      _RenderCustomClip.performLayout (package:flutter/src/rendering/proxy_box.dart:1549:11)
#9      RenderObject.layout (package:flutter/src/rendering/object.dart:2768:7)
#10     RenderPadding.performLayout (package:flutter/src/rendering/shifted_box.dart:262:12)
#11     RenderObject.layout (package:flutter/src/rendering/object.dart:2768:7)
#12     _RenderLayoutBuilder.performLayout (package:flutter/src/widgets/layout_builder.dart:449:14)
#13     RenderObject.layout (package:flutter/src/rendering/object.dart:2768:7)
#14     MultiChildLayoutDelegate.layoutChild (package:flutter/src/rendering/custom_layout.dart:180:12)
#15     _ScaffoldLayout.performLayout (package:flutter/src/material/scaffold.dart:1113:7)
#16     MultiChildLayoutDelegate._callPerformLayout (package:flutter/src/rendering/custom_layout.dart:246:7)
#17     RenderCustomMultiChildLayoutBox.performLayout (package:flutter/src/rendering/custom_layout.dart:417:14)
#18     RenderObject.layout (package:flutter/src/rendering/object.dart:2768:7)
#19     RenderProxyBoxMixin.performLayout (package:flutter/src/rendering/proxy_box.dart:118:18)
#20     RenderObject.layout (package:flutter/src/rendering/object.dart:2768:7)
#21     RenderProxyBoxMixin.performLayout (package:flutter/src/rendering/proxy_box.dart:118:18)
#22     _RenderCustomClip.performLayout (package:flutter/src/rendering/proxy_box.dart:1549:11)
#23     RenderObject.layout (package:flutter/src/rendering/object.dart:2768:7)
#24     RenderProxyBoxMixin.performLayout (package:flutter/src/rendering/proxy_box.dart:118:18)
#25     RenderObject.layout (package:flutter/src/rendering/object.dart:2768:7)
#26     RenderProxyBoxMixin.performLayout (package:flutter/src/rendering/proxy_box.dart:118:18)
#27     RenderObject.layout (package:flutter/src/rendering/object.dart:2768:7)
#28     RenderProxyBoxMixin.performLayout (package:flutter/src/rendering/proxy_box.dart:118:18)
#29     RenderObject.layout (package:flutter/src/rendering/object.dart:2768:7)
#30     RenderProxyBoxMixin.performLayout (package:flutter/src/rendering/proxy_box.dart:118:18)
#31     RenderObject.layout (package:flutter/src/rendering/object.dart:2768:7)
#32     RenderProxyBoxMixin.performLayout (package:flutter/src/rendering/proxy_box.dart:118:18)
#33     RenderObject.layout (package:flutter/src/rendering/object.dart:2768:7)
#34     RenderProxyBoxMixin.performLayout (package:flutter/src/rendering/proxy_box.dart:118:18)
#35     RenderObject.layout (package:flutter/src/rendering/object.dart:2768:7)
#36     RenderProxyBoxMixin.performLayout (package:flutter/src/rendering/proxy_box.dart:118:18)
#37     RenderObject.layout (package:flutter/src/rendering/object.dart:2768:7)
#38     RenderProxyBoxMixin.performLayout (package:flutter/src/rendering/proxy_box.dart:118:18)
#39     RenderObject.layout (package:flutter/src/rendering/object.dart:2768:7)
#40     RenderProxyBoxMixin.performLayout (package:flutter/src/rendering/proxy_box.dart:118:18)
#41     RenderObject.layout (package:flutter/src/rendering/object.dart:2768:7)
#42     RenderProxyBoxMixin.performLayout (package:flutter/src/rendering/proxy_box.dart:118:18)
#43     RenderObject.layout (package:flutter/src/rendering/object.dart:2768:7)
#44     RenderProxyBoxMixin.performLayout (package:flutter/src/rendering/proxy_box.dart:118:18)
#45     RenderObject.layout (package:flutter/src/rendering/object.dart:2768:7)
#46     RenderProxyBoxMixin.performLayout (package:flutter/src/rendering/proxy_box.dart:118:18)
#47     RenderObject.layout (package:flutter/src/rendering/object.dart:2768:7)
#48     RenderProxyBoxMixin.performLayout (package:flutter/src/rendering/proxy_box.dart:118:18)
#49     RenderObject.layout (package:flutter/src/rendering/object.dart:2768:7)
#50     RenderProxyBoxMixin.performLayout (package:flutter/src/rendering/proxy_box.dart:118:18)
#51     RenderObject.layout (package:flutter/src/rendering/object.dart:2768:7)
#52     RenderProxyBoxMixin.performLayout (package:flutter/src/rendering/proxy_box.dart:118:18)
#53     RenderObject.layout (package:flutter/src/rendering/object.dart:2768:7)
#54     RenderProxyBoxMixin.performLayout (package:flutter/src/rendering/proxy_box.dart:118:18)
#55     RenderOffstage.performLayout (package:flutter/src/rendering/proxy_box.dart:3923:13)
#56     RenderObject.layout (package:flutter/src/rendering/object.dart:2768:7)
#57     RenderProxyBoxMixin.performLayout (package:flutter/src/rendering/proxy_box.dart:118:18)
#58     RenderObject.layout (package:flutter/src/rendering/object.dart:2768:7)
#59     _RenderTheaterMixin.layoutChild (package:flutter/src/widgets/overlay.dart:1084:13)
#60     _RenderTheater.performLayout (package:flutter/src/widgets/overlay.dart:1429:9)
#61     RenderObject.layout (package:flutter/src/rendering/object.dart:2768:7)
#62     RenderProxyBoxMixin.performLayout (package:flutter/src/rendering/proxy_box.dart:118:18)
#63     RenderObject.layout (package:flutter/src/rendering/object.dart:2768:7)
#64     RenderProxyBoxMixin.performLayout (package:flutter/src/rendering/proxy_box.dart:118:18)
#65     RenderObject.layout (package:flutter/src/rendering/object.dart:2768:7)
#66     RenderProxyBoxMixin.performLayout (package:flutter/src/rendering/proxy_box.dart:118:18)
#67     RenderObject.layout (package:flutter/src/rendering/object.dart:2768:7)
#68     RenderProxyBoxMixin.performLayout (package:flutter/src/rendering/proxy_box.dart:118:18)
#69     RenderCustomPaint.performLayout (package:flutter/src/rendering/custom_paint.dart:574:11)
#70     RenderObject.layout (package:flutter/src/rendering/object.dart:2768:7)
#71     RenderProxyBoxMixin.performLayout (package:flutter/src/rendering/proxy_box.dart:118:18)
#72     RenderObject.layout (package:flutter/src/rendering/object.dart:2768:7)
#73     RenderProxyBoxMixin.performLayout (package:flutter/src/rendering/proxy_box.dart:118:18)
#74     RenderObject.layout (package:flutter/src/rendering/object.dart:2768:7)
#75     RenderProxyBoxMixin.performLayout (package:flutter/src/rendering/proxy_box.dart:118:18)
#76     RenderObject.layout (package:flutter/src/rendering/object.dart:2768:7)
#77     RenderProxyBoxMixin.performLayout (package:flutter/src/rendering/proxy_box.dart:118:18)
#78     RenderObject.layout (package:flutter/src/rendering/object.dart:2768:7)
#79     RenderProxyBoxMixin.performLayout (package:flutter/src/rendering/proxy_box.dart:118:18)
#80     RenderObject.layout (package:flutter/src/rendering/object.dart:2768:7)
#81     RenderProxyBoxMixin.performLayout (package:flutter/src/rendering/proxy_box.dart:118:18)
#82     RenderObject.layout (package:flutter/src/rendering/object.dart:2768:7)
#83     RenderView.performLayout (package:flutter/src/rendering/view.dart:292:12)
#84     RenderObject._layoutWithoutResize (package:flutter/src/rendering/object.dart:2616:7)
#85     PipelineOwner.flushLayout (package:flutter/src/rendering/object.dart:1174:18)
#86     PipelineOwner.flushLayout (package:flutter/src/rendering/object.dart:1187:15)
#87     AutomatedTestWidgetsFlutterBinding.drawFrame (package:flutter_test/src/binding.dart:2133:27)
#88     RendererBinding._handlePersistentFrameCallback (package:flutter/src/rendering/binding.dart:495:5)
#89     SchedulerBinding._invokeFrameCallback (package:flutter/src/scheduler/binding.dart:1430:15)
#90     SchedulerBinding.handleDrawFrame (package:flutter/src/scheduler/binding.dart:1345:9)
#91     AutomatedTestWidgetsFlutterBinding.pump.<anonymous closure> (package:flutter_test/src/binding.dart:1960:9)
#94     TestAsyncUtils.guard (package:flutter_test/src/test_async_utils.dart:74:41)
#95     AutomatedTestWidgetsFlutterBinding.pump (package:flutter_test/src/binding.dart:1949:27)
#96     WidgetTester.pumpWidget.<anonymous closure> (package:flutter_test/src/widget_tester.dart:598:22)
#99     TestAsyncUtils.guard (package:flutter_test/src/test_async_utils.dart:74:41)
#100    WidgetTester.pumpWidget (package:flutter_test/src/widget_tester.dart:595:27)
#101    main.<anonymous closure>.<anonymous closure> (file:///C:/Users/bhara/StudioProjects/simple_billing_app/test/widget/billing_screen_test.dart:17:20)
#102    testWidgets.<anonymous closure>.<anonymous closure> (package:flutter_test/src/widget_tester.dart:192:29)
<asynchronous suspension>
#103    TestWidgetsFlutterBinding._runTestBody (package:flutter_test/src/binding.dart:1682:5)
<asynchronous suspension>
<asynchronous suspension>
(elided 7 frames from class _AssertionError, dart:async, and package:stack_trace)

The following RenderObject was being processed when the exception was fired: _RenderScrollSemantics#54617 relayoutBoundary=up5 NEEDS-LAYOUT NEEDS-PAINT NEEDS-COMPOSITING-BITS-UPDATE:
  creator: _ScrollSemantics-[GlobalKey#e7d1a] ΓåÉ NotificationListener<ScrollMetricsNotification> ΓåÉ
    Transform ΓåÉ StretchEffect ΓåÉ ClipRect ΓåÉ AnimatedBuilder ΓåÉ NotificationListener<ScrollNotification>
    ΓåÉ StretchingOverscrollIndicator ΓåÉ Scrollable ΓåÉ PrimaryScrollController ΓåÉ SingleChildScrollView ΓåÉ
    Padding ΓåÉ Γï»
  parentData: <none> (can use size)
  constraints: BoxConstraints(0.0<=w<=1136.0, 0.0<=h<=613.0)
  semantic boundary
  size: MISSING
This RenderObject had the following descendants (showing up to depth 5):
    child: RenderPointerListener#64b90 relayoutBoundary=up6 NEEDS-PAINT NEEDS-COMPOSITING-BITS-UPDATE
      child: RenderSemanticsGestureHandler#a198a relayoutBoundary=up7 NEEDS-PAINT NEEDS-COMPOSITING-BITS-UPDATE
        child: RenderPointerListener#d1c33 relayoutBoundary=up8 NEEDS-PAINT NEEDS-COMPOSITING-BITS-UPDATE
          child: RenderSemanticsAnnotations#21e79 relayoutBoundary=up9 NEEDS-PAINT NEEDS-COMPOSITING-BITS-UPDATE
            child: RenderIgnorePointer#5a3b4 relayoutBoundary=up10 NEEDS-PAINT NEEDS-COMPOSITING-BITS-UPDATE
ΓòÉΓòÉΓòÉΓòÉΓòÉΓòÉΓòÉΓòÉΓòÉΓòÉΓòÉΓòÉΓòÉΓòÉΓòÉΓòÉΓòÉΓòÉΓòÉΓòÉΓòÉΓòÉΓòÉΓòÉΓòÉΓòÉΓòÉΓòÉΓòÉΓòÉΓòÉΓòÉΓòÉΓòÉΓòÉΓòÉΓòÉΓòÉΓòÉΓòÉΓòÉΓòÉΓòÉΓòÉΓòÉΓòÉΓòÉΓòÉΓòÉΓòÉΓòÉΓòÉΓòÉΓòÉΓòÉΓòÉΓòÉΓòÉΓòÉΓòÉΓòÉΓòÉΓòÉΓòÉΓòÉΓòÉΓòÉΓòÉΓòÉΓòÉΓòÉΓòÉΓòÉΓòÉΓòÉΓòÉΓòÉΓòÉΓòÉΓòÉΓòÉΓòÉΓòÉΓòÉΓòÉΓòÉΓòÉΓòÉΓòÉΓòÉΓòÉΓòÉΓòÉΓòÉΓòÉΓòÉΓòÉΓòÉΓòÉΓòÉ
ΓòÉΓòÉΓòí EXCEPTION CAUGHT BY RENDERING LIBRARY Γò₧ΓòÉΓòÉΓòÉΓòÉΓòÉΓòÉΓòÉΓòÉΓòÉΓòÉΓòÉΓòÉΓòÉΓòÉΓòÉΓòÉΓòÉΓòÉΓòÉΓòÉΓòÉΓòÉΓòÉΓòÉΓòÉΓòÉΓòÉΓòÉΓòÉΓòÉΓòÉΓòÉΓòÉΓòÉΓòÉΓòÉΓòÉΓòÉΓòÉΓòÉΓòÉΓòÉΓòÉΓòÉΓòÉΓòÉΓòÉΓòÉΓòÉΓòÉΓòÉΓòÉΓòÉΓòÉΓòÉΓòÉΓòÉ
The following assertion was thrown during performLayout():
RenderBox was not laid out: _RenderScrollSemantics#54617 relayoutBoundary=up5 NEEDS-PAINT
NEEDS-COMPOSITING-BITS-UPDATE
'package:flutter/src/rendering/box.dart':
Failed assertion: line 2251 pos 12: 'hasSize'

Either the assertion indicates an error in the framework itself, or we should provide substantially
more information in this error message to help you determine and fix the underlying cause.
In either case, please report this assertion by filing a bug on GitHub:
  https://github.com/flutter/flutter/issues/new?template=02_bug.yml

The relevant error-causing widget was:
  SingleChildScrollView
  SingleChildScrollView:file:///C:/Users/bhara/StudioProjects/simple_billing_app/lib/views/screens/billing_screen.dart:240:14

When the exception was thrown, this was the stack:
#2      RenderBox.size (package:flutter/src/rendering/box.dart:2251:12)
#3      RenderProxyBoxMixin.performLayout (package:flutter/src/rendering/proxy_box.dart:118:62)
#4      RenderObject.layout (package:flutter/src/rendering/object.dart:2768:7)
#5      RenderProxyBoxMixin.performLayout (package:flutter/src/rendering/proxy_box.dart:118:18)
#6      _RenderCustomClip.performLayout (package:flutter/src/rendering/proxy_box.dart:1549:11)
#7      RenderObject.layout (package:flutter/src/rendering/object.dart:2768:7)
#8      RenderPadding.performLayout (package:flutter/src/rendering/shifted_box.dart:262:12)
#9      RenderObject.layout (package:flutter/src/rendering/object.dart:2768:7)
#10     _RenderLayoutBuilder.performLayout (package:flutter/src/widgets/layout_builder.dart:449:14)
#11     RenderObject.layout (package:flutter/src/rendering/object.dart:2768:7)
#12     MultiChildLayoutDelegate.layoutChild (package:flutter/src/rendering/custom_layout.dart:180:12)
#13     _ScaffoldLayout.performLayout (package:flutter/src/material/scaffold.dart:1113:7)
#14     MultiChildLayoutDelegate._callPerformLayout (package:flutter/src/rendering/custom_layout.dart:246:7)
#15     RenderCustomMultiChildLayoutBox.performLayout (package:flutter/src/rendering/custom_layout.dart:417:14)
#16     RenderObject.layout (package:flutter/src/rendering/object.dart:2768:7)
#17     RenderProxyBoxMixin.performLayout (package:flutter/src/rendering/proxy_box.dart:118:18)
#18     RenderObject.layout (package:flutter/src/rendering/object.dart:2768:7)
#19     RenderProxyBoxMixin.performLayout (package:flutter/src/rendering/proxy_box.dart:118:18)
#20     _RenderCustomClip.performLayout (package:flutter/src/rendering/proxy_box.dart:1549:11)
#21     RenderObject.layout (package:flutter/src/rendering/object.dart:2768:7)
#22     RenderProxyBoxMixin.performLayout (package:flutter/src/rendering/proxy_box.dart:118:18)
#23     RenderObject.layout (package:flutter/src/rendering/object.dart:2768:7)
#24     RenderProxyBoxMixin.performLayout (package:flutter/src/rendering/proxy_box.dart:118:18)
#25     RenderObject.layout (package:flutter/src/rendering/object.dart:2768:7)
#26     RenderProxyBoxMixin.performLayout (package:flutter/src/rendering/proxy_box.dart:118:18)
#27     RenderObject.layout (package:flutter/src/rendering/object.dart:2768:7)
#28     RenderProxyBoxMixin.performLayout (package:flutter/src/rendering/proxy_box.dart:118:18)
#29     RenderObject.layout (package:flutter/src/rendering/object.dart:2768:7)
#30     RenderProxyBoxMixin.performLayout (package:flutter/src/rendering/proxy_box.dart:118:18)
#31     RenderObject.layout (package:flutter/src/rendering/object.dart:2768:7)
#32     RenderProxyBoxMixin.performLayout (package:flutter/src/rendering/proxy_box.dart:118:18)
#33     RenderObject.layout (package:flutter/src/rendering/object.dart:2768:7)
#34     RenderProxyBoxMixin.performLayout (package:flutter/src/rendering/proxy_box.dart:118:18)
#35     RenderObject.layout (package:flutter/src/rendering/object.dart:2768:7)
#36     RenderProxyBoxMixin.performLayout (package:flutter/src/rendering/proxy_box.dart:118:18)
#37     RenderObject.layout (package:flutter/src/rendering/object.dart:2768:7)
#38     RenderProxyBoxMixin.performLayout (package:flutter/src/rendering/proxy_box.dart:118:18)
#39     RenderObject.layout (package:flutter/src/rendering/object.dart:2768:7)
#40     RenderProxyBoxMixin.performLayout (package:flutter/src/rendering/proxy_box.dart:118:18)
#41     RenderObject.layout (package:flutter/src/rendering/object.dart:2768:7)
#42     RenderProxyBoxMixin.performLayout (package:flutter/src/rendering/proxy_box.dart:118:18)
#43     RenderObject.layout (package:flutter/src/rendering/object.dart:2768:7)
#44     RenderProxyBoxMixin.performLayout (package:flutter/src/rendering/proxy_box.dart:118:18)
#45     RenderObject.layout (package:flutter/src/rendering/object.dart:2768:7)
#46     RenderProxyBoxMixin.performLayout (package:flutter/src/rendering/proxy_box.dart:118:18)
#47     RenderObject.layout (package:flutter/src/rendering/object.dart:2768:7)
#48     RenderProxyBoxMixin.performLayout (package:flutter/src/rendering/proxy_box.dart:118:18)
#49     RenderObject.layout (package:flutter/src/rendering/object.dart:2768:7)
#50     RenderProxyBoxMixin.performLayout (package:flutter/src/rendering/proxy_box.dart:118:18)
#51     RenderObject.layout (package:flutter/src/rendering/object.dart:2768:7)
#52     RenderProxyBoxMixin.performLayout (package:flutter/src/rendering/proxy_box.dart:118:18)
#53     RenderOffstage.performLayout (package:flutter/src/rendering/proxy_box.dart:3923:13)
#54     RenderObject.layout (package:flutter/src/rendering/object.dart:2768:7)
#55     RenderProxyBoxMixin.performLayout (package:flutter/src/rendering/proxy_box.dart:118:18)
#56     RenderObject.layout (package:flutter/src/rendering/object.dart:2768:7)
#57     _RenderTheaterMixin.layoutChild (package:flutter/src/widgets/overlay.dart:1084:13)
#58     _RenderTheater.performLayout (package:flutter/src/widgets/overlay.dart:1429:9)
#59     RenderObject.layout (package:flutter/src/rendering/object.dart:2768:7)
#60     RenderProxyBoxMixin.performLayout (package:flutter/src/rendering/proxy_box.dart:118:18)
#61     RenderObject.layout (package:flutter/src/rendering/object.dart:2768:7)
#62     RenderProxyBoxMixin.performLayout (package:flutter/src/rendering/proxy_box.dart:118:18)
#63     RenderObject.layout (package:flutter/src/rendering/object.dart:2768:7)
#64     RenderProxyBoxMixin.performLayout (package:flutter/src/rendering/proxy_box.dart:118:18)
#65     RenderObject.layout (package:flutter/src/rendering/object.dart:2768:7)
#66     RenderProxyBoxMixin.performLayout (package:flutter/src/rendering/proxy_box.dart:118:18)
#67     RenderCustomPaint.performLayout (package:flutter/src/rendering/custom_paint.dart:574:11)
#68     RenderObject.layout (package:flutter/src/rendering/object.dart:2768:7)
#69     RenderProxyBoxMixin.performLayout (package:flutter/src/rendering/proxy_box.dart:118:18)
#70     RenderObject.layout (package:flutter/src/rendering/object.dart:2768:7)
#71     RenderProxyBoxMixin.performLayout (package:flutter/src/rendering/proxy_box.dart:118:18)
#72     RenderObject.layout (package:flutter/src/rendering/object.dart:2768:7)
#73     RenderProxyBoxMixin.performLayout (package:flutter/src/rendering/proxy_box.dart:118:18)
#74     RenderObject.layout (package:flutter/src/rendering/object.dart:2768:7)
#75     RenderProxyBoxMixin.performLayout (package:flutter/src/rendering/proxy_box.dart:118:18)
#76     RenderObject.layout (package:flutter/src/rendering/object.dart:2768:7)
#77     RenderProxyBoxMixin.performLayout (package:flutter/src/rendering/proxy_box.dart:118:18)
#78     RenderObject.layout (package:flutter/src/rendering/object.dart:2768:7)
#79     RenderProxyBoxMixin.performLayout (package:flutter/src/rendering/proxy_box.dart:118:18)
#80     RenderObject.layout (package:flutter/src/rendering/object.dart:2768:7)
#81     RenderView.performLayout (package:flutter/src/rendering/view.dart:292:12)
#82     RenderObject._layoutWithoutResize (package:flutter/src/rendering/object.dart:2616:7)
#83     PipelineOwner.flushLayout (package:flutter/src/rendering/object.dart:1174:18)
#84     PipelineOwner.flushLayout (package:flutter/src/rendering/object.dart:1187:15)
#85     AutomatedTestWidgetsFlutterBinding.drawFrame (package:flutter_test/src/binding.dart:2133:27)
#86     RendererBinding._handlePersistentFrameCallback (package:flutter/src/rendering/binding.dart:495:5)
#87     SchedulerBinding._invokeFrameCallback (package:flutter/src/scheduler/binding.dart:1430:15)
#88     SchedulerBinding.handleDrawFrame (package:flutter/src/scheduler/binding.dart:1345:9)
#89     AutomatedTestWidgetsFlutterBinding.pump.<anonymous closure> (package:flutter_test/src/binding.dart:1960:9)
#92     TestAsyncUtils.guard (package:flutter_test/src/test_async_utils.dart:74:41)
#93     AutomatedTestWidgetsFlutterBinding.pump (package:flutter_test/src/binding.dart:1949:27)
#94     WidgetTester.pumpWidget.<anonymous closure> (package:flutter_test/src/widget_tester.dart:598:22)
#97     TestAsyncUtils.guard (package:flutter_test/src/test_async_utils.dart:74:41)
#98     WidgetTester.pumpWidget (package:flutter_test/src/widget_tester.dart:595:27)
#99     main.<anonymous closure>.<anonymous closure> (file:///C:/Users/bhara/StudioProjects/simple_billing_app/test/widget/billing_screen_test.dart:17:20)
#100    testWidgets.<anonymous closure>.<anonymous closure> (package:flutter_test/src/widget_tester.dart:192:29)
<asynchronous suspension>
#101    TestWidgetsFlutterBinding._runTestBody (package:flutter_test/src/binding.dart:1682:5)
<asynchronous suspension>
<asynchronous suspension>
(elided 7 frames from class _AssertionError, dart:async, and package:stack_trace)

The following RenderObject was being processed when the exception was fired: RenderTransform#e6c72 relayoutBoundary=up4 NEEDS-LAYOUT NEEDS-PAINT NEEDS-COMPOSITING-BITS-UPDATE:
  creator: Transform ΓåÉ StretchEffect ΓåÉ ClipRect ΓåÉ AnimatedBuilder ΓåÉ
    NotificationListener<ScrollNotification> ΓåÉ StretchingOverscrollIndicator ΓåÉ Scrollable ΓåÉ
    PrimaryScrollController ΓåÉ SingleChildScrollView ΓåÉ Padding ΓåÉ LayoutBuilder ΓåÉ
    KeyedSubtree-[GlobalKey#c17ef] ΓåÉ Γï»
  parentData: <none> (can use size)
  constraints: BoxConstraints(0.0<=w<=1136.0, 0.0<=h<=613.0)
  size: MISSING
  transform matrix:
    [0] 1.0,0.0,0.0,0.0
    [1] 0.0,1.0,0.0,0.0
    [2] 0.0,0.0,1.0,0.0
    [3] 0.0,0.0,0.0,1.0
  origin: null
  alignment: AlignmentDirectional.bottomCenter
  textDirection: ltr
  transformHitTests: true
This RenderObject had the following descendants (showing up to depth 5):
    child: _RenderScrollSemantics#54617 relayoutBoundary=up5 NEEDS-PAINT NEEDS-COMPOSITING-BITS-UPDATE
      child: RenderPointerListener#64b90 relayoutBoundary=up6 NEEDS-PAINT NEEDS-COMPOSITING-BITS-UPDATE
        child: RenderSemanticsGestureHandler#a198a relayoutBoundary=up7 NEEDS-PAINT NEEDS-COMPOSITING-BITS-UPDATE
          child: RenderPointerListener#d1c33 relayoutBoundary=up8 NEEDS-PAINT NEEDS-COMPOSITING-BITS-UPDATE
            child: RenderSemanticsAnnotations#21e79 relayoutBoundary=up9 NEEDS-PAINT NEEDS-COMPOSITING-BITS-UPDATE
ΓòÉΓòÉΓòÉΓòÉΓòÉΓòÉΓòÉΓòÉΓòÉΓòÉΓòÉΓòÉΓòÉΓòÉΓòÉΓòÉΓòÉΓòÉΓòÉΓòÉΓòÉΓòÉΓòÉΓòÉΓòÉΓòÉΓòÉΓòÉΓòÉΓòÉΓòÉΓòÉΓòÉΓòÉΓòÉΓòÉΓòÉΓòÉΓòÉΓòÉΓòÉΓòÉΓòÉΓòÉΓòÉΓòÉΓòÉΓòÉΓòÉΓòÉΓòÉΓòÉΓòÉΓòÉΓòÉΓòÉΓòÉΓòÉΓòÉΓòÉΓòÉΓòÉΓòÉΓòÉΓòÉΓòÉΓòÉΓòÉΓòÉΓòÉΓòÉΓòÉΓòÉΓòÉΓòÉΓòÉΓòÉΓòÉΓòÉΓòÉΓòÉΓòÉΓòÉΓòÉΓòÉΓòÉΓòÉΓòÉΓòÉΓòÉΓòÉΓòÉΓòÉΓòÉΓòÉΓòÉΓòÉΓòÉΓòÉΓòÉ
ΓòÉΓòÉΓòí EXCEPTION CAUGHT BY RENDERING LIBRARY Γò₧ΓòÉΓòÉΓòÉΓòÉΓòÉΓòÉΓòÉΓòÉΓòÉΓòÉΓòÉΓòÉΓòÉΓòÉΓòÉΓòÉΓòÉΓòÉΓòÉΓòÉΓòÉΓòÉΓòÉΓòÉΓòÉΓòÉΓòÉΓòÉΓòÉΓòÉΓòÉΓòÉΓòÉΓòÉΓòÉΓòÉΓòÉΓòÉΓòÉΓòÉΓòÉΓòÉΓòÉΓòÉΓòÉΓòÉΓòÉΓòÉΓòÉΓòÉΓòÉΓòÉΓòÉΓòÉΓòÉΓòÉΓòÉ
The following assertion was thrown during performLayout():
RenderBox was not laid out: RenderTransform#e6c72 relayoutBoundary=up4 NEEDS-PAINT
NEEDS-COMPOSITING-BITS-UPDATE
'package:flutter/src/rendering/box.dart':
Failed assertion: line 2251 pos 12: 'hasSize'

Either the assertion indicates an error in the framework itself, or we should provide substantially
more information in this error message to help you determine and fix the underlying cause.
In either case, please report this assertion by filing a bug on GitHub:
  https://github.com/flutter/flutter/issues/new?template=02_bug.yml

The relevant error-causing widget was:
  SingleChildScrollView
  SingleChildScrollView:file:///C:/Users/bhara/StudioProjects/simple_billing_app/lib/views/screens/billing_screen.dart:240:14

When the exception was thrown, this was the stack:
#2      RenderBox.size (package:flutter/src/rendering/box.dart:2251:12)
#3      RenderProxyBoxMixin.performLayout (package:flutter/src/rendering/proxy_box.dart:118:62)
#4      _RenderCustomClip.performLayout (package:flutter/src/rendering/proxy_box.dart:1549:11)
#5      RenderObject.layout (package:flutter/src/rendering/object.dart:2768:7)
#6      RenderPadding.performLayout (package:flutter/src/rendering/shifted_box.dart:262:12)
#7      RenderObject.layout (package:flutter/src/rendering/object.dart:2768:7)
#8      _RenderLayoutBuilder.performLayout (package:flutter/src/widgets/layout_builder.dart:449:14)
#9      RenderObject.layout (package:flutter/src/rendering/object.dart:2768:7)
#10     MultiChildLayoutDelegate.layoutChild (package:flutter/src/rendering/custom_layout.dart:180:12)
#11     _ScaffoldLayout.performLayout (package:flutter/src/material/scaffold.dart:1113:7)
#12     MultiChildLayoutDelegate._callPerformLayout (package:flutter/src/rendering/custom_layout.dart:246:7)
#13     RenderCustomMultiChildLayoutBox.performLayout (package:flutter/src/rendering/custom_layout.dart:417:14)
#14     RenderObject.layout (package:flutter/src/rendering/object.dart:2768:7)
#15     RenderProxyBoxMixin.performLayout (package:flutter/src/rendering/proxy_box.dart:118:18)
#16     RenderObject.layout (package:flutter/src/rendering/object.dart:2768:7)
#17     RenderProxyBoxMixin.performLayout (package:flutter/src/rendering/proxy_box.dart:118:18)
#18     _RenderCustomClip.performLayout (package:flutter/src/rendering/proxy_box.dart:1549:11)
#19     RenderObject.layout (package:flutter/src/rendering/object.dart:2768:7)
#20     RenderProxyBoxMixin.performLayout (package:flutter/src/rendering/proxy_box.dart:118:18)
#21     RenderObject.layout (package:flutter/src/rendering/object.dart:2768:7)
#22     RenderProxyBoxMixin.performLayout (package:flutter/src/rendering/proxy_box.dart:118:18)
#23     RenderObject.layout (package:flutter/src/rendering/object.dart:2768:7)
#24     RenderProxyBoxMixin.performLayout (package:flutter/src/rendering/proxy_box.dart:118:18)
#25     RenderObject.layout (package:flutter/src/rendering/object.dart:2768:7)
#26     RenderProxyBoxMixin.performLayout (package:flutter/src/rendering/proxy_box.dart:118:18)
#27     RenderObject.layout (package:flutter/src/rendering/object.dart:2768:7)
#28     RenderProxyBoxMixin.performLayout (package:flutter/src/rendering/proxy_box.dart:118:18)
#29     RenderObject.layout (package:flutter/src/rendering/object.dart:2768:7)
#30     RenderProxyBoxMixin.performLayout (package:flutter/src/rendering/proxy_box.dart:118:18)
#31     RenderObject.layout (package:flutter/src/rendering/object.dart:2768:7)
#32     RenderProxyBoxMixin.performLayout (package:flutter/src/rendering/proxy_box.dart:118:18)
#33     RenderObject.layout (package:flutter/src/rendering/object.dart:2768:7)
#34     RenderProxyBoxMixin.performLayout (package:flutter/src/rendering/proxy_box.dart:118:18)
#35     RenderObject.layout (package:flutter/src/rendering/object.dart:2768:7)
#36     RenderProxyBoxMixin.performLayout (package:flutter/src/rendering/proxy_box.dart:118:18)
#37     RenderObject.layout (package:flutter/src/rendering/object.dart:2768:7)
#38     RenderProxyBoxMixin.performLayout (package:flutter/src/rendering/proxy_box.dart:118:18)
#39     RenderObject.layout (package:flutter/src/rendering/object.dart:2768:7)
#40     RenderProxyBoxMixin.performLayout (package:flutter/src/rendering/proxy_box.dart:118:18)
#41     RenderObject.layout (package:flutter/src/rendering/object.dart:2768:7)
#42     RenderProxyBoxMixin.performLayout (package:flutter/src/rendering/proxy_box.dart:118:18)
#43     RenderObject.layout (package:flutter/src/rendering/object.dart:2768:7)
#44     RenderProxyBoxMixin.performLayout (package:flutter/src/rendering/proxy_box.dart:118:18)
#45     RenderObject.layout (package:flutter/src/rendering/object.dart:2768:7)
#46     RenderProxyBoxMixin.performLayout (package:flutter/src/rendering/proxy_box.dart:118:18)
#47     RenderObject.layout (package:flutter/src/rendering/object.dart:2768:7)
#48     RenderProxyBoxMixin.performLayout (package:flutter/src/rendering/proxy_box.dart:118:18)
#49     RenderObject.layout (package:flutter/src/rendering/object.dart:2768:7)
#50     RenderProxyBoxMixin.performLayout (package:flutter/src/rendering/proxy_box.dart:118:18)
#51     RenderOffstage.performLayout (package:flutter/src/rendering/proxy_box.dart:3923:13)
#52     RenderObject.layout (package:flutter/src/rendering/object.dart:2768:7)
#53     RenderProxyBoxMixin.performLayout (package:flutter/src/rendering/proxy_box.dart:118:18)
#54     RenderObject.layout (package:flutter/src/rendering/object.dart:2768:7)
#55     _RenderTheaterMixin.layoutChild (package:flutter/src/widgets/overlay.dart:1084:13)
#56     _RenderTheater.performLayout (package:flutter/src/widgets/overlay.dart:1429:9)
#57     RenderObject.layout (package:flutter/src/rendering/object.dart:2768:7)
#58     RenderProxyBoxMixin.performLayout (package:flutter/src/rendering/proxy_box.dart:118:18)
#59     RenderObject.layout (package:flutter/src/rendering/object.dart:2768:7)
#60     RenderProxyBoxMixin.performLayout (package:flutter/src/rendering/proxy_box.dart:118:18)
#61     RenderObject.layout (package:flutter/src/rendering/object.dart:2768:7)
#62     RenderProxyBoxMixin.performLayout (package:flutter/src/rendering/proxy_box.dart:118:18)
#63     RenderObject.layout (package:flutter/src/rendering/object.dart:2768:7)
#64     RenderProxyBoxMixin.performLayout (package:flutter/src/rendering/proxy_box.dart:118:18)
#65     RenderCustomPaint.performLayout (package:flutter/src/rendering/custom_paint.dart:574:11)
#66     RenderObject.layout (package:flutter/src/rendering/object.dart:2768:7)
#67     RenderProxyBoxMixin.performLayout (package:flutter/src/rendering/proxy_box.dart:118:18)
#68     RenderObject.layout (package:flutter/src/rendering/object.dart:2768:7)
#69     RenderProxyBoxMixin.performLayout (package:flutter/src/rendering/proxy_box.dart:118:18)
#70     RenderObject.layout (package:flutter/src/rendering/object.dart:2768:7)
#71     RenderProxyBoxMixin.performLayout (package:flutter/src/rendering/proxy_box.dart:118:18)
#72     RenderObject.layout (package:flutter/src/rendering/object.dart:2768:7)
#73     RenderProxyBoxMixin.performLayout (package:flutter/src/rendering/proxy_box.dart:118:18)
#74     RenderObject.layout (package:flutter/src/rendering/object.dart:2768:7)
#75     RenderProxyBoxMixin.performLayout (package:flutter/src/rendering/proxy_box.dart:118:18)
#76     RenderObject.layout (package:flutter/src/rendering/object.dart:2768:7)
#77     RenderProxyBoxMixin.performLayout (package:flutter/src/rendering/proxy_box.dart:118:18)
#78     RenderObject.layout (package:flutter/src/rendering/object.dart:2768:7)
#79     RenderView.performLayout (package:flutter/src/rendering/view.dart:292:12)
#80     RenderObject._layoutWithoutResize (package:flutter/src/rendering/object.dart:2616:7)
#81     PipelineOwner.flushLayout (package:flutter/src/rendering/object.dart:1174:18)
#82     PipelineOwner.flushLayout (package:flutter/src/rendering/object.dart:1187:15)
#83     AutomatedTestWidgetsFlutterBinding.drawFrame (package:flutter_test/src/binding.dart:2133:27)
#84     RendererBinding._handlePersistentFrameCallback (package:flutter/src/rendering/binding.dart:495:5)
#85     SchedulerBinding._invokeFrameCallback (package:flutter/src/scheduler/binding.dart:1430:15)
#86     SchedulerBinding.handleDrawFrame (package:flutter/src/scheduler/binding.dart:1345:9)
#87     AutomatedTestWidgetsFlutterBinding.pump.<anonymous closure> (package:flutter_test/src/binding.dart:1960:9)
#90     TestAsyncUtils.guard (package:flutter_test/src/test_async_utils.dart:74:41)
#91     AutomatedTestWidgetsFlutterBinding.pump (package:flutter_test/src/binding.dart:1949:27)
#92     WidgetTester.pumpWidget.<anonymous closure> (package:flutter_test/src/widget_tester.dart:598:22)
#95     TestAsyncUtils.guard (package:flutter_test/src/test_async_utils.dart:74:41)
#96     WidgetTester.pumpWidget (package:flutter_test/src/widget_tester.dart:595:27)
#97     main.<anonymous closure>.<anonymous closure> (file:///C:/Users/bhara/StudioProjects/simple_billing_app/test/widget/billing_screen_test.dart:17:20)
#98     testWidgets.<anonymous closure>.<anonymous closure> (package:flutter_test/src/widget_tester.dart:192:29)
<asynchronous suspension>
#99     TestWidgetsFlutterBinding._runTestBody (package:flutter_test/src/binding.dart:1682:5)
<asynchronous suspension>
<asynchronous suspension>
(elided 7 frames from class _AssertionError, dart:async, and package:stack_trace)

The following RenderObject was being processed when the exception was fired: RenderClipRect#36c42 relayoutBoundary=up3 NEEDS-LAYOUT NEEDS-PAINT NEEDS-COMPOSITING-BITS-UPDATE:
  creator: ClipRect ΓåÉ AnimatedBuilder ΓåÉ NotificationListener<ScrollNotification> ΓåÉ
    StretchingOverscrollIndicator ΓåÉ Scrollable ΓåÉ PrimaryScrollController ΓåÉ SingleChildScrollView ΓåÉ
    Padding ΓåÉ LayoutBuilder ΓåÉ KeyedSubtree-[GlobalKey#c17ef] ΓåÉ _BodyBuilder ΓåÉ MediaQuery ΓåÉ Γï»
  parentData: offset=Offset(0.0, 0.0) (can use size)
  constraints: BoxConstraints(0.0<=w<=1136.0, 0.0<=h<=613.0)
  size: MISSING
This RenderObject had the following descendants (showing up to depth 5):
    child: RenderTransform#e6c72 relayoutBoundary=up4 NEEDS-PAINT NEEDS-COMPOSITING-BITS-UPDATE
      child: _RenderScrollSemantics#54617 relayoutBoundary=up5 NEEDS-PAINT NEEDS-COMPOSITING-BITS-UPDATE
        child: RenderPointerListener#64b90 relayoutBoundary=up6 NEEDS-PAINT NEEDS-COMPOSITING-BITS-UPDATE
          child: RenderSemanticsGestureHandler#a198a relayoutBoundary=up7 NEEDS-PAINT NEEDS-COMPOSITING-BITS-UPDATE
            child: RenderPointerListener#d1c33 relayoutBoundary=up8 NEEDS-PAINT NEEDS-COMPOSITING-BITS-UPDATE
ΓòÉΓòÉΓòÉΓòÉΓòÉΓòÉΓòÉΓòÉΓòÉΓòÉΓòÉΓòÉΓòÉΓòÉΓòÉΓòÉΓòÉΓòÉΓòÉΓòÉΓòÉΓòÉΓòÉΓòÉΓòÉΓòÉΓòÉΓòÉΓòÉΓòÉΓòÉΓòÉΓòÉΓòÉΓòÉΓòÉΓòÉΓòÉΓòÉΓòÉΓòÉΓòÉΓòÉΓòÉΓòÉΓòÉΓòÉΓòÉΓòÉΓòÉΓòÉΓòÉΓòÉΓòÉΓòÉΓòÉΓòÉΓòÉΓòÉΓòÉΓòÉΓòÉΓòÉΓòÉΓòÉΓòÉΓòÉΓòÉΓòÉΓòÉΓòÉΓòÉΓòÉΓòÉΓòÉΓòÉΓòÉΓòÉΓòÉΓòÉΓòÉΓòÉΓòÉΓòÉΓòÉΓòÉΓòÉΓòÉΓòÉΓòÉΓòÉΓòÉΓòÉΓòÉΓòÉΓòÉΓòÉΓòÉΓòÉΓòÉ
ΓòÉΓòÉΓòí EXCEPTION CAUGHT BY RENDERING LIBRARY Γò₧ΓòÉΓòÉΓòÉΓòÉΓòÉΓòÉΓòÉΓòÉΓòÉΓòÉΓòÉΓòÉΓòÉΓòÉΓòÉΓòÉΓòÉΓòÉΓòÉΓòÉΓòÉΓòÉΓòÉΓòÉΓòÉΓòÉΓòÉΓòÉΓòÉΓòÉΓòÉΓòÉΓòÉΓòÉΓòÉΓòÉΓòÉΓòÉΓòÉΓòÉΓòÉΓòÉΓòÉΓòÉΓòÉΓòÉΓòÉΓòÉΓòÉΓòÉΓòÉΓòÉΓòÉΓòÉΓòÉΓòÉΓòÉ
The following assertion was thrown during performLayout():
RenderBox was not laid out: RenderClipRect#36c42 relayoutBoundary=up3 NEEDS-PAINT
NEEDS-COMPOSITING-BITS-UPDATE
'package:flutter/src/rendering/box.dart':
Failed assertion: line 2251 pos 12: 'hasSize'

Either the assertion indicates an error in the framework itself, or we should provide substantially
more information in this error message to help you determine and fix the underlying cause.
In either case, please report this assertion by filing a bug on GitHub:
  https://github.com/flutter/flutter/issues/new?template=02_bug.yml

The relevant error-causing widget was:
  Padding
  Padding:file:///C:/Users/bhara/StudioProjects/simple_billing_app/lib/views/screens/billing_screen.dart:238:12

When the exception was thrown, this was the stack:
#2      RenderBox.size (package:flutter/src/rendering/box.dart:2251:12)
#3      RenderPadding.performLayout (package:flutter/src/rendering/shifted_box.dart:266:40)
#4      RenderObject.layout (package:flutter/src/rendering/object.dart:2768:7)
#5      _RenderLayoutBuilder.performLayout (package:flutter/src/widgets/layout_builder.dart:449:14)
#6      RenderObject.layout (package:flutter/src/rendering/object.dart:2768:7)
#7      MultiChildLayoutDelegate.layoutChild (package:flutter/src/rendering/custom_layout.dart:180:12)
#8      _ScaffoldLayout.performLayout (package:flutter/src/material/scaffold.dart:1113:7)
#9      MultiChildLayoutDelegate._callPerformLayout (package:flutter/src/rendering/custom_layout.dart:246:7)
#10     RenderCustomMultiChildLayoutBox.performLayout (package:flutter/src/rendering/custom_layout.dart:417:14)
#11     RenderObject.layout (package:flutter/src/rendering/object.dart:2768:7)
#12     RenderProxyBoxMixin.performLayout (package:flutter/src/rendering/proxy_box.dart:118:18)
#13     RenderObject.layout (package:flutter/src/rendering/object.dart:2768:7)
#14     RenderProxyBoxMixin.performLayout (package:flutter/src/rendering/proxy_box.dart:118:18)
#15     _RenderCustomClip.performLayout (package:flutter/src/rendering/proxy_box.dart:1549:11)
#16     RenderObject.layout (package:flutter/src/rendering/object.dart:2768:7)
#17     RenderProxyBoxMixin.performLayout (package:flutter/src/rendering/proxy_box.dart:118:18)
#18     RenderObject.layout (package:flutter/src/rendering/object.dart:2768:7)
#19     RenderProxyBoxMixin.performLayout (package:flutter/src/rendering/proxy_box.dart:118:18)
#20     RenderObject.layout (package:flutter/src/rendering/object.dart:2768:7)
#21     RenderProxyBoxMixin.performLayout (package:flutter/src/rendering/proxy_box.dart:118:18)
#22     RenderObject.layout (package:flutter/src/rendering/object.dart:2768:7)
#23     RenderProxyBoxMixin.performLayout (package:flutter/src/rendering/proxy_box.dart:118:18)
#24     RenderObject.layout (package:flutter/src/rendering/object.dart:2768:7)
#25     RenderProxyBoxMixin.performLayout (package:flutter/src/rendering/proxy_box.dart:118:18)
#26     RenderObject.layout (package:flutter/src/rendering/object.dart:2768:7)
#27     RenderProxyBoxMixin.performLayout (package:flutter/src/rendering/proxy_box.dart:118:18)
#28     RenderObject.layout (package:flutter/src/rendering/object.dart:2768:7)
#29     RenderProxyBoxMixin.performLayout (package:flutter/src/rendering/proxy_box.dart:118:18)
#30     RenderObject.layout (package:flutter/src/rendering/object.dart:2768:7)
#31     RenderProxyBoxMixin.performLayout (package:flutter/src/rendering/proxy_box.dart:118:18)
#32     RenderObject.layout (package:flutter/src/rendering/object.dart:2768:7)
#33     RenderProxyBoxMixin.performLayout (package:flutter/src/rendering/proxy_box.dart:118:18)
#34     RenderObject.layout (package:flutter/src/rendering/object.dart:2768:7)
#35     RenderProxyBoxMixin.performLayout (package:flutter/src/rendering/proxy_box.dart:118:18)
#36     RenderObject.layout (package:flutter/src/rendering/object.dart:2768:7)
#37     RenderProxyBoxMixin.performLayout (package:flutter/src/rendering/proxy_box.dart:118:18)
#38     RenderObject.layout (package:flutter/src/rendering/object.dart:2768:7)
#39     RenderProxyBoxMixin.performLayout (package:flutter/src/rendering/proxy_box.dart:118:18)
#40     RenderObject.layout (package:flutter/src/rendering/object.dart:2768:7)
#41     RenderProxyBoxMixin.performLayout (package:flutter/src/rendering/proxy_box.dart:118:18)
#42     RenderObject.layout (package:flutter/src/rendering/object.dart:2768:7)
#43     RenderProxyBoxMixin.performLayout (package:flutter/src/rendering/proxy_box.dart:118:18)
#44     RenderObject.layout (package:flutter/src/rendering/object.dart:2768:7)
#45     RenderProxyBoxMixin.performLayout (package:flutter/src/rendering/proxy_box.dart:118:18)
#46     RenderObject.layout (package:flutter/src/rendering/object.dart:2768:7)
#47     RenderProxyBoxMixin.performLayout (package:flutter/src/rendering/proxy_box.dart:118:18)
#48     RenderOffstage.performLayout (package:flutter/src/rendering/proxy_box.dart:3923:13)
#49     RenderObject.layout (package:flutter/src/rendering/object.dart:2768:7)
#50     RenderProxyBoxMixin.performLayout (package:flutter/src/rendering/proxy_box.dart:118:18)
#51     RenderObject.layout (package:flutter/src/rendering/object.dart:2768:7)
#52     _RenderTheaterMixin.layoutChild (package:flutter/src/widgets/overlay.dart:1084:13)
#53     _RenderTheater.performLayout (package:flutter/src/widgets/overlay.dart:1429:9)
#54     RenderObject.layout (package:flutter/src/rendering/object.dart:2768:7)
#55     RenderProxyBoxMixin.performLayout (package:flutter/src/rendering/proxy_box.dart:118:18)
#56     RenderObject.layout (package:flutter/src/rendering/object.dart:2768:7)
#57     RenderProxyBoxMixin.performLayout (package:flutter/src/rendering/proxy_box.dart:118:18)
#58     RenderObject.layout (package:flutter/src/rendering/object.dart:2768:7)
#59     RenderProxyBoxMixin.performLayout (package:flutter/src/rendering/proxy_box.dart:118:18)
#60     RenderObject.layout (package:flutter/src/rendering/object.dart:2768:7)
#61     RenderProxyBoxMixin.performLayout (package:flutter/src/rendering/proxy_box.dart:118:18)
#62     RenderCustomPaint.performLayout (package:flutter/src/rendering/custom_paint.dart:574:11)
#63     RenderObject.layout (package:flutter/src/rendering/object.dart:2768:7)
#64     RenderProxyBoxMixin.performLayout (package:flutter/src/rendering/proxy_box.dart:118:18)
#65     RenderObject.layout (package:flutter/src/rendering/object.dart:2768:7)
#66     RenderProxyBoxMixin.performLayout (package:flutter/src/rendering/proxy_box.dart:118:18)
#67     RenderObject.layout (package:flutter/src/rendering/object.dart:2768:7)
#68     RenderProxyBoxMixin.performLayout (package:flutter/src/rendering/proxy_box.dart:118:18)
#69     RenderObject.layout (package:flutter/src/rendering/object.dart:2768:7)
#70     RenderProxyBoxMixin.performLayout (package:flutter/src/rendering/proxy_box.dart:118:18)
#71     RenderObject.layout (package:flutter/src/rendering/object.dart:2768:7)
#72     RenderProxyBoxMixin.performLayout (package:flutter/src/rendering/proxy_box.dart:118:18)
#73     RenderObject.layout (package:flutter/src/rendering/object.dart:2768:7)
#74     RenderProxyBoxMixin.performLayout (package:flutter/src/rendering/proxy_box.dart:118:18)
#75     RenderObject.layout (package:flutter/src/rendering/object.dart:2768:7)
#76     RenderView.performLayout (package:flutter/src/rendering/view.dart:292:12)
#77     RenderObject._layoutWithoutResize (package:flutter/src/rendering/object.dart:2616:7)
#78     PipelineOwner.flushLayout (package:flutter/src/rendering/object.dart:1174:18)
#79     PipelineOwner.flushLayout (package:flutter/src/rendering/object.dart:1187:15)
#80     AutomatedTestWidgetsFlutterBinding.drawFrame (package:flutter_test/src/binding.dart:2133:27)
#81     RendererBinding._handlePersistentFrameCallback (package:flutter/src/rendering/binding.dart:495:5)
#82     SchedulerBinding._invokeFrameCallback (package:flutter/src/scheduler/binding.dart:1430:15)
#83     SchedulerBinding.handleDrawFrame (package:flutter/src/scheduler/binding.dart:1345:9)
#84     AutomatedTestWidgetsFlutterBinding.pump.<anonymous closure> (package:flutter_test/src/binding.dart:1960:9)
#87     TestAsyncUtils.guard (package:flutter_test/src/test_async_utils.dart:74:41)
#88     AutomatedTestWidgetsFlutterBinding.pump (package:flutter_test/src/binding.dart:1949:27)
#89     WidgetTester.pumpWidget.<anonymous closure> (package:flutter_test/src/widget_tester.dart:598:22)
#92     TestAsyncUtils.guard (package:flutter_test/src/test_async_utils.dart:74:41)
#93     WidgetTester.pumpWidget (package:flutter_test/src/widget_tester.dart:595:27)
#94     main.<anonymous closure>.<anonymous closure> (file:///C:/Users/bhara/StudioProjects/simple_billing_app/test/widget/billing_screen_test.dart:17:20)
#95     testWidgets.<anonymous closure>.<anonymous closure> (package:flutter_test/src/widget_tester.dart:192:29)
<asynchronous suspension>
#96     TestWidgetsFlutterBinding._runTestBody (package:flutter_test/src/binding.dart:1682:5)
<asynchronous suspension>
<asynchronous suspension>
(elided 7 frames from class _AssertionError, dart:async, and package:stack_trace)

The following RenderObject was being processed when the exception was fired: RenderPadding#89f98 relayoutBoundary=up2 NEEDS-LAYOUT NEEDS-PAINT NEEDS-COMPOSITING-BITS-UPDATE:
  creator: Padding ΓåÉ LayoutBuilder ΓåÉ KeyedSubtree-[GlobalKey#c17ef] ΓåÉ _BodyBuilder ΓåÉ MediaQuery ΓåÉ
    LayoutId-[<_ScaffoldSlot.body>] ΓåÉ CustomMultiChildLayout ΓåÉ _ActionsScope ΓåÉ Actions ΓåÉ
    AnimatedBuilder ΓåÉ DefaultTextStyle ΓåÉ AnimatedDefaultTextStyle ΓåÉ Γï»
  parentData: offset=Offset(0.0, 0.0) (can use size)
  constraints: BoxConstraints(0.0<=w<=1200.0, 0.0<=h<=677.0)
  size: MISSING
  padding: EdgeInsets.all(32.0)
  textDirection: ltr
This RenderObject had the following descendants (showing up to depth 5):
    child: RenderClipRect#36c42 relayoutBoundary=up3 NEEDS-PAINT NEEDS-COMPOSITING-BITS-UPDATE
      child: RenderTransform#e6c72 relayoutBoundary=up4 NEEDS-PAINT NEEDS-COMPOSITING-BITS-UPDATE
        child: _RenderScrollSemantics#54617 relayoutBoundary=up5 NEEDS-PAINT NEEDS-COMPOSITING-BITS-UPDATE
          child: RenderPointerListener#64b90 relayoutBoundary=up6 NEEDS-PAINT NEEDS-COMPOSITING-BITS-UPDATE
            child: RenderSemanticsGestureHandler#a198a relayoutBoundary=up7 NEEDS-PAINT NEEDS-COMPOSITING-BITS-UPDATE
ΓòÉΓòÉΓòÉΓòÉΓòÉΓòÉΓòÉΓòÉΓòÉΓòÉΓòÉΓòÉΓòÉΓòÉΓòÉΓòÉΓòÉΓòÉΓòÉΓòÉΓòÉΓòÉΓòÉΓòÉΓòÉΓòÉΓòÉΓòÉΓòÉΓòÉΓòÉΓòÉΓòÉΓòÉΓòÉΓòÉΓòÉΓòÉΓòÉΓòÉΓòÉΓòÉΓòÉΓòÉΓòÉΓòÉΓòÉΓòÉΓòÉΓòÉΓòÉΓòÉΓòÉΓòÉΓòÉΓòÉΓòÉΓòÉΓòÉΓòÉΓòÉΓòÉΓòÉΓòÉΓòÉΓòÉΓòÉΓòÉΓòÉΓòÉΓòÉΓòÉΓòÉΓòÉΓòÉΓòÉΓòÉΓòÉΓòÉΓòÉΓòÉΓòÉΓòÉΓòÉΓòÉΓòÉΓòÉΓòÉΓòÉΓòÉΓòÉΓòÉΓòÉΓòÉΓòÉΓòÉΓòÉΓòÉΓòÉΓòÉ
ΓòÉΓòÉΓòí EXCEPTION CAUGHT BY RENDERING LIBRARY Γò₧ΓòÉΓòÉΓòÉΓòÉΓòÉΓòÉΓòÉΓòÉΓòÉΓòÉΓòÉΓòÉΓòÉΓòÉΓòÉΓòÉΓòÉΓòÉΓòÉΓòÉΓòÉΓòÉΓòÉΓòÉΓòÉΓòÉΓòÉΓòÉΓòÉΓòÉΓòÉΓòÉΓòÉΓòÉΓòÉΓòÉΓòÉΓòÉΓòÉΓòÉΓòÉΓòÉΓòÉΓòÉΓòÉΓòÉΓòÉΓòÉΓòÉΓòÉΓòÉΓòÉΓòÉΓòÉΓòÉΓòÉΓòÉ
The following assertion was thrown during performLayout():
RenderBox was not laid out: RenderPadding#89f98 relayoutBoundary=up2 NEEDS-PAINT
NEEDS-COMPOSITING-BITS-UPDATE
'package:flutter/src/rendering/box.dart':
Failed assertion: line 2251 pos 12: 'hasSize'

Either the assertion indicates an error in the framework itself, or we should provide substantially
more information in this error message to help you determine and fix the underlying cause.
In either case, please report this assertion by filing a bug on GitHub:
  https://github.com/flutter/flutter/issues/new?template=02_bug.yml

The relevant error-causing widget was:
  LayoutBuilder
  LayoutBuilder:file:///C:/Users/bhara/StudioProjects/simple_billing_app/lib/views/screens/billing_screen.dart:225:14

When the exception was thrown, this was the stack:
#2      RenderBox.size (package:flutter/src/rendering/box.dart:2251:12)
#3      _RenderLayoutBuilder.performLayout (package:flutter/src/widgets/layout_builder.dart:450:43)
#4      RenderObject.layout (package:flutter/src/rendering/object.dart:2768:7)
#5      MultiChildLayoutDelegate.layoutChild (package:flutter/src/rendering/custom_layout.dart:180:12)
#6      _ScaffoldLayout.performLayout (package:flutter/src/material/scaffold.dart:1113:7)
#7      MultiChildLayoutDelegate._callPerformLayout (package:flutter/src/rendering/custom_layout.dart:246:7)
#8      RenderCustomMultiChildLayoutBox.performLayout (package:flutter/src/rendering/custom_layout.dart:417:14)
#9      RenderObject.layout (package:flutter/src/rendering/object.dart:2768:7)
#10     RenderProxyBoxMixin.performLayout (package:flutter/src/rendering/proxy_box.dart:118:18)
#11     RenderObject.layout (package:flutter/src/rendering/object.dart:2768:7)
#12     RenderProxyBoxMixin.performLayout (package:flutter/src/rendering/proxy_box.dart:118:18)
#13     _RenderCustomClip.performLayout (package:flutter/src/rendering/proxy_box.dart:1549:11)
#14     RenderObject.layout (package:flutter/src/rendering/object.dart:2768:7)
#15     RenderProxyBoxMixin.performLayout (package:flutter/src/rendering/proxy_box.dart:118:18)
#16     RenderObject.layout (package:flutter/src/rendering/object.dart:2768:7)
#17     RenderProxyBoxMixin.performLayout (package:flutter/src/rendering/proxy_box.dart:118:18)
#18     RenderObject.layout (package:flutter/src/rendering/object.dart:2768:7)
#19     RenderProxyBoxMixin.performLayout (package:flutter/src/rendering/proxy_box.dart:118:18)
#20     RenderObject.layout (package:flutter/src/rendering/object.dart:2768:7)
#21     RenderProxyBoxMixin.performLayout (package:flutter/src/rendering/proxy_box.dart:118:18)
#22     RenderObject.layout (package:flutter/src/rendering/object.dart:2768:7)
#23     RenderProxyBoxMixin.performLayout (package:flutter/src/rendering/proxy_box.dart:118:18)
#24     RenderObject.layout (package:flutter/src/rendering/object.dart:2768:7)
#25     RenderProxyBoxMixin.performLayout (package:flutter/src/rendering/proxy_box.dart:118:18)
#26     RenderObject.layout (package:flutter/src/rendering/object.dart:2768:7)
#27     RenderProxyBoxMixin.performLayout (package:flutter/src/rendering/proxy_box.dart:118:18)
#28     RenderObject.layout (package:flutter/src/rendering/object.dart:2768:7)
#29     RenderProxyBoxMixin.performLayout (package:flutter/src/rendering/proxy_box.dart:118:18)
#30     RenderObject.layout (package:flutter/src/rendering/object.dart:2768:7)
#31     RenderProxyBoxMixin.performLayout (package:flutter/src/rendering/proxy_box.dart:118:18)
#32     RenderObject.layout (package:flutter/src/rendering/object.dart:2768:7)
#33     RenderProxyBoxMixin.performLayout (package:flutter/src/rendering/proxy_box.dart:118:18)
#34     RenderObject.layout (package:flutter/src/rendering/object.dart:2768:7)
#35     RenderProxyBoxMixin.performLayout (package:flutter/src/rendering/proxy_box.dart:118:18)
#36     RenderObject.layout (package:flutter/src/rendering/object.dart:2768:7)
#37     RenderProxyBoxMixin.performLayout (package:flutter/src/rendering/proxy_box.dart:118:18)
#38     RenderObject.layout (package:flutter/src/rendering/object.dart:2768:7)
#39     RenderProxyBoxMixin.performLayout (package:flutter/src/rendering/proxy_box.dart:118:18)
#40     RenderObject.layout (package:flutter/src/rendering/object.dart:2768:7)
#41     RenderProxyBoxMixin.performLayout (package:flutter/src/rendering/proxy_box.dart:118:18)
#42     RenderObject.layout (package:flutter/src/rendering/object.dart:2768:7)
#43     RenderProxyBoxMixin.performLayout (package:flutter/src/rendering/proxy_box.dart:118:18)
#44     RenderObject.layout (package:flutter/src/rendering/object.dart:2768:7)
#45     RenderProxyBoxMixin.performLayout (package:flutter/src/rendering/proxy_box.dart:118:18)
#46     RenderOffstage.performLayout (package:flutter/src/rendering/proxy_box.dart:3923:13)
#47     RenderObject.layout (package:flutter/src/rendering/object.dart:2768:7)
#48     RenderProxyBoxMixin.performLayout (package:flutter/src/rendering/proxy_box.dart:118:18)
#49     RenderObject.layout (package:flutter/src/rendering/object.dart:2768:7)
#50     _RenderTheaterMixin.layoutChild (package:flutter/src/widgets/overlay.dart:1084:13)
#51     _RenderTheater.performLayout (package:flutter/src/widgets/overlay.dart:1429:9)
#52     RenderObject.layout (package:flutter/src/rendering/object.dart:2768:7)
#53     RenderProxyBoxMixin.performLayout (package:flutter/src/rendering/proxy_box.dart:118:18)
#54     RenderObject.layout (package:flutter/src/rendering/object.dart:2768:7)
#55     RenderProxyBoxMixin.performLayout (package:flutter/src/rendering/proxy_box.dart:118:18)
#56     RenderObject.layout (package:flutter/src/rendering/object.dart:2768:7)
#57     RenderProxyBoxMixin.performLayout (package:flutter/src/rendering/proxy_box.dart:118:18)
#58     RenderObject.layout (package:flutter/src/rendering/object.dart:2768:7)
#59     RenderProxyBoxMixin.performLayout (package:flutter/src/rendering/proxy_box.dart:118:18)
#60     RenderCustomPaint.performLayout (package:flutter/src/rendering/custom_paint.dart:574:11)
#61     RenderObject.layout (package:flutter/src/rendering/object.dart:2768:7)
#62     RenderProxyBoxMixin.performLayout (package:flutter/src/rendering/proxy_box.dart:118:18)
#63     RenderObject.layout (package:flutter/src/rendering/object.dart:2768:7)
#64     RenderProxyBoxMixin.performLayout (package:flutter/src/rendering/proxy_box.dart:118:18)
#65     RenderObject.layout (package:flutter/src/rendering/object.dart:2768:7)
#66     RenderProxyBoxMixin.performLayout (package:flutter/src/rendering/proxy_box.dart:118:18)
#67     RenderObject.layout (package:flutter/src/rendering/object.dart:2768:7)
#68     RenderProxyBoxMixin.performLayout (package:flutter/src/rendering/proxy_box.dart:118:18)
#69     RenderObject.layout (package:flutter/src/rendering/object.dart:2768:7)
#70     RenderProxyBoxMixin.performLayout (package:flutter/src/rendering/proxy_box.dart:118:18)
#71     RenderObject.layout (package:flutter/src/rendering/object.dart:2768:7)
#72     RenderProxyBoxMixin.performLayout (package:flutter/src/rendering/proxy_box.dart:118:18)
#73     RenderObject.layout (package:flutter/src/rendering/object.dart:2768:7)
#74     RenderView.performLayout (package:flutter/src/rendering/view.dart:292:12)
#75     RenderObject._layoutWithoutResize (package:flutter/src/rendering/object.dart:2616:7)
#76     PipelineOwner.flushLayout (package:flutter/src/rendering/object.dart:1174:18)
#77     PipelineOwner.flushLayout (package:flutter/src/rendering/object.dart:1187:15)
#78     AutomatedTestWidgetsFlutterBinding.drawFrame (package:flutter_test/src/binding.dart:2133:27)
#79     RendererBinding._handlePersistentFrameCallback (package:flutter/src/rendering/binding.dart:495:5)
#80     SchedulerBinding._invokeFrameCallback (package:flutter/src/scheduler/binding.dart:1430:15)
#81     SchedulerBinding.handleDrawFrame (package:flutter/src/scheduler/binding.dart:1345:9)
#82     AutomatedTestWidgetsFlutterBinding.pump.<anonymous closure> (package:flutter_test/src/binding.dart:1960:9)
#85     TestAsyncUtils.guard (package:flutter_test/src/test_async_utils.dart:74:41)
#86     AutomatedTestWidgetsFlutterBinding.pump (package:flutter_test/src/binding.dart:1949:27)
#87     WidgetTester.pumpWidget.<anonymous closure> (package:flutter_test/src/widget_tester.dart:598:22)
#90     TestAsyncUtils.guard (package:flutter_test/src/test_async_utils.dart:74:41)
#91     WidgetTester.pumpWidget (package:flutter_test/src/widget_tester.dart:595:27)
#92     main.<anonymous closure>.<anonymous closure> (file:///C:/Users/bhara/StudioProjects/simple_billing_app/test/widget/billing_screen_test.dart:17:20)
#93     testWidgets.<anonymous closure>.<anonymous closure> (package:flutter_test/src/widget_tester.dart:192:29)
<asynchronous suspension>
#94     TestWidgetsFlutterBinding._runTestBody (package:flutter_test/src/binding.dart:1682:5)
<asynchronous suspension>
<asynchronous suspension>
(elided 7 frames from class _AssertionError, dart:async, and package:stack_trace)

The following RenderObject was being processed when the exception was fired: _RenderLayoutBuilder#08863 relayoutBoundary=up1 NEEDS-LAYOUT NEEDS-PAINT NEEDS-COMPOSITING-BITS-UPDATE:
  creator: LayoutBuilder ΓåÉ KeyedSubtree-[GlobalKey#c17ef] ΓåÉ _BodyBuilder ΓåÉ MediaQuery ΓåÉ
    LayoutId-[<_ScaffoldSlot.body>] ΓåÉ CustomMultiChildLayout ΓåÉ _ActionsScope ΓåÉ Actions ΓåÉ
    AnimatedBuilder ΓåÉ DefaultTextStyle ΓåÉ AnimatedDefaultTextStyle ΓåÉ _InkFeatures-[GlobalKey#8d13f ink
    renderer] ΓåÉ Γï»
  parentData: offset=Offset(0.0, 0.0); id=_ScaffoldSlot.body (can use size)
  constraints: BoxConstraints(0.0<=w<=1200.0, 0.0<=h<=677.0)
  size: MISSING
This RenderObject had the following descendants (showing up to depth 5):
    child: RenderPadding#89f98 relayoutBoundary=up2 NEEDS-PAINT NEEDS-COMPOSITING-BITS-UPDATE
      child: RenderClipRect#36c42 relayoutBoundary=up3 NEEDS-PAINT NEEDS-COMPOSITING-BITS-UPDATE
        child: RenderTransform#e6c72 relayoutBoundary=up4 NEEDS-PAINT NEEDS-COMPOSITING-BITS-UPDATE
          child: _RenderScrollSemantics#54617 relayoutBoundary=up5 NEEDS-PAINT NEEDS-COMPOSITING-BITS-UPDATE
            child: RenderPointerListener#64b90 relayoutBoundary=up6 NEEDS-PAINT NEEDS-COMPOSITING-BITS-UPDATE
ΓòÉΓòÉΓòÉΓòÉΓòÉΓòÉΓòÉΓòÉΓòÉΓòÉΓòÉΓòÉΓòÉΓòÉΓòÉΓòÉΓòÉΓòÉΓòÉΓòÉΓòÉΓòÉΓòÉΓòÉΓòÉΓòÉΓòÉΓòÉΓòÉΓòÉΓòÉΓòÉΓòÉΓòÉΓòÉΓòÉΓòÉΓòÉΓòÉΓòÉΓòÉΓòÉΓòÉΓòÉΓòÉΓòÉΓòÉΓòÉΓòÉΓòÉΓòÉΓòÉΓòÉΓòÉΓòÉΓòÉΓòÉΓòÉΓòÉΓòÉΓòÉΓòÉΓòÉΓòÉΓòÉΓòÉΓòÉΓòÉΓòÉΓòÉΓòÉΓòÉΓòÉΓòÉΓòÉΓòÉΓòÉΓòÉΓòÉΓòÉΓòÉΓòÉΓòÉΓòÉΓòÉΓòÉΓòÉΓòÉΓòÉΓòÉΓòÉΓòÉΓòÉΓòÉΓòÉΓòÉΓòÉΓòÉΓòÉΓòÉ
ΓòÉΓòÉΓòí EXCEPTION CAUGHT BY RENDERING LIBRARY Γò₧ΓòÉΓòÉΓòÉΓòÉΓòÉΓòÉΓòÉΓòÉΓòÉΓòÉΓòÉΓòÉΓòÉΓòÉΓòÉΓòÉΓòÉΓòÉΓòÉΓòÉΓòÉΓòÉΓòÉΓòÉΓòÉΓòÉΓòÉΓòÉΓòÉΓòÉΓòÉΓòÉΓòÉΓòÉΓòÉΓòÉΓòÉΓòÉΓòÉΓòÉΓòÉΓòÉΓòÉΓòÉΓòÉΓòÉΓòÉΓòÉΓòÉΓòÉΓòÉΓòÉΓòÉΓòÉΓòÉΓòÉΓòÉ
The following assertion was thrown during performLayout():
RenderBox was not laid out: _RenderLayoutBuilder#08863 relayoutBoundary=up1 NEEDS-PAINT
NEEDS-COMPOSITING-BITS-UPDATE
'package:flutter/src/rendering/box.dart':
Failed assertion: line 2251 pos 12: 'hasSize'

Either the assertion indicates an error in the framework itself, or we should provide substantially
more information in this error message to help you determine and fix the underlying cause.
In either case, please report this assertion by filing a bug on GitHub:
  https://github.com/flutter/flutter/issues/new?template=02_bug.yml

The relevant error-causing widget was:
  Scaffold
  Scaffold:file:///C:/Users/bhara/StudioProjects/simple_billing_app/lib/views/widgets/app_scaffold.dart:257:12

When the exception was thrown, this was the stack:
#2      RenderBox.size (package:flutter/src/rendering/box.dart:2251:12)
#3      MultiChildLayoutDelegate.layoutChild (package:flutter/src/rendering/custom_layout.dart:181:18)
#4      _ScaffoldLayout.performLayout (package:flutter/src/material/scaffold.dart:1113:7)
#5      MultiChildLayoutDelegate._callPerformLayout (package:flutter/src/rendering/custom_layout.dart:246:7)
#6      RenderCustomMultiChildLayoutBox.performLayout (package:flutter/src/rendering/custom_layout.dart:417:14)
#7      RenderObject.layout (package:flutter/src/rendering/object.dart:2768:7)
#8      RenderProxyBoxMixin.performLayout (package:flutter/src/rendering/proxy_box.dart:118:18)
#9      RenderObject.layout (package:flutter/src/rendering/object.dart:2768:7)
#10     RenderProxyBoxMixin.performLayout (package:flutter/src/rendering/proxy_box.dart:118:18)
#11     _RenderCustomClip.performLayout (package:flutter/src/rendering/proxy_box.dart:1549:11)
#12     RenderObject.layout (package:flutter/src/rendering/object.dart:2768:7)
#13     RenderProxyBoxMixin.performLayout (package:flutter/src/rendering/proxy_box.dart:118:18)
#14     RenderObject.layout (package:flutter/src/rendering/object.dart:2768:7)
#15     RenderProxyBoxMixin.performLayout (package:flutter/src/rendering/proxy_box.dart:118:18)
#16     RenderObject.layout (package:flutter/src/rendering/object.dart:2768:7)
#17     RenderProxyBoxMixin.performLayout (package:flutter/src/rendering/proxy_box.dart:118:18)
#18     RenderObject.layout (package:flutter/src/rendering/object.dart:2768:7)
#19     RenderProxyBoxMixin.performLayout (package:flutter/src/rendering/proxy_box.dart:118:18)
#20     RenderObject.layout (package:flutter/src/rendering/object.dart:2768:7)
#21     RenderProxyBoxMixin.performLayout (package:flutter/src/rendering/proxy_box.dart:118:18)
#22     RenderObject.layout (package:flutter/src/rendering/object.dart:2768:7)
#23     RenderProxyBoxMixin.performLayout (package:flutter/src/rendering/proxy_box.dart:118:18)
#24     RenderObject.layout (package:flutter/src/rendering/object.dart:2768:7)
#25     RenderProxyBoxMixin.performLayout (package:flutter/src/rendering/proxy_box.dart:118:18)
#26     RenderObject.layout (package:flutter/src/rendering/object.dart:2768:7)
#27     RenderProxyBoxMixin.performLayout (package:flutter/src/rendering/proxy_box.dart:118:18)
#28     RenderObject.layout (package:flutter/src/rendering/object.dart:2768:7)
#29     RenderProxyBoxMixin.performLayout (package:flutter/src/rendering/proxy_box.dart:118:18)
#30     RenderObject.layout (package:flutter/src/rendering/object.dart:2768:7)
#31     RenderProxyBoxMixin.performLayout (package:flutter/src/rendering/proxy_box.dart:118:18)
#32     RenderObject.layout (package:flutter/src/rendering/object.dart:2768:7)
#33     RenderProxyBoxMixin.performLayout (package:flutter/src/rendering/proxy_box.dart:118:18)
#34     RenderObject.layout (package:flutter/src/rendering/object.dart:2768:7)
#35     RenderProxyBoxMixin.performLayout (package:flutter/src/rendering/proxy_box.dart:118:18)
#36     RenderObject.layout (package:flutter/src/rendering/object.dart:2768:7)
#37     RenderProxyBoxMixin.performLayout (package:flutter/src/rendering/proxy_box.dart:118:18)
#38     RenderObject.layout (package:flutter/src/rendering/object.dart:2768:7)
#39     RenderProxyBoxMixin.performLayout (package:flutter/src/rendering/proxy_box.dart:118:18)
#40     RenderObject.layout (package:flutter/src/rendering/object.dart:2768:7)
#41     RenderProxyBoxMixin.performLayout (package:flutter/src/rendering/proxy_box.dart:118:18)
#42     RenderObject.layout (package:flutter/src/rendering/object.dart:2768:7)
#43     RenderProxyBoxMixin.performLayout (package:flutter/src/rendering/proxy_box.dart:118:18)
#44     RenderOffstage.performLayout (package:flutter/src/rendering/proxy_box.dart:3923:13)
#45     RenderObject.layout (package:flutter/src/rendering/object.dart:2768:7)
#46     RenderProxyBoxMixin.performLayout (package:flutter/src/rendering/proxy_box.dart:118:18)
#47     RenderObject.layout (package:flutter/src/rendering/object.dart:2768:7)
#48     _RenderTheaterMixin.layoutChild (package:flutter/src/widgets/overlay.dart:1084:13)
#49     _RenderTheater.performLayout (package:flutter/src/widgets/overlay.dart:1429:9)
#50     RenderObject.layout (package:flutter/src/rendering/object.dart:2768:7)
#51     RenderProxyBoxMixin.performLayout (package:flutter/src/rendering/proxy_box.dart:118:18)
#52     RenderObject.layout (package:flutter/src/rendering/object.dart:2768:7)
#53     RenderProxyBoxMixin.performLayout (package:flutter/src/rendering/proxy_box.dart:118:18)
#54     RenderObject.layout (package:flutter/src/rendering/object.dart:2768:7)
#55     RenderProxyBoxMixin.performLayout (package:flutter/src/rendering/proxy_box.dart:118:18)
#56     RenderObject.layout (package:flutter/src/rendering/object.dart:2768:7)
#57     RenderProxyBoxMixin.performLayout (package:flutter/src/rendering/proxy_box.dart:118:18)
#58     RenderCustomPaint.performLayout (package:flutter/src/rendering/custom_paint.dart:574:11)
#59     RenderObject.layout (package:flutter/src/rendering/object.dart:2768:7)
#60     RenderProxyBoxMixin.performLayout (package:flutter/src/rendering/proxy_box.dart:118:18)
#61     RenderObject.layout (package:flutter/src/rendering/object.dart:2768:7)
#62     RenderProxyBoxMixin.performLayout (package:flutter/src/rendering/proxy_box.dart:118:18)
#63     RenderObject.layout (package:flutter/src/rendering/object.dart:2768:7)
#64     RenderProxyBoxMixin.performLayout (package:flutter/src/rendering/proxy_box.dart:118:18)
#65     RenderObject.layout (package:flutter/src/rendering/object.dart:2768:7)
#66     RenderProxyBoxMixin.performLayout (package:flutter/src/rendering/proxy_box.dart:118:18)
#67     RenderObject.layout (package:flutter/src/rendering/object.dart:2768:7)
#68     RenderProxyBoxMixin.performLayout (package:flutter/src/rendering/proxy_box.dart:118:18)
#69     RenderObject.layout (package:flutter/src/rendering/object.dart:2768:7)
#70     RenderProxyBoxMixin.performLayout (package:flutter/src/rendering/proxy_box.dart:118:18)
#71     RenderObject.layout (package:flutter/src/rendering/object.dart:2768:7)
#72     RenderView.performLayout (package:flutter/src/rendering/view.dart:292:12)
#73     RenderObject._layoutWithoutResize (package:flutter/src/rendering/object.dart:2616:7)
#74     PipelineOwner.flushLayout (package:flutter/src/rendering/object.dart:1174:18)
#75     PipelineOwner.flushLayout (package:flutter/src/rendering/object.dart:1187:15)
#76     AutomatedTestWidgetsFlutterBinding.drawFrame (package:flutter_test/src/binding.dart:2133:27)
#77     RendererBinding._handlePersistentFrameCallback (package:flutter/src/rendering/binding.dart:495:5)
#78     SchedulerBinding._invokeFrameCallback (package:flutter/src/scheduler/binding.dart:1430:15)
#79     SchedulerBinding.handleDrawFrame (package:flutter/src/scheduler/binding.dart:1345:9)
#80     AutomatedTestWidgetsFlutterBinding.pump.<anonymous closure> (package:flutter_test/src/binding.dart:1960:9)
#83     TestAsyncUtils.guard (package:flutter_test/src/test_async_utils.dart:74:41)
#84     AutomatedTestWidgetsFlutterBinding.pump (package:flutter_test/src/binding.dart:1949:27)
#85     WidgetTester.pumpWidget.<anonymous closure> (package:flutter_test/src/widget_tester.dart:598:22)
#88     TestAsyncUtils.guard (package:flutter_test/src/test_async_utils.dart:74:41)
#89     WidgetTester.pumpWidget (package:flutter_test/src/widget_tester.dart:595:27)
#90     main.<anonymous closure>.<anonymous closure> (file:///C:/Users/bhara/StudioProjects/simple_billing_app/test/widget/billing_screen_test.dart:17:20)
#91     testWidgets.<anonymous closure>.<anonymous closure> (package:flutter_test/src/widget_tester.dart:192:29)
<asynchronous suspension>
#92     TestWidgetsFlutterBinding._runTestBody (package:flutter_test/src/binding.dart:1682:5)
<asynchronous suspension>
<asynchronous suspension>
(elided 7 frames from class _AssertionError, dart:async, and package:stack_trace)

The following RenderObject was being processed when the exception was fired: RenderCustomMultiChildLayoutBox#74c6b NEEDS-LAYOUT NEEDS-PAINT NEEDS-COMPOSITING-BITS-UPDATE:
  creator: CustomMultiChildLayout ΓåÉ _ActionsScope ΓåÉ Actions ΓåÉ AnimatedBuilder ΓåÉ DefaultTextStyle ΓåÉ
    AnimatedDefaultTextStyle ΓåÉ _InkFeatures-[GlobalKey#8d13f ink renderer] ΓåÉ
    NotificationListener<LayoutChangedNotification> ΓåÉ PhysicalModel ΓåÉ AnimatedPhysicalModel ΓåÉ Material
    ΓåÉ _ScrollNotificationObserverScope ΓåÉ Γï»
  parentData: <none> (can use size)
  constraints: BoxConstraints(w=1200.0, h=800.0)
  size: Size(1200.0, 800.0)
This RenderObject had the following descendants (showing up to depth 5):
    child 1: _RenderLayoutBuilder#08863 relayoutBoundary=up1 NEEDS-PAINT NEEDS-COMPOSITING-BITS-UPDATE
      child: RenderPadding#89f98 relayoutBoundary=up2 NEEDS-PAINT NEEDS-COMPOSITING-BITS-UPDATE
        child: RenderClipRect#36c42 relayoutBoundary=up3 NEEDS-PAINT NEEDS-COMPOSITING-BITS-UPDATE
          child: RenderTransform#e6c72 relayoutBoundary=up4 NEEDS-PAINT NEEDS-COMPOSITING-BITS-UPDATE
            child: _RenderScrollSemantics#54617 relayoutBoundary=up5 NEEDS-PAINT NEEDS-COMPOSITING-BITS-UPDATE
    child 2: RenderConstrainedBox#ce8b9 relayoutBoundary=up1 NEEDS-PAINT NEEDS-COMPOSITING-BITS-UPDATE
      child: RenderSemanticsAnnotations#4acc7 relayoutBoundary=up2 NEEDS-PAINT NEEDS-COMPOSITING-BITS-UPDATE
        child: RenderAnnotatedRegion<SystemUiOverlayStyle>#7349e relayoutBoundary=up3 NEEDS-PAINT NEEDS-COMPOSITING-BITS-UPDATE
          child: RenderPhysicalModel#0203a relayoutBoundary=up4 NEEDS-PAINT NEEDS-COMPOSITING-BITS-UPDATE
            child: _RenderInkFeatures#ab661 relayoutBoundary=up5 NEEDS-PAINT NEEDS-COMPOSITING-BITS-UPDATE
    child 3: RenderDecoratedBox#91b24 relayoutBoundary=up1 NEEDS-PAINT NEEDS-COMPOSITING-BITS-UPDATE
      child: RenderPadding#cd19c relayoutBoundary=up2 NEEDS-PAINT NEEDS-COMPOSITING-BITS-UPDATE
        child: RenderPadding#8e07a relayoutBoundary=up3 NEEDS-PAINT NEEDS-COMPOSITING-BITS-UPDATE
          child: RenderPadding#7a0bc relayoutBoundary=up4 NEEDS-PAINT NEEDS-COMPOSITING-BITS-UPDATE
            child: RenderFlex#0cfe9 relayoutBoundary=up5 NEEDS-PAINT NEEDS-COMPOSITING-BITS-UPDATE
    child 4: RenderStack#8d629 NEEDS-LAYOUT NEEDS-PAINT NEEDS-COMPOSITING-BITS-UPDATE
      child 1: RenderTransform#9c471 NEEDS-LAYOUT NEEDS-PAINT NEEDS-COMPOSITING-BITS-UPDATE
        child: RenderTransform#b76d3 NEEDS-LAYOUT NEEDS-PAINT
ΓòÉΓòÉΓòÉΓòÉΓòÉΓòÉΓòÉΓòÉΓòÉΓòÉΓòÉΓòÉΓòÉΓòÉΓòÉΓòÉΓòÉΓòÉΓòÉΓòÉΓòÉΓòÉΓòÉΓòÉΓòÉΓòÉΓòÉΓòÉΓòÉΓòÉΓòÉΓòÉΓòÉΓòÉΓòÉΓòÉΓòÉΓòÉΓòÉΓòÉΓòÉΓòÉΓòÉΓòÉΓòÉΓòÉΓòÉΓòÉΓòÉΓòÉΓòÉΓòÉΓòÉΓòÉΓòÉΓòÉΓòÉΓòÉΓòÉΓòÉΓòÉΓòÉΓòÉΓòÉΓòÉΓòÉΓòÉΓòÉΓòÉΓòÉΓòÉΓòÉΓòÉΓòÉΓòÉΓòÉΓòÉΓòÉΓòÉΓòÉΓòÉΓòÉΓòÉΓòÉΓòÉΓòÉΓòÉΓòÉΓòÉΓòÉΓòÉΓòÉΓòÉΓòÉΓòÉΓòÉΓòÉΓòÉΓòÉΓòÉ
ΓòÉΓòÉΓòí EXCEPTION CAUGHT BY RENDERING LIBRARY Γò₧ΓòÉΓòÉΓòÉΓòÉΓòÉΓòÉΓòÉΓòÉΓòÉΓòÉΓòÉΓòÉΓòÉΓòÉΓòÉΓòÉΓòÉΓòÉΓòÉΓòÉΓòÉΓòÉΓòÉΓòÉΓòÉΓòÉΓòÉΓòÉΓòÉΓòÉΓòÉΓòÉΓòÉΓòÉΓòÉΓòÉΓòÉΓòÉΓòÉΓòÉΓòÉΓòÉΓòÉΓòÉΓòÉΓòÉΓòÉΓòÉΓòÉΓòÉΓòÉΓòÉΓòÉΓòÉΓòÉΓòÉΓòÉ
The following assertion was thrown during paint():
RenderBox was not laid out: RenderTransform#e6c72 relayoutBoundary=up4 NEEDS-PAINT
'package:flutter/src/rendering/box.dart':
Failed assertion: line 2251 pos 12: 'hasSize'

Either the assertion indicates an error in the framework itself, or we should provide substantially
more information in this error message to help you determine and fix the underlying cause.
In either case, please report this assertion by filing a bug on GitHub:
  https://github.com/flutter/flutter/issues/new?template=02_bug.yml

The relevant error-causing widget was:
  Scaffold
  Scaffold:file:///C:/Users/bhara/StudioProjects/simple_billing_app/lib/views/widgets/app_scaffold.dart:257:12

When the exception was thrown, this was the stack:
#2      RenderBox.size (package:flutter/src/rendering/box.dart:2251:12)
#3      RenderTransform._effectiveTransform (package:flutter/src/rendering/proxy_box.dart:2700:49)
#4      RenderTransform.applyPaintTransform (package:flutter/src/rendering/proxy_box.dart:2783:24)
#5      InkFeature._getPaintTransform (package:flutter/src/material/material.dart:757:21)
#6      InkFeature._paint (package:flutter/src/material/material.dart:771:32)
#7      _RenderInkFeatures.paint (package:flutter/src/material/material.dart:629:20)
#8      RenderObject._paintWithContext (package:flutter/src/rendering/object.dart:3429:7)
#9      PaintingContext.paintChild (package:flutter/src/rendering/object.dart:265:13)
#10     RenderProxyBoxMixin.paint (package:flutter/src/rendering/proxy_box.dart:143:13)
#11     RenderPhysicalModel.paint.<anonymous closure> (package:flutter/src/rendering/proxy_box.dart:2252:15)
#12     PaintingContext.pushClipRRect (package:flutter/src/rendering/object.dart:626:14)
#13     RenderPhysicalModel.paint (package:flutter/src/rendering/proxy_box.dart:2239:21)
#14     RenderObject._paintWithContext (package:flutter/src/rendering/object.dart:3429:7)
#15     PaintingContext.paintChild (package:flutter/src/rendering/object.dart:265:13)
#16     RenderProxyBoxMixin.paint (package:flutter/src/rendering/proxy_box.dart:143:13)
#17     RenderObject._paintWithContext (package:flutter/src/rendering/object.dart:3429:7)
#18     PaintingContext.paintChild (package:flutter/src/rendering/object.dart:265:13)
#19     RenderProxyBoxMixin.paint (package:flutter/src/rendering/proxy_box.dart:143:13)
#20     RenderObject._paintWithContext (package:flutter/src/rendering/object.dart:3429:7)
#21     PaintingContext._repaintCompositedChild (package:flutter/src/rendering/object.dart:180:11)
#22     PaintingContext.repaintCompositedChild (package:flutter/src/rendering/object.dart:125:5)
#23     PaintingContext._compositeChild (package:flutter/src/rendering/object.dart:276:7)
#24     PaintingContext.paintChild (package:flutter/src/rendering/object.dart:257:7)
#25     RenderProxyBoxMixin.paint (package:flutter/src/rendering/proxy_box.dart:143:13)
#26     RenderObject._paintWithContext (package:flutter/src/rendering/object.dart:3429:7)
#27     PaintingContext.paintChild (package:flutter/src/rendering/object.dart:265:13)
#28     RenderProxyBoxMixin.paint (package:flutter/src/rendering/proxy_box.dart:143:13)
#29     RenderFractionalTranslation.paint (package:flutter/src/rendering/proxy_box.dart:3138:13)
#30     RenderObject._paintWithContext (package:flutter/src/rendering/object.dart:3429:7)
#31     PaintingContext.paintChild (package:flutter/src/rendering/object.dart:265:13)
#32     RenderProxyBoxMixin.paint (package:flutter/src/rendering/proxy_box.dart:143:13)
#33     RenderAnimatedOpacityMixin.paint (package:flutter/src/rendering/proxy_box.dart:1079:11)
#34     RenderObject._paintWithContext (package:flutter/src/rendering/object.dart:3429:7)
#35     PaintingContext._repaintCompositedChild (package:flutter/src/rendering/object.dart:180:11)
#36     PaintingContext.repaintCompositedChild (package:flutter/src/rendering/object.dart:125:5)
#37     PaintingContext._compositeChild (package:flutter/src/rendering/object.dart:276:7)
#38     PaintingContext.paintChild (package:flutter/src/rendering/object.dart:257:7)
#39     RenderProxyBoxMixin.paint (package:flutter/src/rendering/proxy_box.dart:143:13)
#40     RenderFractionalTranslation.paint (package:flutter/src/rendering/proxy_box.dart:3138:13)
#41     RenderObject._paintWithContext (package:flutter/src/rendering/object.dart:3429:7)
#42     PaintingContext.paintChild (package:flutter/src/rendering/object.dart:265:13)
#43     RenderProxyBoxMixin.paint (package:flutter/src/rendering/proxy_box.dart:143:13)
#44     RenderAnimatedOpacityMixin.paint (package:flutter/src/rendering/proxy_box.dart:1079:11)
#45     RenderObject._paintWithContext (package:flutter/src/rendering/object.dart:3429:7)
#46     PaintingContext._repaintCompositedChild (package:flutter/src/rendering/object.dart:180:11)
#47     PaintingContext.repaintCompositedChild (package:flutter/src/rendering/object.dart:125:5)
#48     PaintingContext._compositeChild (package:flutter/src/rendering/object.dart:276:7)
#49     PaintingContext.paintChild (package:flutter/src/rendering/object.dart:257:7)
#50     _RenderColoredBox.paint (package:flutter/src/widgets/basic.dart:8567:15)
#51     RenderObject._paintWithContext (package:flutter/src/rendering/object.dart:3429:7)
#52     PaintingContext.paintChild (package:flutter/src/rendering/object.dart:265:13)
#53     RenderProxyBoxMixin.paint (package:flutter/src/rendering/proxy_box.dart:143:13)
#54     RenderFractionalTranslation.paint (package:flutter/src/rendering/proxy_box.dart:3138:13)
#55     RenderObject._paintWithContext (package:flutter/src/rendering/object.dart:3429:7)
#56     PaintingContext.paintChild (package:flutter/src/rendering/object.dart:265:13)
#57     RenderProxyBoxMixin.paint (package:flutter/src/rendering/proxy_box.dart:143:13)
#58     RenderAnimatedOpacityMixin.paint (package:flutter/src/rendering/proxy_box.dart:1079:11)
#59     RenderObject._paintWithContext (package:flutter/src/rendering/object.dart:3429:7)
#60     PaintingContext._repaintCompositedChild (package:flutter/src/rendering/object.dart:180:11)
#61     PaintingContext.repaintCompositedChild (package:flutter/src/rendering/object.dart:125:5)
#62     PaintingContext._compositeChild (package:flutter/src/rendering/object.dart:276:7)
#63     PaintingContext.paintChild (package:flutter/src/rendering/object.dart:257:7)
#64     RenderProxyBoxMixin.paint (package:flutter/src/rendering/proxy_box.dart:143:13)
#65     RenderObject._paintWithContext (package:flutter/src/rendering/object.dart:3429:7)
#66     PaintingContext.paintChild (package:flutter/src/rendering/object.dart:265:13)
#67     RenderProxyBoxMixin.paint (package:flutter/src/rendering/proxy_box.dart:143:13)
#68     RenderFractionalTranslation.paint (package:flutter/src/rendering/proxy_box.dart:3138:13)
#69     RenderObject._paintWithContext (package:flutter/src/rendering/object.dart:3429:7)
#70     PaintingContext.paintChild (package:flutter/src/rendering/object.dart:265:13)
#71     RenderProxyBoxMixin.paint (package:flutter/src/rendering/proxy_box.dart:143:13)
#72     RenderAnimatedOpacityMixin.paint (package:flutter/src/rendering/proxy_box.dart:1079:11)
#73     RenderObject._paintWithContext (package:flutter/src/rendering/object.dart:3429:7)
#74     PaintingContext._repaintCompositedChild (package:flutter/src/rendering/object.dart:180:11)
#75     PaintingContext.repaintCompositedChild (package:flutter/src/rendering/object.dart:125:5)
#76     PaintingContext._compositeChild (package:flutter/src/rendering/object.dart:276:7)
#77     PaintingContext.paintChild (package:flutter/src/rendering/object.dart:257:7)
#78     RenderProxyBoxMixin.paint (package:flutter/src/rendering/proxy_box.dart:143:13)
#79     RenderObject._paintWithContext (package:flutter/src/rendering/object.dart:3429:7)
#80     PaintingContext._repaintCompositedChild (package:flutter/src/rendering/object.dart:180:11)
#81     PaintingContext.repaintCompositedChild (package:flutter/src/rendering/object.dart:125:5)
#82     PaintingContext._compositeChild (package:flutter/src/rendering/object.dart:276:7)
#83     PaintingContext.paintChild (package:flutter/src/rendering/object.dart:257:7)
#84     RenderProxyBoxMixin.paint (package:flutter/src/rendering/proxy_box.dart:143:13)
#85     RenderObject._paintWithContext (package:flutter/src/rendering/object.dart:3429:7)
#86     PaintingContext.paintChild (package:flutter/src/rendering/object.dart:265:13)
#87     RenderProxyBoxMixin.paint (package:flutter/src/rendering/proxy_box.dart:143:13)
#88     RenderOffstage.paint (package:flutter/src/rendering/proxy_box.dart:3943:11)
#89     RenderObject._paintWithContext (package:flutter/src/rendering/object.dart:3429:7)
#90     PaintingContext.paintChild (package:flutter/src/rendering/object.dart:265:13)
#91     RenderProxyBoxMixin.paint (package:flutter/src/rendering/proxy_box.dart:143:13)
#92     RenderObject._paintWithContext (package:flutter/src/rendering/object.dart:3429:7)
#93     PaintingContext.paintChild (package:flutter/src/rendering/object.dart:265:13)
#94     _RenderTheaterMixin.paint (package:flutter/src/widgets/overlay.dart:1119:15)
#95     _RenderTheater.paint (package:flutter/src/widgets/overlay.dart:1476:13)
#96     RenderObject._paintWithContext (package:flutter/src/rendering/object.dart:3429:7)
#97     PaintingContext.paintChild (package:flutter/src/rendering/object.dart:265:13)
#98     RenderProxyBoxMixin.paint (package:flutter/src/rendering/proxy_box.dart:143:13)
#99     RenderObject._paintWithContext (package:flutter/src/rendering/object.dart:3429:7)
#100    PaintingContext.paintChild (package:flutter/src/rendering/object.dart:265:13)
#101    RenderProxyBoxMixin.paint (package:flutter/src/rendering/proxy_box.dart:143:13)
#102    RenderObject._paintWithContext (package:flutter/src/rendering/object.dart:3429:7)
#103    PaintingContext.paintChild (package:flutter/src/rendering/object.dart:265:13)
#104    RenderProxyBoxMixin.paint (package:flutter/src/rendering/proxy_box.dart:143:13)
#105    RenderObject._paintWithContext (package:flutter/src/rendering/object.dart:3429:7)
#106    PaintingContext.paintChild (package:flutter/src/rendering/object.dart:265:13)
#107    RenderProxyBoxMixin.paint (package:flutter/src/rendering/proxy_box.dart:143:13)
#108    RenderCustomPaint.paint (package:flutter/src/rendering/custom_paint.dart:644:11)
#109    RenderObject._paintWithContext (package:flutter/src/rendering/object.dart:3429:7)
#110    PaintingContext.paintChild (package:flutter/src/rendering/object.dart:265:13)
#111    RenderProxyBoxMixin.paint (package:flutter/src/rendering/proxy_box.dart:143:13)
#112    RenderObject._paintWithContext (package:flutter/src/rendering/object.dart:3429:7)
#113    PaintingContext.paintChild (package:flutter/src/rendering/object.dart:265:13)
#114    RenderProxyBoxMixin.paint (package:flutter/src/rendering/proxy_box.dart:143:13)
#115    RenderObject._paintWithContext (package:flutter/src/rendering/object.dart:3429:7)
#116    PaintingContext.paintChild (package:flutter/src/rendering/object.dart:265:13)
#117    RenderProxyBoxMixin.paint (package:flutter/src/rendering/proxy_box.dart:143:13)
#118    RenderObject._paintWithContext (package:flutter/src/rendering/object.dart:3429:7)
#119    PaintingContext.paintChild (package:flutter/src/rendering/object.dart:265:13)
#120    RenderProxyBoxMixin.paint (package:flutter/src/rendering/proxy_box.dart:143:13)
#121    RenderObject._paintWithContext (package:flutter/src/rendering/object.dart:3429:7)
#122    PaintingContext.paintChild (package:flutter/src/rendering/object.dart:265:13)
#123    RenderProxyBoxMixin.paint (package:flutter/src/rendering/proxy_box.dart:143:13)
#124    RenderObject._paintWithContext (package:flutter/src/rendering/object.dart:3429:7)
#125    PaintingContext.paintChild (package:flutter/src/rendering/object.dart:265:13)
#126    RenderProxyBoxMixin.paint (package:flutter/src/rendering/proxy_box.dart:143:13)
#127    RenderObject._paintWithContext (package:flutter/src/rendering/object.dart:3429:7)
#128    PaintingContext.paintChild (package:flutter/src/rendering/object.dart:265:13)
#129    RenderView.paint (package:flutter/src/rendering/view.dart:320:15)
#130    RenderObject._paintWithContext (package:flutter/src/rendering/object.dart:3429:7)
#131    PaintingContext._repaintCompositedChild (package:flutter/src/rendering/object.dart:180:11)
#132    PaintingContext.repaintCompositedChild (package:flutter/src/rendering/object.dart:125:5)
#133    PipelineOwner.flushPaint (package:flutter/src/rendering/object.dart:1325:31)
#134    PipelineOwner.flushPaint (package:flutter/src/rendering/object.dart:1335:15)
#135    AutomatedTestWidgetsFlutterBinding.drawFrame (package:flutter_test/src/binding.dart:2137:31)
#136    RendererBinding._handlePersistentFrameCallback (package:flutter/src/rendering/binding.dart:495:5)
#137    SchedulerBinding._invokeFrameCallback (package:flutter/src/scheduler/binding.dart:1430:15)
#138    SchedulerBinding.handleDrawFrame (package:flutter/src/scheduler/binding.dart:1345:9)
#139    AutomatedTestWidgetsFlutterBinding.pump.<anonymous closure> (package:flutter_test/src/binding.dart:1960:9)
#142    TestAsyncUtils.guard (package:flutter_test/src/test_async_utils.dart:74:41)
#143    AutomatedTestWidgetsFlutterBinding.pump (package:flutter_test/src/binding.dart:1949:27)
#144    WidgetTester.pumpWidget.<anonymous closure> (package:flutter_test/src/widget_tester.dart:598:22)
#147    TestAsyncUtils.guard (package:flutter_test/src/test_async_utils.dart:74:41)
#148    WidgetTester.pumpWidget (package:flutter_test/src/widget_tester.dart:595:27)
#149    main.<anonymous closure>.<anonymous closure> (file:///C:/Users/bhara/StudioProjects/simple_billing_app/test/widget/billing_screen_test.dart:17:20)
#150    testWidgets.<anonymous closure>.<anonymous closure> (package:flutter_test/src/widget_tester.dart:192:29)
<asynchronous suspension>
#151    TestWidgetsFlutterBinding._runTestBody (package:flutter_test/src/binding.dart:1682:5)
<asynchronous suspension>
<asynchronous suspension>
(elided 7 frames from class _AssertionError, dart:async, and package:stack_trace)

The following RenderObject was being processed when the exception was fired: _RenderInkFeatures#e64e0:
  needs compositing
  creator: _InkFeatures-[GlobalKey#8d13f ink renderer] ΓåÉ
    NotificationListener<LayoutChangedNotification> ΓåÉ PhysicalModel ΓåÉ AnimatedPhysicalModel ΓåÉ Material
    ΓåÉ _ScrollNotificationObserverScope ΓåÉ NotificationListener<ScrollNotification> ΓåÉ
    NotificationListener<ScrollMetricsNotification> ΓåÉ ScrollNotificationObserver ΓåÉ _ScaffoldScope ΓåÉ
    Scaffold ΓåÉ AppScaffold ΓåÉ Γï»
  parentData: <none> (can use size)
  constraints: BoxConstraints(w=1200.0, h=800.0)
  size: Size(1200.0, 800.0)
This RenderObject had the following descendants (showing up to depth 5):
    child: RenderCustomMultiChildLayoutBox#74c6b NEEDS-PAINT
      child 1: _RenderLayoutBuilder#08863 relayoutBoundary=up1 NEEDS-PAINT
        child: RenderPadding#89f98 relayoutBoundary=up2 NEEDS-PAINT
          child: RenderClipRect#36c42 relayoutBoundary=up3 NEEDS-PAINT
            child: RenderTransform#e6c72 relayoutBoundary=up4 NEEDS-PAINT
      child 2: RenderConstrainedBox#ce8b9 relayoutBoundary=up1 NEEDS-PAINT
        child: RenderSemanticsAnnotations#4acc7 relayoutBoundary=up2 NEEDS-PAINT
          child: RenderAnnotatedRegion<SystemUiOverlayStyle>#7349e relayoutBoundary=up3 NEEDS-PAINT
            child: RenderPhysicalModel#0203a relayoutBoundary=up4 NEEDS-PAINT
      child 3: RenderDecoratedBox#91b24 relayoutBoundary=up1 NEEDS-PAINT
        child: RenderPadding#cd19c relayoutBoundary=up2 NEEDS-PAINT
          child: RenderPadding#8e07a relayoutBoundary=up3 NEEDS-PAINT
            child: RenderPadding#7a0bc relayoutBoundary=up4 NEEDS-PAINT
      child 4: RenderStack#8d629 NEEDS-LAYOUT NEEDS-PAINT
        child 1: RenderTransform#9c471 NEEDS-LAYOUT NEEDS-PAINT
          child: RenderTransform#b76d3 NEEDS-LAYOUT NEEDS-PAINT
ΓòÉΓòÉΓòÉΓòÉΓòÉΓòÉΓòÉΓòÉΓòÉΓòÉΓòÉΓòÉΓòÉΓòÉΓòÉΓòÉΓòÉΓòÉΓòÉΓòÉΓòÉΓòÉΓòÉΓòÉΓòÉΓòÉΓòÉΓòÉΓòÉΓòÉΓòÉΓòÉΓòÉΓòÉΓòÉΓòÉΓòÉΓòÉΓòÉΓòÉΓòÉΓòÉΓòÉΓòÉΓòÉΓòÉΓòÉΓòÉΓòÉΓòÉΓòÉΓòÉΓòÉΓòÉΓòÉΓòÉΓòÉΓòÉΓòÉΓòÉΓòÉΓòÉΓòÉΓòÉΓòÉΓòÉΓòÉΓòÉΓòÉΓòÉΓòÉΓòÉΓòÉΓòÉΓòÉΓòÉΓòÉΓòÉΓòÉΓòÉΓòÉΓòÉΓòÉΓòÉΓòÉΓòÉΓòÉΓòÉΓòÉΓòÉΓòÉΓòÉΓòÉΓòÉΓòÉΓòÉΓòÉΓòÉΓòÉΓòÉ
ΓòÉΓòÉΓòí EXCEPTION CAUGHT BY SCHEDULER LIBRARY Γò₧ΓòÉΓòÉΓòÉΓòÉΓòÉΓòÉΓòÉΓòÉΓòÉΓòÉΓòÉΓòÉΓòÉΓòÉΓòÉΓòÉΓòÉΓòÉΓòÉΓòÉΓòÉΓòÉΓòÉΓòÉΓòÉΓòÉΓòÉΓòÉΓòÉΓòÉΓòÉΓòÉΓòÉΓòÉΓòÉΓòÉΓòÉΓòÉΓòÉΓòÉΓòÉΓòÉΓòÉΓòÉΓòÉΓòÉΓòÉΓòÉΓòÉΓòÉΓòÉΓòÉΓòÉΓòÉΓòÉΓòÉΓòÉ
The following assertion was thrown during a scheduler callback:
'package:flutter/src/rendering/object.dart': Failed assertion: line 5737 pos 14:
'!childSemantics.renderObject._needsLayout': is not true.

Either the assertion indicates an error in the framework itself, or we should provide substantially
more information in this error message to help you determine and fix the underlying cause.
In either case, please report this assertion by filing a bug on GitHub:
  https://github.com/flutter/flutter/issues/new?template=02_bug.yml

When the exception was thrown, this was the stack:
#2      _RenderObjectSemantics._collectChildMergeUpAndSiblingGroup (package:flutter/src/rendering/object.dart:5737:14)
#3      _RenderObjectSemantics.updateChildren (package:flutter/src/rendering/object.dart:5608:50)
#4      _RenderObjectSemantics._didUpdateParentData (package:flutter/src/rendering/object.dart:5815:5)
#5      _RenderObjectSemantics._collectChildMergeUpAndSiblingGroup (package:flutter/src/rendering/object.dart:5738:22)
#6      _RenderObjectSemantics.updateChildren (package:flutter/src/rendering/object.dart:5608:50)
#7      _RenderObjectSemantics._didUpdateParentData (package:flutter/src/rendering/object.dart:5815:5)
#8      _RenderObjectSemantics._collectChildMergeUpAndSiblingGroup (package:flutter/src/rendering/object.dart:5738:22)
#9      _RenderObjectSemantics.updateChildren (package:flutter/src/rendering/object.dart:5608:50)
#10     _RenderObjectSemantics._didUpdateParentData (package:flutter/src/rendering/object.dart:5815:5)
#11     _RenderObjectSemantics._collectChildMergeUpAndSiblingGroup (package:flutter/src/rendering/object.dart:5738:22)
#12     _RenderObjectSemantics.updateChildren (package:flutter/src/rendering/object.dart:5608:50)
#13     _RenderObjectSemantics._didUpdateParentData (package:flutter/src/rendering/object.dart:5815:5)
#14     _RenderObjectSemantics._collectChildMergeUpAndSiblingGroup (package:flutter/src/rendering/object.dart:5738:22)
#15     _RenderObjectSemantics.updateChildren (package:flutter/src/rendering/object.dart:5608:50)
#16     _RenderObjectSemantics._didUpdateParentData (package:flutter/src/rendering/object.dart:5815:5)
#17     _RenderObjectSemantics._collectChildMergeUpAndSiblingGroup (package:flutter/src/rendering/object.dart:5738:22)
#18     _RenderObjectSemantics.updateChildren (package:flutter/src/rendering/object.dart:5608:50)
#19     _RenderObjectSemantics._didUpdateParentData (package:flutter/src/rendering/object.dart:5815:5)
#20     _RenderObjectSemantics._collectChildMergeUpAndSiblingGroup (package:flutter/src/rendering/object.dart:5738:22)
#21     _RenderObjectSemantics.updateChildren (package:flutter/src/rendering/object.dart:5608:50)
#22     _RenderObjectSemantics._didUpdateParentData (package:flutter/src/rendering/object.dart:5815:5)
#23     _RenderObjectSemantics._collectChildMergeUpAndSiblingGroup (package:flutter/src/rendering/object.dart:5738:22)
#24     _RenderObjectSemantics.updateChildren (package:flutter/src/rendering/object.dart:5608:50)
#25     _RenderObjectSemantics._didUpdateParentData (package:flutter/src/rendering/object.dart:5815:5)
#26     _RenderObjectSemantics._collectChildMergeUpAndSiblingGroup (package:flutter/src/rendering/object.dart:5738:22)
#27     _RenderObjectSemantics.updateChildren (package:flutter/src/rendering/object.dart:5608:50)
#28     _RenderObjectSemantics._didUpdateParentData (package:flutter/src/rendering/object.dart:5815:5)
#29     _RenderObjectSemantics._collectChildMergeUpAndSiblingGroup (package:flutter/src/rendering/object.dart:5738:22)
#30     _RenderObjectSemantics.updateChildren (package:flutter/src/rendering/object.dart:5608:50)
#31     _RenderObjectSemantics._didUpdateParentData (package:flutter/src/rendering/object.dart:5815:5)
#32     _RenderObjectSemantics._collectChildMergeUpAndSiblingGroup (package:flutter/src/rendering/object.dart:5738:22)
#33     _RenderObjectSemantics.updateChildren (package:flutter/src/rendering/object.dart:5608:50)
#34     _RenderObjectSemantics._didUpdateParentData (package:flutter/src/rendering/object.dart:5815:5)
#35     _RenderObjectSemantics._collectChildMergeUpAndSiblingGroup (package:flutter/src/rendering/object.dart:5738:22)
#36     _RenderObjectSemantics.updateChildren (package:flutter/src/rendering/object.dart:5608:50)
#37     _RenderObjectSemantics._didUpdateParentData (package:flutter/src/rendering/object.dart:5815:5)
#38     _RenderObjectSemantics._collectChildMergeUpAndSiblingGroup (package:flutter/src/rendering/object.dart:5738:22)
#39     _RenderObjectSemantics.updateChildren (package:flutter/src/rendering/object.dart:5608:50)
#40     _RenderObjectSemantics._didUpdateParentData (package:flutter/src/rendering/object.dart:5815:5)
#41     _RenderObjectSemantics._collectChildMergeUpAndSiblingGroup (package:flutter/src/rendering/object.dart:5738:22)
#42     _RenderObjectSemantics.updateChildren (package:flutter/src/rendering/object.dart:5608:50)
#43     _RenderObjectSemantics._didUpdateParentData (package:flutter/src/rendering/object.dart:5815:5)
#44     _RenderObjectSemantics._collectChildMergeUpAndSiblingGroup (package:flutter/src/rendering/object.dart:5738:22)
#45     _RenderObjectSemantics.updateChildren (package:flutter/src/rendering/object.dart:5608:50)
#46     _RenderObjectSemantics._didUpdateParentData (package:flutter/src/rendering/object.dart:5815:5)
#47     _RenderObjectSemantics._collectChildMergeUpAndSiblingGroup (package:flutter/src/rendering/object.dart:5738:22)
#48     _RenderObjectSemantics.updateChildren (package:flutter/src/rendering/object.dart:5608:50)
#49     _RenderObjectSemantics._didUpdateParentData (package:flutter/src/rendering/object.dart:5815:5)
#50     _RenderObjectSemantics._collectChildMergeUpAndSiblingGroup (package:flutter/src/rendering/object.dart:5738:22)
#51     _RenderObjectSemantics.updateChildren (package:flutter/src/rendering/object.dart:5608:50)
#52     _RenderObjectSemantics._didUpdateParentData (package:flutter/src/rendering/object.dart:5815:5)
#53     _RenderObjectSemantics._collectChildMergeUpAndSiblingGroup (package:flutter/src/rendering/object.dart:5738:22)
#54     _RenderObjectSemantics.updateChildren (package:flutter/src/rendering/object.dart:5608:50)
#55     _RenderObjectSemantics._didUpdateParentData (package:flutter/src/rendering/object.dart:5815:5)
#56     _RenderObjectSemantics._collectChildMergeUpAndSiblingGroup (package:flutter/src/rendering/object.dart:5738:22)
#57     _RenderObjectSemantics.updateChildren (package:flutter/src/rendering/object.dart:5608:50)
#58     _RenderObjectSemantics._didUpdateParentData (package:flutter/src/rendering/object.dart:5815:5)
#59     _RenderObjectSemantics._collectChildMergeUpAndSiblingGroup (package:flutter/src/rendering/object.dart:5738:22)
#60     _RenderObjectSemantics.updateChildren (package:flutter/src/rendering/object.dart:5608:50)
#61     _RenderObjectSemantics._didUpdateParentData (package:flutter/src/rendering/object.dart:5815:5)
#62     _RenderObjectSemantics._collectChildMergeUpAndSiblingGroup (package:flutter/src/rendering/object.dart:5738:22)
#63     _RenderObjectSemantics.updateChildren (package:flutter/src/rendering/object.dart:5608:50)
#64     _RenderObjectSemantics._didUpdateParentData (package:flutter/src/rendering/object.dart:5815:5)
#65     _RenderObjectSemantics._collectChildMergeUpAndSiblingGroup (package:flutter/src/rendering/object.dart:5738:22)
#66     _RenderObjectSemantics.updateChildren (package:flutter/src/rendering/object.dart:5608:50)
#67     _RenderObjectSemantics._didUpdateParentData (package:flutter/src/rendering/object.dart:5815:5)
#68     _RenderObjectSemantics._collectChildMergeUpAndSiblingGroup (package:flutter/src/rendering/object.dart:5738:22)
#69     _RenderObjectSemantics.updateChildren (package:flutter/src/rendering/object.dart:5608:50)
#70     _RenderObjectSemantics._didUpdateParentData (package:flutter/src/rendering/object.dart:5815:5)
#71     _RenderObjectSemantics._collectChildMergeUpAndSiblingGroup (package:flutter/src/rendering/object.dart:5738:22)
#72     _RenderObjectSemantics.updateChildren (package:flutter/src/rendering/object.dart:5608:50)
#73     _RenderObjectSemantics._didUpdateParentData (package:flutter/src/rendering/object.dart:5815:5)
#74     _RenderObjectSemantics._collectChildMergeUpAndSiblingGroup (package:flutter/src/rendering/object.dart:5738:22)
#75     _RenderObjectSemantics.updateChildren (package:flutter/src/rendering/object.dart:5608:50)
#76     _RenderObjectSemantics._didUpdateParentData (package:flutter/src/rendering/object.dart:5815:5)
#77     _RenderObjectSemantics._collectChildMergeUpAndSiblingGroup (package:flutter/src/rendering/object.dart:5738:22)
#78     _RenderObjectSemantics.updateChildren (package:flutter/src/rendering/object.dart:5608:50)
#79     _RenderObjectSemantics._didUpdateParentData (package:flutter/src/rendering/object.dart:5815:5)
#80     _RenderObjectSemantics._collectChildMergeUpAndSiblingGroup (package:flutter/src/rendering/object.dart:5738:22)
#81     _RenderObjectSemantics.updateChildren (package:flutter/src/rendering/object.dart:5608:50)
#82     _RenderObjectSemantics._didUpdateParentData (package:flutter/src/rendering/object.dart:5815:5)
#83     _RenderObjectSemantics._collectChildMergeUpAndSiblingGroup (package:flutter/src/rendering/object.dart:5738:22)
#84     _RenderObjectSemantics.updateChildren (package:flutter/src/rendering/object.dart:5608:50)
#85     _RenderObjectSemantics._didUpdateParentData (package:flutter/src/rendering/object.dart:5815:5)
#86     _RenderObjectSemantics._collectChildMergeUpAndSiblingGroup (package:flutter/src/rendering/object.dart:5738:22)
#87     _RenderObjectSemantics.updateChildren (package:flutter/src/rendering/object.dart:5608:50)
#88     _RenderObjectSemantics._didUpdateParentData (package:flutter/src/rendering/object.dart:5815:5)
#89     _RenderObjectSemantics._collectChildMergeUpAndSiblingGroup (package:flutter/src/rendering/object.dart:5738:22)
#90     _RenderObjectSemantics.updateChildren (package:flutter/src/rendering/object.dart:5608:50)
#91     _RenderObjectSemantics._didUpdateParentData (package:flutter/src/rendering/object.dart:5815:5)
#92     _RenderObjectSemantics._collectChildMergeUpAndSiblingGroup (package:flutter/src/rendering/object.dart:5738:22)
#93     _RenderObjectSemantics.updateChildren (package:flutter/src/rendering/object.dart:5608:50)
#94     _RenderObjectSemantics._didUpdateParentData (package:flutter/src/rendering/object.dart:5815:5)
#95     _RenderObjectSemantics._collectChildMergeUpAndSiblingGroup (package:flutter/src/rendering/object.dart:5738:22)
#96     _RenderObjectSemantics.updateChildren (package:flutter/src/rendering/object.dart:5608:50)
#97     _RenderObjectSemantics._didUpdateParentData (package:flutter/src/rendering/object.dart:5815:5)
#98     _RenderObjectSemantics._collectChildMergeUpAndSiblingGroup (package:flutter/src/rendering/object.dart:5738:22)
#99     _RenderObjectSemantics.updateChildren (package:flutter/src/rendering/object.dart:5608:50)
#100    _RenderObjectSemantics._didUpdateParentData (package:flutter/src/rendering/object.dart:5815:5)
#101    _RenderObjectSemantics._collectChildMergeUpAndSiblingGroup (package:flutter/src/rendering/object.dart:5738:22)
#102    _RenderObjectSemantics.updateChildren (package:flutter/src/rendering/object.dart:5608:50)
#103    _RenderObjectSemantics._didUpdateParentData (package:flutter/src/rendering/object.dart:5815:5)
#104    _RenderObjectSemantics._collectChildMergeUpAndSiblingGroup (package:flutter/src/rendering/object.dart:5738:22)
#105    _RenderObjectSemantics.updateChildren (package:flutter/src/rendering/object.dart:5608:50)
#106    _RenderObjectSemantics._didUpdateParentData (package:flutter/src/rendering/object.dart:5815:5)
#107    _RenderObjectSemantics._collectChildMergeUpAndSiblingGroup (package:flutter/src/rendering/object.dart:5738:22)
#108    _RenderObjectSemantics.updateChildren (package:flutter/src/rendering/object.dart:5608:50)
#109    _RenderObjectSemantics._didUpdateParentData (package:flutter/src/rendering/object.dart:5815:5)
#110    _RenderObjectSemantics._collectChildMergeUpAndSiblingGroup (package:flutter/src/rendering/object.dart:5738:22)
#111    _RenderObjectSemantics.updateChildren (package:flutter/src/rendering/object.dart:5608:50)
#112    _RenderObjectSemantics._didUpdateParentData (package:flutter/src/rendering/object.dart:5815:5)
#113    _RenderObjectSemantics._collectChildMergeUpAndSiblingGroup (package:flutter/src/rendering/object.dart:5738:22)
#114    _RenderObjectSemantics.updateChildren (package:flutter/src/rendering/object.dart:5608:50)
#115    _RenderObjectSemantics._didUpdateParentData (package:flutter/src/rendering/object.dart:5815:5)
#116    _RenderObjectSemantics._collectChildMergeUpAndSiblingGroup (package:flutter/src/rendering/object.dart:5738:22)
#117    _RenderObjectSemantics.updateChildren (package:flutter/src/rendering/object.dart:5608:50)
#118    _RenderObjectSemantics._didUpdateParentData (package:flutter/src/rendering/object.dart:5815:5)
#119    _RenderObjectSemantics._collectChildMergeUpAndSiblingGroup (package:flutter/src/rendering/object.dart:5738:22)
#120    _RenderObjectSemantics.updateChildren (package:flutter/src/rendering/object.dart:5608:50)
#121    _RenderObjectSemantics._didUpdateParentData (package:flutter/src/rendering/object.dart:5815:5)
#122    _RenderObjectSemantics._collectChildMergeUpAndSiblingGroup (package:flutter/src/rendering/object.dart:5738:22)
#123    _RenderObjectSemantics.updateChildren (package:flutter/src/rendering/object.dart:5608:50)
#124    _RenderObjectSemantics._didUpdateParentData (package:flutter/src/rendering/object.dart:5815:5)
#125    _RenderObjectSemantics._collectChildMergeUpAndSiblingGroup (package:flutter/src/rendering/object.dart:5738:22)
#126    _RenderObjectSemantics.updateChildren (package:flutter/src/rendering/object.dart:5608:50)
#127    _RenderObjectSemantics._didUpdateParentData (package:flutter/src/rendering/object.dart:5815:5)
#128    _RenderObjectSemantics._collectChildMergeUpAndSiblingGroup (package:flutter/src/rendering/object.dart:5738:22)
#129    _RenderObjectSemantics.updateChildren (package:flutter/src/rendering/object.dart:5608:50)
#130    _RenderObjectSemantics._didUpdateParentData (package:flutter/src/rendering/object.dart:5815:5)
#131    _RenderObjectSemantics._collectChildMergeUpAndSiblingGroup (package:flutter/src/rendering/object.dart:5738:22)
#132    _RenderObjectSemantics.updateChildren (package:flutter/src/rendering/object.dart:5608:50)
#133    _RenderObjectSemantics._didUpdateParentData (package:flutter/src/rendering/object.dart:5815:5)
#134    _RenderObjectSemantics._collectChildMergeUpAndSiblingGroup (package:flutter/src/rendering/object.dart:5738:22)
#135    _RenderObjectSemantics.updateChildren (package:flutter/src/rendering/object.dart:5608:50)
#136    _RenderObjectSemantics._didUpdateParentData (package:flutter/src/rendering/object.dart:5815:5)
#137    _RenderObjectSemantics._collectChildMergeUpAndSiblingGroup (package:flutter/src/rendering/object.dart:5738:22)
#138    _RenderObjectSemantics.updateChildren (package:flutter/src/rendering/object.dart:5608:50)
#139    _RenderObjectSemantics._didUpdateParentData (package:flutter/src/rendering/object.dart:5815:5)
#140    _RenderObjectSemantics._collectChildMergeUpAndSiblingGroup (package:flutter/src/rendering/object.dart:5738:22)
#141    _RenderObjectSemantics.updateChildren (package:flutter/src/rendering/object.dart:5608:50)
#142    _RenderObjectSemantics._didUpdateParentData (package:flutter/src/rendering/object.dart:5815:5)
#143    _RenderObjectSemantics._collectChildMergeUpAndSiblingGroup (package:flutter/src/rendering/object.dart:5738:22)
#144    _RenderObjectSemantics.updateChildren (package:flutter/src/rendering/object.dart:5608:50)
#145    _RenderObjectSemantics._didUpdateParentData (package:flutter/src/rendering/object.dart:5815:5)
#146    _RenderObjectSemantics._collectChildMergeUpAndSiblingGroup (package:flutter/src/rendering/object.dart:5738:22)
#147    _RenderObjectSemantics.updateChildren (package:flutter/src/rendering/object.dart:5608:50)
#148    _RenderObjectSemantics._didUpdateParentData (package:flutter/src/rendering/object.dart:5815:5)
#149    _RenderObjectSemantics._collectChildMergeUpAndSiblingGroup (package:flutter/src/rendering/object.dart:5738:22)
#150    _RenderObjectSemantics.updateChildren (package:flutter/src/rendering/object.dart:5608:50)
#151    _RenderObjectSemantics._didUpdateParentData (package:flutter/src/rendering/object.dart:5815:5)
#152    _RenderObjectSemantics._collectChildMergeUpAndSiblingGroup (package:flutter/src/rendering/object.dart:5738:22)
#153    _RenderObjectSemantics.updateChildren (package:flutter/src/rendering/object.dart:5608:50)
#154    _RenderObjectSemantics._didUpdateParentData (package:flutter/src/rendering/object.dart:5815:5)
#155    _RenderObjectSemantics._collectChildMergeUpAndSiblingGroup (package:flutter/src/rendering/object.dart:5738:22)
#156    _RenderObjectSemantics.updateChildren (package:flutter/src/rendering/object.dart:5608:50)
#157    _RenderObjectSemantics._didUpdateParentData (package:flutter/src/rendering/object.dart:5815:5)
#158    _RenderObjectSemantics._collectChildMergeUpAndSiblingGroup (package:flutter/src/rendering/object.dart:5738:22)
#159    _RenderObjectSemantics.updateChildren (package:flutter/src/rendering/object.dart:5608:50)
#160    _RenderObjectSemantics._didUpdateParentData (package:flutter/src/rendering/object.dart:5815:5)
#161    _RenderObjectSemantics._collectChildMergeUpAndSiblingGroup (package:flutter/src/rendering/object.dart:5738:22)
#162    _RenderObjectSemantics.updateChildren (package:flutter/src/rendering/object.dart:5608:50)
#163    _RenderObjectSemantics._didUpdateParentData (package:flutter/src/rendering/object.dart:5815:5)
#164    _RenderObjectSemantics._collectChildMergeUpAndSiblingGroup (package:flutter/src/rendering/object.dart:5738:22)
#165    _RenderObjectSemantics.updateChildren (package:flutter/src/rendering/object.dart:5608:50)
#166    _RenderObjectSemantics._didUpdateParentData (package:flutter/src/rendering/object.dart:5815:5)
#167    _RenderObjectSemantics._collectChildMergeUpAndSiblingGroup (package:flutter/src/rendering/object.dart:5738:22)
#168    _RenderObjectSemantics.updateChildren (package:flutter/src/rendering/object.dart:5608:50)
#169    _RenderObjectSemantics._didUpdateParentData (package:flutter/src/rendering/object.dart:5815:5)
#170    _RenderObjectSemantics._collectChildMergeUpAndSiblingGroup (package:flutter/src/rendering/object.dart:5738:22)
#171    _RenderObjectSemantics.updateChildren (package:flutter/src/rendering/object.dart:5608:50)
#172    PipelineOwner.flushSemantics (package:flutter/src/rendering/object.dart:1473:25)
#173    PipelineOwner.flushSemantics (package:flutter/src/rendering/object.dart:1518:15)
#174    AutomatedTestWidgetsFlutterBinding.drawFrame (package:flutter_test/src/binding.dart:2144:35)
#175    RendererBinding._handlePersistentFrameCallback (package:flutter/src/rendering/binding.dart:495:5)
#176    SchedulerBinding._invokeFrameCallback (package:flutter/src/scheduler/binding.dart:1430:15)
#177    SchedulerBinding.handleDrawFrame (package:flutter/src/scheduler/binding.dart:1345:9)
#178    AutomatedTestWidgetsFlutterBinding.pump.<anonymous closure> (package:flutter_test/src/binding.dart:1960:9)
#181    TestAsyncUtils.guard (package:flutter_test/src/test_async_utils.dart:74:41)
#182    AutomatedTestWidgetsFlutterBinding.pump (package:flutter_test/src/binding.dart:1949:27)
#183    WidgetTester.pumpWidget.<anonymous closure> (package:flutter_test/src/widget_tester.dart:598:22)
#186    TestAsyncUtils.guard (package:flutter_test/src/test_async_utils.dart:74:41)
#187    WidgetTester.pumpWidget (package:flutter_test/src/widget_tester.dart:595:27)
#188    main.<anonymous closure>.<anonymous closure> (file:///C:/Users/bhara/StudioProjects/simple_billing_app/test/widget/billing_screen_test.dart:17:20)
#189    testWidgets.<anonymous closure>.<anonymous closure> (package:flutter_test/src/widget_tester.dart:192:29)
<asynchronous suspension>
#190    TestWidgetsFlutterBinding._runTestBody (package:flutter_test/src/binding.dart:1682:5)
<asynchronous suspension>
<asynchronous suspension>
(elided 7 frames from class _AssertionError, dart:async, and package:stack_trace)
ΓòÉΓòÉΓòÉΓòÉΓòÉΓòÉΓòÉΓòÉΓòÉΓòÉΓòÉΓòÉΓòÉΓòÉΓòÉΓòÉΓòÉΓòÉΓòÉΓòÉΓòÉΓòÉΓòÉΓòÉΓòÉΓòÉΓòÉΓòÉΓòÉΓòÉΓòÉΓòÉΓòÉΓòÉΓòÉΓòÉΓòÉΓòÉΓòÉΓòÉΓòÉΓòÉΓòÉΓòÉΓòÉΓòÉΓòÉΓòÉΓòÉΓòÉΓòÉΓòÉΓòÉΓòÉΓòÉΓòÉΓòÉΓòÉΓòÉΓòÉΓòÉΓòÉΓòÉΓòÉΓòÉΓòÉΓòÉΓòÉΓòÉΓòÉΓòÉΓòÉΓòÉΓòÉΓòÉΓòÉΓòÉΓòÉΓòÉΓòÉΓòÉΓòÉΓòÉΓòÉΓòÉΓòÉΓòÉΓòÉΓòÉΓòÉΓòÉΓòÉΓòÉΓòÉΓòÉΓòÉΓòÉΓòÉΓòÉΓòÉ
ΓòÉΓòÉΓòí EXCEPTION CAUGHT BY FLUTTER TEST FRAMEWORK Γò₧ΓòÉΓòÉΓòÉΓòÉΓòÉΓòÉΓòÉΓòÉΓòÉΓòÉΓòÉΓòÉΓòÉΓòÉΓòÉΓòÉΓòÉΓòÉΓòÉΓòÉΓòÉΓòÉΓòÉΓòÉΓòÉΓòÉΓòÉΓòÉΓòÉΓòÉΓòÉΓòÉΓòÉΓòÉΓòÉΓòÉΓòÉΓòÉΓòÉΓòÉΓòÉΓòÉΓòÉΓòÉΓòÉΓòÉΓòÉΓòÉΓòÉΓòÉΓòÉΓòÉ
The following message was thrown:
Multiple exceptions (28) were detected during the running of the current test, and at least one was
unexpected.
ΓòÉΓòÉΓòÉΓòÉΓòÉΓòÉΓòÉΓòÉΓòÉΓòÉΓòÉΓòÉΓòÉΓòÉΓòÉΓòÉΓòÉΓòÉΓòÉΓòÉΓòÉΓòÉΓòÉΓòÉΓòÉΓòÉΓòÉΓòÉΓòÉΓòÉΓòÉΓòÉΓòÉΓòÉΓòÉΓòÉΓòÉΓòÉΓòÉΓòÉΓòÉΓòÉΓòÉΓòÉΓòÉΓòÉΓòÉΓòÉΓòÉΓòÉΓòÉΓòÉΓòÉΓòÉΓòÉΓòÉΓòÉΓòÉΓòÉΓòÉΓòÉΓòÉΓòÉΓòÉΓòÉΓòÉΓòÉΓòÉΓòÉΓòÉΓòÉΓòÉΓòÉΓòÉΓòÉΓòÉΓòÉΓòÉΓòÉΓòÉΓòÉΓòÉΓòÉΓòÉΓòÉΓòÉΓòÉΓòÉΓòÉΓòÉΓòÉΓòÉΓòÉΓòÉΓòÉΓòÉΓòÉΓòÉΓòÉΓòÉ
00:00 +0 -1: BillingScreen Widget Tests Should render all major sections on web [E]
  Test failed. See exception logs above.
  The test description was: Should render all major sections on web
  
00:00 +0 -1: BillingScreen Widget Tests Tapping search field opens search dialog
ΓòÉΓòÉΓòí EXCEPTION CAUGHT BY RENDERING LIBRARY Γò₧ΓòÉΓòÉΓòÉΓòÉΓòÉΓòÉΓòÉΓòÉΓòÉΓòÉΓòÉΓòÉΓòÉΓòÉΓòÉΓòÉΓòÉΓòÉΓòÉΓòÉΓòÉΓòÉΓòÉΓòÉΓòÉΓòÉΓòÉΓòÉΓòÉΓòÉΓòÉΓòÉΓòÉΓòÉΓòÉΓòÉΓòÉΓòÉΓòÉΓòÉΓòÉΓòÉΓòÉΓòÉΓòÉΓòÉΓòÉΓòÉΓòÉΓòÉΓòÉΓòÉΓòÉΓòÉΓòÉΓòÉΓòÉ
The following assertion was thrown during performLayout():
An InputDecorator, which is typically created by a TextField, cannot have an unbounded width.
This happens when the parent widget does not provide a finite width constraint. For example, if the
InputDecorator is contained by a Row, then its width must be constrained. An Expanded widget or a
SizedBox can be used to constrain the width of the InputDecorator or the TextField that contains it.
'package:flutter/src/material/input_decorator.dart':
Failed assertion: line 962 pos 7: 'constraints.maxWidth < double.infinity'

Either the assertion indicates an error in the framework itself, or we should provide substantially
more information in this error message to help you determine and fix the underlying cause.
In either case, please report this assertion by filing a bug on GitHub:
  https://github.com/flutter/flutter/issues/new?template=02_bug.yml

The relevant error-causing widget was:
  TextField
  TextField:file:///C:/Users/bhara/StudioProjects/simple_billing_app/lib/views/screens/billing_screen.dart:310:22

When the exception was thrown, this was the stack:
#2      _RenderDecoration._layout (package:flutter/src/material/input_decorator.dart:962:7)
#3      _RenderDecoration.performLayout (package:flutter/src/material/input_decorator.dart:1388:44)
#4      RenderObject.layout (package:flutter/src/rendering/object.dart:2768:7)
#5      RenderProxyBoxMixin.performLayout (package:flutter/src/rendering/proxy_box.dart:118:18)
#6      RenderObject.layout (package:flutter/src/rendering/object.dart:2768:7)
#7      RenderProxyBoxMixin.performLayout (package:flutter/src/rendering/proxy_box.dart:118:18)
#8      RenderObject.layout (package:flutter/src/rendering/object.dart:2768:7)
#9      RenderProxyBoxMixin.performLayout (package:flutter/src/rendering/proxy_box.dart:118:18)
#10     RenderObject.layout (package:flutter/src/rendering/object.dart:2768:7)
#11     RenderProxyBoxMixin.performLayout (package:flutter/src/rendering/proxy_box.dart:118:18)
#12     RenderObject.layout (package:flutter/src/rendering/object.dart:2768:7)
#13     RenderTapRegion.layout (package:flutter/src/widgets/tap_region.dart:686:11)
#14     RenderProxyBoxMixin.performLayout (package:flutter/src/rendering/proxy_box.dart:118:18)
#15     RenderObject.layout (package:flutter/src/rendering/object.dart:2768:7)
#16     RenderProxyBoxMixin.performLayout (package:flutter/src/rendering/proxy_box.dart:118:18)
#17     RenderObject.layout (package:flutter/src/rendering/object.dart:2768:7)
#18     RenderProxyBoxMixin.performLayout (package:flutter/src/rendering/proxy_box.dart:118:18)
#19     RenderObject.layout (package:flutter/src/rendering/object.dart:2768:7)
#20     RenderProxyBoxMixin.performLayout (package:flutter/src/rendering/proxy_box.dart:118:18)
#21     RenderObject.layout (package:flutter/src/rendering/object.dart:2768:7)
#22     ChildLayoutHelper.layoutChild (package:flutter/src/rendering/layout_helper.dart:62:11)
#23     RenderFlex._computeSizes (package:flutter/src/rendering/flex.dart:1237:28)
#24     RenderFlex.performLayout (package:flutter/src/rendering/flex.dart:1329:32)
#25     RenderObject.layout (package:flutter/src/rendering/object.dart:2768:7)
#26     RenderPadding.performLayout (package:flutter/src/rendering/shifted_box.dart:262:12)
#27     RenderObject.layout (package:flutter/src/rendering/object.dart:2768:7)
#28     RenderProxyBoxMixin.performLayout (package:flutter/src/rendering/proxy_box.dart:118:18)
#29     RenderObject.layout (package:flutter/src/rendering/object.dart:2768:7)
#30     ChildLayoutHelper.layoutChild (package:flutter/src/rendering/layout_helper.dart:62:11)
#31     RenderFlex._computeSizes (package:flutter/src/rendering/flex.dart:1237:28)
#32     RenderFlex.performLayout (package:flutter/src/rendering/flex.dart:1329:32)
#33     RenderObject.layout (package:flutter/src/rendering/object.dart:2768:7)
#34     ChildLayoutHelper.layoutChild (package:flutter/src/rendering/layout_helper.dart:62:11)
#35     RenderFlex._computeSizes (package:flutter/src/rendering/flex.dart:1237:28)
#36     RenderFlex.performLayout (package:flutter/src/rendering/flex.dart:1329:32)
#37     RenderObject.layout (package:flutter/src/rendering/object.dart:2768:7)
#38     _RenderSingleChildViewport.performLayout (package:flutter/src/widgets/single_child_scroll_view.dart:502:14)
#39     RenderObject.layout (package:flutter/src/rendering/object.dart:2768:7)
#40     RenderProxyBoxMixin.performLayout (package:flutter/src/rendering/proxy_box.dart:118:18)
#41     RenderObject.layout (package:flutter/src/rendering/object.dart:2768:7)
#42     RenderProxyBoxMixin.performLayout (package:flutter/src/rendering/proxy_box.dart:118:18)
#43     RenderObject.layout (package:flutter/src/rendering/object.dart:2768:7)
#44     RenderProxyBoxMixin.performLayout (package:flutter/src/rendering/proxy_box.dart:118:18)
#45     RenderObject.layout (package:flutter/src/rendering/object.dart:2768:7)
#46     RenderProxyBoxMixin.performLayout (package:flutter/src/rendering/proxy_box.dart:118:18)
#47     RenderObject.layout (package:flutter/src/rendering/object.dart:2768:7)
#48     RenderProxyBoxMixin.performLayout (package:flutter/src/rendering/proxy_box.dart:118:18)
#49     RenderObject.layout (package:flutter/src/rendering/object.dart:2768:7)
#50     RenderProxyBoxMixin.performLayout (package:flutter/src/rendering/proxy_box.dart:118:18)
#51     RenderObject.layout (package:flutter/src/rendering/object.dart:2768:7)
#52     RenderProxyBoxMixin.performLayout (package:flutter/src/rendering/proxy_box.dart:118:18)
#53     RenderObject.layout (package:flutter/src/rendering/object.dart:2768:7)
#54     RenderProxyBoxMixin.performLayout (package:flutter/src/rendering/proxy_box.dart:118:18)
#55     _RenderCustomClip.performLayout (package:flutter/src/rendering/proxy_box.dart:1549:11)
#56     RenderObject.layout (package:flutter/src/rendering/object.dart:2768:7)
#57     RenderPadding.performLayout (package:flutter/src/rendering/shifted_box.dart:262:12)
#58     RenderObject.layout (package:flutter/src/rendering/object.dart:2768:7)
#59     _RenderLayoutBuilder.performLayout (package:flutter/src/widgets/layout_builder.dart:449:14)
#60     RenderObject.layout (package:flutter/src/rendering/object.dart:2768:7)
#61     MultiChildLayoutDelegate.layoutChild (package:flutter/src/rendering/custom_layout.dart:180:12)
#62     _ScaffoldLayout.performLayout (package:flutter/src/material/scaffold.dart:1113:7)
#63     MultiChildLayoutDelegate._callPerformLayout (package:flutter/src/rendering/custom_layout.dart:246:7)
#64     RenderCustomMultiChildLayoutBox.performLayout (package:flutter/src/rendering/custom_layout.dart:417:14)
#65     RenderObject.layout (package:flutter/src/rendering/object.dart:2768:7)
#66     RenderProxyBoxMixin.performLayout (package:flutter/src/rendering/proxy_box.dart:118:18)
#67     RenderObject.layout (package:flutter/src/rendering/object.dart:2768:7)
#68     RenderProxyBoxMixin.performLayout (package:flutter/src/rendering/proxy_box.dart:118:18)
#69     _RenderCustomClip.performLayout (package:flutter/src/rendering/proxy_box.dart:1549:11)
#70     RenderObject.layout (package:flutter/src/rendering/object.dart:2768:7)
#71     RenderProxyBoxMixin.performLayout (package:flutter/src/rendering/proxy_box.dart:118:18)
#72     RenderObject.layout (package:flutter/src/rendering/object.dart:2768:7)
#73     RenderProxyBoxMixin.performLayout (package:flutter/src/rendering/proxy_box.dart:118:18)
#74     RenderObject.layout (package:flutter/src/rendering/object.dart:2768:7)
#75     RenderProxyBoxMixin.performLayout (package:flutter/src/rendering/proxy_box.dart:118:18)
#76     RenderObject.layout (package:flutter/src/rendering/object.dart:2768:7)
#77     RenderProxyBoxMixin.performLayout (package:flutter/src/rendering/proxy_box.dart:118:18)
#78     RenderObject.layout (package:flutter/src/rendering/object.dart:2768:7)
#79     RenderProxyBoxMixin.performLayout (package:flutter/src/rendering/proxy_box.dart:118:18)
#80     RenderObject.layout (package:flutter/src/rendering/object.dart:2768:7)
#81     RenderProxyBoxMixin.performLayout (package:flutter/src/rendering/proxy_box.dart:118:18)
#82     RenderObject.layout (package:flutter/src/rendering/object.dart:2768:7)
#83     RenderProxyBoxMixin.performLayout (package:flutter/src/rendering/proxy_box.dart:118:18)
#84     RenderObject.layout (package:flutter/src/rendering/object.dart:2768:7)
#85     RenderProxyBoxMixin.performLayout (package:flutter/src/rendering/proxy_box.dart:118:18)
#86     RenderObject.layout (package:flutter/src/rendering/object.dart:2768:7)
#87     RenderProxyBoxMixin.performLayout (package:flutter/src/rendering/proxy_box.dart:118:18)
#88     RenderObject.layout (package:flutter/src/rendering/object.dart:2768:7)
#89     RenderProxyBoxMixin.performLayout (package:flutter/src/rendering/proxy_box.dart:118:18)
#90     RenderObject.layout (package:flutter/src/rendering/object.dart:2768:7)
#91     RenderProxyBoxMixin.performLayout (package:flutter/src/rendering/proxy_box.dart:118:18)
#92     RenderObject.layout (package:flutter/src/rendering/object.dart:2768:7)
#93     RenderProxyBoxMixin.performLayout (package:flutter/src/rendering/proxy_box.dart:118:18)
#94     RenderObject.layout (package:flutter/src/rendering/object.dart:2768:7)
#95     RenderProxyBoxMixin.performLayout (package:flutter/src/rendering/proxy_box.dart:118:18)
#96     RenderObject.layout (package:flutter/src/rendering/object.dart:2768:7)
#97     RenderProxyBoxMixin.performLayout (package:flutter/src/rendering/proxy_box.dart:118:18)
#98     RenderObject.layout (package:flutter/src/rendering/object.dart:2768:7)
#99     RenderProxyBoxMixin.performLayout (package:flutter/src/rendering/proxy_box.dart:118:18)
#100    RenderObject.layout (package:flutter/src/rendering/object.dart:2768:7)
#101    RenderProxyBoxMixin.performLayout (package:flutter/src/rendering/proxy_box.dart:118:18)
#102    RenderOffstage.performLayout (package:flutter/src/rendering/proxy_box.dart:3923:13)
#103    RenderObject.layout (package:flutter/src/rendering/object.dart:2768:7)
#104    RenderProxyBoxMixin.performLayout (package:flutter/src/rendering/proxy_box.dart:118:18)
#105    RenderObject.layout (package:flutter/src/rendering/object.dart:2768:7)
#106    _RenderTheaterMixin.layoutChild (package:flutter/src/widgets/overlay.dart:1084:13)
#107    _RenderTheater.performLayout (package:flutter/src/widgets/overlay.dart:1429:9)
#108    RenderObject.layout (package:flutter/src/rendering/object.dart:2768:7)
#109    RenderProxyBoxMixin.performLayout (package:flutter/src/rendering/proxy_box.dart:118:18)
#110    RenderObject.layout (package:flutter/src/rendering/object.dart:2768:7)
#111    RenderProxyBoxMixin.performLayout (package:flutter/src/rendering/proxy_box.dart:118:18)
#112    RenderObject.layout (package:flutter/src/rendering/object.dart:2768:7)
#113    RenderProxyBoxMixin.performLayout (package:flutter/src/rendering/proxy_box.dart:118:18)
#114    RenderObject.layout (package:flutter/src/rendering/object.dart:2768:7)
#115    RenderProxyBoxMixin.performLayout (package:flutter/src/rendering/proxy_box.dart:118:18)
#116    RenderCustomPaint.performLayout (package:flutter/src/rendering/custom_paint.dart:574:11)
#117    RenderObject.layout (package:flutter/src/rendering/object.dart:2768:7)
#118    RenderProxyBoxMixin.performLayout (package:flutter/src/rendering/proxy_box.dart:118:18)
#119    RenderObject.layout (package:flutter/src/rendering/object.dart:2768:7)
#120    RenderProxyBoxMixin.performLayout (package:flutter/src/rendering/proxy_box.dart:118:18)
#121    RenderObject.layout (package:flutter/src/rendering/object.dart:2768:7)
#122    RenderProxyBoxMixin.performLayout (package:flutter/src/rendering/proxy_box.dart:118:18)
#123    RenderObject.layout (package:flutter/src/rendering/object.dart:2768:7)
#124    RenderProxyBoxMixin.performLayout (package:flutter/src/rendering/proxy_box.dart:118:18)
#125    RenderObject.layout (package:flutter/src/rendering/object.dart:2768:7)
#126    RenderProxyBoxMixin.performLayout (package:flutter/src/rendering/proxy_box.dart:118:18)
#127    RenderObject.layout (package:flutter/src/rendering/object.dart:2768:7)
#128    RenderProxyBoxMixin.performLayout (package:flutter/src/rendering/proxy_box.dart:118:18)
#129    RenderObject.layout (package:flutter/src/rendering/object.dart:2768:7)
#130    RenderView.performLayout (package:flutter/src/rendering/view.dart:292:12)
#131    RenderObject._layoutWithoutResize (package:flutter/src/rendering/object.dart:2616:7)
#132    PipelineOwner.flushLayout (package:flutter/src/rendering/object.dart:1174:18)
#133    PipelineOwner.flushLayout (package:flutter/src/rendering/object.dart:1187:15)
#134    AutomatedTestWidgetsFlutterBinding.drawFrame (package:flutter_test/src/binding.dart:2133:27)
#135    RendererBinding._handlePersistentFrameCallback (package:flutter/src/rendering/binding.dart:495:5)
#136    SchedulerBinding._invokeFrameCallback (package:flutter/src/scheduler/binding.dart:1430:15)
#137    SchedulerBinding.handleDrawFrame (package:flutter/src/scheduler/binding.dart:1345:9)
#138    AutomatedTestWidgetsFlutterBinding.pump.<anonymous closure> (package:flutter_test/src/binding.dart:1960:9)
#141    TestAsyncUtils.guard (package:flutter_test/src/test_async_utils.dart:74:41)
#142    AutomatedTestWidgetsFlutterBinding.pump (package:flutter_test/src/binding.dart:1949:27)
#143    WidgetTester.pumpWidget.<anonymous closure> (package:flutter_test/src/widget_tester.dart:598:22)
#146    TestAsyncUtils.guard (package:flutter_test/src/test_async_utils.dart:74:41)
#147    WidgetTester.pumpWidget (package:flutter_test/src/widget_tester.dart:595:27)
#148    main.<anonymous closure>.<anonymous closure> (file:///C:/Users/bhara/StudioProjects/simple_billing_app/test/widget/billing_screen_test.dart:28:20)
#149    testWidgets.<anonymous closure>.<anonymous closure> (package:flutter_test/src/widget_tester.dart:192:29)
<asynchronous suspension>
#150    TestWidgetsFlutterBinding._runTestBody (package:flutter_test/src/binding.dart:1682:5)
<asynchronous suspension>
<asynchronous suspension>
(elided 7 frames from class _AssertionError, dart:async, and package:stack_trace)

The following RenderObject was being processed when the exception was fired: _RenderDecoration#a3039 relayoutBoundary=up25 NEEDS-PAINT NEEDS-COMPOSITING-BITS-UPDATE:
  creator: _Decorator ΓåÉ InputDecorator ΓåÉ AnimatedBuilder ΓåÉ Listener ΓåÉ RawGestureDetector ΓåÉ
    TextSelectionGestureDetector ΓåÉ Semantics ΓåÉ AnimatedBuilder ΓåÉ IgnorePointer ΓåÉ TextFieldTapRegion ΓåÉ
    MouseRegion ΓåÉ TextField ΓåÉ Γï»
  parentData: <none> (can use size)
  constraints: BoxConstraints(unconstrained)
  size: MISSING
This RenderObject had the following descendants (showing up to depth 5):
    input: RenderRepaintBoundary#4dd28 NEEDS-LAYOUT NEEDS-PAINT NEEDS-COMPOSITING-BITS-UPDATE
      child: _RenderCompositionCallback#9a191 NEEDS-LAYOUT NEEDS-PAINT NEEDS-COMPOSITING-BITS-UPDATE
        child: RenderTapRegion#393ee NEEDS-LAYOUT NEEDS-PAINT NEEDS-COMPOSITING-BITS-UPDATE
          child: RenderMouseRegion#f390f NEEDS-LAYOUT NEEDS-PAINT NEEDS-COMPOSITING-BITS-UPDATE
            child: RenderPointerListener#fe87a NEEDS-LAYOUT NEEDS-PAINT NEEDS-COMPOSITING-BITS-UPDATE
    prefixIcon: RenderPositionedBox#dfb96 NEEDS-LAYOUT NEEDS-PAINT NEEDS-COMPOSITING-BITS-UPDATE
      child: RenderMouseRegion#42f66 NEEDS-LAYOUT NEEDS-PAINT NEEDS-COMPOSITING-BITS-UPDATE
        child: RenderConstrainedBox#c96ed NEEDS-LAYOUT NEEDS-PAINT NEEDS-COMPOSITING-BITS-UPDATE
          child: RenderSemanticsAnnotations#210aa NEEDS-LAYOUT NEEDS-PAINT NEEDS-COMPOSITING-BITS-UPDATE
            child: RenderSemanticsAnnotations#b8791 NEEDS-LAYOUT NEEDS-PAINT NEEDS-COMPOSITING-BITS-UPDATE
    hint: RenderAnimatedOpacity#6da4f NEEDS-LAYOUT NEEDS-PAINT NEEDS-COMPOSITING-BITS-UPDATE
      child: RenderParagraph#b9e4a NEEDS-LAYOUT NEEDS-PAINT
        text: TextSpan
    helperError: RenderConstrainedBox#8e6d6 NEEDS-LAYOUT NEEDS-PAINT
    container: RenderCustomPaint#61f99 NEEDS-LAYOUT NEEDS-PAINT
ΓòÉΓòÉΓòÉΓòÉΓòÉΓòÉΓòÉΓòÉΓòÉΓòÉΓòÉΓòÉΓòÉΓòÉΓòÉΓòÉΓòÉΓòÉΓòÉΓòÉΓòÉΓòÉΓòÉΓòÉΓòÉΓòÉΓòÉΓòÉΓòÉΓòÉΓòÉΓòÉΓòÉΓòÉΓòÉΓòÉΓòÉΓòÉΓòÉΓòÉΓòÉΓòÉΓòÉΓòÉΓòÉΓòÉΓòÉΓòÉΓòÉΓòÉΓòÉΓòÉΓòÉΓòÉΓòÉΓòÉΓòÉΓòÉΓòÉΓòÉΓòÉΓòÉΓòÉΓòÉΓòÉΓòÉΓòÉΓòÉΓòÉΓòÉΓòÉΓòÉΓòÉΓòÉΓòÉΓòÉΓòÉΓòÉΓòÉΓòÉΓòÉΓòÉΓòÉΓòÉΓòÉΓòÉΓòÉΓòÉΓòÉΓòÉΓòÉΓòÉΓòÉΓòÉΓòÉΓòÉΓòÉΓòÉΓòÉΓòÉ
ΓòÉΓòÉΓòí EXCEPTION CAUGHT BY RENDERING LIBRARY Γò₧ΓòÉΓòÉΓòÉΓòÉΓòÉΓòÉΓòÉΓòÉΓòÉΓòÉΓòÉΓòÉΓòÉΓòÉΓòÉΓòÉΓòÉΓòÉΓòÉΓòÉΓòÉΓòÉΓòÉΓòÉΓòÉΓòÉΓòÉΓòÉΓòÉΓòÉΓòÉΓòÉΓòÉΓòÉΓòÉΓòÉΓòÉΓòÉΓòÉΓòÉΓòÉΓòÉΓòÉΓòÉΓòÉΓòÉΓòÉΓòÉΓòÉΓòÉΓòÉΓòÉΓòÉΓòÉΓòÉΓòÉΓòÉ
The following assertion was thrown during performLayout():
RenderBox was not laid out: _RenderDecoration#a3039 relayoutBoundary=up25 NEEDS-PAINT
NEEDS-COMPOSITING-BITS-UPDATE
'package:flutter/src/rendering/box.dart':
Failed assertion: line 2251 pos 12: 'hasSize'

Either the assertion indicates an error in the framework itself, or we should provide substantially
more information in this error message to help you determine and fix the underlying cause.
In either case, please report this assertion by filing a bug on GitHub:
  https://github.com/flutter/flutter/issues/new?template=02_bug.yml

The relevant error-causing widget was:
  TextField
  TextField:file:///C:/Users/bhara/StudioProjects/simple_billing_app/lib/views/screens/billing_screen.dart:310:22

When the exception was thrown, this was the stack:
#2      RenderBox.size (package:flutter/src/rendering/box.dart:2251:12)
#3      RenderProxyBoxMixin.performLayout (package:flutter/src/rendering/proxy_box.dart:118:62)
#4      RenderObject.layout (package:flutter/src/rendering/object.dart:2768:7)
#5      RenderProxyBoxMixin.performLayout (package:flutter/src/rendering/proxy_box.dart:118:18)
#6      RenderObject.layout (package:flutter/src/rendering/object.dart:2768:7)
#7      RenderProxyBoxMixin.performLayout (package:flutter/src/rendering/proxy_box.dart:118:18)
#8      RenderObject.layout (package:flutter/src/rendering/object.dart:2768:7)
#9      RenderProxyBoxMixin.performLayout (package:flutter/src/rendering/proxy_box.dart:118:18)
#10     RenderObject.layout (package:flutter/src/rendering/object.dart:2768:7)
#11     RenderTapRegion.layout (package:flutter/src/widgets/tap_region.dart:686:11)
#12     RenderProxyBoxMixin.performLayout (package:flutter/src/rendering/proxy_box.dart:118:18)
#13     RenderObject.layout (package:flutter/src/rendering/object.dart:2768:7)
#14     RenderProxyBoxMixin.performLayout (package:flutter/src/rendering/proxy_box.dart:118:18)
#15     RenderObject.layout (package:flutter/src/rendering/object.dart:2768:7)
#16     RenderProxyBoxMixin.performLayout (package:flutter/src/rendering/proxy_box.dart:118:18)
#17     RenderObject.layout (package:flutter/src/rendering/object.dart:2768:7)
#18     RenderProxyBoxMixin.performLayout (package:flutter/src/rendering/proxy_box.dart:118:18)
#19     RenderObject.layout (package:flutter/src/rendering/object.dart:2768:7)
#20     ChildLayoutHelper.layoutChild (package:flutter/src/rendering/layout_helper.dart:62:11)
#21     RenderFlex._computeSizes (package:flutter/src/rendering/flex.dart:1237:28)
#22     RenderFlex.performLayout (package:flutter/src/rendering/flex.dart:1329:32)
#23     RenderObject.layout (package:flutter/src/rendering/object.dart:2768:7)
#24     RenderPadding.performLayout (package:flutter/src/rendering/shifted_box.dart:262:12)
#25     RenderObject.layout (package:flutter/src/rendering/object.dart:2768:7)
#26     RenderProxyBoxMixin.performLayout (package:flutter/src/rendering/proxy_box.dart:118:18)
#27     RenderObject.layout (package:flutter/src/rendering/object.dart:2768:7)
#28     ChildLayoutHelper.layoutChild (package:flutter/src/rendering/layout_helper.dart:62:11)
#29     RenderFlex._computeSizes (package:flutter/src/rendering/flex.dart:1237:28)
#30     RenderFlex.performLayout (package:flutter/src/rendering/flex.dart:1329:32)
#31     RenderObject.layout (package:flutter/src/rendering/object.dart:2768:7)
#32     ChildLayoutHelper.layoutChild (package:flutter/src/rendering/layout_helper.dart:62:11)
#33     RenderFlex._computeSizes (package:flutter/src/rendering/flex.dart:1237:28)
#34     RenderFlex.performLayout (package:flutter/src/rendering/flex.dart:1329:32)
#35     RenderObject.layout (package:flutter/src/rendering/object.dart:2768:7)
#36     _RenderSingleChildViewport.performLayout (package:flutter/src/widgets/single_child_scroll_view.dart:502:14)
#37     RenderObject.layout (package:flutter/src/rendering/object.dart:2768:7)
#38     RenderProxyBoxMixin.performLayout (package:flutter/src/rendering/proxy_box.dart:118:18)
#39     RenderObject.layout (package:flutter/src/rendering/object.dart:2768:7)
#40     RenderProxyBoxMixin.performLayout (package:flutter/src/rendering/proxy_box.dart:118:18)
#41     RenderObject.layout (package:flutter/src/rendering/object.dart:2768:7)
#42     RenderProxyBoxMixin.performLayout (package:flutter/src/rendering/proxy_box.dart:118:18)
#43     RenderObject.layout (package:flutter/src/rendering/object.dart:2768:7)
#44     RenderProxyBoxMixin.performLayout (package:flutter/src/rendering/proxy_box.dart:118:18)
#45     RenderObject.layout (package:flutter/src/rendering/object.dart:2768:7)
#46     RenderProxyBoxMixin.performLayout (package:flutter/src/rendering/proxy_box.dart:118:18)
#47     RenderObject.layout (package:flutter/src/rendering/object.dart:2768:7)
#48     RenderProxyBoxMixin.performLayout (package:flutter/src/rendering/proxy_box.dart:118:18)
#49     RenderObject.layout (package:flutter/src/rendering/object.dart:2768:7)
#50     RenderProxyBoxMixin.performLayout (package:flutter/src/rendering/proxy_box.dart:118:18)
#51     RenderObject.layout (package:flutter/src/rendering/object.dart:2768:7)
#52     RenderProxyBoxMixin.performLayout (package:flutter/src/rendering/proxy_box.dart:118:18)
#53     _RenderCustomClip.performLayout (package:flutter/src/rendering/proxy_box.dart:1549:11)
#54     RenderObject.layout (package:flutter/src/rendering/object.dart:2768:7)
#55     RenderPadding.performLayout (package:flutter/src/rendering/shifted_box.dart:262:12)
#56     RenderObject.layout (package:flutter/src/rendering/object.dart:2768:7)
#57     _RenderLayoutBuilder.performLayout (package:flutter/src/widgets/layout_builder.dart:449:14)
#58     RenderObject.layout (package:flutter/src/rendering/object.dart:2768:7)
#59     MultiChildLayoutDelegate.layoutChild (package:flutter/src/rendering/custom_layout.dart:180:12)
#60     _ScaffoldLayout.performLayout (package:flutter/src/material/scaffold.dart:1113:7)
#61     MultiChildLayoutDelegate._callPerformLayout (package:flutter/src/rendering/custom_layout.dart:246:7)
#62     RenderCustomMultiChildLayoutBox.performLayout (package:flutter/src/rendering/custom_layout.dart:417:14)
#63     RenderObject.layout (package:flutter/src/rendering/object.dart:2768:7)
#64     RenderProxyBoxMixin.performLayout (package:flutter/src/rendering/proxy_box.dart:118:18)
#65     RenderObject.layout (package:flutter/src/rendering/object.dart:2768:7)
#66     RenderProxyBoxMixin.performLayout (package:flutter/src/rendering/proxy_box.dart:118:18)
#67     _RenderCustomClip.performLayout (package:flutter/src/rendering/proxy_box.dart:1549:11)
#68     RenderObject.layout (package:flutter/src/rendering/object.dart:2768:7)
#69     RenderProxyBoxMixin.performLayout (package:flutter/src/rendering/proxy_box.dart:118:18)
#70     RenderObject.layout (package:flutter/src/rendering/object.dart:2768:7)
#71     RenderProxyBoxMixin.performLayout (package:flutter/src/rendering/proxy_box.dart:118:18)
#72     RenderObject.layout (package:flutter/src/rendering/object.dart:2768:7)
#73     RenderProxyBoxMixin.performLayout (package:flutter/src/rendering/proxy_box.dart:118:18)
#74     RenderObject.layout (package:flutter/src/rendering/object.dart:2768:7)
#75     RenderProxyBoxMixin.performLayout (package:flutter/src/rendering/proxy_box.dart:118:18)
#76     RenderObject.layout (package:flutter/src/rendering/object.dart:2768:7)
#77     RenderProxyBoxMixin.performLayout (package:flutter/src/rendering/proxy_box.dart:118:18)
#78     RenderObject.layout (package:flutter/src/rendering/object.dart:2768:7)
#79     RenderProxyBoxMixin.performLayout (package:flutter/src/rendering/proxy_box.dart:118:18)
#80     RenderObject.layout (package:flutter/src/rendering/object.dart:2768:7)
#81     RenderProxyBoxMixin.performLayout (package:flutter/src/rendering/proxy_box.dart:118:18)
#82     RenderObject.layout (package:flutter/src/rendering/object.dart:2768:7)
#83     RenderProxyBoxMixin.performLayout (package:flutter/src/rendering/proxy_box.dart:118:18)
#84     RenderObject.layout (package:flutter/src/rendering/object.dart:2768:7)
#85     RenderProxyBoxMixin.performLayout (package:flutter/src/rendering/proxy_box.dart:118:18)
#86     RenderObject.layout (package:flutter/src/rendering/object.dart:2768:7)
#87     RenderProxyBoxMixin.performLayout (package:flutter/src/rendering/proxy_box.dart:118:18)
#88     RenderObject.layout (package:flutter/src/rendering/object.dart:2768:7)
#89     RenderProxyBoxMixin.performLayout (package:flutter/src/rendering/proxy_box.dart:118:18)
#90     RenderObject.layout (package:flutter/src/rendering/object.dart:2768:7)
#91     RenderProxyBoxMixin.performLayout (package:flutter/src/rendering/proxy_box.dart:118:18)
#92     RenderObject.layout (package:flutter/src/rendering/object.dart:2768:7)
#93     RenderProxyBoxMixin.performLayout (package:flutter/src/rendering/proxy_box.dart:118:18)
#94     RenderObject.layout (package:flutter/src/rendering/object.dart:2768:7)
#95     RenderProxyBoxMixin.performLayout (package:flutter/src/rendering/proxy_box.dart:118:18)
#96     RenderObject.layout (package:flutter/src/rendering/object.dart:2768:7)
#97     RenderProxyBoxMixin.performLayout (package:flutter/src/rendering/proxy_box.dart:118:18)
#98     RenderObject.layout (package:flutter/src/rendering/object.dart:2768:7)
#99     RenderProxyBoxMixin.performLayout (package:flutter/src/rendering/proxy_box.dart:118:18)
#100    RenderOffstage.performLayout (package:flutter/src/rendering/proxy_box.dart:3923:13)
#101    RenderObject.layout (package:flutter/src/rendering/object.dart:2768:7)
#102    RenderProxyBoxMixin.performLayout (package:flutter/src/rendering/proxy_box.dart:118:18)
#103    RenderObject.layout (package:flutter/src/rendering/object.dart:2768:7)
#104    _RenderTheaterMixin.layoutChild (package:flutter/src/widgets/overlay.dart:1084:13)
#105    _RenderTheater.performLayout (package:flutter/src/widgets/overlay.dart:1429:9)
#106    RenderObject.layout (package:flutter/src/rendering/object.dart:2768:7)
#107    RenderProxyBoxMixin.performLayout (package:flutter/src/rendering/proxy_box.dart:118:18)
#108    RenderObject.layout (package:flutter/src/rendering/object.dart:2768:7)
#109    RenderProxyBoxMixin.performLayout (package:flutter/src/rendering/proxy_box.dart:118:18)
#110    RenderObject.layout (package:flutter/src/rendering/object.dart:2768:7)
#111    RenderProxyBoxMixin.performLayout (package:flutter/src/rendering/proxy_box.dart:118:18)
#112    RenderObject.layout (package:flutter/src/rendering/object.dart:2768:7)
#113    RenderProxyBoxMixin.performLayout (package:flutter/src/rendering/proxy_box.dart:118:18)
#114    RenderCustomPaint.performLayout (package:flutter/src/rendering/custom_paint.dart:574:11)
#115    RenderObject.layout (package:flutter/src/rendering/object.dart:2768:7)
#116    RenderProxyBoxMixin.performLayout (package:flutter/src/rendering/proxy_box.dart:118:18)
#117    RenderObject.layout (package:flutter/src/rendering/object.dart:2768:7)
#118    RenderProxyBoxMixin.performLayout (package:flutter/src/rendering/proxy_box.dart:118:18)
#119    RenderObject.layout (package:flutter/src/rendering/object.dart:2768:7)
#120    RenderProxyBoxMixin.performLayout (package:flutter/src/rendering/proxy_box.dart:118:18)
#121    RenderObject.layout (package:flutter/src/rendering/object.dart:2768:7)
#122    RenderProxyBoxMixin.performLayout (package:flutter/src/rendering/proxy_box.dart:118:18)
#123    RenderObject.layout (package:flutter/src/rendering/object.dart:2768:7)
#124    RenderProxyBoxMixin.performLayout (package:flutter/src/rendering/proxy_box.dart:118:18)
#125    RenderObject.layout (package:flutter/src/rendering/object.dart:2768:7)
#126    RenderProxyBoxMixin.performLayout (package:flutter/src/rendering/proxy_box.dart:118:18)
#127    RenderObject.layout (package:flutter/src/rendering/object.dart:2768:7)
#128    RenderView.performLayout (package:flutter/src/rendering/view.dart:292:12)
#129    RenderObject._layoutWithoutResize (package:flutter/src/rendering/object.dart:2616:7)
#130    PipelineOwner.flushLayout (package:flutter/src/rendering/object.dart:1174:18)
#131    PipelineOwner.flushLayout (package:flutter/src/rendering/object.dart:1187:15)
#132    AutomatedTestWidgetsFlutterBinding.drawFrame (package:flutter_test/src/binding.dart:2133:27)
#133    RendererBinding._handlePersistentFrameCallback (package:flutter/src/rendering/binding.dart:495:5)
#134    SchedulerBinding._invokeFrameCallback (package:flutter/src/scheduler/binding.dart:1430:15)
#135    SchedulerBinding.handleDrawFrame (package:flutter/src/scheduler/binding.dart:1345:9)
#136    AutomatedTestWidgetsFlutterBinding.pump.<anonymous closure> (package:flutter_test/src/binding.dart:1960:9)
#139    TestAsyncUtils.guard (package:flutter_test/src/test_async_utils.dart:74:41)
#140    AutomatedTestWidgetsFlutterBinding.pump (package:flutter_test/src/binding.dart:1949:27)
#141    WidgetTester.pumpWidget.<anonymous closure> (package:flutter_test/src/widget_tester.dart:598:22)
#144    TestAsyncUtils.guard (package:flutter_test/src/test_async_utils.dart:74:41)
#145    WidgetTester.pumpWidget (package:flutter_test/src/widget_tester.dart:595:27)
#146    main.<anonymous closure>.<anonymous closure> (file:///C:/Users/bhara/StudioProjects/simple_billing_app/test/widget/billing_screen_test.dart:28:20)
#147    testWidgets.<anonymous closure>.<anonymous closure> (package:flutter_test/src/widget_tester.dart:192:29)
<asynchronous suspension>
#148    TestWidgetsFlutterBinding._runTestBody (package:flutter_test/src/binding.dart:1682:5)
<asynchronous suspension>
<asynchronous suspension>
(elided 7 frames from class _AssertionError, dart:async, and package:stack_trace)

The following RenderObject was being processed when the exception was fired: RenderPointerListener#8f4e2 relayoutBoundary=up24 NEEDS-LAYOUT NEEDS-PAINT NEEDS-COMPOSITING-BITS-UPDATE:
  creator: Listener ΓåÉ RawGestureDetector ΓåÉ TextSelectionGestureDetector ΓåÉ Semantics ΓåÉ AnimatedBuilder
    ΓåÉ IgnorePointer ΓåÉ TextFieldTapRegion ΓåÉ MouseRegion ΓåÉ TextField ΓåÉ AbsorbPointer ΓåÉ Listener ΓåÉ
    _GestureSemantics ΓåÉ Γï»
  parentData: <none> (can use size)
  constraints: BoxConstraints(unconstrained)
  size: MISSING
  behavior: translucent
  listeners: down, panZoomStart
This RenderObject had the following descendants (showing up to depth 5):
    child: _RenderDecoration#a3039 relayoutBoundary=up25 NEEDS-PAINT NEEDS-COMPOSITING-BITS-UPDATE
      input: RenderRepaintBoundary#4dd28 NEEDS-LAYOUT NEEDS-PAINT NEEDS-COMPOSITING-BITS-UPDATE
        child: _RenderCompositionCallback#9a191 NEEDS-LAYOUT NEEDS-PAINT NEEDS-COMPOSITING-BITS-UPDATE
          child: RenderTapRegion#393ee NEEDS-LAYOUT NEEDS-PAINT NEEDS-COMPOSITING-BITS-UPDATE
            child: RenderMouseRegion#f390f NEEDS-LAYOUT NEEDS-PAINT NEEDS-COMPOSITING-BITS-UPDATE
      prefixIcon: RenderPositionedBox#dfb96 NEEDS-LAYOUT NEEDS-PAINT NEEDS-COMPOSITING-BITS-UPDATE
        child: RenderMouseRegion#42f66 NEEDS-LAYOUT NEEDS-PAINT NEEDS-COMPOSITING-BITS-UPDATE
          child: RenderConstrainedBox#c96ed NEEDS-LAYOUT NEEDS-PAINT NEEDS-COMPOSITING-BITS-UPDATE
            child: RenderSemanticsAnnotations#210aa NEEDS-LAYOUT NEEDS-PAINT NEEDS-COMPOSITING-BITS-UPDATE
      hint: RenderAnimatedOpacity#6da4f NEEDS-LAYOUT NEEDS-PAINT NEEDS-COMPOSITING-BITS-UPDATE
        child: RenderParagraph#b9e4a NEEDS-LAYOUT NEEDS-PAINT
          text: TextSpan
      helperError: RenderConstrainedBox#8e6d6 NEEDS-LAYOUT NEEDS-PAINT
      container: RenderCustomPaint#61f99 NEEDS-LAYOUT NEEDS-PAINT
ΓòÉΓòÉΓòÉΓòÉΓòÉΓòÉΓòÉΓòÉΓòÉΓòÉΓòÉΓòÉΓòÉΓòÉΓòÉΓòÉΓòÉΓòÉΓòÉΓòÉΓòÉΓòÉΓòÉΓòÉΓòÉΓòÉΓòÉΓòÉΓòÉΓòÉΓòÉΓòÉΓòÉΓòÉΓòÉΓòÉΓòÉΓòÉΓòÉΓòÉΓòÉΓòÉΓòÉΓòÉΓòÉΓòÉΓòÉΓòÉΓòÉΓòÉΓòÉΓòÉΓòÉΓòÉΓòÉΓòÉΓòÉΓòÉΓòÉΓòÉΓòÉΓòÉΓòÉΓòÉΓòÉΓòÉΓòÉΓòÉΓòÉΓòÉΓòÉΓòÉΓòÉΓòÉΓòÉΓòÉΓòÉΓòÉΓòÉΓòÉΓòÉΓòÉΓòÉΓòÉΓòÉΓòÉΓòÉΓòÉΓòÉΓòÉΓòÉΓòÉΓòÉΓòÉΓòÉΓòÉΓòÉΓòÉΓòÉΓòÉ
ΓòÉΓòÉΓòí EXCEPTION CAUGHT BY RENDERING LIBRARY Γò₧ΓòÉΓòÉΓòÉΓòÉΓòÉΓòÉΓòÉΓòÉΓòÉΓòÉΓòÉΓòÉΓòÉΓòÉΓòÉΓòÉΓòÉΓòÉΓòÉΓòÉΓòÉΓòÉΓòÉΓòÉΓòÉΓòÉΓòÉΓòÉΓòÉΓòÉΓòÉΓòÉΓòÉΓòÉΓòÉΓòÉΓòÉΓòÉΓòÉΓòÉΓòÉΓòÉΓòÉΓòÉΓòÉΓòÉΓòÉΓòÉΓòÉΓòÉΓòÉΓòÉΓòÉΓòÉΓòÉΓòÉΓòÉ
The following assertion was thrown during performLayout():
RenderBox was not laid out: RenderPointerListener#8f4e2 relayoutBoundary=up24 NEEDS-PAINT
NEEDS-COMPOSITING-BITS-UPDATE
'package:flutter/src/rendering/box.dart':
Failed assertion: line 2251 pos 12: 'hasSize'

Either the assertion indicates an error in the framework itself, or we should provide substantially
more information in this error message to help you determine and fix the underlying cause.
In either case, please report this assertion by filing a bug on GitHub:
  https://github.com/flutter/flutter/issues/new?template=02_bug.yml

The relevant error-causing widget was:
  TextField
  TextField:file:///C:/Users/bhara/StudioProjects/simple_billing_app/lib/views/screens/billing_screen.dart:310:22

When the exception was thrown, this was the stack:
#2      RenderBox.size (package:flutter/src/rendering/box.dart:2251:12)
#3      RenderProxyBoxMixin.performLayout (package:flutter/src/rendering/proxy_box.dart:118:62)
#4      RenderObject.layout (package:flutter/src/rendering/object.dart:2768:7)
#5      RenderProxyBoxMixin.performLayout (package:flutter/src/rendering/proxy_box.dart:118:18)
#6      RenderObject.layout (package:flutter/src/rendering/object.dart:2768:7)
#7      RenderProxyBoxMixin.performLayout (package:flutter/src/rendering/proxy_box.dart:118:18)
#8      RenderObject.layout (package:flutter/src/rendering/object.dart:2768:7)
#9      RenderTapRegion.layout (package:flutter/src/widgets/tap_region.dart:686:11)
#10     RenderProxyBoxMixin.performLayout (package:flutter/src/rendering/proxy_box.dart:118:18)
#11     RenderObject.layout (package:flutter/src/rendering/object.dart:2768:7)
#12     RenderProxyBoxMixin.performLayout (package:flutter/src/rendering/proxy_box.dart:118:18)
#13     RenderObject.layout (package:flutter/src/rendering/object.dart:2768:7)
#14     RenderProxyBoxMixin.performLayout (package:flutter/src/rendering/proxy_box.dart:118:18)
#15     RenderObject.layout (package:flutter/src/rendering/object.dart:2768:7)
#16     RenderProxyBoxMixin.performLayout (package:flutter/src/rendering/proxy_box.dart:118:18)
#17     RenderObject.layout (package:flutter/src/rendering/object.dart:2768:7)
#18     ChildLayoutHelper.layoutChild (package:flutter/src/rendering/layout_helper.dart:62:11)
#19     RenderFlex._computeSizes (package:flutter/src/rendering/flex.dart:1237:28)
#20     RenderFlex.performLayout (package:flutter/src/rendering/flex.dart:1329:32)
#21     RenderObject.layout (package:flutter/src/rendering/object.dart:2768:7)
#22     RenderPadding.performLayout (package:flutter/src/rendering/shifted_box.dart:262:12)
#23     RenderObject.layout (package:flutter/src/rendering/object.dart:2768:7)
#24     RenderProxyBoxMixin.performLayout (package:flutter/src/rendering/proxy_box.dart:118:18)
#25     RenderObject.layout (package:flutter/src/rendering/object.dart:2768:7)
#26     ChildLayoutHelper.layoutChild (package:flutter/src/rendering/layout_helper.dart:62:11)
#27     RenderFlex._computeSizes (package:flutter/src/rendering/flex.dart:1237:28)
#28     RenderFlex.performLayout (package:flutter/src/rendering/flex.dart:1329:32)
#29     RenderObject.layout (package:flutter/src/rendering/object.dart:2768:7)
#30     ChildLayoutHelper.layoutChild (package:flutter/src/rendering/layout_helper.dart:62:11)
#31     RenderFlex._computeSizes (package:flutter/src/rendering/flex.dart:1237:28)
#32     RenderFlex.performLayout (package:flutter/src/rendering/flex.dart:1329:32)
#33     RenderObject.layout (package:flutter/src/rendering/object.dart:2768:7)
#34     _RenderSingleChildViewport.performLayout (package:flutter/src/widgets/single_child_scroll_view.dart:502:14)
#35     RenderObject.layout (package:flutter/src/rendering/object.dart:2768:7)
#36     RenderProxyBoxMixin.performLayout (package:flutter/src/rendering/proxy_box.dart:118:18)
#37     RenderObject.layout (package:flutter/src/rendering/object.dart:2768:7)
#38     RenderProxyBoxMixin.performLayout (package:flutter/src/rendering/proxy_box.dart:118:18)
#39     RenderObject.layout (package:flutter/src/rendering/object.dart:2768:7)
#40     RenderProxyBoxMixin.performLayout (package:flutter/src/rendering/proxy_box.dart:118:18)
#41     RenderObject.layout (package:flutter/src/rendering/object.dart:2768:7)
#42     RenderProxyBoxMixin.performLayout (package:flutter/src/rendering/proxy_box.dart:118:18)
#43     RenderObject.layout (package:flutter/src/rendering/object.dart:2768:7)
#44     RenderProxyBoxMixin.performLayout (package:flutter/src/rendering/proxy_box.dart:118:18)
#45     RenderObject.layout (package:flutter/src/rendering/object.dart:2768:7)
#46     RenderProxyBoxMixin.performLayout (package:flutter/src/rendering/proxy_box.dart:118:18)
#47     RenderObject.layout (package:flutter/src/rendering/object.dart:2768:7)
#48     RenderProxyBoxMixin.performLayout (package:flutter/src/rendering/proxy_box.dart:118:18)
#49     RenderObject.layout (package:flutter/src/rendering/object.dart:2768:7)
#50     RenderProxyBoxMixin.performLayout (package:flutter/src/rendering/proxy_box.dart:118:18)
#51     _RenderCustomClip.performLayout (package:flutter/src/rendering/proxy_box.dart:1549:11)
#52     RenderObject.layout (package:flutter/src/rendering/object.dart:2768:7)
#53     RenderPadding.performLayout (package:flutter/src/rendering/shifted_box.dart:262:12)
#54     RenderObject.layout (package:flutter/src/rendering/object.dart:2768:7)
#55     _RenderLayoutBuilder.performLayout (package:flutter/src/widgets/layout_builder.dart:449:14)
#56     RenderObject.layout (package:flutter/src/rendering/object.dart:2768:7)
#57     MultiChildLayoutDelegate.layoutChild (package:flutter/src/rendering/custom_layout.dart:180:12)
#58     _ScaffoldLayout.performLayout (package:flutter/src/material/scaffold.dart:1113:7)
#59     MultiChildLayoutDelegate._callPerformLayout (package:flutter/src/rendering/custom_layout.dart:246:7)
#60     RenderCustomMultiChildLayoutBox.performLayout (package:flutter/src/rendering/custom_layout.dart:417:14)
#61     RenderObject.layout (package:flutter/src/rendering/object.dart:2768:7)
#62     RenderProxyBoxMixin.performLayout (package:flutter/src/rendering/proxy_box.dart:118:18)
#63     RenderObject.layout (package:flutter/src/rendering/object.dart:2768:7)
#64     RenderProxyBoxMixin.performLayout (package:flutter/src/rendering/proxy_box.dart:118:18)
#65     _RenderCustomClip.performLayout (package:flutter/src/rendering/proxy_box.dart:1549:11)
#66     RenderObject.layout (package:flutter/src/rendering/object.dart:2768:7)
#67     RenderProxyBoxMixin.performLayout (package:flutter/src/rendering/proxy_box.dart:118:18)
#68     RenderObject.layout (package:flutter/src/rendering/object.dart:2768:7)
#69     RenderProxyBoxMixin.performLayout (package:flutter/src/rendering/proxy_box.dart:118:18)
#70     RenderObject.layout (package:flutter/src/rendering/object.dart:2768:7)
#71     RenderProxyBoxMixin.performLayout (package:flutter/src/rendering/proxy_box.dart:118:18)
#72     RenderObject.layout (package:flutter/src/rendering/object.dart:2768:7)
#73     RenderProxyBoxMixin.performLayout (package:flutter/src/rendering/proxy_box.dart:118:18)
#74     RenderObject.layout (package:flutter/src/rendering/object.dart:2768:7)
#75     RenderProxyBoxMixin.performLayout (package:flutter/src/rendering/proxy_box.dart:118:18)
#76     RenderObject.layout (package:flutter/src/rendering/object.dart:2768:7)
#77     RenderProxyBoxMixin.performLayout (package:flutter/src/rendering/proxy_box.dart:118:18)
#78     RenderObject.layout (package:flutter/src/rendering/object.dart:2768:7)
#79     RenderProxyBoxMixin.performLayout (package:flutter/src/rendering/proxy_box.dart:118:18)
#80     RenderObject.layout (package:flutter/src/rendering/object.dart:2768:7)
#81     RenderProxyBoxMixin.performLayout (package:flutter/src/rendering/proxy_box.dart:118:18)
#82     RenderObject.layout (package:flutter/src/rendering/object.dart:2768:7)
#83     RenderProxyBoxMixin.performLayout (package:flutter/src/rendering/proxy_box.dart:118:18)
#84     RenderObject.layout (package:flutter/src/rendering/object.dart:2768:7)
#85     RenderProxyBoxMixin.performLayout (package:flutter/src/rendering/proxy_box.dart:118:18)
#86     RenderObject.layout (package:flutter/src/rendering/object.dart:2768:7)
#87     RenderProxyBoxMixin.performLayout (package:flutter/src/rendering/proxy_box.dart:118:18)
#88     RenderObject.layout (package:flutter/src/rendering/object.dart:2768:7)
#89     RenderProxyBoxMixin.performLayout (package:flutter/src/rendering/proxy_box.dart:118:18)
#90     RenderObject.layout (package:flutter/src/rendering/object.dart:2768:7)
#91     RenderProxyBoxMixin.performLayout (package:flutter/src/rendering/proxy_box.dart:118:18)
#92     RenderObject.layout (package:flutter/src/rendering/object.dart:2768:7)
#93     RenderProxyBoxMixin.performLayout (package:flutter/src/rendering/proxy_box.dart:118:18)
#94     RenderObject.layout (package:flutter/src/rendering/object.dart:2768:7)
#95     RenderProxyBoxMixin.performLayout (package:flutter/src/rendering/proxy_box.dart:118:18)
#96     RenderObject.layout (package:flutter/src/rendering/object.dart:2768:7)
#97     RenderProxyBoxMixin.performLayout (package:flutter/src/rendering/proxy_box.dart:118:18)
#98     RenderOffstage.performLayout (package:flutter/src/rendering/proxy_box.dart:3923:13)
#99     RenderObject.layout (package:flutter/src/rendering/object.dart:2768:7)
#100    RenderProxyBoxMixin.performLayout (package:flutter/src/rendering/proxy_box.dart:118:18)
#101    RenderObject.layout (package:flutter/src/rendering/object.dart:2768:7)
#102    _RenderTheaterMixin.layoutChild (package:flutter/src/widgets/overlay.dart:1084:13)
#103    _RenderTheater.performLayout (package:flutter/src/widgets/overlay.dart:1429:9)
#104    RenderObject.layout (package:flutter/src/rendering/object.dart:2768:7)
#105    RenderProxyBoxMixin.performLayout (package:flutter/src/rendering/proxy_box.dart:118:18)
#106    RenderObject.layout (package:flutter/src/rendering/object.dart:2768:7)
#107    RenderProxyBoxMixin.performLayout (package:flutter/src/rendering/proxy_box.dart:118:18)
#108    RenderObject.layout (package:flutter/src/rendering/object.dart:2768:7)
#109    RenderProxyBoxMixin.performLayout (package:flutter/src/rendering/proxy_box.dart:118:18)
#110    RenderObject.layout (package:flutter/src/rendering/object.dart:2768:7)
#111    RenderProxyBoxMixin.performLayout (package:flutter/src/rendering/proxy_box.dart:118:18)
#112    RenderCustomPaint.performLayout (package:flutter/src/rendering/custom_paint.dart:574:11)
#113    RenderObject.layout (package:flutter/src/rendering/object.dart:2768:7)
#114    RenderProxyBoxMixin.performLayout (package:flutter/src/rendering/proxy_box.dart:118:18)
#115    RenderObject.layout (package:flutter/src/rendering/object.dart:2768:7)
#116    RenderProxyBoxMixin.performLayout (package:flutter/src/rendering/proxy_box.dart:118:18)
#117    RenderObject.layout (package:flutter/src/rendering/object.dart:2768:7)
#118    RenderProxyBoxMixin.performLayout (package:flutter/src/rendering/proxy_box.dart:118:18)
#119    RenderObject.layout (package:flutter/src/rendering/object.dart:2768:7)
#120    RenderProxyBoxMixin.performLayout (package:flutter/src/rendering/proxy_box.dart:118:18)
#121    RenderObject.layout (package:flutter/src/rendering/object.dart:2768:7)
#122    RenderProxyBoxMixin.performLayout (package:flutter/src/rendering/proxy_box.dart:118:18)
#123    RenderObject.layout (package:flutter/src/rendering/object.dart:2768:7)
#124    RenderProxyBoxMixin.performLayout (package:flutter/src/rendering/proxy_box.dart:118:18)
#125    RenderObject.layout (package:flutter/src/rendering/object.dart:2768:7)
#126    RenderView.performLayout (package:flutter/src/rendering/view.dart:292:12)
#127    RenderObject._layoutWithoutResize (package:flutter/src/rendering/object.dart:2616:7)
#128    PipelineOwner.flushLayout (package:flutter/src/rendering/object.dart:1174:18)
#129    PipelineOwner.flushLayout (package:flutter/src/rendering/object.dart:1187:15)
#130    AutomatedTestWidgetsFlutterBinding.drawFrame (package:flutter_test/src/binding.dart:2133:27)
#131    RendererBinding._handlePersistentFrameCallback (package:flutter/src/rendering/binding.dart:495:5)
#132    SchedulerBinding._invokeFrameCallback (package:flutter/src/scheduler/binding.dart:1430:15)
#133    SchedulerBinding.handleDrawFrame (package:flutter/src/scheduler/binding.dart:1345:9)
#134    AutomatedTestWidgetsFlutterBinding.pump.<anonymous closure> (package:flutter_test/src/binding.dart:1960:9)
#137    TestAsyncUtils.guard (package:flutter_test/src/test_async_utils.dart:74:41)
#138    AutomatedTestWidgetsFlutterBinding.pump (package:flutter_test/src/binding.dart:1949:27)
#139    WidgetTester.pumpWidget.<anonymous closure> (package:flutter_test/src/widget_tester.dart:598:22)
#142    TestAsyncUtils.guard (package:flutter_test/src/test_async_utils.dart:74:41)
#143    WidgetTester.pumpWidget (package:flutter_test/src/widget_tester.dart:595:27)
#144    main.<anonymous closure>.<anonymous closure> (file:///C:/Users/bhara/StudioProjects/simple_billing_app/test/widget/billing_screen_test.dart:28:20)
#145    testWidgets.<anonymous closure>.<anonymous closure> (package:flutter_test/src/widget_tester.dart:192:29)
<asynchronous suspension>
#146    TestWidgetsFlutterBinding._runTestBody (package:flutter_test/src/binding.dart:1682:5)
<asynchronous suspension>
<asynchronous suspension>
(elided 7 frames from class _AssertionError, dart:async, and package:stack_trace)

The following RenderObject was being processed when the exception was fired: RenderSemanticsAnnotations#bf750 relayoutBoundary=up23 NEEDS-LAYOUT NEEDS-PAINT NEEDS-COMPOSITING-BITS-UPDATE:
  creator: Semantics ΓåÉ AnimatedBuilder ΓåÉ IgnorePointer ΓåÉ TextFieldTapRegion ΓåÉ MouseRegion ΓåÉ TextField
    ΓåÉ AbsorbPointer ΓåÉ Listener ΓåÉ _GestureSemantics ΓåÉ RawGestureDetector ΓåÉ GestureDetector ΓåÉ Column ΓåÉ Γï»
  parentData: <none> (can use size)
  constraints: BoxConstraints(unconstrained)
  size: MISSING
This RenderObject had the following descendants (showing up to depth 5):
    child: RenderPointerListener#8f4e2 relayoutBoundary=up24 NEEDS-PAINT NEEDS-COMPOSITING-BITS-UPDATE
      child: _RenderDecoration#a3039 relayoutBoundary=up25 NEEDS-PAINT NEEDS-COMPOSITING-BITS-UPDATE
        input: RenderRepaintBoundary#4dd28 NEEDS-LAYOUT NEEDS-PAINT NEEDS-COMPOSITING-BITS-UPDATE
          child: _RenderCompositionCallback#9a191 NEEDS-LAYOUT NEEDS-PAINT NEEDS-COMPOSITING-BITS-UPDATE
            child: RenderTapRegion#393ee NEEDS-LAYOUT NEEDS-PAINT NEEDS-COMPOSITING-BITS-UPDATE
        prefixIcon: RenderPositionedBox#dfb96 NEEDS-LAYOUT NEEDS-PAINT NEEDS-COMPOSITING-BITS-UPDATE
          child: RenderMouseRegion#42f66 NEEDS-LAYOUT NEEDS-PAINT NEEDS-COMPOSITING-BITS-UPDATE
            child: RenderConstrainedBox#c96ed NEEDS-LAYOUT NEEDS-PAINT NEEDS-COMPOSITING-BITS-UPDATE
        hint: RenderAnimatedOpacity#6da4f NEEDS-LAYOUT NEEDS-PAINT NEEDS-COMPOSITING-BITS-UPDATE
          child: RenderParagraph#b9e4a NEEDS-LAYOUT NEEDS-PAINT
            text: TextSpan
        helperError: RenderConstrainedBox#8e6d6 NEEDS-LAYOUT NEEDS-PAINT
        container: RenderCustomPaint#61f99 NEEDS-LAYOUT NEEDS-PAINT
ΓòÉΓòÉΓòÉΓòÉΓòÉΓòÉΓòÉΓòÉΓòÉΓòÉΓòÉΓòÉΓòÉΓòÉΓòÉΓòÉΓòÉΓòÉΓòÉΓòÉΓòÉΓòÉΓòÉΓòÉΓòÉΓòÉΓòÉΓòÉΓòÉΓòÉΓòÉΓòÉΓòÉΓòÉΓòÉΓòÉΓòÉΓòÉΓòÉΓòÉΓòÉΓòÉΓòÉΓòÉΓòÉΓòÉΓòÉΓòÉΓòÉΓòÉΓòÉΓòÉΓòÉΓòÉΓòÉΓòÉΓòÉΓòÉΓòÉΓòÉΓòÉΓòÉΓòÉΓòÉΓòÉΓòÉΓòÉΓòÉΓòÉΓòÉΓòÉΓòÉΓòÉΓòÉΓòÉΓòÉΓòÉΓòÉΓòÉΓòÉΓòÉΓòÉΓòÉΓòÉΓòÉΓòÉΓòÉΓòÉΓòÉΓòÉΓòÉΓòÉΓòÉΓòÉΓòÉΓòÉΓòÉΓòÉΓòÉΓòÉ
ΓòÉΓòÉΓòí EXCEPTION CAUGHT BY RENDERING LIBRARY Γò₧ΓòÉΓòÉΓòÉΓòÉΓòÉΓòÉΓòÉΓòÉΓòÉΓòÉΓòÉΓòÉΓòÉΓòÉΓòÉΓòÉΓòÉΓòÉΓòÉΓòÉΓòÉΓòÉΓòÉΓòÉΓòÉΓòÉΓòÉΓòÉΓòÉΓòÉΓòÉΓòÉΓòÉΓòÉΓòÉΓòÉΓòÉΓòÉΓòÉΓòÉΓòÉΓòÉΓòÉΓòÉΓòÉΓòÉΓòÉΓòÉΓòÉΓòÉΓòÉΓòÉΓòÉΓòÉΓòÉΓòÉΓòÉ
The following assertion was thrown during performLayout():
RenderBox was not laid out: RenderSemanticsAnnotations#bf750 relayoutBoundary=up23 NEEDS-PAINT
NEEDS-COMPOSITING-BITS-UPDATE
'package:flutter/src/rendering/box.dart':
Failed assertion: line 2251 pos 12: 'hasSize'

Either the assertion indicates an error in the framework itself, or we should provide substantially
more information in this error message to help you determine and fix the underlying cause.
In either case, please report this assertion by filing a bug on GitHub:
  https://github.com/flutter/flutter/issues/new?template=02_bug.yml

The relevant error-causing widget was:
  TextField
  TextField:file:///C:/Users/bhara/StudioProjects/simple_billing_app/lib/views/screens/billing_screen.dart:310:22

When the exception was thrown, this was the stack:
#2      RenderBox.size (package:flutter/src/rendering/box.dart:2251:12)
#3      RenderProxyBoxMixin.performLayout (package:flutter/src/rendering/proxy_box.dart:118:62)
#4      RenderObject.layout (package:flutter/src/rendering/object.dart:2768:7)
#5      RenderProxyBoxMixin.performLayout (package:flutter/src/rendering/proxy_box.dart:118:18)
#6      RenderObject.layout (package:flutter/src/rendering/object.dart:2768:7)
#7      RenderTapRegion.layout (package:flutter/src/widgets/tap_region.dart:686:11)
#8      RenderProxyBoxMixin.performLayout (package:flutter/src/rendering/proxy_box.dart:118:18)
#9      RenderObject.layout (package:flutter/src/rendering/object.dart:2768:7)
#10     RenderProxyBoxMixin.performLayout (package:flutter/src/rendering/proxy_box.dart:118:18)
#11     RenderObject.layout (package:flutter/src/rendering/object.dart:2768:7)
#12     RenderProxyBoxMixin.performLayout (package:flutter/src/rendering/proxy_box.dart:118:18)
#13     RenderObject.layout (package:flutter/src/rendering/object.dart:2768:7)
#14     RenderProxyBoxMixin.performLayout (package:flutter/src/rendering/proxy_box.dart:118:18)
#15     RenderObject.layout (package:flutter/src/rendering/object.dart:2768:7)
#16     ChildLayoutHelper.layoutChild (package:flutter/src/rendering/layout_helper.dart:62:11)
#17     RenderFlex._computeSizes (package:flutter/src/rendering/flex.dart:1237:28)
#18     RenderFlex.performLayout (package:flutter/src/rendering/flex.dart:1329:32)
#19     RenderObject.layout (package:flutter/src/rendering/object.dart:2768:7)
#20     RenderPadding.performLayout (package:flutter/src/rendering/shifted_box.dart:262:12)
#21     RenderObject.layout (package:flutter/src/rendering/object.dart:2768:7)
#22     RenderProxyBoxMixin.performLayout (package:flutter/src/rendering/proxy_box.dart:118:18)
#23     RenderObject.layout (package:flutter/src/rendering/object.dart:2768:7)
#24     ChildLayoutHelper.layoutChild (package:flutter/src/rendering/layout_helper.dart:62:11)
#25     RenderFlex._computeSizes (package:flutter/src/rendering/flex.dart:1237:28)
#26     RenderFlex.performLayout (package:flutter/src/rendering/flex.dart:1329:32)
#27     RenderObject.layout (package:flutter/src/rendering/object.dart:2768:7)
#28     ChildLayoutHelper.layoutChild (package:flutter/src/rendering/layout_helper.dart:62:11)
#29     RenderFlex._computeSizes (package:flutter/src/rendering/flex.dart:1237:28)
#30     RenderFlex.performLayout (package:flutter/src/rendering/flex.dart:1329:32)
#31     RenderObject.layout (package:flutter/src/rendering/object.dart:2768:7)
#32     _RenderSingleChildViewport.performLayout (package:flutter/src/widgets/single_child_scroll_view.dart:502:14)
#33     RenderObject.layout (package:flutter/src/rendering/object.dart:2768:7)
#34     RenderProxyBoxMixin.performLayout (package:flutter/src/rendering/proxy_box.dart:118:18)
#35     RenderObject.layout (package:flutter/src/rendering/object.dart:2768:7)
#36     RenderProxyBoxMixin.performLayout (package:flutter/src/rendering/proxy_box.dart:118:18)
#37     RenderObject.layout (package:flutter/src/rendering/object.dart:2768:7)
#38     RenderProxyBoxMixin.performLayout (package:flutter/src/rendering/proxy_box.dart:118:18)
#39     RenderObject.layout (package:flutter/src/rendering/object.dart:2768:7)
#40     RenderProxyBoxMixin.performLayout (package:flutter/src/rendering/proxy_box.dart:118:18)
#41     RenderObject.layout (package:flutter/src/rendering/object.dart:2768:7)
#42     RenderProxyBoxMixin.performLayout (package:flutter/src/rendering/proxy_box.dart:118:18)
#43     RenderObject.layout (package:flutter/src/rendering/object.dart:2768:7)
#44     RenderProxyBoxMixin.performLayout (package:flutter/src/rendering/proxy_box.dart:118:18)
#45     RenderObject.layout (package:flutter/src/rendering/object.dart:2768:7)
#46     RenderProxyBoxMixin.performLayout (package:flutter/src/rendering/proxy_box.dart:118:18)
#47     RenderObject.layout (package:flutter/src/rendering/object.dart:2768:7)
#48     RenderProxyBoxMixin.performLayout (package:flutter/src/rendering/proxy_box.dart:118:18)
#49     _RenderCustomClip.performLayout (package:flutter/src/rendering/proxy_box.dart:1549:11)
#50     RenderObject.layout (package:flutter/src/rendering/object.dart:2768:7)
#51     RenderPadding.performLayout (package:flutter/src/rendering/shifted_box.dart:262:12)
#52     RenderObject.layout (package:flutter/src/rendering/object.dart:2768:7)
#53     _RenderLayoutBuilder.performLayout (package:flutter/src/widgets/layout_builder.dart:449:14)
#54     RenderObject.layout (package:flutter/src/rendering/object.dart:2768:7)
#55     MultiChildLayoutDelegate.layoutChild (package:flutter/src/rendering/custom_layout.dart:180:12)
#56     _ScaffoldLayout.performLayout (package:flutter/src/material/scaffold.dart:1113:7)
#57     MultiChildLayoutDelegate._callPerformLayout (package:flutter/src/rendering/custom_layout.dart:246:7)
#58     RenderCustomMultiChildLayoutBox.performLayout (package:flutter/src/rendering/custom_layout.dart:417:14)
#59     RenderObject.layout (package:flutter/src/rendering/object.dart:2768:7)
#60     RenderProxyBoxMixin.performLayout (package:flutter/src/rendering/proxy_box.dart:118:18)
#61     RenderObject.layout (package:flutter/src/rendering/object.dart:2768:7)
#62     RenderProxyBoxMixin.performLayout (package:flutter/src/rendering/proxy_box.dart:118:18)
#63     _RenderCustomClip.performLayout (package:flutter/src/rendering/proxy_box.dart:1549:11)
#64     RenderObject.layout (package:flutter/src/rendering/object.dart:2768:7)
#65     RenderProxyBoxMixin.performLayout (package:flutter/src/rendering/proxy_box.dart:118:18)
#66     RenderObject.layout (package:flutter/src/rendering/object.dart:2768:7)
#67     RenderProxyBoxMixin.performLayout (package:flutter/src/rendering/proxy_box.dart:118:18)
#68     RenderObject.layout (package:flutter/src/rendering/object.dart:2768:7)
#69     RenderProxyBoxMixin.performLayout (package:flutter/src/rendering/proxy_box.dart:118:18)
#70     RenderObject.layout (package:flutter/src/rendering/object.dart:2768:7)
#71     RenderProxyBoxMixin.performLayout (package:flutter/src/rendering/proxy_box.dart:118:18)
#72     RenderObject.layout (package:flutter/src/rendering/object.dart:2768:7)
#73     RenderProxyBoxMixin.performLayout (package:flutter/src/rendering/proxy_box.dart:118:18)
#74     RenderObject.layout (package:flutter/src/rendering/object.dart:2768:7)
#75     RenderProxyBoxMixin.performLayout (package:flutter/src/rendering/proxy_box.dart:118:18)
#76     RenderObject.layout (package:flutter/src/rendering/object.dart:2768:7)
#77     RenderProxyBoxMixin.performLayout (package:flutter/src/rendering/proxy_box.dart:118:18)
#78     RenderObject.layout (package:flutter/src/rendering/object.dart:2768:7)
#79     RenderProxyBoxMixin.performLayout (package:flutter/src/rendering/proxy_box.dart:118:18)
#80     RenderObject.layout (package:flutter/src/rendering/object.dart:2768:7)
#81     RenderProxyBoxMixin.performLayout (package:flutter/src/rendering/proxy_box.dart:118:18)
#82     RenderObject.layout (package:flutter/src/rendering/object.dart:2768:7)
#83     RenderProxyBoxMixin.performLayout (package:flutter/src/rendering/proxy_box.dart:118:18)
#84     RenderObject.layout (package:flutter/src/rendering/object.dart:2768:7)
#85     RenderProxyBoxMixin.performLayout (package:flutter/src/rendering/proxy_box.dart:118:18)
#86     RenderObject.layout (package:flutter/src/rendering/object.dart:2768:7)
#87     RenderProxyBoxMixin.performLayout (package:flutter/src/rendering/proxy_box.dart:118:18)
#88     RenderObject.layout (package:flutter/src/rendering/object.dart:2768:7)
#89     RenderProxyBoxMixin.performLayout (package:flutter/src/rendering/proxy_box.dart:118:18)
#90     RenderObject.layout (package:flutter/src/rendering/object.dart:2768:7)
#91     RenderProxyBoxMixin.performLayout (package:flutter/src/rendering/proxy_box.dart:118:18)
#92     RenderObject.layout (package:flutter/src/rendering/object.dart:2768:7)
#93     RenderProxyBoxMixin.performLayout (package:flutter/src/rendering/proxy_box.dart:118:18)
#94     RenderObject.layout (package:flutter/src/rendering/object.dart:2768:7)
#95     RenderProxyBoxMixin.performLayout (package:flutter/src/rendering/proxy_box.dart:118:18)
#96     RenderOffstage.performLayout (package:flutter/src/rendering/proxy_box.dart:3923:13)
#97     RenderObject.layout (package:flutter/src/rendering/object.dart:2768:7)
#98     RenderProxyBoxMixin.performLayout (package:flutter/src/rendering/proxy_box.dart:118:18)
#99     RenderObject.layout (package:flutter/src/rendering/object.dart:2768:7)
#100    _RenderTheaterMixin.layoutChild (package:flutter/src/widgets/overlay.dart:1084:13)
#101    _RenderTheater.performLayout (package:flutter/src/widgets/overlay.dart:1429:9)
#102    RenderObject.layout (package:flutter/src/rendering/object.dart:2768:7)
#103    RenderProxyBoxMixin.performLayout (package:flutter/src/rendering/proxy_box.dart:118:18)
#104    RenderObject.layout (package:flutter/src/rendering/object.dart:2768:7)
#105    RenderProxyBoxMixin.performLayout (package:flutter/src/rendering/proxy_box.dart:118:18)
#106    RenderObject.layout (package:flutter/src/rendering/object.dart:2768:7)
#107    RenderProxyBoxMixin.performLayout (package:flutter/src/rendering/proxy_box.dart:118:18)
#108    RenderObject.layout (package:flutter/src/rendering/object.dart:2768:7)
#109    RenderProxyBoxMixin.performLayout (package:flutter/src/rendering/proxy_box.dart:118:18)
#110    RenderCustomPaint.performLayout (package:flutter/src/rendering/custom_paint.dart:574:11)
#111    RenderObject.layout (package:flutter/src/rendering/object.dart:2768:7)
#112    RenderProxyBoxMixin.performLayout (package:flutter/src/rendering/proxy_box.dart:118:18)
#113    RenderObject.layout (package:flutter/src/rendering/object.dart:2768:7)
#114    RenderProxyBoxMixin.performLayout (package:flutter/src/rendering/proxy_box.dart:118:18)
#115    RenderObject.layout (package:flutter/src/rendering/object.dart:2768:7)
#116    RenderProxyBoxMixin.performLayout (package:flutter/src/rendering/proxy_box.dart:118:18)
#117    RenderObject.layout (package:flutter/src/rendering/object.dart:2768:7)
#118    RenderProxyBoxMixin.performLayout (package:flutter/src/rendering/proxy_box.dart:118:18)
#119    RenderObject.layout (package:flutter/src/rendering/object.dart:2768:7)
#120    RenderProxyBoxMixin.performLayout (package:flutter/src/rendering/proxy_box.dart:118:18)
#121    RenderObject.layout (package:flutter/src/rendering/object.dart:2768:7)
#122    RenderProxyBoxMixin.performLayout (package:flutter/src/rendering/proxy_box.dart:118:18)
#123    RenderObject.layout (package:flutter/src/rendering/object.dart:2768:7)
#124    RenderView.performLayout (package:flutter/src/rendering/view.dart:292:12)
#125    RenderObject._layoutWithoutResize (package:flutter/src/rendering/object.dart:2616:7)
#126    PipelineOwner.flushLayout (package:flutter/src/rendering/object.dart:1174:18)
#127    PipelineOwner.flushLayout (package:flutter/src/rendering/object.dart:1187:15)
#128    AutomatedTestWidgetsFlutterBinding.drawFrame (package:flutter_test/src/binding.dart:2133:27)
#129    RendererBinding._handlePersistentFrameCallback (package:flutter/src/rendering/binding.dart:495:5)
#130    SchedulerBinding._invokeFrameCallback (package:flutter/src/scheduler/binding.dart:1430:15)
#131    SchedulerBinding.handleDrawFrame (package:flutter/src/scheduler/binding.dart:1345:9)
#132    AutomatedTestWidgetsFlutterBinding.pump.<anonymous closure> (package:flutter_test/src/binding.dart:1960:9)
#135    TestAsyncUtils.guard (package:flutter_test/src/test_async_utils.dart:74:41)
#136    AutomatedTestWidgetsFlutterBinding.pump (package:flutter_test/src/binding.dart:1949:27)
#137    WidgetTester.pumpWidget.<anonymous closure> (package:flutter_test/src/widget_tester.dart:598:22)
#140    TestAsyncUtils.guard (package:flutter_test/src/test_async_utils.dart:74:41)
#141    WidgetTester.pumpWidget (package:flutter_test/src/widget_tester.dart:595:27)
#142    main.<anonymous closure>.<anonymous closure> (file:///C:/Users/bhara/StudioProjects/simple_billing_app/test/widget/billing_screen_test.dart:28:20)
#143    testWidgets.<anonymous closure>.<anonymous closure> (package:flutter_test/src/widget_tester.dart:192:29)
<asynchronous suspension>
#144    TestWidgetsFlutterBinding._runTestBody (package:flutter_test/src/binding.dart:1682:5)
<asynchronous suspension>
<asynchronous suspension>
(elided 7 frames from class _AssertionError, dart:async, and package:stack_trace)

The following RenderObject was being processed when the exception was fired: RenderIgnorePointer#bb1c2 relayoutBoundary=up22 NEEDS-LAYOUT NEEDS-PAINT NEEDS-COMPOSITING-BITS-UPDATE:
  creator: IgnorePointer ΓåÉ TextFieldTapRegion ΓåÉ MouseRegion ΓåÉ TextField ΓåÉ AbsorbPointer ΓåÉ Listener ΓåÉ
    _GestureSemantics ΓåÉ RawGestureDetector ΓåÉ GestureDetector ΓåÉ Column ΓåÉ Padding ΓåÉ DecoratedBox ΓåÉ Γï»
  parentData: <none> (can use size)
  constraints: BoxConstraints(unconstrained)
  size: MISSING
  ignoring: false
  ignoringSemantics: null
This RenderObject had the following descendants (showing up to depth 5):
    child: RenderSemanticsAnnotations#bf750 relayoutBoundary=up23 NEEDS-PAINT NEEDS-COMPOSITING-BITS-UPDATE
      child: RenderPointerListener#8f4e2 relayoutBoundary=up24 NEEDS-PAINT NEEDS-COMPOSITING-BITS-UPDATE
        child: _RenderDecoration#a3039 relayoutBoundary=up25 NEEDS-PAINT NEEDS-COMPOSITING-BITS-UPDATE
          input: RenderRepaintBoundary#4dd28 NEEDS-LAYOUT NEEDS-PAINT NEEDS-COMPOSITING-BITS-UPDATE
            child: _RenderCompositionCallback#9a191 NEEDS-LAYOUT NEEDS-PAINT NEEDS-COMPOSITING-BITS-UPDATE
          prefixIcon: RenderPositionedBox#dfb96 NEEDS-LAYOUT NEEDS-PAINT NEEDS-COMPOSITING-BITS-UPDATE
            child: RenderMouseRegion#42f66 NEEDS-LAYOUT NEEDS-PAINT NEEDS-COMPOSITING-BITS-UPDATE
          hint: RenderAnimatedOpacity#6da4f NEEDS-LAYOUT NEEDS-PAINT NEEDS-COMPOSITING-BITS-UPDATE
            child: RenderParagraph#b9e4a NEEDS-LAYOUT NEEDS-PAINT
          helperError: RenderConstrainedBox#8e6d6 NEEDS-LAYOUT NEEDS-PAINT
          container: RenderCustomPaint#61f99 NEEDS-LAYOUT NEEDS-PAINT
ΓòÉΓòÉΓòÉΓòÉΓòÉΓòÉΓòÉΓòÉΓòÉΓòÉΓòÉΓòÉΓòÉΓòÉΓòÉΓòÉΓòÉΓòÉΓòÉΓòÉΓòÉΓòÉΓòÉΓòÉΓòÉΓòÉΓòÉΓòÉΓòÉΓòÉΓòÉΓòÉΓòÉΓòÉΓòÉΓòÉΓòÉΓòÉΓòÉΓòÉΓòÉΓòÉΓòÉΓòÉΓòÉΓòÉΓòÉΓòÉΓòÉΓòÉΓòÉΓòÉΓòÉΓòÉΓòÉΓòÉΓòÉΓòÉΓòÉΓòÉΓòÉΓòÉΓòÉΓòÉΓòÉΓòÉΓòÉΓòÉΓòÉΓòÉΓòÉΓòÉΓòÉΓòÉΓòÉΓòÉΓòÉΓòÉΓòÉΓòÉΓòÉΓòÉΓòÉΓòÉΓòÉΓòÉΓòÉΓòÉΓòÉΓòÉΓòÉΓòÉΓòÉΓòÉΓòÉΓòÉΓòÉΓòÉΓòÉΓòÉ
ΓòÉΓòÉΓòí EXCEPTION CAUGHT BY RENDERING LIBRARY Γò₧ΓòÉΓòÉΓòÉΓòÉΓòÉΓòÉΓòÉΓòÉΓòÉΓòÉΓòÉΓòÉΓòÉΓòÉΓòÉΓòÉΓòÉΓòÉΓòÉΓòÉΓòÉΓòÉΓòÉΓòÉΓòÉΓòÉΓòÉΓòÉΓòÉΓòÉΓòÉΓòÉΓòÉΓòÉΓòÉΓòÉΓòÉΓòÉΓòÉΓòÉΓòÉΓòÉΓòÉΓòÉΓòÉΓòÉΓòÉΓòÉΓòÉΓòÉΓòÉΓòÉΓòÉΓòÉΓòÉΓòÉΓòÉ
The following assertion was thrown during performLayout():
RenderBox was not laid out: RenderIgnorePointer#bb1c2 relayoutBoundary=up22 NEEDS-PAINT
NEEDS-COMPOSITING-BITS-UPDATE
'package:flutter/src/rendering/box.dart':
Failed assertion: line 2251 pos 12: 'hasSize'

Either the assertion indicates an error in the framework itself, or we should provide substantially
more information in this error message to help you determine and fix the underlying cause.
In either case, please report this assertion by filing a bug on GitHub:
  https://github.com/flutter/flutter/issues/new?template=02_bug.yml

The relevant error-causing widget was:
  TextField
  TextField:file:///C:/Users/bhara/StudioProjects/simple_billing_app/lib/views/screens/billing_screen.dart:310:22

When the exception was thrown, this was the stack:
#2      RenderBox.size (package:flutter/src/rendering/box.dart:2251:12)
#3      RenderProxyBoxMixin.performLayout (package:flutter/src/rendering/proxy_box.dart:118:62)
#4      RenderObject.layout (package:flutter/src/rendering/object.dart:2768:7)
#5      RenderTapRegion.layout (package:flutter/src/widgets/tap_region.dart:686:11)
#6      RenderProxyBoxMixin.performLayout (package:flutter/src/rendering/proxy_box.dart:118:18)
#7      RenderObject.layout (package:flutter/src/rendering/object.dart:2768:7)
#8      RenderProxyBoxMixin.performLayout (package:flutter/src/rendering/proxy_box.dart:118:18)
#9      RenderObject.layout (package:flutter/src/rendering/object.dart:2768:7)
#10     RenderProxyBoxMixin.performLayout (package:flutter/src/rendering/proxy_box.dart:118:18)
#11     RenderObject.layout (package:flutter/src/rendering/object.dart:2768:7)
#12     RenderProxyBoxMixin.performLayout (package:flutter/src/rendering/proxy_box.dart:118:18)
#13     RenderObject.layout (package:flutter/src/rendering/object.dart:2768:7)
#14     ChildLayoutHelper.layoutChild (package:flutter/src/rendering/layout_helper.dart:62:11)
#15     RenderFlex._computeSizes (package:flutter/src/rendering/flex.dart:1237:28)
#16     RenderFlex.performLayout (package:flutter/src/rendering/flex.dart:1329:32)
#17     RenderObject.layout (package:flutter/src/rendering/object.dart:2768:7)
#18     RenderPadding.performLayout (package:flutter/src/rendering/shifted_box.dart:262:12)
#19     RenderObject.layout (package:flutter/src/rendering/object.dart:2768:7)
#20     RenderProxyBoxMixin.performLayout (package:flutter/src/rendering/proxy_box.dart:118:18)
#21     RenderObject.layout (package:flutter/src/rendering/object.dart:2768:7)
#22     ChildLayoutHelper.layoutChild (package:flutter/src/rendering/layout_helper.dart:62:11)
#23     RenderFlex._computeSizes (package:flutter/src/rendering/flex.dart:1237:28)
#24     RenderFlex.performLayout (package:flutter/src/rendering/flex.dart:1329:32)
#25     RenderObject.layout (package:flutter/src/rendering/object.dart:2768:7)
#26     ChildLayoutHelper.layoutChild (package:flutter/src/rendering/layout_helper.dart:62:11)
#27     RenderFlex._computeSizes (package:flutter/src/rendering/flex.dart:1237:28)
#28     RenderFlex.performLayout (package:flutter/src/rendering/flex.dart:1329:32)
#29     RenderObject.layout (package:flutter/src/rendering/object.dart:2768:7)
#30     _RenderSingleChildViewport.performLayout (package:flutter/src/widgets/single_child_scroll_view.dart:502:14)
#31     RenderObject.layout (package:flutter/src/rendering/object.dart:2768:7)
#32     RenderProxyBoxMixin.performLayout (package:flutter/src/rendering/proxy_box.dart:118:18)
#33     RenderObject.layout (package:flutter/src/rendering/object.dart:2768:7)
#34     RenderProxyBoxMixin.performLayout (package:flutter/src/rendering/proxy_box.dart:118:18)
#35     RenderObject.layout (package:flutter/src/rendering/object.dart:2768:7)
#36     RenderProxyBoxMixin.performLayout (package:flutter/src/rendering/proxy_box.dart:118:18)
#37     RenderObject.layout (package:flutter/src/rendering/object.dart:2768:7)
#38     RenderProxyBoxMixin.performLayout (package:flutter/src/rendering/proxy_box.dart:118:18)
#39     RenderObject.layout (package:flutter/src/rendering/object.dart:2768:7)
#40     RenderProxyBoxMixin.performLayout (package:flutter/src/rendering/proxy_box.dart:118:18)
#41     RenderObject.layout (package:flutter/src/rendering/object.dart:2768:7)
#42     RenderProxyBoxMixin.performLayout (package:flutter/src/rendering/proxy_box.dart:118:18)
#43     RenderObject.layout (package:flutter/src/rendering/object.dart:2768:7)
#44     RenderProxyBoxMixin.performLayout (package:flutter/src/rendering/proxy_box.dart:118:18)
#45     RenderObject.layout (package:flutter/src/rendering/object.dart:2768:7)
#46     RenderProxyBoxMixin.performLayout (package:flutter/src/rendering/proxy_box.dart:118:18)
#47     _RenderCustomClip.performLayout (package:flutter/src/rendering/proxy_box.dart:1549:11)
#48     RenderObject.layout (package:flutter/src/rendering/object.dart:2768:7)
#49     RenderPadding.performLayout (package:flutter/src/rendering/shifted_box.dart:262:12)
#50     RenderObject.layout (package:flutter/src/rendering/object.dart:2768:7)
#51     _RenderLayoutBuilder.performLayout (package:flutter/src/widgets/layout_builder.dart:449:14)
#52     RenderObject.layout (package:flutter/src/rendering/object.dart:2768:7)
#53     MultiChildLayoutDelegate.layoutChild (package:flutter/src/rendering/custom_layout.dart:180:12)
#54     _ScaffoldLayout.performLayout (package:flutter/src/material/scaffold.dart:1113:7)
#55     MultiChildLayoutDelegate._callPerformLayout (package:flutter/src/rendering/custom_layout.dart:246:7)
#56     RenderCustomMultiChildLayoutBox.performLayout (package:flutter/src/rendering/custom_layout.dart:417:14)
#57     RenderObject.layout (package:flutter/src/rendering/object.dart:2768:7)
#58     RenderProxyBoxMixin.performLayout (package:flutter/src/rendering/proxy_box.dart:118:18)
#59     RenderObject.layout (package:flutter/src/rendering/object.dart:2768:7)
#60     RenderProxyBoxMixin.performLayout (package:flutter/src/rendering/proxy_box.dart:118:18)
#61     _RenderCustomClip.performLayout (package:flutter/src/rendering/proxy_box.dart:1549:11)
#62     RenderObject.layout (package:flutter/src/rendering/object.dart:2768:7)
#63     RenderProxyBoxMixin.performLayout (package:flutter/src/rendering/proxy_box.dart:118:18)
#64     RenderObject.layout (package:flutter/src/rendering/object.dart:2768:7)
#65     RenderProxyBoxMixin.performLayout (package:flutter/src/rendering/proxy_box.dart:118:18)
#66     RenderObject.layout (package:flutter/src/rendering/object.dart:2768:7)
#67     RenderProxyBoxMixin.performLayout (package:flutter/src/rendering/proxy_box.dart:118:18)
#68     RenderObject.layout (package:flutter/src/rendering/object.dart:2768:7)
#69     RenderProxyBoxMixin.performLayout (package:flutter/src/rendering/proxy_box.dart:118:18)
#70     RenderObject.layout (package:flutter/src/rendering/object.dart:2768:7)
#71     RenderProxyBoxMixin.performLayout (package:flutter/src/rendering/proxy_box.dart:118:18)
#72     RenderObject.layout (package:flutter/src/rendering/object.dart:2768:7)
#73     RenderProxyBoxMixin.performLayout (package:flutter/src/rendering/proxy_box.dart:118:18)
#74     RenderObject.layout (package:flutter/src/rendering/object.dart:2768:7)
#75     RenderProxyBoxMixin.performLayout (package:flutter/src/rendering/proxy_box.dart:118:18)
#76     RenderObject.layout (package:flutter/src/rendering/object.dart:2768:7)
#77     RenderProxyBoxMixin.performLayout (package:flutter/src/rendering/proxy_box.dart:118:18)
#78     RenderObject.layout (package:flutter/src/rendering/object.dart:2768:7)
#79     RenderProxyBoxMixin.performLayout (package:flutter/src/rendering/proxy_box.dart:118:18)
#80     RenderObject.layout (package:flutter/src/rendering/object.dart:2768:7)
#81     RenderProxyBoxMixin.performLayout (package:flutter/src/rendering/proxy_box.dart:118:18)
#82     RenderObject.layout (package:flutter/src/rendering/object.dart:2768:7)
#83     RenderProxyBoxMixin.performLayout (package:flutter/src/rendering/proxy_box.dart:118:18)
#84     RenderObject.layout (package:flutter/src/rendering/object.dart:2768:7)
#85     RenderProxyBoxMixin.performLayout (package:flutter/src/rendering/proxy_box.dart:118:18)
#86     RenderObject.layout (package:flutter/src/rendering/object.dart:2768:7)
#87     RenderProxyBoxMixin.performLayout (package:flutter/src/rendering/proxy_box.dart:118:18)
#88     RenderObject.layout (package:flutter/src/rendering/object.dart:2768:7)
#89     RenderProxyBoxMixin.performLayout (package:flutter/src/rendering/proxy_box.dart:118:18)
#90     RenderObject.layout (package:flutter/src/rendering/object.dart:2768:7)
#91     RenderProxyBoxMixin.performLayout (package:flutter/src/rendering/proxy_box.dart:118:18)
#92     RenderObject.layout (package:flutter/src/rendering/object.dart:2768:7)
#93     RenderProxyBoxMixin.performLayout (package:flutter/src/rendering/proxy_box.dart:118:18)
#94     RenderOffstage.performLayout (package:flutter/src/rendering/proxy_box.dart:3923:13)
#95     RenderObject.layout (package:flutter/src/rendering/object.dart:2768:7)
#96     RenderProxyBoxMixin.performLayout (package:flutter/src/rendering/proxy_box.dart:118:18)
#97     RenderObject.layout (package:flutter/src/rendering/object.dart:2768:7)
#98     _RenderTheaterMixin.layoutChild (package:flutter/src/widgets/overlay.dart:1084:13)
#99     _RenderTheater.performLayout (package:flutter/src/widgets/overlay.dart:1429:9)
#100    RenderObject.layout (package:flutter/src/rendering/object.dart:2768:7)
#101    RenderProxyBoxMixin.performLayout (package:flutter/src/rendering/proxy_box.dart:118:18)
#102    RenderObject.layout (package:flutter/src/rendering/object.dart:2768:7)
#103    RenderProxyBoxMixin.performLayout (package:flutter/src/rendering/proxy_box.dart:118:18)
#104    RenderObject.layout (package:flutter/src/rendering/object.dart:2768:7)
#105    RenderProxyBoxMixin.performLayout (package:flutter/src/rendering/proxy_box.dart:118:18)
#106    RenderObject.layout (package:flutter/src/rendering/object.dart:2768:7)
#107    RenderProxyBoxMixin.performLayout (package:flutter/src/rendering/proxy_box.dart:118:18)
#108    RenderCustomPaint.performLayout (package:flutter/src/rendering/custom_paint.dart:574:11)
#109    RenderObject.layout (package:flutter/src/rendering/object.dart:2768:7)
#110    RenderProxyBoxMixin.performLayout (package:flutter/src/rendering/proxy_box.dart:118:18)
#111    RenderObject.layout (package:flutter/src/rendering/object.dart:2768:7)
#112    RenderProxyBoxMixin.performLayout (package:flutter/src/rendering/proxy_box.dart:118:18)
#113    RenderObject.layout (package:flutter/src/rendering/object.dart:2768:7)
#114    RenderProxyBoxMixin.performLayout (package:flutter/src/rendering/proxy_box.dart:118:18)
#115    RenderObject.layout (package:flutter/src/rendering/object.dart:2768:7)
#116    RenderProxyBoxMixin.performLayout (package:flutter/src/rendering/proxy_box.dart:118:18)
#117    RenderObject.layout (package:flutter/src/rendering/object.dart:2768:7)
#118    RenderProxyBoxMixin.performLayout (package:flutter/src/rendering/proxy_box.dart:118:18)
#119    RenderObject.layout (package:flutter/src/rendering/object.dart:2768:7)
#120    RenderProxyBoxMixin.performLayout (package:flutter/src/rendering/proxy_box.dart:118:18)
#121    RenderObject.layout (package:flutter/src/rendering/object.dart:2768:7)
#122    RenderView.performLayout (package:flutter/src/rendering/view.dart:292:12)
#123    RenderObject._layoutWithoutResize (package:flutter/src/rendering/object.dart:2616:7)
#124    PipelineOwner.flushLayout (package:flutter/src/rendering/object.dart:1174:18)
#125    PipelineOwner.flushLayout (package:flutter/src/rendering/object.dart:1187:15)
#126    AutomatedTestWidgetsFlutterBinding.drawFrame (package:flutter_test/src/binding.dart:2133:27)
#127    RendererBinding._handlePersistentFrameCallback (package:flutter/src/rendering/binding.dart:495:5)
#128    SchedulerBinding._invokeFrameCallback (package:flutter/src/scheduler/binding.dart:1430:15)
#129    SchedulerBinding.handleDrawFrame (package:flutter/src/scheduler/binding.dart:1345:9)
#130    AutomatedTestWidgetsFlutterBinding.pump.<anonymous closure> (package:flutter_test/src/binding.dart:1960:9)
#133    TestAsyncUtils.guard (package:flutter_test/src/test_async_utils.dart:74:41)
#134    AutomatedTestWidgetsFlutterBinding.pump (package:flutter_test/src/binding.dart:1949:27)
#135    WidgetTester.pumpWidget.<anonymous closure> (package:flutter_test/src/widget_tester.dart:598:22)
#138    TestAsyncUtils.guard (package:flutter_test/src/test_async_utils.dart:74:41)
#139    WidgetTester.pumpWidget (package:flutter_test/src/widget_tester.dart:595:27)
#140    main.<anonymous closure>.<anonymous closure> (file:///C:/Users/bhara/StudioProjects/simple_billing_app/test/widget/billing_screen_test.dart:28:20)
#141    testWidgets.<anonymous closure>.<anonymous closure> (package:flutter_test/src/widget_tester.dart:192:29)
<asynchronous suspension>
#142    TestWidgetsFlutterBinding._runTestBody (package:flutter_test/src/binding.dart:1682:5)
<asynchronous suspension>
<asynchronous suspension>
(elided 7 frames from class _AssertionError, dart:async, and package:stack_trace)

The following RenderObject was being processed when the exception was fired: RenderTapRegion#77525 relayoutBoundary=up21 NEEDS-LAYOUT NEEDS-PAINT NEEDS-COMPOSITING-BITS-UPDATE:
  creator: TextFieldTapRegion ΓåÉ MouseRegion ΓåÉ TextField ΓåÉ AbsorbPointer ΓåÉ Listener ΓåÉ _GestureSemantics
    ΓåÉ RawGestureDetector ΓåÉ GestureDetector ΓåÉ Column ΓåÉ Padding ΓåÉ DecoratedBox ΓåÉ Container ΓåÉ Γï»
  parentData: <none> (can use size)
  constraints: BoxConstraints(unconstrained)
  size: MISSING
  behavior: deferToChild
  groupId: EditableText
This RenderObject had the following descendants (showing up to depth 5):
    child: RenderIgnorePointer#bb1c2 relayoutBoundary=up22 NEEDS-PAINT NEEDS-COMPOSITING-BITS-UPDATE
      child: RenderSemanticsAnnotations#bf750 relayoutBoundary=up23 NEEDS-PAINT NEEDS-COMPOSITING-BITS-UPDATE
        child: RenderPointerListener#8f4e2 relayoutBoundary=up24 NEEDS-PAINT NEEDS-COMPOSITING-BITS-UPDATE
          child: _RenderDecoration#a3039 relayoutBoundary=up25 NEEDS-PAINT NEEDS-COMPOSITING-BITS-UPDATE
            input: RenderRepaintBoundary#4dd28 NEEDS-LAYOUT NEEDS-PAINT NEEDS-COMPOSITING-BITS-UPDATE
            prefixIcon: RenderPositionedBox#dfb96 NEEDS-LAYOUT NEEDS-PAINT NEEDS-COMPOSITING-BITS-UPDATE
            hint: RenderAnimatedOpacity#6da4f NEEDS-LAYOUT NEEDS-PAINT NEEDS-COMPOSITING-BITS-UPDATE
            helperError: RenderConstrainedBox#8e6d6 NEEDS-LAYOUT NEEDS-PAINT
            container: RenderCustomPaint#61f99 NEEDS-LAYOUT NEEDS-PAINT
ΓòÉΓòÉΓòÉΓòÉΓòÉΓòÉΓòÉΓòÉΓòÉΓòÉΓòÉΓòÉΓòÉΓòÉΓòÉΓòÉΓòÉΓòÉΓòÉΓòÉΓòÉΓòÉΓòÉΓòÉΓòÉΓòÉΓòÉΓòÉΓòÉΓòÉΓòÉΓòÉΓòÉΓòÉΓòÉΓòÉΓòÉΓòÉΓòÉΓòÉΓòÉΓòÉΓòÉΓòÉΓòÉΓòÉΓòÉΓòÉΓòÉΓòÉΓòÉΓòÉΓòÉΓòÉΓòÉΓòÉΓòÉΓòÉΓòÉΓòÉΓòÉΓòÉΓòÉΓòÉΓòÉΓòÉΓòÉΓòÉΓòÉΓòÉΓòÉΓòÉΓòÉΓòÉΓòÉΓòÉΓòÉΓòÉΓòÉΓòÉΓòÉΓòÉΓòÉΓòÉΓòÉΓòÉΓòÉΓòÉΓòÉΓòÉΓòÉΓòÉΓòÉΓòÉΓòÉΓòÉΓòÉΓòÉΓòÉΓòÉ
ΓòÉΓòÉΓòí EXCEPTION CAUGHT BY RENDERING LIBRARY Γò₧ΓòÉΓòÉΓòÉΓòÉΓòÉΓòÉΓòÉΓòÉΓòÉΓòÉΓòÉΓòÉΓòÉΓòÉΓòÉΓòÉΓòÉΓòÉΓòÉΓòÉΓòÉΓòÉΓòÉΓòÉΓòÉΓòÉΓòÉΓòÉΓòÉΓòÉΓòÉΓòÉΓòÉΓòÉΓòÉΓòÉΓòÉΓòÉΓòÉΓòÉΓòÉΓòÉΓòÉΓòÉΓòÉΓòÉΓòÉΓòÉΓòÉΓòÉΓòÉΓòÉΓòÉΓòÉΓòÉΓòÉΓòÉ
The following assertion was thrown during performLayout():
RenderBox was not laid out: RenderTapRegion#77525 relayoutBoundary=up21 NEEDS-PAINT
NEEDS-COMPOSITING-BITS-UPDATE
'package:flutter/src/rendering/box.dart':
Failed assertion: line 2251 pos 12: 'hasSize'

Either the assertion indicates an error in the framework itself, or we should provide substantially
more information in this error message to help you determine and fix the underlying cause.
In either case, please report this assertion by filing a bug on GitHub:
  https://github.com/flutter/flutter/issues/new?template=02_bug.yml

The relevant error-causing widget was:
  TextField
  TextField:file:///C:/Users/bhara/StudioProjects/simple_billing_app/lib/views/screens/billing_screen.dart:310:22

When the exception was thrown, this was the stack:
#2      RenderBox.size (package:flutter/src/rendering/box.dart:2251:12)
#3      RenderProxyBoxMixin.performLayout (package:flutter/src/rendering/proxy_box.dart:118:62)
#4      RenderObject.layout (package:flutter/src/rendering/object.dart:2768:7)
#5      RenderProxyBoxMixin.performLayout (package:flutter/src/rendering/proxy_box.dart:118:18)
#6      RenderObject.layout (package:flutter/src/rendering/object.dart:2768:7)
#7      RenderProxyBoxMixin.performLayout (package:flutter/src/rendering/proxy_box.dart:118:18)
#8      RenderObject.layout (package:flutter/src/rendering/object.dart:2768:7)
#9      RenderProxyBoxMixin.performLayout (package:flutter/src/rendering/proxy_box.dart:118:18)
#10     RenderObject.layout (package:flutter/src/rendering/object.dart:2768:7)
#11     ChildLayoutHelper.layoutChild (package:flutter/src/rendering/layout_helper.dart:62:11)
#12     RenderFlex._computeSizes (package:flutter/src/rendering/flex.dart:1237:28)
#13     RenderFlex.performLayout (package:flutter/src/rendering/flex.dart:1329:32)
#14     RenderObject.layout (package:flutter/src/rendering/object.dart:2768:7)
#15     RenderPadding.performLayout (package:flutter/src/rendering/shifted_box.dart:262:12)
#16     RenderObject.layout (package:flutter/src/rendering/object.dart:2768:7)
#17     RenderProxyBoxMixin.performLayout (package:flutter/src/rendering/proxy_box.dart:118:18)
#18     RenderObject.layout (package:flutter/src/rendering/object.dart:2768:7)
#19     ChildLayoutHelper.layoutChild (package:flutter/src/rendering/layout_helper.dart:62:11)
#20     RenderFlex._computeSizes (package:flutter/src/rendering/flex.dart:1237:28)
#21     RenderFlex.performLayout (package:flutter/src/rendering/flex.dart:1329:32)
#22     RenderObject.layout (package:flutter/src/rendering/object.dart:2768:7)
#23     ChildLayoutHelper.layoutChild (package:flutter/src/rendering/layout_helper.dart:62:11)
#24     RenderFlex._computeSizes (package:flutter/src/rendering/flex.dart:1237:28)
#25     RenderFlex.performLayout (package:flutter/src/rendering/flex.dart:1329:32)
#26     RenderObject.layout (package:flutter/src/rendering/object.dart:2768:7)
#27     _RenderSingleChildViewport.performLayout (package:flutter/src/widgets/single_child_scroll_view.dart:502:14)
#28     RenderObject.layout (package:flutter/src/rendering/object.dart:2768:7)
#29     RenderProxyBoxMixin.performLayout (package:flutter/src/rendering/proxy_box.dart:118:18)
#30     RenderObject.layout (package:flutter/src/rendering/object.dart:2768:7)
#31     RenderProxyBoxMixin.performLayout (package:flutter/src/rendering/proxy_box.dart:118:18)
#32     RenderObject.layout (package:flutter/src/rendering/object.dart:2768:7)
#33     RenderProxyBoxMixin.performLayout (package:flutter/src/rendering/proxy_box.dart:118:18)
#34     RenderObject.layout (package:flutter/src/rendering/object.dart:2768:7)
#35     RenderProxyBoxMixin.performLayout (package:flutter/src/rendering/proxy_box.dart:118:18)
#36     RenderObject.layout (package:flutter/src/rendering/object.dart:2768:7)
#37     RenderProxyBoxMixin.performLayout (package:flutter/src/rendering/proxy_box.dart:118:18)
#38     RenderObject.layout (package:flutter/src/rendering/object.dart:2768:7)
#39     RenderProxyBoxMixin.performLayout (package:flutter/src/rendering/proxy_box.dart:118:18)
#40     RenderObject.layout (package:flutter/src/rendering/object.dart:2768:7)
#41     RenderProxyBoxMixin.performLayout (package:flutter/src/rendering/proxy_box.dart:118:18)
#42     RenderObject.layout (package:flutter/src/rendering/object.dart:2768:7)
#43     RenderProxyBoxMixin.performLayout (package:flutter/src/rendering/proxy_box.dart:118:18)
#44     _RenderCustomClip.performLayout (package:flutter/src/rendering/proxy_box.dart:1549:11)
#45     RenderObject.layout (package:flutter/src/rendering/object.dart:2768:7)
#46     RenderPadding.performLayout (package:flutter/src/rendering/shifted_box.dart:262:12)
#47     RenderObject.layout (package:flutter/src/rendering/object.dart:2768:7)
#48     _RenderLayoutBuilder.performLayout (package:flutter/src/widgets/layout_builder.dart:449:14)
#49     RenderObject.layout (package:flutter/src/rendering/object.dart:2768:7)
#50     MultiChildLayoutDelegate.layoutChild (package:flutter/src/rendering/custom_layout.dart:180:12)
#51     _ScaffoldLayout.performLayout (package:flutter/src/material/scaffold.dart:1113:7)
#52     MultiChildLayoutDelegate._callPerformLayout (package:flutter/src/rendering/custom_layout.dart:246:7)
#53     RenderCustomMultiChildLayoutBox.performLayout (package:flutter/src/rendering/custom_layout.dart:417:14)
#54     RenderObject.layout (package:flutter/src/rendering/object.dart:2768:7)
#55     RenderProxyBoxMixin.performLayout (package:flutter/src/rendering/proxy_box.dart:118:18)
#56     RenderObject.layout (package:flutter/src/rendering/object.dart:2768:7)
#57     RenderProxyBoxMixin.performLayout (package:flutter/src/rendering/proxy_box.dart:118:18)
#58     _RenderCustomClip.performLayout (package:flutter/src/rendering/proxy_box.dart:1549:11)
#59     RenderObject.layout (package:flutter/src/rendering/object.dart:2768:7)
#60     RenderProxyBoxMixin.performLayout (package:flutter/src/rendering/proxy_box.dart:118:18)
#61     RenderObject.layout (package:flutter/src/rendering/object.dart:2768:7)
#62     RenderProxyBoxMixin.performLayout (package:flutter/src/rendering/proxy_box.dart:118:18)
#63     RenderObject.layout (package:flutter/src/rendering/object.dart:2768:7)
#64     RenderProxyBoxMixin.performLayout (package:flutter/src/rendering/proxy_box.dart:118:18)
#65     RenderObject.layout (package:flutter/src/rendering/object.dart:2768:7)
#66     RenderProxyBoxMixin.performLayout (package:flutter/src/rendering/proxy_box.dart:118:18)
#67     RenderObject.layout (package:flutter/src/rendering/object.dart:2768:7)
#68     RenderProxyBoxMixin.performLayout (package:flutter/src/rendering/proxy_box.dart:118:18)
#69     RenderObject.layout (package:flutter/src/rendering/object.dart:2768:7)
#70     RenderProxyBoxMixin.performLayout (package:flutter/src/rendering/proxy_box.dart:118:18)
#71     RenderObject.layout (package:flutter/src/rendering/object.dart:2768:7)
#72     RenderProxyBoxMixin.performLayout (package:flutter/src/rendering/proxy_box.dart:118:18)
#73     RenderObject.layout (package:flutter/src/rendering/object.dart:2768:7)
#74     RenderProxyBoxMixin.performLayout (package:flutter/src/rendering/proxy_box.dart:118:18)
#75     RenderObject.layout (package:flutter/src/rendering/object.dart:2768:7)
#76     RenderProxyBoxMixin.performLayout (package:flutter/src/rendering/proxy_box.dart:118:18)
#77     RenderObject.layout (package:flutter/src/rendering/object.dart:2768:7)
#78     RenderProxyBoxMixin.performLayout (package:flutter/src/rendering/proxy_box.dart:118:18)
#79     RenderObject.layout (package:flutter/src/rendering/object.dart:2768:7)
#80     RenderProxyBoxMixin.performLayout (package:flutter/src/rendering/proxy_box.dart:118:18)
#81     RenderObject.layout (package:flutter/src/rendering/object.dart:2768:7)
#82     RenderProxyBoxMixin.performLayout (package:flutter/src/rendering/proxy_box.dart:118:18)
#83     RenderObject.layout (package:flutter/src/rendering/object.dart:2768:7)
#84     RenderProxyBoxMixin.performLayout (package:flutter/src/rendering/proxy_box.dart:118:18)
#85     RenderObject.layout (package:flutter/src/rendering/object.dart:2768:7)
#86     RenderProxyBoxMixin.performLayout (package:flutter/src/rendering/proxy_box.dart:118:18)
#87     RenderObject.layout (package:flutter/src/rendering/object.dart:2768:7)
#88     RenderProxyBoxMixin.performLayout (package:flutter/src/rendering/proxy_box.dart:118:18)
#89     RenderObject.layout (package:flutter/src/rendering/object.dart:2768:7)
#90     RenderProxyBoxMixin.performLayout (package:flutter/src/rendering/proxy_box.dart:118:18)
#91     RenderOffstage.performLayout (package:flutter/src/rendering/proxy_box.dart:3923:13)
#92     RenderObject.layout (package:flutter/src/rendering/object.dart:2768:7)
#93     RenderProxyBoxMixin.performLayout (package:flutter/src/rendering/proxy_box.dart:118:18)
#94     RenderObject.layout (package:flutter/src/rendering/object.dart:2768:7)
#95     _RenderTheaterMixin.layoutChild (package:flutter/src/widgets/overlay.dart:1084:13)
#96     _RenderTheater.performLayout (package:flutter/src/widgets/overlay.dart:1429:9)
#97     RenderObject.layout (package:flutter/src/rendering/object.dart:2768:7)
#98     RenderProxyBoxMixin.performLayout (package:flutter/src/rendering/proxy_box.dart:118:18)
#99     RenderObject.layout (package:flutter/src/rendering/object.dart:2768:7)
#100    RenderProxyBoxMixin.performLayout (package:flutter/src/rendering/proxy_box.dart:118:18)
#101    RenderObject.layout (package:flutter/src/rendering/object.dart:2768:7)
#102    RenderProxyBoxMixin.performLayout (package:flutter/src/rendering/proxy_box.dart:118:18)
#103    RenderObject.layout (package:flutter/src/rendering/object.dart:2768:7)
#104    RenderProxyBoxMixin.performLayout (package:flutter/src/rendering/proxy_box.dart:118:18)
#105    RenderCustomPaint.performLayout (package:flutter/src/rendering/custom_paint.dart:574:11)
#106    RenderObject.layout (package:flutter/src/rendering/object.dart:2768:7)
#107    RenderProxyBoxMixin.performLayout (package:flutter/src/rendering/proxy_box.dart:118:18)
#108    RenderObject.layout (package:flutter/src/rendering/object.dart:2768:7)
#109    RenderProxyBoxMixin.performLayout (package:flutter/src/rendering/proxy_box.dart:118:18)
#110    RenderObject.layout (package:flutter/src/rendering/object.dart:2768:7)
#111    RenderProxyBoxMixin.performLayout (package:flutter/src/rendering/proxy_box.dart:118:18)
#112    RenderObject.layout (package:flutter/src/rendering/object.dart:2768:7)
#113    RenderProxyBoxMixin.performLayout (package:flutter/src/rendering/proxy_box.dart:118:18)
#114    RenderObject.layout (package:flutter/src/rendering/object.dart:2768:7)
#115    RenderProxyBoxMixin.performLayout (package:flutter/src/rendering/proxy_box.dart:118:18)
#116    RenderObject.layout (package:flutter/src/rendering/object.dart:2768:7)
#117    RenderProxyBoxMixin.performLayout (package:flutter/src/rendering/proxy_box.dart:118:18)
#118    RenderObject.layout (package:flutter/src/rendering/object.dart:2768:7)
#119    RenderView.performLayout (package:flutter/src/rendering/view.dart:292:12)
#120    RenderObject._layoutWithoutResize (package:flutter/src/rendering/object.dart:2616:7)
#121    PipelineOwner.flushLayout (package:flutter/src/rendering/object.dart:1174:18)
#122    PipelineOwner.flushLayout (package:flutter/src/rendering/object.dart:1187:15)
#123    AutomatedTestWidgetsFlutterBinding.drawFrame (package:flutter_test/src/binding.dart:2133:27)
#124    RendererBinding._handlePersistentFrameCallback (package:flutter/src/rendering/binding.dart:495:5)
#125    SchedulerBinding._invokeFrameCallback (package:flutter/src/scheduler/binding.dart:1430:15)
#126    SchedulerBinding.handleDrawFrame (package:flutter/src/scheduler/binding.dart:1345:9)
#127    AutomatedTestWidgetsFlutterBinding.pump.<anonymous closure> (package:flutter_test/src/binding.dart:1960:9)
#130    TestAsyncUtils.guard (package:flutter_test/src/test_async_utils.dart:74:41)
#131    AutomatedTestWidgetsFlutterBinding.pump (package:flutter_test/src/binding.dart:1949:27)
#132    WidgetTester.pumpWidget.<anonymous closure> (package:flutter_test/src/widget_tester.dart:598:22)
#135    TestAsyncUtils.guard (package:flutter_test/src/test_async_utils.dart:74:41)
#136    WidgetTester.pumpWidget (package:flutter_test/src/widget_tester.dart:595:27)
#137    main.<anonymous closure>.<anonymous closure> (file:///C:/Users/bhara/StudioProjects/simple_billing_app/test/widget/billing_screen_test.dart:28:20)
#138    testWidgets.<anonymous closure>.<anonymous closure> (package:flutter_test/src/widget_tester.dart:192:29)
<asynchronous suspension>
#139    TestWidgetsFlutterBinding._runTestBody (package:flutter_test/src/binding.dart:1682:5)
<asynchronous suspension>
<asynchronous suspension>
(elided 7 frames from class _AssertionError, dart:async, and package:stack_trace)

The following RenderObject was being processed when the exception was fired: RenderMouseRegion#b8d70 relayoutBoundary=up20 NEEDS-LAYOUT NEEDS-PAINT NEEDS-COMPOSITING-BITS-UPDATE:
  creator: MouseRegion ΓåÉ TextField ΓåÉ AbsorbPointer ΓåÉ Listener ΓåÉ _GestureSemantics ΓåÉ RawGestureDetector
    ΓåÉ GestureDetector ΓåÉ Column ΓåÉ Padding ΓåÉ DecoratedBox ΓåÉ Container ΓåÉ Column ΓåÉ Γï»
  parentData: <none> (can use size)
  constraints: BoxConstraints(unconstrained)
  size: MISSING
  behavior: opaque
  listeners: enter, exit
  cursor: SystemMouseCursor(text)
This RenderObject had the following descendants (showing up to depth 5):
    child: RenderTapRegion#77525 relayoutBoundary=up21 NEEDS-PAINT NEEDS-COMPOSITING-BITS-UPDATE
      child: RenderIgnorePointer#bb1c2 relayoutBoundary=up22 NEEDS-PAINT NEEDS-COMPOSITING-BITS-UPDATE
        child: RenderSemanticsAnnotations#bf750 relayoutBoundary=up23 NEEDS-PAINT NEEDS-COMPOSITING-BITS-UPDATE
          child: RenderPointerListener#8f4e2 relayoutBoundary=up24 NEEDS-PAINT NEEDS-COMPOSITING-BITS-UPDATE
            child: _RenderDecoration#a3039 relayoutBoundary=up25 NEEDS-PAINT NEEDS-COMPOSITING-BITS-UPDATE
ΓòÉΓòÉΓòÉΓòÉΓòÉΓòÉΓòÉΓòÉΓòÉΓòÉΓòÉΓòÉΓòÉΓòÉΓòÉΓòÉΓòÉΓòÉΓòÉΓòÉΓòÉΓòÉΓòÉΓòÉΓòÉΓòÉΓòÉΓòÉΓòÉΓòÉΓòÉΓòÉΓòÉΓòÉΓòÉΓòÉΓòÉΓòÉΓòÉΓòÉΓòÉΓòÉΓòÉΓòÉΓòÉΓòÉΓòÉΓòÉΓòÉΓòÉΓòÉΓòÉΓòÉΓòÉΓòÉΓòÉΓòÉΓòÉΓòÉΓòÉΓòÉΓòÉΓòÉΓòÉΓòÉΓòÉΓòÉΓòÉΓòÉΓòÉΓòÉΓòÉΓòÉΓòÉΓòÉΓòÉΓòÉΓòÉΓòÉΓòÉΓòÉΓòÉΓòÉΓòÉΓòÉΓòÉΓòÉΓòÉΓòÉΓòÉΓòÉΓòÉΓòÉΓòÉΓòÉΓòÉΓòÉΓòÉΓòÉΓòÉ
ΓòÉΓòÉΓòí EXCEPTION CAUGHT BY RENDERING LIBRARY Γò₧ΓòÉΓòÉΓòÉΓòÉΓòÉΓòÉΓòÉΓòÉΓòÉΓòÉΓòÉΓòÉΓòÉΓòÉΓòÉΓòÉΓòÉΓòÉΓòÉΓòÉΓòÉΓòÉΓòÉΓòÉΓòÉΓòÉΓòÉΓòÉΓòÉΓòÉΓòÉΓòÉΓòÉΓòÉΓòÉΓòÉΓòÉΓòÉΓòÉΓòÉΓòÉΓòÉΓòÉΓòÉΓòÉΓòÉΓòÉΓòÉΓòÉΓòÉΓòÉΓòÉΓòÉΓòÉΓòÉΓòÉΓòÉ
The following assertion was thrown during performLayout():
RenderBox was not laid out: RenderMouseRegion#b8d70 relayoutBoundary=up20 NEEDS-PAINT
NEEDS-COMPOSITING-BITS-UPDATE
'package:flutter/src/rendering/box.dart':
Failed assertion: line 2251 pos 12: 'hasSize'

Either the assertion indicates an error in the framework itself, or we should provide substantially
more information in this error message to help you determine and fix the underlying cause.
In either case, please report this assertion by filing a bug on GitHub:
  https://github.com/flutter/flutter/issues/new?template=02_bug.yml

The relevant error-causing widget was:
  AbsorbPointer
  AbsorbPointer:file:///C:/Users/bhara/StudioProjects/simple_billing_app/lib/views/screens/billing_screen.dart:309:20

When the exception was thrown, this was the stack:
#2      RenderBox.size (package:flutter/src/rendering/box.dart:2251:12)
#3      RenderProxyBoxMixin.performLayout (package:flutter/src/rendering/proxy_box.dart:118:62)
#4      RenderObject.layout (package:flutter/src/rendering/object.dart:2768:7)
#5      RenderProxyBoxMixin.performLayout (package:flutter/src/rendering/proxy_box.dart:118:18)
#6      RenderObject.layout (package:flutter/src/rendering/object.dart:2768:7)
#7      RenderProxyBoxMixin.performLayout (package:flutter/src/rendering/proxy_box.dart:118:18)
#8      RenderObject.layout (package:flutter/src/rendering/object.dart:2768:7)
#9      ChildLayoutHelper.layoutChild (package:flutter/src/rendering/layout_helper.dart:62:11)
#10     RenderFlex._computeSizes (package:flutter/src/rendering/flex.dart:1237:28)
#11     RenderFlex.performLayout (package:flutter/src/rendering/flex.dart:1329:32)
#12     RenderObject.layout (package:flutter/src/rendering/object.dart:2768:7)
#13     RenderPadding.performLayout (package:flutter/src/rendering/shifted_box.dart:262:12)
#14     RenderObject.layout (package:flutter/src/rendering/object.dart:2768:7)
#15     RenderProxyBoxMixin.performLayout (package:flutter/src/rendering/proxy_box.dart:118:18)
#16     RenderObject.layout (package:flutter/src/rendering/object.dart:2768:7)
#17     ChildLayoutHelper.layoutChild (package:flutter/src/rendering/layout_helper.dart:62:11)
#18     RenderFlex._computeSizes (package:flutter/src/rendering/flex.dart:1237:28)
#19     RenderFlex.performLayout (package:flutter/src/rendering/flex.dart:1329:32)
#20     RenderObject.layout (package:flutter/src/rendering/object.dart:2768:7)
#21     ChildLayoutHelper.layoutChild (package:flutter/src/rendering/layout_helper.dart:62:11)
#22     RenderFlex._computeSizes (package:flutter/src/rendering/flex.dart:1237:28)
#23     RenderFlex.performLayout (package:flutter/src/rendering/flex.dart:1329:32)
#24     RenderObject.layout (package:flutter/src/rendering/object.dart:2768:7)
#25     _RenderSingleChildViewport.performLayout (package:flutter/src/widgets/single_child_scroll_view.dart:502:14)
#26     RenderObject.layout (package:flutter/src/rendering/object.dart:2768:7)
#27     RenderProxyBoxMixin.performLayout (package:flutter/src/rendering/proxy_box.dart:118:18)
#28     RenderObject.layout (package:flutter/src/rendering/object.dart:2768:7)
#29     RenderProxyBoxMixin.performLayout (package:flutter/src/rendering/proxy_box.dart:118:18)
#30     RenderObject.layout (package:flutter/src/rendering/object.dart:2768:7)
#31     RenderProxyBoxMixin.performLayout (package:flutter/src/rendering/proxy_box.dart:118:18)
#32     RenderObject.layout (package:flutter/src/rendering/object.dart:2768:7)
#33     RenderProxyBoxMixin.performLayout (package:flutter/src/rendering/proxy_box.dart:118:18)
#34     RenderObject.layout (package:flutter/src/rendering/object.dart:2768:7)
#35     RenderProxyBoxMixin.performLayout (package:flutter/src/rendering/proxy_box.dart:118:18)
#36     RenderObject.layout (package:flutter/src/rendering/object.dart:2768:7)
#37     RenderProxyBoxMixin.performLayout (package:flutter/src/rendering/proxy_box.dart:118:18)
#38     RenderObject.layout (package:flutter/src/rendering/object.dart:2768:7)
#39     RenderProxyBoxMixin.performLayout (package:flutter/src/rendering/proxy_box.dart:118:18)
#40     RenderObject.layout (package:flutter/src/rendering/object.dart:2768:7)
#41     RenderProxyBoxMixin.performLayout (package:flutter/src/rendering/proxy_box.dart:118:18)
#42     _RenderCustomClip.performLayout (package:flutter/src/rendering/proxy_box.dart:1549:11)
#43     RenderObject.layout (package:flutter/src/rendering/object.dart:2768:7)
#44     RenderPadding.performLayout (package:flutter/src/rendering/shifted_box.dart:262:12)
#45     RenderObject.layout (package:flutter/src/rendering/object.dart:2768:7)
#46     _RenderLayoutBuilder.performLayout (package:flutter/src/widgets/layout_builder.dart:449:14)
#47     RenderObject.layout (package:flutter/src/rendering/object.dart:2768:7)
#48     MultiChildLayoutDelegate.layoutChild (package:flutter/src/rendering/custom_layout.dart:180:12)
#49     _ScaffoldLayout.performLayout (package:flutter/src/material/scaffold.dart:1113:7)
#50     MultiChildLayoutDelegate._callPerformLayout (package:flutter/src/rendering/custom_layout.dart:246:7)
#51     RenderCustomMultiChildLayoutBox.performLayout (package:flutter/src/rendering/custom_layout.dart:417:14)
#52     RenderObject.layout (package:flutter/src/rendering/object.dart:2768:7)
#53     RenderProxyBoxMixin.performLayout (package:flutter/src/rendering/proxy_box.dart:118:18)
#54     RenderObject.layout (package:flutter/src/rendering/object.dart:2768:7)
#55     RenderProxyBoxMixin.performLayout (package:flutter/src/rendering/proxy_box.dart:118:18)
#56     _RenderCustomClip.performLayout (package:flutter/src/rendering/proxy_box.dart:1549:11)
#57     RenderObject.layout (package:flutter/src/rendering/object.dart:2768:7)
#58     RenderProxyBoxMixin.performLayout (package:flutter/src/rendering/proxy_box.dart:118:18)
#59     RenderObject.layout (package:flutter/src/rendering/object.dart:2768:7)
#60     RenderProxyBoxMixin.performLayout (package:flutter/src/rendering/proxy_box.dart:118:18)
#61     RenderObject.layout (package:flutter/src/rendering/object.dart:2768:7)
#62     RenderProxyBoxMixin.performLayout (package:flutter/src/rendering/proxy_box.dart:118:18)
#63     RenderObject.layout (package:flutter/src/rendering/object.dart:2768:7)
#64     RenderProxyBoxMixin.performLayout (package:flutter/src/rendering/proxy_box.dart:118:18)
#65     RenderObject.layout (package:flutter/src/rendering/object.dart:2768:7)
#66     RenderProxyBoxMixin.performLayout (package:flutter/src/rendering/proxy_box.dart:118:18)
#67     RenderObject.layout (package:flutter/src/rendering/object.dart:2768:7)
#68     RenderProxyBoxMixin.performLayout (package:flutter/src/rendering/proxy_box.dart:118:18)
#69     RenderObject.layout (package:flutter/src/rendering/object.dart:2768:7)
#70     RenderProxyBoxMixin.performLayout (package:flutter/src/rendering/proxy_box.dart:118:18)
#71     RenderObject.layout (package:flutter/src/rendering/object.dart:2768:7)
#72     RenderProxyBoxMixin.performLayout (package:flutter/src/rendering/proxy_box.dart:118:18)
#73     RenderObject.layout (package:flutter/src/rendering/object.dart:2768:7)
#74     RenderProxyBoxMixin.performLayout (package:flutter/src/rendering/proxy_box.dart:118:18)
#75     RenderObject.layout (package:flutter/src/rendering/object.dart:2768:7)
#76     RenderProxyBoxMixin.performLayout (package:flutter/src/rendering/proxy_box.dart:118:18)
#77     RenderObject.layout (package:flutter/src/rendering/object.dart:2768:7)
#78     RenderProxyBoxMixin.performLayout (package:flutter/src/rendering/proxy_box.dart:118:18)
#79     RenderObject.layout (package:flutter/src/rendering/object.dart:2768:7)
#80     RenderProxyBoxMixin.performLayout (package:flutter/src/rendering/proxy_box.dart:118:18)
#81     RenderObject.layout (package:flutter/src/rendering/object.dart:2768:7)
#82     RenderProxyBoxMixin.performLayout (package:flutter/src/rendering/proxy_box.dart:118:18)
#83     RenderObject.layout (package:flutter/src/rendering/object.dart:2768:7)
#84     RenderProxyBoxMixin.performLayout (package:flutter/src/rendering/proxy_box.dart:118:18)
#85     RenderObject.layout (package:flutter/src/rendering/object.dart:2768:7)
#86     RenderProxyBoxMixin.performLayout (package:flutter/src/rendering/proxy_box.dart:118:18)
#87     RenderObject.layout (package:flutter/src/rendering/object.dart:2768:7)
#88     RenderProxyBoxMixin.performLayout (package:flutter/src/rendering/proxy_box.dart:118:18)
#89     RenderOffstage.performLayout (package:flutter/src/rendering/proxy_box.dart:3923:13)
#90     RenderObject.layout (package:flutter/src/rendering/object.dart:2768:7)
#91     RenderProxyBoxMixin.performLayout (package:flutter/src/rendering/proxy_box.dart:118:18)
#92     RenderObject.layout (package:flutter/src/rendering/object.dart:2768:7)
#93     _RenderTheaterMixin.layoutChild (package:flutter/src/widgets/overlay.dart:1084:13)
#94     _RenderTheater.performLayout (package:flutter/src/widgets/overlay.dart:1429:9)
#95     RenderObject.layout (package:flutter/src/rendering/object.dart:2768:7)
#96     RenderProxyBoxMixin.performLayout (package:flutter/src/rendering/proxy_box.dart:118:18)
#97     RenderObject.layout (package:flutter/src/rendering/object.dart:2768:7)
#98     RenderProxyBoxMixin.performLayout (package:flutter/src/rendering/proxy_box.dart:118:18)
#99     RenderObject.layout (package:flutter/src/rendering/object.dart:2768:7)
#100    RenderProxyBoxMixin.performLayout (package:flutter/src/rendering/proxy_box.dart:118:18)
#101    RenderObject.layout (package:flutter/src/rendering/object.dart:2768:7)
#102    RenderProxyBoxMixin.performLayout (package:flutter/src/rendering/proxy_box.dart:118:18)
#103    RenderCustomPaint.performLayout (package:flutter/src/rendering/custom_paint.dart:574:11)
#104    RenderObject.layout (package:flutter/src/rendering/object.dart:2768:7)
#105    RenderProxyBoxMixin.performLayout (package:flutter/src/rendering/proxy_box.dart:118:18)
#106    RenderObject.layout (package:flutter/src/rendering/object.dart:2768:7)
#107    RenderProxyBoxMixin.performLayout (package:flutter/src/rendering/proxy_box.dart:118:18)
#108    RenderObject.layout (package:flutter/src/rendering/object.dart:2768:7)
#109    RenderProxyBoxMixin.performLayout (package:flutter/src/rendering/proxy_box.dart:118:18)
#110    RenderObject.layout (package:flutter/src/rendering/object.dart:2768:7)
#111    RenderProxyBoxMixin.performLayout (package:flutter/src/rendering/proxy_box.dart:118:18)
#112    RenderObject.layout (package:flutter/src/rendering/object.dart:2768:7)
#113    RenderProxyBoxMixin.performLayout (package:flutter/src/rendering/proxy_box.dart:118:18)
#114    RenderObject.layout (package:flutter/src/rendering/object.dart:2768:7)
#115    RenderProxyBoxMixin.performLayout (package:flutter/src/rendering/proxy_box.dart:118:18)
#116    RenderObject.layout (package:flutter/src/rendering/object.dart:2768:7)
#117    RenderView.performLayout (package:flutter/src/rendering/view.dart:292:12)
#118    RenderObject._layoutWithoutResize (package:flutter/src/rendering/object.dart:2616:7)
#119    PipelineOwner.flushLayout (package:flutter/src/rendering/object.dart:1174:18)
#120    PipelineOwner.flushLayout (package:flutter/src/rendering/object.dart:1187:15)
#121    AutomatedTestWidgetsFlutterBinding.drawFrame (package:flutter_test/src/binding.dart:2133:27)
#122    RendererBinding._handlePersistentFrameCallback (package:flutter/src/rendering/binding.dart:495:5)
#123    SchedulerBinding._invokeFrameCallback (package:flutter/src/scheduler/binding.dart:1430:15)
#124    SchedulerBinding.handleDrawFrame (package:flutter/src/scheduler/binding.dart:1345:9)
#125    AutomatedTestWidgetsFlutterBinding.pump.<anonymous closure> (package:flutter_test/src/binding.dart:1960:9)
#128    TestAsyncUtils.guard (package:flutter_test/src/test_async_utils.dart:74:41)
#129    AutomatedTestWidgetsFlutterBinding.pump (package:flutter_test/src/binding.dart:1949:27)
#130    WidgetTester.pumpWidget.<anonymous closure> (package:flutter_test/src/widget_tester.dart:598:22)
#133    TestAsyncUtils.guard (package:flutter_test/src/test_async_utils.dart:74:41)
#134    WidgetTester.pumpWidget (package:flutter_test/src/widget_tester.dart:595:27)
#135    main.<anonymous closure>.<anonymous closure> (file:///C:/Users/bhara/StudioProjects/simple_billing_app/test/widget/billing_screen_test.dart:28:20)
#136    testWidgets.<anonymous closure>.<anonymous closure> (package:flutter_test/src/widget_tester.dart:192:29)
<asynchronous suspension>
#137    TestWidgetsFlutterBinding._runTestBody (package:flutter_test/src/binding.dart:1682:5)
<asynchronous suspension>
<asynchronous suspension>
(elided 7 frames from class _AssertionError, dart:async, and package:stack_trace)

The following RenderObject was being processed when the exception was fired: RenderAbsorbPointer#94f0a relayoutBoundary=up19 NEEDS-LAYOUT NEEDS-PAINT NEEDS-COMPOSITING-BITS-UPDATE:
  creator: AbsorbPointer ΓåÉ Listener ΓåÉ _GestureSemantics ΓåÉ RawGestureDetector ΓåÉ GestureDetector ΓåÉ
    Column ΓåÉ Padding ΓåÉ DecoratedBox ΓåÉ Container ΓåÉ Column ΓåÉ Row ΓåÉ _SingleChildViewport ΓåÉ Γï»
  parentData: <none> (can use size)
  constraints: BoxConstraints(unconstrained)
  size: MISSING
  absorbing: true
  ignoringSemantics: null
This RenderObject had the following descendants (showing up to depth 5):
    child: RenderMouseRegion#b8d70 relayoutBoundary=up20 NEEDS-PAINT NEEDS-COMPOSITING-BITS-UPDATE
      child: RenderTapRegion#77525 relayoutBoundary=up21 NEEDS-PAINT NEEDS-COMPOSITING-BITS-UPDATE
        child: RenderIgnorePointer#bb1c2 relayoutBoundary=up22 NEEDS-PAINT NEEDS-COMPOSITING-BITS-UPDATE
          child: RenderSemanticsAnnotations#bf750 relayoutBoundary=up23 NEEDS-PAINT NEEDS-COMPOSITING-BITS-UPDATE
            child: RenderPointerListener#8f4e2 relayoutBoundary=up24 NEEDS-PAINT NEEDS-COMPOSITING-BITS-UPDATE
ΓòÉΓòÉΓòÉΓòÉΓòÉΓòÉΓòÉΓòÉΓòÉΓòÉΓòÉΓòÉΓòÉΓòÉΓòÉΓòÉΓòÉΓòÉΓòÉΓòÉΓòÉΓòÉΓòÉΓòÉΓòÉΓòÉΓòÉΓòÉΓòÉΓòÉΓòÉΓòÉΓòÉΓòÉΓòÉΓòÉΓòÉΓòÉΓòÉΓòÉΓòÉΓòÉΓòÉΓòÉΓòÉΓòÉΓòÉΓòÉΓòÉΓòÉΓòÉΓòÉΓòÉΓòÉΓòÉΓòÉΓòÉΓòÉΓòÉΓòÉΓòÉΓòÉΓòÉΓòÉΓòÉΓòÉΓòÉΓòÉΓòÉΓòÉΓòÉΓòÉΓòÉΓòÉΓòÉΓòÉΓòÉΓòÉΓòÉΓòÉΓòÉΓòÉΓòÉΓòÉΓòÉΓòÉΓòÉΓòÉΓòÉΓòÉΓòÉΓòÉΓòÉΓòÉΓòÉΓòÉΓòÉΓòÉΓòÉΓòÉ
ΓòÉΓòÉΓòí EXCEPTION CAUGHT BY RENDERING LIBRARY Γò₧ΓòÉΓòÉΓòÉΓòÉΓòÉΓòÉΓòÉΓòÉΓòÉΓòÉΓòÉΓòÉΓòÉΓòÉΓòÉΓòÉΓòÉΓòÉΓòÉΓòÉΓòÉΓòÉΓòÉΓòÉΓòÉΓòÉΓòÉΓòÉΓòÉΓòÉΓòÉΓòÉΓòÉΓòÉΓòÉΓòÉΓòÉΓòÉΓòÉΓòÉΓòÉΓòÉΓòÉΓòÉΓòÉΓòÉΓòÉΓòÉΓòÉΓòÉΓòÉΓòÉΓòÉΓòÉΓòÉΓòÉΓòÉ
The following assertion was thrown during performLayout():
RenderBox was not laid out: RenderAbsorbPointer#94f0a relayoutBoundary=up19 NEEDS-PAINT
NEEDS-COMPOSITING-BITS-UPDATE
'package:flutter/src/rendering/box.dart':
Failed assertion: line 2251 pos 12: 'hasSize'

Either the assertion indicates an error in the framework itself, or we should provide substantially
more information in this error message to help you determine and fix the underlying cause.
In either case, please report this assertion by filing a bug on GitHub:
  https://github.com/flutter/flutter/issues/new?template=02_bug.yml

The relevant error-causing widget was:
  GestureDetector
  GestureDetector:file:///C:/Users/bhara/StudioProjects/simple_billing_app/lib/views/screens/billing_screen.dart:307:11

When the exception was thrown, this was the stack:
#2      RenderBox.size (package:flutter/src/rendering/box.dart:2251:12)
#3      RenderProxyBoxMixin.performLayout (package:flutter/src/rendering/proxy_box.dart:118:62)
#4      RenderObject.layout (package:flutter/src/rendering/object.dart:2768:7)
#5      RenderProxyBoxMixin.performLayout (package:flutter/src/rendering/proxy_box.dart:118:18)
#6      RenderObject.layout (package:flutter/src/rendering/object.dart:2768:7)
#7      ChildLayoutHelper.layoutChild (package:flutter/src/rendering/layout_helper.dart:62:11)
#8      RenderFlex._computeSizes (package:flutter/src/rendering/flex.dart:1237:28)
#9      RenderFlex.performLayout (package:flutter/src/rendering/flex.dart:1329:32)
#10     RenderObject.layout (package:flutter/src/rendering/object.dart:2768:7)
#11     RenderPadding.performLayout (package:flutter/src/rendering/shifted_box.dart:262:12)
#12     RenderObject.layout (package:flutter/src/rendering/object.dart:2768:7)
#13     RenderProxyBoxMixin.performLayout (package:flutter/src/rendering/proxy_box.dart:118:18)
#14     RenderObject.layout (package:flutter/src/rendering/object.dart:2768:7)
#15     ChildLayoutHelper.layoutChild (package:flutter/src/rendering/layout_helper.dart:62:11)
#16     RenderFlex._computeSizes (package:flutter/src/rendering/flex.dart:1237:28)
#17     RenderFlex.performLayout (package:flutter/src/rendering/flex.dart:1329:32)
#18     RenderObject.layout (package:flutter/src/rendering/object.dart:2768:7)
#19     ChildLayoutHelper.layoutChild (package:flutter/src/rendering/layout_helper.dart:62:11)
#20     RenderFlex._computeSizes (package:flutter/src/rendering/flex.dart:1237:28)
#21     RenderFlex.performLayout (package:flutter/src/rendering/flex.dart:1329:32)
#22     RenderObject.layout (package:flutter/src/rendering/object.dart:2768:7)
#23     _RenderSingleChildViewport.performLayout (package:flutter/src/widgets/single_child_scroll_view.dart:502:14)
#24     RenderObject.layout (package:flutter/src/rendering/object.dart:2768:7)
#25     RenderProxyBoxMixin.performLayout (package:flutter/src/rendering/proxy_box.dart:118:18)
#26     RenderObject.layout (package:flutter/src/rendering/object.dart:2768:7)
#27     RenderProxyBoxMixin.performLayout (package:flutter/src/rendering/proxy_box.dart:118:18)
#28     RenderObject.layout (package:flutter/src/rendering/object.dart:2768:7)
#29     RenderProxyBoxMixin.performLayout (package:flutter/src/rendering/proxy_box.dart:118:18)
#30     RenderObject.layout (package:flutter/src/rendering/object.dart:2768:7)
#31     RenderProxyBoxMixin.performLayout (package:flutter/src/rendering/proxy_box.dart:118:18)
#32     RenderObject.layout (package:flutter/src/rendering/object.dart:2768:7)
#33     RenderProxyBoxMixin.performLayout (package:flutter/src/rendering/proxy_box.dart:118:18)
#34     RenderObject.layout (package:flutter/src/rendering/object.dart:2768:7)
#35     RenderProxyBoxMixin.performLayout (package:flutter/src/rendering/proxy_box.dart:118:18)
#36     RenderObject.layout (package:flutter/src/rendering/object.dart:2768:7)
#37     RenderProxyBoxMixin.performLayout (package:flutter/src/rendering/proxy_box.dart:118:18)
#38     RenderObject.layout (package:flutter/src/rendering/object.dart:2768:7)
#39     RenderProxyBoxMixin.performLayout (package:flutter/src/rendering/proxy_box.dart:118:18)
#40     _RenderCustomClip.performLayout (package:flutter/src/rendering/proxy_box.dart:1549:11)
#41     RenderObject.layout (package:flutter/src/rendering/object.dart:2768:7)
#42     RenderPadding.performLayout (package:flutter/src/rendering/shifted_box.dart:262:12)
#43     RenderObject.layout (package:flutter/src/rendering/object.dart:2768:7)
#44     _RenderLayoutBuilder.performLayout (package:flutter/src/widgets/layout_builder.dart:449:14)
#45     RenderObject.layout (package:flutter/src/rendering/object.dart:2768:7)
#46     MultiChildLayoutDelegate.layoutChild (package:flutter/src/rendering/custom_layout.dart:180:12)
#47     _ScaffoldLayout.performLayout (package:flutter/src/material/scaffold.dart:1113:7)
#48     MultiChildLayoutDelegate._callPerformLayout (package:flutter/src/rendering/custom_layout.dart:246:7)
#49     RenderCustomMultiChildLayoutBox.performLayout (package:flutter/src/rendering/custom_layout.dart:417:14)
#50     RenderObject.layout (package:flutter/src/rendering/object.dart:2768:7)
#51     RenderProxyBoxMixin.performLayout (package:flutter/src/rendering/proxy_box.dart:118:18)
#52     RenderObject.layout (package:flutter/src/rendering/object.dart:2768:7)
#53     RenderProxyBoxMixin.performLayout (package:flutter/src/rendering/proxy_box.dart:118:18)
#54     _RenderCustomClip.performLayout (package:flutter/src/rendering/proxy_box.dart:1549:11)
#55     RenderObject.layout (package:flutter/src/rendering/object.dart:2768:7)
#56     RenderProxyBoxMixin.performLayout (package:flutter/src/rendering/proxy_box.dart:118:18)
#57     RenderObject.layout (package:flutter/src/rendering/object.dart:2768:7)
#58     RenderProxyBoxMixin.performLayout (package:flutter/src/rendering/proxy_box.dart:118:18)
#59     RenderObject.layout (package:flutter/src/rendering/object.dart:2768:7)
#60     RenderProxyBoxMixin.performLayout (package:flutter/src/rendering/proxy_box.dart:118:18)
#61     RenderObject.layout (package:flutter/src/rendering/object.dart:2768:7)
#62     RenderProxyBoxMixin.performLayout (package:flutter/src/rendering/proxy_box.dart:118:18)
#63     RenderObject.layout (package:flutter/src/rendering/object.dart:2768:7)
#64     RenderProxyBoxMixin.performLayout (package:flutter/src/rendering/proxy_box.dart:118:18)
#65     RenderObject.layout (package:flutter/src/rendering/object.dart:2768:7)
#66     RenderProxyBoxMixin.performLayout (package:flutter/src/rendering/proxy_box.dart:118:18)
#67     RenderObject.layout (package:flutter/src/rendering/object.dart:2768:7)
#68     RenderProxyBoxMixin.performLayout (package:flutter/src/rendering/proxy_box.dart:118:18)
#69     RenderObject.layout (package:flutter/src/rendering/object.dart:2768:7)
#70     RenderProxyBoxMixin.performLayout (package:flutter/src/rendering/proxy_box.dart:118:18)
#71     RenderObject.layout (package:flutter/src/rendering/object.dart:2768:7)
#72     RenderProxyBoxMixin.performLayout (package:flutter/src/rendering/proxy_box.dart:118:18)
#73     RenderObject.layout (package:flutter/src/rendering/object.dart:2768:7)
#74     RenderProxyBoxMixin.performLayout (package:flutter/src/rendering/proxy_box.dart:118:18)
#75     RenderObject.layout (package:flutter/src/rendering/object.dart:2768:7)
#76     RenderProxyBoxMixin.performLayout (package:flutter/src/rendering/proxy_box.dart:118:18)
#77     RenderObject.layout (package:flutter/src/rendering/object.dart:2768:7)
#78     RenderProxyBoxMixin.performLayout (package:flutter/src/rendering/proxy_box.dart:118:18)
#79     RenderObject.layout (package:flutter/src/rendering/object.dart:2768:7)
#80     RenderProxyBoxMixin.performLayout (package:flutter/src/rendering/proxy_box.dart:118:18)
#81     RenderObject.layout (package:flutter/src/rendering/object.dart:2768:7)
#82     RenderProxyBoxMixin.performLayout (package:flutter/src/rendering/proxy_box.dart:118:18)
#83     RenderObject.layout (package:flutter/src/rendering/object.dart:2768:7)
#84     RenderProxyBoxMixin.performLayout (package:flutter/src/rendering/proxy_box.dart:118:18)
#85     RenderObject.layout (package:flutter/src/rendering/object.dart:2768:7)
#86     RenderProxyBoxMixin.performLayout (package:flutter/src/rendering/proxy_box.dart:118:18)
#87     RenderOffstage.performLayout (package:flutter/src/rendering/proxy_box.dart:3923:13)
#88     RenderObject.layout (package:flutter/src/rendering/object.dart:2768:7)
#89     RenderProxyBoxMixin.performLayout (package:flutter/src/rendering/proxy_box.dart:118:18)
#90     RenderObject.layout (package:flutter/src/rendering/object.dart:2768:7)
#91     _RenderTheaterMixin.layoutChild (package:flutter/src/widgets/overlay.dart:1084:13)
#92     _RenderTheater.performLayout (package:flutter/src/widgets/overlay.dart:1429:9)
#93     RenderObject.layout (package:flutter/src/rendering/object.dart:2768:7)
#94     RenderProxyBoxMixin.performLayout (package:flutter/src/rendering/proxy_box.dart:118:18)
#95     RenderObject.layout (package:flutter/src/rendering/object.dart:2768:7)
#96     RenderProxyBoxMixin.performLayout (package:flutter/src/rendering/proxy_box.dart:118:18)
#97     RenderObject.layout (package:flutter/src/rendering/object.dart:2768:7)
#98     RenderProxyBoxMixin.performLayout (package:flutter/src/rendering/proxy_box.dart:118:18)
#99     RenderObject.layout (package:flutter/src/rendering/object.dart:2768:7)
#100    RenderProxyBoxMixin.performLayout (package:flutter/src/rendering/proxy_box.dart:118:18)
#101    RenderCustomPaint.performLayout (package:flutter/src/rendering/custom_paint.dart:574:11)
#102    RenderObject.layout (package:flutter/src/rendering/object.dart:2768:7)
#103    RenderProxyBoxMixin.performLayout (package:flutter/src/rendering/proxy_box.dart:118:18)
#104    RenderObject.layout (package:flutter/src/rendering/object.dart:2768:7)
#105    RenderProxyBoxMixin.performLayout (package:flutter/src/rendering/proxy_box.dart:118:18)
#106    RenderObject.layout (package:flutter/src/rendering/object.dart:2768:7)
#107    RenderProxyBoxMixin.performLayout (package:flutter/src/rendering/proxy_box.dart:118:18)
#108    RenderObject.layout (package:flutter/src/rendering/object.dart:2768:7)
#109    RenderProxyBoxMixin.performLayout (package:flutter/src/rendering/proxy_box.dart:118:18)
#110    RenderObject.layout (package:flutter/src/rendering/object.dart:2768:7)
#111    RenderProxyBoxMixin.performLayout (package:flutter/src/rendering/proxy_box.dart:118:18)
#112    RenderObject.layout (package:flutter/src/rendering/object.dart:2768:7)
#113    RenderProxyBoxMixin.performLayout (package:flutter/src/rendering/proxy_box.dart:118:18)
#114    RenderObject.layout (package:flutter/src/rendering/object.dart:2768:7)
#115    RenderView.performLayout (package:flutter/src/rendering/view.dart:292:12)
#116    RenderObject._layoutWithoutResize (package:flutter/src/rendering/object.dart:2616:7)
#117    PipelineOwner.flushLayout (package:flutter/src/rendering/object.dart:1174:18)
#118    PipelineOwner.flushLayout (package:flutter/src/rendering/object.dart:1187:15)
#119    AutomatedTestWidgetsFlutterBinding.drawFrame (package:flutter_test/src/binding.dart:2133:27)
#120    RendererBinding._handlePersistentFrameCallback (package:flutter/src/rendering/binding.dart:495:5)
#121    SchedulerBinding._invokeFrameCallback (package:flutter/src/scheduler/binding.dart:1430:15)
#122    SchedulerBinding.handleDrawFrame (package:flutter/src/scheduler/binding.dart:1345:9)
#123    AutomatedTestWidgetsFlutterBinding.pump.<anonymous closure> (package:flutter_test/src/binding.dart:1960:9)
#126    TestAsyncUtils.guard (package:flutter_test/src/test_async_utils.dart:74:41)
#127    AutomatedTestWidgetsFlutterBinding.pump (package:flutter_test/src/binding.dart:1949:27)
#128    WidgetTester.pumpWidget.<anonymous closure> (package:flutter_test/src/widget_tester.dart:598:22)
#131    TestAsyncUtils.guard (package:flutter_test/src/test_async_utils.dart:74:41)
#132    WidgetTester.pumpWidget (package:flutter_test/src/widget_tester.dart:595:27)
#133    main.<anonymous closure>.<anonymous closure> (file:///C:/Users/bhara/StudioProjects/simple_billing_app/test/widget/billing_screen_test.dart:28:20)
#134    testWidgets.<anonymous closure>.<anonymous closure> (package:flutter_test/src/widget_tester.dart:192:29)
<asynchronous suspension>
#135    TestWidgetsFlutterBinding._runTestBody (package:flutter_test/src/binding.dart:1682:5)
<asynchronous suspension>
<asynchronous suspension>
(elided 7 frames from class _AssertionError, dart:async, and package:stack_trace)

The following RenderObject was being processed when the exception was fired: RenderPointerListener#6f879 relayoutBoundary=up18 NEEDS-LAYOUT NEEDS-PAINT NEEDS-COMPOSITING-BITS-UPDATE:
  creator: Listener ΓåÉ _GestureSemantics ΓåÉ RawGestureDetector ΓåÉ GestureDetector ΓåÉ Column ΓåÉ Padding ΓåÉ
    DecoratedBox ΓåÉ Container ΓåÉ Column ΓåÉ Row ΓåÉ _SingleChildViewport ΓåÉ IgnorePointer-[GlobalKey#a7f4f] ΓåÉ
    Γï»
  parentData: <none> (can use size)
  constraints: BoxConstraints(unconstrained)
  size: MISSING
  behavior: deferToChild
  listeners: down, panZoomStart
This RenderObject had the following descendants (showing up to depth 5):
    child: RenderAbsorbPointer#94f0a relayoutBoundary=up19 NEEDS-PAINT NEEDS-COMPOSITING-BITS-UPDATE
      child: RenderMouseRegion#b8d70 relayoutBoundary=up20 NEEDS-PAINT NEEDS-COMPOSITING-BITS-UPDATE
        child: RenderTapRegion#77525 relayoutBoundary=up21 NEEDS-PAINT NEEDS-COMPOSITING-BITS-UPDATE
          child: RenderIgnorePointer#bb1c2 relayoutBoundary=up22 NEEDS-PAINT NEEDS-COMPOSITING-BITS-UPDATE
            child: RenderSemanticsAnnotations#bf750 relayoutBoundary=up23 NEEDS-PAINT NEEDS-COMPOSITING-BITS-UPDATE
ΓòÉΓòÉΓòÉΓòÉΓòÉΓòÉΓòÉΓòÉΓòÉΓòÉΓòÉΓòÉΓòÉΓòÉΓòÉΓòÉΓòÉΓòÉΓòÉΓòÉΓòÉΓòÉΓòÉΓòÉΓòÉΓòÉΓòÉΓòÉΓòÉΓòÉΓòÉΓòÉΓòÉΓòÉΓòÉΓòÉΓòÉΓòÉΓòÉΓòÉΓòÉΓòÉΓòÉΓòÉΓòÉΓòÉΓòÉΓòÉΓòÉΓòÉΓòÉΓòÉΓòÉΓòÉΓòÉΓòÉΓòÉΓòÉΓòÉΓòÉΓòÉΓòÉΓòÉΓòÉΓòÉΓòÉΓòÉΓòÉΓòÉΓòÉΓòÉΓòÉΓòÉΓòÉΓòÉΓòÉΓòÉΓòÉΓòÉΓòÉΓòÉΓòÉΓòÉΓòÉΓòÉΓòÉΓòÉΓòÉΓòÉΓòÉΓòÉΓòÉΓòÉΓòÉΓòÉΓòÉΓòÉΓòÉΓòÉΓòÉ
ΓòÉΓòÉΓòí EXCEPTION CAUGHT BY RENDERING LIBRARY Γò₧ΓòÉΓòÉΓòÉΓòÉΓòÉΓòÉΓòÉΓòÉΓòÉΓòÉΓòÉΓòÉΓòÉΓòÉΓòÉΓòÉΓòÉΓòÉΓòÉΓòÉΓòÉΓòÉΓòÉΓòÉΓòÉΓòÉΓòÉΓòÉΓòÉΓòÉΓòÉΓòÉΓòÉΓòÉΓòÉΓòÉΓòÉΓòÉΓòÉΓòÉΓòÉΓòÉΓòÉΓòÉΓòÉΓòÉΓòÉΓòÉΓòÉΓòÉΓòÉΓòÉΓòÉΓòÉΓòÉΓòÉΓòÉ
The following assertion was thrown during performLayout():
RenderBox was not laid out: RenderPointerListener#6f879 relayoutBoundary=up18 NEEDS-PAINT
NEEDS-COMPOSITING-BITS-UPDATE
'package:flutter/src/rendering/box.dart':
Failed assertion: line 2251 pos 12: 'hasSize'

Either the assertion indicates an error in the framework itself, or we should provide substantially
more information in this error message to help you determine and fix the underlying cause.
In either case, please report this assertion by filing a bug on GitHub:
  https://github.com/flutter/flutter/issues/new?template=02_bug.yml

The relevant error-causing widget was:
  GestureDetector
  GestureDetector:file:///C:/Users/bhara/StudioProjects/simple_billing_app/lib/views/screens/billing_screen.dart:307:11

When the exception was thrown, this was the stack:
#2      RenderBox.size (package:flutter/src/rendering/box.dart:2251:12)
#3      RenderProxyBoxMixin.performLayout (package:flutter/src/rendering/proxy_box.dart:118:62)
#4      RenderObject.layout (package:flutter/src/rendering/object.dart:2768:7)
#5      ChildLayoutHelper.layoutChild (package:flutter/src/rendering/layout_helper.dart:62:11)
#6      RenderFlex._computeSizes (package:flutter/src/rendering/flex.dart:1237:28)
#7      RenderFlex.performLayout (package:flutter/src/rendering/flex.dart:1329:32)
#8      RenderObject.layout (package:flutter/src/rendering/object.dart:2768:7)
#9      RenderPadding.performLayout (package:flutter/src/rendering/shifted_box.dart:262:12)
#10     RenderObject.layout (package:flutter/src/rendering/object.dart:2768:7)
#11     RenderProxyBoxMixin.performLayout (package:flutter/src/rendering/proxy_box.dart:118:18)
#12     RenderObject.layout (package:flutter/src/rendering/object.dart:2768:7)
#13     ChildLayoutHelper.layoutChild (package:flutter/src/rendering/layout_helper.dart:62:11)
#14     RenderFlex._computeSizes (package:flutter/src/rendering/flex.dart:1237:28)
#15     RenderFlex.performLayout (package:flutter/src/rendering/flex.dart:1329:32)
#16     RenderObject.layout (package:flutter/src/rendering/object.dart:2768:7)
#17     ChildLayoutHelper.layoutChild (package:flutter/src/rendering/layout_helper.dart:62:11)
#18     RenderFlex._computeSizes (package:flutter/src/rendering/flex.dart:1237:28)
#19     RenderFlex.performLayout (package:flutter/src/rendering/flex.dart:1329:32)
#20     RenderObject.layout (package:flutter/src/rendering/object.dart:2768:7)
#21     _RenderSingleChildViewport.performLayout (package:flutter/src/widgets/single_child_scroll_view.dart:502:14)
#22     RenderObject.layout (package:flutter/src/rendering/object.dart:2768:7)
#23     RenderProxyBoxMixin.performLayout (package:flutter/src/rendering/proxy_box.dart:118:18)
#24     RenderObject.layout (package:flutter/src/rendering/object.dart:2768:7)
#25     RenderProxyBoxMixin.performLayout (package:flutter/src/rendering/proxy_box.dart:118:18)
#26     RenderObject.layout (package:flutter/src/rendering/object.dart:2768:7)
#27     RenderProxyBoxMixin.performLayout (package:flutter/src/rendering/proxy_box.dart:118:18)
#28     RenderObject.layout (package:flutter/src/rendering/object.dart:2768:7)
#29     RenderProxyBoxMixin.performLayout (package:flutter/src/rendering/proxy_box.dart:118:18)
#30     RenderObject.layout (package:flutter/src/rendering/object.dart:2768:7)
#31     RenderProxyBoxMixin.performLayout (package:flutter/src/rendering/proxy_box.dart:118:18)
#32     RenderObject.layout (package:flutter/src/rendering/object.dart:2768:7)
#33     RenderProxyBoxMixin.performLayout (package:flutter/src/rendering/proxy_box.dart:118:18)
#34     RenderObject.layout (package:flutter/src/rendering/object.dart:2768:7)
#35     RenderProxyBoxMixin.performLayout (package:flutter/src/rendering/proxy_box.dart:118:18)
#36     RenderObject.layout (package:flutter/src/rendering/object.dart:2768:7)
#37     RenderProxyBoxMixin.performLayout (package:flutter/src/rendering/proxy_box.dart:118:18)
#38     _RenderCustomClip.performLayout (package:flutter/src/rendering/proxy_box.dart:1549:11)
#39     RenderObject.layout (package:flutter/src/rendering/object.dart:2768:7)
#40     RenderPadding.performLayout (package:flutter/src/rendering/shifted_box.dart:262:12)
#41     RenderObject.layout (package:flutter/src/rendering/object.dart:2768:7)
#42     _RenderLayoutBuilder.performLayout (package:flutter/src/widgets/layout_builder.dart:449:14)
#43     RenderObject.layout (package:flutter/src/rendering/object.dart:2768:7)
#44     MultiChildLayoutDelegate.layoutChild (package:flutter/src/rendering/custom_layout.dart:180:12)
#45     _ScaffoldLayout.performLayout (package:flutter/src/material/scaffold.dart:1113:7)
#46     MultiChildLayoutDelegate._callPerformLayout (package:flutter/src/rendering/custom_layout.dart:246:7)
#47     RenderCustomMultiChildLayoutBox.performLayout (package:flutter/src/rendering/custom_layout.dart:417:14)
#48     RenderObject.layout (package:flutter/src/rendering/object.dart:2768:7)
#49     RenderProxyBoxMixin.performLayout (package:flutter/src/rendering/proxy_box.dart:118:18)
#50     RenderObject.layout (package:flutter/src/rendering/object.dart:2768:7)
#51     RenderProxyBoxMixin.performLayout (package:flutter/src/rendering/proxy_box.dart:118:18)
#52     _RenderCustomClip.performLayout (package:flutter/src/rendering/proxy_box.dart:1549:11)
#53     RenderObject.layout (package:flutter/src/rendering/object.dart:2768:7)
#54     RenderProxyBoxMixin.performLayout (package:flutter/src/rendering/proxy_box.dart:118:18)
#55     RenderObject.layout (package:flutter/src/rendering/object.dart:2768:7)
#56     RenderProxyBoxMixin.performLayout (package:flutter/src/rendering/proxy_box.dart:118:18)
#57     RenderObject.layout (package:flutter/src/rendering/object.dart:2768:7)
#58     RenderProxyBoxMixin.performLayout (package:flutter/src/rendering/proxy_box.dart:118:18)
#59     RenderObject.layout (package:flutter/src/rendering/object.dart:2768:7)
#60     RenderProxyBoxMixin.performLayout (package:flutter/src/rendering/proxy_box.dart:118:18)
#61     RenderObject.layout (package:flutter/src/rendering/object.dart:2768:7)
#62     RenderProxyBoxMixin.performLayout (package:flutter/src/rendering/proxy_box.dart:118:18)
#63     RenderObject.layout (package:flutter/src/rendering/object.dart:2768:7)
#64     RenderProxyBoxMixin.performLayout (package:flutter/src/rendering/proxy_box.dart:118:18)
#65     RenderObject.layout (package:flutter/src/rendering/object.dart:2768:7)
#66     RenderProxyBoxMixin.performLayout (package:flutter/src/rendering/proxy_box.dart:118:18)
#67     RenderObject.layout (package:flutter/src/rendering/object.dart:2768:7)
#68     RenderProxyBoxMixin.performLayout (package:flutter/src/rendering/proxy_box.dart:118:18)
#69     RenderObject.layout (package:flutter/src/rendering/object.dart:2768:7)
#70     RenderProxyBoxMixin.performLayout (package:flutter/src/rendering/proxy_box.dart:118:18)
#71     RenderObject.layout (package:flutter/src/rendering/object.dart:2768:7)
#72     RenderProxyBoxMixin.performLayout (package:flutter/src/rendering/proxy_box.dart:118:18)
#73     RenderObject.layout (package:flutter/src/rendering/object.dart:2768:7)
#74     RenderProxyBoxMixin.performLayout (package:flutter/src/rendering/proxy_box.dart:118:18)
#75     RenderObject.layout (package:flutter/src/rendering/object.dart:2768:7)
#76     RenderProxyBoxMixin.performLayout (package:flutter/src/rendering/proxy_box.dart:118:18)
#77     RenderObject.layout (package:flutter/src/rendering/object.dart:2768:7)
#78     RenderProxyBoxMixin.performLayout (package:flutter/src/rendering/proxy_box.dart:118:18)
#79     RenderObject.layout (package:flutter/src/rendering/object.dart:2768:7)
#80     RenderProxyBoxMixin.performLayout (package:flutter/src/rendering/proxy_box.dart:118:18)
#81     RenderObject.layout (package:flutter/src/rendering/object.dart:2768:7)
#82     RenderProxyBoxMixin.performLayout (package:flutter/src/rendering/proxy_box.dart:118:18)
#83     RenderObject.layout (package:flutter/src/rendering/object.dart:2768:7)
#84     RenderProxyBoxMixin.performLayout (package:flutter/src/rendering/proxy_box.dart:118:18)
#85     RenderOffstage.performLayout (package:flutter/src/rendering/proxy_box.dart:3923:13)
#86     RenderObject.layout (package:flutter/src/rendering/object.dart:2768:7)
#87     RenderProxyBoxMixin.performLayout (package:flutter/src/rendering/proxy_box.dart:118:18)
#88     RenderObject.layout (package:flutter/src/rendering/object.dart:2768:7)
#89     _RenderTheaterMixin.layoutChild (package:flutter/src/widgets/overlay.dart:1084:13)
#90     _RenderTheater.performLayout (package:flutter/src/widgets/overlay.dart:1429:9)
#91     RenderObject.layout (package:flutter/src/rendering/object.dart:2768:7)
#92     RenderProxyBoxMixin.performLayout (package:flutter/src/rendering/proxy_box.dart:118:18)
#93     RenderObject.layout (package:flutter/src/rendering/object.dart:2768:7)
#94     RenderProxyBoxMixin.performLayout (package:flutter/src/rendering/proxy_box.dart:118:18)
#95     RenderObject.layout (package:flutter/src/rendering/object.dart:2768:7)
#96     RenderProxyBoxMixin.performLayout (package:flutter/src/rendering/proxy_box.dart:118:18)
#97     RenderObject.layout (package:flutter/src/rendering/object.dart:2768:7)
#98     RenderProxyBoxMixin.performLayout (package:flutter/src/rendering/proxy_box.dart:118:18)
#99     RenderCustomPaint.performLayout (package:flutter/src/rendering/custom_paint.dart:574:11)
#100    RenderObject.layout (package:flutter/src/rendering/object.dart:2768:7)
#101    RenderProxyBoxMixin.performLayout (package:flutter/src/rendering/proxy_box.dart:118:18)
#102    RenderObject.layout (package:flutter/src/rendering/object.dart:2768:7)
#103    RenderProxyBoxMixin.performLayout (package:flutter/src/rendering/proxy_box.dart:118:18)
#104    RenderObject.layout (package:flutter/src/rendering/object.dart:2768:7)
#105    RenderProxyBoxMixin.performLayout (package:flutter/src/rendering/proxy_box.dart:118:18)
#106    RenderObject.layout (package:flutter/src/rendering/object.dart:2768:7)
#107    RenderProxyBoxMixin.performLayout (package:flutter/src/rendering/proxy_box.dart:118:18)
#108    RenderObject.layout (package:flutter/src/rendering/object.dart:2768:7)
#109    RenderProxyBoxMixin.performLayout (package:flutter/src/rendering/proxy_box.dart:118:18)
#110    RenderObject.layout (package:flutter/src/rendering/object.dart:2768:7)
#111    RenderProxyBoxMixin.performLayout (package:flutter/src/rendering/proxy_box.dart:118:18)
#112    RenderObject.layout (package:flutter/src/rendering/object.dart:2768:7)
#113    RenderView.performLayout (package:flutter/src/rendering/view.dart:292:12)
#114    RenderObject._layoutWithoutResize (package:flutter/src/rendering/object.dart:2616:7)
#115    PipelineOwner.flushLayout (package:flutter/src/rendering/object.dart:1174:18)
#116    PipelineOwner.flushLayout (package:flutter/src/rendering/object.dart:1187:15)
#117    AutomatedTestWidgetsFlutterBinding.drawFrame (package:flutter_test/src/binding.dart:2133:27)
#118    RendererBinding._handlePersistentFrameCallback (package:flutter/src/rendering/binding.dart:495:5)
#119    SchedulerBinding._invokeFrameCallback (package:flutter/src/scheduler/binding.dart:1430:15)
#120    SchedulerBinding.handleDrawFrame (package:flutter/src/scheduler/binding.dart:1345:9)
#121    AutomatedTestWidgetsFlutterBinding.pump.<anonymous closure> (package:flutter_test/src/binding.dart:1960:9)
#124    TestAsyncUtils.guard (package:flutter_test/src/test_async_utils.dart:74:41)
#125    AutomatedTestWidgetsFlutterBinding.pump (package:flutter_test/src/binding.dart:1949:27)
#126    WidgetTester.pumpWidget.<anonymous closure> (package:flutter_test/src/widget_tester.dart:598:22)
#129    TestAsyncUtils.guard (package:flutter_test/src/test_async_utils.dart:74:41)
#130    WidgetTester.pumpWidget (package:flutter_test/src/widget_tester.dart:595:27)
#131    main.<anonymous closure>.<anonymous closure> (file:///C:/Users/bhara/StudioProjects/simple_billing_app/test/widget/billing_screen_test.dart:28:20)
#132    testWidgets.<anonymous closure>.<anonymous closure> (package:flutter_test/src/widget_tester.dart:192:29)
<asynchronous suspension>
#133    TestWidgetsFlutterBinding._runTestBody (package:flutter_test/src/binding.dart:1682:5)
<asynchronous suspension>
<asynchronous suspension>
(elided 7 frames from class _AssertionError, dart:async, and package:stack_trace)

The following RenderObject was being processed when the exception was fired: RenderSemanticsGestureHandler#b629e relayoutBoundary=up17 NEEDS-LAYOUT NEEDS-PAINT NEEDS-COMPOSITING-BITS-UPDATE:
  creator: _GestureSemantics ΓåÉ RawGestureDetector ΓåÉ GestureDetector ΓåÉ Column ΓåÉ Padding ΓåÉ DecoratedBox
    ΓåÉ Container ΓåÉ Column ΓåÉ Row ΓåÉ _SingleChildViewport ΓåÉ IgnorePointer-[GlobalKey#a7f4f] ΓåÉ Semantics ΓåÉ
    Γï»
  parentData: offset=Offset(0.0, 0.0); flex=null; fit=null (can use size)
  constraints: BoxConstraints(unconstrained)
  size: MISSING
  behavior: deferToChild
  gestures: tap
This RenderObject had the following descendants (showing up to depth 5):
    child: RenderPointerListener#6f879 relayoutBoundary=up18 NEEDS-PAINT NEEDS-COMPOSITING-BITS-UPDATE
      child: RenderAbsorbPointer#94f0a relayoutBoundary=up19 NEEDS-PAINT NEEDS-COMPOSITING-BITS-UPDATE
        child: RenderMouseRegion#b8d70 relayoutBoundary=up20 NEEDS-PAINT NEEDS-COMPOSITING-BITS-UPDATE
          child: RenderTapRegion#77525 relayoutBoundary=up21 NEEDS-PAINT NEEDS-COMPOSITING-BITS-UPDATE
            child: RenderIgnorePointer#bb1c2 relayoutBoundary=up22 NEEDS-PAINT NEEDS-COMPOSITING-BITS-UPDATE
ΓòÉΓòÉΓòÉΓòÉΓòÉΓòÉΓòÉΓòÉΓòÉΓòÉΓòÉΓòÉΓòÉΓòÉΓòÉΓòÉΓòÉΓòÉΓòÉΓòÉΓòÉΓòÉΓòÉΓòÉΓòÉΓòÉΓòÉΓòÉΓòÉΓòÉΓòÉΓòÉΓòÉΓòÉΓòÉΓòÉΓòÉΓòÉΓòÉΓòÉΓòÉΓòÉΓòÉΓòÉΓòÉΓòÉΓòÉΓòÉΓòÉΓòÉΓòÉΓòÉΓòÉΓòÉΓòÉΓòÉΓòÉΓòÉΓòÉΓòÉΓòÉΓòÉΓòÉΓòÉΓòÉΓòÉΓòÉΓòÉΓòÉΓòÉΓòÉΓòÉΓòÉΓòÉΓòÉΓòÉΓòÉΓòÉΓòÉΓòÉΓòÉΓòÉΓòÉΓòÉΓòÉΓòÉΓòÉΓòÉΓòÉΓòÉΓòÉΓòÉΓòÉΓòÉΓòÉΓòÉΓòÉΓòÉΓòÉΓòÉ
ΓòÉΓòÉΓòí EXCEPTION CAUGHT BY RENDERING LIBRARY Γò₧ΓòÉΓòÉΓòÉΓòÉΓòÉΓòÉΓòÉΓòÉΓòÉΓòÉΓòÉΓòÉΓòÉΓòÉΓòÉΓòÉΓòÉΓòÉΓòÉΓòÉΓòÉΓòÉΓòÉΓòÉΓòÉΓòÉΓòÉΓòÉΓòÉΓòÉΓòÉΓòÉΓòÉΓòÉΓòÉΓòÉΓòÉΓòÉΓòÉΓòÉΓòÉΓòÉΓòÉΓòÉΓòÉΓòÉΓòÉΓòÉΓòÉΓòÉΓòÉΓòÉΓòÉΓòÉΓòÉΓòÉΓòÉ
The following assertion was thrown during performLayout():
RenderBox was not laid out: RenderSemanticsGestureHandler#b629e relayoutBoundary=up17 NEEDS-PAINT
NEEDS-COMPOSITING-BITS-UPDATE
'package:flutter/src/rendering/box.dart':
Failed assertion: line 2251 pos 12: 'hasSize'

Either the assertion indicates an error in the framework itself, or we should provide substantially
more information in this error message to help you determine and fix the underlying cause.
In either case, please report this assertion by filing a bug on GitHub:
  https://github.com/flutter/flutter/issues/new?template=02_bug.yml

The relevant error-causing widget was:
  Column
  Column:file:///C:/Users/bhara/StudioProjects/simple_billing_app/lib/views/screens/billing_screen.dart:295:14

When the exception was thrown, this was the stack:
#2      RenderBox.size (package:flutter/src/rendering/box.dart:2251:12)
#3      ChildLayoutHelper.layoutChild (package:flutter/src/rendering/layout_helper.dart:63:18)
#4      RenderFlex._computeSizes (package:flutter/src/rendering/flex.dart:1237:28)
#5      RenderFlex.performLayout (package:flutter/src/rendering/flex.dart:1329:32)
#6      RenderObject.layout (package:flutter/src/rendering/object.dart:2768:7)
#7      RenderPadding.performLayout (package:flutter/src/rendering/shifted_box.dart:262:12)
#8      RenderObject.layout (package:flutter/src/rendering/object.dart:2768:7)
#9      RenderProxyBoxMixin.performLayout (package:flutter/src/rendering/proxy_box.dart:118:18)
#10     RenderObject.layout (package:flutter/src/rendering/object.dart:2768:7)
#11     ChildLayoutHelper.layoutChild (package:flutter/src/rendering/layout_helper.dart:62:11)
#12     RenderFlex._computeSizes (package:flutter/src/rendering/flex.dart:1237:28)
#13     RenderFlex.performLayout (package:flutter/src/rendering/flex.dart:1329:32)
#14     RenderObject.layout (package:flutter/src/rendering/object.dart:2768:7)
#15     ChildLayoutHelper.layoutChild (package:flutter/src/rendering/layout_helper.dart:62:11)
#16     RenderFlex._computeSizes (package:flutter/src/rendering/flex.dart:1237:28)
#17     RenderFlex.performLayout (package:flutter/src/rendering/flex.dart:1329:32)
#18     RenderObject.layout (package:flutter/src/rendering/object.dart:2768:7)
#19     _RenderSingleChildViewport.performLayout (package:flutter/src/widgets/single_child_scroll_view.dart:502:14)
#20     RenderObject.layout (package:flutter/src/rendering/object.dart:2768:7)
#21     RenderProxyBoxMixin.performLayout (package:flutter/src/rendering/proxy_box.dart:118:18)
#22     RenderObject.layout (package:flutter/src/rendering/object.dart:2768:7)
#23     RenderProxyBoxMixin.performLayout (package:flutter/src/rendering/proxy_box.dart:118:18)
#24     RenderObject.layout (package:flutter/src/rendering/object.dart:2768:7)
#25     RenderProxyBoxMixin.performLayout (package:flutter/src/rendering/proxy_box.dart:118:18)
#26     RenderObject.layout (package:flutter/src/rendering/object.dart:2768:7)
#27     RenderProxyBoxMixin.performLayout (package:flutter/src/rendering/proxy_box.dart:118:18)
#28     RenderObject.layout (package:flutter/src/rendering/object.dart:2768:7)
#29     RenderProxyBoxMixin.performLayout (package:flutter/src/rendering/proxy_box.dart:118:18)
#30     RenderObject.layout (package:flutter/src/rendering/object.dart:2768:7)
#31     RenderProxyBoxMixin.performLayout (package:flutter/src/rendering/proxy_box.dart:118:18)
#32     RenderObject.layout (package:flutter/src/rendering/object.dart:2768:7)
#33     RenderProxyBoxMixin.performLayout (package:flutter/src/rendering/proxy_box.dart:118:18)
#34     RenderObject.layout (package:flutter/src/rendering/object.dart:2768:7)
#35     RenderProxyBoxMixin.performLayout (package:flutter/src/rendering/proxy_box.dart:118:18)
#36     _RenderCustomClip.performLayout (package:flutter/src/rendering/proxy_box.dart:1549:11)
#37     RenderObject.layout (package:flutter/src/rendering/object.dart:2768:7)
#38     RenderPadding.performLayout (package:flutter/src/rendering/shifted_box.dart:262:12)
#39     RenderObject.layout (package:flutter/src/rendering/object.dart:2768:7)
#40     _RenderLayoutBuilder.performLayout (package:flutter/src/widgets/layout_builder.dart:449:14)
#41     RenderObject.layout (package:flutter/src/rendering/object.dart:2768:7)
#42     MultiChildLayoutDelegate.layoutChild (package:flutter/src/rendering/custom_layout.dart:180:12)
#43     _ScaffoldLayout.performLayout (package:flutter/src/material/scaffold.dart:1113:7)
#44     MultiChildLayoutDelegate._callPerformLayout (package:flutter/src/rendering/custom_layout.dart:246:7)
#45     RenderCustomMultiChildLayoutBox.performLayout (package:flutter/src/rendering/custom_layout.dart:417:14)
#46     RenderObject.layout (package:flutter/src/rendering/object.dart:2768:7)
#47     RenderProxyBoxMixin.performLayout (package:flutter/src/rendering/proxy_box.dart:118:18)
#48     RenderObject.layout (package:flutter/src/rendering/object.dart:2768:7)
#49     RenderProxyBoxMixin.performLayout (package:flutter/src/rendering/proxy_box.dart:118:18)
#50     _RenderCustomClip.performLayout (package:flutter/src/rendering/proxy_box.dart:1549:11)
#51     RenderObject.layout (package:flutter/src/rendering/object.dart:2768:7)
#52     RenderProxyBoxMixin.performLayout (package:flutter/src/rendering/proxy_box.dart:118:18)
#53     RenderObject.layout (package:flutter/src/rendering/object.dart:2768:7)
#54     RenderProxyBoxMixin.performLayout (package:flutter/src/rendering/proxy_box.dart:118:18)
#55     RenderObject.layout (package:flutter/src/rendering/object.dart:2768:7)
#56     RenderProxyBoxMixin.performLayout (package:flutter/src/rendering/proxy_box.dart:118:18)
#57     RenderObject.layout (package:flutter/src/rendering/object.dart:2768:7)
#58     RenderProxyBoxMixin.performLayout (package:flutter/src/rendering/proxy_box.dart:118:18)
#59     RenderObject.layout (package:flutter/src/rendering/object.dart:2768:7)
#60     RenderProxyBoxMixin.performLayout (package:flutter/src/rendering/proxy_box.dart:118:18)
#61     RenderObject.layout (package:flutter/src/rendering/object.dart:2768:7)
#62     RenderProxyBoxMixin.performLayout (package:flutter/src/rendering/proxy_box.dart:118:18)
#63     RenderObject.layout (package:flutter/src/rendering/object.dart:2768:7)
#64     RenderProxyBoxMixin.performLayout (package:flutter/src/rendering/proxy_box.dart:118:18)
#65     RenderObject.layout (package:flutter/src/rendering/object.dart:2768:7)
#66     RenderProxyBoxMixin.performLayout (package:flutter/src/rendering/proxy_box.dart:118:18)
#67     RenderObject.layout (package:flutter/src/rendering/object.dart:2768:7)
#68     RenderProxyBoxMixin.performLayout (package:flutter/src/rendering/proxy_box.dart:118:18)
#69     RenderObject.layout (package:flutter/src/rendering/object.dart:2768:7)
#70     RenderProxyBoxMixin.performLayout (package:flutter/src/rendering/proxy_box.dart:118:18)
#71     RenderObject.layout (package:flutter/src/rendering/object.dart:2768:7)
#72     RenderProxyBoxMixin.performLayout (package:flutter/src/rendering/proxy_box.dart:118:18)
#73     RenderObject.layout (package:flutter/src/rendering/object.dart:2768:7)
#74     RenderProxyBoxMixin.performLayout (package:flutter/src/rendering/proxy_box.dart:118:18)
#75     RenderObject.layout (package:flutter/src/rendering/object.dart:2768:7)
#76     RenderProxyBoxMixin.performLayout (package:flutter/src/rendering/proxy_box.dart:118:18)
#77     RenderObject.layout (package:flutter/src/rendering/object.dart:2768:7)
#78     RenderProxyBoxMixin.performLayout (package:flutter/src/rendering/proxy_box.dart:118:18)
#79     RenderObject.layout (package:flutter/src/rendering/object.dart:2768:7)
#80     RenderProxyBoxMixin.performLayout (package:flutter/src/rendering/proxy_box.dart:118:18)
#81     RenderObject.layout (package:flutter/src/rendering/object.dart:2768:7)
#82     RenderProxyBoxMixin.performLayout (package:flutter/src/rendering/proxy_box.dart:118:18)
#83     RenderOffstage.performLayout (package:flutter/src/rendering/proxy_box.dart:3923:13)
#84     RenderObject.layout (package:flutter/src/rendering/object.dart:2768:7)
#85     RenderProxyBoxMixin.performLayout (package:flutter/src/rendering/proxy_box.dart:118:18)
#86     RenderObject.layout (package:flutter/src/rendering/object.dart:2768:7)
#87     _RenderTheaterMixin.layoutChild (package:flutter/src/widgets/overlay.dart:1084:13)
#88     _RenderTheater.performLayout (package:flutter/src/widgets/overlay.dart:1429:9)
#89     RenderObject.layout (package:flutter/src/rendering/object.dart:2768:7)
#90     RenderProxyBoxMixin.performLayout (package:flutter/src/rendering/proxy_box.dart:118:18)
#91     RenderObject.layout (package:flutter/src/rendering/object.dart:2768:7)
#92     RenderProxyBoxMixin.performLayout (package:flutter/src/rendering/proxy_box.dart:118:18)
#93     RenderObject.layout (package:flutter/src/rendering/object.dart:2768:7)
#94     RenderProxyBoxMixin.performLayout (package:flutter/src/rendering/proxy_box.dart:118:18)
#95     RenderObject.layout (package:flutter/src/rendering/object.dart:2768:7)
#96     RenderProxyBoxMixin.performLayout (package:flutter/src/rendering/proxy_box.dart:118:18)
#97     RenderCustomPaint.performLayout (package:flutter/src/rendering/custom_paint.dart:574:11)
#98     RenderObject.layout (package:flutter/src/rendering/object.dart:2768:7)
#99     RenderProxyBoxMixin.performLayout (package:flutter/src/rendering/proxy_box.dart:118:18)
#100    RenderObject.layout (package:flutter/src/rendering/object.dart:2768:7)
#101    RenderProxyBoxMixin.performLayout (package:flutter/src/rendering/proxy_box.dart:118:18)
#102    RenderObject.layout (package:flutter/src/rendering/object.dart:2768:7)
#103    RenderProxyBoxMixin.performLayout (package:flutter/src/rendering/proxy_box.dart:118:18)
#104    RenderObject.layout (package:flutter/src/rendering/object.dart:2768:7)
#105    RenderProxyBoxMixin.performLayout (package:flutter/src/rendering/proxy_box.dart:118:18)
#106    RenderObject.layout (package:flutter/src/rendering/object.dart:2768:7)
#107    RenderProxyBoxMixin.performLayout (package:flutter/src/rendering/proxy_box.dart:118:18)
#108    RenderObject.layout (package:flutter/src/rendering/object.dart:2768:7)
#109    RenderProxyBoxMixin.performLayout (package:flutter/src/rendering/proxy_box.dart:118:18)
#110    RenderObject.layout (package:flutter/src/rendering/object.dart:2768:7)
#111    RenderView.performLayout (package:flutter/src/rendering/view.dart:292:12)
#112    RenderObject._layoutWithoutResize (package:flutter/src/rendering/object.dart:2616:7)
#113    PipelineOwner.flushLayout (package:flutter/src/rendering/object.dart:1174:18)
#114    PipelineOwner.flushLayout (package:flutter/src/rendering/object.dart:1187:15)
#115    AutomatedTestWidgetsFlutterBinding.drawFrame (package:flutter_test/src/binding.dart:2133:27)
#116    RendererBinding._handlePersistentFrameCallback (package:flutter/src/rendering/binding.dart:495:5)
#117    SchedulerBinding._invokeFrameCallback (package:flutter/src/scheduler/binding.dart:1430:15)
#118    SchedulerBinding.handleDrawFrame (package:flutter/src/scheduler/binding.dart:1345:9)
#119    AutomatedTestWidgetsFlutterBinding.pump.<anonymous closure> (package:flutter_test/src/binding.dart:1960:9)
#122    TestAsyncUtils.guard (package:flutter_test/src/test_async_utils.dart:74:41)
#123    AutomatedTestWidgetsFlutterBinding.pump (package:flutter_test/src/binding.dart:1949:27)
#124    WidgetTester.pumpWidget.<anonymous closure> (package:flutter_test/src/widget_tester.dart:598:22)
#127    TestAsyncUtils.guard (package:flutter_test/src/test_async_utils.dart:74:41)
#128    WidgetTester.pumpWidget (package:flutter_test/src/widget_tester.dart:595:27)
#129    main.<anonymous closure>.<anonymous closure> (file:///C:/Users/bhara/StudioProjects/simple_billing_app/test/widget/billing_screen_test.dart:28:20)
#130    testWidgets.<anonymous closure>.<anonymous closure> (package:flutter_test/src/widget_tester.dart:192:29)
<asynchronous suspension>
#131    TestWidgetsFlutterBinding._runTestBody (package:flutter_test/src/binding.dart:1682:5)
<asynchronous suspension>
<asynchronous suspension>
(elided 7 frames from class _AssertionError, dart:async, and package:stack_trace)

The following RenderObject was being processed when the exception was fired: RenderFlex#3bf0f relayoutBoundary=up16 NEEDS-LAYOUT NEEDS-PAINT NEEDS-COMPOSITING-BITS-UPDATE:
  creator: Column ΓåÉ Padding ΓåÉ DecoratedBox ΓåÉ Container ΓåÉ Column ΓåÉ Row ΓåÉ _SingleChildViewport ΓåÉ
    IgnorePointer-[GlobalKey#a7f4f] ΓåÉ Semantics ΓåÉ Listener ΓåÉ _GestureSemantics ΓåÉ
    RawGestureDetector-[LabeledGlobalKey<RawGestureDetectorState>#d3054] ΓåÉ Γï»
  parentData: offset=Offset(0.0, 0.0) (can use size)
  constraints: BoxConstraints(unconstrained)
  size: MISSING
  direction: vertical
  mainAxisAlignment: start
  mainAxisSize: max
  crossAxisAlignment: start
  textDirection: ltr
  verticalDirection: down
  spacing: 0.0
This RenderObject had the following descendants (showing up to depth 5):
    child 1: RenderParagraph#ab044 relayoutBoundary=up17 NEEDS-PAINT
      text: TextSpan
    child 2: RenderConstrainedBox#a8185 relayoutBoundary=up17 NEEDS-PAINT
    child 3: RenderSemanticsGestureHandler#b629e relayoutBoundary=up17 NEEDS-PAINT NEEDS-COMPOSITING-BITS-UPDATE
      child: RenderPointerListener#6f879 relayoutBoundary=up18 NEEDS-PAINT NEEDS-COMPOSITING-BITS-UPDATE
        child: RenderAbsorbPointer#94f0a relayoutBoundary=up19 NEEDS-PAINT NEEDS-COMPOSITING-BITS-UPDATE
          child: RenderMouseRegion#b8d70 relayoutBoundary=up20 NEEDS-PAINT NEEDS-COMPOSITING-BITS-UPDATE
            child: RenderTapRegion#77525 relayoutBoundary=up21 NEEDS-PAINT NEEDS-COMPOSITING-BITS-UPDATE
ΓòÉΓòÉΓòÉΓòÉΓòÉΓòÉΓòÉΓòÉΓòÉΓòÉΓòÉΓòÉΓòÉΓòÉΓòÉΓòÉΓòÉΓòÉΓòÉΓòÉΓòÉΓòÉΓòÉΓòÉΓòÉΓòÉΓòÉΓòÉΓòÉΓòÉΓòÉΓòÉΓòÉΓòÉΓòÉΓòÉΓòÉΓòÉΓòÉΓòÉΓòÉΓòÉΓòÉΓòÉΓòÉΓòÉΓòÉΓòÉΓòÉΓòÉΓòÉΓòÉΓòÉΓòÉΓòÉΓòÉΓòÉΓòÉΓòÉΓòÉΓòÉΓòÉΓòÉΓòÉΓòÉΓòÉΓòÉΓòÉΓòÉΓòÉΓòÉΓòÉΓòÉΓòÉΓòÉΓòÉΓòÉΓòÉΓòÉΓòÉΓòÉΓòÉΓòÉΓòÉΓòÉΓòÉΓòÉΓòÉΓòÉΓòÉΓòÉΓòÉΓòÉΓòÉΓòÉΓòÉΓòÉΓòÉΓòÉΓòÉ
ΓòÉΓòÉΓòí EXCEPTION CAUGHT BY RENDERING LIBRARY Γò₧ΓòÉΓòÉΓòÉΓòÉΓòÉΓòÉΓòÉΓòÉΓòÉΓòÉΓòÉΓòÉΓòÉΓòÉΓòÉΓòÉΓòÉΓòÉΓòÉΓòÉΓòÉΓòÉΓòÉΓòÉΓòÉΓòÉΓòÉΓòÉΓòÉΓòÉΓòÉΓòÉΓòÉΓòÉΓòÉΓòÉΓòÉΓòÉΓòÉΓòÉΓòÉΓòÉΓòÉΓòÉΓòÉΓòÉΓòÉΓòÉΓòÉΓòÉΓòÉΓòÉΓòÉΓòÉΓòÉΓòÉΓòÉ
The following assertion was thrown during performLayout():
RenderBox was not laid out: RenderFlex#3bf0f relayoutBoundary=up16 NEEDS-PAINT
NEEDS-COMPOSITING-BITS-UPDATE
'package:flutter/src/rendering/box.dart':
Failed assertion: line 2251 pos 12: 'hasSize'

Either the assertion indicates an error in the framework itself, or we should provide substantially
more information in this error message to help you determine and fix the underlying cause.
In either case, please report this assertion by filing a bug on GitHub:
  https://github.com/flutter/flutter/issues/new?template=02_bug.yml

The relevant error-causing widget was:
  Container
  Container:file:///C:/Users/bhara/StudioProjects/simple_billing_app/lib/views/screens/billing_screen.dart:288:12

When the exception was thrown, this was the stack:
#2      RenderBox.size (package:flutter/src/rendering/box.dart:2251:12)
#3      RenderPadding.performLayout (package:flutter/src/rendering/shifted_box.dart:266:40)
#4      RenderObject.layout (package:flutter/src/rendering/object.dart:2768:7)
#5      RenderProxyBoxMixin.performLayout (package:flutter/src/rendering/proxy_box.dart:118:18)
#6      RenderObject.layout (package:flutter/src/rendering/object.dart:2768:7)
#7      ChildLayoutHelper.layoutChild (package:flutter/src/rendering/layout_helper.dart:62:11)
#8      RenderFlex._computeSizes (package:flutter/src/rendering/flex.dart:1237:28)
#9      RenderFlex.performLayout (package:flutter/src/rendering/flex.dart:1329:32)
#10     RenderObject.layout (package:flutter/src/rendering/object.dart:2768:7)
#11     ChildLayoutHelper.layoutChild (package:flutter/src/rendering/layout_helper.dart:62:11)
#12     RenderFlex._computeSizes (package:flutter/src/rendering/flex.dart:1237:28)
#13     RenderFlex.performLayout (package:flutter/src/rendering/flex.dart:1329:32)
#14     RenderObject.layout (package:flutter/src/rendering/object.dart:2768:7)
#15     _RenderSingleChildViewport.performLayout (package:flutter/src/widgets/single_child_scroll_view.dart:502:14)
#16     RenderObject.layout (package:flutter/src/rendering/object.dart:2768:7)
#17     RenderProxyBoxMixin.performLayout (package:flutter/src/rendering/proxy_box.dart:118:18)
#18     RenderObject.layout (package:flutter/src/rendering/object.dart:2768:7)
#19     RenderProxyBoxMixin.performLayout (package:flutter/src/rendering/proxy_box.dart:118:18)
#20     RenderObject.layout (package:flutter/src/rendering/object.dart:2768:7)
#21     RenderProxyBoxMixin.performLayout (package:flutter/src/rendering/proxy_box.dart:118:18)
#22     RenderObject.layout (package:flutter/src/rendering/object.dart:2768:7)
#23     RenderProxyBoxMixin.performLayout (package:flutter/src/rendering/proxy_box.dart:118:18)
#24     RenderObject.layout (package:flutter/src/rendering/object.dart:2768:7)
#25     RenderProxyBoxMixin.performLayout (package:flutter/src/rendering/proxy_box.dart:118:18)
#26     RenderObject.layout (package:flutter/src/rendering/object.dart:2768:7)
#27     RenderProxyBoxMixin.performLayout (package:flutter/src/rendering/proxy_box.dart:118:18)
#28     RenderObject.layout (package:flutter/src/rendering/object.dart:2768:7)
#29     RenderProxyBoxMixin.performLayout (package:flutter/src/rendering/proxy_box.dart:118:18)
#30     RenderObject.layout (package:flutter/src/rendering/object.dart:2768:7)
#31     RenderProxyBoxMixin.performLayout (package:flutter/src/rendering/proxy_box.dart:118:18)
#32     _RenderCustomClip.performLayout (package:flutter/src/rendering/proxy_box.dart:1549:11)
#33     RenderObject.layout (package:flutter/src/rendering/object.dart:2768:7)
#34     RenderPadding.performLayout (package:flutter/src/rendering/shifted_box.dart:262:12)
#35     RenderObject.layout (package:flutter/src/rendering/object.dart:2768:7)
#36     _RenderLayoutBuilder.performLayout (package:flutter/src/widgets/layout_builder.dart:449:14)
#37     RenderObject.layout (package:flutter/src/rendering/object.dart:2768:7)
#38     MultiChildLayoutDelegate.layoutChild (package:flutter/src/rendering/custom_layout.dart:180:12)
#39     _ScaffoldLayout.performLayout (package:flutter/src/material/scaffold.dart:1113:7)
#40     MultiChildLayoutDelegate._callPerformLayout (package:flutter/src/rendering/custom_layout.dart:246:7)
#41     RenderCustomMultiChildLayoutBox.performLayout (package:flutter/src/rendering/custom_layout.dart:417:14)
#42     RenderObject.layout (package:flutter/src/rendering/object.dart:2768:7)
#43     RenderProxyBoxMixin.performLayout (package:flutter/src/rendering/proxy_box.dart:118:18)
#44     RenderObject.layout (package:flutter/src/rendering/object.dart:2768:7)
#45     RenderProxyBoxMixin.performLayout (package:flutter/src/rendering/proxy_box.dart:118:18)
#46     _RenderCustomClip.performLayout (package:flutter/src/rendering/proxy_box.dart:1549:11)
#47     RenderObject.layout (package:flutter/src/rendering/object.dart:2768:7)
#48     RenderProxyBoxMixin.performLayout (package:flutter/src/rendering/proxy_box.dart:118:18)
#49     RenderObject.layout (package:flutter/src/rendering/object.dart:2768:7)
#50     RenderProxyBoxMixin.performLayout (package:flutter/src/rendering/proxy_box.dart:118:18)
#51     RenderObject.layout (package:flutter/src/rendering/object.dart:2768:7)
#52     RenderProxyBoxMixin.performLayout (package:flutter/src/rendering/proxy_box.dart:118:18)
#53     RenderObject.layout (package:flutter/src/rendering/object.dart:2768:7)
#54     RenderProxyBoxMixin.performLayout (package:flutter/src/rendering/proxy_box.dart:118:18)
#55     RenderObject.layout (package:flutter/src/rendering/object.dart:2768:7)
#56     RenderProxyBoxMixin.performLayout (package:flutter/src/rendering/proxy_box.dart:118:18)
#57     RenderObject.layout (package:flutter/src/rendering/object.dart:2768:7)
#58     RenderProxyBoxMixin.performLayout (package:flutter/src/rendering/proxy_box.dart:118:18)
#59     RenderObject.layout (package:flutter/src/rendering/object.dart:2768:7)
#60     RenderProxyBoxMixin.performLayout (package:flutter/src/rendering/proxy_box.dart:118:18)
#61     RenderObject.layout (package:flutter/src/rendering/object.dart:2768:7)
#62     RenderProxyBoxMixin.performLayout (package:flutter/src/rendering/proxy_box.dart:118:18)
#63     RenderObject.layout (package:flutter/src/rendering/object.dart:2768:7)
#64     RenderProxyBoxMixin.performLayout (package:flutter/src/rendering/proxy_box.dart:118:18)
#65     RenderObject.layout (package:flutter/src/rendering/object.dart:2768:7)
#66     RenderProxyBoxMixin.performLayout (package:flutter/src/rendering/proxy_box.dart:118:18)
#67     RenderObject.layout (package:flutter/src/rendering/object.dart:2768:7)
#68     RenderProxyBoxMixin.performLayout (package:flutter/src/rendering/proxy_box.dart:118:18)
#69     RenderObject.layout (package:flutter/src/rendering/object.dart:2768:7)
#70     RenderProxyBoxMixin.performLayout (package:flutter/src/rendering/proxy_box.dart:118:18)
#71     RenderObject.layout (package:flutter/src/rendering/object.dart:2768:7)
#72     RenderProxyBoxMixin.performLayout (package:flutter/src/rendering/proxy_box.dart:118:18)
#73     RenderObject.layout (package:flutter/src/rendering/object.dart:2768:7)
#74     RenderProxyBoxMixin.performLayout (package:flutter/src/rendering/proxy_box.dart:118:18)
#75     RenderObject.layout (package:flutter/src/rendering/object.dart:2768:7)
#76     RenderProxyBoxMixin.performLayout (package:flutter/src/rendering/proxy_box.dart:118:18)
#77     RenderObject.layout (package:flutter/src/rendering/object.dart:2768:7)
#78     RenderProxyBoxMixin.performLayout (package:flutter/src/rendering/proxy_box.dart:118:18)
#79     RenderOffstage.performLayout (package:flutter/src/rendering/proxy_box.dart:3923:13)
#80     RenderObject.layout (package:flutter/src/rendering/object.dart:2768:7)
#81     RenderProxyBoxMixin.performLayout (package:flutter/src/rendering/proxy_box.dart:118:18)
#82     RenderObject.layout (package:flutter/src/rendering/object.dart:2768:7)
#83     _RenderTheaterMixin.layoutChild (package:flutter/src/widgets/overlay.dart:1084:13)
#84     _RenderTheater.performLayout (package:flutter/src/widgets/overlay.dart:1429:9)
#85     RenderObject.layout (package:flutter/src/rendering/object.dart:2768:7)
#86     RenderProxyBoxMixin.performLayout (package:flutter/src/rendering/proxy_box.dart:118:18)
#87     RenderObject.layout (package:flutter/src/rendering/object.dart:2768:7)
#88     RenderProxyBoxMixin.performLayout (package:flutter/src/rendering/proxy_box.dart:118:18)
#89     RenderObject.layout (package:flutter/src/rendering/object.dart:2768:7)
#90     RenderProxyBoxMixin.performLayout (package:flutter/src/rendering/proxy_box.dart:118:18)
#91     RenderObject.layout (package:flutter/src/rendering/object.dart:2768:7)
#92     RenderProxyBoxMixin.performLayout (package:flutter/src/rendering/proxy_box.dart:118:18)
#93     RenderCustomPaint.performLayout (package:flutter/src/rendering/custom_paint.dart:574:11)
#94     RenderObject.layout (package:flutter/src/rendering/object.dart:2768:7)
#95     RenderProxyBoxMixin.performLayout (package:flutter/src/rendering/proxy_box.dart:118:18)
#96     RenderObject.layout (package:flutter/src/rendering/object.dart:2768:7)
#97     RenderProxyBoxMixin.performLayout (package:flutter/src/rendering/proxy_box.dart:118:18)
#98     RenderObject.layout (package:flutter/src/rendering/object.dart:2768:7)
#99     RenderProxyBoxMixin.performLayout (package:flutter/src/rendering/proxy_box.dart:118:18)
#100    RenderObject.layout (package:flutter/src/rendering/object.dart:2768:7)
#101    RenderProxyBoxMixin.performLayout (package:flutter/src/rendering/proxy_box.dart:118:18)
#102    RenderObject.layout (package:flutter/src/rendering/object.dart:2768:7)
#103    RenderProxyBoxMixin.performLayout (package:flutter/src/rendering/proxy_box.dart:118:18)
#104    RenderObject.layout (package:flutter/src/rendering/object.dart:2768:7)
#105    RenderProxyBoxMixin.performLayout (package:flutter/src/rendering/proxy_box.dart:118:18)
#106    RenderObject.layout (package:flutter/src/rendering/object.dart:2768:7)
#107    RenderView.performLayout (package:flutter/src/rendering/view.dart:292:12)
#108    RenderObject._layoutWithoutResize (package:flutter/src/rendering/object.dart:2616:7)
#109    PipelineOwner.flushLayout (package:flutter/src/rendering/object.dart:1174:18)
#110    PipelineOwner.flushLayout (package:flutter/src/rendering/object.dart:1187:15)
#111    AutomatedTestWidgetsFlutterBinding.drawFrame (package:flutter_test/src/binding.dart:2133:27)
#112    RendererBinding._handlePersistentFrameCallback (package:flutter/src/rendering/binding.dart:495:5)
#113    SchedulerBinding._invokeFrameCallback (package:flutter/src/scheduler/binding.dart:1430:15)
#114    SchedulerBinding.handleDrawFrame (package:flutter/src/scheduler/binding.dart:1345:9)
#115    AutomatedTestWidgetsFlutterBinding.pump.<anonymous closure> (package:flutter_test/src/binding.dart:1960:9)
#118    TestAsyncUtils.guard (package:flutter_test/src/test_async_utils.dart:74:41)
#119    AutomatedTestWidgetsFlutterBinding.pump (package:flutter_test/src/binding.dart:1949:27)
#120    WidgetTester.pumpWidget.<anonymous closure> (package:flutter_test/src/widget_tester.dart:598:22)
#123    TestAsyncUtils.guard (package:flutter_test/src/test_async_utils.dart:74:41)
#124    WidgetTester.pumpWidget (package:flutter_test/src/widget_tester.dart:595:27)
#125    main.<anonymous closure>.<anonymous closure> (file:///C:/Users/bhara/StudioProjects/simple_billing_app/test/widget/billing_screen_test.dart:28:20)
#126    testWidgets.<anonymous closure>.<anonymous closure> (package:flutter_test/src/widget_tester.dart:192:29)
<asynchronous suspension>
#127    TestWidgetsFlutterBinding._runTestBody (package:flutter_test/src/binding.dart:1682:5)
<asynchronous suspension>
<asynchronous suspension>
(elided 7 frames from class _AssertionError, dart:async, and package:stack_trace)

The following RenderObject was being processed when the exception was fired: RenderPadding#4f38d relayoutBoundary=up15 NEEDS-LAYOUT NEEDS-PAINT NEEDS-COMPOSITING-BITS-UPDATE:
  creator: Padding ΓåÉ DecoratedBox ΓåÉ Container ΓåÉ Column ΓåÉ Row ΓåÉ _SingleChildViewport ΓåÉ
    IgnorePointer-[GlobalKey#a7f4f] ΓåÉ Semantics ΓåÉ Listener ΓåÉ _GestureSemantics ΓåÉ
    RawGestureDetector-[LabeledGlobalKey<RawGestureDetectorState>#d3054] ΓåÉ Listener ΓåÉ Γï»
  parentData: <none> (can use size)
  constraints: BoxConstraints(unconstrained)
  size: MISSING
  padding: EdgeInsets.all(25.0)
  textDirection: ltr
This RenderObject had the following descendants (showing up to depth 5):
    child: RenderFlex#3bf0f relayoutBoundary=up16 NEEDS-PAINT NEEDS-COMPOSITING-BITS-UPDATE
      child 1: RenderParagraph#ab044 relayoutBoundary=up17 NEEDS-PAINT
        text: TextSpan
      child 2: RenderConstrainedBox#a8185 relayoutBoundary=up17 NEEDS-PAINT
      child 3: RenderSemanticsGestureHandler#b629e relayoutBoundary=up17 NEEDS-PAINT NEEDS-COMPOSITING-BITS-UPDATE
        child: RenderPointerListener#6f879 relayoutBoundary=up18 NEEDS-PAINT NEEDS-COMPOSITING-BITS-UPDATE
          child: RenderAbsorbPointer#94f0a relayoutBoundary=up19 NEEDS-PAINT NEEDS-COMPOSITING-BITS-UPDATE
            child: RenderMouseRegion#b8d70 relayoutBoundary=up20 NEEDS-PAINT NEEDS-COMPOSITING-BITS-UPDATE
ΓòÉΓòÉΓòÉΓòÉΓòÉΓòÉΓòÉΓòÉΓòÉΓòÉΓòÉΓòÉΓòÉΓòÉΓòÉΓòÉΓòÉΓòÉΓòÉΓòÉΓòÉΓòÉΓòÉΓòÉΓòÉΓòÉΓòÉΓòÉΓòÉΓòÉΓòÉΓòÉΓòÉΓòÉΓòÉΓòÉΓòÉΓòÉΓòÉΓòÉΓòÉΓòÉΓòÉΓòÉΓòÉΓòÉΓòÉΓòÉΓòÉΓòÉΓòÉΓòÉΓòÉΓòÉΓòÉΓòÉΓòÉΓòÉΓòÉΓòÉΓòÉΓòÉΓòÉΓòÉΓòÉΓòÉΓòÉΓòÉΓòÉΓòÉΓòÉΓòÉΓòÉΓòÉΓòÉΓòÉΓòÉΓòÉΓòÉΓòÉΓòÉΓòÉΓòÉΓòÉΓòÉΓòÉΓòÉΓòÉΓòÉΓòÉΓòÉΓòÉΓòÉΓòÉΓòÉΓòÉΓòÉΓòÉΓòÉΓòÉ
ΓòÉΓòÉΓòí EXCEPTION CAUGHT BY RENDERING LIBRARY Γò₧ΓòÉΓòÉΓòÉΓòÉΓòÉΓòÉΓòÉΓòÉΓòÉΓòÉΓòÉΓòÉΓòÉΓòÉΓòÉΓòÉΓòÉΓòÉΓòÉΓòÉΓòÉΓòÉΓòÉΓòÉΓòÉΓòÉΓòÉΓòÉΓòÉΓòÉΓòÉΓòÉΓòÉΓòÉΓòÉΓòÉΓòÉΓòÉΓòÉΓòÉΓòÉΓòÉΓòÉΓòÉΓòÉΓòÉΓòÉΓòÉΓòÉΓòÉΓòÉΓòÉΓòÉΓòÉΓòÉΓòÉΓòÉ
The following assertion was thrown during performLayout():
RenderBox was not laid out: RenderPadding#4f38d relayoutBoundary=up15 NEEDS-PAINT
NEEDS-COMPOSITING-BITS-UPDATE
'package:flutter/src/rendering/box.dart':
Failed assertion: line 2251 pos 12: 'hasSize'

Either the assertion indicates an error in the framework itself, or we should provide substantially
more information in this error message to help you determine and fix the underlying cause.
In either case, please report this assertion by filing a bug on GitHub:
  https://github.com/flutter/flutter/issues/new?template=02_bug.yml

The relevant error-causing widget was:
  Container
  Container:file:///C:/Users/bhara/StudioProjects/simple_billing_app/lib/views/screens/billing_screen.dart:288:12

When the exception was thrown, this was the stack:
#2      RenderBox.size (package:flutter/src/rendering/box.dart:2251:12)
#3      RenderProxyBoxMixin.performLayout (package:flutter/src/rendering/proxy_box.dart:118:62)
#4      RenderObject.layout (package:flutter/src/rendering/object.dart:2768:7)
#5      ChildLayoutHelper.layoutChild (package:flutter/src/rendering/layout_helper.dart:62:11)
#6      RenderFlex._computeSizes (package:flutter/src/rendering/flex.dart:1237:28)
#7      RenderFlex.performLayout (package:flutter/src/rendering/flex.dart:1329:32)
#8      RenderObject.layout (package:flutter/src/rendering/object.dart:2768:7)
#9      ChildLayoutHelper.layoutChild (package:flutter/src/rendering/layout_helper.dart:62:11)
#10     RenderFlex._computeSizes (package:flutter/src/rendering/flex.dart:1237:28)
#11     RenderFlex.performLayout (package:flutter/src/rendering/flex.dart:1329:32)
#12     RenderObject.layout (package:flutter/src/rendering/object.dart:2768:7)
#13     _RenderSingleChildViewport.performLayout (package:flutter/src/widgets/single_child_scroll_view.dart:502:14)
#14     RenderObject.layout (package:flutter/src/rendering/object.dart:2768:7)
#15     RenderProxyBoxMixin.performLayout (package:flutter/src/rendering/proxy_box.dart:118:18)
#16     RenderObject.layout (package:flutter/src/rendering/object.dart:2768:7)
#17     RenderProxyBoxMixin.performLayout (package:flutter/src/rendering/proxy_box.dart:118:18)
#18     RenderObject.layout (package:flutter/src/rendering/object.dart:2768:7)
#19     RenderProxyBoxMixin.performLayout (package:flutter/src/rendering/proxy_box.dart:118:18)
#20     RenderObject.layout (package:flutter/src/rendering/object.dart:2768:7)
#21     RenderProxyBoxMixin.performLayout (package:flutter/src/rendering/proxy_box.dart:118:18)
#22     RenderObject.layout (package:flutter/src/rendering/object.dart:2768:7)
#23     RenderProxyBoxMixin.performLayout (package:flutter/src/rendering/proxy_box.dart:118:18)
#24     RenderObject.layout (package:flutter/src/rendering/object.dart:2768:7)
#25     RenderProxyBoxMixin.performLayout (package:flutter/src/rendering/proxy_box.dart:118:18)
#26     RenderObject.layout (package:flutter/src/rendering/object.dart:2768:7)
#27     RenderProxyBoxMixin.performLayout (package:flutter/src/rendering/proxy_box.dart:118:18)
#28     RenderObject.layout (package:flutter/src/rendering/object.dart:2768:7)
#29     RenderProxyBoxMixin.performLayout (package:flutter/src/rendering/proxy_box.dart:118:18)
#30     _RenderCustomClip.performLayout (package:flutter/src/rendering/proxy_box.dart:1549:11)
#31     RenderObject.layout (package:flutter/src/rendering/object.dart:2768:7)
#32     RenderPadding.performLayout (package:flutter/src/rendering/shifted_box.dart:262:12)
#33     RenderObject.layout (package:flutter/src/rendering/object.dart:2768:7)
#34     _RenderLayoutBuilder.performLayout (package:flutter/src/widgets/layout_builder.dart:449:14)
#35     RenderObject.layout (package:flutter/src/rendering/object.dart:2768:7)
#36     MultiChildLayoutDelegate.layoutChild (package:flutter/src/rendering/custom_layout.dart:180:12)
#37     _ScaffoldLayout.performLayout (package:flutter/src/material/scaffold.dart:1113:7)
#38     MultiChildLayoutDelegate._callPerformLayout (package:flutter/src/rendering/custom_layout.dart:246:7)
#39     RenderCustomMultiChildLayoutBox.performLayout (package:flutter/src/rendering/custom_layout.dart:417:14)
#40     RenderObject.layout (package:flutter/src/rendering/object.dart:2768:7)
#41     RenderProxyBoxMixin.performLayout (package:flutter/src/rendering/proxy_box.dart:118:18)
#42     RenderObject.layout (package:flutter/src/rendering/object.dart:2768:7)
#43     RenderProxyBoxMixin.performLayout (package:flutter/src/rendering/proxy_box.dart:118:18)
#44     _RenderCustomClip.performLayout (package:flutter/src/rendering/proxy_box.dart:1549:11)
#45     RenderObject.layout (package:flutter/src/rendering/object.dart:2768:7)
#46     RenderProxyBoxMixin.performLayout (package:flutter/src/rendering/proxy_box.dart:118:18)
#47     RenderObject.layout (package:flutter/src/rendering/object.dart:2768:7)
#48     RenderProxyBoxMixin.performLayout (package:flutter/src/rendering/proxy_box.dart:118:18)
#49     RenderObject.layout (package:flutter/src/rendering/object.dart:2768:7)
#50     RenderProxyBoxMixin.performLayout (package:flutter/src/rendering/proxy_box.dart:118:18)
#51     RenderObject.layout (package:flutter/src/rendering/object.dart:2768:7)
#52     RenderProxyBoxMixin.performLayout (package:flutter/src/rendering/proxy_box.dart:118:18)
#53     RenderObject.layout (package:flutter/src/rendering/object.dart:2768:7)
#54     RenderProxyBoxMixin.performLayout (package:flutter/src/rendering/proxy_box.dart:118:18)
#55     RenderObject.layout (package:flutter/src/rendering/object.dart:2768:7)
#56     RenderProxyBoxMixin.performLayout (package:flutter/src/rendering/proxy_box.dart:118:18)
#57     RenderObject.layout (package:flutter/src/rendering/object.dart:2768:7)
#58     RenderProxyBoxMixin.performLayout (package:flutter/src/rendering/proxy_box.dart:118:18)
#59     RenderObject.layout (package:flutter/src/rendering/object.dart:2768:7)
#60     RenderProxyBoxMixin.performLayout (package:flutter/src/rendering/proxy_box.dart:118:18)
#61     RenderObject.layout (package:flutter/src/rendering/object.dart:2768:7)
#62     RenderProxyBoxMixin.performLayout (package:flutter/src/rendering/proxy_box.dart:118:18)
#63     RenderObject.layout (package:flutter/src/rendering/object.dart:2768:7)
#64     RenderProxyBoxMixin.performLayout (package:flutter/src/rendering/proxy_box.dart:118:18)
#65     RenderObject.layout (package:flutter/src/rendering/object.dart:2768:7)
#66     RenderProxyBoxMixin.performLayout (package:flutter/src/rendering/proxy_box.dart:118:18)
#67     RenderObject.layout (package:flutter/src/rendering/object.dart:2768:7)
#68     RenderProxyBoxMixin.performLayout (package:flutter/src/rendering/proxy_box.dart:118:18)
#69     RenderObject.layout (package:flutter/src/rendering/object.dart:2768:7)
#70     RenderProxyBoxMixin.performLayout (package:flutter/src/rendering/proxy_box.dart:118:18)
#71     RenderObject.layout (package:flutter/src/rendering/object.dart:2768:7)
#72     RenderProxyBoxMixin.performLayout (package:flutter/src/rendering/proxy_box.dart:118:18)
#73     RenderObject.layout (package:flutter/src/rendering/object.dart:2768:7)
#74     RenderProxyBoxMixin.performLayout (package:flutter/src/rendering/proxy_box.dart:118:18)
#75     RenderObject.layout (package:flutter/src/rendering/object.dart:2768:7)
#76     RenderProxyBoxMixin.performLayout (package:flutter/src/rendering/proxy_box.dart:118:18)
#77     RenderOffstage.performLayout (package:flutter/src/rendering/proxy_box.dart:3923:13)
#78     RenderObject.layout (package:flutter/src/rendering/object.dart:2768:7)
#79     RenderProxyBoxMixin.performLayout (package:flutter/src/rendering/proxy_box.dart:118:18)
#80     RenderObject.layout (package:flutter/src/rendering/object.dart:2768:7)
#81     _RenderTheaterMixin.layoutChild (package:flutter/src/widgets/overlay.dart:1084:13)
#82     _RenderTheater.performLayout (package:flutter/src/widgets/overlay.dart:1429:9)
#83     RenderObject.layout (package:flutter/src/rendering/object.dart:2768:7)
#84     RenderProxyBoxMixin.performLayout (package:flutter/src/rendering/proxy_box.dart:118:18)
#85     RenderObject.layout (package:flutter/src/rendering/object.dart:2768:7)
#86     RenderProxyBoxMixin.performLayout (package:flutter/src/rendering/proxy_box.dart:118:18)
#87     RenderObject.layout (package:flutter/src/rendering/object.dart:2768:7)
#88     RenderProxyBoxMixin.performLayout (package:flutter/src/rendering/proxy_box.dart:118:18)
#89     RenderObject.layout (package:flutter/src/rendering/object.dart:2768:7)
#90     RenderProxyBoxMixin.performLayout (package:flutter/src/rendering/proxy_box.dart:118:18)
#91     RenderCustomPaint.performLayout (package:flutter/src/rendering/custom_paint.dart:574:11)
#92     RenderObject.layout (package:flutter/src/rendering/object.dart:2768:7)
#93     RenderProxyBoxMixin.performLayout (package:flutter/src/rendering/proxy_box.dart:118:18)
#94     RenderObject.layout (package:flutter/src/rendering/object.dart:2768:7)
#95     RenderProxyBoxMixin.performLayout (package:flutter/src/rendering/proxy_box.dart:118:18)
#96     RenderObject.layout (package:flutter/src/rendering/object.dart:2768:7)
#97     RenderProxyBoxMixin.performLayout (package:flutter/src/rendering/proxy_box.dart:118:18)
#98     RenderObject.layout (package:flutter/src/rendering/object.dart:2768:7)
#99     RenderProxyBoxMixin.performLayout (package:flutter/src/rendering/proxy_box.dart:118:18)
#100    RenderObject.layout (package:flutter/src/rendering/object.dart:2768:7)
#101    RenderProxyBoxMixin.performLayout (package:flutter/src/rendering/proxy_box.dart:118:18)
#102    RenderObject.layout (package:flutter/src/rendering/object.dart:2768:7)
#103    RenderProxyBoxMixin.performLayout (package:flutter/src/rendering/proxy_box.dart:118:18)
#104    RenderObject.layout (package:flutter/src/rendering/object.dart:2768:7)
#105    RenderView.performLayout (package:flutter/src/rendering/view.dart:292:12)
#106    RenderObject._layoutWithoutResize (package:flutter/src/rendering/object.dart:2616:7)
#107    PipelineOwner.flushLayout (package:flutter/src/rendering/object.dart:1174:18)
#108    PipelineOwner.flushLayout (package:flutter/src/rendering/object.dart:1187:15)
#109    AutomatedTestWidgetsFlutterBinding.drawFrame (package:flutter_test/src/binding.dart:2133:27)
#110    RendererBinding._handlePersistentFrameCallback (package:flutter/src/rendering/binding.dart:495:5)
#111    SchedulerBinding._invokeFrameCallback (package:flutter/src/scheduler/binding.dart:1430:15)
#112    SchedulerBinding.handleDrawFrame (package:flutter/src/scheduler/binding.dart:1345:9)
#113    AutomatedTestWidgetsFlutterBinding.pump.<anonymous closure> (package:flutter_test/src/binding.dart:1960:9)
#116    TestAsyncUtils.guard (package:flutter_test/src/test_async_utils.dart:74:41)
#117    AutomatedTestWidgetsFlutterBinding.pump (package:flutter_test/src/binding.dart:1949:27)
#118    WidgetTester.pumpWidget.<anonymous closure> (package:flutter_test/src/widget_tester.dart:598:22)
#121    TestAsyncUtils.guard (package:flutter_test/src/test_async_utils.dart:74:41)
#122    WidgetTester.pumpWidget (package:flutter_test/src/widget_tester.dart:595:27)
#123    main.<anonymous closure>.<anonymous closure> (file:///C:/Users/bhara/StudioProjects/simple_billing_app/test/widget/billing_screen_test.dart:28:20)
#124    testWidgets.<anonymous closure>.<anonymous closure> (package:flutter_test/src/widget_tester.dart:192:29)
<asynchronous suspension>
#125    TestWidgetsFlutterBinding._runTestBody (package:flutter_test/src/binding.dart:1682:5)
<asynchronous suspension>
<asynchronous suspension>
(elided 7 frames from class _AssertionError, dart:async, and package:stack_trace)

The following RenderObject was being processed when the exception was fired: RenderDecoratedBox#3cf25 relayoutBoundary=up14 NEEDS-LAYOUT NEEDS-PAINT NEEDS-COMPOSITING-BITS-UPDATE:
  creator: DecoratedBox ΓåÉ Container ΓåÉ Column ΓåÉ Row ΓåÉ _SingleChildViewport ΓåÉ
    IgnorePointer-[GlobalKey#a7f4f] ΓåÉ Semantics ΓåÉ Listener ΓåÉ _GestureSemantics ΓåÉ
    RawGestureDetector-[LabeledGlobalKey<RawGestureDetectorState>#d3054] ΓåÉ Listener ΓåÉ _ScrollableScope
    ΓåÉ Γï»
  parentData: offset=Offset(0.0, 0.0); flex=null; fit=null (can use size)
  constraints: BoxConstraints(unconstrained)
  size: MISSING
  decoration: BoxDecoration:
    color: Color(alpha: 1.0000, red: 1.0000, green: 1.0000, blue: 1.0000, colorSpace: ColorSpace.sRGB)
    border: Border.all(BorderSide(color: Color(alpha: 1.0000, red: 0.8784, green: 0.8471, blue: 0.8000,
      colorSpace: ColorSpace.sRGB)))
    borderRadius: BorderRadius.circular(16.0)
  configuration: ImageConfiguration(bundle: PlatformAssetBundle#5f0ed(), devicePixelRatio: 1.0,
    locale: en_US, textDirection: TextDirection.ltr, platform: android)
This RenderObject had the following descendants (showing up to depth 5):
    child: RenderPadding#4f38d relayoutBoundary=up15 NEEDS-PAINT NEEDS-COMPOSITING-BITS-UPDATE
      child: RenderFlex#3bf0f relayoutBoundary=up16 NEEDS-PAINT NEEDS-COMPOSITING-BITS-UPDATE
        child 1: RenderParagraph#ab044 relayoutBoundary=up17 NEEDS-PAINT
          text: TextSpan
        child 2: RenderConstrainedBox#a8185 relayoutBoundary=up17 NEEDS-PAINT
        child 3: RenderSemanticsGestureHandler#b629e relayoutBoundary=up17 NEEDS-PAINT NEEDS-COMPOSITING-BITS-UPDATE
          child: RenderPointerListener#6f879 relayoutBoundary=up18 NEEDS-PAINT NEEDS-COMPOSITING-BITS-UPDATE
            child: RenderAbsorbPointer#94f0a relayoutBoundary=up19 NEEDS-PAINT NEEDS-COMPOSITING-BITS-UPDATE
ΓòÉΓòÉΓòÉΓòÉΓòÉΓòÉΓòÉΓòÉΓòÉΓòÉΓòÉΓòÉΓòÉΓòÉΓòÉΓòÉΓòÉΓòÉΓòÉΓòÉΓòÉΓòÉΓòÉΓòÉΓòÉΓòÉΓòÉΓòÉΓòÉΓòÉΓòÉΓòÉΓòÉΓòÉΓòÉΓòÉΓòÉΓòÉΓòÉΓòÉΓòÉΓòÉΓòÉΓòÉΓòÉΓòÉΓòÉΓòÉΓòÉΓòÉΓòÉΓòÉΓòÉΓòÉΓòÉΓòÉΓòÉΓòÉΓòÉΓòÉΓòÉΓòÉΓòÉΓòÉΓòÉΓòÉΓòÉΓòÉΓòÉΓòÉΓòÉΓòÉΓòÉΓòÉΓòÉΓòÉΓòÉΓòÉΓòÉΓòÉΓòÉΓòÉΓòÉΓòÉΓòÉΓòÉΓòÉΓòÉΓòÉΓòÉΓòÉΓòÉΓòÉΓòÉΓòÉΓòÉΓòÉΓòÉΓòÉΓòÉ
ΓòÉΓòÉΓòí EXCEPTION CAUGHT BY RENDERING LIBRARY Γò₧ΓòÉΓòÉΓòÉΓòÉΓòÉΓòÉΓòÉΓòÉΓòÉΓòÉΓòÉΓòÉΓòÉΓòÉΓòÉΓòÉΓòÉΓòÉΓòÉΓòÉΓòÉΓòÉΓòÉΓòÉΓòÉΓòÉΓòÉΓòÉΓòÉΓòÉΓòÉΓòÉΓòÉΓòÉΓòÉΓòÉΓòÉΓòÉΓòÉΓòÉΓòÉΓòÉΓòÉΓòÉΓòÉΓòÉΓòÉΓòÉΓòÉΓòÉΓòÉΓòÉΓòÉΓòÉΓòÉΓòÉΓòÉ
The following assertion was thrown during performLayout():
RenderBox was not laid out: RenderDecoratedBox#3cf25 relayoutBoundary=up14 NEEDS-PAINT
NEEDS-COMPOSITING-BITS-UPDATE
'package:flutter/src/rendering/box.dart':
Failed assertion: line 2251 pos 12: 'hasSize'

Either the assertion indicates an error in the framework itself, or we should provide substantially
more information in this error message to help you determine and fix the underlying cause.
In either case, please report this assertion by filing a bug on GitHub:
  https://github.com/flutter/flutter/issues/new?template=02_bug.yml

The relevant error-causing widget was:
  Column
  Column:file:///C:/Users/bhara/StudioProjects/simple_billing_app/lib/views/screens/billing_screen.dart:244:13

When the exception was thrown, this was the stack:
#2      RenderBox.size (package:flutter/src/rendering/box.dart:2251:12)
#3      ChildLayoutHelper.layoutChild (package:flutter/src/rendering/layout_helper.dart:63:18)
#4      RenderFlex._computeSizes (package:flutter/src/rendering/flex.dart:1237:28)
#5      RenderFlex.performLayout (package:flutter/src/rendering/flex.dart:1329:32)
#6      RenderObject.layout (package:flutter/src/rendering/object.dart:2768:7)
#7      ChildLayoutHelper.layoutChild (package:flutter/src/rendering/layout_helper.dart:62:11)
#8      RenderFlex._computeSizes (package:flutter/src/rendering/flex.dart:1237:28)
#9      RenderFlex.performLayout (package:flutter/src/rendering/flex.dart:1329:32)
#10     RenderObject.layout (package:flutter/src/rendering/object.dart:2768:7)
#11     _RenderSingleChildViewport.performLayout (package:flutter/src/widgets/single_child_scroll_view.dart:502:14)
#12     RenderObject.layout (package:flutter/src/rendering/object.dart:2768:7)
#13     RenderProxyBoxMixin.performLayout (package:flutter/src/rendering/proxy_box.dart:118:18)
#14     RenderObject.layout (package:flutter/src/rendering/object.dart:2768:7)
#15     RenderProxyBoxMixin.performLayout (package:flutter/src/rendering/proxy_box.dart:118:18)
#16     RenderObject.layout (package:flutter/src/rendering/object.dart:2768:7)
#17     RenderProxyBoxMixin.performLayout (package:flutter/src/rendering/proxy_box.dart:118:18)
#18     RenderObject.layout (package:flutter/src/rendering/object.dart:2768:7)
#19     RenderProxyBoxMixin.performLayout (package:flutter/src/rendering/proxy_box.dart:118:18)
#20     RenderObject.layout (package:flutter/src/rendering/object.dart:2768:7)
#21     RenderProxyBoxMixin.performLayout (package:flutter/src/rendering/proxy_box.dart:118:18)
#22     RenderObject.layout (package:flutter/src/rendering/object.dart:2768:7)
#23     RenderProxyBoxMixin.performLayout (package:flutter/src/rendering/proxy_box.dart:118:18)
#24     RenderObject.layout (package:flutter/src/rendering/object.dart:2768:7)
#25     RenderProxyBoxMixin.performLayout (package:flutter/src/rendering/proxy_box.dart:118:18)
#26     RenderObject.layout (package:flutter/src/rendering/object.dart:2768:7)
#27     RenderProxyBoxMixin.performLayout (package:flutter/src/rendering/proxy_box.dart:118:18)
#28     _RenderCustomClip.performLayout (package:flutter/src/rendering/proxy_box.dart:1549:11)
#29     RenderObject.layout (package:flutter/src/rendering/object.dart:2768:7)
#30     RenderPadding.performLayout (package:flutter/src/rendering/shifted_box.dart:262:12)
#31     RenderObject.layout (package:flutter/src/rendering/object.dart:2768:7)
#32     _RenderLayoutBuilder.performLayout (package:flutter/src/widgets/layout_builder.dart:449:14)
#33     RenderObject.layout (package:flutter/src/rendering/object.dart:2768:7)
#34     MultiChildLayoutDelegate.layoutChild (package:flutter/src/rendering/custom_layout.dart:180:12)
#35     _ScaffoldLayout.performLayout (package:flutter/src/material/scaffold.dart:1113:7)
#36     MultiChildLayoutDelegate._callPerformLayout (package:flutter/src/rendering/custom_layout.dart:246:7)
#37     RenderCustomMultiChildLayoutBox.performLayout (package:flutter/src/rendering/custom_layout.dart:417:14)
#38     RenderObject.layout (package:flutter/src/rendering/object.dart:2768:7)
#39     RenderProxyBoxMixin.performLayout (package:flutter/src/rendering/proxy_box.dart:118:18)
#40     RenderObject.layout (package:flutter/src/rendering/object.dart:2768:7)
#41     RenderProxyBoxMixin.performLayout (package:flutter/src/rendering/proxy_box.dart:118:18)
#42     _RenderCustomClip.performLayout (package:flutter/src/rendering/proxy_box.dart:1549:11)
#43     RenderObject.layout (package:flutter/src/rendering/object.dart:2768:7)
#44     RenderProxyBoxMixin.performLayout (package:flutter/src/rendering/proxy_box.dart:118:18)
#45     RenderObject.layout (package:flutter/src/rendering/object.dart:2768:7)
#46     RenderProxyBoxMixin.performLayout (package:flutter/src/rendering/proxy_box.dart:118:18)
#47     RenderObject.layout (package:flutter/src/rendering/object.dart:2768:7)
#48     RenderProxyBoxMixin.performLayout (package:flutter/src/rendering/proxy_box.dart:118:18)
#49     RenderObject.layout (package:flutter/src/rendering/object.dart:2768:7)
#50     RenderProxyBoxMixin.performLayout (package:flutter/src/rendering/proxy_box.dart:118:18)
#51     RenderObject.layout (package:flutter/src/rendering/object.dart:2768:7)
#52     RenderProxyBoxMixin.performLayout (package:flutter/src/rendering/proxy_box.dart:118:18)
#53     RenderObject.layout (package:flutter/src/rendering/object.dart:2768:7)
#54     RenderProxyBoxMixin.performLayout (package:flutter/src/rendering/proxy_box.dart:118:18)
#55     RenderObject.layout (package:flutter/src/rendering/object.dart:2768:7)
#56     RenderProxyBoxMixin.performLayout (package:flutter/src/rendering/proxy_box.dart:118:18)
#57     RenderObject.layout (package:flutter/src/rendering/object.dart:2768:7)
#58     RenderProxyBoxMixin.performLayout (package:flutter/src/rendering/proxy_box.dart:118:18)
#59     RenderObject.layout (package:flutter/src/rendering/object.dart:2768:7)
#60     RenderProxyBoxMixin.performLayout (package:flutter/src/rendering/proxy_box.dart:118:18)
#61     RenderObject.layout (package:flutter/src/rendering/object.dart:2768:7)
#62     RenderProxyBoxMixin.performLayout (package:flutter/src/rendering/proxy_box.dart:118:18)
#63     RenderObject.layout (package:flutter/src/rendering/object.dart:2768:7)
#64     RenderProxyBoxMixin.performLayout (package:flutter/src/rendering/proxy_box.dart:118:18)
#65     RenderObject.layout (package:flutter/src/rendering/object.dart:2768:7)
#66     RenderProxyBoxMixin.performLayout (package:flutter/src/rendering/proxy_box.dart:118:18)
#67     RenderObject.layout (package:flutter/src/rendering/object.dart:2768:7)
#68     RenderProxyBoxMixin.performLayout (package:flutter/src/rendering/proxy_box.dart:118:18)
#69     RenderObject.layout (package:flutter/src/rendering/object.dart:2768:7)
#70     RenderProxyBoxMixin.performLayout (package:flutter/src/rendering/proxy_box.dart:118:18)
#71     RenderObject.layout (package:flutter/src/rendering/object.dart:2768:7)
#72     RenderProxyBoxMixin.performLayout (package:flutter/src/rendering/proxy_box.dart:118:18)
#73     RenderObject.layout (package:flutter/src/rendering/object.dart:2768:7)
#74     RenderProxyBoxMixin.performLayout (package:flutter/src/rendering/proxy_box.dart:118:18)
#75     RenderOffstage.performLayout (package:flutter/src/rendering/proxy_box.dart:3923:13)
#76     RenderObject.layout (package:flutter/src/rendering/object.dart:2768:7)
#77     RenderProxyBoxMixin.performLayout (package:flutter/src/rendering/proxy_box.dart:118:18)
#78     RenderObject.layout (package:flutter/src/rendering/object.dart:2768:7)
#79     _RenderTheaterMixin.layoutChild (package:flutter/src/widgets/overlay.dart:1084:13)
#80     _RenderTheater.performLayout (package:flutter/src/widgets/overlay.dart:1429:9)
#81     RenderObject.layout (package:flutter/src/rendering/object.dart:2768:7)
#82     RenderProxyBoxMixin.performLayout (package:flutter/src/rendering/proxy_box.dart:118:18)
#83     RenderObject.layout (package:flutter/src/rendering/object.dart:2768:7)
#84     RenderProxyBoxMixin.performLayout (package:flutter/src/rendering/proxy_box.dart:118:18)
#85     RenderObject.layout (package:flutter/src/rendering/object.dart:2768:7)
#86     RenderProxyBoxMixin.performLayout (package:flutter/src/rendering/proxy_box.dart:118:18)
#87     RenderObject.layout (package:flutter/src/rendering/object.dart:2768:7)
#88     RenderProxyBoxMixin.performLayout (package:flutter/src/rendering/proxy_box.dart:118:18)
#89     RenderCustomPaint.performLayout (package:flutter/src/rendering/custom_paint.dart:574:11)
#90     RenderObject.layout (package:flutter/src/rendering/object.dart:2768:7)
#91     RenderProxyBoxMixin.performLayout (package:flutter/src/rendering/proxy_box.dart:118:18)
#92     RenderObject.layout (package:flutter/src/rendering/object.dart:2768:7)
#93     RenderProxyBoxMixin.performLayout (package:flutter/src/rendering/proxy_box.dart:118:18)
#94     RenderObject.layout (package:flutter/src/rendering/object.dart:2768:7)
#95     RenderProxyBoxMixin.performLayout (package:flutter/src/rendering/proxy_box.dart:118:18)
#96     RenderObject.layout (package:flutter/src/rendering/object.dart:2768:7)
#97     RenderProxyBoxMixin.performLayout (package:flutter/src/rendering/proxy_box.dart:118:18)
#98     RenderObject.layout (package:flutter/src/rendering/object.dart:2768:7)
#99     RenderProxyBoxMixin.performLayout (package:flutter/src/rendering/proxy_box.dart:118:18)
#100    RenderObject.layout (package:flutter/src/rendering/object.dart:2768:7)
#101    RenderProxyBoxMixin.performLayout (package:flutter/src/rendering/proxy_box.dart:118:18)
#102    RenderObject.layout (package:flutter/src/rendering/object.dart:2768:7)
#103    RenderView.performLayout (package:flutter/src/rendering/view.dart:292:12)
#104    RenderObject._layoutWithoutResize (package:flutter/src/rendering/object.dart:2616:7)
#105    PipelineOwner.flushLayout (package:flutter/src/rendering/object.dart:1174:18)
#106    PipelineOwner.flushLayout (package:flutter/src/rendering/object.dart:1187:15)
#107    AutomatedTestWidgetsFlutterBinding.drawFrame (package:flutter_test/src/binding.dart:2133:27)
#108    RendererBinding._handlePersistentFrameCallback (package:flutter/src/rendering/binding.dart:495:5)
#109    SchedulerBinding._invokeFrameCallback (package:flutter/src/scheduler/binding.dart:1430:15)
#110    SchedulerBinding.handleDrawFrame (package:flutter/src/scheduler/binding.dart:1345:9)
#111    AutomatedTestWidgetsFlutterBinding.pump.<anonymous closure> (package:flutter_test/src/binding.dart:1960:9)
#114    TestAsyncUtils.guard (package:flutter_test/src/test_async_utils.dart:74:41)
#115    AutomatedTestWidgetsFlutterBinding.pump (package:flutter_test/src/binding.dart:1949:27)
#116    WidgetTester.pumpWidget.<anonymous closure> (package:flutter_test/src/widget_tester.dart:598:22)
#119    TestAsyncUtils.guard (package:flutter_test/src/test_async_utils.dart:74:41)
#120    WidgetTester.pumpWidget (package:flutter_test/src/widget_tester.dart:595:27)
#121    main.<anonymous closure>.<anonymous closure> (file:///C:/Users/bhara/StudioProjects/simple_billing_app/test/widget/billing_screen_test.dart:28:20)
#122    testWidgets.<anonymous closure>.<anonymous closure> (package:flutter_test/src/widget_tester.dart:192:29)
<asynchronous suspension>
#123    TestWidgetsFlutterBinding._runTestBody (package:flutter_test/src/binding.dart:1682:5)
<asynchronous suspension>
<asynchronous suspension>
(elided 7 frames from class _AssertionError, dart:async, and package:stack_trace)

The following RenderObject was being processed when the exception was fired: RenderFlex#6cf0d relayoutBoundary=up13 NEEDS-LAYOUT NEEDS-PAINT NEEDS-COMPOSITING-BITS-UPDATE:
  creator: Column ΓåÉ Row ΓåÉ _SingleChildViewport ΓåÉ IgnorePointer-[GlobalKey#a7f4f] ΓåÉ Semantics ΓåÉ
    Listener ΓåÉ _GestureSemantics ΓåÉ
    RawGestureDetector-[LabeledGlobalKey<RawGestureDetectorState>#d3054] ΓåÉ Listener ΓåÉ _ScrollableScope
    ΓåÉ _ScrollSemantics-[GlobalKey#7be9b] ΓåÉ NotificationListener<ScrollMetricsNotification> ΓåÉ Γï»
  parentData: offset=Offset(0.0, 0.0); flex=null; fit=null (can use size)
  constraints: BoxConstraints(unconstrained)
  size: MISSING
  direction: vertical
  mainAxisAlignment: start
  mainAxisSize: max
  crossAxisAlignment: start
  textDirection: ltr
  verticalDirection: down
  spacing: 0.0
This RenderObject had the following descendants (showing up to depth 5):
    child 1: RenderDecoratedBox#3cf25 relayoutBoundary=up14 NEEDS-PAINT NEEDS-COMPOSITING-BITS-UPDATE
      child: RenderPadding#4f38d relayoutBoundary=up15 NEEDS-PAINT NEEDS-COMPOSITING-BITS-UPDATE
        child: RenderFlex#3bf0f relayoutBoundary=up16 NEEDS-PAINT NEEDS-COMPOSITING-BITS-UPDATE
          child 1: RenderParagraph#ab044 relayoutBoundary=up17 NEEDS-PAINT
            text: TextSpan
          child 2: RenderConstrainedBox#a8185 relayoutBoundary=up17 NEEDS-PAINT
          child 3: RenderSemanticsGestureHandler#b629e relayoutBoundary=up17 NEEDS-PAINT NEEDS-COMPOSITING-BITS-UPDATE
            child: RenderPointerListener#6f879 relayoutBoundary=up18 NEEDS-PAINT NEEDS-COMPOSITING-BITS-UPDATE
    child 2: RenderConstrainedBox#c52a5 NEEDS-LAYOUT NEEDS-PAINT
    child 3: RenderDecoratedBox#d89a1 NEEDS-LAYOUT NEEDS-PAINT NEEDS-COMPOSITING-BITS-UPDATE
      child: RenderPadding#f7ec6 NEEDS-LAYOUT NEEDS-PAINT NEEDS-COMPOSITING-BITS-UPDATE
        child: RenderFlex#b0be6 NEEDS-LAYOUT NEEDS-PAINT NEEDS-COMPOSITING-BITS-UPDATE
          child 1: RenderParagraph#687b8 NEEDS-LAYOUT NEEDS-PAINT
            text: TextSpan
          child 2: RenderConstrainedBox#aca0f NEEDS-LAYOUT NEEDS-PAINT
          child 3: RenderFlex#352e8 NEEDS-LAYOUT NEEDS-PAINT NEEDS-COMPOSITING-BITS-UPDATE
            child 1: RenderMouseRegion#ea504 NEEDS-LAYOUT NEEDS-PAINT NEEDS-COMPOSITING-BITS-UPDATE
            child 2: RenderConstrainedBox#13969 NEEDS-LAYOUT NEEDS-PAINT
            child 3: RenderSemanticsAnnotations#faac2 NEEDS-LAYOUT NEEDS-PAINT NEEDS-COMPOSITING-BITS-UPDATE
    child 4: RenderConstrainedBox#80c69 NEEDS-LAYOUT NEEDS-PAINT
    child 5: RenderDecoratedBox#4bcda NEEDS-LAYOUT NEEDS-PAINT NEEDS-COMPOSITING-BITS-UPDATE
      child: RenderPadding#b313f NEEDS-LAYOUT NEEDS-PAINT NEEDS-COMPOSITING-BITS-UPDATE
        child: RenderDecoratedBox#2eba1 NEEDS-LAYOUT NEEDS-PAINT NEEDS-COMPOSITING-BITS-UPDATE
          child: RenderPadding#c8d1c NEEDS-LAYOUT NEEDS-PAINT NEEDS-COMPOSITING-BITS-UPDATE
            child: RenderFlex#22763 NEEDS-LAYOUT NEEDS-PAINT NEEDS-COMPOSITING-BITS-UPDATE
    ...(descendants list truncated after 25 lines)
ΓòÉΓòÉΓòÉΓòÉΓòÉΓòÉΓòÉΓòÉΓòÉΓòÉΓòÉΓòÉΓòÉΓòÉΓòÉΓòÉΓòÉΓòÉΓòÉΓòÉΓòÉΓòÉΓòÉΓòÉΓòÉΓòÉΓòÉΓòÉΓòÉΓòÉΓòÉΓòÉΓòÉΓòÉΓòÉΓòÉΓòÉΓòÉΓòÉΓòÉΓòÉΓòÉΓòÉΓòÉΓòÉΓòÉΓòÉΓòÉΓòÉΓòÉΓòÉΓòÉΓòÉΓòÉΓòÉΓòÉΓòÉΓòÉΓòÉΓòÉΓòÉΓòÉΓòÉΓòÉΓòÉΓòÉΓòÉΓòÉΓòÉΓòÉΓòÉΓòÉΓòÉΓòÉΓòÉΓòÉΓòÉΓòÉΓòÉΓòÉΓòÉΓòÉΓòÉΓòÉΓòÉΓòÉΓòÉΓòÉΓòÉΓòÉΓòÉΓòÉΓòÉΓòÉΓòÉΓòÉΓòÉΓòÉΓòÉΓòÉ
ΓòÉΓòÉΓòí EXCEPTION CAUGHT BY RENDERING LIBRARY Γò₧ΓòÉΓòÉΓòÉΓòÉΓòÉΓòÉΓòÉΓòÉΓòÉΓòÉΓòÉΓòÉΓòÉΓòÉΓòÉΓòÉΓòÉΓòÉΓòÉΓòÉΓòÉΓòÉΓòÉΓòÉΓòÉΓòÉΓòÉΓòÉΓòÉΓòÉΓòÉΓòÉΓòÉΓòÉΓòÉΓòÉΓòÉΓòÉΓòÉΓòÉΓòÉΓòÉΓòÉΓòÉΓòÉΓòÉΓòÉΓòÉΓòÉΓòÉΓòÉΓòÉΓòÉΓòÉΓòÉΓòÉΓòÉ
The following assertion was thrown during performLayout():
RenderBox was not laid out: RenderFlex#6cf0d relayoutBoundary=up13 NEEDS-PAINT
NEEDS-COMPOSITING-BITS-UPDATE
'package:flutter/src/rendering/box.dart':
Failed assertion: line 2251 pos 12: 'hasSize'

Either the assertion indicates an error in the framework itself, or we should provide substantially
more information in this error message to help you determine and fix the underlying cause.
In either case, please report this assertion by filing a bug on GitHub:
  https://github.com/flutter/flutter/issues/new?template=02_bug.yml

The relevant error-causing widget was:
  Row
  Row:file:///C:/Users/bhara/StudioProjects/simple_billing_app/lib/views/screens/billing_screen.dart:241:16

When the exception was thrown, this was the stack:
#2      RenderBox.size (package:flutter/src/rendering/box.dart:2251:12)
#3      ChildLayoutHelper.layoutChild (package:flutter/src/rendering/layout_helper.dart:63:18)
#4      RenderFlex._computeSizes (package:flutter/src/rendering/flex.dart:1237:28)
#5      RenderFlex.performLayout (package:flutter/src/rendering/flex.dart:1329:32)
#6      RenderObject.layout (package:flutter/src/rendering/object.dart:2768:7)
#7      _RenderSingleChildViewport.performLayout (package:flutter/src/widgets/single_child_scroll_view.dart:502:14)
#8      RenderObject.layout (package:flutter/src/rendering/object.dart:2768:7)
#9      RenderProxyBoxMixin.performLayout (package:flutter/src/rendering/proxy_box.dart:118:18)
#10     RenderObject.layout (package:flutter/src/rendering/object.dart:2768:7)
#11     RenderProxyBoxMixin.performLayout (package:flutter/src/rendering/proxy_box.dart:118:18)
#12     RenderObject.layout (package:flutter/src/rendering/object.dart:2768:7)
#13     RenderProxyBoxMixin.performLayout (package:flutter/src/rendering/proxy_box.dart:118:18)
#14     RenderObject.layout (package:flutter/src/rendering/object.dart:2768:7)
#15     RenderProxyBoxMixin.performLayout (package:flutter/src/rendering/proxy_box.dart:118:18)
#16     RenderObject.layout (package:flutter/src/rendering/object.dart:2768:7)
#17     RenderProxyBoxMixin.performLayout (package:flutter/src/rendering/proxy_box.dart:118:18)
#18     RenderObject.layout (package:flutter/src/rendering/object.dart:2768:7)
#19     RenderProxyBoxMixin.performLayout (package:flutter/src/rendering/proxy_box.dart:118:18)
#20     RenderObject.layout (package:flutter/src/rendering/object.dart:2768:7)
#21     RenderProxyBoxMixin.performLayout (package:flutter/src/rendering/proxy_box.dart:118:18)
#22     RenderObject.layout (package:flutter/src/rendering/object.dart:2768:7)
#23     RenderProxyBoxMixin.performLayout (package:flutter/src/rendering/proxy_box.dart:118:18)
#24     _RenderCustomClip.performLayout (package:flutter/src/rendering/proxy_box.dart:1549:11)
#25     RenderObject.layout (package:flutter/src/rendering/object.dart:2768:7)
#26     RenderPadding.performLayout (package:flutter/src/rendering/shifted_box.dart:262:12)
#27     RenderObject.layout (package:flutter/src/rendering/object.dart:2768:7)
#28     _RenderLayoutBuilder.performLayout (package:flutter/src/widgets/layout_builder.dart:449:14)
#29     RenderObject.layout (package:flutter/src/rendering/object.dart:2768:7)
#30     MultiChildLayoutDelegate.layoutChild (package:flutter/src/rendering/custom_layout.dart:180:12)
#31     _ScaffoldLayout.performLayout (package:flutter/src/material/scaffold.dart:1113:7)
#32     MultiChildLayoutDelegate._callPerformLayout (package:flutter/src/rendering/custom_layout.dart:246:7)
#33     RenderCustomMultiChildLayoutBox.performLayout (package:flutter/src/rendering/custom_layout.dart:417:14)
#34     RenderObject.layout (package:flutter/src/rendering/object.dart:2768:7)
#35     RenderProxyBoxMixin.performLayout (package:flutter/src/rendering/proxy_box.dart:118:18)
#36     RenderObject.layout (package:flutter/src/rendering/object.dart:2768:7)
#37     RenderProxyBoxMixin.performLayout (package:flutter/src/rendering/proxy_box.dart:118:18)
#38     _RenderCustomClip.performLayout (package:flutter/src/rendering/proxy_box.dart:1549:11)
#39     RenderObject.layout (package:flutter/src/rendering/object.dart:2768:7)
#40     RenderProxyBoxMixin.performLayout (package:flutter/src/rendering/proxy_box.dart:118:18)
#41     RenderObject.layout (package:flutter/src/rendering/object.dart:2768:7)
#42     RenderProxyBoxMixin.performLayout (package:flutter/src/rendering/proxy_box.dart:118:18)
#43     RenderObject.layout (package:flutter/src/rendering/object.dart:2768:7)
#44     RenderProxyBoxMixin.performLayout (package:flutter/src/rendering/proxy_box.dart:118:18)
#45     RenderObject.layout (package:flutter/src/rendering/object.dart:2768:7)
#46     RenderProxyBoxMixin.performLayout (package:flutter/src/rendering/proxy_box.dart:118:18)
#47     RenderObject.layout (package:flutter/src/rendering/object.dart:2768:7)
#48     RenderProxyBoxMixin.performLayout (package:flutter/src/rendering/proxy_box.dart:118:18)
#49     RenderObject.layout (package:flutter/src/rendering/object.dart:2768:7)
#50     RenderProxyBoxMixin.performLayout (package:flutter/src/rendering/proxy_box.dart:118:18)
#51     RenderObject.layout (package:flutter/src/rendering/object.dart:2768:7)
#52     RenderProxyBoxMixin.performLayout (package:flutter/src/rendering/proxy_box.dart:118:18)
#53     RenderObject.layout (package:flutter/src/rendering/object.dart:2768:7)
#54     RenderProxyBoxMixin.performLayout (package:flutter/src/rendering/proxy_box.dart:118:18)
#55     RenderObject.layout (package:flutter/src/rendering/object.dart:2768:7)
#56     RenderProxyBoxMixin.performLayout (package:flutter/src/rendering/proxy_box.dart:118:18)
#57     RenderObject.layout (package:flutter/src/rendering/object.dart:2768:7)
#58     RenderProxyBoxMixin.performLayout (package:flutter/src/rendering/proxy_box.dart:118:18)
#59     RenderObject.layout (package:flutter/src/rendering/object.dart:2768:7)
#60     RenderProxyBoxMixin.performLayout (package:flutter/src/rendering/proxy_box.dart:118:18)
#61     RenderObject.layout (package:flutter/src/rendering/object.dart:2768:7)
#62     RenderProxyBoxMixin.performLayout (package:flutter/src/rendering/proxy_box.dart:118:18)
#63     RenderObject.layout (package:flutter/src/rendering/object.dart:2768:7)
#64     RenderProxyBoxMixin.performLayout (package:flutter/src/rendering/proxy_box.dart:118:18)
#65     RenderObject.layout (package:flutter/src/rendering/object.dart:2768:7)
#66     RenderProxyBoxMixin.performLayout (package:flutter/src/rendering/proxy_box.dart:118:18)
#67     RenderObject.layout (package:flutter/src/rendering/object.dart:2768:7)
#68     RenderProxyBoxMixin.performLayout (package:flutter/src/rendering/proxy_box.dart:118:18)
#69     RenderObject.layout (package:flutter/src/rendering/object.dart:2768:7)
#70     RenderProxyBoxMixin.performLayout (package:flutter/src/rendering/proxy_box.dart:118:18)
#71     RenderOffstage.performLayout (package:flutter/src/rendering/proxy_box.dart:3923:13)
#72     RenderObject.layout (package:flutter/src/rendering/object.dart:2768:7)
#73     RenderProxyBoxMixin.performLayout (package:flutter/src/rendering/proxy_box.dart:118:18)
#74     RenderObject.layout (package:flutter/src/rendering/object.dart:2768:7)
#75     _RenderTheaterMixin.layoutChild (package:flutter/src/widgets/overlay.dart:1084:13)
#76     _RenderTheater.performLayout (package:flutter/src/widgets/overlay.dart:1429:9)
#77     RenderObject.layout (package:flutter/src/rendering/object.dart:2768:7)
#78     RenderProxyBoxMixin.performLayout (package:flutter/src/rendering/proxy_box.dart:118:18)
#79     RenderObject.layout (package:flutter/src/rendering/object.dart:2768:7)
#80     RenderProxyBoxMixin.performLayout (package:flutter/src/rendering/proxy_box.dart:118:18)
#81     RenderObject.layout (package:flutter/src/rendering/object.dart:2768:7)
#82     RenderProxyBoxMixin.performLayout (package:flutter/src/rendering/proxy_box.dart:118:18)
#83     RenderObject.layout (package:flutter/src/rendering/object.dart:2768:7)
#84     RenderProxyBoxMixin.performLayout (package:flutter/src/rendering/proxy_box.dart:118:18)
#85     RenderCustomPaint.performLayout (package:flutter/src/rendering/custom_paint.dart:574:11)
#86     RenderObject.layout (package:flutter/src/rendering/object.dart:2768:7)
#87     RenderProxyBoxMixin.performLayout (package:flutter/src/rendering/proxy_box.dart:118:18)
#88     RenderObject.layout (package:flutter/src/rendering/object.dart:2768:7)
#89     RenderProxyBoxMixin.performLayout (package:flutter/src/rendering/proxy_box.dart:118:18)
#90     RenderObject.layout (package:flutter/src/rendering/object.dart:2768:7)
#91     RenderProxyBoxMixin.performLayout (package:flutter/src/rendering/proxy_box.dart:118:18)
#92     RenderObject.layout (package:flutter/src/rendering/object.dart:2768:7)
#93     RenderProxyBoxMixin.performLayout (package:flutter/src/rendering/proxy_box.dart:118:18)
#94     RenderObject.layout (package:flutter/src/rendering/object.dart:2768:7)
#95     RenderProxyBoxMixin.performLayout (package:flutter/src/rendering/proxy_box.dart:118:18)
#96     RenderObject.layout (package:flutter/src/rendering/object.dart:2768:7)
#97     RenderProxyBoxMixin.performLayout (package:flutter/src/rendering/proxy_box.dart:118:18)
#98     RenderObject.layout (package:flutter/src/rendering/object.dart:2768:7)
#99     RenderView.performLayout (package:flutter/src/rendering/view.dart:292:12)
#100    RenderObject._layoutWithoutResize (package:flutter/src/rendering/object.dart:2616:7)
#101    PipelineOwner.flushLayout (package:flutter/src/rendering/object.dart:1174:18)
#102    PipelineOwner.flushLayout (package:flutter/src/rendering/object.dart:1187:15)
#103    AutomatedTestWidgetsFlutterBinding.drawFrame (package:flutter_test/src/binding.dart:2133:27)
#104    RendererBinding._handlePersistentFrameCallback (package:flutter/src/rendering/binding.dart:495:5)
#105    SchedulerBinding._invokeFrameCallback (package:flutter/src/scheduler/binding.dart:1430:15)
#106    SchedulerBinding.handleDrawFrame (package:flutter/src/scheduler/binding.dart:1345:9)
#107    AutomatedTestWidgetsFlutterBinding.pump.<anonymous closure> (package:flutter_test/src/binding.dart:1960:9)
#110    TestAsyncUtils.guard (package:flutter_test/src/test_async_utils.dart:74:41)
#111    AutomatedTestWidgetsFlutterBinding.pump (package:flutter_test/src/binding.dart:1949:27)
#112    WidgetTester.pumpWidget.<anonymous closure> (package:flutter_test/src/widget_tester.dart:598:22)
#115    TestAsyncUtils.guard (package:flutter_test/src/test_async_utils.dart:74:41)
#116    WidgetTester.pumpWidget (package:flutter_test/src/widget_tester.dart:595:27)
#117    main.<anonymous closure>.<anonymous closure> (file:///C:/Users/bhara/StudioProjects/simple_billing_app/test/widget/billing_screen_test.dart:28:20)
#118    testWidgets.<anonymous closure>.<anonymous closure> (package:flutter_test/src/widget_tester.dart:192:29)
<asynchronous suspension>
#119    TestWidgetsFlutterBinding._runTestBody (package:flutter_test/src/binding.dart:1682:5)
<asynchronous suspension>
<asynchronous suspension>
(elided 7 frames from class _AssertionError, dart:async, and package:stack_trace)

The following RenderObject was being processed when the exception was fired: RenderFlex#4b37d relayoutBoundary=up12 NEEDS-LAYOUT NEEDS-PAINT NEEDS-COMPOSITING-BITS-UPDATE:
  creator: Row ΓåÉ _SingleChildViewport ΓåÉ IgnorePointer-[GlobalKey#a7f4f] ΓåÉ Semantics ΓåÉ Listener ΓåÉ
    _GestureSemantics ΓåÉ RawGestureDetector-[LabeledGlobalKey<RawGestureDetectorState>#d3054] ΓåÉ
    Listener ΓåÉ _ScrollableScope ΓåÉ _ScrollSemantics-[GlobalKey#7be9b] ΓåÉ
    NotificationListener<ScrollMetricsNotification> ΓåÉ Transform ΓåÉ Γï»
  parentData: <none> (can use size)
  constraints: BoxConstraints(0.0<=w<=1136.0, 0.0<=h<=Infinity)
  size: MISSING
  direction: horizontal
  mainAxisAlignment: start
  mainAxisSize: max
  crossAxisAlignment: start
  textDirection: ltr
  verticalDirection: down
  spacing: 0.0
This RenderObject had the following descendants (showing up to depth 5):
    child 1: RenderFlex#6cf0d relayoutBoundary=up13 NEEDS-PAINT NEEDS-COMPOSITING-BITS-UPDATE
      child 1: RenderDecoratedBox#3cf25 relayoutBoundary=up14 NEEDS-PAINT NEEDS-COMPOSITING-BITS-UPDATE
        child: RenderPadding#4f38d relayoutBoundary=up15 NEEDS-PAINT NEEDS-COMPOSITING-BITS-UPDATE
          child: RenderFlex#3bf0f relayoutBoundary=up16 NEEDS-PAINT NEEDS-COMPOSITING-BITS-UPDATE
            child 1: RenderParagraph#ab044 relayoutBoundary=up17 NEEDS-PAINT
            child 2: RenderConstrainedBox#a8185 relayoutBoundary=up17 NEEDS-PAINT
            child 3: RenderSemanticsGestureHandler#b629e relayoutBoundary=up17 NEEDS-PAINT NEEDS-COMPOSITING-BITS-UPDATE
      child 2: RenderConstrainedBox#c52a5 NEEDS-LAYOUT NEEDS-PAINT
      child 3: RenderDecoratedBox#d89a1 NEEDS-LAYOUT NEEDS-PAINT NEEDS-COMPOSITING-BITS-UPDATE
        child: RenderPadding#f7ec6 NEEDS-LAYOUT NEEDS-PAINT NEEDS-COMPOSITING-BITS-UPDATE
          child: RenderFlex#b0be6 NEEDS-LAYOUT NEEDS-PAINT NEEDS-COMPOSITING-BITS-UPDATE
            child 1: RenderParagraph#687b8 NEEDS-LAYOUT NEEDS-PAINT
            child 2: RenderConstrainedBox#aca0f NEEDS-LAYOUT NEEDS-PAINT
            child 3: RenderFlex#352e8 NEEDS-LAYOUT NEEDS-PAINT NEEDS-COMPOSITING-BITS-UPDATE
      child 4: RenderConstrainedBox#80c69 NEEDS-LAYOUT NEEDS-PAINT
      child 5: RenderDecoratedBox#4bcda NEEDS-LAYOUT NEEDS-PAINT NEEDS-COMPOSITING-BITS-UPDATE
        child: RenderPadding#b313f NEEDS-LAYOUT NEEDS-PAINT NEEDS-COMPOSITING-BITS-UPDATE
          child: RenderDecoratedBox#2eba1 NEEDS-LAYOUT NEEDS-PAINT NEEDS-COMPOSITING-BITS-UPDATE
            child: RenderPadding#c8d1c NEEDS-LAYOUT NEEDS-PAINT NEEDS-COMPOSITING-BITS-UPDATE
      child 6: RenderConstrainedBox#57836 NEEDS-LAYOUT NEEDS-PAINT
      child 7: RenderDecoratedBox#f178a NEEDS-LAYOUT NEEDS-PAINT NEEDS-COMPOSITING-BITS-UPDATE
        child: RenderPadding#ecfe2 NEEDS-LAYOUT NEEDS-PAINT NEEDS-COMPOSITING-BITS-UPDATE
          child: RenderFlex#02d64 NEEDS-LAYOUT NEEDS-PAINT NEEDS-COMPOSITING-BITS-UPDATE
            child 1: RenderPadding#31eca NEEDS-LAYOUT NEEDS-PAINT NEEDS-COMPOSITING-BITS-UPDATE
            child 2: RenderDecoratedBox#cc447 NEEDS-LAYOUT NEEDS-PAINT NEEDS-COMPOSITING-BITS-UPDATE
            child 3: RenderPadding#6db53 NEEDS-LAYOUT NEEDS-PAINT NEEDS-COMPOSITING-BITS-UPDATE
ΓòÉΓòÉΓòÉΓòÉΓòÉΓòÉΓòÉΓòÉΓòÉΓòÉΓòÉΓòÉΓòÉΓòÉΓòÉΓòÉΓòÉΓòÉΓòÉΓòÉΓòÉΓòÉΓòÉΓòÉΓòÉΓòÉΓòÉΓòÉΓòÉΓòÉΓòÉΓòÉΓòÉΓòÉΓòÉΓòÉΓòÉΓòÉΓòÉΓòÉΓòÉΓòÉΓòÉΓòÉΓòÉΓòÉΓòÉΓòÉΓòÉΓòÉΓòÉΓòÉΓòÉΓòÉΓòÉΓòÉΓòÉΓòÉΓòÉΓòÉΓòÉΓòÉΓòÉΓòÉΓòÉΓòÉΓòÉΓòÉΓòÉΓòÉΓòÉΓòÉΓòÉΓòÉΓòÉΓòÉΓòÉΓòÉΓòÉΓòÉΓòÉΓòÉΓòÉΓòÉΓòÉΓòÉΓòÉΓòÉΓòÉΓòÉΓòÉΓòÉΓòÉΓòÉΓòÉΓòÉΓòÉΓòÉΓòÉΓòÉ
ΓòÉΓòÉΓòí EXCEPTION CAUGHT BY RENDERING LIBRARY Γò₧ΓòÉΓòÉΓòÉΓòÉΓòÉΓòÉΓòÉΓòÉΓòÉΓòÉΓòÉΓòÉΓòÉΓòÉΓòÉΓòÉΓòÉΓòÉΓòÉΓòÉΓòÉΓòÉΓòÉΓòÉΓòÉΓòÉΓòÉΓòÉΓòÉΓòÉΓòÉΓòÉΓòÉΓòÉΓòÉΓòÉΓòÉΓòÉΓòÉΓòÉΓòÉΓòÉΓòÉΓòÉΓòÉΓòÉΓòÉΓòÉΓòÉΓòÉΓòÉΓòÉΓòÉΓòÉΓòÉΓòÉΓòÉ
The following assertion was thrown during performLayout():
RenderBox was not laid out: RenderFlex#4b37d relayoutBoundary=up12 NEEDS-PAINT
NEEDS-COMPOSITING-BITS-UPDATE
'package:flutter/src/rendering/box.dart':
Failed assertion: line 2251 pos 12: 'hasSize'

Either the assertion indicates an error in the framework itself, or we should provide substantially
more information in this error message to help you determine and fix the underlying cause.
In either case, please report this assertion by filing a bug on GitHub:
  https://github.com/flutter/flutter/issues/new?template=02_bug.yml

The relevant error-causing widget was:
  SingleChildScrollView
  SingleChildScrollView:file:///C:/Users/bhara/StudioProjects/simple_billing_app/lib/views/screens/billing_screen.dart:240:14

When the exception was thrown, this was the stack:
#2      RenderBox.size (package:flutter/src/rendering/box.dart:2251:12)
#3      _RenderSingleChildViewport.performLayout (package:flutter/src/widgets/single_child_scroll_view.dart:503:43)
#4      RenderObject.layout (package:flutter/src/rendering/object.dart:2768:7)
#5      RenderProxyBoxMixin.performLayout (package:flutter/src/rendering/proxy_box.dart:118:18)
#6      RenderObject.layout (package:flutter/src/rendering/object.dart:2768:7)
#7      RenderProxyBoxMixin.performLayout (package:flutter/src/rendering/proxy_box.dart:118:18)
#8      RenderObject.layout (package:flutter/src/rendering/object.dart:2768:7)
#9      RenderProxyBoxMixin.performLayout (package:flutter/src/rendering/proxy_box.dart:118:18)
#10     RenderObject.layout (package:flutter/src/rendering/object.dart:2768:7)
#11     RenderProxyBoxMixin.performLayout (package:flutter/src/rendering/proxy_box.dart:118:18)
#12     RenderObject.layout (package:flutter/src/rendering/object.dart:2768:7)
#13     RenderProxyBoxMixin.performLayout (package:flutter/src/rendering/proxy_box.dart:118:18)
#14     RenderObject.layout (package:flutter/src/rendering/object.dart:2768:7)
#15     RenderProxyBoxMixin.performLayout (package:flutter/src/rendering/proxy_box.dart:118:18)
#16     RenderObject.layout (package:flutter/src/rendering/object.dart:2768:7)
#17     RenderProxyBoxMixin.performLayout (package:flutter/src/rendering/proxy_box.dart:118:18)
#18     RenderObject.layout (package:flutter/src/rendering/object.dart:2768:7)
#19     RenderProxyBoxMixin.performLayout (package:flutter/src/rendering/proxy_box.dart:118:18)
#20     _RenderCustomClip.performLayout (package:flutter/src/rendering/proxy_box.dart:1549:11)
#21     RenderObject.layout (package:flutter/src/rendering/object.dart:2768:7)
#22     RenderPadding.performLayout (package:flutter/src/rendering/shifted_box.dart:262:12)
#23     RenderObject.layout (package:flutter/src/rendering/object.dart:2768:7)
#24     _RenderLayoutBuilder.performLayout (package:flutter/src/widgets/layout_builder.dart:449:14)
#25     RenderObject.layout (package:flutter/src/rendering/object.dart:2768:7)
#26     MultiChildLayoutDelegate.layoutChild (package:flutter/src/rendering/custom_layout.dart:180:12)
#27     _ScaffoldLayout.performLayout (package:flutter/src/material/scaffold.dart:1113:7)
#28     MultiChildLayoutDelegate._callPerformLayout (package:flutter/src/rendering/custom_layout.dart:246:7)
#29     RenderCustomMultiChildLayoutBox.performLayout (package:flutter/src/rendering/custom_layout.dart:417:14)
#30     RenderObject.layout (package:flutter/src/rendering/object.dart:2768:7)
#31     RenderProxyBoxMixin.performLayout (package:flutter/src/rendering/proxy_box.dart:118:18)
#32     RenderObject.layout (package:flutter/src/rendering/object.dart:2768:7)
#33     RenderProxyBoxMixin.performLayout (package:flutter/src/rendering/proxy_box.dart:118:18)
#34     _RenderCustomClip.performLayout (package:flutter/src/rendering/proxy_box.dart:1549:11)
#35     RenderObject.layout (package:flutter/src/rendering/object.dart:2768:7)
#36     RenderProxyBoxMixin.performLayout (package:flutter/src/rendering/proxy_box.dart:118:18)
#37     RenderObject.layout (package:flutter/src/rendering/object.dart:2768:7)
#38     RenderProxyBoxMixin.performLayout (package:flutter/src/rendering/proxy_box.dart:118:18)
#39     RenderObject.layout (package:flutter/src/rendering/object.dart:2768:7)
#40     RenderProxyBoxMixin.performLayout (package:flutter/src/rendering/proxy_box.dart:118:18)
#41     RenderObject.layout (package:flutter/src/rendering/object.dart:2768:7)
#42     RenderProxyBoxMixin.performLayout (package:flutter/src/rendering/proxy_box.dart:118:18)
#43     RenderObject.layout (package:flutter/src/rendering/object.dart:2768:7)
#44     RenderProxyBoxMixin.performLayout (package:flutter/src/rendering/proxy_box.dart:118:18)
#45     RenderObject.layout (package:flutter/src/rendering/object.dart:2768:7)
#46     RenderProxyBoxMixin.performLayout (package:flutter/src/rendering/proxy_box.dart:118:18)
#47     RenderObject.layout (package:flutter/src/rendering/object.dart:2768:7)
#48     RenderProxyBoxMixin.performLayout (package:flutter/src/rendering/proxy_box.dart:118:18)
#49     RenderObject.layout (package:flutter/src/rendering/object.dart:2768:7)
#50     RenderProxyBoxMixin.performLayout (package:flutter/src/rendering/proxy_box.dart:118:18)
#51     RenderObject.layout (package:flutter/src/rendering/object.dart:2768:7)
#52     RenderProxyBoxMixin.performLayout (package:flutter/src/rendering/proxy_box.dart:118:18)
#53     RenderObject.layout (package:flutter/src/rendering/object.dart:2768:7)
#54     RenderProxyBoxMixin.performLayout (package:flutter/src/rendering/proxy_box.dart:118:18)
#55     RenderObject.layout (package:flutter/src/rendering/object.dart:2768:7)
#56     RenderProxyBoxMixin.performLayout (package:flutter/src/rendering/proxy_box.dart:118:18)
#57     RenderObject.layout (package:flutter/src/rendering/object.dart:2768:7)
#58     RenderProxyBoxMixin.performLayout (package:flutter/src/rendering/proxy_box.dart:118:18)
#59     RenderObject.layout (package:flutter/src/rendering/object.dart:2768:7)
#60     RenderProxyBoxMixin.performLayout (package:flutter/src/rendering/proxy_box.dart:118:18)
#61     RenderObject.layout (package:flutter/src/rendering/object.dart:2768:7)
#62     RenderProxyBoxMixin.performLayout (package:flutter/src/rendering/proxy_box.dart:118:18)
#63     RenderObject.layout (package:flutter/src/rendering/object.dart:2768:7)
#64     RenderProxyBoxMixin.performLayout (package:flutter/src/rendering/proxy_box.dart:118:18)
#65     RenderObject.layout (package:flutter/src/rendering/object.dart:2768:7)
#66     RenderProxyBoxMixin.performLayout (package:flutter/src/rendering/proxy_box.dart:118:18)
#67     RenderOffstage.performLayout (package:flutter/src/rendering/proxy_box.dart:3923:13)
#68     RenderObject.layout (package:flutter/src/rendering/object.dart:2768:7)
#69     RenderProxyBoxMixin.performLayout (package:flutter/src/rendering/proxy_box.dart:118:18)
#70     RenderObject.layout (package:flutter/src/rendering/object.dart:2768:7)
#71     _RenderTheaterMixin.layoutChild (package:flutter/src/widgets/overlay.dart:1084:13)
#72     _RenderTheater.performLayout (package:flutter/src/widgets/overlay.dart:1429:9)
#73     RenderObject.layout (package:flutter/src/rendering/object.dart:2768:7)
#74     RenderProxyBoxMixin.performLayout (package:flutter/src/rendering/proxy_box.dart:118:18)
#75     RenderObject.layout (package:flutter/src/rendering/object.dart:2768:7)
#76     RenderProxyBoxMixin.performLayout (package:flutter/src/rendering/proxy_box.dart:118:18)
#77     RenderObject.layout (package:flutter/src/rendering/object.dart:2768:7)
#78     RenderProxyBoxMixin.performLayout (package:flutter/src/rendering/proxy_box.dart:118:18)
#79     RenderObject.layout (package:flutter/src/rendering/object.dart:2768:7)
#80     RenderProxyBoxMixin.performLayout (package:flutter/src/rendering/proxy_box.dart:118:18)
#81     RenderCustomPaint.performLayout (package:flutter/src/rendering/custom_paint.dart:574:11)
#82     RenderObject.layout (package:flutter/src/rendering/object.dart:2768:7)
#83     RenderProxyBoxMixin.performLayout (package:flutter/src/rendering/proxy_box.dart:118:18)
#84     RenderObject.layout (package:flutter/src/rendering/object.dart:2768:7)
#85     RenderProxyBoxMixin.performLayout (package:flutter/src/rendering/proxy_box.dart:118:18)
#86     RenderObject.layout (package:flutter/src/rendering/object.dart:2768:7)
#87     RenderProxyBoxMixin.performLayout (package:flutter/src/rendering/proxy_box.dart:118:18)
#88     RenderObject.layout (package:flutter/src/rendering/object.dart:2768:7)
#89     RenderProxyBoxMixin.performLayout (package:flutter/src/rendering/proxy_box.dart:118:18)
#90     RenderObject.layout (package:flutter/src/rendering/object.dart:2768:7)
#91     RenderProxyBoxMixin.performLayout (package:flutter/src/rendering/proxy_box.dart:118:18)
#92     RenderObject.layout (package:flutter/src/rendering/object.dart:2768:7)
#93     RenderProxyBoxMixin.performLayout (package:flutter/src/rendering/proxy_box.dart:118:18)
#94     RenderObject.layout (package:flutter/src/rendering/object.dart:2768:7)
#95     RenderView.performLayout (package:flutter/src/rendering/view.dart:292:12)
#96     RenderObject._layoutWithoutResize (package:flutter/src/rendering/object.dart:2616:7)
#97     PipelineOwner.flushLayout (package:flutter/src/rendering/object.dart:1174:18)
#98     PipelineOwner.flushLayout (package:flutter/src/rendering/object.dart:1187:15)
#99     AutomatedTestWidgetsFlutterBinding.drawFrame (package:flutter_test/src/binding.dart:2133:27)
#100    RendererBinding._handlePersistentFrameCallback (package:flutter/src/rendering/binding.dart:495:5)
#101    SchedulerBinding._invokeFrameCallback (package:flutter/src/scheduler/binding.dart:1430:15)
#102    SchedulerBinding.handleDrawFrame (package:flutter/src/scheduler/binding.dart:1345:9)
#103    AutomatedTestWidgetsFlutterBinding.pump.<anonymous closure> (package:flutter_test/src/binding.dart:1960:9)
#106    TestAsyncUtils.guard (package:flutter_test/src/test_async_utils.dart:74:41)
#107    AutomatedTestWidgetsFlutterBinding.pump (package:flutter_test/src/binding.dart:1949:27)
#108    WidgetTester.pumpWidget.<anonymous closure> (package:flutter_test/src/widget_tester.dart:598:22)
#111    TestAsyncUtils.guard (package:flutter_test/src/test_async_utils.dart:74:41)
#112    WidgetTester.pumpWidget (package:flutter_test/src/widget_tester.dart:595:27)
#113    main.<anonymous closure>.<anonymous closure> (file:///C:/Users/bhara/StudioProjects/simple_billing_app/test/widget/billing_screen_test.dart:28:20)
#114    testWidgets.<anonymous closure>.<anonymous closure> (package:flutter_test/src/widget_tester.dart:192:29)
<asynchronous suspension>
#115    TestWidgetsFlutterBinding._runTestBody (package:flutter_test/src/binding.dart:1682:5)
<asynchronous suspension>
<asynchronous suspension>
(elided 7 frames from class _AssertionError, dart:async, and package:stack_trace)

The following RenderObject was being processed when the exception was fired: _RenderSingleChildViewport#7881e relayoutBoundary=up11 NEEDS-LAYOUT NEEDS-PAINT NEEDS-COMPOSITING-BITS-UPDATE:
  needs compositing
  creator: _SingleChildViewport ΓåÉ IgnorePointer-[GlobalKey#a7f4f] ΓåÉ Semantics ΓåÉ Listener ΓåÉ
    _GestureSemantics ΓåÉ RawGestureDetector-[LabeledGlobalKey<RawGestureDetectorState>#d3054] ΓåÉ
    Listener ΓåÉ _ScrollableScope ΓåÉ _ScrollSemantics-[GlobalKey#7be9b] ΓåÉ
    NotificationListener<ScrollMetricsNotification> ΓåÉ Transform ΓåÉ StretchEffect ΓåÉ Γï»
  parentData: <none> (can use size)
  constraints: BoxConstraints(0.0<=w<=1136.0, 0.0<=h<=613.0)
  size: MISSING
  offset: Offset(0.0, -0.0)
This RenderObject had the following descendants (showing up to depth 5):
    child: RenderFlex#4b37d relayoutBoundary=up12 NEEDS-PAINT NEEDS-COMPOSITING-BITS-UPDATE
      child 1: RenderFlex#6cf0d relayoutBoundary=up13 NEEDS-PAINT NEEDS-COMPOSITING-BITS-UPDATE
        child 1: RenderDecoratedBox#3cf25 relayoutBoundary=up14 NEEDS-PAINT NEEDS-COMPOSITING-BITS-UPDATE
          child: RenderPadding#4f38d relayoutBoundary=up15 NEEDS-PAINT NEEDS-COMPOSITING-BITS-UPDATE
            child: RenderFlex#3bf0f relayoutBoundary=up16 NEEDS-PAINT NEEDS-COMPOSITING-BITS-UPDATE
        child 2: RenderConstrainedBox#c52a5 NEEDS-LAYOUT NEEDS-PAINT
        child 3: RenderDecoratedBox#d89a1 NEEDS-LAYOUT NEEDS-PAINT NEEDS-COMPOSITING-BITS-UPDATE
          child: RenderPadding#f7ec6 NEEDS-LAYOUT NEEDS-PAINT NEEDS-COMPOSITING-BITS-UPDATE
            child: RenderFlex#b0be6 NEEDS-LAYOUT NEEDS-PAINT NEEDS-COMPOSITING-BITS-UPDATE
        child 4: RenderConstrainedBox#80c69 NEEDS-LAYOUT NEEDS-PAINT
        child 5: RenderDecoratedBox#4bcda NEEDS-LAYOUT NEEDS-PAINT NEEDS-COMPOSITING-BITS-UPDATE
          child: RenderPadding#b313f NEEDS-LAYOUT NEEDS-PAINT NEEDS-COMPOSITING-BITS-UPDATE
            child: RenderDecoratedBox#2eba1 NEEDS-LAYOUT NEEDS-PAINT NEEDS-COMPOSITING-BITS-UPDATE
        child 6: RenderConstrainedBox#57836 NEEDS-LAYOUT NEEDS-PAINT
        child 7: RenderDecoratedBox#f178a NEEDS-LAYOUT NEEDS-PAINT NEEDS-COMPOSITING-BITS-UPDATE
          child: RenderPadding#ecfe2 NEEDS-LAYOUT NEEDS-PAINT NEEDS-COMPOSITING-BITS-UPDATE
            child: RenderFlex#02d64 NEEDS-LAYOUT NEEDS-PAINT NEEDS-COMPOSITING-BITS-UPDATE
      child 2: RenderConstrainedBox#cde0f NEEDS-LAYOUT NEEDS-PAINT
      child 3: RenderConstrainedBox#16fb6 NEEDS-LAYOUT NEEDS-PAINT NEEDS-COMPOSITING-BITS-UPDATE
        child: RenderDecoratedBox#30bf9 NEEDS-LAYOUT NEEDS-PAINT NEEDS-COMPOSITING-BITS-UPDATE
          child: RenderPadding#1fc56 NEEDS-LAYOUT NEEDS-PAINT NEEDS-COMPOSITING-BITS-UPDATE
            child: RenderFlex#ed0a9 NEEDS-LAYOUT NEEDS-PAINT NEEDS-COMPOSITING-BITS-UPDATE
ΓòÉΓòÉΓòÉΓòÉΓòÉΓòÉΓòÉΓòÉΓòÉΓòÉΓòÉΓòÉΓòÉΓòÉΓòÉΓòÉΓòÉΓòÉΓòÉΓòÉΓòÉΓòÉΓòÉΓòÉΓòÉΓòÉΓòÉΓòÉΓòÉΓòÉΓòÉΓòÉΓòÉΓòÉΓòÉΓòÉΓòÉΓòÉΓòÉΓòÉΓòÉΓòÉΓòÉΓòÉΓòÉΓòÉΓòÉΓòÉΓòÉΓòÉΓòÉΓòÉΓòÉΓòÉΓòÉΓòÉΓòÉΓòÉΓòÉΓòÉΓòÉΓòÉΓòÉΓòÉΓòÉΓòÉΓòÉΓòÉΓòÉΓòÉΓòÉΓòÉΓòÉΓòÉΓòÉΓòÉΓòÉΓòÉΓòÉΓòÉΓòÉΓòÉΓòÉΓòÉΓòÉΓòÉΓòÉΓòÉΓòÉΓòÉΓòÉΓòÉΓòÉΓòÉΓòÉΓòÉΓòÉΓòÉΓòÉΓòÉ
ΓòÉΓòÉΓòí EXCEPTION CAUGHT BY RENDERING LIBRARY Γò₧ΓòÉΓòÉΓòÉΓòÉΓòÉΓòÉΓòÉΓòÉΓòÉΓòÉΓòÉΓòÉΓòÉΓòÉΓòÉΓòÉΓòÉΓòÉΓòÉΓòÉΓòÉΓòÉΓòÉΓòÉΓòÉΓòÉΓòÉΓòÉΓòÉΓòÉΓòÉΓòÉΓòÉΓòÉΓòÉΓòÉΓòÉΓòÉΓòÉΓòÉΓòÉΓòÉΓòÉΓòÉΓòÉΓòÉΓòÉΓòÉΓòÉΓòÉΓòÉΓòÉΓòÉΓòÉΓòÉΓòÉΓòÉ
The following assertion was thrown during performLayout():
RenderBox was not laid out: _RenderSingleChildViewport#7881e relayoutBoundary=up11 NEEDS-PAINT
NEEDS-COMPOSITING-BITS-UPDATE
'package:flutter/src/rendering/box.dart':
Failed assertion: line 2251 pos 12: 'hasSize'

Either the assertion indicates an error in the framework itself, or we should provide substantially
more information in this error message to help you determine and fix the underlying cause.
In either case, please report this assertion by filing a bug on GitHub:
  https://github.com/flutter/flutter/issues/new?template=02_bug.yml

The relevant error-causing widget was:
  SingleChildScrollView
  SingleChildScrollView:file:///C:/Users/bhara/StudioProjects/simple_billing_app/lib/views/screens/billing_screen.dart:240:14

When the exception was thrown, this was the stack:
#2      RenderBox.size (package:flutter/src/rendering/box.dart:2251:12)
#3      RenderProxyBoxMixin.performLayout (package:flutter/src/rendering/proxy_box.dart:118:62)
#4      RenderObject.layout (package:flutter/src/rendering/object.dart:2768:7)
#5      RenderProxyBoxMixin.performLayout (package:flutter/src/rendering/proxy_box.dart:118:18)
#6      RenderObject.layout (package:flutter/src/rendering/object.dart:2768:7)
#7      RenderProxyBoxMixin.performLayout (package:flutter/src/rendering/proxy_box.dart:118:18)
#8      RenderObject.layout (package:flutter/src/rendering/object.dart:2768:7)
#9      RenderProxyBoxMixin.performLayout (package:flutter/src/rendering/proxy_box.dart:118:18)
#10     RenderObject.layout (package:flutter/src/rendering/object.dart:2768:7)
#11     RenderProxyBoxMixin.performLayout (package:flutter/src/rendering/proxy_box.dart:118:18)
#12     RenderObject.layout (package:flutter/src/rendering/object.dart:2768:7)
#13     RenderProxyBoxMixin.performLayout (package:flutter/src/rendering/proxy_box.dart:118:18)
#14     RenderObject.layout (package:flutter/src/rendering/object.dart:2768:7)
#15     RenderProxyBoxMixin.performLayout (package:flutter/src/rendering/proxy_box.dart:118:18)
#16     RenderObject.layout (package:flutter/src/rendering/object.dart:2768:7)
#17     RenderProxyBoxMixin.performLayout (package:flutter/src/rendering/proxy_box.dart:118:18)
#18     _RenderCustomClip.performLayout (package:flutter/src/rendering/proxy_box.dart:1549:11)
#19     RenderObject.layout (package:flutter/src/rendering/object.dart:2768:7)
#20     RenderPadding.performLayout (package:flutter/src/rendering/shifted_box.dart:262:12)
#21     RenderObject.layout (package:flutter/src/rendering/object.dart:2768:7)
#22     _RenderLayoutBuilder.performLayout (package:flutter/src/widgets/layout_builder.dart:449:14)
#23     RenderObject.layout (package:flutter/src/rendering/object.dart:2768:7)
#24     MultiChildLayoutDelegate.layoutChild (package:flutter/src/rendering/custom_layout.dart:180:12)
#25     _ScaffoldLayout.performLayout (package:flutter/src/material/scaffold.dart:1113:7)
#26     MultiChildLayoutDelegate._callPerformLayout (package:flutter/src/rendering/custom_layout.dart:246:7)
#27     RenderCustomMultiChildLayoutBox.performLayout (package:flutter/src/rendering/custom_layout.dart:417:14)
#28     RenderObject.layout (package:flutter/src/rendering/object.dart:2768:7)
#29     RenderProxyBoxMixin.performLayout (package:flutter/src/rendering/proxy_box.dart:118:18)
#30     RenderObject.layout (package:flutter/src/rendering/object.dart:2768:7)
#31     RenderProxyBoxMixin.performLayout (package:flutter/src/rendering/proxy_box.dart:118:18)
#32     _RenderCustomClip.performLayout (package:flutter/src/rendering/proxy_box.dart:1549:11)
#33     RenderObject.layout (package:flutter/src/rendering/object.dart:2768:7)
#34     RenderProxyBoxMixin.performLayout (package:flutter/src/rendering/proxy_box.dart:118:18)
#35     RenderObject.layout (package:flutter/src/rendering/object.dart:2768:7)
#36     RenderProxyBoxMixin.performLayout (package:flutter/src/rendering/proxy_box.dart:118:18)
#37     RenderObject.layout (package:flutter/src/rendering/object.dart:2768:7)
#38     RenderProxyBoxMixin.performLayout (package:flutter/src/rendering/proxy_box.dart:118:18)
#39     RenderObject.layout (package:flutter/src/rendering/object.dart:2768:7)
#40     RenderProxyBoxMixin.performLayout (package:flutter/src/rendering/proxy_box.dart:118:18)
#41     RenderObject.layout (package:flutter/src/rendering/object.dart:2768:7)
#42     RenderProxyBoxMixin.performLayout (package:flutter/src/rendering/proxy_box.dart:118:18)
#43     RenderObject.layout (package:flutter/src/rendering/object.dart:2768:7)
#44     RenderProxyBoxMixin.performLayout (package:flutter/src/rendering/proxy_box.dart:118:18)
#45     RenderObject.layout (package:flutter/src/rendering/object.dart:2768:7)
#46     RenderProxyBoxMixin.performLayout (package:flutter/src/rendering/proxy_box.dart:118:18)
#47     RenderObject.layout (package:flutter/src/rendering/object.dart:2768:7)
#48     RenderProxyBoxMixin.performLayout (package:flutter/src/rendering/proxy_box.dart:118:18)
#49     RenderObject.layout (package:flutter/src/rendering/object.dart:2768:7)
#50     RenderProxyBoxMixin.performLayout (package:flutter/src/rendering/proxy_box.dart:118:18)
#51     RenderObject.layout (package:flutter/src/rendering/object.dart:2768:7)
#52     RenderProxyBoxMixin.performLayout (package:flutter/src/rendering/proxy_box.dart:118:18)
#53     RenderObject.layout (package:flutter/src/rendering/object.dart:2768:7)
#54     RenderProxyBoxMixin.performLayout (package:flutter/src/rendering/proxy_box.dart:118:18)
#55     RenderObject.layout (package:flutter/src/rendering/object.dart:2768:7)
#56     RenderProxyBoxMixin.performLayout (package:flutter/src/rendering/proxy_box.dart:118:18)
#57     RenderObject.layout (package:flutter/src/rendering/object.dart:2768:7)
#58     RenderProxyBoxMixin.performLayout (package:flutter/src/rendering/proxy_box.dart:118:18)
#59     RenderObject.layout (package:flutter/src/rendering/object.dart:2768:7)
#60     RenderProxyBoxMixin.performLayout (package:flutter/src/rendering/proxy_box.dart:118:18)
#61     RenderObject.layout (package:flutter/src/rendering/object.dart:2768:7)
#62     RenderProxyBoxMixin.performLayout (package:flutter/src/rendering/proxy_box.dart:118:18)
#63     RenderObject.layout (package:flutter/src/rendering/object.dart:2768:7)
#64     RenderProxyBoxMixin.performLayout (package:flutter/src/rendering/proxy_box.dart:118:18)
#65     RenderOffstage.performLayout (package:flutter/src/rendering/proxy_box.dart:3923:13)
#66     RenderObject.layout (package:flutter/src/rendering/object.dart:2768:7)
#67     RenderProxyBoxMixin.performLayout (package:flutter/src/rendering/proxy_box.dart:118:18)
#68     RenderObject.layout (package:flutter/src/rendering/object.dart:2768:7)
#69     _RenderTheaterMixin.layoutChild (package:flutter/src/widgets/overlay.dart:1084:13)
#70     _RenderTheater.performLayout (package:flutter/src/widgets/overlay.dart:1429:9)
#71     RenderObject.layout (package:flutter/src/rendering/object.dart:2768:7)
#72     RenderProxyBoxMixin.performLayout (package:flutter/src/rendering/proxy_box.dart:118:18)
#73     RenderObject.layout (package:flutter/src/rendering/object.dart:2768:7)
#74     RenderProxyBoxMixin.performLayout (package:flutter/src/rendering/proxy_box.dart:118:18)
#75     RenderObject.layout (package:flutter/src/rendering/object.dart:2768:7)
#76     RenderProxyBoxMixin.performLayout (package:flutter/src/rendering/proxy_box.dart:118:18)
#77     RenderObject.layout (package:flutter/src/rendering/object.dart:2768:7)
#78     RenderProxyBoxMixin.performLayout (package:flutter/src/rendering/proxy_box.dart:118:18)
#79     RenderCustomPaint.performLayout (package:flutter/src/rendering/custom_paint.dart:574:11)
#80     RenderObject.layout (package:flutter/src/rendering/object.dart:2768:7)
#81     RenderProxyBoxMixin.performLayout (package:flutter/src/rendering/proxy_box.dart:118:18)
#82     RenderObject.layout (package:flutter/src/rendering/object.dart:2768:7)
#83     RenderProxyBoxMixin.performLayout (package:flutter/src/rendering/proxy_box.dart:118:18)
#84     RenderObject.layout (package:flutter/src/rendering/object.dart:2768:7)
#85     RenderProxyBoxMixin.performLayout (package:flutter/src/rendering/proxy_box.dart:118:18)
#86     RenderObject.layout (package:flutter/src/rendering/object.dart:2768:7)
#87     RenderProxyBoxMixin.performLayout (package:flutter/src/rendering/proxy_box.dart:118:18)
#88     RenderObject.layout (package:flutter/src/rendering/object.dart:2768:7)
#89     RenderProxyBoxMixin.performLayout (package:flutter/src/rendering/proxy_box.dart:118:18)
#90     RenderObject.layout (package:flutter/src/rendering/object.dart:2768:7)
#91     RenderProxyBoxMixin.performLayout (package:flutter/src/rendering/proxy_box.dart:118:18)
#92     RenderObject.layout (package:flutter/src/rendering/object.dart:2768:7)
#93     RenderView.performLayout (package:flutter/src/rendering/view.dart:292:12)
#94     RenderObject._layoutWithoutResize (package:flutter/src/rendering/object.dart:2616:7)
#95     PipelineOwner.flushLayout (package:flutter/src/rendering/object.dart:1174:18)
#96     PipelineOwner.flushLayout (package:flutter/src/rendering/object.dart:1187:15)
#97     AutomatedTestWidgetsFlutterBinding.drawFrame (package:flutter_test/src/binding.dart:2133:27)
#98     RendererBinding._handlePersistentFrameCallback (package:flutter/src/rendering/binding.dart:495:5)
#99     SchedulerBinding._invokeFrameCallback (package:flutter/src/scheduler/binding.dart:1430:15)
#100    SchedulerBinding.handleDrawFrame (package:flutter/src/scheduler/binding.dart:1345:9)
#101    AutomatedTestWidgetsFlutterBinding.pump.<anonymous closure> (package:flutter_test/src/binding.dart:1960:9)
#104    TestAsyncUtils.guard (package:flutter_test/src/test_async_utils.dart:74:41)
#105    AutomatedTestWidgetsFlutterBinding.pump (package:flutter_test/src/binding.dart:1949:27)
#106    WidgetTester.pumpWidget.<anonymous closure> (package:flutter_test/src/widget_tester.dart:598:22)
#109    TestAsyncUtils.guard (package:flutter_test/src/test_async_utils.dart:74:41)
#110    WidgetTester.pumpWidget (package:flutter_test/src/widget_tester.dart:595:27)
#111    main.<anonymous closure>.<anonymous closure> (file:///C:/Users/bhara/StudioProjects/simple_billing_app/test/widget/billing_screen_test.dart:28:20)
#112    testWidgets.<anonymous closure>.<anonymous closure> (package:flutter_test/src/widget_tester.dart:192:29)
<asynchronous suspension>
#113    TestWidgetsFlutterBinding._runTestBody (package:flutter_test/src/binding.dart:1682:5)
<asynchronous suspension>
<asynchronous suspension>
(elided 7 frames from class _AssertionError, dart:async, and package:stack_trace)

The following RenderObject was being processed when the exception was fired: RenderIgnorePointer#5d933 relayoutBoundary=up10 NEEDS-LAYOUT NEEDS-PAINT NEEDS-COMPOSITING-BITS-UPDATE:
  creator: IgnorePointer-[GlobalKey#a7f4f] ΓåÉ Semantics ΓåÉ Listener ΓåÉ _GestureSemantics ΓåÉ
    RawGestureDetector-[LabeledGlobalKey<RawGestureDetectorState>#d3054] ΓåÉ Listener ΓåÉ _ScrollableScope
    ΓåÉ _ScrollSemantics-[GlobalKey#7be9b] ΓåÉ NotificationListener<ScrollMetricsNotification> ΓåÉ Transform
    ΓåÉ StretchEffect ΓåÉ ClipRect ΓåÉ Γï»
  parentData: <none> (can use size)
  constraints: BoxConstraints(0.0<=w<=1136.0, 0.0<=h<=613.0)
  size: MISSING
  ignoring: false
  ignoringSemantics: null
This RenderObject had the following descendants (showing up to depth 5):
    child: _RenderSingleChildViewport#7881e relayoutBoundary=up11 NEEDS-PAINT NEEDS-COMPOSITING-BITS-UPDATE
      child: RenderFlex#4b37d relayoutBoundary=up12 NEEDS-PAINT NEEDS-COMPOSITING-BITS-UPDATE
        child 1: RenderFlex#6cf0d relayoutBoundary=up13 NEEDS-PAINT NEEDS-COMPOSITING-BITS-UPDATE
          child 1: RenderDecoratedBox#3cf25 relayoutBoundary=up14 NEEDS-PAINT NEEDS-COMPOSITING-BITS-UPDATE
            child: RenderPadding#4f38d relayoutBoundary=up15 NEEDS-PAINT NEEDS-COMPOSITING-BITS-UPDATE
          child 2: RenderConstrainedBox#c52a5 NEEDS-LAYOUT NEEDS-PAINT
          child 3: RenderDecoratedBox#d89a1 NEEDS-LAYOUT NEEDS-PAINT NEEDS-COMPOSITING-BITS-UPDATE
            child: RenderPadding#f7ec6 NEEDS-LAYOUT NEEDS-PAINT NEEDS-COMPOSITING-BITS-UPDATE
          child 4: RenderConstrainedBox#80c69 NEEDS-LAYOUT NEEDS-PAINT
          child 5: RenderDecoratedBox#4bcda NEEDS-LAYOUT NEEDS-PAINT NEEDS-COMPOSITING-BITS-UPDATE
            child: RenderPadding#b313f NEEDS-LAYOUT NEEDS-PAINT NEEDS-COMPOSITING-BITS-UPDATE
          child 6: RenderConstrainedBox#57836 NEEDS-LAYOUT NEEDS-PAINT
          child 7: RenderDecoratedBox#f178a NEEDS-LAYOUT NEEDS-PAINT NEEDS-COMPOSITING-BITS-UPDATE
            child: RenderPadding#ecfe2 NEEDS-LAYOUT NEEDS-PAINT NEEDS-COMPOSITING-BITS-UPDATE
        child 2: RenderConstrainedBox#cde0f NEEDS-LAYOUT NEEDS-PAINT
        child 3: RenderConstrainedBox#16fb6 NEEDS-LAYOUT NEEDS-PAINT NEEDS-COMPOSITING-BITS-UPDATE
          child: RenderDecoratedBox#30bf9 NEEDS-LAYOUT NEEDS-PAINT NEEDS-COMPOSITING-BITS-UPDATE
            child: RenderPadding#1fc56 NEEDS-LAYOUT NEEDS-PAINT NEEDS-COMPOSITING-BITS-UPDATE
ΓòÉΓòÉΓòÉΓòÉΓòÉΓòÉΓòÉΓòÉΓòÉΓòÉΓòÉΓòÉΓòÉΓòÉΓòÉΓòÉΓòÉΓòÉΓòÉΓòÉΓòÉΓòÉΓòÉΓòÉΓòÉΓòÉΓòÉΓòÉΓòÉΓòÉΓòÉΓòÉΓòÉΓòÉΓòÉΓòÉΓòÉΓòÉΓòÉΓòÉΓòÉΓòÉΓòÉΓòÉΓòÉΓòÉΓòÉΓòÉΓòÉΓòÉΓòÉΓòÉΓòÉΓòÉΓòÉΓòÉΓòÉΓòÉΓòÉΓòÉΓòÉΓòÉΓòÉΓòÉΓòÉΓòÉΓòÉΓòÉΓòÉΓòÉΓòÉΓòÉΓòÉΓòÉΓòÉΓòÉΓòÉΓòÉΓòÉΓòÉΓòÉΓòÉΓòÉΓòÉΓòÉΓòÉΓòÉΓòÉΓòÉΓòÉΓòÉΓòÉΓòÉΓòÉΓòÉΓòÉΓòÉΓòÉΓòÉΓòÉ
ΓòÉΓòÉΓòí EXCEPTION CAUGHT BY RENDERING LIBRARY Γò₧ΓòÉΓòÉΓòÉΓòÉΓòÉΓòÉΓòÉΓòÉΓòÉΓòÉΓòÉΓòÉΓòÉΓòÉΓòÉΓòÉΓòÉΓòÉΓòÉΓòÉΓòÉΓòÉΓòÉΓòÉΓòÉΓòÉΓòÉΓòÉΓòÉΓòÉΓòÉΓòÉΓòÉΓòÉΓòÉΓòÉΓòÉΓòÉΓòÉΓòÉΓòÉΓòÉΓòÉΓòÉΓòÉΓòÉΓòÉΓòÉΓòÉΓòÉΓòÉΓòÉΓòÉΓòÉΓòÉΓòÉΓòÉ
The following assertion was thrown during performLayout():
RenderBox was not laid out: RenderIgnorePointer#5d933 relayoutBoundary=up10 NEEDS-PAINT
NEEDS-COMPOSITING-BITS-UPDATE
'package:flutter/src/rendering/box.dart':
Failed assertion: line 2251 pos 12: 'hasSize'

Either the assertion indicates an error in the framework itself, or we should provide substantially
more information in this error message to help you determine and fix the underlying cause.
In either case, please report this assertion by filing a bug on GitHub:
  https://github.com/flutter/flutter/issues/new?template=02_bug.yml

The relevant error-causing widget was:
  SingleChildScrollView
  SingleChildScrollView:file:///C:/Users/bhara/StudioProjects/simple_billing_app/lib/views/screens/billing_screen.dart:240:14

When the exception was thrown, this was the stack:
#2      RenderBox.size (package:flutter/src/rendering/box.dart:2251:12)
#3      RenderProxyBoxMixin.performLayout (package:flutter/src/rendering/proxy_box.dart:118:62)
#4      RenderObject.layout (package:flutter/src/rendering/object.dart:2768:7)
#5      RenderProxyBoxMixin.performLayout (package:flutter/src/rendering/proxy_box.dart:118:18)
#6      RenderObject.layout (package:flutter/src/rendering/object.dart:2768:7)
#7      RenderProxyBoxMixin.performLayout (package:flutter/src/rendering/proxy_box.dart:118:18)
#8      RenderObject.layout (package:flutter/src/rendering/object.dart:2768:7)
#9      RenderProxyBoxMixin.performLayout (package:flutter/src/rendering/proxy_box.dart:118:18)
#10     RenderObject.layout (package:flutter/src/rendering/object.dart:2768:7)
#11     RenderProxyBoxMixin.performLayout (package:flutter/src/rendering/proxy_box.dart:118:18)
#12     RenderObject.layout (package:flutter/src/rendering/object.dart:2768:7)
#13     RenderProxyBoxMixin.performLayout (package:flutter/src/rendering/proxy_box.dart:118:18)
#14     RenderObject.layout (package:flutter/src/rendering/object.dart:2768:7)
#15     RenderProxyBoxMixin.performLayout (package:flutter/src/rendering/proxy_box.dart:118:18)
#16     _RenderCustomClip.performLayout (package:flutter/src/rendering/proxy_box.dart:1549:11)
#17     RenderObject.layout (package:flutter/src/rendering/object.dart:2768:7)
#18     RenderPadding.performLayout (package:flutter/src/rendering/shifted_box.dart:262:12)
#19     RenderObject.layout (package:flutter/src/rendering/object.dart:2768:7)
#20     _RenderLayoutBuilder.performLayout (package:flutter/src/widgets/layout_builder.dart:449:14)
#21     RenderObject.layout (package:flutter/src/rendering/object.dart:2768:7)
#22     MultiChildLayoutDelegate.layoutChild (package:flutter/src/rendering/custom_layout.dart:180:12)
#23     _ScaffoldLayout.performLayout (package:flutter/src/material/scaffold.dart:1113:7)
#24     MultiChildLayoutDelegate._callPerformLayout (package:flutter/src/rendering/custom_layout.dart:246:7)
#25     RenderCustomMultiChildLayoutBox.performLayout (package:flutter/src/rendering/custom_layout.dart:417:14)
#26     RenderObject.layout (package:flutter/src/rendering/object.dart:2768:7)
#27     RenderProxyBoxMixin.performLayout (package:flutter/src/rendering/proxy_box.dart:118:18)
#28     RenderObject.layout (package:flutter/src/rendering/object.dart:2768:7)
#29     RenderProxyBoxMixin.performLayout (package:flutter/src/rendering/proxy_box.dart:118:18)
#30     _RenderCustomClip.performLayout (package:flutter/src/rendering/proxy_box.dart:1549:11)
#31     RenderObject.layout (package:flutter/src/rendering/object.dart:2768:7)
#32     RenderProxyBoxMixin.performLayout (package:flutter/src/rendering/proxy_box.dart:118:18)
#33     RenderObject.layout (package:flutter/src/rendering/object.dart:2768:7)
#34     RenderProxyBoxMixin.performLayout (package:flutter/src/rendering/proxy_box.dart:118:18)
#35     RenderObject.layout (package:flutter/src/rendering/object.dart:2768:7)
#36     RenderProxyBoxMixin.performLayout (package:flutter/src/rendering/proxy_box.dart:118:18)
#37     RenderObject.layout (package:flutter/src/rendering/object.dart:2768:7)
#38     RenderProxyBoxMixin.performLayout (package:flutter/src/rendering/proxy_box.dart:118:18)
#39     RenderObject.layout (package:flutter/src/rendering/object.dart:2768:7)
#40     RenderProxyBoxMixin.performLayout (package:flutter/src/rendering/proxy_box.dart:118:18)
#41     RenderObject.layout (package:flutter/src/rendering/object.dart:2768:7)
#42     RenderProxyBoxMixin.performLayout (package:flutter/src/rendering/proxy_box.dart:118:18)
#43     RenderObject.layout (package:flutter/src/rendering/object.dart:2768:7)
#44     RenderProxyBoxMixin.performLayout (package:flutter/src/rendering/proxy_box.dart:118:18)
#45     RenderObject.layout (package:flutter/src/rendering/object.dart:2768:7)
#46     RenderProxyBoxMixin.performLayout (package:flutter/src/rendering/proxy_box.dart:118:18)
#47     RenderObject.layout (package:flutter/src/rendering/object.dart:2768:7)
#48     RenderProxyBoxMixin.performLayout (package:flutter/src/rendering/proxy_box.dart:118:18)
#49     RenderObject.layout (package:flutter/src/rendering/object.dart:2768:7)
#50     RenderProxyBoxMixin.performLayout (package:flutter/src/rendering/proxy_box.dart:118:18)
#51     RenderObject.layout (package:flutter/src/rendering/object.dart:2768:7)
#52     RenderProxyBoxMixin.performLayout (package:flutter/src/rendering/proxy_box.dart:118:18)
#53     RenderObject.layout (package:flutter/src/rendering/object.dart:2768:7)
#54     RenderProxyBoxMixin.performLayout (package:flutter/src/rendering/proxy_box.dart:118:18)
#55     RenderObject.layout (package:flutter/src/rendering/object.dart:2768:7)
#56     RenderProxyBoxMixin.performLayout (package:flutter/src/rendering/proxy_box.dart:118:18)
#57     RenderObject.layout (package:flutter/src/rendering/object.dart:2768:7)
#58     RenderProxyBoxMixin.performLayout (package:flutter/src/rendering/proxy_box.dart:118:18)
#59     RenderObject.layout (package:flutter/src/rendering/object.dart:2768:7)
#60     RenderProxyBoxMixin.performLayout (package:flutter/src/rendering/proxy_box.dart:118:18)
#61     RenderObject.layout (package:flutter/src/rendering/object.dart:2768:7)
#62     RenderProxyBoxMixin.performLayout (package:flutter/src/rendering/proxy_box.dart:118:18)
#63     RenderOffstage.performLayout (package:flutter/src/rendering/proxy_box.dart:3923:13)
#64     RenderObject.layout (package:flutter/src/rendering/object.dart:2768:7)
#65     RenderProxyBoxMixin.performLayout (package:flutter/src/rendering/proxy_box.dart:118:18)
#66     RenderObject.layout (package:flutter/src/rendering/object.dart:2768:7)
#67     _RenderTheaterMixin.layoutChild (package:flutter/src/widgets/overlay.dart:1084:13)
#68     _RenderTheater.performLayout (package:flutter/src/widgets/overlay.dart:1429:9)
#69     RenderObject.layout (package:flutter/src/rendering/object.dart:2768:7)
#70     RenderProxyBoxMixin.performLayout (package:flutter/src/rendering/proxy_box.dart:118:18)
#71     RenderObject.layout (package:flutter/src/rendering/object.dart:2768:7)
#72     RenderProxyBoxMixin.performLayout (package:flutter/src/rendering/proxy_box.dart:118:18)
#73     RenderObject.layout (package:flutter/src/rendering/object.dart:2768:7)
#74     RenderProxyBoxMixin.performLayout (package:flutter/src/rendering/proxy_box.dart:118:18)
#75     RenderObject.layout (package:flutter/src/rendering/object.dart:2768:7)
#76     RenderProxyBoxMixin.performLayout (package:flutter/src/rendering/proxy_box.dart:118:18)
#77     RenderCustomPaint.performLayout (package:flutter/src/rendering/custom_paint.dart:574:11)
#78     RenderObject.layout (package:flutter/src/rendering/object.dart:2768:7)
#79     RenderProxyBoxMixin.performLayout (package:flutter/src/rendering/proxy_box.dart:118:18)
#80     RenderObject.layout (package:flutter/src/rendering/object.dart:2768:7)
#81     RenderProxyBoxMixin.performLayout (package:flutter/src/rendering/proxy_box.dart:118:18)
#82     RenderObject.layout (package:flutter/src/rendering/object.dart:2768:7)
#83     RenderProxyBoxMixin.performLayout (package:flutter/src/rendering/proxy_box.dart:118:18)
#84     RenderObject.layout (package:flutter/src/rendering/object.dart:2768:7)
#85     RenderProxyBoxMixin.performLayout (package:flutter/src/rendering/proxy_box.dart:118:18)
#86     RenderObject.layout (package:flutter/src/rendering/object.dart:2768:7)
#87     RenderProxyBoxMixin.performLayout (package:flutter/src/rendering/proxy_box.dart:118:18)
#88     RenderObject.layout (package:flutter/src/rendering/object.dart:2768:7)
#89     RenderProxyBoxMixin.performLayout (package:flutter/src/rendering/proxy_box.dart:118:18)
#90     RenderObject.layout (package:flutter/src/rendering/object.dart:2768:7)
#91     RenderView.performLayout (package:flutter/src/rendering/view.dart:292:12)
#92     RenderObject._layoutWithoutResize (package:flutter/src/rendering/object.dart:2616:7)
#93     PipelineOwner.flushLayout (package:flutter/src/rendering/object.dart:1174:18)
#94     PipelineOwner.flushLayout (package:flutter/src/rendering/object.dart:1187:15)
#95     AutomatedTestWidgetsFlutterBinding.drawFrame (package:flutter_test/src/binding.dart:2133:27)
#96     RendererBinding._handlePersistentFrameCallback (package:flutter/src/rendering/binding.dart:495:5)
#97     SchedulerBinding._invokeFrameCallback (package:flutter/src/scheduler/binding.dart:1430:15)
#98     SchedulerBinding.handleDrawFrame (package:flutter/src/scheduler/binding.dart:1345:9)
#99     AutomatedTestWidgetsFlutterBinding.pump.<anonymous closure> (package:flutter_test/src/binding.dart:1960:9)
#102    TestAsyncUtils.guard (package:flutter_test/src/test_async_utils.dart:74:41)
#103    AutomatedTestWidgetsFlutterBinding.pump (package:flutter_test/src/binding.dart:1949:27)
#104    WidgetTester.pumpWidget.<anonymous closure> (package:flutter_test/src/widget_tester.dart:598:22)
#107    TestAsyncUtils.guard (package:flutter_test/src/test_async_utils.dart:74:41)
#108    WidgetTester.pumpWidget (package:flutter_test/src/widget_tester.dart:595:27)
#109    main.<anonymous closure>.<anonymous closure> (file:///C:/Users/bhara/StudioProjects/simple_billing_app/test/widget/billing_screen_test.dart:28:20)
#110    testWidgets.<anonymous closure>.<anonymous closure> (package:flutter_test/src/widget_tester.dart:192:29)
<asynchronous suspension>
#111    TestWidgetsFlutterBinding._runTestBody (package:flutter_test/src/binding.dart:1682:5)
<asynchronous suspension>
<asynchronous suspension>
(elided 7 frames from class _AssertionError, dart:async, and package:stack_trace)

The following RenderObject was being processed when the exception was fired: RenderSemanticsAnnotations#87a0f relayoutBoundary=up9 NEEDS-LAYOUT NEEDS-PAINT NEEDS-COMPOSITING-BITS-UPDATE:
  creator: Semantics ΓåÉ Listener ΓåÉ _GestureSemantics ΓåÉ
    RawGestureDetector-[LabeledGlobalKey<RawGestureDetectorState>#d3054] ΓåÉ Listener ΓåÉ _ScrollableScope
    ΓåÉ _ScrollSemantics-[GlobalKey#7be9b] ΓåÉ NotificationListener<ScrollMetricsNotification> ΓåÉ Transform
    ΓåÉ StretchEffect ΓåÉ ClipRect ΓåÉ AnimatedBuilder ΓåÉ Γï»
  parentData: <none> (can use size)
  constraints: BoxConstraints(0.0<=w<=1136.0, 0.0<=h<=613.0)
  size: MISSING
This RenderObject had the following descendants (showing up to depth 5):
    child: RenderIgnorePointer#5d933 relayoutBoundary=up10 NEEDS-PAINT NEEDS-COMPOSITING-BITS-UPDATE
      child: _RenderSingleChildViewport#7881e relayoutBoundary=up11 NEEDS-PAINT NEEDS-COMPOSITING-BITS-UPDATE
        child: RenderFlex#4b37d relayoutBoundary=up12 NEEDS-PAINT NEEDS-COMPOSITING-BITS-UPDATE
          child 1: RenderFlex#6cf0d relayoutBoundary=up13 NEEDS-PAINT NEEDS-COMPOSITING-BITS-UPDATE
            child 1: RenderDecoratedBox#3cf25 relayoutBoundary=up14 NEEDS-PAINT NEEDS-COMPOSITING-BITS-UPDATE
            child 2: RenderConstrainedBox#c52a5 NEEDS-LAYOUT NEEDS-PAINT
            child 3: RenderDecoratedBox#d89a1 NEEDS-LAYOUT NEEDS-PAINT NEEDS-COMPOSITING-BITS-UPDATE
            child 4: RenderConstrainedBox#80c69 NEEDS-LAYOUT NEEDS-PAINT
            child 5: RenderDecoratedBox#4bcda NEEDS-LAYOUT NEEDS-PAINT NEEDS-COMPOSITING-BITS-UPDATE
            child 6: RenderConstrainedBox#57836 NEEDS-LAYOUT NEEDS-PAINT
            child 7: RenderDecoratedBox#f178a NEEDS-LAYOUT NEEDS-PAINT NEEDS-COMPOSITING-BITS-UPDATE
          child 2: RenderConstrainedBox#cde0f NEEDS-LAYOUT NEEDS-PAINT
          child 3: RenderConstrainedBox#16fb6 NEEDS-LAYOUT NEEDS-PAINT NEEDS-COMPOSITING-BITS-UPDATE
            child: RenderDecoratedBox#30bf9 NEEDS-LAYOUT NEEDS-PAINT NEEDS-COMPOSITING-BITS-UPDATE
ΓòÉΓòÉΓòÉΓòÉΓòÉΓòÉΓòÉΓòÉΓòÉΓòÉΓòÉΓòÉΓòÉΓòÉΓòÉΓòÉΓòÉΓòÉΓòÉΓòÉΓòÉΓòÉΓòÉΓòÉΓòÉΓòÉΓòÉΓòÉΓòÉΓòÉΓòÉΓòÉΓòÉΓòÉΓòÉΓòÉΓòÉΓòÉΓòÉΓòÉΓòÉΓòÉΓòÉΓòÉΓòÉΓòÉΓòÉΓòÉΓòÉΓòÉΓòÉΓòÉΓòÉΓòÉΓòÉΓòÉΓòÉΓòÉΓòÉΓòÉΓòÉΓòÉΓòÉΓòÉΓòÉΓòÉΓòÉΓòÉΓòÉΓòÉΓòÉΓòÉΓòÉΓòÉΓòÉΓòÉΓòÉΓòÉΓòÉΓòÉΓòÉΓòÉΓòÉΓòÉΓòÉΓòÉΓòÉΓòÉΓòÉΓòÉΓòÉΓòÉΓòÉΓòÉΓòÉΓòÉΓòÉΓòÉΓòÉΓòÉ
ΓòÉΓòÉΓòí EXCEPTION CAUGHT BY RENDERING LIBRARY Γò₧ΓòÉΓòÉΓòÉΓòÉΓòÉΓòÉΓòÉΓòÉΓòÉΓòÉΓòÉΓòÉΓòÉΓòÉΓòÉΓòÉΓòÉΓòÉΓòÉΓòÉΓòÉΓòÉΓòÉΓòÉΓòÉΓòÉΓòÉΓòÉΓòÉΓòÉΓòÉΓòÉΓòÉΓòÉΓòÉΓòÉΓòÉΓòÉΓòÉΓòÉΓòÉΓòÉΓòÉΓòÉΓòÉΓòÉΓòÉΓòÉΓòÉΓòÉΓòÉΓòÉΓòÉΓòÉΓòÉΓòÉΓòÉ
The following assertion was thrown during performLayout():
RenderBox was not laid out: RenderSemanticsAnnotations#87a0f relayoutBoundary=up9 NEEDS-PAINT
NEEDS-COMPOSITING-BITS-UPDATE
'package:flutter/src/rendering/box.dart':
Failed assertion: line 2251 pos 12: 'hasSize'

Either the assertion indicates an error in the framework itself, or we should provide substantially
more information in this error message to help you determine and fix the underlying cause.
In either case, please report this assertion by filing a bug on GitHub:
  https://github.com/flutter/flutter/issues/new?template=02_bug.yml

The relevant error-causing widget was:
  SingleChildScrollView
  SingleChildScrollView:file:///C:/Users/bhara/StudioProjects/simple_billing_app/lib/views/screens/billing_screen.dart:240:14

When the exception was thrown, this was the stack:
#2      RenderBox.size (package:flutter/src/rendering/box.dart:2251:12)
#3      RenderProxyBoxMixin.performLayout (package:flutter/src/rendering/proxy_box.dart:118:62)
#4      RenderObject.layout (package:flutter/src/rendering/object.dart:2768:7)
#5      RenderProxyBoxMixin.performLayout (package:flutter/src/rendering/proxy_box.dart:118:18)
#6      RenderObject.layout (package:flutter/src/rendering/object.dart:2768:7)
#7      RenderProxyBoxMixin.performLayout (package:flutter/src/rendering/proxy_box.dart:118:18)
#8      RenderObject.layout (package:flutter/src/rendering/object.dart:2768:7)
#9      RenderProxyBoxMixin.performLayout (package:flutter/src/rendering/proxy_box.dart:118:18)
#10     RenderObject.layout (package:flutter/src/rendering/object.dart:2768:7)
#11     RenderProxyBoxMixin.performLayout (package:flutter/src/rendering/proxy_box.dart:118:18)
#12     RenderObject.layout (package:flutter/src/rendering/object.dart:2768:7)
#13     RenderProxyBoxMixin.performLayout (package:flutter/src/rendering/proxy_box.dart:118:18)
#14     _RenderCustomClip.performLayout (package:flutter/src/rendering/proxy_box.dart:1549:11)
#15     RenderObject.layout (package:flutter/src/rendering/object.dart:2768:7)
#16     RenderPadding.performLayout (package:flutter/src/rendering/shifted_box.dart:262:12)
#17     RenderObject.layout (package:flutter/src/rendering/object.dart:2768:7)
#18     _RenderLayoutBuilder.performLayout (package:flutter/src/widgets/layout_builder.dart:449:14)
#19     RenderObject.layout (package:flutter/src/rendering/object.dart:2768:7)
#20     MultiChildLayoutDelegate.layoutChild (package:flutter/src/rendering/custom_layout.dart:180:12)
#21     _ScaffoldLayout.performLayout (package:flutter/src/material/scaffold.dart:1113:7)
#22     MultiChildLayoutDelegate._callPerformLayout (package:flutter/src/rendering/custom_layout.dart:246:7)
#23     RenderCustomMultiChildLayoutBox.performLayout (package:flutter/src/rendering/custom_layout.dart:417:14)
#24     RenderObject.layout (package:flutter/src/rendering/object.dart:2768:7)
#25     RenderProxyBoxMixin.performLayout (package:flutter/src/rendering/proxy_box.dart:118:18)
#26     RenderObject.layout (package:flutter/src/rendering/object.dart:2768:7)
#27     RenderProxyBoxMixin.performLayout (package:flutter/src/rendering/proxy_box.dart:118:18)
#28     _RenderCustomClip.performLayout (package:flutter/src/rendering/proxy_box.dart:1549:11)
#29     RenderObject.layout (package:flutter/src/rendering/object.dart:2768:7)
#30     RenderProxyBoxMixin.performLayout (package:flutter/src/rendering/proxy_box.dart:118:18)
#31     RenderObject.layout (package:flutter/src/rendering/object.dart:2768:7)
#32     RenderProxyBoxMixin.performLayout (package:flutter/src/rendering/proxy_box.dart:118:18)
#33     RenderObject.layout (package:flutter/src/rendering/object.dart:2768:7)
#34     RenderProxyBoxMixin.performLayout (package:flutter/src/rendering/proxy_box.dart:118:18)
#35     RenderObject.layout (package:flutter/src/rendering/object.dart:2768:7)
#36     RenderProxyBoxMixin.performLayout (package:flutter/src/rendering/proxy_box.dart:118:18)
#37     RenderObject.layout (package:flutter/src/rendering/object.dart:2768:7)
#38     RenderProxyBoxMixin.performLayout (package:flutter/src/rendering/proxy_box.dart:118:18)
#39     RenderObject.layout (package:flutter/src/rendering/object.dart:2768:7)
#40     RenderProxyBoxMixin.performLayout (package:flutter/src/rendering/proxy_box.dart:118:18)
#41     RenderObject.layout (package:flutter/src/rendering/object.dart:2768:7)
#42     RenderProxyBoxMixin.performLayout (package:flutter/src/rendering/proxy_box.dart:118:18)
#43     RenderObject.layout (package:flutter/src/rendering/object.dart:2768:7)
#44     RenderProxyBoxMixin.performLayout (package:flutter/src/rendering/proxy_box.dart:118:18)
#45     RenderObject.layout (package:flutter/src/rendering/object.dart:2768:7)
#46     RenderProxyBoxMixin.performLayout (package:flutter/src/rendering/proxy_box.dart:118:18)
#47     RenderObject.layout (package:flutter/src/rendering/object.dart:2768:7)
#48     RenderProxyBoxMixin.performLayout (package:flutter/src/rendering/proxy_box.dart:118:18)
#49     RenderObject.layout (package:flutter/src/rendering/object.dart:2768:7)
#50     RenderProxyBoxMixin.performLayout (package:flutter/src/rendering/proxy_box.dart:118:18)
#51     RenderObject.layout (package:flutter/src/rendering/object.dart:2768:7)
#52     RenderProxyBoxMixin.performLayout (package:flutter/src/rendering/proxy_box.dart:118:18)
#53     RenderObject.layout (package:flutter/src/rendering/object.dart:2768:7)
#54     RenderProxyBoxMixin.performLayout (package:flutter/src/rendering/proxy_box.dart:118:18)
#55     RenderObject.layout (package:flutter/src/rendering/object.dart:2768:7)
#56     RenderProxyBoxMixin.performLayout (package:flutter/src/rendering/proxy_box.dart:118:18)
#57     RenderObject.layout (package:flutter/src/rendering/object.dart:2768:7)
#58     RenderProxyBoxMixin.performLayout (package:flutter/src/rendering/proxy_box.dart:118:18)
#59     RenderObject.layout (package:flutter/src/rendering/object.dart:2768:7)
#60     RenderProxyBoxMixin.performLayout (package:flutter/src/rendering/proxy_box.dart:118:18)
#61     RenderOffstage.performLayout (package:flutter/src/rendering/proxy_box.dart:3923:13)
#62     RenderObject.layout (package:flutter/src/rendering/object.dart:2768:7)
#63     RenderProxyBoxMixin.performLayout (package:flutter/src/rendering/proxy_box.dart:118:18)
#64     RenderObject.layout (package:flutter/src/rendering/object.dart:2768:7)
#65     _RenderTheaterMixin.layoutChild (package:flutter/src/widgets/overlay.dart:1084:13)
#66     _RenderTheater.performLayout (package:flutter/src/widgets/overlay.dart:1429:9)
#67     RenderObject.layout (package:flutter/src/rendering/object.dart:2768:7)
#68     RenderProxyBoxMixin.performLayout (package:flutter/src/rendering/proxy_box.dart:118:18)
#69     RenderObject.layout (package:flutter/src/rendering/object.dart:2768:7)
#70     RenderProxyBoxMixin.performLayout (package:flutter/src/rendering/proxy_box.dart:118:18)
#71     RenderObject.layout (package:flutter/src/rendering/object.dart:2768:7)
#72     RenderProxyBoxMixin.performLayout (package:flutter/src/rendering/proxy_box.dart:118:18)
#73     RenderObject.layout (package:flutter/src/rendering/object.dart:2768:7)
#74     RenderProxyBoxMixin.performLayout (package:flutter/src/rendering/proxy_box.dart:118:18)
#75     RenderCustomPaint.performLayout (package:flutter/src/rendering/custom_paint.dart:574:11)
#76     RenderObject.layout (package:flutter/src/rendering/object.dart:2768:7)
#77     RenderProxyBoxMixin.performLayout (package:flutter/src/rendering/proxy_box.dart:118:18)
#78     RenderObject.layout (package:flutter/src/rendering/object.dart:2768:7)
#79     RenderProxyBoxMixin.performLayout (package:flutter/src/rendering/proxy_box.dart:118:18)
#80     RenderObject.layout (package:flutter/src/rendering/object.dart:2768:7)
#81     RenderProxyBoxMixin.performLayout (package:flutter/src/rendering/proxy_box.dart:118:18)
#82     RenderObject.layout (package:flutter/src/rendering/object.dart:2768:7)
#83     RenderProxyBoxMixin.performLayout (package:flutter/src/rendering/proxy_box.dart:118:18)
#84     RenderObject.layout (package:flutter/src/rendering/object.dart:2768:7)
#85     RenderProxyBoxMixin.performLayout (package:flutter/src/rendering/proxy_box.dart:118:18)
#86     RenderObject.layout (package:flutter/src/rendering/object.dart:2768:7)
#87     RenderProxyBoxMixin.performLayout (package:flutter/src/rendering/proxy_box.dart:118:18)
#88     RenderObject.layout (package:flutter/src/rendering/object.dart:2768:7)
#89     RenderView.performLayout (package:flutter/src/rendering/view.dart:292:12)
#90     RenderObject._layoutWithoutResize (package:flutter/src/rendering/object.dart:2616:7)
#91     PipelineOwner.flushLayout (package:flutter/src/rendering/object.dart:1174:18)
#92     PipelineOwner.flushLayout (package:flutter/src/rendering/object.dart:1187:15)
#93     AutomatedTestWidgetsFlutterBinding.drawFrame (package:flutter_test/src/binding.dart:2133:27)
#94     RendererBinding._handlePersistentFrameCallback (package:flutter/src/rendering/binding.dart:495:5)
#95     SchedulerBinding._invokeFrameCallback (package:flutter/src/scheduler/binding.dart:1430:15)
#96     SchedulerBinding.handleDrawFrame (package:flutter/src/scheduler/binding.dart:1345:9)
#97     AutomatedTestWidgetsFlutterBinding.pump.<anonymous closure> (package:flutter_test/src/binding.dart:1960:9)
#100    TestAsyncUtils.guard (package:flutter_test/src/test_async_utils.dart:74:41)
#101    AutomatedTestWidgetsFlutterBinding.pump (package:flutter_test/src/binding.dart:1949:27)
#102    WidgetTester.pumpWidget.<anonymous closure> (package:flutter_test/src/widget_tester.dart:598:22)
#105    TestAsyncUtils.guard (package:flutter_test/src/test_async_utils.dart:74:41)
#106    WidgetTester.pumpWidget (package:flutter_test/src/widget_tester.dart:595:27)
#107    main.<anonymous closure>.<anonymous closure> (file:///C:/Users/bhara/StudioProjects/simple_billing_app/test/widget/billing_screen_test.dart:28:20)
#108    testWidgets.<anonymous closure>.<anonymous closure> (package:flutter_test/src/widget_tester.dart:192:29)
<asynchronous suspension>
#109    TestWidgetsFlutterBinding._runTestBody (package:flutter_test/src/binding.dart:1682:5)
<asynchronous suspension>
<asynchronous suspension>
(elided 7 frames from class _AssertionError, dart:async, and package:stack_trace)

The following RenderObject was being processed when the exception was fired: RenderPointerListener#dcd35 relayoutBoundary=up8 NEEDS-LAYOUT NEEDS-PAINT NEEDS-COMPOSITING-BITS-UPDATE:
  creator: Listener ΓåÉ _GestureSemantics ΓåÉ
    RawGestureDetector-[LabeledGlobalKey<RawGestureDetectorState>#d3054] ΓåÉ Listener ΓåÉ _ScrollableScope
    ΓåÉ _ScrollSemantics-[GlobalKey#7be9b] ΓåÉ NotificationListener<ScrollMetricsNotification> ΓåÉ Transform
    ΓåÉ StretchEffect ΓåÉ ClipRect ΓåÉ AnimatedBuilder ΓåÉ NotificationListener<ScrollNotification> ΓåÉ Γï»
  parentData: <none> (can use size)
  constraints: BoxConstraints(0.0<=w<=1136.0, 0.0<=h<=613.0)
  size: MISSING
  behavior: opaque
  listeners: down, panZoomStart
This RenderObject had the following descendants (showing up to depth 5):
    child: RenderSemanticsAnnotations#87a0f relayoutBoundary=up9 NEEDS-PAINT NEEDS-COMPOSITING-BITS-UPDATE
      child: RenderIgnorePointer#5d933 relayoutBoundary=up10 NEEDS-PAINT NEEDS-COMPOSITING-BITS-UPDATE
        child: _RenderSingleChildViewport#7881e relayoutBoundary=up11 NEEDS-PAINT NEEDS-COMPOSITING-BITS-UPDATE
          child: RenderFlex#4b37d relayoutBoundary=up12 NEEDS-PAINT NEEDS-COMPOSITING-BITS-UPDATE
            child 1: RenderFlex#6cf0d relayoutBoundary=up13 NEEDS-PAINT NEEDS-COMPOSITING-BITS-UPDATE
            child 2: RenderConstrainedBox#cde0f NEEDS-LAYOUT NEEDS-PAINT
            child 3: RenderConstrainedBox#16fb6 NEEDS-LAYOUT NEEDS-PAINT NEEDS-COMPOSITING-BITS-UPDATE
ΓòÉΓòÉΓòÉΓòÉΓòÉΓòÉΓòÉΓòÉΓòÉΓòÉΓòÉΓòÉΓòÉΓòÉΓòÉΓòÉΓòÉΓòÉΓòÉΓòÉΓòÉΓòÉΓòÉΓòÉΓòÉΓòÉΓòÉΓòÉΓòÉΓòÉΓòÉΓòÉΓòÉΓòÉΓòÉΓòÉΓòÉΓòÉΓòÉΓòÉΓòÉΓòÉΓòÉΓòÉΓòÉΓòÉΓòÉΓòÉΓòÉΓòÉΓòÉΓòÉΓòÉΓòÉΓòÉΓòÉΓòÉΓòÉΓòÉΓòÉΓòÉΓòÉΓòÉΓòÉΓòÉΓòÉΓòÉΓòÉΓòÉΓòÉΓòÉΓòÉΓòÉΓòÉΓòÉΓòÉΓòÉΓòÉΓòÉΓòÉΓòÉΓòÉΓòÉΓòÉΓòÉΓòÉΓòÉΓòÉΓòÉΓòÉΓòÉΓòÉΓòÉΓòÉΓòÉΓòÉΓòÉΓòÉΓòÉΓòÉ
ΓòÉΓòÉΓòí EXCEPTION CAUGHT BY RENDERING LIBRARY Γò₧ΓòÉΓòÉΓòÉΓòÉΓòÉΓòÉΓòÉΓòÉΓòÉΓòÉΓòÉΓòÉΓòÉΓòÉΓòÉΓòÉΓòÉΓòÉΓòÉΓòÉΓòÉΓòÉΓòÉΓòÉΓòÉΓòÉΓòÉΓòÉΓòÉΓòÉΓòÉΓòÉΓòÉΓòÉΓòÉΓòÉΓòÉΓòÉΓòÉΓòÉΓòÉΓòÉΓòÉΓòÉΓòÉΓòÉΓòÉΓòÉΓòÉΓòÉΓòÉΓòÉΓòÉΓòÉΓòÉΓòÉΓòÉ
The following assertion was thrown during performLayout():
RenderBox was not laid out: RenderPointerListener#dcd35 relayoutBoundary=up8 NEEDS-PAINT
NEEDS-COMPOSITING-BITS-UPDATE
'package:flutter/src/rendering/box.dart':
Failed assertion: line 2251 pos 12: 'hasSize'

Either the assertion indicates an error in the framework itself, or we should provide substantially
more information in this error message to help you determine and fix the underlying cause.
In either case, please report this assertion by filing a bug on GitHub:
  https://github.com/flutter/flutter/issues/new?template=02_bug.yml

The relevant error-causing widget was:
  SingleChildScrollView
  SingleChildScrollView:file:///C:/Users/bhara/StudioProjects/simple_billing_app/lib/views/screens/billing_screen.dart:240:14

When the exception was thrown, this was the stack:
#2      RenderBox.size (package:flutter/src/rendering/box.dart:2251:12)
#3      RenderProxyBoxMixin.performLayout (package:flutter/src/rendering/proxy_box.dart:118:62)
#4      RenderObject.layout (package:flutter/src/rendering/object.dart:2768:7)
#5      RenderProxyBoxMixin.performLayout (package:flutter/src/rendering/proxy_box.dart:118:18)
#6      RenderObject.layout (package:flutter/src/rendering/object.dart:2768:7)
#7      RenderProxyBoxMixin.performLayout (package:flutter/src/rendering/proxy_box.dart:118:18)
#8      RenderObject.layout (package:flutter/src/rendering/object.dart:2768:7)
#9      RenderProxyBoxMixin.performLayout (package:flutter/src/rendering/proxy_box.dart:118:18)
#10     RenderObject.layout (package:flutter/src/rendering/object.dart:2768:7)
#11     RenderProxyBoxMixin.performLayout (package:flutter/src/rendering/proxy_box.dart:118:18)
#12     _RenderCustomClip.performLayout (package:flutter/src/rendering/proxy_box.dart:1549:11)
#13     RenderObject.layout (package:flutter/src/rendering/object.dart:2768:7)
#14     RenderPadding.performLayout (package:flutter/src/rendering/shifted_box.dart:262:12)
#15     RenderObject.layout (package:flutter/src/rendering/object.dart:2768:7)
#16     _RenderLayoutBuilder.performLayout (package:flutter/src/widgets/layout_builder.dart:449:14)
#17     RenderObject.layout (package:flutter/src/rendering/object.dart:2768:7)
#18     MultiChildLayoutDelegate.layoutChild (package:flutter/src/rendering/custom_layout.dart:180:12)
#19     _ScaffoldLayout.performLayout (package:flutter/src/material/scaffold.dart:1113:7)
#20     MultiChildLayoutDelegate._callPerformLayout (package:flutter/src/rendering/custom_layout.dart:246:7)
#21     RenderCustomMultiChildLayoutBox.performLayout (package:flutter/src/rendering/custom_layout.dart:417:14)
#22     RenderObject.layout (package:flutter/src/rendering/object.dart:2768:7)
#23     RenderProxyBoxMixin.performLayout (package:flutter/src/rendering/proxy_box.dart:118:18)
#24     RenderObject.layout (package:flutter/src/rendering/object.dart:2768:7)
#25     RenderProxyBoxMixin.performLayout (package:flutter/src/rendering/proxy_box.dart:118:18)
#26     _RenderCustomClip.performLayout (package:flutter/src/rendering/proxy_box.dart:1549:11)
#27     RenderObject.layout (package:flutter/src/rendering/object.dart:2768:7)
#28     RenderProxyBoxMixin.performLayout (package:flutter/src/rendering/proxy_box.dart:118:18)
#29     RenderObject.layout (package:flutter/src/rendering/object.dart:2768:7)
#30     RenderProxyBoxMixin.performLayout (package:flutter/src/rendering/proxy_box.dart:118:18)
#31     RenderObject.layout (package:flutter/src/rendering/object.dart:2768:7)
#32     RenderProxyBoxMixin.performLayout (package:flutter/src/rendering/proxy_box.dart:118:18)
#33     RenderObject.layout (package:flutter/src/rendering/object.dart:2768:7)
#34     RenderProxyBoxMixin.performLayout (package:flutter/src/rendering/proxy_box.dart:118:18)
#35     RenderObject.layout (package:flutter/src/rendering/object.dart:2768:7)
#36     RenderProxyBoxMixin.performLayout (package:flutter/src/rendering/proxy_box.dart:118:18)
#37     RenderObject.layout (package:flutter/src/rendering/object.dart:2768:7)
#38     RenderProxyBoxMixin.performLayout (package:flutter/src/rendering/proxy_box.dart:118:18)
#39     RenderObject.layout (package:flutter/src/rendering/object.dart:2768:7)
#40     RenderProxyBoxMixin.performLayout (package:flutter/src/rendering/proxy_box.dart:118:18)
#41     RenderObject.layout (package:flutter/src/rendering/object.dart:2768:7)
#42     RenderProxyBoxMixin.performLayout (package:flutter/src/rendering/proxy_box.dart:118:18)
#43     RenderObject.layout (package:flutter/src/rendering/object.dart:2768:7)
#44     RenderProxyBoxMixin.performLayout (package:flutter/src/rendering/proxy_box.dart:118:18)
#45     RenderObject.layout (package:flutter/src/rendering/object.dart:2768:7)
#46     RenderProxyBoxMixin.performLayout (package:flutter/src/rendering/proxy_box.dart:118:18)
#47     RenderObject.layout (package:flutter/src/rendering/object.dart:2768:7)
#48     RenderProxyBoxMixin.performLayout (package:flutter/src/rendering/proxy_box.dart:118:18)
#49     RenderObject.layout (package:flutter/src/rendering/object.dart:2768:7)
#50     RenderProxyBoxMixin.performLayout (package:flutter/src/rendering/proxy_box.dart:118:18)
#51     RenderObject.layout (package:flutter/src/rendering/object.dart:2768:7)
#52     RenderProxyBoxMixin.performLayout (package:flutter/src/rendering/proxy_box.dart:118:18)
#53     RenderObject.layout (package:flutter/src/rendering/object.dart:2768:7)
#54     RenderProxyBoxMixin.performLayout (package:flutter/src/rendering/proxy_box.dart:118:18)
#55     RenderObject.layout (package:flutter/src/rendering/object.dart:2768:7)
#56     RenderProxyBoxMixin.performLayout (package:flutter/src/rendering/proxy_box.dart:118:18)
#57     RenderObject.layout (package:flutter/src/rendering/object.dart:2768:7)
#58     RenderProxyBoxMixin.performLayout (package:flutter/src/rendering/proxy_box.dart:118:18)
#59     RenderOffstage.performLayout (package:flutter/src/rendering/proxy_box.dart:3923:13)
#60     RenderObject.layout (package:flutter/src/rendering/object.dart:2768:7)
#61     RenderProxyBoxMixin.performLayout (package:flutter/src/rendering/proxy_box.dart:118:18)
#62     RenderObject.layout (package:flutter/src/rendering/object.dart:2768:7)
#63     _RenderTheaterMixin.layoutChild (package:flutter/src/widgets/overlay.dart:1084:13)
#64     _RenderTheater.performLayout (package:flutter/src/widgets/overlay.dart:1429:9)
#65     RenderObject.layout (package:flutter/src/rendering/object.dart:2768:7)
#66     RenderProxyBoxMixin.performLayout (package:flutter/src/rendering/proxy_box.dart:118:18)
#67     RenderObject.layout (package:flutter/src/rendering/object.dart:2768:7)
#68     RenderProxyBoxMixin.performLayout (package:flutter/src/rendering/proxy_box.dart:118:18)
#69     RenderObject.layout (package:flutter/src/rendering/object.dart:2768:7)
#70     RenderProxyBoxMixin.performLayout (package:flutter/src/rendering/proxy_box.dart:118:18)
#71     RenderObject.layout (package:flutter/src/rendering/object.dart:2768:7)
#72     RenderProxyBoxMixin.performLayout (package:flutter/src/rendering/proxy_box.dart:118:18)
#73     RenderCustomPaint.performLayout (package:flutter/src/rendering/custom_paint.dart:574:11)
#74     RenderObject.layout (package:flutter/src/rendering/object.dart:2768:7)
#75     RenderProxyBoxMixin.performLayout (package:flutter/src/rendering/proxy_box.dart:118:18)
#76     RenderObject.layout (package:flutter/src/rendering/object.dart:2768:7)
#77     RenderProxyBoxMixin.performLayout (package:flutter/src/rendering/proxy_box.dart:118:18)
#78     RenderObject.layout (package:flutter/src/rendering/object.dart:2768:7)
#79     RenderProxyBoxMixin.performLayout (package:flutter/src/rendering/proxy_box.dart:118:18)
#80     RenderObject.layout (package:flutter/src/rendering/object.dart:2768:7)
#81     RenderProxyBoxMixin.performLayout (package:flutter/src/rendering/proxy_box.dart:118:18)
#82     RenderObject.layout (package:flutter/src/rendering/object.dart:2768:7)
#83     RenderProxyBoxMixin.performLayout (package:flutter/src/rendering/proxy_box.dart:118:18)
#84     RenderObject.layout (package:flutter/src/rendering/object.dart:2768:7)
#85     RenderProxyBoxMixin.performLayout (package:flutter/src/rendering/proxy_box.dart:118:18)
#86     RenderObject.layout (package:flutter/src/rendering/object.dart:2768:7)
#87     RenderView.performLayout (package:flutter/src/rendering/view.dart:292:12)
#88     RenderObject._layoutWithoutResize (package:flutter/src/rendering/object.dart:2616:7)
#89     PipelineOwner.flushLayout (package:flutter/src/rendering/object.dart:1174:18)
#90     PipelineOwner.flushLayout (package:flutter/src/rendering/object.dart:1187:15)
#91     AutomatedTestWidgetsFlutterBinding.drawFrame (package:flutter_test/src/binding.dart:2133:27)
#92     RendererBinding._handlePersistentFrameCallback (package:flutter/src/rendering/binding.dart:495:5)
#93     SchedulerBinding._invokeFrameCallback (package:flutter/src/scheduler/binding.dart:1430:15)
#94     SchedulerBinding.handleDrawFrame (package:flutter/src/scheduler/binding.dart:1345:9)
#95     AutomatedTestWidgetsFlutterBinding.pump.<anonymous closure> (package:flutter_test/src/binding.dart:1960:9)
#98     TestAsyncUtils.guard (package:flutter_test/src/test_async_utils.dart:74:41)
#99     AutomatedTestWidgetsFlutterBinding.pump (package:flutter_test/src/binding.dart:1949:27)
#100    WidgetTester.pumpWidget.<anonymous closure> (package:flutter_test/src/widget_tester.dart:598:22)
#103    TestAsyncUtils.guard (package:flutter_test/src/test_async_utils.dart:74:41)
#104    WidgetTester.pumpWidget (package:flutter_test/src/widget_tester.dart:595:27)
#105    main.<anonymous closure>.<anonymous closure> (file:///C:/Users/bhara/StudioProjects/simple_billing_app/test/widget/billing_screen_test.dart:28:20)
#106    testWidgets.<anonymous closure>.<anonymous closure> (package:flutter_test/src/widget_tester.dart:192:29)
<asynchronous suspension>
#107    TestWidgetsFlutterBinding._runTestBody (package:flutter_test/src/binding.dart:1682:5)
<asynchronous suspension>
<asynchronous suspension>
(elided 7 frames from class _AssertionError, dart:async, and package:stack_trace)

The following RenderObject was being processed when the exception was fired: RenderSemanticsGestureHandler#d448a relayoutBoundary=up7 NEEDS-LAYOUT NEEDS-PAINT NEEDS-COMPOSITING-BITS-UPDATE:
  creator: _GestureSemantics ΓåÉ RawGestureDetector-[LabeledGlobalKey<RawGestureDetectorState>#d3054] ΓåÉ
    Listener ΓåÉ _ScrollableScope ΓåÉ _ScrollSemantics-[GlobalKey#7be9b] ΓåÉ
    NotificationListener<ScrollMetricsNotification> ΓåÉ Transform ΓåÉ StretchEffect ΓåÉ ClipRect ΓåÉ
    AnimatedBuilder ΓåÉ NotificationListener<ScrollNotification> ΓåÉ StretchingOverscrollIndicator ΓåÉ Γï»
  parentData: <none> (can use size)
  constraints: BoxConstraints(0.0<=w<=1136.0, 0.0<=h<=613.0)
  size: MISSING
  behavior: opaque
  gestures: <none>
This RenderObject had the following descendants (showing up to depth 5):
    child: RenderPointerListener#dcd35 relayoutBoundary=up8 NEEDS-PAINT NEEDS-COMPOSITING-BITS-UPDATE
      child: RenderSemanticsAnnotations#87a0f relayoutBoundary=up9 NEEDS-PAINT NEEDS-COMPOSITING-BITS-UPDATE
        child: RenderIgnorePointer#5d933 relayoutBoundary=up10 NEEDS-PAINT NEEDS-COMPOSITING-BITS-UPDATE
          child: _RenderSingleChildViewport#7881e relayoutBoundary=up11 NEEDS-PAINT NEEDS-COMPOSITING-BITS-UPDATE
            child: RenderFlex#4b37d relayoutBoundary=up12 NEEDS-PAINT NEEDS-COMPOSITING-BITS-UPDATE
ΓòÉΓòÉΓòÉΓòÉΓòÉΓòÉΓòÉΓòÉΓòÉΓòÉΓòÉΓòÉΓòÉΓòÉΓòÉΓòÉΓòÉΓòÉΓòÉΓòÉΓòÉΓòÉΓòÉΓòÉΓòÉΓòÉΓòÉΓòÉΓòÉΓòÉΓòÉΓòÉΓòÉΓòÉΓòÉΓòÉΓòÉΓòÉΓòÉΓòÉΓòÉΓòÉΓòÉΓòÉΓòÉΓòÉΓòÉΓòÉΓòÉΓòÉΓòÉΓòÉΓòÉΓòÉΓòÉΓòÉΓòÉΓòÉΓòÉΓòÉΓòÉΓòÉΓòÉΓòÉΓòÉΓòÉΓòÉΓòÉΓòÉΓòÉΓòÉΓòÉΓòÉΓòÉΓòÉΓòÉΓòÉΓòÉΓòÉΓòÉΓòÉΓòÉΓòÉΓòÉΓòÉΓòÉΓòÉΓòÉΓòÉΓòÉΓòÉΓòÉΓòÉΓòÉΓòÉΓòÉΓòÉΓòÉΓòÉΓòÉ
ΓòÉΓòÉΓòí EXCEPTION CAUGHT BY RENDERING LIBRARY Γò₧ΓòÉΓòÉΓòÉΓòÉΓòÉΓòÉΓòÉΓòÉΓòÉΓòÉΓòÉΓòÉΓòÉΓòÉΓòÉΓòÉΓòÉΓòÉΓòÉΓòÉΓòÉΓòÉΓòÉΓòÉΓòÉΓòÉΓòÉΓòÉΓòÉΓòÉΓòÉΓòÉΓòÉΓòÉΓòÉΓòÉΓòÉΓòÉΓòÉΓòÉΓòÉΓòÉΓòÉΓòÉΓòÉΓòÉΓòÉΓòÉΓòÉΓòÉΓòÉΓòÉΓòÉΓòÉΓòÉΓòÉΓòÉ
The following assertion was thrown during performLayout():
RenderBox was not laid out: RenderSemanticsGestureHandler#d448a relayoutBoundary=up7 NEEDS-PAINT
NEEDS-COMPOSITING-BITS-UPDATE
'package:flutter/src/rendering/box.dart':
Failed assertion: line 2251 pos 12: 'hasSize'

Either the assertion indicates an error in the framework itself, or we should provide substantially
more information in this error message to help you determine and fix the underlying cause.
In either case, please report this assertion by filing a bug on GitHub:
  https://github.com/flutter/flutter/issues/new?template=02_bug.yml

The relevant error-causing widget was:
  SingleChildScrollView
  SingleChildScrollView:file:///C:/Users/bhara/StudioProjects/simple_billing_app/lib/views/screens/billing_screen.dart:240:14

When the exception was thrown, this was the stack:
#2      RenderBox.size (package:flutter/src/rendering/box.dart:2251:12)
#3      RenderProxyBoxMixin.performLayout (package:flutter/src/rendering/proxy_box.dart:118:62)
#4      RenderObject.layout (package:flutter/src/rendering/object.dart:2768:7)
#5      RenderProxyBoxMixin.performLayout (package:flutter/src/rendering/proxy_box.dart:118:18)
#6      RenderObject.layout (package:flutter/src/rendering/object.dart:2768:7)
#7      RenderProxyBoxMixin.performLayout (package:flutter/src/rendering/proxy_box.dart:118:18)
#8      RenderObject.layout (package:flutter/src/rendering/object.dart:2768:7)
#9      RenderProxyBoxMixin.performLayout (package:flutter/src/rendering/proxy_box.dart:118:18)
#10     _RenderCustomClip.performLayout (package:flutter/src/rendering/proxy_box.dart:1549:11)
#11     RenderObject.layout (package:flutter/src/rendering/object.dart:2768:7)
#12     RenderPadding.performLayout (package:flutter/src/rendering/shifted_box.dart:262:12)
#13     RenderObject.layout (package:flutter/src/rendering/object.dart:2768:7)
#14     _RenderLayoutBuilder.performLayout (package:flutter/src/widgets/layout_builder.dart:449:14)
#15     RenderObject.layout (package:flutter/src/rendering/object.dart:2768:7)
#16     MultiChildLayoutDelegate.layoutChild (package:flutter/src/rendering/custom_layout.dart:180:12)
#17     _ScaffoldLayout.performLayout (package:flutter/src/material/scaffold.dart:1113:7)
#18     MultiChildLayoutDelegate._callPerformLayout (package:flutter/src/rendering/custom_layout.dart:246:7)
#19     RenderCustomMultiChildLayoutBox.performLayout (package:flutter/src/rendering/custom_layout.dart:417:14)
#20     RenderObject.layout (package:flutter/src/rendering/object.dart:2768:7)
#21     RenderProxyBoxMixin.performLayout (package:flutter/src/rendering/proxy_box.dart:118:18)
#22     RenderObject.layout (package:flutter/src/rendering/object.dart:2768:7)
#23     RenderProxyBoxMixin.performLayout (package:flutter/src/rendering/proxy_box.dart:118:18)
#24     _RenderCustomClip.performLayout (package:flutter/src/rendering/proxy_box.dart:1549:11)
#25     RenderObject.layout (package:flutter/src/rendering/object.dart:2768:7)
#26     RenderProxyBoxMixin.performLayout (package:flutter/src/rendering/proxy_box.dart:118:18)
#27     RenderObject.layout (package:flutter/src/rendering/object.dart:2768:7)
#28     RenderProxyBoxMixin.performLayout (package:flutter/src/rendering/proxy_box.dart:118:18)
#29     RenderObject.layout (package:flutter/src/rendering/object.dart:2768:7)
#30     RenderProxyBoxMixin.performLayout (package:flutter/src/rendering/proxy_box.dart:118:18)
#31     RenderObject.layout (package:flutter/src/rendering/object.dart:2768:7)
#32     RenderProxyBoxMixin.performLayout (package:flutter/src/rendering/proxy_box.dart:118:18)
#33     RenderObject.layout (package:flutter/src/rendering/object.dart:2768:7)
#34     RenderProxyBoxMixin.performLayout (package:flutter/src/rendering/proxy_box.dart:118:18)
#35     RenderObject.layout (package:flutter/src/rendering/object.dart:2768:7)
#36     RenderProxyBoxMixin.performLayout (package:flutter/src/rendering/proxy_box.dart:118:18)
#37     RenderObject.layout (package:flutter/src/rendering/object.dart:2768:7)
#38     RenderProxyBoxMixin.performLayout (package:flutter/src/rendering/proxy_box.dart:118:18)
#39     RenderObject.layout (package:flutter/src/rendering/object.dart:2768:7)
#40     RenderProxyBoxMixin.performLayout (package:flutter/src/rendering/proxy_box.dart:118:18)
#41     RenderObject.layout (package:flutter/src/rendering/object.dart:2768:7)
#42     RenderProxyBoxMixin.performLayout (package:flutter/src/rendering/proxy_box.dart:118:18)
#43     RenderObject.layout (package:flutter/src/rendering/object.dart:2768:7)
#44     RenderProxyBoxMixin.performLayout (package:flutter/src/rendering/proxy_box.dart:118:18)
#45     RenderObject.layout (package:flutter/src/rendering/object.dart:2768:7)
#46     RenderProxyBoxMixin.performLayout (package:flutter/src/rendering/proxy_box.dart:118:18)
#47     RenderObject.layout (package:flutter/src/rendering/object.dart:2768:7)
#48     RenderProxyBoxMixin.performLayout (package:flutter/src/rendering/proxy_box.dart:118:18)
#49     RenderObject.layout (package:flutter/src/rendering/object.dart:2768:7)
#50     RenderProxyBoxMixin.performLayout (package:flutter/src/rendering/proxy_box.dart:118:18)
#51     RenderObject.layout (package:flutter/src/rendering/object.dart:2768:7)
#52     RenderProxyBoxMixin.performLayout (package:flutter/src/rendering/proxy_box.dart:118:18)
#53     RenderObject.layout (package:flutter/src/rendering/object.dart:2768:7)
#54     RenderProxyBoxMixin.performLayout (package:flutter/src/rendering/proxy_box.dart:118:18)
#55     RenderObject.layout (package:flutter/src/rendering/object.dart:2768:7)
#56     RenderProxyBoxMixin.performLayout (package:flutter/src/rendering/proxy_box.dart:118:18)
#57     RenderOffstage.performLayout (package:flutter/src/rendering/proxy_box.dart:3923:13)
#58     RenderObject.layout (package:flutter/src/rendering/object.dart:2768:7)
#59     RenderProxyBoxMixin.performLayout (package:flutter/src/rendering/proxy_box.dart:118:18)
#60     RenderObject.layout (package:flutter/src/rendering/object.dart:2768:7)
#61     _RenderTheaterMixin.layoutChild (package:flutter/src/widgets/overlay.dart:1084:13)
#62     _RenderTheater.performLayout (package:flutter/src/widgets/overlay.dart:1429:9)
#63     RenderObject.layout (package:flutter/src/rendering/object.dart:2768:7)
#64     RenderProxyBoxMixin.performLayout (package:flutter/src/rendering/proxy_box.dart:118:18)
#65     RenderObject.layout (package:flutter/src/rendering/object.dart:2768:7)
#66     RenderProxyBoxMixin.performLayout (package:flutter/src/rendering/proxy_box.dart:118:18)
#67     RenderObject.layout (package:flutter/src/rendering/object.dart:2768:7)
#68     RenderProxyBoxMixin.performLayout (package:flutter/src/rendering/proxy_box.dart:118:18)
#69     RenderObject.layout (package:flutter/src/rendering/object.dart:2768:7)
#70     RenderProxyBoxMixin.performLayout (package:flutter/src/rendering/proxy_box.dart:118:18)
#71     RenderCustomPaint.performLayout (package:flutter/src/rendering/custom_paint.dart:574:11)
#72     RenderObject.layout (package:flutter/src/rendering/object.dart:2768:7)
#73     RenderProxyBoxMixin.performLayout (package:flutter/src/rendering/proxy_box.dart:118:18)
#74     RenderObject.layout (package:flutter/src/rendering/object.dart:2768:7)
#75     RenderProxyBoxMixin.performLayout (package:flutter/src/rendering/proxy_box.dart:118:18)
#76     RenderObject.layout (package:flutter/src/rendering/object.dart:2768:7)
#77     RenderProxyBoxMixin.performLayout (package:flutter/src/rendering/proxy_box.dart:118:18)
#78     RenderObject.layout (package:flutter/src/rendering/object.dart:2768:7)
#79     RenderProxyBoxMixin.performLayout (package:flutter/src/rendering/proxy_box.dart:118:18)
#80     RenderObject.layout (package:flutter/src/rendering/object.dart:2768:7)
#81     RenderProxyBoxMixin.performLayout (package:flutter/src/rendering/proxy_box.dart:118:18)
#82     RenderObject.layout (package:flutter/src/rendering/object.dart:2768:7)
#83     RenderProxyBoxMixin.performLayout (package:flutter/src/rendering/proxy_box.dart:118:18)
#84     RenderObject.layout (package:flutter/src/rendering/object.dart:2768:7)
#85     RenderView.performLayout (package:flutter/src/rendering/view.dart:292:12)
#86     RenderObject._layoutWithoutResize (package:flutter/src/rendering/object.dart:2616:7)
#87     PipelineOwner.flushLayout (package:flutter/src/rendering/object.dart:1174:18)
#88     PipelineOwner.flushLayout (package:flutter/src/rendering/object.dart:1187:15)
#89     AutomatedTestWidgetsFlutterBinding.drawFrame (package:flutter_test/src/binding.dart:2133:27)
#90     RendererBinding._handlePersistentFrameCallback (package:flutter/src/rendering/binding.dart:495:5)
#91     SchedulerBinding._invokeFrameCallback (package:flutter/src/scheduler/binding.dart:1430:15)
#92     SchedulerBinding.handleDrawFrame (package:flutter/src/scheduler/binding.dart:1345:9)
#93     AutomatedTestWidgetsFlutterBinding.pump.<anonymous closure> (package:flutter_test/src/binding.dart:1960:9)
#96     TestAsyncUtils.guard (package:flutter_test/src/test_async_utils.dart:74:41)
#97     AutomatedTestWidgetsFlutterBinding.pump (package:flutter_test/src/binding.dart:1949:27)
#98     WidgetTester.pumpWidget.<anonymous closure> (package:flutter_test/src/widget_tester.dart:598:22)
#101    TestAsyncUtils.guard (package:flutter_test/src/test_async_utils.dart:74:41)
#102    WidgetTester.pumpWidget (package:flutter_test/src/widget_tester.dart:595:27)
#103    main.<anonymous closure>.<anonymous closure> (file:///C:/Users/bhara/StudioProjects/simple_billing_app/test/widget/billing_screen_test.dart:28:20)
#104    testWidgets.<anonymous closure>.<anonymous closure> (package:flutter_test/src/widget_tester.dart:192:29)
<asynchronous suspension>
#105    TestWidgetsFlutterBinding._runTestBody (package:flutter_test/src/binding.dart:1682:5)
<asynchronous suspension>
<asynchronous suspension>
(elided 7 frames from class _AssertionError, dart:async, and package:stack_trace)

The following RenderObject was being processed when the exception was fired: RenderPointerListener#83ab1 relayoutBoundary=up6 NEEDS-LAYOUT NEEDS-PAINT NEEDS-COMPOSITING-BITS-UPDATE:
  creator: Listener ΓåÉ _ScrollableScope ΓåÉ _ScrollSemantics-[GlobalKey#7be9b] ΓåÉ
    NotificationListener<ScrollMetricsNotification> ΓåÉ Transform ΓåÉ StretchEffect ΓåÉ ClipRect ΓåÉ
    AnimatedBuilder ΓåÉ NotificationListener<ScrollNotification> ΓåÉ StretchingOverscrollIndicator ΓåÉ
    Scrollable ΓåÉ PrimaryScrollController ΓåÉ Γï»
  parentData: <none> (can use size)
  constraints: BoxConstraints(0.0<=w<=1136.0, 0.0<=h<=613.0)
  size: MISSING
  behavior: deferToChild
  listeners: signal
This RenderObject had the following descendants (showing up to depth 5):
    child: RenderSemanticsGestureHandler#d448a relayoutBoundary=up7 NEEDS-PAINT NEEDS-COMPOSITING-BITS-UPDATE
      child: RenderPointerListener#dcd35 relayoutBoundary=up8 NEEDS-PAINT NEEDS-COMPOSITING-BITS-UPDATE
        child: RenderSemanticsAnnotations#87a0f relayoutBoundary=up9 NEEDS-PAINT NEEDS-COMPOSITING-BITS-UPDATE
          child: RenderIgnorePointer#5d933 relayoutBoundary=up10 NEEDS-PAINT NEEDS-COMPOSITING-BITS-UPDATE
            child: _RenderSingleChildViewport#7881e relayoutBoundary=up11 NEEDS-PAINT NEEDS-COMPOSITING-BITS-UPDATE
ΓòÉΓòÉΓòÉΓòÉΓòÉΓòÉΓòÉΓòÉΓòÉΓòÉΓòÉΓòÉΓòÉΓòÉΓòÉΓòÉΓòÉΓòÉΓòÉΓòÉΓòÉΓòÉΓòÉΓòÉΓòÉΓòÉΓòÉΓòÉΓòÉΓòÉΓòÉΓòÉΓòÉΓòÉΓòÉΓòÉΓòÉΓòÉΓòÉΓòÉΓòÉΓòÉΓòÉΓòÉΓòÉΓòÉΓòÉΓòÉΓòÉΓòÉΓòÉΓòÉΓòÉΓòÉΓòÉΓòÉΓòÉΓòÉΓòÉΓòÉΓòÉΓòÉΓòÉΓòÉΓòÉΓòÉΓòÉΓòÉΓòÉΓòÉΓòÉΓòÉΓòÉΓòÉΓòÉΓòÉΓòÉΓòÉΓòÉΓòÉΓòÉΓòÉΓòÉΓòÉΓòÉΓòÉΓòÉΓòÉΓòÉΓòÉΓòÉΓòÉΓòÉΓòÉΓòÉΓòÉΓòÉΓòÉΓòÉΓòÉ
ΓòÉΓòÉΓòí EXCEPTION CAUGHT BY RENDERING LIBRARY Γò₧ΓòÉΓòÉΓòÉΓòÉΓòÉΓòÉΓòÉΓòÉΓòÉΓòÉΓòÉΓòÉΓòÉΓòÉΓòÉΓòÉΓòÉΓòÉΓòÉΓòÉΓòÉΓòÉΓòÉΓòÉΓòÉΓòÉΓòÉΓòÉΓòÉΓòÉΓòÉΓòÉΓòÉΓòÉΓòÉΓòÉΓòÉΓòÉΓòÉΓòÉΓòÉΓòÉΓòÉΓòÉΓòÉΓòÉΓòÉΓòÉΓòÉΓòÉΓòÉΓòÉΓòÉΓòÉΓòÉΓòÉΓòÉ
The following assertion was thrown during performLayout():
RenderBox was not laid out: RenderPointerListener#83ab1 relayoutBoundary=up6 NEEDS-PAINT
NEEDS-COMPOSITING-BITS-UPDATE
'package:flutter/src/rendering/box.dart':
Failed assertion: line 2251 pos 12: 'hasSize'

Either the assertion indicates an error in the framework itself, or we should provide substantially
more information in this error message to help you determine and fix the underlying cause.
In either case, please report this assertion by filing a bug on GitHub:
  https://github.com/flutter/flutter/issues/new?template=02_bug.yml

The relevant error-causing widget was:
  SingleChildScrollView
  SingleChildScrollView:file:///C:/Users/bhara/StudioProjects/simple_billing_app/lib/views/screens/billing_screen.dart:240:14

When the exception was thrown, this was the stack:
#2      RenderBox.size (package:flutter/src/rendering/box.dart:2251:12)
#3      RenderProxyBoxMixin.performLayout (package:flutter/src/rendering/proxy_box.dart:118:62)
#4      RenderObject.layout (package:flutter/src/rendering/object.dart:2768:7)
#5      RenderProxyBoxMixin.performLayout (package:flutter/src/rendering/proxy_box.dart:118:18)
#6      RenderObject.layout (package:flutter/src/rendering/object.dart:2768:7)
#7      RenderProxyBoxMixin.performLayout (package:flutter/src/rendering/proxy_box.dart:118:18)
#8      _RenderCustomClip.performLayout (package:flutter/src/rendering/proxy_box.dart:1549:11)
#9      RenderObject.layout (package:flutter/src/rendering/object.dart:2768:7)
#10     RenderPadding.performLayout (package:flutter/src/rendering/shifted_box.dart:262:12)
#11     RenderObject.layout (package:flutter/src/rendering/object.dart:2768:7)
#12     _RenderLayoutBuilder.performLayout (package:flutter/src/widgets/layout_builder.dart:449:14)
#13     RenderObject.layout (package:flutter/src/rendering/object.dart:2768:7)
#14     MultiChildLayoutDelegate.layoutChild (package:flutter/src/rendering/custom_layout.dart:180:12)
#15     _ScaffoldLayout.performLayout (package:flutter/src/material/scaffold.dart:1113:7)
#16     MultiChildLayoutDelegate._callPerformLayout (package:flutter/src/rendering/custom_layout.dart:246:7)
#17     RenderCustomMultiChildLayoutBox.performLayout (package:flutter/src/rendering/custom_layout.dart:417:14)
#18     RenderObject.layout (package:flutter/src/rendering/object.dart:2768:7)
#19     RenderProxyBoxMixin.performLayout (package:flutter/src/rendering/proxy_box.dart:118:18)
#20     RenderObject.layout (package:flutter/src/rendering/object.dart:2768:7)
#21     RenderProxyBoxMixin.performLayout (package:flutter/src/rendering/proxy_box.dart:118:18)
#22     _RenderCustomClip.performLayout (package:flutter/src/rendering/proxy_box.dart:1549:11)
#23     RenderObject.layout (package:flutter/src/rendering/object.dart:2768:7)
#24     RenderProxyBoxMixin.performLayout (package:flutter/src/rendering/proxy_box.dart:118:18)
#25     RenderObject.layout (package:flutter/src/rendering/object.dart:2768:7)
#26     RenderProxyBoxMixin.performLayout (package:flutter/src/rendering/proxy_box.dart:118:18)
#27     RenderObject.layout (package:flutter/src/rendering/object.dart:2768:7)
#28     RenderProxyBoxMixin.performLayout (package:flutter/src/rendering/proxy_box.dart:118:18)
#29     RenderObject.layout (package:flutter/src/rendering/object.dart:2768:7)
#30     RenderProxyBoxMixin.performLayout (package:flutter/src/rendering/proxy_box.dart:118:18)
#31     RenderObject.layout (package:flutter/src/rendering/object.dart:2768:7)
#32     RenderProxyBoxMixin.performLayout (package:flutter/src/rendering/proxy_box.dart:118:18)
#33     RenderObject.layout (package:flutter/src/rendering/object.dart:2768:7)
#34     RenderProxyBoxMixin.performLayout (package:flutter/src/rendering/proxy_box.dart:118:18)
#35     RenderObject.layout (package:flutter/src/rendering/object.dart:2768:7)
#36     RenderProxyBoxMixin.performLayout (package:flutter/src/rendering/proxy_box.dart:118:18)
#37     RenderObject.layout (package:flutter/src/rendering/object.dart:2768:7)
#38     RenderProxyBoxMixin.performLayout (package:flutter/src/rendering/proxy_box.dart:118:18)
#39     RenderObject.layout (package:flutter/src/rendering/object.dart:2768:7)
#40     RenderProxyBoxMixin.performLayout (package:flutter/src/rendering/proxy_box.dart:118:18)
#41     RenderObject.layout (package:flutter/src/rendering/object.dart:2768:7)
#42     RenderProxyBoxMixin.performLayout (package:flutter/src/rendering/proxy_box.dart:118:18)
#43     RenderObject.layout (package:flutter/src/rendering/object.dart:2768:7)
#44     RenderProxyBoxMixin.performLayout (package:flutter/src/rendering/proxy_box.dart:118:18)
#45     RenderObject.layout (package:flutter/src/rendering/object.dart:2768:7)
#46     RenderProxyBoxMixin.performLayout (package:flutter/src/rendering/proxy_box.dart:118:18)
#47     RenderObject.layout (package:flutter/src/rendering/object.dart:2768:7)
#48     RenderProxyBoxMixin.performLayout (package:flutter/src/rendering/proxy_box.dart:118:18)
#49     RenderObject.layout (package:flutter/src/rendering/object.dart:2768:7)
#50     RenderProxyBoxMixin.performLayout (package:flutter/src/rendering/proxy_box.dart:118:18)
#51     RenderObject.layout (package:flutter/src/rendering/object.dart:2768:7)
#52     RenderProxyBoxMixin.performLayout (package:flutter/src/rendering/proxy_box.dart:118:18)
#53     RenderObject.layout (package:flutter/src/rendering/object.dart:2768:7)
#54     RenderProxyBoxMixin.performLayout (package:flutter/src/rendering/proxy_box.dart:118:18)
#55     RenderOffstage.performLayout (package:flutter/src/rendering/proxy_box.dart:3923:13)
#56     RenderObject.layout (package:flutter/src/rendering/object.dart:2768:7)
#57     RenderProxyBoxMixin.performLayout (package:flutter/src/rendering/proxy_box.dart:118:18)
#58     RenderObject.layout (package:flutter/src/rendering/object.dart:2768:7)
#59     _RenderTheaterMixin.layoutChild (package:flutter/src/widgets/overlay.dart:1084:13)
#60     _RenderTheater.performLayout (package:flutter/src/widgets/overlay.dart:1429:9)
#61     RenderObject.layout (package:flutter/src/rendering/object.dart:2768:7)
#62     RenderProxyBoxMixin.performLayout (package:flutter/src/rendering/proxy_box.dart:118:18)
#63     RenderObject.layout (package:flutter/src/rendering/object.dart:2768:7)
#64     RenderProxyBoxMixin.performLayout (package:flutter/src/rendering/proxy_box.dart:118:18)
#65     RenderObject.layout (package:flutter/src/rendering/object.dart:2768:7)
#66     RenderProxyBoxMixin.performLayout (package:flutter/src/rendering/proxy_box.dart:118:18)
#67     RenderObject.layout (package:flutter/src/rendering/object.dart:2768:7)
#68     RenderProxyBoxMixin.performLayout (package:flutter/src/rendering/proxy_box.dart:118:18)
#69     RenderCustomPaint.performLayout (package:flutter/src/rendering/custom_paint.dart:574:11)
#70     RenderObject.layout (package:flutter/src/rendering/object.dart:2768:7)
#71     RenderProxyBoxMixin.performLayout (package:flutter/src/rendering/proxy_box.dart:118:18)
#72     RenderObject.layout (package:flutter/src/rendering/object.dart:2768:7)
#73     RenderProxyBoxMixin.performLayout (package:flutter/src/rendering/proxy_box.dart:118:18)
#74     RenderObject.layout (package:flutter/src/rendering/object.dart:2768:7)
#75     RenderProxyBoxMixin.performLayout (package:flutter/src/rendering/proxy_box.dart:118:18)
#76     RenderObject.layout (package:flutter/src/rendering/object.dart:2768:7)
#77     RenderProxyBoxMixin.performLayout (package:flutter/src/rendering/proxy_box.dart:118:18)
#78     RenderObject.layout (package:flutter/src/rendering/object.dart:2768:7)
#79     RenderProxyBoxMixin.performLayout (package:flutter/src/rendering/proxy_box.dart:118:18)
#80     RenderObject.layout (package:flutter/src/rendering/object.dart:2768:7)
#81     RenderProxyBoxMixin.performLayout (package:flutter/src/rendering/proxy_box.dart:118:18)
#82     RenderObject.layout (package:flutter/src/rendering/object.dart:2768:7)
#83     RenderView.performLayout (package:flutter/src/rendering/view.dart:292:12)
#84     RenderObject._layoutWithoutResize (package:flutter/src/rendering/object.dart:2616:7)
#85     PipelineOwner.flushLayout (package:flutter/src/rendering/object.dart:1174:18)
#86     PipelineOwner.flushLayout (package:flutter/src/rendering/object.dart:1187:15)
#87     AutomatedTestWidgetsFlutterBinding.drawFrame (package:flutter_test/src/binding.dart:2133:27)
#88     RendererBinding._handlePersistentFrameCallback (package:flutter/src/rendering/binding.dart:495:5)
#89     SchedulerBinding._invokeFrameCallback (package:flutter/src/scheduler/binding.dart:1430:15)
#90     SchedulerBinding.handleDrawFrame (package:flutter/src/scheduler/binding.dart:1345:9)
#91     AutomatedTestWidgetsFlutterBinding.pump.<anonymous closure> (package:flutter_test/src/binding.dart:1960:9)
#94     TestAsyncUtils.guard (package:flutter_test/src/test_async_utils.dart:74:41)
#95     AutomatedTestWidgetsFlutterBinding.pump (package:flutter_test/src/binding.dart:1949:27)
#96     WidgetTester.pumpWidget.<anonymous closure> (package:flutter_test/src/widget_tester.dart:598:22)
#99     TestAsyncUtils.guard (package:flutter_test/src/test_async_utils.dart:74:41)
#100    WidgetTester.pumpWidget (package:flutter_test/src/widget_tester.dart:595:27)
#101    main.<anonymous closure>.<anonymous closure> (file:///C:/Users/bhara/StudioProjects/simple_billing_app/test/widget/billing_screen_test.dart:28:20)
#102    testWidgets.<anonymous closure>.<anonymous closure> (package:flutter_test/src/widget_tester.dart:192:29)
<asynchronous suspension>
#103    TestWidgetsFlutterBinding._runTestBody (package:flutter_test/src/binding.dart:1682:5)
<asynchronous suspension>
<asynchronous suspension>
(elided 7 frames from class _AssertionError, dart:async, and package:stack_trace)

The following RenderObject was being processed when the exception was fired: _RenderScrollSemantics#52315 relayoutBoundary=up5 NEEDS-LAYOUT NEEDS-PAINT NEEDS-COMPOSITING-BITS-UPDATE:
  creator: _ScrollSemantics-[GlobalKey#7be9b] ΓåÉ NotificationListener<ScrollMetricsNotification> ΓåÉ
    Transform ΓåÉ StretchEffect ΓåÉ ClipRect ΓåÉ AnimatedBuilder ΓåÉ NotificationListener<ScrollNotification>
    ΓåÉ StretchingOverscrollIndicator ΓåÉ Scrollable ΓåÉ PrimaryScrollController ΓåÉ SingleChildScrollView ΓåÉ
    Padding ΓåÉ Γï»
  parentData: <none> (can use size)
  constraints: BoxConstraints(0.0<=w<=1136.0, 0.0<=h<=613.0)
  semantic boundary
  size: MISSING
This RenderObject had the following descendants (showing up to depth 5):
    child: RenderPointerListener#83ab1 relayoutBoundary=up6 NEEDS-PAINT NEEDS-COMPOSITING-BITS-UPDATE
      child: RenderSemanticsGestureHandler#d448a relayoutBoundary=up7 NEEDS-PAINT NEEDS-COMPOSITING-BITS-UPDATE
        child: RenderPointerListener#dcd35 relayoutBoundary=up8 NEEDS-PAINT NEEDS-COMPOSITING-BITS-UPDATE
          child: RenderSemanticsAnnotations#87a0f relayoutBoundary=up9 NEEDS-PAINT NEEDS-COMPOSITING-BITS-UPDATE
            child: RenderIgnorePointer#5d933 relayoutBoundary=up10 NEEDS-PAINT NEEDS-COMPOSITING-BITS-UPDATE
ΓòÉΓòÉΓòÉΓòÉΓòÉΓòÉΓòÉΓòÉΓòÉΓòÉΓòÉΓòÉΓòÉΓòÉΓòÉΓòÉΓòÉΓòÉΓòÉΓòÉΓòÉΓòÉΓòÉΓòÉΓòÉΓòÉΓòÉΓòÉΓòÉΓòÉΓòÉΓòÉΓòÉΓòÉΓòÉΓòÉΓòÉΓòÉΓòÉΓòÉΓòÉΓòÉΓòÉΓòÉΓòÉΓòÉΓòÉΓòÉΓòÉΓòÉΓòÉΓòÉΓòÉΓòÉΓòÉΓòÉΓòÉΓòÉΓòÉΓòÉΓòÉΓòÉΓòÉΓòÉΓòÉΓòÉΓòÉΓòÉΓòÉΓòÉΓòÉΓòÉΓòÉΓòÉΓòÉΓòÉΓòÉΓòÉΓòÉΓòÉΓòÉΓòÉΓòÉΓòÉΓòÉΓòÉΓòÉΓòÉΓòÉΓòÉΓòÉΓòÉΓòÉΓòÉΓòÉΓòÉΓòÉΓòÉΓòÉΓòÉ
ΓòÉΓòÉΓòí EXCEPTION CAUGHT BY RENDERING LIBRARY Γò₧ΓòÉΓòÉΓòÉΓòÉΓòÉΓòÉΓòÉΓòÉΓòÉΓòÉΓòÉΓòÉΓòÉΓòÉΓòÉΓòÉΓòÉΓòÉΓòÉΓòÉΓòÉΓòÉΓòÉΓòÉΓòÉΓòÉΓòÉΓòÉΓòÉΓòÉΓòÉΓòÉΓòÉΓòÉΓòÉΓòÉΓòÉΓòÉΓòÉΓòÉΓòÉΓòÉΓòÉΓòÉΓòÉΓòÉΓòÉΓòÉΓòÉΓòÉΓòÉΓòÉΓòÉΓòÉΓòÉΓòÉΓòÉ
The following assertion was thrown during performLayout():
RenderBox was not laid out: _RenderScrollSemantics#52315 relayoutBoundary=up5 NEEDS-PAINT
NEEDS-COMPOSITING-BITS-UPDATE
'package:flutter/src/rendering/box.dart':
Failed assertion: line 2251 pos 12: 'hasSize'

Either the assertion indicates an error in the framework itself, or we should provide substantially
more information in this error message to help you determine and fix the underlying cause.
In either case, please report this assertion by filing a bug on GitHub:
  https://github.com/flutter/flutter/issues/new?template=02_bug.yml

The relevant error-causing widget was:
  SingleChildScrollView
  SingleChildScrollView:file:///C:/Users/bhara/StudioProjects/simple_billing_app/lib/views/screens/billing_screen.dart:240:14

When the exception was thrown, this was the stack:
#2      RenderBox.size (package:flutter/src/rendering/box.dart:2251:12)
#3      RenderProxyBoxMixin.performLayout (package:flutter/src/rendering/proxy_box.dart:118:62)
#4      RenderObject.layout (package:flutter/src/rendering/object.dart:2768:7)
#5      RenderProxyBoxMixin.performLayout (package:flutter/src/rendering/proxy_box.dart:118:18)
#6      _RenderCustomClip.performLayout (package:flutter/src/rendering/proxy_box.dart:1549:11)
#7      RenderObject.layout (package:flutter/src/rendering/object.dart:2768:7)
#8      RenderPadding.performLayout (package:flutter/src/rendering/shifted_box.dart:262:12)
#9      RenderObject.layout (package:flutter/src/rendering/object.dart:2768:7)
#10     _RenderLayoutBuilder.performLayout (package:flutter/src/widgets/layout_builder.dart:449:14)
#11     RenderObject.layout (package:flutter/src/rendering/object.dart:2768:7)
#12     MultiChildLayoutDelegate.layoutChild (package:flutter/src/rendering/custom_layout.dart:180:12)
#13     _ScaffoldLayout.performLayout (package:flutter/src/material/scaffold.dart:1113:7)
#14     MultiChildLayoutDelegate._callPerformLayout (package:flutter/src/rendering/custom_layout.dart:246:7)
#15     RenderCustomMultiChildLayoutBox.performLayout (package:flutter/src/rendering/custom_layout.dart:417:14)
#16     RenderObject.layout (package:flutter/src/rendering/object.dart:2768:7)
#17     RenderProxyBoxMixin.performLayout (package:flutter/src/rendering/proxy_box.dart:118:18)
#18     RenderObject.layout (package:flutter/src/rendering/object.dart:2768:7)
#19     RenderProxyBoxMixin.performLayout (package:flutter/src/rendering/proxy_box.dart:118:18)
#20     _RenderCustomClip.performLayout (package:flutter/src/rendering/proxy_box.dart:1549:11)
#21     RenderObject.layout (package:flutter/src/rendering/object.dart:2768:7)
#22     RenderProxyBoxMixin.performLayout (package:flutter/src/rendering/proxy_box.dart:118:18)
#23     RenderObject.layout (package:flutter/src/rendering/object.dart:2768:7)
#24     RenderProxyBoxMixin.performLayout (package:flutter/src/rendering/proxy_box.dart:118:18)
#25     RenderObject.layout (package:flutter/src/rendering/object.dart:2768:7)
#26     RenderProxyBoxMixin.performLayout (package:flutter/src/rendering/proxy_box.dart:118:18)
#27     RenderObject.layout (package:flutter/src/rendering/object.dart:2768:7)
#28     RenderProxyBoxMixin.performLayout (package:flutter/src/rendering/proxy_box.dart:118:18)
#29     RenderObject.layout (package:flutter/src/rendering/object.dart:2768:7)
#30     RenderProxyBoxMixin.performLayout (package:flutter/src/rendering/proxy_box.dart:118:18)
#31     RenderObject.layout (package:flutter/src/rendering/object.dart:2768:7)
#32     RenderProxyBoxMixin.performLayout (package:flutter/src/rendering/proxy_box.dart:118:18)
#33     RenderObject.layout (package:flutter/src/rendering/object.dart:2768:7)
#34     RenderProxyBoxMixin.performLayout (package:flutter/src/rendering/proxy_box.dart:118:18)
#35     RenderObject.layout (package:flutter/src/rendering/object.dart:2768:7)
#36     RenderProxyBoxMixin.performLayout (package:flutter/src/rendering/proxy_box.dart:118:18)
#37     RenderObject.layout (package:flutter/src/rendering/object.dart:2768:7)
#38     RenderProxyBoxMixin.performLayout (package:flutter/src/rendering/proxy_box.dart:118:18)
#39     RenderObject.layout (package:flutter/src/rendering/object.dart:2768:7)
#40     RenderProxyBoxMixin.performLayout (package:flutter/src/rendering/proxy_box.dart:118:18)
#41     RenderObject.layout (package:flutter/src/rendering/object.dart:2768:7)
#42     RenderProxyBoxMixin.performLayout (package:flutter/src/rendering/proxy_box.dart:118:18)
#43     RenderObject.layout (package:flutter/src/rendering/object.dart:2768:7)
#44     RenderProxyBoxMixin.performLayout (package:flutter/src/rendering/proxy_box.dart:118:18)
#45     RenderObject.layout (package:flutter/src/rendering/object.dart:2768:7)
#46     RenderProxyBoxMixin.performLayout (package:flutter/src/rendering/proxy_box.dart:118:18)
#47     RenderObject.layout (package:flutter/src/rendering/object.dart:2768:7)
#48     RenderProxyBoxMixin.performLayout (package:flutter/src/rendering/proxy_box.dart:118:18)
#49     RenderObject.layout (package:flutter/src/rendering/object.dart:2768:7)
#50     RenderProxyBoxMixin.performLayout (package:flutter/src/rendering/proxy_box.dart:118:18)
#51     RenderObject.layout (package:flutter/src/rendering/object.dart:2768:7)
#52     RenderProxyBoxMixin.performLayout (package:flutter/src/rendering/proxy_box.dart:118:18)
#53     RenderOffstage.performLayout (package:flutter/src/rendering/proxy_box.dart:3923:13)
#54     RenderObject.layout (package:flutter/src/rendering/object.dart:2768:7)
#55     RenderProxyBoxMixin.performLayout (package:flutter/src/rendering/proxy_box.dart:118:18)
#56     RenderObject.layout (package:flutter/src/rendering/object.dart:2768:7)
#57     _RenderTheaterMixin.layoutChild (package:flutter/src/widgets/overlay.dart:1084:13)
#58     _RenderTheater.performLayout (package:flutter/src/widgets/overlay.dart:1429:9)
#59     RenderObject.layout (package:flutter/src/rendering/object.dart:2768:7)
#60     RenderProxyBoxMixin.performLayout (package:flutter/src/rendering/proxy_box.dart:118:18)
#61     RenderObject.layout (package:flutter/src/rendering/object.dart:2768:7)
#62     RenderProxyBoxMixin.performLayout (package:flutter/src/rendering/proxy_box.dart:118:18)
#63     RenderObject.layout (package:flutter/src/rendering/object.dart:2768:7)
#64     RenderProxyBoxMixin.performLayout (package:flutter/src/rendering/proxy_box.dart:118:18)
#65     RenderObject.layout (package:flutter/src/rendering/object.dart:2768:7)
#66     RenderProxyBoxMixin.performLayout (package:flutter/src/rendering/proxy_box.dart:118:18)
#67     RenderCustomPaint.performLayout (package:flutter/src/rendering/custom_paint.dart:574:11)
#68     RenderObject.layout (package:flutter/src/rendering/object.dart:2768:7)
#69     RenderProxyBoxMixin.performLayout (package:flutter/src/rendering/proxy_box.dart:118:18)
#70     RenderObject.layout (package:flutter/src/rendering/object.dart:2768:7)
#71     RenderProxyBoxMixin.performLayout (package:flutter/src/rendering/proxy_box.dart:118:18)
#72     RenderObject.layout (package:flutter/src/rendering/object.dart:2768:7)
#73     RenderProxyBoxMixin.performLayout (package:flutter/src/rendering/proxy_box.dart:118:18)
#74     RenderObject.layout (package:flutter/src/rendering/object.dart:2768:7)
#75     RenderProxyBoxMixin.performLayout (package:flutter/src/rendering/proxy_box.dart:118:18)
#76     RenderObject.layout (package:flutter/src/rendering/object.dart:2768:7)
#77     RenderProxyBoxMixin.performLayout (package:flutter/src/rendering/proxy_box.dart:118:18)
#78     RenderObject.layout (package:flutter/src/rendering/object.dart:2768:7)
#79     RenderProxyBoxMixin.performLayout (package:flutter/src/rendering/proxy_box.dart:118:18)
#80     RenderObject.layout (package:flutter/src/rendering/object.dart:2768:7)
#81     RenderView.performLayout (package:flutter/src/rendering/view.dart:292:12)
#82     RenderObject._layoutWithoutResize (package:flutter/src/rendering/object.dart:2616:7)
#83     PipelineOwner.flushLayout (package:flutter/src/rendering/object.dart:1174:18)
#84     PipelineOwner.flushLayout (package:flutter/src/rendering/object.dart:1187:15)
#85     AutomatedTestWidgetsFlutterBinding.drawFrame (package:flutter_test/src/binding.dart:2133:27)
#86     RendererBinding._handlePersistentFrameCallback (package:flutter/src/rendering/binding.dart:495:5)
#87     SchedulerBinding._invokeFrameCallback (package:flutter/src/scheduler/binding.dart:1430:15)
#88     SchedulerBinding.handleDrawFrame (package:flutter/src/scheduler/binding.dart:1345:9)
#89     AutomatedTestWidgetsFlutterBinding.pump.<anonymous closure> (package:flutter_test/src/binding.dart:1960:9)
#92     TestAsyncUtils.guard (package:flutter_test/src/test_async_utils.dart:74:41)
#93     AutomatedTestWidgetsFlutterBinding.pump (package:flutter_test/src/binding.dart:1949:27)
#94     WidgetTester.pumpWidget.<anonymous closure> (package:flutter_test/src/widget_tester.dart:598:22)
#97     TestAsyncUtils.guard (package:flutter_test/src/test_async_utils.dart:74:41)
#98     WidgetTester.pumpWidget (package:flutter_test/src/widget_tester.dart:595:27)
#99     main.<anonymous closure>.<anonymous closure> (file:///C:/Users/bhara/StudioProjects/simple_billing_app/test/widget/billing_screen_test.dart:28:20)
#100    testWidgets.<anonymous closure>.<anonymous closure> (package:flutter_test/src/widget_tester.dart:192:29)
<asynchronous suspension>
#101    TestWidgetsFlutterBinding._runTestBody (package:flutter_test/src/binding.dart:1682:5)
<asynchronous suspension>
<asynchronous suspension>
(elided 7 frames from class _AssertionError, dart:async, and package:stack_trace)

The following RenderObject was being processed when the exception was fired: RenderTransform#54a7e relayoutBoundary=up4 NEEDS-LAYOUT NEEDS-PAINT NEEDS-COMPOSITING-BITS-UPDATE:
  creator: Transform ΓåÉ StretchEffect ΓåÉ ClipRect ΓåÉ AnimatedBuilder ΓåÉ
    NotificationListener<ScrollNotification> ΓåÉ StretchingOverscrollIndicator ΓåÉ Scrollable ΓåÉ
    PrimaryScrollController ΓåÉ SingleChildScrollView ΓåÉ Padding ΓåÉ LayoutBuilder ΓåÉ
    KeyedSubtree-[GlobalKey#e7fb4] ΓåÉ Γï»
  parentData: <none> (can use size)
  constraints: BoxConstraints(0.0<=w<=1136.0, 0.0<=h<=613.0)
  size: MISSING
  transform matrix:
    [0] 1.0,0.0,0.0,0.0
    [1] 0.0,1.0,0.0,0.0
    [2] 0.0,0.0,1.0,0.0
    [3] 0.0,0.0,0.0,1.0
  origin: null
  alignment: AlignmentDirectional.bottomCenter
  textDirection: ltr
  transformHitTests: true
This RenderObject had the following descendants (showing up to depth 5):
    child: _RenderScrollSemantics#52315 relayoutBoundary=up5 NEEDS-PAINT NEEDS-COMPOSITING-BITS-UPDATE
      child: RenderPointerListener#83ab1 relayoutBoundary=up6 NEEDS-PAINT NEEDS-COMPOSITING-BITS-UPDATE
        child: RenderSemanticsGestureHandler#d448a relayoutBoundary=up7 NEEDS-PAINT NEEDS-COMPOSITING-BITS-UPDATE
          child: RenderPointerListener#dcd35 relayoutBoundary=up8 NEEDS-PAINT NEEDS-COMPOSITING-BITS-UPDATE
            child: RenderSemanticsAnnotations#87a0f relayoutBoundary=up9 NEEDS-PAINT NEEDS-COMPOSITING-BITS-UPDATE
ΓòÉΓòÉΓòÉΓòÉΓòÉΓòÉΓòÉΓòÉΓòÉΓòÉΓòÉΓòÉΓòÉΓòÉΓòÉΓòÉΓòÉΓòÉΓòÉΓòÉΓòÉΓòÉΓòÉΓòÉΓòÉΓòÉΓòÉΓòÉΓòÉΓòÉΓòÉΓòÉΓòÉΓòÉΓòÉΓòÉΓòÉΓòÉΓòÉΓòÉΓòÉΓòÉΓòÉΓòÉΓòÉΓòÉΓòÉΓòÉΓòÉΓòÉΓòÉΓòÉΓòÉΓòÉΓòÉΓòÉΓòÉΓòÉΓòÉΓòÉΓòÉΓòÉΓòÉΓòÉΓòÉΓòÉΓòÉΓòÉΓòÉΓòÉΓòÉΓòÉΓòÉΓòÉΓòÉΓòÉΓòÉΓòÉΓòÉΓòÉΓòÉΓòÉΓòÉΓòÉΓòÉΓòÉΓòÉΓòÉΓòÉΓòÉΓòÉΓòÉΓòÉΓòÉΓòÉΓòÉΓòÉΓòÉΓòÉΓòÉ
ΓòÉΓòÉΓòí EXCEPTION CAUGHT BY RENDERING LIBRARY Γò₧ΓòÉΓòÉΓòÉΓòÉΓòÉΓòÉΓòÉΓòÉΓòÉΓòÉΓòÉΓòÉΓòÉΓòÉΓòÉΓòÉΓòÉΓòÉΓòÉΓòÉΓòÉΓòÉΓòÉΓòÉΓòÉΓòÉΓòÉΓòÉΓòÉΓòÉΓòÉΓòÉΓòÉΓòÉΓòÉΓòÉΓòÉΓòÉΓòÉΓòÉΓòÉΓòÉΓòÉΓòÉΓòÉΓòÉΓòÉΓòÉΓòÉΓòÉΓòÉΓòÉΓòÉΓòÉΓòÉΓòÉΓòÉ
The following assertion was thrown during performLayout():
RenderBox was not laid out: RenderTransform#54a7e relayoutBoundary=up4 NEEDS-PAINT
NEEDS-COMPOSITING-BITS-UPDATE
'package:flutter/src/rendering/box.dart':
Failed assertion: line 2251 pos 12: 'hasSize'

Either the assertion indicates an error in the framework itself, or we should provide substantially
more information in this error message to help you determine and fix the underlying cause.
In either case, please report this assertion by filing a bug on GitHub:
  https://github.com/flutter/flutter/issues/new?template=02_bug.yml

The relevant error-causing widget was:
  SingleChildScrollView
  SingleChildScrollView:file:///C:/Users/bhara/StudioProjects/simple_billing_app/lib/views/screens/billing_screen.dart:240:14

When the exception was thrown, this was the stack:
#2      RenderBox.size (package:flutter/src/rendering/box.dart:2251:12)
#3      RenderProxyBoxMixin.performLayout (package:flutter/src/rendering/proxy_box.dart:118:62)
#4      _RenderCustomClip.performLayout (package:flutter/src/rendering/proxy_box.dart:1549:11)
#5      RenderObject.layout (package:flutter/src/rendering/object.dart:2768:7)
#6      RenderPadding.performLayout (package:flutter/src/rendering/shifted_box.dart:262:12)
#7      RenderObject.layout (package:flutter/src/rendering/object.dart:2768:7)
#8      _RenderLayoutBuilder.performLayout (package:flutter/src/widgets/layout_builder.dart:449:14)
#9      RenderObject.layout (package:flutter/src/rendering/object.dart:2768:7)
#10     MultiChildLayoutDelegate.layoutChild (package:flutter/src/rendering/custom_layout.dart:180:12)
#11     _ScaffoldLayout.performLayout (package:flutter/src/material/scaffold.dart:1113:7)
#12     MultiChildLayoutDelegate._callPerformLayout (package:flutter/src/rendering/custom_layout.dart:246:7)
#13     RenderCustomMultiChildLayoutBox.performLayout (package:flutter/src/rendering/custom_layout.dart:417:14)
#14     RenderObject.layout (package:flutter/src/rendering/object.dart:2768:7)
#15     RenderProxyBoxMixin.performLayout (package:flutter/src/rendering/proxy_box.dart:118:18)
#16     RenderObject.layout (package:flutter/src/rendering/object.dart:2768:7)
#17     RenderProxyBoxMixin.performLayout (package:flutter/src/rendering/proxy_box.dart:118:18)
#18     _RenderCustomClip.performLayout (package:flutter/src/rendering/proxy_box.dart:1549:11)
#19     RenderObject.layout (package:flutter/src/rendering/object.dart:2768:7)
#20     RenderProxyBoxMixin.performLayout (package:flutter/src/rendering/proxy_box.dart:118:18)
#21     RenderObject.layout (package:flutter/src/rendering/object.dart:2768:7)
#22     RenderProxyBoxMixin.performLayout (package:flutter/src/rendering/proxy_box.dart:118:18)
#23     RenderObject.layout (package:flutter/src/rendering/object.dart:2768:7)
#24     RenderProxyBoxMixin.performLayout (package:flutter/src/rendering/proxy_box.dart:118:18)
#25     RenderObject.layout (package:flutter/src/rendering/object.dart:2768:7)
#26     RenderProxyBoxMixin.performLayout (package:flutter/src/rendering/proxy_box.dart:118:18)
#27     RenderObject.layout (package:flutter/src/rendering/object.dart:2768:7)
#28     RenderProxyBoxMixin.performLayout (package:flutter/src/rendering/proxy_box.dart:118:18)
#29     RenderObject.layout (package:flutter/src/rendering/object.dart:2768:7)
#30     RenderProxyBoxMixin.performLayout (package:flutter/src/rendering/proxy_box.dart:118:18)
#31     RenderObject.layout (package:flutter/src/rendering/object.dart:2768:7)
#32     RenderProxyBoxMixin.performLayout (package:flutter/src/rendering/proxy_box.dart:118:18)
#33     RenderObject.layout (package:flutter/src/rendering/object.dart:2768:7)
#34     RenderProxyBoxMixin.performLayout (package:flutter/src/rendering/proxy_box.dart:118:18)
#35     RenderObject.layout (package:flutter/src/rendering/object.dart:2768:7)
#36     RenderProxyBoxMixin.performLayout (package:flutter/src/rendering/proxy_box.dart:118:18)
#37     RenderObject.layout (package:flutter/src/rendering/object.dart:2768:7)
#38     RenderProxyBoxMixin.performLayout (package:flutter/src/rendering/proxy_box.dart:118:18)
#39     RenderObject.layout (package:flutter/src/rendering/object.dart:2768:7)
#40     RenderProxyBoxMixin.performLayout (package:flutter/src/rendering/proxy_box.dart:118:18)
#41     RenderObject.layout (package:flutter/src/rendering/object.dart:2768:7)
#42     RenderProxyBoxMixin.performLayout (package:flutter/src/rendering/proxy_box.dart:118:18)
#43     RenderObject.layout (package:flutter/src/rendering/object.dart:2768:7)
#44     RenderProxyBoxMixin.performLayout (package:flutter/src/rendering/proxy_box.dart:118:18)
#45     RenderObject.layout (package:flutter/src/rendering/object.dart:2768:7)
#46     RenderProxyBoxMixin.performLayout (package:flutter/src/rendering/proxy_box.dart:118:18)
#47     RenderObject.layout (package:flutter/src/rendering/object.dart:2768:7)
#48     RenderProxyBoxMixin.performLayout (package:flutter/src/rendering/proxy_box.dart:118:18)
#49     RenderObject.layout (package:flutter/src/rendering/object.dart:2768:7)
#50     RenderProxyBoxMixin.performLayout (package:flutter/src/rendering/proxy_box.dart:118:18)
#51     RenderOffstage.performLayout (package:flutter/src/rendering/proxy_box.dart:3923:13)
#52     RenderObject.layout (package:flutter/src/rendering/object.dart:2768:7)
#53     RenderProxyBoxMixin.performLayout (package:flutter/src/rendering/proxy_box.dart:118:18)
#54     RenderObject.layout (package:flutter/src/rendering/object.dart:2768:7)
#55     _RenderTheaterMixin.layoutChild (package:flutter/src/widgets/overlay.dart:1084:13)
#56     _RenderTheater.performLayout (package:flutter/src/widgets/overlay.dart:1429:9)
#57     RenderObject.layout (package:flutter/src/rendering/object.dart:2768:7)
#58     RenderProxyBoxMixin.performLayout (package:flutter/src/rendering/proxy_box.dart:118:18)
#59     RenderObject.layout (package:flutter/src/rendering/object.dart:2768:7)
#60     RenderProxyBoxMixin.performLayout (package:flutter/src/rendering/proxy_box.dart:118:18)
#61     RenderObject.layout (package:flutter/src/rendering/object.dart:2768:7)
#62     RenderProxyBoxMixin.performLayout (package:flutter/src/rendering/proxy_box.dart:118:18)
#63     RenderObject.layout (package:flutter/src/rendering/object.dart:2768:7)
#64     RenderProxyBoxMixin.performLayout (package:flutter/src/rendering/proxy_box.dart:118:18)
#65     RenderCustomPaint.performLayout (package:flutter/src/rendering/custom_paint.dart:574:11)
#66     RenderObject.layout (package:flutter/src/rendering/object.dart:2768:7)
#67     RenderProxyBoxMixin.performLayout (package:flutter/src/rendering/proxy_box.dart:118:18)
#68     RenderObject.layout (package:flutter/src/rendering/object.dart:2768:7)
#69     RenderProxyBoxMixin.performLayout (package:flutter/src/rendering/proxy_box.dart:118:18)
#70     RenderObject.layout (package:flutter/src/rendering/object.dart:2768:7)
#71     RenderProxyBoxMixin.performLayout (package:flutter/src/rendering/proxy_box.dart:118:18)
#72     RenderObject.layout (package:flutter/src/rendering/object.dart:2768:7)
#73     RenderProxyBoxMixin.performLayout (package:flutter/src/rendering/proxy_box.dart:118:18)
#74     RenderObject.layout (package:flutter/src/rendering/object.dart:2768:7)
#75     RenderProxyBoxMixin.performLayout (package:flutter/src/rendering/proxy_box.dart:118:18)
#76     RenderObject.layout (package:flutter/src/rendering/object.dart:2768:7)
#77     RenderProxyBoxMixin.performLayout (package:flutter/src/rendering/proxy_box.dart:118:18)
#78     RenderObject.layout (package:flutter/src/rendering/object.dart:2768:7)
#79     RenderView.performLayout (package:flutter/src/rendering/view.dart:292:12)
#80     RenderObject._layoutWithoutResize (package:flutter/src/rendering/object.dart:2616:7)
#81     PipelineOwner.flushLayout (package:flutter/src/rendering/object.dart:1174:18)
#82     PipelineOwner.flushLayout (package:flutter/src/rendering/object.dart:1187:15)
#83     AutomatedTestWidgetsFlutterBinding.drawFrame (package:flutter_test/src/binding.dart:2133:27)
#84     RendererBinding._handlePersistentFrameCallback (package:flutter/src/rendering/binding.dart:495:5)
#85     SchedulerBinding._invokeFrameCallback (package:flutter/src/scheduler/binding.dart:1430:15)
#86     SchedulerBinding.handleDrawFrame (package:flutter/src/scheduler/binding.dart:1345:9)
#87     AutomatedTestWidgetsFlutterBinding.pump.<anonymous closure> (package:flutter_test/src/binding.dart:1960:9)
#90     TestAsyncUtils.guard (package:flutter_test/src/test_async_utils.dart:74:41)
#91     AutomatedTestWidgetsFlutterBinding.pump (package:flutter_test/src/binding.dart:1949:27)
#92     WidgetTester.pumpWidget.<anonymous closure> (package:flutter_test/src/widget_tester.dart:598:22)
#95     TestAsyncUtils.guard (package:flutter_test/src/test_async_utils.dart:74:41)
#96     WidgetTester.pumpWidget (package:flutter_test/src/widget_tester.dart:595:27)
#97     main.<anonymous closure>.<anonymous closure> (file:///C:/Users/bhara/StudioProjects/simple_billing_app/test/widget/billing_screen_test.dart:28:20)
#98     testWidgets.<anonymous closure>.<anonymous closure> (package:flutter_test/src/widget_tester.dart:192:29)
<asynchronous suspension>
#99     TestWidgetsFlutterBinding._runTestBody (package:flutter_test/src/binding.dart:1682:5)
<asynchronous suspension>
<asynchronous suspension>
(elided 7 frames from class _AssertionError, dart:async, and package:stack_trace)

The following RenderObject was being processed when the exception was fired: RenderClipRect#79b5b relayoutBoundary=up3 NEEDS-LAYOUT NEEDS-PAINT NEEDS-COMPOSITING-BITS-UPDATE:
  creator: ClipRect ΓåÉ AnimatedBuilder ΓåÉ NotificationListener<ScrollNotification> ΓåÉ
    StretchingOverscrollIndicator ΓåÉ Scrollable ΓåÉ PrimaryScrollController ΓåÉ SingleChildScrollView ΓåÉ
    Padding ΓåÉ LayoutBuilder ΓåÉ KeyedSubtree-[GlobalKey#e7fb4] ΓåÉ _BodyBuilder ΓåÉ MediaQuery ΓåÉ Γï»
  parentData: offset=Offset(0.0, 0.0) (can use size)
  constraints: BoxConstraints(0.0<=w<=1136.0, 0.0<=h<=613.0)
  size: MISSING
This RenderObject had the following descendants (showing up to depth 5):
    child: RenderTransform#54a7e relayoutBoundary=up4 NEEDS-PAINT NEEDS-COMPOSITING-BITS-UPDATE
      child: _RenderScrollSemantics#52315 relayoutBoundary=up5 NEEDS-PAINT NEEDS-COMPOSITING-BITS-UPDATE
        child: RenderPointerListener#83ab1 relayoutBoundary=up6 NEEDS-PAINT NEEDS-COMPOSITING-BITS-UPDATE
          child: RenderSemanticsGestureHandler#d448a relayoutBoundary=up7 NEEDS-PAINT NEEDS-COMPOSITING-BITS-UPDATE
            child: RenderPointerListener#dcd35 relayoutBoundary=up8 NEEDS-PAINT NEEDS-COMPOSITING-BITS-UPDATE
ΓòÉΓòÉΓòÉΓòÉΓòÉΓòÉΓòÉΓòÉΓòÉΓòÉΓòÉΓòÉΓòÉΓòÉΓòÉΓòÉΓòÉΓòÉΓòÉΓòÉΓòÉΓòÉΓòÉΓòÉΓòÉΓòÉΓòÉΓòÉΓòÉΓòÉΓòÉΓòÉΓòÉΓòÉΓòÉΓòÉΓòÉΓòÉΓòÉΓòÉΓòÉΓòÉΓòÉΓòÉΓòÉΓòÉΓòÉΓòÉΓòÉΓòÉΓòÉΓòÉΓòÉΓòÉΓòÉΓòÉΓòÉΓòÉΓòÉΓòÉΓòÉΓòÉΓòÉΓòÉΓòÉΓòÉΓòÉΓòÉΓòÉΓòÉΓòÉΓòÉΓòÉΓòÉΓòÉΓòÉΓòÉΓòÉΓòÉΓòÉΓòÉΓòÉΓòÉΓòÉΓòÉΓòÉΓòÉΓòÉΓòÉΓòÉΓòÉΓòÉΓòÉΓòÉΓòÉΓòÉΓòÉΓòÉΓòÉΓòÉ
ΓòÉΓòÉΓòí EXCEPTION CAUGHT BY RENDERING LIBRARY Γò₧ΓòÉΓòÉΓòÉΓòÉΓòÉΓòÉΓòÉΓòÉΓòÉΓòÉΓòÉΓòÉΓòÉΓòÉΓòÉΓòÉΓòÉΓòÉΓòÉΓòÉΓòÉΓòÉΓòÉΓòÉΓòÉΓòÉΓòÉΓòÉΓòÉΓòÉΓòÉΓòÉΓòÉΓòÉΓòÉΓòÉΓòÉΓòÉΓòÉΓòÉΓòÉΓòÉΓòÉΓòÉΓòÉΓòÉΓòÉΓòÉΓòÉΓòÉΓòÉΓòÉΓòÉΓòÉΓòÉΓòÉΓòÉ
The following assertion was thrown during performLayout():
RenderBox was not laid out: RenderClipRect#79b5b relayoutBoundary=up3 NEEDS-PAINT
NEEDS-COMPOSITING-BITS-UPDATE
'package:flutter/src/rendering/box.dart':
Failed assertion: line 2251 pos 12: 'hasSize'

Either the assertion indicates an error in the framework itself, or we should provide substantially
more information in this error message to help you determine and fix the underlying cause.
In either case, please report this assertion by filing a bug on GitHub:
  https://github.com/flutter/flutter/issues/new?template=02_bug.yml

The relevant error-causing widget was:
  Padding
  Padding:file:///C:/Users/bhara/StudioProjects/simple_billing_app/lib/views/screens/billing_screen.dart:238:12

When the exception was thrown, this was the stack:
#2      RenderBox.size (package:flutter/src/rendering/box.dart:2251:12)
#3      RenderPadding.performLayout (package:flutter/src/rendering/shifted_box.dart:266:40)
#4      RenderObject.layout (package:flutter/src/rendering/object.dart:2768:7)
#5      _RenderLayoutBuilder.performLayout (package:flutter/src/widgets/layout_builder.dart:449:14)
#6      RenderObject.layout (package:flutter/src/rendering/object.dart:2768:7)
#7      MultiChildLayoutDelegate.layoutChild (package:flutter/src/rendering/custom_layout.dart:180:12)
#8      _ScaffoldLayout.performLayout (package:flutter/src/material/scaffold.dart:1113:7)
#9      MultiChildLayoutDelegate._callPerformLayout (package:flutter/src/rendering/custom_layout.dart:246:7)
#10     RenderCustomMultiChildLayoutBox.performLayout (package:flutter/src/rendering/custom_layout.dart:417:14)
#11     RenderObject.layout (package:flutter/src/rendering/object.dart:2768:7)
#12     RenderProxyBoxMixin.performLayout (package:flutter/src/rendering/proxy_box.dart:118:18)
#13     RenderObject.layout (package:flutter/src/rendering/object.dart:2768:7)
#14     RenderProxyBoxMixin.performLayout (package:flutter/src/rendering/proxy_box.dart:118:18)
#15     _RenderCustomClip.performLayout (package:flutter/src/rendering/proxy_box.dart:1549:11)
#16     RenderObject.layout (package:flutter/src/rendering/object.dart:2768:7)
#17     RenderProxyBoxMixin.performLayout (package:flutter/src/rendering/proxy_box.dart:118:18)
#18     RenderObject.layout (package:flutter/src/rendering/object.dart:2768:7)
#19     RenderProxyBoxMixin.performLayout (package:flutter/src/rendering/proxy_box.dart:118:18)
#20     RenderObject.layout (package:flutter/src/rendering/object.dart:2768:7)
#21     RenderProxyBoxMixin.performLayout (package:flutter/src/rendering/proxy_box.dart:118:18)
#22     RenderObject.layout (package:flutter/src/rendering/object.dart:2768:7)
#23     RenderProxyBoxMixin.performLayout (package:flutter/src/rendering/proxy_box.dart:118:18)
#24     RenderObject.layout (package:flutter/src/rendering/object.dart:2768:7)
#25     RenderProxyBoxMixin.performLayout (package:flutter/src/rendering/proxy_box.dart:118:18)
#26     RenderObject.layout (package:flutter/src/rendering/object.dart:2768:7)
#27     RenderProxyBoxMixin.performLayout (package:flutter/src/rendering/proxy_box.dart:118:18)
#28     RenderObject.layout (package:flutter/src/rendering/object.dart:2768:7)
#29     RenderProxyBoxMixin.performLayout (package:flutter/src/rendering/proxy_box.dart:118:18)
#30     RenderObject.layout (package:flutter/src/rendering/object.dart:2768:7)
#31     RenderProxyBoxMixin.performLayout (package:flutter/src/rendering/proxy_box.dart:118:18)
#32     RenderObject.layout (package:flutter/src/rendering/object.dart:2768:7)
#33     RenderProxyBoxMixin.performLayout (package:flutter/src/rendering/proxy_box.dart:118:18)
#34     RenderObject.layout (package:flutter/src/rendering/object.dart:2768:7)
#35     RenderProxyBoxMixin.performLayout (package:flutter/src/rendering/proxy_box.dart:118:18)
#36     RenderObject.layout (package:flutter/src/rendering/object.dart:2768:7)
#37     RenderProxyBoxMixin.performLayout (package:flutter/src/rendering/proxy_box.dart:118:18)
#38     RenderObject.layout (package:flutter/src/rendering/object.dart:2768:7)
#39     RenderProxyBoxMixin.performLayout (package:flutter/src/rendering/proxy_box.dart:118:18)
#40     RenderObject.layout (package:flutter/src/rendering/object.dart:2768:7)
#41     RenderProxyBoxMixin.performLayout (package:flutter/src/rendering/proxy_box.dart:118:18)
#42     RenderObject.layout (package:flutter/src/rendering/object.dart:2768:7)
#43     RenderProxyBoxMixin.performLayout (package:flutter/src/rendering/proxy_box.dart:118:18)
#44     RenderObject.layout (package:flutter/src/rendering/object.dart:2768:7)
#45     RenderProxyBoxMixin.performLayout (package:flutter/src/rendering/proxy_box.dart:118:18)
#46     RenderObject.layout (package:flutter/src/rendering/object.dart:2768:7)
#47     RenderProxyBoxMixin.performLayout (package:flutter/src/rendering/proxy_box.dart:118:18)
#48     RenderOffstage.performLayout (package:flutter/src/rendering/proxy_box.dart:3923:13)
#49     RenderObject.layout (package:flutter/src/rendering/object.dart:2768:7)
#50     RenderProxyBoxMixin.performLayout (package:flutter/src/rendering/proxy_box.dart:118:18)
#51     RenderObject.layout (package:flutter/src/rendering/object.dart:2768:7)
#52     _RenderTheaterMixin.layoutChild (package:flutter/src/widgets/overlay.dart:1084:13)
#53     _RenderTheater.performLayout (package:flutter/src/widgets/overlay.dart:1429:9)
#54     RenderObject.layout (package:flutter/src/rendering/object.dart:2768:7)
#55     RenderProxyBoxMixin.performLayout (package:flutter/src/rendering/proxy_box.dart:118:18)
#56     RenderObject.layout (package:flutter/src/rendering/object.dart:2768:7)
#57     RenderProxyBoxMixin.performLayout (package:flutter/src/rendering/proxy_box.dart:118:18)
#58     RenderObject.layout (package:flutter/src/rendering/object.dart:2768:7)
#59     RenderProxyBoxMixin.performLayout (package:flutter/src/rendering/proxy_box.dart:118:18)
#60     RenderObject.layout (package:flutter/src/rendering/object.dart:2768:7)
#61     RenderProxyBoxMixin.performLayout (package:flutter/src/rendering/proxy_box.dart:118:18)
#62     RenderCustomPaint.performLayout (package:flutter/src/rendering/custom_paint.dart:574:11)
#63     RenderObject.layout (package:flutter/src/rendering/object.dart:2768:7)
#64     RenderProxyBoxMixin.performLayout (package:flutter/src/rendering/proxy_box.dart:118:18)
#65     RenderObject.layout (package:flutter/src/rendering/object.dart:2768:7)
#66     RenderProxyBoxMixin.performLayout (package:flutter/src/rendering/proxy_box.dart:118:18)
#67     RenderObject.layout (package:flutter/src/rendering/object.dart:2768:7)
#68     RenderProxyBoxMixin.performLayout (package:flutter/src/rendering/proxy_box.dart:118:18)
#69     RenderObject.layout (package:flutter/src/rendering/object.dart:2768:7)
#70     RenderProxyBoxMixin.performLayout (package:flutter/src/rendering/proxy_box.dart:118:18)
#71     RenderObject.layout (package:flutter/src/rendering/object.dart:2768:7)
#72     RenderProxyBoxMixin.performLayout (package:flutter/src/rendering/proxy_box.dart:118:18)
#73     RenderObject.layout (package:flutter/src/rendering/object.dart:2768:7)
#74     RenderProxyBoxMixin.performLayout (package:flutter/src/rendering/proxy_box.dart:118:18)
#75     RenderObject.layout (package:flutter/src/rendering/object.dart:2768:7)
#76     RenderView.performLayout (package:flutter/src/rendering/view.dart:292:12)
#77     RenderObject._layoutWithoutResize (package:flutter/src/rendering/object.dart:2616:7)
#78     PipelineOwner.flushLayout (package:flutter/src/rendering/object.dart:1174:18)
#79     PipelineOwner.flushLayout (package:flutter/src/rendering/object.dart:1187:15)
#80     AutomatedTestWidgetsFlutterBinding.drawFrame (package:flutter_test/src/binding.dart:2133:27)
#81     RendererBinding._handlePersistentFrameCallback (package:flutter/src/rendering/binding.dart:495:5)
#82     SchedulerBinding._invokeFrameCallback (package:flutter/src/scheduler/binding.dart:1430:15)
#83     SchedulerBinding.handleDrawFrame (package:flutter/src/scheduler/binding.dart:1345:9)
#84     AutomatedTestWidgetsFlutterBinding.pump.<anonymous closure> (package:flutter_test/src/binding.dart:1960:9)
#87     TestAsyncUtils.guard (package:flutter_test/src/test_async_utils.dart:74:41)
#88     AutomatedTestWidgetsFlutterBinding.pump (package:flutter_test/src/binding.dart:1949:27)
#89     WidgetTester.pumpWidget.<anonymous closure> (package:flutter_test/src/widget_tester.dart:598:22)
#92     TestAsyncUtils.guard (package:flutter_test/src/test_async_utils.dart:74:41)
#93     WidgetTester.pumpWidget (package:flutter_test/src/widget_tester.dart:595:27)
#94     main.<anonymous closure>.<anonymous closure> (file:///C:/Users/bhara/StudioProjects/simple_billing_app/test/widget/billing_screen_test.dart:28:20)
#95     testWidgets.<anonymous closure>.<anonymous closure> (package:flutter_test/src/widget_tester.dart:192:29)
<asynchronous suspension>
#96     TestWidgetsFlutterBinding._runTestBody (package:flutter_test/src/binding.dart:1682:5)
<asynchronous suspension>
<asynchronous suspension>
(elided 7 frames from class _AssertionError, dart:async, and package:stack_trace)

The following RenderObject was being processed when the exception was fired: RenderPadding#780d3 relayoutBoundary=up2 NEEDS-LAYOUT NEEDS-PAINT NEEDS-COMPOSITING-BITS-UPDATE:
  creator: Padding ΓåÉ LayoutBuilder ΓåÉ KeyedSubtree-[GlobalKey#e7fb4] ΓåÉ _BodyBuilder ΓåÉ MediaQuery ΓåÉ
    LayoutId-[<_ScaffoldSlot.body>] ΓåÉ CustomMultiChildLayout ΓåÉ _ActionsScope ΓåÉ Actions ΓåÉ
    AnimatedBuilder ΓåÉ DefaultTextStyle ΓåÉ AnimatedDefaultTextStyle ΓåÉ Γï»
  parentData: offset=Offset(0.0, 0.0) (can use size)
  constraints: BoxConstraints(0.0<=w<=1200.0, 0.0<=h<=677.0)
  size: MISSING
  padding: EdgeInsets.all(32.0)
  textDirection: ltr
This RenderObject had the following descendants (showing up to depth 5):
    child: RenderClipRect#79b5b relayoutBoundary=up3 NEEDS-PAINT NEEDS-COMPOSITING-BITS-UPDATE
      child: RenderTransform#54a7e relayoutBoundary=up4 NEEDS-PAINT NEEDS-COMPOSITING-BITS-UPDATE
        child: _RenderScrollSemantics#52315 relayoutBoundary=up5 NEEDS-PAINT NEEDS-COMPOSITING-BITS-UPDATE
          child: RenderPointerListener#83ab1 relayoutBoundary=up6 NEEDS-PAINT NEEDS-COMPOSITING-BITS-UPDATE
            child: RenderSemanticsGestureHandler#d448a relayoutBoundary=up7 NEEDS-PAINT NEEDS-COMPOSITING-BITS-UPDATE
ΓòÉΓòÉΓòÉΓòÉΓòÉΓòÉΓòÉΓòÉΓòÉΓòÉΓòÉΓòÉΓòÉΓòÉΓòÉΓòÉΓòÉΓòÉΓòÉΓòÉΓòÉΓòÉΓòÉΓòÉΓòÉΓòÉΓòÉΓòÉΓòÉΓòÉΓòÉΓòÉΓòÉΓòÉΓòÉΓòÉΓòÉΓòÉΓòÉΓòÉΓòÉΓòÉΓòÉΓòÉΓòÉΓòÉΓòÉΓòÉΓòÉΓòÉΓòÉΓòÉΓòÉΓòÉΓòÉΓòÉΓòÉΓòÉΓòÉΓòÉΓòÉΓòÉΓòÉΓòÉΓòÉΓòÉΓòÉΓòÉΓòÉΓòÉΓòÉΓòÉΓòÉΓòÉΓòÉΓòÉΓòÉΓòÉΓòÉΓòÉΓòÉΓòÉΓòÉΓòÉΓòÉΓòÉΓòÉΓòÉΓòÉΓòÉΓòÉΓòÉΓòÉΓòÉΓòÉΓòÉΓòÉΓòÉΓòÉΓòÉ
ΓòÉΓòÉΓòí EXCEPTION CAUGHT BY RENDERING LIBRARY Γò₧ΓòÉΓòÉΓòÉΓòÉΓòÉΓòÉΓòÉΓòÉΓòÉΓòÉΓòÉΓòÉΓòÉΓòÉΓòÉΓòÉΓòÉΓòÉΓòÉΓòÉΓòÉΓòÉΓòÉΓòÉΓòÉΓòÉΓòÉΓòÉΓòÉΓòÉΓòÉΓòÉΓòÉΓòÉΓòÉΓòÉΓòÉΓòÉΓòÉΓòÉΓòÉΓòÉΓòÉΓòÉΓòÉΓòÉΓòÉΓòÉΓòÉΓòÉΓòÉΓòÉΓòÉΓòÉΓòÉΓòÉΓòÉ
The following assertion was thrown during performLayout():
RenderBox was not laid out: RenderPadding#780d3 relayoutBoundary=up2 NEEDS-PAINT
NEEDS-COMPOSITING-BITS-UPDATE
'package:flutter/src/rendering/box.dart':
Failed assertion: line 2251 pos 12: 'hasSize'

Either the assertion indicates an error in the framework itself, or we should provide substantially
more information in this error message to help you determine and fix the underlying cause.
In either case, please report this assertion by filing a bug on GitHub:
  https://github.com/flutter/flutter/issues/new?template=02_bug.yml

The relevant error-causing widget was:
  LayoutBuilder
  LayoutBuilder:file:///C:/Users/bhara/StudioProjects/simple_billing_app/lib/views/screens/billing_screen.dart:225:14

When the exception was thrown, this was the stack:
#2      RenderBox.size (package:flutter/src/rendering/box.dart:2251:12)
#3      _RenderLayoutBuilder.performLayout (package:flutter/src/widgets/layout_builder.dart:450:43)
#4      RenderObject.layout (package:flutter/src/rendering/object.dart:2768:7)
#5      MultiChildLayoutDelegate.layoutChild (package:flutter/src/rendering/custom_layout.dart:180:12)
#6      _ScaffoldLayout.performLayout (package:flutter/src/material/scaffold.dart:1113:7)
#7      MultiChildLayoutDelegate._callPerformLayout (package:flutter/src/rendering/custom_layout.dart:246:7)
#8      RenderCustomMultiChildLayoutBox.performLayout (package:flutter/src/rendering/custom_layout.dart:417:14)
#9      RenderObject.layout (package:flutter/src/rendering/object.dart:2768:7)
#10     RenderProxyBoxMixin.performLayout (package:flutter/src/rendering/proxy_box.dart:118:18)
#11     RenderObject.layout (package:flutter/src/rendering/object.dart:2768:7)
#12     RenderProxyBoxMixin.performLayout (package:flutter/src/rendering/proxy_box.dart:118:18)
#13     _RenderCustomClip.performLayout (package:flutter/src/rendering/proxy_box.dart:1549:11)
#14     RenderObject.layout (package:flutter/src/rendering/object.dart:2768:7)
#15     RenderProxyBoxMixin.performLayout (package:flutter/src/rendering/proxy_box.dart:118:18)
#16     RenderObject.layout (package:flutter/src/rendering/object.dart:2768:7)
#17     RenderProxyBoxMixin.performLayout (package:flutter/src/rendering/proxy_box.dart:118:18)
#18     RenderObject.layout (package:flutter/src/rendering/object.dart:2768:7)
#19     RenderProxyBoxMixin.performLayout (package:flutter/src/rendering/proxy_box.dart:118:18)
#20     RenderObject.layout (package:flutter/src/rendering/object.dart:2768:7)
#21     RenderProxyBoxMixin.performLayout (package:flutter/src/rendering/proxy_box.dart:118:18)
#22     RenderObject.layout (package:flutter/src/rendering/object.dart:2768:7)
#23     RenderProxyBoxMixin.performLayout (package:flutter/src/rendering/proxy_box.dart:118:18)
#24     RenderObject.layout (package:flutter/src/rendering/object.dart:2768:7)
#25     RenderProxyBoxMixin.performLayout (package:flutter/src/rendering/proxy_box.dart:118:18)
#26     RenderObject.layout (package:flutter/src/rendering/object.dart:2768:7)
#27     RenderProxyBoxMixin.performLayout (package:flutter/src/rendering/proxy_box.dart:118:18)
#28     RenderObject.layout (package:flutter/src/rendering/object.dart:2768:7)
#29     RenderProxyBoxMixin.performLayout (package:flutter/src/rendering/proxy_box.dart:118:18)
#30     RenderObject.layout (package:flutter/src/rendering/object.dart:2768:7)
#31     RenderProxyBoxMixin.performLayout (package:flutter/src/rendering/proxy_box.dart:118:18)
#32     RenderObject.layout (package:flutter/src/rendering/object.dart:2768:7)
#33     RenderProxyBoxMixin.performLayout (package:flutter/src/rendering/proxy_box.dart:118:18)
#34     RenderObject.layout (package:flutter/src/rendering/object.dart:2768:7)
#35     RenderProxyBoxMixin.performLayout (package:flutter/src/rendering/proxy_box.dart:118:18)
#36     RenderObject.layout (package:flutter/src/rendering/object.dart:2768:7)
#37     RenderProxyBoxMixin.performLayout (package:flutter/src/rendering/proxy_box.dart:118:18)
#38     RenderObject.layout (package:flutter/src/rendering/object.dart:2768:7)
#39     RenderProxyBoxMixin.performLayout (package:flutter/src/rendering/proxy_box.dart:118:18)
#40     RenderObject.layout (package:flutter/src/rendering/object.dart:2768:7)
#41     RenderProxyBoxMixin.performLayout (package:flutter/src/rendering/proxy_box.dart:118:18)
#42     RenderObject.layout (package:flutter/src/rendering/object.dart:2768:7)
#43     RenderProxyBoxMixin.performLayout (package:flutter/src/rendering/proxy_box.dart:118:18)
#44     RenderObject.layout (package:flutter/src/rendering/object.dart:2768:7)
#45     RenderProxyBoxMixin.performLayout (package:flutter/src/rendering/proxy_box.dart:118:18)
#46     RenderOffstage.performLayout (package:flutter/src/rendering/proxy_box.dart:3923:13)
#47     RenderObject.layout (package:flutter/src/rendering/object.dart:2768:7)
#48     RenderProxyBoxMixin.performLayout (package:flutter/src/rendering/proxy_box.dart:118:18)
#49     RenderObject.layout (package:flutter/src/rendering/object.dart:2768:7)
#50     _RenderTheaterMixin.layoutChild (package:flutter/src/widgets/overlay.dart:1084:13)
#51     _RenderTheater.performLayout (package:flutter/src/widgets/overlay.dart:1429:9)
#52     RenderObject.layout (package:flutter/src/rendering/object.dart:2768:7)
#53     RenderProxyBoxMixin.performLayout (package:flutter/src/rendering/proxy_box.dart:118:18)
#54     RenderObject.layout (package:flutter/src/rendering/object.dart:2768:7)
#55     RenderProxyBoxMixin.performLayout (package:flutter/src/rendering/proxy_box.dart:118:18)
#56     RenderObject.layout (package:flutter/src/rendering/object.dart:2768:7)
#57     RenderProxyBoxMixin.performLayout (package:flutter/src/rendering/proxy_box.dart:118:18)
#58     RenderObject.layout (package:flutter/src/rendering/object.dart:2768:7)
#59     RenderProxyBoxMixin.performLayout (package:flutter/src/rendering/proxy_box.dart:118:18)
#60     RenderCustomPaint.performLayout (package:flutter/src/rendering/custom_paint.dart:574:11)
#61     RenderObject.layout (package:flutter/src/rendering/object.dart:2768:7)
#62     RenderProxyBoxMixin.performLayout (package:flutter/src/rendering/proxy_box.dart:118:18)
#63     RenderObject.layout (package:flutter/src/rendering/object.dart:2768:7)
#64     RenderProxyBoxMixin.performLayout (package:flutter/src/rendering/proxy_box.dart:118:18)
#65     RenderObject.layout (package:flutter/src/rendering/object.dart:2768:7)
#66     RenderProxyBoxMixin.performLayout (package:flutter/src/rendering/proxy_box.dart:118:18)
#67     RenderObject.layout (package:flutter/src/rendering/object.dart:2768:7)
#68     RenderProxyBoxMixin.performLayout (package:flutter/src/rendering/proxy_box.dart:118:18)
#69     RenderObject.layout (package:flutter/src/rendering/object.dart:2768:7)
#70     RenderProxyBoxMixin.performLayout (package:flutter/src/rendering/proxy_box.dart:118:18)
#71     RenderObject.layout (package:flutter/src/rendering/object.dart:2768:7)
#72     RenderProxyBoxMixin.performLayout (package:flutter/src/rendering/proxy_box.dart:118:18)
#73     RenderObject.layout (package:flutter/src/rendering/object.dart:2768:7)
#74     RenderView.performLayout (package:flutter/src/rendering/view.dart:292:12)
#75     RenderObject._layoutWithoutResize (package:flutter/src/rendering/object.dart:2616:7)
#76     PipelineOwner.flushLayout (package:flutter/src/rendering/object.dart:1174:18)
#77     PipelineOwner.flushLayout (package:flutter/src/rendering/object.dart:1187:15)
#78     AutomatedTestWidgetsFlutterBinding.drawFrame (package:flutter_test/src/binding.dart:2133:27)
#79     RendererBinding._handlePersistentFrameCallback (package:flutter/src/rendering/binding.dart:495:5)
#80     SchedulerBinding._invokeFrameCallback (package:flutter/src/scheduler/binding.dart:1430:15)
#81     SchedulerBinding.handleDrawFrame (package:flutter/src/scheduler/binding.dart:1345:9)
#82     AutomatedTestWidgetsFlutterBinding.pump.<anonymous closure> (package:flutter_test/src/binding.dart:1960:9)
#85     TestAsyncUtils.guard (package:flutter_test/src/test_async_utils.dart:74:41)
#86     AutomatedTestWidgetsFlutterBinding.pump (package:flutter_test/src/binding.dart:1949:27)
#87     WidgetTester.pumpWidget.<anonymous closure> (package:flutter_test/src/widget_tester.dart:598:22)
#90     TestAsyncUtils.guard (package:flutter_test/src/test_async_utils.dart:74:41)
#91     WidgetTester.pumpWidget (package:flutter_test/src/widget_tester.dart:595:27)
#92     main.<anonymous closure>.<anonymous closure> (file:///C:/Users/bhara/StudioProjects/simple_billing_app/test/widget/billing_screen_test.dart:28:20)
#93     testWidgets.<anonymous closure>.<anonymous closure> (package:flutter_test/src/widget_tester.dart:192:29)
<asynchronous suspension>
#94     TestWidgetsFlutterBinding._runTestBody (package:flutter_test/src/binding.dart:1682:5)
<asynchronous suspension>
<asynchronous suspension>
(elided 7 frames from class _AssertionError, dart:async, and package:stack_trace)

The following RenderObject was being processed when the exception was fired: _RenderLayoutBuilder#5cf51 relayoutBoundary=up1 NEEDS-LAYOUT NEEDS-PAINT NEEDS-COMPOSITING-BITS-UPDATE:
  creator: LayoutBuilder ΓåÉ KeyedSubtree-[GlobalKey#e7fb4] ΓåÉ _BodyBuilder ΓåÉ MediaQuery ΓåÉ
    LayoutId-[<_ScaffoldSlot.body>] ΓåÉ CustomMultiChildLayout ΓåÉ _ActionsScope ΓåÉ Actions ΓåÉ
    AnimatedBuilder ΓåÉ DefaultTextStyle ΓåÉ AnimatedDefaultTextStyle ΓåÉ _InkFeatures-[GlobalKey#e80d6 ink
    renderer] ΓåÉ Γï»
  parentData: offset=Offset(0.0, 0.0); id=_ScaffoldSlot.body (can use size)
  constraints: BoxConstraints(0.0<=w<=1200.0, 0.0<=h<=677.0)
  size: MISSING
This RenderObject had the following descendants (showing up to depth 5):
    child: RenderPadding#780d3 relayoutBoundary=up2 NEEDS-PAINT NEEDS-COMPOSITING-BITS-UPDATE
      child: RenderClipRect#79b5b relayoutBoundary=up3 NEEDS-PAINT NEEDS-COMPOSITING-BITS-UPDATE
        child: RenderTransform#54a7e relayoutBoundary=up4 NEEDS-PAINT NEEDS-COMPOSITING-BITS-UPDATE
          child: _RenderScrollSemantics#52315 relayoutBoundary=up5 NEEDS-PAINT NEEDS-COMPOSITING-BITS-UPDATE
            child: RenderPointerListener#83ab1 relayoutBoundary=up6 NEEDS-PAINT NEEDS-COMPOSITING-BITS-UPDATE
ΓòÉΓòÉΓòÉΓòÉΓòÉΓòÉΓòÉΓòÉΓòÉΓòÉΓòÉΓòÉΓòÉΓòÉΓòÉΓòÉΓòÉΓòÉΓòÉΓòÉΓòÉΓòÉΓòÉΓòÉΓòÉΓòÉΓòÉΓòÉΓòÉΓòÉΓòÉΓòÉΓòÉΓòÉΓòÉΓòÉΓòÉΓòÉΓòÉΓòÉΓòÉΓòÉΓòÉΓòÉΓòÉΓòÉΓòÉΓòÉΓòÉΓòÉΓòÉΓòÉΓòÉΓòÉΓòÉΓòÉΓòÉΓòÉΓòÉΓòÉΓòÉΓòÉΓòÉΓòÉΓòÉΓòÉΓòÉΓòÉΓòÉΓòÉΓòÉΓòÉΓòÉΓòÉΓòÉΓòÉΓòÉΓòÉΓòÉΓòÉΓòÉΓòÉΓòÉΓòÉΓòÉΓòÉΓòÉΓòÉΓòÉΓòÉΓòÉΓòÉΓòÉΓòÉΓòÉΓòÉΓòÉΓòÉΓòÉΓòÉ
ΓòÉΓòÉΓòí EXCEPTION CAUGHT BY RENDERING LIBRARY Γò₧ΓòÉΓòÉΓòÉΓòÉΓòÉΓòÉΓòÉΓòÉΓòÉΓòÉΓòÉΓòÉΓòÉΓòÉΓòÉΓòÉΓòÉΓòÉΓòÉΓòÉΓòÉΓòÉΓòÉΓòÉΓòÉΓòÉΓòÉΓòÉΓòÉΓòÉΓòÉΓòÉΓòÉΓòÉΓòÉΓòÉΓòÉΓòÉΓòÉΓòÉΓòÉΓòÉΓòÉΓòÉΓòÉΓòÉΓòÉΓòÉΓòÉΓòÉΓòÉΓòÉΓòÉΓòÉΓòÉΓòÉΓòÉ
The following assertion was thrown during performLayout():
RenderBox was not laid out: _RenderLayoutBuilder#5cf51 relayoutBoundary=up1 NEEDS-PAINT
NEEDS-COMPOSITING-BITS-UPDATE
'package:flutter/src/rendering/box.dart':
Failed assertion: line 2251 pos 12: 'hasSize'

Either the assertion indicates an error in the framework itself, or we should provide substantially
more information in this error message to help you determine and fix the underlying cause.
In either case, please report this assertion by filing a bug on GitHub:
  https://github.com/flutter/flutter/issues/new?template=02_bug.yml

The relevant error-causing widget was:
  Scaffold
  Scaffold:file:///C:/Users/bhara/StudioProjects/simple_billing_app/lib/views/widgets/app_scaffold.dart:257:12

When the exception was thrown, this was the stack:
#2      RenderBox.size (package:flutter/src/rendering/box.dart:2251:12)
#3      MultiChildLayoutDelegate.layoutChild (package:flutter/src/rendering/custom_layout.dart:181:18)
#4      _ScaffoldLayout.performLayout (package:flutter/src/material/scaffold.dart:1113:7)
#5      MultiChildLayoutDelegate._callPerformLayout (package:flutter/src/rendering/custom_layout.dart:246:7)
#6      RenderCustomMultiChildLayoutBox.performLayout (package:flutter/src/rendering/custom_layout.dart:417:14)
#7      RenderObject.layout (package:flutter/src/rendering/object.dart:2768:7)
#8      RenderProxyBoxMixin.performLayout (package:flutter/src/rendering/proxy_box.dart:118:18)
#9      RenderObject.layout (package:flutter/src/rendering/object.dart:2768:7)
#10     RenderProxyBoxMixin.performLayout (package:flutter/src/rendering/proxy_box.dart:118:18)
#11     _RenderCustomClip.performLayout (package:flutter/src/rendering/proxy_box.dart:1549:11)
#12     RenderObject.layout (package:flutter/src/rendering/object.dart:2768:7)
#13     RenderProxyBoxMixin.performLayout (package:flutter/src/rendering/proxy_box.dart:118:18)
#14     RenderObject.layout (package:flutter/src/rendering/object.dart:2768:7)
#15     RenderProxyBoxMixin.performLayout (package:flutter/src/rendering/proxy_box.dart:118:18)
#16     RenderObject.layout (package:flutter/src/rendering/object.dart:2768:7)
#17     RenderProxyBoxMixin.performLayout (package:flutter/src/rendering/proxy_box.dart:118:18)
#18     RenderObject.layout (package:flutter/src/rendering/object.dart:2768:7)
#19     RenderProxyBoxMixin.performLayout (package:flutter/src/rendering/proxy_box.dart:118:18)
#20     RenderObject.layout (package:flutter/src/rendering/object.dart:2768:7)
#21     RenderProxyBoxMixin.performLayout (package:flutter/src/rendering/proxy_box.dart:118:18)
#22     RenderObject.layout (package:flutter/src/rendering/object.dart:2768:7)
#23     RenderProxyBoxMixin.performLayout (package:flutter/src/rendering/proxy_box.dart:118:18)
#24     RenderObject.layout (package:flutter/src/rendering/object.dart:2768:7)
#25     RenderProxyBoxMixin.performLayout (package:flutter/src/rendering/proxy_box.dart:118:18)
#26     RenderObject.layout (package:flutter/src/rendering/object.dart:2768:7)
#27     RenderProxyBoxMixin.performLayout (package:flutter/src/rendering/proxy_box.dart:118:18)
#28     RenderObject.layout (package:flutter/src/rendering/object.dart:2768:7)
#29     RenderProxyBoxMixin.performLayout (package:flutter/src/rendering/proxy_box.dart:118:18)
#30     RenderObject.layout (package:flutter/src/rendering/object.dart:2768:7)
#31     RenderProxyBoxMixin.performLayout (package:flutter/src/rendering/proxy_box.dart:118:18)
#32     RenderObject.layout (package:flutter/src/rendering/object.dart:2768:7)
#33     RenderProxyBoxMixin.performLayout (package:flutter/src/rendering/proxy_box.dart:118:18)
#34     RenderObject.layout (package:flutter/src/rendering/object.dart:2768:7)
#35     RenderProxyBoxMixin.performLayout (package:flutter/src/rendering/proxy_box.dart:118:18)
#36     RenderObject.layout (package:flutter/src/rendering/object.dart:2768:7)
#37     RenderProxyBoxMixin.performLayout (package:flutter/src/rendering/proxy_box.dart:118:18)
#38     RenderObject.layout (package:flutter/src/rendering/object.dart:2768:7)
#39     RenderProxyBoxMixin.performLayout (package:flutter/src/rendering/proxy_box.dart:118:18)
#40     RenderObject.layout (package:flutter/src/rendering/object.dart:2768:7)
#41     RenderProxyBoxMixin.performLayout (package:flutter/src/rendering/proxy_box.dart:118:18)
#42     RenderObject.layout (package:flutter/src/rendering/object.dart:2768:7)
#43     RenderProxyBoxMixin.performLayout (package:flutter/src/rendering/proxy_box.dart:118:18)
#44     RenderOffstage.performLayout (package:flutter/src/rendering/proxy_box.dart:3923:13)
#45     RenderObject.layout (package:flutter/src/rendering/object.dart:2768:7)
#46     RenderProxyBoxMixin.performLayout (package:flutter/src/rendering/proxy_box.dart:118:18)
#47     RenderObject.layout (package:flutter/src/rendering/object.dart:2768:7)
#48     _RenderTheaterMixin.layoutChild (package:flutter/src/widgets/overlay.dart:1084:13)
#49     _RenderTheater.performLayout (package:flutter/src/widgets/overlay.dart:1429:9)
#50     RenderObject.layout (package:flutter/src/rendering/object.dart:2768:7)
#51     RenderProxyBoxMixin.performLayout (package:flutter/src/rendering/proxy_box.dart:118:18)
#52     RenderObject.layout (package:flutter/src/rendering/object.dart:2768:7)
#53     RenderProxyBoxMixin.performLayout (package:flutter/src/rendering/proxy_box.dart:118:18)
#54     RenderObject.layout (package:flutter/src/rendering/object.dart:2768:7)
#55     RenderProxyBoxMixin.performLayout (package:flutter/src/rendering/proxy_box.dart:118:18)
#56     RenderObject.layout (package:flutter/src/rendering/object.dart:2768:7)
#57     RenderProxyBoxMixin.performLayout (package:flutter/src/rendering/proxy_box.dart:118:18)
#58     RenderCustomPaint.performLayout (package:flutter/src/rendering/custom_paint.dart:574:11)
#59     RenderObject.layout (package:flutter/src/rendering/object.dart:2768:7)
#60     RenderProxyBoxMixin.performLayout (package:flutter/src/rendering/proxy_box.dart:118:18)
#61     RenderObject.layout (package:flutter/src/rendering/object.dart:2768:7)
#62     RenderProxyBoxMixin.performLayout (package:flutter/src/rendering/proxy_box.dart:118:18)
#63     RenderObject.layout (package:flutter/src/rendering/object.dart:2768:7)
#64     RenderProxyBoxMixin.performLayout (package:flutter/src/rendering/proxy_box.dart:118:18)
#65     RenderObject.layout (package:flutter/src/rendering/object.dart:2768:7)
#66     RenderProxyBoxMixin.performLayout (package:flutter/src/rendering/proxy_box.dart:118:18)
#67     RenderObject.layout (package:flutter/src/rendering/object.dart:2768:7)
#68     RenderProxyBoxMixin.performLayout (package:flutter/src/rendering/proxy_box.dart:118:18)
#69     RenderObject.layout (package:flutter/src/rendering/object.dart:2768:7)
#70     RenderProxyBoxMixin.performLayout (package:flutter/src/rendering/proxy_box.dart:118:18)
#71     RenderObject.layout (package:flutter/src/rendering/object.dart:2768:7)
#72     RenderView.performLayout (package:flutter/src/rendering/view.dart:292:12)
#73     RenderObject._layoutWithoutResize (package:flutter/src/rendering/object.dart:2616:7)
#74     PipelineOwner.flushLayout (package:flutter/src/rendering/object.dart:1174:18)
#75     PipelineOwner.flushLayout (package:flutter/src/rendering/object.dart:1187:15)
#76     AutomatedTestWidgetsFlutterBinding.drawFrame (package:flutter_test/src/binding.dart:2133:27)
#77     RendererBinding._handlePersistentFrameCallback (package:flutter/src/rendering/binding.dart:495:5)
#78     SchedulerBinding._invokeFrameCallback (package:flutter/src/scheduler/binding.dart:1430:15)
#79     SchedulerBinding.handleDrawFrame (package:flutter/src/scheduler/binding.dart:1345:9)
#80     AutomatedTestWidgetsFlutterBinding.pump.<anonymous closure> (package:flutter_test/src/binding.dart:1960:9)
#83     TestAsyncUtils.guard (package:flutter_test/src/test_async_utils.dart:74:41)
#84     AutomatedTestWidgetsFlutterBinding.pump (package:flutter_test/src/binding.dart:1949:27)
#85     WidgetTester.pumpWidget.<anonymous closure> (package:flutter_test/src/widget_tester.dart:598:22)
#88     TestAsyncUtils.guard (package:flutter_test/src/test_async_utils.dart:74:41)
#89     WidgetTester.pumpWidget (package:flutter_test/src/widget_tester.dart:595:27)
#90     main.<anonymous closure>.<anonymous closure> (file:///C:/Users/bhara/StudioProjects/simple_billing_app/test/widget/billing_screen_test.dart:28:20)
#91     testWidgets.<anonymous closure>.<anonymous closure> (package:flutter_test/src/widget_tester.dart:192:29)
<asynchronous suspension>
#92     TestWidgetsFlutterBinding._runTestBody (package:flutter_test/src/binding.dart:1682:5)
<asynchronous suspension>
<asynchronous suspension>
(elided 7 frames from class _AssertionError, dart:async, and package:stack_trace)

The following RenderObject was being processed when the exception was fired: RenderCustomMultiChildLayoutBox#ff95e NEEDS-LAYOUT NEEDS-PAINT NEEDS-COMPOSITING-BITS-UPDATE:
  creator: CustomMultiChildLayout ΓåÉ _ActionsScope ΓåÉ Actions ΓåÉ AnimatedBuilder ΓåÉ DefaultTextStyle ΓåÉ
    AnimatedDefaultTextStyle ΓåÉ _InkFeatures-[GlobalKey#e80d6 ink renderer] ΓåÉ
    NotificationListener<LayoutChangedNotification> ΓåÉ PhysicalModel ΓåÉ AnimatedPhysicalModel ΓåÉ Material
    ΓåÉ _ScrollNotificationObserverScope ΓåÉ Γï»
  parentData: <none> (can use size)
  constraints: BoxConstraints(w=1200.0, h=800.0)
  size: Size(1200.0, 800.0)
This RenderObject had the following descendants (showing up to depth 5):
    child 1: _RenderLayoutBuilder#5cf51 relayoutBoundary=up1 NEEDS-PAINT NEEDS-COMPOSITING-BITS-UPDATE
      child: RenderPadding#780d3 relayoutBoundary=up2 NEEDS-PAINT NEEDS-COMPOSITING-BITS-UPDATE
        child: RenderClipRect#79b5b relayoutBoundary=up3 NEEDS-PAINT NEEDS-COMPOSITING-BITS-UPDATE
          child: RenderTransform#54a7e relayoutBoundary=up4 NEEDS-PAINT NEEDS-COMPOSITING-BITS-UPDATE
            child: _RenderScrollSemantics#52315 relayoutBoundary=up5 NEEDS-PAINT NEEDS-COMPOSITING-BITS-UPDATE
    child 2: RenderConstrainedBox#a0d81 relayoutBoundary=up1 NEEDS-PAINT NEEDS-COMPOSITING-BITS-UPDATE
      child: RenderSemanticsAnnotations#0fcd2 relayoutBoundary=up2 NEEDS-PAINT NEEDS-COMPOSITING-BITS-UPDATE
        child: RenderAnnotatedRegion<SystemUiOverlayStyle>#897a0 relayoutBoundary=up3 NEEDS-PAINT NEEDS-COMPOSITING-BITS-UPDATE
          child: RenderPhysicalModel#0aca6 relayoutBoundary=up4 NEEDS-PAINT NEEDS-COMPOSITING-BITS-UPDATE
            child: _RenderInkFeatures#9409a relayoutBoundary=up5 NEEDS-PAINT NEEDS-COMPOSITING-BITS-UPDATE
    child 3: RenderDecoratedBox#3b0a7 relayoutBoundary=up1 NEEDS-PAINT NEEDS-COMPOSITING-BITS-UPDATE
      child: RenderPadding#b34a5 relayoutBoundary=up2 NEEDS-PAINT NEEDS-COMPOSITING-BITS-UPDATE
        child: RenderPadding#79f07 relayoutBoundary=up3 NEEDS-PAINT NEEDS-COMPOSITING-BITS-UPDATE
          child: RenderPadding#3607d relayoutBoundary=up4 NEEDS-PAINT NEEDS-COMPOSITING-BITS-UPDATE
            child: RenderFlex#c8db6 relayoutBoundary=up5 NEEDS-PAINT NEEDS-COMPOSITING-BITS-UPDATE
    child 4: RenderStack#72705 NEEDS-LAYOUT NEEDS-PAINT NEEDS-COMPOSITING-BITS-UPDATE
      child 1: RenderTransform#bea32 NEEDS-LAYOUT NEEDS-PAINT NEEDS-COMPOSITING-BITS-UPDATE
        child: RenderTransform#cd19e NEEDS-LAYOUT NEEDS-PAINT
ΓòÉΓòÉΓòÉΓòÉΓòÉΓòÉΓòÉΓòÉΓòÉΓòÉΓòÉΓòÉΓòÉΓòÉΓòÉΓòÉΓòÉΓòÉΓòÉΓòÉΓòÉΓòÉΓòÉΓòÉΓòÉΓòÉΓòÉΓòÉΓòÉΓòÉΓòÉΓòÉΓòÉΓòÉΓòÉΓòÉΓòÉΓòÉΓòÉΓòÉΓòÉΓòÉΓòÉΓòÉΓòÉΓòÉΓòÉΓòÉΓòÉΓòÉΓòÉΓòÉΓòÉΓòÉΓòÉΓòÉΓòÉΓòÉΓòÉΓòÉΓòÉΓòÉΓòÉΓòÉΓòÉΓòÉΓòÉΓòÉΓòÉΓòÉΓòÉΓòÉΓòÉΓòÉΓòÉΓòÉΓòÉΓòÉΓòÉΓòÉΓòÉΓòÉΓòÉΓòÉΓòÉΓòÉΓòÉΓòÉΓòÉΓòÉΓòÉΓòÉΓòÉΓòÉΓòÉΓòÉΓòÉΓòÉΓòÉΓòÉ
ΓòÉΓòÉΓòí EXCEPTION CAUGHT BY RENDERING LIBRARY Γò₧ΓòÉΓòÉΓòÉΓòÉΓòÉΓòÉΓòÉΓòÉΓòÉΓòÉΓòÉΓòÉΓòÉΓòÉΓòÉΓòÉΓòÉΓòÉΓòÉΓòÉΓòÉΓòÉΓòÉΓòÉΓòÉΓòÉΓòÉΓòÉΓòÉΓòÉΓòÉΓòÉΓòÉΓòÉΓòÉΓòÉΓòÉΓòÉΓòÉΓòÉΓòÉΓòÉΓòÉΓòÉΓòÉΓòÉΓòÉΓòÉΓòÉΓòÉΓòÉΓòÉΓòÉΓòÉΓòÉΓòÉΓòÉ
The following assertion was thrown during paint():
RenderBox was not laid out: RenderTransform#54a7e relayoutBoundary=up4 NEEDS-PAINT
'package:flutter/src/rendering/box.dart':
Failed assertion: line 2251 pos 12: 'hasSize'

Either the assertion indicates an error in the framework itself, or we should provide substantially
more information in this error message to help you determine and fix the underlying cause.
In either case, please report this assertion by filing a bug on GitHub:
  https://github.com/flutter/flutter/issues/new?template=02_bug.yml

The relevant error-causing widget was:
  Scaffold
  Scaffold:file:///C:/Users/bhara/StudioProjects/simple_billing_app/lib/views/widgets/app_scaffold.dart:257:12

When the exception was thrown, this was the stack:
#2      RenderBox.size (package:flutter/src/rendering/box.dart:2251:12)
#3      RenderTransform._effectiveTransform (package:flutter/src/rendering/proxy_box.dart:2700:49)
#4      RenderTransform.applyPaintTransform (package:flutter/src/rendering/proxy_box.dart:2783:24)
#5      InkFeature._getPaintTransform (package:flutter/src/material/material.dart:757:21)
#6      InkFeature._paint (package:flutter/src/material/material.dart:771:32)
#7      _RenderInkFeatures.paint (package:flutter/src/material/material.dart:629:20)
#8      RenderObject._paintWithContext (package:flutter/src/rendering/object.dart:3429:7)
#9      PaintingContext.paintChild (package:flutter/src/rendering/object.dart:265:13)
#10     RenderProxyBoxMixin.paint (package:flutter/src/rendering/proxy_box.dart:143:13)
#11     RenderPhysicalModel.paint.<anonymous closure> (package:flutter/src/rendering/proxy_box.dart:2252:15)
#12     PaintingContext.pushClipRRect (package:flutter/src/rendering/object.dart:626:14)
#13     RenderPhysicalModel.paint (package:flutter/src/rendering/proxy_box.dart:2239:21)
#14     RenderObject._paintWithContext (package:flutter/src/rendering/object.dart:3429:7)
#15     PaintingContext.paintChild (package:flutter/src/rendering/object.dart:265:13)
#16     RenderProxyBoxMixin.paint (package:flutter/src/rendering/proxy_box.dart:143:13)
#17     RenderObject._paintWithContext (package:flutter/src/rendering/object.dart:3429:7)
#18     PaintingContext.paintChild (package:flutter/src/rendering/object.dart:265:13)
#19     RenderProxyBoxMixin.paint (package:flutter/src/rendering/proxy_box.dart:143:13)
#20     RenderObject._paintWithContext (package:flutter/src/rendering/object.dart:3429:7)
#21     PaintingContext._repaintCompositedChild (package:flutter/src/rendering/object.dart:180:11)
#22     PaintingContext.repaintCompositedChild (package:flutter/src/rendering/object.dart:125:5)
#23     PaintingContext._compositeChild (package:flutter/src/rendering/object.dart:276:7)
#24     PaintingContext.paintChild (package:flutter/src/rendering/object.dart:257:7)
#25     RenderProxyBoxMixin.paint (package:flutter/src/rendering/proxy_box.dart:143:13)
#26     RenderObject._paintWithContext (package:flutter/src/rendering/object.dart:3429:7)
#27     PaintingContext.paintChild (package:flutter/src/rendering/object.dart:265:13)
#28     RenderProxyBoxMixin.paint (package:flutter/src/rendering/proxy_box.dart:143:13)
#29     RenderFractionalTranslation.paint (package:flutter/src/rendering/proxy_box.dart:3138:13)
#30     RenderObject._paintWithContext (package:flutter/src/rendering/object.dart:3429:7)
#31     PaintingContext.paintChild (package:flutter/src/rendering/object.dart:265:13)
#32     RenderProxyBoxMixin.paint (package:flutter/src/rendering/proxy_box.dart:143:13)
#33     RenderAnimatedOpacityMixin.paint (package:flutter/src/rendering/proxy_box.dart:1079:11)
#34     RenderObject._paintWithContext (package:flutter/src/rendering/object.dart:3429:7)
#35     PaintingContext._repaintCompositedChild (package:flutter/src/rendering/object.dart:180:11)
#36     PaintingContext.repaintCompositedChild (package:flutter/src/rendering/object.dart:125:5)
#37     PaintingContext._compositeChild (package:flutter/src/rendering/object.dart:276:7)
#38     PaintingContext.paintChild (package:flutter/src/rendering/object.dart:257:7)
#39     RenderProxyBoxMixin.paint (package:flutter/src/rendering/proxy_box.dart:143:13)
#40     RenderFractionalTranslation.paint (package:flutter/src/rendering/proxy_box.dart:3138:13)
#41     RenderObject._paintWithContext (package:flutter/src/rendering/object.dart:3429:7)
#42     PaintingContext.paintChild (package:flutter/src/rendering/object.dart:265:13)
#43     RenderProxyBoxMixin.paint (package:flutter/src/rendering/proxy_box.dart:143:13)
#44     RenderAnimatedOpacityMixin.paint (package:flutter/src/rendering/proxy_box.dart:1079:11)
#45     RenderObject._paintWithContext (package:flutter/src/rendering/object.dart:3429:7)
#46     PaintingContext._repaintCompositedChild (package:flutter/src/rendering/object.dart:180:11)
#47     PaintingContext.repaintCompositedChild (package:flutter/src/rendering/object.dart:125:5)
#48     PaintingContext._compositeChild (package:flutter/src/rendering/object.dart:276:7)
#49     PaintingContext.paintChild (package:flutter/src/rendering/object.dart:257:7)
#50     _RenderColoredBox.paint (package:flutter/src/widgets/basic.dart:8567:15)
#51     RenderObject._paintWithContext (package:flutter/src/rendering/object.dart:3429:7)
#52     PaintingContext.paintChild (package:flutter/src/rendering/object.dart:265:13)
#53     RenderProxyBoxMixin.paint (package:flutter/src/rendering/proxy_box.dart:143:13)
#54     RenderFractionalTranslation.paint (package:flutter/src/rendering/proxy_box.dart:3138:13)
#55     RenderObject._paintWithContext (package:flutter/src/rendering/object.dart:3429:7)
#56     PaintingContext.paintChild (package:flutter/src/rendering/object.dart:265:13)
#57     RenderProxyBoxMixin.paint (package:flutter/src/rendering/proxy_box.dart:143:13)
#58     RenderAnimatedOpacityMixin.paint (package:flutter/src/rendering/proxy_box.dart:1079:11)
#59     RenderObject._paintWithContext (package:flutter/src/rendering/object.dart:3429:7)
#60     PaintingContext._repaintCompositedChild (package:flutter/src/rendering/object.dart:180:11)
#61     PaintingContext.repaintCompositedChild (package:flutter/src/rendering/object.dart:125:5)
#62     PaintingContext._compositeChild (package:flutter/src/rendering/object.dart:276:7)
#63     PaintingContext.paintChild (package:flutter/src/rendering/object.dart:257:7)
#64     RenderProxyBoxMixin.paint (package:flutter/src/rendering/proxy_box.dart:143:13)
#65     RenderObject._paintWithContext (package:flutter/src/rendering/object.dart:3429:7)
#66     PaintingContext.paintChild (package:flutter/src/rendering/object.dart:265:13)
#67     RenderProxyBoxMixin.paint (package:flutter/src/rendering/proxy_box.dart:143:13)
#68     RenderFractionalTranslation.paint (package:flutter/src/rendering/proxy_box.dart:3138:13)
#69     RenderObject._paintWithContext (package:flutter/src/rendering/object.dart:3429:7)
#70     PaintingContext.paintChild (package:flutter/src/rendering/object.dart:265:13)
#71     RenderProxyBoxMixin.paint (package:flutter/src/rendering/proxy_box.dart:143:13)
#72     RenderAnimatedOpacityMixin.paint (package:flutter/src/rendering/proxy_box.dart:1079:11)
#73     RenderObject._paintWithContext (package:flutter/src/rendering/object.dart:3429:7)
#74     PaintingContext._repaintCompositedChild (package:flutter/src/rendering/object.dart:180:11)
#75     PaintingContext.repaintCompositedChild (package:flutter/src/rendering/object.dart:125:5)
#76     PaintingContext._compositeChild (package:flutter/src/rendering/object.dart:276:7)
#77     PaintingContext.paintChild (package:flutter/src/rendering/object.dart:257:7)
#78     RenderProxyBoxMixin.paint (package:flutter/src/rendering/proxy_box.dart:143:13)
#79     RenderObject._paintWithContext (package:flutter/src/rendering/object.dart:3429:7)
#80     PaintingContext._repaintCompositedChild (package:flutter/src/rendering/object.dart:180:11)
#81     PaintingContext.repaintCompositedChild (package:flutter/src/rendering/object.dart:125:5)
#82     PaintingContext._compositeChild (package:flutter/src/rendering/object.dart:276:7)
#83     PaintingContext.paintChild (package:flutter/src/rendering/object.dart:257:7)
#84     RenderProxyBoxMixin.paint (package:flutter/src/rendering/proxy_box.dart:143:13)
#85     RenderObject._paintWithContext (package:flutter/src/rendering/object.dart:3429:7)
#86     PaintingContext.paintChild (package:flutter/src/rendering/object.dart:265:13)
#87     RenderProxyBoxMixin.paint (package:flutter/src/rendering/proxy_box.dart:143:13)
#88     RenderOffstage.paint (package:flutter/src/rendering/proxy_box.dart:3943:11)
#89     RenderObject._paintWithContext (package:flutter/src/rendering/object.dart:3429:7)
#90     PaintingContext.paintChild (package:flutter/src/rendering/object.dart:265:13)
#91     RenderProxyBoxMixin.paint (package:flutter/src/rendering/proxy_box.dart:143:13)
#92     RenderObject._paintWithContext (package:flutter/src/rendering/object.dart:3429:7)
#93     PaintingContext.paintChild (package:flutter/src/rendering/object.dart:265:13)
#94     _RenderTheaterMixin.paint (package:flutter/src/widgets/overlay.dart:1119:15)
#95     _RenderTheater.paint (package:flutter/src/widgets/overlay.dart:1476:13)
#96     RenderObject._paintWithContext (package:flutter/src/rendering/object.dart:3429:7)
#97     PaintingContext.paintChild (package:flutter/src/rendering/object.dart:265:13)
#98     RenderProxyBoxMixin.paint (package:flutter/src/rendering/proxy_box.dart:143:13)
#99     RenderObject._paintWithContext (package:flutter/src/rendering/object.dart:3429:7)
#100    PaintingContext.paintChild (package:flutter/src/rendering/object.dart:265:13)
#101    RenderProxyBoxMixin.paint (package:flutter/src/rendering/proxy_box.dart:143:13)
#102    RenderObject._paintWithContext (package:flutter/src/rendering/object.dart:3429:7)
#103    PaintingContext.paintChild (package:flutter/src/rendering/object.dart:265:13)
#104    RenderProxyBoxMixin.paint (package:flutter/src/rendering/proxy_box.dart:143:13)
#105    RenderObject._paintWithContext (package:flutter/src/rendering/object.dart:3429:7)
#106    PaintingContext.paintChild (package:flutter/src/rendering/object.dart:265:13)
#107    RenderProxyBoxMixin.paint (package:flutter/src/rendering/proxy_box.dart:143:13)
#108    RenderCustomPaint.paint (package:flutter/src/rendering/custom_paint.dart:644:11)
#109    RenderObject._paintWithContext (package:flutter/src/rendering/object.dart:3429:7)
#110    PaintingContext.paintChild (package:flutter/src/rendering/object.dart:265:13)
#111    RenderProxyBoxMixin.paint (package:flutter/src/rendering/proxy_box.dart:143:13)
#112    RenderObject._paintWithContext (package:flutter/src/rendering/object.dart:3429:7)
#113    PaintingContext.paintChild (package:flutter/src/rendering/object.dart:265:13)
#114    RenderProxyBoxMixin.paint (package:flutter/src/rendering/proxy_box.dart:143:13)
#115    RenderObject._paintWithContext (package:flutter/src/rendering/object.dart:3429:7)
#116    PaintingContext.paintChild (package:flutter/src/rendering/object.dart:265:13)
#117    RenderProxyBoxMixin.paint (package:flutter/src/rendering/proxy_box.dart:143:13)
#118    RenderObject._paintWithContext (package:flutter/src/rendering/object.dart:3429:7)
#119    PaintingContext.paintChild (package:flutter/src/rendering/object.dart:265:13)
#120    RenderProxyBoxMixin.paint (package:flutter/src/rendering/proxy_box.dart:143:13)
#121    RenderObject._paintWithContext (package:flutter/src/rendering/object.dart:3429:7)
#122    PaintingContext.paintChild (package:flutter/src/rendering/object.dart:265:13)
#123    RenderProxyBoxMixin.paint (package:flutter/src/rendering/proxy_box.dart:143:13)
#124    RenderObject._paintWithContext (package:flutter/src/rendering/object.dart:3429:7)
#125    PaintingContext.paintChild (package:flutter/src/rendering/object.dart:265:13)
#126    RenderProxyBoxMixin.paint (package:flutter/src/rendering/proxy_box.dart:143:13)
#127    RenderObject._paintWithContext (package:flutter/src/rendering/object.dart:3429:7)
#128    PaintingContext.paintChild (package:flutter/src/rendering/object.dart:265:13)
#129    RenderView.paint (package:flutter/src/rendering/view.dart:320:15)
#130    RenderObject._paintWithContext (package:flutter/src/rendering/object.dart:3429:7)
#131    PaintingContext._repaintCompositedChild (package:flutter/src/rendering/object.dart:180:11)
#132    PaintingContext.repaintCompositedChild (package:flutter/src/rendering/object.dart:125:5)
#133    PipelineOwner.flushPaint (package:flutter/src/rendering/object.dart:1325:31)
#134    PipelineOwner.flushPaint (package:flutter/src/rendering/object.dart:1335:15)
#135    AutomatedTestWidgetsFlutterBinding.drawFrame (package:flutter_test/src/binding.dart:2137:31)
#136    RendererBinding._handlePersistentFrameCallback (package:flutter/src/rendering/binding.dart:495:5)
#137    SchedulerBinding._invokeFrameCallback (package:flutter/src/scheduler/binding.dart:1430:15)
#138    SchedulerBinding.handleDrawFrame (package:flutter/src/scheduler/binding.dart:1345:9)
#139    AutomatedTestWidgetsFlutterBinding.pump.<anonymous closure> (package:flutter_test/src/binding.dart:1960:9)
#142    TestAsyncUtils.guard (package:flutter_test/src/test_async_utils.dart:74:41)
#143    AutomatedTestWidgetsFlutterBinding.pump (package:flutter_test/src/binding.dart:1949:27)
#144    WidgetTester.pumpWidget.<anonymous closure> (package:flutter_test/src/widget_tester.dart:598:22)
#147    TestAsyncUtils.guard (package:flutter_test/src/test_async_utils.dart:74:41)
#148    WidgetTester.pumpWidget (package:flutter_test/src/widget_tester.dart:595:27)
#149    main.<anonymous closure>.<anonymous closure> (file:///C:/Users/bhara/StudioProjects/simple_billing_app/test/widget/billing_screen_test.dart:28:20)
#150    testWidgets.<anonymous closure>.<anonymous closure> (package:flutter_test/src/widget_tester.dart:192:29)
<asynchronous suspension>
#151    TestWidgetsFlutterBinding._runTestBody (package:flutter_test/src/binding.dart:1682:5)
<asynchronous suspension>
<asynchronous suspension>
(elided 7 frames from class _AssertionError, dart:async, and package:stack_trace)

The following RenderObject was being processed when the exception was fired: _RenderInkFeatures#9cc90:
  needs compositing
  creator: _InkFeatures-[GlobalKey#e80d6 ink renderer] ΓåÉ
    NotificationListener<LayoutChangedNotification> ΓåÉ PhysicalModel ΓåÉ AnimatedPhysicalModel ΓåÉ Material
    ΓåÉ _ScrollNotificationObserverScope ΓåÉ NotificationListener<ScrollNotification> ΓåÉ
    NotificationListener<ScrollMetricsNotification> ΓåÉ ScrollNotificationObserver ΓåÉ _ScaffoldScope ΓåÉ
    Scaffold ΓåÉ AppScaffold ΓåÉ Γï»
  parentData: <none> (can use size)
  constraints: BoxConstraints(w=1200.0, h=800.0)
  size: Size(1200.0, 800.0)
This RenderObject had the following descendants (showing up to depth 5):
    child: RenderCustomMultiChildLayoutBox#ff95e NEEDS-PAINT
      child 1: _RenderLayoutBuilder#5cf51 relayoutBoundary=up1 NEEDS-PAINT
        child: RenderPadding#780d3 relayoutBoundary=up2 NEEDS-PAINT
          child: RenderClipRect#79b5b relayoutBoundary=up3 NEEDS-PAINT
            child: RenderTransform#54a7e relayoutBoundary=up4 NEEDS-PAINT
      child 2: RenderConstrainedBox#a0d81 relayoutBoundary=up1 NEEDS-PAINT
        child: RenderSemanticsAnnotations#0fcd2 relayoutBoundary=up2 NEEDS-PAINT
          child: RenderAnnotatedRegion<SystemUiOverlayStyle>#897a0 relayoutBoundary=up3 NEEDS-PAINT
            child: RenderPhysicalModel#0aca6 relayoutBoundary=up4 NEEDS-PAINT
      child 3: RenderDecoratedBox#3b0a7 relayoutBoundary=up1 NEEDS-PAINT
        child: RenderPadding#b34a5 relayoutBoundary=up2 NEEDS-PAINT
          child: RenderPadding#79f07 relayoutBoundary=up3 NEEDS-PAINT
            child: RenderPadding#3607d relayoutBoundary=up4 NEEDS-PAINT
      child 4: RenderStack#72705 NEEDS-LAYOUT NEEDS-PAINT
        child 1: RenderTransform#bea32 NEEDS-LAYOUT NEEDS-PAINT
          child: RenderTransform#cd19e NEEDS-LAYOUT NEEDS-PAINT
ΓòÉΓòÉΓòÉΓòÉΓòÉΓòÉΓòÉΓòÉΓòÉΓòÉΓòÉΓòÉΓòÉΓòÉΓòÉΓòÉΓòÉΓòÉΓòÉΓòÉΓòÉΓòÉΓòÉΓòÉΓòÉΓòÉΓòÉΓòÉΓòÉΓòÉΓòÉΓòÉΓòÉΓòÉΓòÉΓòÉΓòÉΓòÉΓòÉΓòÉΓòÉΓòÉΓòÉΓòÉΓòÉΓòÉΓòÉΓòÉΓòÉΓòÉΓòÉΓòÉΓòÉΓòÉΓòÉΓòÉΓòÉΓòÉΓòÉΓòÉΓòÉΓòÉΓòÉΓòÉΓòÉΓòÉΓòÉΓòÉΓòÉΓòÉΓòÉΓòÉΓòÉΓòÉΓòÉΓòÉΓòÉΓòÉΓòÉΓòÉΓòÉΓòÉΓòÉΓòÉΓòÉΓòÉΓòÉΓòÉΓòÉΓòÉΓòÉΓòÉΓòÉΓòÉΓòÉΓòÉΓòÉΓòÉΓòÉΓòÉ
ΓòÉΓòÉΓòí EXCEPTION CAUGHT BY SCHEDULER LIBRARY Γò₧ΓòÉΓòÉΓòÉΓòÉΓòÉΓòÉΓòÉΓòÉΓòÉΓòÉΓòÉΓòÉΓòÉΓòÉΓòÉΓòÉΓòÉΓòÉΓòÉΓòÉΓòÉΓòÉΓòÉΓòÉΓòÉΓòÉΓòÉΓòÉΓòÉΓòÉΓòÉΓòÉΓòÉΓòÉΓòÉΓòÉΓòÉΓòÉΓòÉΓòÉΓòÉΓòÉΓòÉΓòÉΓòÉΓòÉΓòÉΓòÉΓòÉΓòÉΓòÉΓòÉΓòÉΓòÉΓòÉΓòÉΓòÉ
The following assertion was thrown during a scheduler callback:
'package:flutter/src/rendering/object.dart': Failed assertion: line 5737 pos 14:
'!childSemantics.renderObject._needsLayout': is not true.

Either the assertion indicates an error in the framework itself, or we should provide substantially
more information in this error message to help you determine and fix the underlying cause.
In either case, please report this assertion by filing a bug on GitHub:
  https://github.com/flutter/flutter/issues/new?template=02_bug.yml

When the exception was thrown, this was the stack:
#2      _RenderObjectSemantics._collectChildMergeUpAndSiblingGroup (package:flutter/src/rendering/object.dart:5737:14)
#3      _RenderObjectSemantics.updateChildren (package:flutter/src/rendering/object.dart:5608:50)
#4      _RenderObjectSemantics._didUpdateParentData (package:flutter/src/rendering/object.dart:5815:5)
#5      _RenderObjectSemantics._collectChildMergeUpAndSiblingGroup (package:flutter/src/rendering/object.dart:5738:22)
#6      _RenderObjectSemantics.updateChildren (package:flutter/src/rendering/object.dart:5608:50)
#7      _RenderObjectSemantics._didUpdateParentData (package:flutter/src/rendering/object.dart:5815:5)
#8      _RenderObjectSemantics._collectChildMergeUpAndSiblingGroup (package:flutter/src/rendering/object.dart:5738:22)
#9      _RenderObjectSemantics.updateChildren (package:flutter/src/rendering/object.dart:5608:50)
#10     _RenderObjectSemantics._didUpdateParentData (package:flutter/src/rendering/object.dart:5815:5)
#11     _RenderObjectSemantics._collectChildMergeUpAndSiblingGroup (package:flutter/src/rendering/object.dart:5738:22)
#12     _RenderObjectSemantics.updateChildren (package:flutter/src/rendering/object.dart:5608:50)
#13     _RenderObjectSemantics._didUpdateParentData (package:flutter/src/rendering/object.dart:5815:5)
#14     _RenderObjectSemantics._collectChildMergeUpAndSiblingGroup (package:flutter/src/rendering/object.dart:5738:22)
#15     _RenderObjectSemantics.updateChildren (package:flutter/src/rendering/object.dart:5608:50)
#16     _RenderObjectSemantics._didUpdateParentData (package:flutter/src/rendering/object.dart:5815:5)
#17     _RenderObjectSemantics._collectChildMergeUpAndSiblingGroup (package:flutter/src/rendering/object.dart:5738:22)
#18     _RenderObjectSemantics.updateChildren (package:flutter/src/rendering/object.dart:5608:50)
#19     _RenderObjectSemantics._didUpdateParentData (package:flutter/src/rendering/object.dart:5815:5)
#20     _RenderObjectSemantics._collectChildMergeUpAndSiblingGroup (package:flutter/src/rendering/object.dart:5738:22)
#21     _RenderObjectSemantics.updateChildren (package:flutter/src/rendering/object.dart:5608:50)
#22     _RenderObjectSemantics._didUpdateParentData (package:flutter/src/rendering/object.dart:5815:5)
#23     _RenderObjectSemantics._collectChildMergeUpAndSiblingGroup (package:flutter/src/rendering/object.dart:5738:22)
#24     _RenderObjectSemantics.updateChildren (package:flutter/src/rendering/object.dart:5608:50)
#25     _RenderObjectSemantics._didUpdateParentData (package:flutter/src/rendering/object.dart:5815:5)
#26     _RenderObjectSemantics._collectChildMergeUpAndSiblingGroup (package:flutter/src/rendering/object.dart:5738:22)
#27     _RenderObjectSemantics.updateChildren (package:flutter/src/rendering/object.dart:5608:50)
#28     _RenderObjectSemantics._didUpdateParentData (package:flutter/src/rendering/object.dart:5815:5)
#29     _RenderObjectSemantics._collectChildMergeUpAndSiblingGroup (package:flutter/src/rendering/object.dart:5738:22)
#30     _RenderObjectSemantics.updateChildren (package:flutter/src/rendering/object.dart:5608:50)
#31     _RenderObjectSemantics._didUpdateParentData (package:flutter/src/rendering/object.dart:5815:5)
#32     _RenderObjectSemantics._collectChildMergeUpAndSiblingGroup (package:flutter/src/rendering/object.dart:5738:22)
#33     _RenderObjectSemantics.updateChildren (package:flutter/src/rendering/object.dart:5608:50)
#34     _RenderObjectSemantics._didUpdateParentData (package:flutter/src/rendering/object.dart:5815:5)
#35     _RenderObjectSemantics._collectChildMergeUpAndSiblingGroup (package:flutter/src/rendering/object.dart:5738:22)
#36     _RenderObjectSemantics.updateChildren (package:flutter/src/rendering/object.dart:5608:50)
#37     _RenderObjectSemantics._didUpdateParentData (package:flutter/src/rendering/object.dart:5815:5)
#38     _RenderObjectSemantics._collectChildMergeUpAndSiblingGroup (package:flutter/src/rendering/object.dart:5738:22)
#39     _RenderObjectSemantics.updateChildren (package:flutter/src/rendering/object.dart:5608:50)
#40     _RenderObjectSemantics._didUpdateParentData (package:flutter/src/rendering/object.dart:5815:5)
#41     _RenderObjectSemantics._collectChildMergeUpAndSiblingGroup (package:flutter/src/rendering/object.dart:5738:22)
#42     _RenderObjectSemantics.updateChildren (package:flutter/src/rendering/object.dart:5608:50)
#43     _RenderObjectSemantics._didUpdateParentData (package:flutter/src/rendering/object.dart:5815:5)
#44     _RenderObjectSemantics._collectChildMergeUpAndSiblingGroup (package:flutter/src/rendering/object.dart:5738:22)
#45     _RenderObjectSemantics.updateChildren (package:flutter/src/rendering/object.dart:5608:50)
#46     _RenderObjectSemantics._didUpdateParentData (package:flutter/src/rendering/object.dart:5815:5)
#47     _RenderObjectSemantics._collectChildMergeUpAndSiblingGroup (package:flutter/src/rendering/object.dart:5738:22)
#48     _RenderObjectSemantics.updateChildren (package:flutter/src/rendering/object.dart:5608:50)
#49     _RenderObjectSemantics._didUpdateParentData (package:flutter/src/rendering/object.dart:5815:5)
#50     _RenderObjectSemantics._collectChildMergeUpAndSiblingGroup (package:flutter/src/rendering/object.dart:5738:22)
#51     _RenderObjectSemantics.updateChildren (package:flutter/src/rendering/object.dart:5608:50)
#52     _RenderObjectSemantics._didUpdateParentData (package:flutter/src/rendering/object.dart:5815:5)
#53     _RenderObjectSemantics._collectChildMergeUpAndSiblingGroup (package:flutter/src/rendering/object.dart:5738:22)
#54     _RenderObjectSemantics.updateChildren (package:flutter/src/rendering/object.dart:5608:50)
#55     _RenderObjectSemantics._didUpdateParentData (package:flutter/src/rendering/object.dart:5815:5)
#56     _RenderObjectSemantics._collectChildMergeUpAndSiblingGroup (package:flutter/src/rendering/object.dart:5738:22)
#57     _RenderObjectSemantics.updateChildren (package:flutter/src/rendering/object.dart:5608:50)
#58     _RenderObjectSemantics._didUpdateParentData (package:flutter/src/rendering/object.dart:5815:5)
#59     _RenderObjectSemantics._collectChildMergeUpAndSiblingGroup (package:flutter/src/rendering/object.dart:5738:22)
#60     _RenderObjectSemantics.updateChildren (package:flutter/src/rendering/object.dart:5608:50)
#61     _RenderObjectSemantics._didUpdateParentData (package:flutter/src/rendering/object.dart:5815:5)
#62     _RenderObjectSemantics._collectChildMergeUpAndSiblingGroup (package:flutter/src/rendering/object.dart:5738:22)
#63     _RenderObjectSemantics.updateChildren (package:flutter/src/rendering/object.dart:5608:50)
#64     _RenderObjectSemantics._didUpdateParentData (package:flutter/src/rendering/object.dart:5815:5)
#65     _RenderObjectSemantics._collectChildMergeUpAndSiblingGroup (package:flutter/src/rendering/object.dart:5738:22)
#66     _RenderObjectSemantics.updateChildren (package:flutter/src/rendering/object.dart:5608:50)
#67     _RenderObjectSemantics._didUpdateParentData (package:flutter/src/rendering/object.dart:5815:5)
#68     _RenderObjectSemantics._collectChildMergeUpAndSiblingGroup (package:flutter/src/rendering/object.dart:5738:22)
#69     _RenderObjectSemantics.updateChildren (package:flutter/src/rendering/object.dart:5608:50)
#70     _RenderObjectSemantics._didUpdateParentData (package:flutter/src/rendering/object.dart:5815:5)
#71     _RenderObjectSemantics._collectChildMergeUpAndSiblingGroup (package:flutter/src/rendering/object.dart:5738:22)
#72     _RenderObjectSemantics.updateChildren (package:flutter/src/rendering/object.dart:5608:50)
#73     _RenderObjectSemantics._didUpdateParentData (package:flutter/src/rendering/object.dart:5815:5)
#74     _RenderObjectSemantics._collectChildMergeUpAndSiblingGroup (package:flutter/src/rendering/object.dart:5738:22)
#75     _RenderObjectSemantics.updateChildren (package:flutter/src/rendering/object.dart:5608:50)
#76     _RenderObjectSemantics._didUpdateParentData (package:flutter/src/rendering/object.dart:5815:5)
#77     _RenderObjectSemantics._collectChildMergeUpAndSiblingGroup (package:flutter/src/rendering/object.dart:5738:22)
#78     _RenderObjectSemantics.updateChildren (package:flutter/src/rendering/object.dart:5608:50)
#79     _RenderObjectSemantics._didUpdateParentData (package:flutter/src/rendering/object.dart:5815:5)
#80     _RenderObjectSemantics._collectChildMergeUpAndSiblingGroup (package:flutter/src/rendering/object.dart:5738:22)
#81     _RenderObjectSemantics.updateChildren (package:flutter/src/rendering/object.dart:5608:50)
#82     _RenderObjectSemantics._didUpdateParentData (package:flutter/src/rendering/object.dart:5815:5)
#83     _RenderObjectSemantics._collectChildMergeUpAndSiblingGroup (package:flutter/src/rendering/object.dart:5738:22)
#84     _RenderObjectSemantics.updateChildren (package:flutter/src/rendering/object.dart:5608:50)
#85     _RenderObjectSemantics._didUpdateParentData (package:flutter/src/rendering/object.dart:5815:5)
#86     _RenderObjectSemantics._collectChildMergeUpAndSiblingGroup (package:flutter/src/rendering/object.dart:5738:22)
#87     _RenderObjectSemantics.updateChildren (package:flutter/src/rendering/object.dart:5608:50)
#88     _RenderObjectSemantics._didUpdateParentData (package:flutter/src/rendering/object.dart:5815:5)
#89     _RenderObjectSemantics._collectChildMergeUpAndSiblingGroup (package:flutter/src/rendering/object.dart:5738:22)
#90     _RenderObjectSemantics.updateChildren (package:flutter/src/rendering/object.dart:5608:50)
#91     _RenderObjectSemantics._didUpdateParentData (package:flutter/src/rendering/object.dart:5815:5)
#92     _RenderObjectSemantics._collectChildMergeUpAndSiblingGroup (package:flutter/src/rendering/object.dart:5738:22)
#93     _RenderObjectSemantics.updateChildren (package:flutter/src/rendering/object.dart:5608:50)
#94     _RenderObjectSemantics._didUpdateParentData (package:flutter/src/rendering/object.dart:5815:5)
#95     _RenderObjectSemantics._collectChildMergeUpAndSiblingGroup (package:flutter/src/rendering/object.dart:5738:22)
#96     _RenderObjectSemantics.updateChildren (package:flutter/src/rendering/object.dart:5608:50)
#97     _RenderObjectSemantics._didUpdateParentData (package:flutter/src/rendering/object.dart:5815:5)
#98     _RenderObjectSemantics._collectChildMergeUpAndSiblingGroup (package:flutter/src/rendering/object.dart:5738:22)
#99     _RenderObjectSemantics.updateChildren (package:flutter/src/rendering/object.dart:5608:50)
#100    _RenderObjectSemantics._didUpdateParentData (package:flutter/src/rendering/object.dart:5815:5)
#101    _RenderObjectSemantics._collectChildMergeUpAndSiblingGroup (package:flutter/src/rendering/object.dart:5738:22)
#102    _RenderObjectSemantics.updateChildren (package:flutter/src/rendering/object.dart:5608:50)
#103    _RenderObjectSemantics._didUpdateParentData (package:flutter/src/rendering/object.dart:5815:5)
#104    _RenderObjectSemantics._collectChildMergeUpAndSiblingGroup (package:flutter/src/rendering/object.dart:5738:22)
#105    _RenderObjectSemantics.updateChildren (package:flutter/src/rendering/object.dart:5608:50)
#106    _RenderObjectSemantics._didUpdateParentData (package:flutter/src/rendering/object.dart:5815:5)
#107    _RenderObjectSemantics._collectChildMergeUpAndSiblingGroup (package:flutter/src/rendering/object.dart:5738:22)
#108    _RenderObjectSemantics.updateChildren (package:flutter/src/rendering/object.dart:5608:50)
#109    _RenderObjectSemantics._didUpdateParentData (package:flutter/src/rendering/object.dart:5815:5)
#110    _RenderObjectSemantics._collectChildMergeUpAndSiblingGroup (package:flutter/src/rendering/object.dart:5738:22)
#111    _RenderObjectSemantics.updateChildren (package:flutter/src/rendering/object.dart:5608:50)
#112    _RenderObjectSemantics._didUpdateParentData (package:flutter/src/rendering/object.dart:5815:5)
#113    _RenderObjectSemantics._collectChildMergeUpAndSiblingGroup (package:flutter/src/rendering/object.dart:5738:22)
#114    _RenderObjectSemantics.updateChildren (package:flutter/src/rendering/object.dart:5608:50)
#115    _RenderObjectSemantics._didUpdateParentData (package:flutter/src/rendering/object.dart:5815:5)
#116    _RenderObjectSemantics._collectChildMergeUpAndSiblingGroup (package:flutter/src/rendering/object.dart:5738:22)
#117    _RenderObjectSemantics.updateChildren (package:flutter/src/rendering/object.dart:5608:50)
#118    _RenderObjectSemantics._didUpdateParentData (package:flutter/src/rendering/object.dart:5815:5)
#119    _RenderObjectSemantics._collectChildMergeUpAndSiblingGroup (package:flutter/src/rendering/object.dart:5738:22)
#120    _RenderObjectSemantics.updateChildren (package:flutter/src/rendering/object.dart:5608:50)
#121    _RenderObjectSemantics._didUpdateParentData (package:flutter/src/rendering/object.dart:5815:5)
#122    _RenderObjectSemantics._collectChildMergeUpAndSiblingGroup (package:flutter/src/rendering/object.dart:5738:22)
#123    _RenderObjectSemantics.updateChildren (package:flutter/src/rendering/object.dart:5608:50)
#124    _RenderObjectSemantics._didUpdateParentData (package:flutter/src/rendering/object.dart:5815:5)
#125    _RenderObjectSemantics._collectChildMergeUpAndSiblingGroup (package:flutter/src/rendering/object.dart:5738:22)
#126    _RenderObjectSemantics.updateChildren (package:flutter/src/rendering/object.dart:5608:50)
#127    _RenderObjectSemantics._didUpdateParentData (package:flutter/src/rendering/object.dart:5815:5)
#128    _RenderObjectSemantics._collectChildMergeUpAndSiblingGroup (package:flutter/src/rendering/object.dart:5738:22)
#129    _RenderObjectSemantics.updateChildren (package:flutter/src/rendering/object.dart:5608:50)
#130    _RenderObjectSemantics._didUpdateParentData (package:flutter/src/rendering/object.dart:5815:5)
#131    _RenderObjectSemantics._collectChildMergeUpAndSiblingGroup (package:flutter/src/rendering/object.dart:5738:22)
#132    _RenderObjectSemantics.updateChildren (package:flutter/src/rendering/object.dart:5608:50)
#133    _RenderObjectSemantics._didUpdateParentData (package:flutter/src/rendering/object.dart:5815:5)
#134    _RenderObjectSemantics._collectChildMergeUpAndSiblingGroup (package:flutter/src/rendering/object.dart:5738:22)
#135    _RenderObjectSemantics.updateChildren (package:flutter/src/rendering/object.dart:5608:50)
#136    _RenderObjectSemantics._didUpdateParentData (package:flutter/src/rendering/object.dart:5815:5)
#137    _RenderObjectSemantics._collectChildMergeUpAndSiblingGroup (package:flutter/src/rendering/object.dart:5738:22)
#138    _RenderObjectSemantics.updateChildren (package:flutter/src/rendering/object.dart:5608:50)
#139    _RenderObjectSemantics._didUpdateParentData (package:flutter/src/rendering/object.dart:5815:5)
#140    _RenderObjectSemantics._collectChildMergeUpAndSiblingGroup (package:flutter/src/rendering/object.dart:5738:22)
#141    _RenderObjectSemantics.updateChildren (package:flutter/src/rendering/object.dart:5608:50)
#142    _RenderObjectSemantics._didUpdateParentData (package:flutter/src/rendering/object.dart:5815:5)
#143    _RenderObjectSemantics._collectChildMergeUpAndSiblingGroup (package:flutter/src/rendering/object.dart:5738:22)
#144    _RenderObjectSemantics.updateChildren (package:flutter/src/rendering/object.dart:5608:50)
#145    _RenderObjectSemantics._didUpdateParentData (package:flutter/src/rendering/object.dart:5815:5)
#146    _RenderObjectSemantics._collectChildMergeUpAndSiblingGroup (package:flutter/src/rendering/object.dart:5738:22)
#147    _RenderObjectSemantics.updateChildren (package:flutter/src/rendering/object.dart:5608:50)
#148    _RenderObjectSemantics._didUpdateParentData (package:flutter/src/rendering/object.dart:5815:5)
#149    _RenderObjectSemantics._collectChildMergeUpAndSiblingGroup (package:flutter/src/rendering/object.dart:5738:22)
#150    _RenderObjectSemantics.updateChildren (package:flutter/src/rendering/object.dart:5608:50)
#151    _RenderObjectSemantics._didUpdateParentData (package:flutter/src/rendering/object.dart:5815:5)
#152    _RenderObjectSemantics._collectChildMergeUpAndSiblingGroup (package:flutter/src/rendering/object.dart:5738:22)
#153    _RenderObjectSemantics.updateChildren (package:flutter/src/rendering/object.dart:5608:50)
#154    _RenderObjectSemantics._didUpdateParentData (package:flutter/src/rendering/object.dart:5815:5)
#155    _RenderObjectSemantics._collectChildMergeUpAndSiblingGroup (package:flutter/src/rendering/object.dart:5738:22)
#156    _RenderObjectSemantics.updateChildren (package:flutter/src/rendering/object.dart:5608:50)
#157    _RenderObjectSemantics._didUpdateParentData (package:flutter/src/rendering/object.dart:5815:5)
#158    _RenderObjectSemantics._collectChildMergeUpAndSiblingGroup (package:flutter/src/rendering/object.dart:5738:22)
#159    _RenderObjectSemantics.updateChildren (package:flutter/src/rendering/object.dart:5608:50)
#160    _RenderObjectSemantics._didUpdateParentData (package:flutter/src/rendering/object.dart:5815:5)
#161    _RenderObjectSemantics._collectChildMergeUpAndSiblingGroup (package:flutter/src/rendering/object.dart:5738:22)
#162    _RenderObjectSemantics.updateChildren (package:flutter/src/rendering/object.dart:5608:50)
#163    _RenderObjectSemantics._didUpdateParentData (package:flutter/src/rendering/object.dart:5815:5)
#164    _RenderObjectSemantics._collectChildMergeUpAndSiblingGroup (package:flutter/src/rendering/object.dart:5738:22)
#165    _RenderObjectSemantics.updateChildren (package:flutter/src/rendering/object.dart:5608:50)
#166    _RenderObjectSemantics._didUpdateParentData (package:flutter/src/rendering/object.dart:5815:5)
#167    _RenderObjectSemantics._collectChildMergeUpAndSiblingGroup (package:flutter/src/rendering/object.dart:5738:22)
#168    _RenderObjectSemantics.updateChildren (package:flutter/src/rendering/object.dart:5608:50)
#169    _RenderObjectSemantics._didUpdateParentData (package:flutter/src/rendering/object.dart:5815:5)
#170    _RenderObjectSemantics._collectChildMergeUpAndSiblingGroup (package:flutter/src/rendering/object.dart:5738:22)
#171    _RenderObjectSemantics.updateChildren (package:flutter/src/rendering/object.dart:5608:50)
#172    PipelineOwner.flushSemantics (package:flutter/src/rendering/object.dart:1473:25)
#173    PipelineOwner.flushSemantics (package:flutter/src/rendering/object.dart:1518:15)
#174    AutomatedTestWidgetsFlutterBinding.drawFrame (package:flutter_test/src/binding.dart:2144:35)
#175    RendererBinding._handlePersistentFrameCallback (package:flutter/src/rendering/binding.dart:495:5)
#176    SchedulerBinding._invokeFrameCallback (package:flutter/src/scheduler/binding.dart:1430:15)
#177    SchedulerBinding.handleDrawFrame (package:flutter/src/scheduler/binding.dart:1345:9)
#178    AutomatedTestWidgetsFlutterBinding.pump.<anonymous closure> (package:flutter_test/src/binding.dart:1960:9)
#181    TestAsyncUtils.guard (package:flutter_test/src/test_async_utils.dart:74:41)
#182    AutomatedTestWidgetsFlutterBinding.pump (package:flutter_test/src/binding.dart:1949:27)
#183    WidgetTester.pumpWidget.<anonymous closure> (package:flutter_test/src/widget_tester.dart:598:22)
#186    TestAsyncUtils.guard (package:flutter_test/src/test_async_utils.dart:74:41)
#187    WidgetTester.pumpWidget (package:flutter_test/src/widget_tester.dart:595:27)
#188    main.<anonymous closure>.<anonymous closure> (file:///C:/Users/bhara/StudioProjects/simple_billing_app/test/widget/billing_screen_test.dart:28:20)
#189    testWidgets.<anonymous closure>.<anonymous closure> (package:flutter_test/src/widget_tester.dart:192:29)
<asynchronous suspension>
#190    TestWidgetsFlutterBinding._runTestBody (package:flutter_test/src/binding.dart:1682:5)
<asynchronous suspension>
<asynchronous suspension>
(elided 7 frames from class _AssertionError, dart:async, and package:stack_trace)
ΓòÉΓòÉΓòÉΓòÉΓòÉΓòÉΓòÉΓòÉΓòÉΓòÉΓòÉΓòÉΓòÉΓòÉΓòÉΓòÉΓòÉΓòÉΓòÉΓòÉΓòÉΓòÉΓòÉΓòÉΓòÉΓòÉΓòÉΓòÉΓòÉΓòÉΓòÉΓòÉΓòÉΓòÉΓòÉΓòÉΓòÉΓòÉΓòÉΓòÉΓòÉΓòÉΓòÉΓòÉΓòÉΓòÉΓòÉΓòÉΓòÉΓòÉΓòÉΓòÉΓòÉΓòÉΓòÉΓòÉΓòÉΓòÉΓòÉΓòÉΓòÉΓòÉΓòÉΓòÉΓòÉΓòÉΓòÉΓòÉΓòÉΓòÉΓòÉΓòÉΓòÉΓòÉΓòÉΓòÉΓòÉΓòÉΓòÉΓòÉΓòÉΓòÉΓòÉΓòÉΓòÉΓòÉΓòÉΓòÉΓòÉΓòÉΓòÉΓòÉΓòÉΓòÉΓòÉΓòÉΓòÉΓòÉΓòÉΓòÉ
ΓòÉΓòÉΓòí EXCEPTION CAUGHT BY FLUTTER TEST FRAMEWORK Γò₧ΓòÉΓòÉΓòÉΓòÉΓòÉΓòÉΓòÉΓòÉΓòÉΓòÉΓòÉΓòÉΓòÉΓòÉΓòÉΓòÉΓòÉΓòÉΓòÉΓòÉΓòÉΓòÉΓòÉΓòÉΓòÉΓòÉΓòÉΓòÉΓòÉΓòÉΓòÉΓòÉΓòÉΓòÉΓòÉΓòÉΓòÉΓòÉΓòÉΓòÉΓòÉΓòÉΓòÉΓòÉΓòÉΓòÉΓòÉΓòÉΓòÉΓòÉΓòÉΓòÉ
The following assertion was thrown running a test:
RenderBox was not laid out: RenderParagraph#b9e4a NEEDS-LAYOUT NEEDS-PAINT
'package:flutter/src/rendering/box.dart':
Failed assertion: line 2251 pos 12: 'hasSize'

When the exception was thrown, this was the stack:
#2      RenderBox.size (package:flutter/src/rendering/box.dart:2251:12)
#3      WidgetController._getElementPoint (package:flutter_test/src/controller.dart:2114:63)
#4      WidgetController.getCenter (package:flutter_test/src/controller.dart:1942:12)
#5      WidgetController.tap (package:flutter_test/src/controller.dart:1075:7)
#6      main.<anonymous closure>.<anonymous closure> (file:///C:/Users/bhara/StudioProjects/simple_billing_app/test/widget/billing_screen_test.dart:30:20)
<asynchronous suspension>
#7      testWidgets.<anonymous closure>.<anonymous closure> (package:flutter_test/src/widget_tester.dart:192:15)
<asynchronous suspension>
#8      TestWidgetsFlutterBinding._runTestBody (package:flutter_test/src/binding.dart:1682:5)
<asynchronous suspension>
<asynchronous suspension>
(elided 3 frames from class _AssertionError and package:stack_trace)

The test description was:
  Tapping search field opens search dialog
ΓòÉΓòÉΓòÉΓòÉΓòÉΓòÉΓòÉΓòÉΓòÉΓòÉΓòÉΓòÉΓòÉΓòÉΓòÉΓòÉΓòÉΓòÉΓòÉΓòÉΓòÉΓòÉΓòÉΓòÉΓòÉΓòÉΓòÉΓòÉΓòÉΓòÉΓòÉΓòÉΓòÉΓòÉΓòÉΓòÉΓòÉΓòÉΓòÉΓòÉΓòÉΓòÉΓòÉΓòÉΓòÉΓòÉΓòÉΓòÉΓòÉΓòÉΓòÉΓòÉΓòÉΓòÉΓòÉΓòÉΓòÉΓòÉΓòÉΓòÉΓòÉΓòÉΓòÉΓòÉΓòÉΓòÉΓòÉΓòÉΓòÉΓòÉΓòÉΓòÉΓòÉΓòÉΓòÉΓòÉΓòÉΓòÉΓòÉΓòÉΓòÉΓòÉΓòÉΓòÉΓòÉΓòÉΓòÉΓòÉΓòÉΓòÉΓòÉΓòÉΓòÉΓòÉΓòÉΓòÉΓòÉΓòÉΓòÉΓòÉ
ΓòÉΓòÉΓòí EXCEPTION CAUGHT BY FLUTTER TEST FRAMEWORK Γò₧ΓòÉΓòÉΓòÉΓòÉΓòÉΓòÉΓòÉΓòÉΓòÉΓòÉΓòÉΓòÉΓòÉΓòÉΓòÉΓòÉΓòÉΓòÉΓòÉΓòÉΓòÉΓòÉΓòÉΓòÉΓòÉΓòÉΓòÉΓòÉΓòÉΓòÉΓòÉΓòÉΓòÉΓòÉΓòÉΓòÉΓòÉΓòÉΓòÉΓòÉΓòÉΓòÉΓòÉΓòÉΓòÉΓòÉΓòÉΓòÉΓòÉΓòÉΓòÉΓòÉ
The following message was thrown:
Multiple exceptions (29) were detected during the running of the current test, and at least one was
unexpected.
ΓòÉΓòÉΓòÉΓòÉΓòÉΓòÉΓòÉΓòÉΓòÉΓòÉΓòÉΓòÉΓòÉΓòÉΓòÉΓòÉΓòÉΓòÉΓòÉΓòÉΓòÉΓòÉΓòÉΓòÉΓòÉΓòÉΓòÉΓòÉΓòÉΓòÉΓòÉΓòÉΓòÉΓòÉΓòÉΓòÉΓòÉΓòÉΓòÉΓòÉΓòÉΓòÉΓòÉΓòÉΓòÉΓòÉΓòÉΓòÉΓòÉΓòÉΓòÉΓòÉΓòÉΓòÉΓòÉΓòÉΓòÉΓòÉΓòÉΓòÉΓòÉΓòÉΓòÉΓòÉΓòÉΓòÉΓòÉΓòÉΓòÉΓòÉΓòÉΓòÉΓòÉΓòÉΓòÉΓòÉΓòÉΓòÉΓòÉΓòÉΓòÉΓòÉΓòÉΓòÉΓòÉΓòÉΓòÉΓòÉΓòÉΓòÉΓòÉΓòÉΓòÉΓòÉΓòÉΓòÉΓòÉΓòÉΓòÉΓòÉ
00:01 +0 -2: BillingScreen Widget Tests Tapping search field opens search dialog [E]
  Test failed. See exception logs above.
  The test description was: Tapping search field opens search dialog
  
00:01 +0 -2: BillingScreen Widget Tests Searching and adding a product works
ΓòÉΓòÉΓòí EXCEPTION CAUGHT BY RENDERING LIBRARY Γò₧ΓòÉΓòÉΓòÉΓòÉΓòÉΓòÉΓòÉΓòÉΓòÉΓòÉΓòÉΓòÉΓòÉΓòÉΓòÉΓòÉΓòÉΓòÉΓòÉΓòÉΓòÉΓòÉΓòÉΓòÉΓòÉΓòÉΓòÉΓòÉΓòÉΓòÉΓòÉΓòÉΓòÉΓòÉΓòÉΓòÉΓòÉΓòÉΓòÉΓòÉΓòÉΓòÉΓòÉΓòÉΓòÉΓòÉΓòÉΓòÉΓòÉΓòÉΓòÉΓòÉΓòÉΓòÉΓòÉΓòÉΓòÉ
The following assertion was thrown during performLayout():
An InputDecorator, which is typically created by a TextField, cannot have an unbounded width.
This happens when the parent widget does not provide a finite width constraint. For example, if the
InputDecorator is contained by a Row, then its width must be constrained. An Expanded widget or a
SizedBox can be used to constrain the width of the InputDecorator or the TextField that contains it.
'package:flutter/src/material/input_decorator.dart':
Failed assertion: line 962 pos 7: 'constraints.maxWidth < double.infinity'

Either the assertion indicates an error in the framework itself, or we should provide substantially
more information in this error message to help you determine and fix the underlying cause.
In either case, please report this assertion by filing a bug on GitHub:
  https://github.com/flutter/flutter/issues/new?template=02_bug.yml

The relevant error-causing widget was:
  TextField
  TextField:file:///C:/Users/bhara/StudioProjects/simple_billing_app/lib/views/screens/billing_screen.dart:310:22

When the exception was thrown, this was the stack:
#2      _RenderDecoration._layout (package:flutter/src/material/input_decorator.dart:962:7)
#3      _RenderDecoration.performLayout (package:flutter/src/material/input_decorator.dart:1388:44)
#4      RenderObject.layout (package:flutter/src/rendering/object.dart:2768:7)
#5      RenderProxyBoxMixin.performLayout (package:flutter/src/rendering/proxy_box.dart:118:18)
#6      RenderObject.layout (package:flutter/src/rendering/object.dart:2768:7)
#7      RenderProxyBoxMixin.performLayout (package:flutter/src/rendering/proxy_box.dart:118:18)
#8      RenderObject.layout (package:flutter/src/rendering/object.dart:2768:7)
#9      RenderProxyBoxMixin.performLayout (package:flutter/src/rendering/proxy_box.dart:118:18)
#10     RenderObject.layout (package:flutter/src/rendering/object.dart:2768:7)
#11     RenderProxyBoxMixin.performLayout (package:flutter/src/rendering/proxy_box.dart:118:18)
#12     RenderObject.layout (package:flutter/src/rendering/object.dart:2768:7)
#13     RenderTapRegion.layout (package:flutter/src/widgets/tap_region.dart:686:11)
#14     RenderProxyBoxMixin.performLayout (package:flutter/src/rendering/proxy_box.dart:118:18)
#15     RenderObject.layout (package:flutter/src/rendering/object.dart:2768:7)
#16     RenderProxyBoxMixin.performLayout (package:flutter/src/rendering/proxy_box.dart:118:18)
#17     RenderObject.layout (package:flutter/src/rendering/object.dart:2768:7)
#18     RenderProxyBoxMixin.performLayout (package:flutter/src/rendering/proxy_box.dart:118:18)
#19     RenderObject.layout (package:flutter/src/rendering/object.dart:2768:7)
#20     RenderProxyBoxMixin.performLayout (package:flutter/src/rendering/proxy_box.dart:118:18)
#21     RenderObject.layout (package:flutter/src/rendering/object.dart:2768:7)
#22     ChildLayoutHelper.layoutChild (package:flutter/src/rendering/layout_helper.dart:62:11)
#23     RenderFlex._computeSizes (package:flutter/src/rendering/flex.dart:1237:28)
#24     RenderFlex.performLayout (package:flutter/src/rendering/flex.dart:1329:32)
#25     RenderObject.layout (package:flutter/src/rendering/object.dart:2768:7)
#26     RenderPadding.performLayout (package:flutter/src/rendering/shifted_box.dart:262:12)
#27     RenderObject.layout (package:flutter/src/rendering/object.dart:2768:7)
#28     RenderProxyBoxMixin.performLayout (package:flutter/src/rendering/proxy_box.dart:118:18)
#29     RenderObject.layout (package:flutter/src/rendering/object.dart:2768:7)
#30     ChildLayoutHelper.layoutChild (package:flutter/src/rendering/layout_helper.dart:62:11)
#31     RenderFlex._computeSizes (package:flutter/src/rendering/flex.dart:1237:28)
#32     RenderFlex.performLayout (package:flutter/src/rendering/flex.dart:1329:32)
#33     RenderObject.layout (package:flutter/src/rendering/object.dart:2768:7)
#34     ChildLayoutHelper.layoutChild (package:flutter/src/rendering/layout_helper.dart:62:11)
#35     RenderFlex._computeSizes (package:flutter/src/rendering/flex.dart:1237:28)
#36     RenderFlex.performLayout (package:flutter/src/rendering/flex.dart:1329:32)
#37     RenderObject.layout (package:flutter/src/rendering/object.dart:2768:7)
#38     _RenderSingleChildViewport.performLayout (package:flutter/src/widgets/single_child_scroll_view.dart:502:14)
#39     RenderObject.layout (package:flutter/src/rendering/object.dart:2768:7)
#40     RenderProxyBoxMixin.performLayout (package:flutter/src/rendering/proxy_box.dart:118:18)
#41     RenderObject.layout (package:flutter/src/rendering/object.dart:2768:7)
#42     RenderProxyBoxMixin.performLayout (package:flutter/src/rendering/proxy_box.dart:118:18)
#43     RenderObject.layout (package:flutter/src/rendering/object.dart:2768:7)
#44     RenderProxyBoxMixin.performLayout (package:flutter/src/rendering/proxy_box.dart:118:18)
#45     RenderObject.layout (package:flutter/src/rendering/object.dart:2768:7)
#46     RenderProxyBoxMixin.performLayout (package:flutter/src/rendering/proxy_box.dart:118:18)
#47     RenderObject.layout (package:flutter/src/rendering/object.dart:2768:7)
#48     RenderProxyBoxMixin.performLayout (package:flutter/src/rendering/proxy_box.dart:118:18)
#49     RenderObject.layout (package:flutter/src/rendering/object.dart:2768:7)
#50     RenderProxyBoxMixin.performLayout (package:flutter/src/rendering/proxy_box.dart:118:18)
#51     RenderObject.layout (package:flutter/src/rendering/object.dart:2768:7)
#52     RenderProxyBoxMixin.performLayout (package:flutter/src/rendering/proxy_box.dart:118:18)
#53     RenderObject.layout (package:flutter/src/rendering/object.dart:2768:7)
#54     RenderProxyBoxMixin.performLayout (package:flutter/src/rendering/proxy_box.dart:118:18)
#55     _RenderCustomClip.performLayout (package:flutter/src/rendering/proxy_box.dart:1549:11)
#56     RenderObject.layout (package:flutter/src/rendering/object.dart:2768:7)
#57     RenderPadding.performLayout (package:flutter/src/rendering/shifted_box.dart:262:12)
#58     RenderObject.layout (package:flutter/src/rendering/object.dart:2768:7)
#59     _RenderLayoutBuilder.performLayout (package:flutter/src/widgets/layout_builder.dart:449:14)
#60     RenderObject.layout (package:flutter/src/rendering/object.dart:2768:7)
#61     MultiChildLayoutDelegate.layoutChild (package:flutter/src/rendering/custom_layout.dart:180:12)
#62     _ScaffoldLayout.performLayout (package:flutter/src/material/scaffold.dart:1113:7)
#63     MultiChildLayoutDelegate._callPerformLayout (package:flutter/src/rendering/custom_layout.dart:246:7)
#64     RenderCustomMultiChildLayoutBox.performLayout (package:flutter/src/rendering/custom_layout.dart:417:14)
#65     RenderObject.layout (package:flutter/src/rendering/object.dart:2768:7)
#66     RenderProxyBoxMixin.performLayout (package:flutter/src/rendering/proxy_box.dart:118:18)
#67     RenderObject.layout (package:flutter/src/rendering/object.dart:2768:7)
#68     RenderProxyBoxMixin.performLayout (package:flutter/src/rendering/proxy_box.dart:118:18)
#69     _RenderCustomClip.performLayout (package:flutter/src/rendering/proxy_box.dart:1549:11)
#70     RenderObject.layout (package:flutter/src/rendering/object.dart:2768:7)
#71     RenderProxyBoxMixin.performLayout (package:flutter/src/rendering/proxy_box.dart:118:18)
#72     RenderObject.layout (package:flutter/src/rendering/object.dart:2768:7)
#73     RenderProxyBoxMixin.performLayout (package:flutter/src/rendering/proxy_box.dart:118:18)
#74     RenderObject.layout (package:flutter/src/rendering/object.dart:2768:7)
#75     RenderProxyBoxMixin.performLayout (package:flutter/src/rendering/proxy_box.dart:118:18)
#76     RenderObject.layout (package:flutter/src/rendering/object.dart:2768:7)
#77     RenderProxyBoxMixin.performLayout (package:flutter/src/rendering/proxy_box.dart:118:18)
#78     RenderObject.layout (package:flutter/src/rendering/object.dart:2768:7)
#79     RenderProxyBoxMixin.performLayout (package:flutter/src/rendering/proxy_box.dart:118:18)
#80     RenderObject.layout (package:flutter/src/rendering/object.dart:2768:7)
#81     RenderProxyBoxMixin.performLayout (package:flutter/src/rendering/proxy_box.dart:118:18)
#82     RenderObject.layout (package:flutter/src/rendering/object.dart:2768:7)
#83     RenderProxyBoxMixin.performLayout (package:flutter/src/rendering/proxy_box.dart:118:18)
#84     RenderObject.layout (package:flutter/src/rendering/object.dart:2768:7)
#85     RenderProxyBoxMixin.performLayout (package:flutter/src/rendering/proxy_box.dart:118:18)
#86     RenderObject.layout (package:flutter/src/rendering/object.dart:2768:7)
#87     RenderProxyBoxMixin.performLayout (package:flutter/src/rendering/proxy_box.dart:118:18)
#88     RenderObject.layout (package:flutter/src/rendering/object.dart:2768:7)
#89     RenderProxyBoxMixin.performLayout (package:flutter/src/rendering/proxy_box.dart:118:18)
#90     RenderObject.layout (package:flutter/src/rendering/object.dart:2768:7)
#91     RenderProxyBoxMixin.performLayout (package:flutter/src/rendering/proxy_box.dart:118:18)
#92     RenderObject.layout (package:flutter/src/rendering/object.dart:2768:7)
#93     RenderProxyBoxMixin.performLayout (package:flutter/src/rendering/proxy_box.dart:118:18)
#94     RenderObject.layout (package:flutter/src/rendering/object.dart:2768:7)
#95     RenderProxyBoxMixin.performLayout (package:flutter/src/rendering/proxy_box.dart:118:18)
#96     RenderObject.layout (package:flutter/src/rendering/object.dart:2768:7)
#97     RenderProxyBoxMixin.performLayout (package:flutter/src/rendering/proxy_box.dart:118:18)
#98     RenderObject.layout (package:flutter/src/rendering/object.dart:2768:7)
#99     RenderProxyBoxMixin.performLayout (package:flutter/src/rendering/proxy_box.dart:118:18)
#100    RenderObject.layout (package:flutter/src/rendering/object.dart:2768:7)
#101    RenderProxyBoxMixin.performLayout (package:flutter/src/rendering/proxy_box.dart:118:18)
#102    RenderOffstage.performLayout (package:flutter/src/rendering/proxy_box.dart:3923:13)
#103    RenderObject.layout (package:flutter/src/rendering/object.dart:2768:7)
#104    RenderProxyBoxMixin.performLayout (package:flutter/src/rendering/proxy_box.dart:118:18)
#105    RenderObject.layout (package:flutter/src/rendering/object.dart:2768:7)
#106    _RenderTheaterMixin.layoutChild (package:flutter/src/widgets/overlay.dart:1084:13)
#107    _RenderTheater.performLayout (package:flutter/src/widgets/overlay.dart:1429:9)
#108    RenderObject.layout (package:flutter/src/rendering/object.dart:2768:7)
#109    RenderProxyBoxMixin.performLayout (package:flutter/src/rendering/proxy_box.dart:118:18)
#110    RenderObject.layout (package:flutter/src/rendering/object.dart:2768:7)
#111    RenderProxyBoxMixin.performLayout (package:flutter/src/rendering/proxy_box.dart:118:18)
#112    RenderObject.layout (package:flutter/src/rendering/object.dart:2768:7)
#113    RenderProxyBoxMixin.performLayout (package:flutter/src/rendering/proxy_box.dart:118:18)
#114    RenderObject.layout (package:flutter/src/rendering/object.dart:2768:7)
#115    RenderProxyBoxMixin.performLayout (package:flutter/src/rendering/proxy_box.dart:118:18)
#116    RenderCustomPaint.performLayout (package:flutter/src/rendering/custom_paint.dart:574:11)
#117    RenderObject.layout (package:flutter/src/rendering/object.dart:2768:7)
#118    RenderProxyBoxMixin.performLayout (package:flutter/src/rendering/proxy_box.dart:118:18)
#119    RenderObject.layout (package:flutter/src/rendering/object.dart:2768:7)
#120    RenderProxyBoxMixin.performLayout (package:flutter/src/rendering/proxy_box.dart:118:18)
#121    RenderObject.layout (package:flutter/src/rendering/object.dart:2768:7)
#122    RenderProxyBoxMixin.performLayout (package:flutter/src/rendering/proxy_box.dart:118:18)
#123    RenderObject.layout (package:flutter/src/rendering/object.dart:2768:7)
#124    RenderProxyBoxMixin.performLayout (package:flutter/src/rendering/proxy_box.dart:118:18)
#125    RenderObject.layout (package:flutter/src/rendering/object.dart:2768:7)
#126    RenderProxyBoxMixin.performLayout (package:flutter/src/rendering/proxy_box.dart:118:18)
#127    RenderObject.layout (package:flutter/src/rendering/object.dart:2768:7)
#128    RenderProxyBoxMixin.performLayout (package:flutter/src/rendering/proxy_box.dart:118:18)
#129    RenderObject.layout (package:flutter/src/rendering/object.dart:2768:7)
#130    RenderView.performLayout (package:flutter/src/rendering/view.dart:292:12)
#131    RenderObject._layoutWithoutResize (package:flutter/src/rendering/object.dart:2616:7)
#132    PipelineOwner.flushLayout (package:flutter/src/rendering/object.dart:1174:18)
#133    PipelineOwner.flushLayout (package:flutter/src/rendering/object.dart:1187:15)
#134    AutomatedTestWidgetsFlutterBinding.drawFrame (package:flutter_test/src/binding.dart:2133:27)
#135    RendererBinding._handlePersistentFrameCallback (package:flutter/src/rendering/binding.dart:495:5)
#136    SchedulerBinding._invokeFrameCallback (package:flutter/src/scheduler/binding.dart:1430:15)
#137    SchedulerBinding.handleDrawFrame (package:flutter/src/scheduler/binding.dart:1345:9)
#138    AutomatedTestWidgetsFlutterBinding.pump.<anonymous closure> (package:flutter_test/src/binding.dart:1960:9)
#141    TestAsyncUtils.guard (package:flutter_test/src/test_async_utils.dart:74:41)
#142    AutomatedTestWidgetsFlutterBinding.pump (package:flutter_test/src/binding.dart:1949:27)
#143    WidgetTester.pumpWidget.<anonymous closure> (package:flutter_test/src/widget_tester.dart:598:22)
#146    TestAsyncUtils.guard (package:flutter_test/src/test_async_utils.dart:74:41)
#147    WidgetTester.pumpWidget (package:flutter_test/src/widget_tester.dart:595:27)
#148    main.<anonymous closure>.<anonymous closure> (file:///C:/Users/bhara/StudioProjects/simple_billing_app/test/widget/billing_screen_test.dart:38:20)
#149    testWidgets.<anonymous closure>.<anonymous closure> (package:flutter_test/src/widget_tester.dart:192:29)
<asynchronous suspension>
#150    TestWidgetsFlutterBinding._runTestBody (package:flutter_test/src/binding.dart:1682:5)
<asynchronous suspension>
<asynchronous suspension>
(elided 7 frames from class _AssertionError, dart:async, and package:stack_trace)

The following RenderObject was being processed when the exception was fired: _RenderDecoration#fd8a9 relayoutBoundary=up25 NEEDS-PAINT NEEDS-COMPOSITING-BITS-UPDATE:
  creator: _Decorator ΓåÉ InputDecorator ΓåÉ AnimatedBuilder ΓåÉ Listener ΓåÉ RawGestureDetector ΓåÉ
    TextSelectionGestureDetector ΓåÉ Semantics ΓåÉ AnimatedBuilder ΓåÉ IgnorePointer ΓåÉ TextFieldTapRegion ΓåÉ
    MouseRegion ΓåÉ TextField ΓåÉ Γï»
  parentData: <none> (can use size)
  constraints: BoxConstraints(unconstrained)
  size: MISSING
This RenderObject had the following descendants (showing up to depth 5):
    input: RenderRepaintBoundary#6f986 NEEDS-LAYOUT NEEDS-PAINT NEEDS-COMPOSITING-BITS-UPDATE
      child: _RenderCompositionCallback#ed2e4 NEEDS-LAYOUT NEEDS-PAINT NEEDS-COMPOSITING-BITS-UPDATE
        child: RenderTapRegion#7c0d2 NEEDS-LAYOUT NEEDS-PAINT NEEDS-COMPOSITING-BITS-UPDATE
          child: RenderMouseRegion#f997a NEEDS-LAYOUT NEEDS-PAINT NEEDS-COMPOSITING-BITS-UPDATE
            child: RenderPointerListener#8c4b0 NEEDS-LAYOUT NEEDS-PAINT NEEDS-COMPOSITING-BITS-UPDATE
    prefixIcon: RenderPositionedBox#a6ed1 NEEDS-LAYOUT NEEDS-PAINT NEEDS-COMPOSITING-BITS-UPDATE
      child: RenderMouseRegion#ff7b2 NEEDS-LAYOUT NEEDS-PAINT NEEDS-COMPOSITING-BITS-UPDATE
        child: RenderConstrainedBox#12661 NEEDS-LAYOUT NEEDS-PAINT NEEDS-COMPOSITING-BITS-UPDATE
          child: RenderSemanticsAnnotations#d10ea NEEDS-LAYOUT NEEDS-PAINT NEEDS-COMPOSITING-BITS-UPDATE
            child: RenderSemanticsAnnotations#1cfbc NEEDS-LAYOUT NEEDS-PAINT NEEDS-COMPOSITING-BITS-UPDATE
    hint: RenderAnimatedOpacity#8df27 NEEDS-LAYOUT NEEDS-PAINT NEEDS-COMPOSITING-BITS-UPDATE
      child: RenderParagraph#11d29 NEEDS-LAYOUT NEEDS-PAINT
        text: TextSpan
    helperError: RenderConstrainedBox#7cde9 NEEDS-LAYOUT NEEDS-PAINT
    container: RenderCustomPaint#2913e NEEDS-LAYOUT NEEDS-PAINT
ΓòÉΓòÉΓòÉΓòÉΓòÉΓòÉΓòÉΓòÉΓòÉΓòÉΓòÉΓòÉΓòÉΓòÉΓòÉΓòÉΓòÉΓòÉΓòÉΓòÉΓòÉΓòÉΓòÉΓòÉΓòÉΓòÉΓòÉΓòÉΓòÉΓòÉΓòÉΓòÉΓòÉΓòÉΓòÉΓòÉΓòÉΓòÉΓòÉΓòÉΓòÉΓòÉΓòÉΓòÉΓòÉΓòÉΓòÉΓòÉΓòÉΓòÉΓòÉΓòÉΓòÉΓòÉΓòÉΓòÉΓòÉΓòÉΓòÉΓòÉΓòÉΓòÉΓòÉΓòÉΓòÉΓòÉΓòÉΓòÉΓòÉΓòÉΓòÉΓòÉΓòÉΓòÉΓòÉΓòÉΓòÉΓòÉΓòÉΓòÉΓòÉΓòÉΓòÉΓòÉΓòÉΓòÉΓòÉΓòÉΓòÉΓòÉΓòÉΓòÉΓòÉΓòÉΓòÉΓòÉΓòÉΓòÉΓòÉΓòÉ
ΓòÉΓòÉΓòí EXCEPTION CAUGHT BY RENDERING LIBRARY Γò₧ΓòÉΓòÉΓòÉΓòÉΓòÉΓòÉΓòÉΓòÉΓòÉΓòÉΓòÉΓòÉΓòÉΓòÉΓòÉΓòÉΓòÉΓòÉΓòÉΓòÉΓòÉΓòÉΓòÉΓòÉΓòÉΓòÉΓòÉΓòÉΓòÉΓòÉΓòÉΓòÉΓòÉΓòÉΓòÉΓòÉΓòÉΓòÉΓòÉΓòÉΓòÉΓòÉΓòÉΓòÉΓòÉΓòÉΓòÉΓòÉΓòÉΓòÉΓòÉΓòÉΓòÉΓòÉΓòÉΓòÉΓòÉ
The following assertion was thrown during performLayout():
RenderBox was not laid out: _RenderDecoration#fd8a9 relayoutBoundary=up25 NEEDS-PAINT
NEEDS-COMPOSITING-BITS-UPDATE
'package:flutter/src/rendering/box.dart':
Failed assertion: line 2251 pos 12: 'hasSize'

Either the assertion indicates an error in the framework itself, or we should provide substantially
more information in this error message to help you determine and fix the underlying cause.
In either case, please report this assertion by filing a bug on GitHub:
  https://github.com/flutter/flutter/issues/new?template=02_bug.yml

The relevant error-causing widget was:
  TextField
  TextField:file:///C:/Users/bhara/StudioProjects/simple_billing_app/lib/views/screens/billing_screen.dart:310:22

When the exception was thrown, this was the stack:
#2      RenderBox.size (package:flutter/src/rendering/box.dart:2251:12)
#3      RenderProxyBoxMixin.performLayout (package:flutter/src/rendering/proxy_box.dart:118:62)
#4      RenderObject.layout (package:flutter/src/rendering/object.dart:2768:7)
#5      RenderProxyBoxMixin.performLayout (package:flutter/src/rendering/proxy_box.dart:118:18)
#6      RenderObject.layout (package:flutter/src/rendering/object.dart:2768:7)
#7      RenderProxyBoxMixin.performLayout (package:flutter/src/rendering/proxy_box.dart:118:18)
#8      RenderObject.layout (package:flutter/src/rendering/object.dart:2768:7)
#9      RenderProxyBoxMixin.performLayout (package:flutter/src/rendering/proxy_box.dart:118:18)
#10     RenderObject.layout (package:flutter/src/rendering/object.dart:2768:7)
#11     RenderTapRegion.layout (package:flutter/src/widgets/tap_region.dart:686:11)
#12     RenderProxyBoxMixin.performLayout (package:flutter/src/rendering/proxy_box.dart:118:18)
#13     RenderObject.layout (package:flutter/src/rendering/object.dart:2768:7)
#14     RenderProxyBoxMixin.performLayout (package:flutter/src/rendering/proxy_box.dart:118:18)
#15     RenderObject.layout (package:flutter/src/rendering/object.dart:2768:7)
#16     RenderProxyBoxMixin.performLayout (package:flutter/src/rendering/proxy_box.dart:118:18)
#17     RenderObject.layout (package:flutter/src/rendering/object.dart:2768:7)
#18     RenderProxyBoxMixin.performLayout (package:flutter/src/rendering/proxy_box.dart:118:18)
#19     RenderObject.layout (package:flutter/src/rendering/object.dart:2768:7)
#20     ChildLayoutHelper.layoutChild (package:flutter/src/rendering/layout_helper.dart:62:11)
#21     RenderFlex._computeSizes (package:flutter/src/rendering/flex.dart:1237:28)
#22     RenderFlex.performLayout (package:flutter/src/rendering/flex.dart:1329:32)
#23     RenderObject.layout (package:flutter/src/rendering/object.dart:2768:7)
#24     RenderPadding.performLayout (package:flutter/src/rendering/shifted_box.dart:262:12)
#25     RenderObject.layout (package:flutter/src/rendering/object.dart:2768:7)
#26     RenderProxyBoxMixin.performLayout (package:flutter/src/rendering/proxy_box.dart:118:18)
#27     RenderObject.layout (package:flutter/src/rendering/object.dart:2768:7)
#28     ChildLayoutHelper.layoutChild (package:flutter/src/rendering/layout_helper.dart:62:11)
#29     RenderFlex._computeSizes (package:flutter/src/rendering/flex.dart:1237:28)
#30     RenderFlex.performLayout (package:flutter/src/rendering/flex.dart:1329:32)
#31     RenderObject.layout (package:flutter/src/rendering/object.dart:2768:7)
#32     ChildLayoutHelper.layoutChild (package:flutter/src/rendering/layout_helper.dart:62:11)
#33     RenderFlex._computeSizes (package:flutter/src/rendering/flex.dart:1237:28)
#34     RenderFlex.performLayout (package:flutter/src/rendering/flex.dart:1329:32)
#35     RenderObject.layout (package:flutter/src/rendering/object.dart:2768:7)
#36     _RenderSingleChildViewport.performLayout (package:flutter/src/widgets/single_child_scroll_view.dart:502:14)
#37     RenderObject.layout (package:flutter/src/rendering/object.dart:2768:7)
#38     RenderProxyBoxMixin.performLayout (package:flutter/src/rendering/proxy_box.dart:118:18)
#39     RenderObject.layout (package:flutter/src/rendering/object.dart:2768:7)
#40     RenderProxyBoxMixin.performLayout (package:flutter/src/rendering/proxy_box.dart:118:18)
#41     RenderObject.layout (package:flutter/src/rendering/object.dart:2768:7)
#42     RenderProxyBoxMixin.performLayout (package:flutter/src/rendering/proxy_box.dart:118:18)
#43     RenderObject.layout (package:flutter/src/rendering/object.dart:2768:7)
#44     RenderProxyBoxMixin.performLayout (package:flutter/src/rendering/proxy_box.dart:118:18)
#45     RenderObject.layout (package:flutter/src/rendering/object.dart:2768:7)
#46     RenderProxyBoxMixin.performLayout (package:flutter/src/rendering/proxy_box.dart:118:18)
#47     RenderObject.layout (package:flutter/src/rendering/object.dart:2768:7)
#48     RenderProxyBoxMixin.performLayout (package:flutter/src/rendering/proxy_box.dart:118:18)
#49     RenderObject.layout (package:flutter/src/rendering/object.dart:2768:7)
#50     RenderProxyBoxMixin.performLayout (package:flutter/src/rendering/proxy_box.dart:118:18)
#51     RenderObject.layout (package:flutter/src/rendering/object.dart:2768:7)
#52     RenderProxyBoxMixin.performLayout (package:flutter/src/rendering/proxy_box.dart:118:18)
#53     _RenderCustomClip.performLayout (package:flutter/src/rendering/proxy_box.dart:1549:11)
#54     RenderObject.layout (package:flutter/src/rendering/object.dart:2768:7)
#55     RenderPadding.performLayout (package:flutter/src/rendering/shifted_box.dart:262:12)
#56     RenderObject.layout (package:flutter/src/rendering/object.dart:2768:7)
#57     _RenderLayoutBuilder.performLayout (package:flutter/src/widgets/layout_builder.dart:449:14)
#58     RenderObject.layout (package:flutter/src/rendering/object.dart:2768:7)
#59     MultiChildLayoutDelegate.layoutChild (package:flutter/src/rendering/custom_layout.dart:180:12)
#60     _ScaffoldLayout.performLayout (package:flutter/src/material/scaffold.dart:1113:7)
#61     MultiChildLayoutDelegate._callPerformLayout (package:flutter/src/rendering/custom_layout.dart:246:7)
#62     RenderCustomMultiChildLayoutBox.performLayout (package:flutter/src/rendering/custom_layout.dart:417:14)
#63     RenderObject.layout (package:flutter/src/rendering/object.dart:2768:7)
#64     RenderProxyBoxMixin.performLayout (package:flutter/src/rendering/proxy_box.dart:118:18)
#65     RenderObject.layout (package:flutter/src/rendering/object.dart:2768:7)
#66     RenderProxyBoxMixin.performLayout (package:flutter/src/rendering/proxy_box.dart:118:18)
#67     _RenderCustomClip.performLayout (package:flutter/src/rendering/proxy_box.dart:1549:11)
#68     RenderObject.layout (package:flutter/src/rendering/object.dart:2768:7)
#69     RenderProxyBoxMixin.performLayout (package:flutter/src/rendering/proxy_box.dart:118:18)
#70     RenderObject.layout (package:flutter/src/rendering/object.dart:2768:7)
#71     RenderProxyBoxMixin.performLayout (package:flutter/src/rendering/proxy_box.dart:118:18)
#72     RenderObject.layout (package:flutter/src/rendering/object.dart:2768:7)
#73     RenderProxyBoxMixin.performLayout (package:flutter/src/rendering/proxy_box.dart:118:18)
#74     RenderObject.layout (package:flutter/src/rendering/object.dart:2768:7)
#75     RenderProxyBoxMixin.performLayout (package:flutter/src/rendering/proxy_box.dart:118:18)
#76     RenderObject.layout (package:flutter/src/rendering/object.dart:2768:7)
#77     RenderProxyBoxMixin.performLayout (package:flutter/src/rendering/proxy_box.dart:118:18)
#78     RenderObject.layout (package:flutter/src/rendering/object.dart:2768:7)
#79     RenderProxyBoxMixin.performLayout (package:flutter/src/rendering/proxy_box.dart:118:18)
#80     RenderObject.layout (package:flutter/src/rendering/object.dart:2768:7)
#81     RenderProxyBoxMixin.performLayout (package:flutter/src/rendering/proxy_box.dart:118:18)
#82     RenderObject.layout (package:flutter/src/rendering/object.dart:2768:7)
#83     RenderProxyBoxMixin.performLayout (package:flutter/src/rendering/proxy_box.dart:118:18)
#84     RenderObject.layout (package:flutter/src/rendering/object.dart:2768:7)
#85     RenderProxyBoxMixin.performLayout (package:flutter/src/rendering/proxy_box.dart:118:18)
#86     RenderObject.layout (package:flutter/src/rendering/object.dart:2768:7)
#87     RenderProxyBoxMixin.performLayout (package:flutter/src/rendering/proxy_box.dart:118:18)
#88     RenderObject.layout (package:flutter/src/rendering/object.dart:2768:7)
#89     RenderProxyBoxMixin.performLayout (package:flutter/src/rendering/proxy_box.dart:118:18)
#90     RenderObject.layout (package:flutter/src/rendering/object.dart:2768:7)
#91     RenderProxyBoxMixin.performLayout (package:flutter/src/rendering/proxy_box.dart:118:18)
#92     RenderObject.layout (package:flutter/src/rendering/object.dart:2768:7)
#93     RenderProxyBoxMixin.performLayout (package:flutter/src/rendering/proxy_box.dart:118:18)
#94     RenderObject.layout (package:flutter/src/rendering/object.dart:2768:7)
#95     RenderProxyBoxMixin.performLayout (package:flutter/src/rendering/proxy_box.dart:118:18)
#96     RenderObject.layout (package:flutter/src/rendering/object.dart:2768:7)
#97     RenderProxyBoxMixin.performLayout (package:flutter/src/rendering/proxy_box.dart:118:18)
#98     RenderObject.layout (package:flutter/src/rendering/object.dart:2768:7)
#99     RenderProxyBoxMixin.performLayout (package:flutter/src/rendering/proxy_box.dart:118:18)
#100    RenderOffstage.performLayout (package:flutter/src/rendering/proxy_box.dart:3923:13)
#101    RenderObject.layout (package:flutter/src/rendering/object.dart:2768:7)
#102    RenderProxyBoxMixin.performLayout (package:flutter/src/rendering/proxy_box.dart:118:18)
#103    RenderObject.layout (package:flutter/src/rendering/object.dart:2768:7)
#104    _RenderTheaterMixin.layoutChild (package:flutter/src/widgets/overlay.dart:1084:13)
#105    _RenderTheater.performLayout (package:flutter/src/widgets/overlay.dart:1429:9)
#106    RenderObject.layout (package:flutter/src/rendering/object.dart:2768:7)
#107    RenderProxyBoxMixin.performLayout (package:flutter/src/rendering/proxy_box.dart:118:18)
#108    RenderObject.layout (package:flutter/src/rendering/object.dart:2768:7)
#109    RenderProxyBoxMixin.performLayout (package:flutter/src/rendering/proxy_box.dart:118:18)
#110    RenderObject.layout (package:flutter/src/rendering/object.dart:2768:7)
#111    RenderProxyBoxMixin.performLayout (package:flutter/src/rendering/proxy_box.dart:118:18)
#112    RenderObject.layout (package:flutter/src/rendering/object.dart:2768:7)
#113    RenderProxyBoxMixin.performLayout (package:flutter/src/rendering/proxy_box.dart:118:18)
#114    RenderCustomPaint.performLayout (package:flutter/src/rendering/custom_paint.dart:574:11)
#115    RenderObject.layout (package:flutter/src/rendering/object.dart:2768:7)
#116    RenderProxyBoxMixin.performLayout (package:flutter/src/rendering/proxy_box.dart:118:18)
#117    RenderObject.layout (package:flutter/src/rendering/object.dart:2768:7)
#118    RenderProxyBoxMixin.performLayout (package:flutter/src/rendering/proxy_box.dart:118:18)
#119    RenderObject.layout (package:flutter/src/rendering/object.dart:2768:7)
#120    RenderProxyBoxMixin.performLayout (package:flutter/src/rendering/proxy_box.dart:118:18)
#121    RenderObject.layout (package:flutter/src/rendering/object.dart:2768:7)
#122    RenderProxyBoxMixin.performLayout (package:flutter/src/rendering/proxy_box.dart:118:18)
#123    RenderObject.layout (package:flutter/src/rendering/object.dart:2768:7)
#124    RenderProxyBoxMixin.performLayout (package:flutter/src/rendering/proxy_box.dart:118:18)
#125    RenderObject.layout (package:flutter/src/rendering/object.dart:2768:7)
#126    RenderProxyBoxMixin.performLayout (package:flutter/src/rendering/proxy_box.dart:118:18)
#127    RenderObject.layout (package:flutter/src/rendering/object.dart:2768:7)
#128    RenderView.performLayout (package:flutter/src/rendering/view.dart:292:12)
#129    RenderObject._layoutWithoutResize (package:flutter/src/rendering/object.dart:2616:7)
#130    PipelineOwner.flushLayout (package:flutter/src/rendering/object.dart:1174:18)
#131    PipelineOwner.flushLayout (package:flutter/src/rendering/object.dart:1187:15)
#132    AutomatedTestWidgetsFlutterBinding.drawFrame (package:flutter_test/src/binding.dart:2133:27)
#133    RendererBinding._handlePersistentFrameCallback (package:flutter/src/rendering/binding.dart:495:5)
#134    SchedulerBinding._invokeFrameCallback (package:flutter/src/scheduler/binding.dart:1430:15)
#135    SchedulerBinding.handleDrawFrame (package:flutter/src/scheduler/binding.dart:1345:9)
#136    AutomatedTestWidgetsFlutterBinding.pump.<anonymous closure> (package:flutter_test/src/binding.dart:1960:9)
#139    TestAsyncUtils.guard (package:flutter_test/src/test_async_utils.dart:74:41)
#140    AutomatedTestWidgetsFlutterBinding.pump (package:flutter_test/src/binding.dart:1949:27)
#141    WidgetTester.pumpWidget.<anonymous closure> (package:flutter_test/src/widget_tester.dart:598:22)
#144    TestAsyncUtils.guard (package:flutter_test/src/test_async_utils.dart:74:41)
#145    WidgetTester.pumpWidget (package:flutter_test/src/widget_tester.dart:595:27)
#146    main.<anonymous closure>.<anonymous closure> (file:///C:/Users/bhara/StudioProjects/simple_billing_app/test/widget/billing_screen_test.dart:38:20)
#147    testWidgets.<anonymous closure>.<anonymous closure> (package:flutter_test/src/widget_tester.dart:192:29)
<asynchronous suspension>
#148    TestWidgetsFlutterBinding._runTestBody (package:flutter_test/src/binding.dart:1682:5)
<asynchronous suspension>
<asynchronous suspension>
(elided 7 frames from class _AssertionError, dart:async, and package:stack_trace)

The following RenderObject was being processed when the exception was fired: RenderPointerListener#724b5 relayoutBoundary=up24 NEEDS-LAYOUT NEEDS-PAINT NEEDS-COMPOSITING-BITS-UPDATE:
  creator: Listener ΓåÉ RawGestureDetector ΓåÉ TextSelectionGestureDetector ΓåÉ Semantics ΓåÉ AnimatedBuilder
    ΓåÉ IgnorePointer ΓåÉ TextFieldTapRegion ΓåÉ MouseRegion ΓåÉ TextField ΓåÉ AbsorbPointer ΓåÉ Listener ΓåÉ
    _GestureSemantics ΓåÉ Γï»
  parentData: <none> (can use size)
  constraints: BoxConstraints(unconstrained)
  size: MISSING
  behavior: translucent
  listeners: down, panZoomStart
This RenderObject had the following descendants (showing up to depth 5):
    child: _RenderDecoration#fd8a9 relayoutBoundary=up25 NEEDS-PAINT NEEDS-COMPOSITING-BITS-UPDATE
      input: RenderRepaintBoundary#6f986 NEEDS-LAYOUT NEEDS-PAINT NEEDS-COMPOSITING-BITS-UPDATE
        child: _RenderCompositionCallback#ed2e4 NEEDS-LAYOUT NEEDS-PAINT NEEDS-COMPOSITING-BITS-UPDATE
          child: RenderTapRegion#7c0d2 NEEDS-LAYOUT NEEDS-PAINT NEEDS-COMPOSITING-BITS-UPDATE
            child: RenderMouseRegion#f997a NEEDS-LAYOUT NEEDS-PAINT NEEDS-COMPOSITING-BITS-UPDATE
      prefixIcon: RenderPositionedBox#a6ed1 NEEDS-LAYOUT NEEDS-PAINT NEEDS-COMPOSITING-BITS-UPDATE
        child: RenderMouseRegion#ff7b2 NEEDS-LAYOUT NEEDS-PAINT NEEDS-COMPOSITING-BITS-UPDATE
          child: RenderConstrainedBox#12661 NEEDS-LAYOUT NEEDS-PAINT NEEDS-COMPOSITING-BITS-UPDATE
            child: RenderSemanticsAnnotations#d10ea NEEDS-LAYOUT NEEDS-PAINT NEEDS-COMPOSITING-BITS-UPDATE
      hint: RenderAnimatedOpacity#8df27 NEEDS-LAYOUT NEEDS-PAINT NEEDS-COMPOSITING-BITS-UPDATE
        child: RenderParagraph#11d29 NEEDS-LAYOUT NEEDS-PAINT
          text: TextSpan
      helperError: RenderConstrainedBox#7cde9 NEEDS-LAYOUT NEEDS-PAINT
      container: RenderCustomPaint#2913e NEEDS-LAYOUT NEEDS-PAINT
ΓòÉΓòÉΓòÉΓòÉΓòÉΓòÉΓòÉΓòÉΓòÉΓòÉΓòÉΓòÉΓòÉΓòÉΓòÉΓòÉΓòÉΓòÉΓòÉΓòÉΓòÉΓòÉΓòÉΓòÉΓòÉΓòÉΓòÉΓòÉΓòÉΓòÉΓòÉΓòÉΓòÉΓòÉΓòÉΓòÉΓòÉΓòÉΓòÉΓòÉΓòÉΓòÉΓòÉΓòÉΓòÉΓòÉΓòÉΓòÉΓòÉΓòÉΓòÉΓòÉΓòÉΓòÉΓòÉΓòÉΓòÉΓòÉΓòÉΓòÉΓòÉΓòÉΓòÉΓòÉΓòÉΓòÉΓòÉΓòÉΓòÉΓòÉΓòÉΓòÉΓòÉΓòÉΓòÉΓòÉΓòÉΓòÉΓòÉΓòÉΓòÉΓòÉΓòÉΓòÉΓòÉΓòÉΓòÉΓòÉΓòÉΓòÉΓòÉΓòÉΓòÉΓòÉΓòÉΓòÉΓòÉΓòÉΓòÉΓòÉ
ΓòÉΓòÉΓòí EXCEPTION CAUGHT BY RENDERING LIBRARY Γò₧ΓòÉΓòÉΓòÉΓòÉΓòÉΓòÉΓòÉΓòÉΓòÉΓòÉΓòÉΓòÉΓòÉΓòÉΓòÉΓòÉΓòÉΓòÉΓòÉΓòÉΓòÉΓòÉΓòÉΓòÉΓòÉΓòÉΓòÉΓòÉΓòÉΓòÉΓòÉΓòÉΓòÉΓòÉΓòÉΓòÉΓòÉΓòÉΓòÉΓòÉΓòÉΓòÉΓòÉΓòÉΓòÉΓòÉΓòÉΓòÉΓòÉΓòÉΓòÉΓòÉΓòÉΓòÉΓòÉΓòÉΓòÉ
The following assertion was thrown during performLayout():
RenderBox was not laid out: RenderPointerListener#724b5 relayoutBoundary=up24 NEEDS-PAINT
NEEDS-COMPOSITING-BITS-UPDATE
'package:flutter/src/rendering/box.dart':
Failed assertion: line 2251 pos 12: 'hasSize'

Either the assertion indicates an error in the framework itself, or we should provide substantially
more information in this error message to help you determine and fix the underlying cause.
In either case, please report this assertion by filing a bug on GitHub:
  https://github.com/flutter/flutter/issues/new?template=02_bug.yml

The relevant error-causing widget was:
  TextField
  TextField:file:///C:/Users/bhara/StudioProjects/simple_billing_app/lib/views/screens/billing_screen.dart:310:22

When the exception was thrown, this was the stack:
#2      RenderBox.size (package:flutter/src/rendering/box.dart:2251:12)
#3      RenderProxyBoxMixin.performLayout (package:flutter/src/rendering/proxy_box.dart:118:62)
#4      RenderObject.layout (package:flutter/src/rendering/object.dart:2768:7)
#5      RenderProxyBoxMixin.performLayout (package:flutter/src/rendering/proxy_box.dart:118:18)
#6      RenderObject.layout (package:flutter/src/rendering/object.dart:2768:7)
#7      RenderProxyBoxMixin.performLayout (package:flutter/src/rendering/proxy_box.dart:118:18)
#8      RenderObject.layout (package:flutter/src/rendering/object.dart:2768:7)
#9      RenderTapRegion.layout (package:flutter/src/widgets/tap_region.dart:686:11)
#10     RenderProxyBoxMixin.performLayout (package:flutter/src/rendering/proxy_box.dart:118:18)
#11     RenderObject.layout (package:flutter/src/rendering/object.dart:2768:7)
#12     RenderProxyBoxMixin.performLayout (package:flutter/src/rendering/proxy_box.dart:118:18)
#13     RenderObject.layout (package:flutter/src/rendering/object.dart:2768:7)
#14     RenderProxyBoxMixin.performLayout (package:flutter/src/rendering/proxy_box.dart:118:18)
#15     RenderObject.layout (package:flutter/src/rendering/object.dart:2768:7)
#16     RenderProxyBoxMixin.performLayout (package:flutter/src/rendering/proxy_box.dart:118:18)
#17     RenderObject.layout (package:flutter/src/rendering/object.dart:2768:7)
#18     ChildLayoutHelper.layoutChild (package:flutter/src/rendering/layout_helper.dart:62:11)
#19     RenderFlex._computeSizes (package:flutter/src/rendering/flex.dart:1237:28)
#20     RenderFlex.performLayout (package:flutter/src/rendering/flex.dart:1329:32)
#21     RenderObject.layout (package:flutter/src/rendering/object.dart:2768:7)
#22     RenderPadding.performLayout (package:flutter/src/rendering/shifted_box.dart:262:12)
#23     RenderObject.layout (package:flutter/src/rendering/object.dart:2768:7)
#24     RenderProxyBoxMixin.performLayout (package:flutter/src/rendering/proxy_box.dart:118:18)
#25     RenderObject.layout (package:flutter/src/rendering/object.dart:2768:7)
#26     ChildLayoutHelper.layoutChild (package:flutter/src/rendering/layout_helper.dart:62:11)
#27     RenderFlex._computeSizes (package:flutter/src/rendering/flex.dart:1237:28)
#28     RenderFlex.performLayout (package:flutter/src/rendering/flex.dart:1329:32)
#29     RenderObject.layout (package:flutter/src/rendering/object.dart:2768:7)
#30     ChildLayoutHelper.layoutChild (package:flutter/src/rendering/layout_helper.dart:62:11)
#31     RenderFlex._computeSizes (package:flutter/src/rendering/flex.dart:1237:28)
#32     RenderFlex.performLayout (package:flutter/src/rendering/flex.dart:1329:32)
#33     RenderObject.layout (package:flutter/src/rendering/object.dart:2768:7)
#34     _RenderSingleChildViewport.performLayout (package:flutter/src/widgets/single_child_scroll_view.dart:502:14)
#35     RenderObject.layout (package:flutter/src/rendering/object.dart:2768:7)
#36     RenderProxyBoxMixin.performLayout (package:flutter/src/rendering/proxy_box.dart:118:18)
#37     RenderObject.layout (package:flutter/src/rendering/object.dart:2768:7)
#38     RenderProxyBoxMixin.performLayout (package:flutter/src/rendering/proxy_box.dart:118:18)
#39     RenderObject.layout (package:flutter/src/rendering/object.dart:2768:7)
#40     RenderProxyBoxMixin.performLayout (package:flutter/src/rendering/proxy_box.dart:118:18)
#41     RenderObject.layout (package:flutter/src/rendering/object.dart:2768:7)
#42     RenderProxyBoxMixin.performLayout (package:flutter/src/rendering/proxy_box.dart:118:18)
#43     RenderObject.layout (package:flutter/src/rendering/object.dart:2768:7)
#44     RenderProxyBoxMixin.performLayout (package:flutter/src/rendering/proxy_box.dart:118:18)
#45     RenderObject.layout (package:flutter/src/rendering/object.dart:2768:7)
#46     RenderProxyBoxMixin.performLayout (package:flutter/src/rendering/proxy_box.dart:118:18)
#47     RenderObject.layout (package:flutter/src/rendering/object.dart:2768:7)
#48     RenderProxyBoxMixin.performLayout (package:flutter/src/rendering/proxy_box.dart:118:18)
#49     RenderObject.layout (package:flutter/src/rendering/object.dart:2768:7)
#50     RenderProxyBoxMixin.performLayout (package:flutter/src/rendering/proxy_box.dart:118:18)
#51     _RenderCustomClip.performLayout (package:flutter/src/rendering/proxy_box.dart:1549:11)
#52     RenderObject.layout (package:flutter/src/rendering/object.dart:2768:7)
#53     RenderPadding.performLayout (package:flutter/src/rendering/shifted_box.dart:262:12)
#54     RenderObject.layout (package:flutter/src/rendering/object.dart:2768:7)
#55     _RenderLayoutBuilder.performLayout (package:flutter/src/widgets/layout_builder.dart:449:14)
#56     RenderObject.layout (package:flutter/src/rendering/object.dart:2768:7)
#57     MultiChildLayoutDelegate.layoutChild (package:flutter/src/rendering/custom_layout.dart:180:12)
#58     _ScaffoldLayout.performLayout (package:flutter/src/material/scaffold.dart:1113:7)
#59     MultiChildLayoutDelegate._callPerformLayout (package:flutter/src/rendering/custom_layout.dart:246:7)
#60     RenderCustomMultiChildLayoutBox.performLayout (package:flutter/src/rendering/custom_layout.dart:417:14)
#61     RenderObject.layout (package:flutter/src/rendering/object.dart:2768:7)
#62     RenderProxyBoxMixin.performLayout (package:flutter/src/rendering/proxy_box.dart:118:18)
#63     RenderObject.layout (package:flutter/src/rendering/object.dart:2768:7)
#64     RenderProxyBoxMixin.performLayout (package:flutter/src/rendering/proxy_box.dart:118:18)
#65     _RenderCustomClip.performLayout (package:flutter/src/rendering/proxy_box.dart:1549:11)
#66     RenderObject.layout (package:flutter/src/rendering/object.dart:2768:7)
#67     RenderProxyBoxMixin.performLayout (package:flutter/src/rendering/proxy_box.dart:118:18)
#68     RenderObject.layout (package:flutter/src/rendering/object.dart:2768:7)
#69     RenderProxyBoxMixin.performLayout (package:flutter/src/rendering/proxy_box.dart:118:18)
#70     RenderObject.layout (package:flutter/src/rendering/object.dart:2768:7)
#71     RenderProxyBoxMixin.performLayout (package:flutter/src/rendering/proxy_box.dart:118:18)
#72     RenderObject.layout (package:flutter/src/rendering/object.dart:2768:7)
#73     RenderProxyBoxMixin.performLayout (package:flutter/src/rendering/proxy_box.dart:118:18)
#74     RenderObject.layout (package:flutter/src/rendering/object.dart:2768:7)
#75     RenderProxyBoxMixin.performLayout (package:flutter/src/rendering/proxy_box.dart:118:18)
#76     RenderObject.layout (package:flutter/src/rendering/object.dart:2768:7)
#77     RenderProxyBoxMixin.performLayout (package:flutter/src/rendering/proxy_box.dart:118:18)
#78     RenderObject.layout (package:flutter/src/rendering/object.dart:2768:7)
#79     RenderProxyBoxMixin.performLayout (package:flutter/src/rendering/proxy_box.dart:118:18)
#80     RenderObject.layout (package:flutter/src/rendering/object.dart:2768:7)
#81     RenderProxyBoxMixin.performLayout (package:flutter/src/rendering/proxy_box.dart:118:18)
#82     RenderObject.layout (package:flutter/src/rendering/object.dart:2768:7)
#83     RenderProxyBoxMixin.performLayout (package:flutter/src/rendering/proxy_box.dart:118:18)
#84     RenderObject.layout (package:flutter/src/rendering/object.dart:2768:7)
#85     RenderProxyBoxMixin.performLayout (package:flutter/src/rendering/proxy_box.dart:118:18)
#86     RenderObject.layout (package:flutter/src/rendering/object.dart:2768:7)
#87     RenderProxyBoxMixin.performLayout (package:flutter/src/rendering/proxy_box.dart:118:18)
#88     RenderObject.layout (package:flutter/src/rendering/object.dart:2768:7)
#89     RenderProxyBoxMixin.performLayout (package:flutter/src/rendering/proxy_box.dart:118:18)
#90     RenderObject.layout (package:flutter/src/rendering/object.dart:2768:7)
#91     RenderProxyBoxMixin.performLayout (package:flutter/src/rendering/proxy_box.dart:118:18)
#92     RenderObject.layout (package:flutter/src/rendering/object.dart:2768:7)
#93     RenderProxyBoxMixin.performLayout (package:flutter/src/rendering/proxy_box.dart:118:18)
#94     RenderObject.layout (package:flutter/src/rendering/object.dart:2768:7)
#95     RenderProxyBoxMixin.performLayout (package:flutter/src/rendering/proxy_box.dart:118:18)
#96     RenderObject.layout (package:flutter/src/rendering/object.dart:2768:7)
#97     RenderProxyBoxMixin.performLayout (package:flutter/src/rendering/proxy_box.dart:118:18)
#98     RenderOffstage.performLayout (package:flutter/src/rendering/proxy_box.dart:3923:13)
#99     RenderObject.layout (package:flutter/src/rendering/object.dart:2768:7)
#100    RenderProxyBoxMixin.performLayout (package:flutter/src/rendering/proxy_box.dart:118:18)
#101    RenderObject.layout (package:flutter/src/rendering/object.dart:2768:7)
#102    _RenderTheaterMixin.layoutChild (package:flutter/src/widgets/overlay.dart:1084:13)
#103    _RenderTheater.performLayout (package:flutter/src/widgets/overlay.dart:1429:9)
#104    RenderObject.layout (package:flutter/src/rendering/object.dart:2768:7)
#105    RenderProxyBoxMixin.performLayout (package:flutter/src/rendering/proxy_box.dart:118:18)
#106    RenderObject.layout (package:flutter/src/rendering/object.dart:2768:7)
#107    RenderProxyBoxMixin.performLayout (package:flutter/src/rendering/proxy_box.dart:118:18)
#108    RenderObject.layout (package:flutter/src/rendering/object.dart:2768:7)
#109    RenderProxyBoxMixin.performLayout (package:flutter/src/rendering/proxy_box.dart:118:18)
#110    RenderObject.layout (package:flutter/src/rendering/object.dart:2768:7)
#111    RenderProxyBoxMixin.performLayout (package:flutter/src/rendering/proxy_box.dart:118:18)
#112    RenderCustomPaint.performLayout (package:flutter/src/rendering/custom_paint.dart:574:11)
#113    RenderObject.layout (package:flutter/src/rendering/object.dart:2768:7)
#114    RenderProxyBoxMixin.performLayout (package:flutter/src/rendering/proxy_box.dart:118:18)
#115    RenderObject.layout (package:flutter/src/rendering/object.dart:2768:7)
#116    RenderProxyBoxMixin.performLayout (package:flutter/src/rendering/proxy_box.dart:118:18)
#117    RenderObject.layout (package:flutter/src/rendering/object.dart:2768:7)
#118    RenderProxyBoxMixin.performLayout (package:flutter/src/rendering/proxy_box.dart:118:18)
#119    RenderObject.layout (package:flutter/src/rendering/object.dart:2768:7)
#120    RenderProxyBoxMixin.performLayout (package:flutter/src/rendering/proxy_box.dart:118:18)
#121    RenderObject.layout (package:flutter/src/rendering/object.dart:2768:7)
#122    RenderProxyBoxMixin.performLayout (package:flutter/src/rendering/proxy_box.dart:118:18)
#123    RenderObject.layout (package:flutter/src/rendering/object.dart:2768:7)
#124    RenderProxyBoxMixin.performLayout (package:flutter/src/rendering/proxy_box.dart:118:18)
#125    RenderObject.layout (package:flutter/src/rendering/object.dart:2768:7)
#126    RenderView.performLayout (package:flutter/src/rendering/view.dart:292:12)
#127    RenderObject._layoutWithoutResize (package:flutter/src/rendering/object.dart:2616:7)
#128    PipelineOwner.flushLayout (package:flutter/src/rendering/object.dart:1174:18)
#129    PipelineOwner.flushLayout (package:flutter/src/rendering/object.dart:1187:15)
#130    AutomatedTestWidgetsFlutterBinding.drawFrame (package:flutter_test/src/binding.dart:2133:27)
#131    RendererBinding._handlePersistentFrameCallback (package:flutter/src/rendering/binding.dart:495:5)
#132    SchedulerBinding._invokeFrameCallback (package:flutter/src/scheduler/binding.dart:1430:15)
#133    SchedulerBinding.handleDrawFrame (package:flutter/src/scheduler/binding.dart:1345:9)
#134    AutomatedTestWidgetsFlutterBinding.pump.<anonymous closure> (package:flutter_test/src/binding.dart:1960:9)
#137    TestAsyncUtils.guard (package:flutter_test/src/test_async_utils.dart:74:41)
#138    AutomatedTestWidgetsFlutterBinding.pump (package:flutter_test/src/binding.dart:1949:27)
#139    WidgetTester.pumpWidget.<anonymous closure> (package:flutter_test/src/widget_tester.dart:598:22)
#142    TestAsyncUtils.guard (package:flutter_test/src/test_async_utils.dart:74:41)
#143    WidgetTester.pumpWidget (package:flutter_test/src/widget_tester.dart:595:27)
#144    main.<anonymous closure>.<anonymous closure> (file:///C:/Users/bhara/StudioProjects/simple_billing_app/test/widget/billing_screen_test.dart:38:20)
#145    testWidgets.<anonymous closure>.<anonymous closure> (package:flutter_test/src/widget_tester.dart:192:29)
<asynchronous suspension>
#146    TestWidgetsFlutterBinding._runTestBody (package:flutter_test/src/binding.dart:1682:5)
<asynchronous suspension>
<asynchronous suspension>
(elided 7 frames from class _AssertionError, dart:async, and package:stack_trace)

The following RenderObject was being processed when the exception was fired: RenderSemanticsAnnotations#8bf1e relayoutBoundary=up23 NEEDS-LAYOUT NEEDS-PAINT NEEDS-COMPOSITING-BITS-UPDATE:
  creator: Semantics ΓåÉ AnimatedBuilder ΓåÉ IgnorePointer ΓåÉ TextFieldTapRegion ΓåÉ MouseRegion ΓåÉ TextField
    ΓåÉ AbsorbPointer ΓåÉ Listener ΓåÉ _GestureSemantics ΓåÉ RawGestureDetector ΓåÉ GestureDetector ΓåÉ Column ΓåÉ Γï»
  parentData: <none> (can use size)
  constraints: BoxConstraints(unconstrained)
  size: MISSING
This RenderObject had the following descendants (showing up to depth 5):
    child: RenderPointerListener#724b5 relayoutBoundary=up24 NEEDS-PAINT NEEDS-COMPOSITING-BITS-UPDATE
      child: _RenderDecoration#fd8a9 relayoutBoundary=up25 NEEDS-PAINT NEEDS-COMPOSITING-BITS-UPDATE
        input: RenderRepaintBoundary#6f986 NEEDS-LAYOUT NEEDS-PAINT NEEDS-COMPOSITING-BITS-UPDATE
          child: _RenderCompositionCallback#ed2e4 NEEDS-LAYOUT NEEDS-PAINT NEEDS-COMPOSITING-BITS-UPDATE
            child: RenderTapRegion#7c0d2 NEEDS-LAYOUT NEEDS-PAINT NEEDS-COMPOSITING-BITS-UPDATE
        prefixIcon: RenderPositionedBox#a6ed1 NEEDS-LAYOUT NEEDS-PAINT NEEDS-COMPOSITING-BITS-UPDATE
          child: RenderMouseRegion#ff7b2 NEEDS-LAYOUT NEEDS-PAINT NEEDS-COMPOSITING-BITS-UPDATE
            child: RenderConstrainedBox#12661 NEEDS-LAYOUT NEEDS-PAINT NEEDS-COMPOSITING-BITS-UPDATE
        hint: RenderAnimatedOpacity#8df27 NEEDS-LAYOUT NEEDS-PAINT NEEDS-COMPOSITING-BITS-UPDATE
          child: RenderParagraph#11d29 NEEDS-LAYOUT NEEDS-PAINT
            text: TextSpan
        helperError: RenderConstrainedBox#7cde9 NEEDS-LAYOUT NEEDS-PAINT
        container: RenderCustomPaint#2913e NEEDS-LAYOUT NEEDS-PAINT
ΓòÉΓòÉΓòÉΓòÉΓòÉΓòÉΓòÉΓòÉΓòÉΓòÉΓòÉΓòÉΓòÉΓòÉΓòÉΓòÉΓòÉΓòÉΓòÉΓòÉΓòÉΓòÉΓòÉΓòÉΓòÉΓòÉΓòÉΓòÉΓòÉΓòÉΓòÉΓòÉΓòÉΓòÉΓòÉΓòÉΓòÉΓòÉΓòÉΓòÉΓòÉΓòÉΓòÉΓòÉΓòÉΓòÉΓòÉΓòÉΓòÉΓòÉΓòÉΓòÉΓòÉΓòÉΓòÉΓòÉΓòÉΓòÉΓòÉΓòÉΓòÉΓòÉΓòÉΓòÉΓòÉΓòÉΓòÉΓòÉΓòÉΓòÉΓòÉΓòÉΓòÉΓòÉΓòÉΓòÉΓòÉΓòÉΓòÉΓòÉΓòÉΓòÉΓòÉΓòÉΓòÉΓòÉΓòÉΓòÉΓòÉΓòÉΓòÉΓòÉΓòÉΓòÉΓòÉΓòÉΓòÉΓòÉΓòÉΓòÉ
ΓòÉΓòÉΓòí EXCEPTION CAUGHT BY RENDERING LIBRARY Γò₧ΓòÉΓòÉΓòÉΓòÉΓòÉΓòÉΓòÉΓòÉΓòÉΓòÉΓòÉΓòÉΓòÉΓòÉΓòÉΓòÉΓòÉΓòÉΓòÉΓòÉΓòÉΓòÉΓòÉΓòÉΓòÉΓòÉΓòÉΓòÉΓòÉΓòÉΓòÉΓòÉΓòÉΓòÉΓòÉΓòÉΓòÉΓòÉΓòÉΓòÉΓòÉΓòÉΓòÉΓòÉΓòÉΓòÉΓòÉΓòÉΓòÉΓòÉΓòÉΓòÉΓòÉΓòÉΓòÉΓòÉΓòÉ
The following assertion was thrown during performLayout():
RenderBox was not laid out: RenderSemanticsAnnotations#8bf1e relayoutBoundary=up23 NEEDS-PAINT
NEEDS-COMPOSITING-BITS-UPDATE
'package:flutter/src/rendering/box.dart':
Failed assertion: line 2251 pos 12: 'hasSize'

Either the assertion indicates an error in the framework itself, or we should provide substantially
more information in this error message to help you determine and fix the underlying cause.
In either case, please report this assertion by filing a bug on GitHub:
  https://github.com/flutter/flutter/issues/new?template=02_bug.yml

The relevant error-causing widget was:
  TextField
  TextField:file:///C:/Users/bhara/StudioProjects/simple_billing_app/lib/views/screens/billing_screen.dart:310:22

When the exception was thrown, this was the stack:
#2      RenderBox.size (package:flutter/src/rendering/box.dart:2251:12)
#3      RenderProxyBoxMixin.performLayout (package:flutter/src/rendering/proxy_box.dart:118:62)
#4      RenderObject.layout (package:flutter/src/rendering/object.dart:2768:7)
#5      RenderProxyBoxMixin.performLayout (package:flutter/src/rendering/proxy_box.dart:118:18)
#6      RenderObject.layout (package:flutter/src/rendering/object.dart:2768:7)
#7      RenderTapRegion.layout (package:flutter/src/widgets/tap_region.dart:686:11)
#8      RenderProxyBoxMixin.performLayout (package:flutter/src/rendering/proxy_box.dart:118:18)
#9      RenderObject.layout (package:flutter/src/rendering/object.dart:2768:7)
#10     RenderProxyBoxMixin.performLayout (package:flutter/src/rendering/proxy_box.dart:118:18)
#11     RenderObject.layout (package:flutter/src/rendering/object.dart:2768:7)
#12     RenderProxyBoxMixin.performLayout (package:flutter/src/rendering/proxy_box.dart:118:18)
#13     RenderObject.layout (package:flutter/src/rendering/object.dart:2768:7)
#14     RenderProxyBoxMixin.performLayout (package:flutter/src/rendering/proxy_box.dart:118:18)
#15     RenderObject.layout (package:flutter/src/rendering/object.dart:2768:7)
#16     ChildLayoutHelper.layoutChild (package:flutter/src/rendering/layout_helper.dart:62:11)
#17     RenderFlex._computeSizes (package:flutter/src/rendering/flex.dart:1237:28)
#18     RenderFlex.performLayout (package:flutter/src/rendering/flex.dart:1329:32)
#19     RenderObject.layout (package:flutter/src/rendering/object.dart:2768:7)
#20     RenderPadding.performLayout (package:flutter/src/rendering/shifted_box.dart:262:12)
#21     RenderObject.layout (package:flutter/src/rendering/object.dart:2768:7)
#22     RenderProxyBoxMixin.performLayout (package:flutter/src/rendering/proxy_box.dart:118:18)
#23     RenderObject.layout (package:flutter/src/rendering/object.dart:2768:7)
#24     ChildLayoutHelper.layoutChild (package:flutter/src/rendering/layout_helper.dart:62:11)
#25     RenderFlex._computeSizes (package:flutter/src/rendering/flex.dart:1237:28)
#26     RenderFlex.performLayout (package:flutter/src/rendering/flex.dart:1329:32)
#27     RenderObject.layout (package:flutter/src/rendering/object.dart:2768:7)
#28     ChildLayoutHelper.layoutChild (package:flutter/src/rendering/layout_helper.dart:62:11)
#29     RenderFlex._computeSizes (package:flutter/src/rendering/flex.dart:1237:28)
#30     RenderFlex.performLayout (package:flutter/src/rendering/flex.dart:1329:32)
#31     RenderObject.layout (package:flutter/src/rendering/object.dart:2768:7)
#32     _RenderSingleChildViewport.performLayout (package:flutter/src/widgets/single_child_scroll_view.dart:502:14)
#33     RenderObject.layout (package:flutter/src/rendering/object.dart:2768:7)
#34     RenderProxyBoxMixin.performLayout (package:flutter/src/rendering/proxy_box.dart:118:18)
#35     RenderObject.layout (package:flutter/src/rendering/object.dart:2768:7)
#36     RenderProxyBoxMixin.performLayout (package:flutter/src/rendering/proxy_box.dart:118:18)
#37     RenderObject.layout (package:flutter/src/rendering/object.dart:2768:7)
#38     RenderProxyBoxMixin.performLayout (package:flutter/src/rendering/proxy_box.dart:118:18)
#39     RenderObject.layout (package:flutter/src/rendering/object.dart:2768:7)
#40     RenderProxyBoxMixin.performLayout (package:flutter/src/rendering/proxy_box.dart:118:18)
#41     RenderObject.layout (package:flutter/src/rendering/object.dart:2768:7)
#42     RenderProxyBoxMixin.performLayout (package:flutter/src/rendering/proxy_box.dart:118:18)
#43     RenderObject.layout (package:flutter/src/rendering/object.dart:2768:7)
#44     RenderProxyBoxMixin.performLayout (package:flutter/src/rendering/proxy_box.dart:118:18)
#45     RenderObject.layout (package:flutter/src/rendering/object.dart:2768:7)
#46     RenderProxyBoxMixin.performLayout (package:flutter/src/rendering/proxy_box.dart:118:18)
#47     RenderObject.layout (package:flutter/src/rendering/object.dart:2768:7)
#48     RenderProxyBoxMixin.performLayout (package:flutter/src/rendering/proxy_box.dart:118:18)
#49     _RenderCustomClip.performLayout (package:flutter/src/rendering/proxy_box.dart:1549:11)
#50     RenderObject.layout (package:flutter/src/rendering/object.dart:2768:7)
#51     RenderPadding.performLayout (package:flutter/src/rendering/shifted_box.dart:262:12)
#52     RenderObject.layout (package:flutter/src/rendering/object.dart:2768:7)
#53     _RenderLayoutBuilder.performLayout (package:flutter/src/widgets/layout_builder.dart:449:14)
#54     RenderObject.layout (package:flutter/src/rendering/object.dart:2768:7)
#55     MultiChildLayoutDelegate.layoutChild (package:flutter/src/rendering/custom_layout.dart:180:12)
#56     _ScaffoldLayout.performLayout (package:flutter/src/material/scaffold.dart:1113:7)
#57     MultiChildLayoutDelegate._callPerformLayout (package:flutter/src/rendering/custom_layout.dart:246:7)
#58     RenderCustomMultiChildLayoutBox.performLayout (package:flutter/src/rendering/custom_layout.dart:417:14)
#59     RenderObject.layout (package:flutter/src/rendering/object.dart:2768:7)
#60     RenderProxyBoxMixin.performLayout (package:flutter/src/rendering/proxy_box.dart:118:18)
#61     RenderObject.layout (package:flutter/src/rendering/object.dart:2768:7)
#62     RenderProxyBoxMixin.performLayout (package:flutter/src/rendering/proxy_box.dart:118:18)
#63     _RenderCustomClip.performLayout (package:flutter/src/rendering/proxy_box.dart:1549:11)
#64     RenderObject.layout (package:flutter/src/rendering/object.dart:2768:7)
#65     RenderProxyBoxMixin.performLayout (package:flutter/src/rendering/proxy_box.dart:118:18)
#66     RenderObject.layout (package:flutter/src/rendering/object.dart:2768:7)
#67     RenderProxyBoxMixin.performLayout (package:flutter/src/rendering/proxy_box.dart:118:18)
#68     RenderObject.layout (package:flutter/src/rendering/object.dart:2768:7)
#69     RenderProxyBoxMixin.performLayout (package:flutter/src/rendering/proxy_box.dart:118:18)
#70     RenderObject.layout (package:flutter/src/rendering/object.dart:2768:7)
#71     RenderProxyBoxMixin.performLayout (package:flutter/src/rendering/proxy_box.dart:118:18)
#72     RenderObject.layout (package:flutter/src/rendering/object.dart:2768:7)
#73     RenderProxyBoxMixin.performLayout (package:flutter/src/rendering/proxy_box.dart:118:18)
#74     RenderObject.layout (package:flutter/src/rendering/object.dart:2768:7)
#75     RenderProxyBoxMixin.performLayout (package:flutter/src/rendering/proxy_box.dart:118:18)
#76     RenderObject.layout (package:flutter/src/rendering/object.dart:2768:7)
#77     RenderProxyBoxMixin.performLayout (package:flutter/src/rendering/proxy_box.dart:118:18)
#78     RenderObject.layout (package:flutter/src/rendering/object.dart:2768:7)
#79     RenderProxyBoxMixin.performLayout (package:flutter/src/rendering/proxy_box.dart:118:18)
#80     RenderObject.layout (package:flutter/src/rendering/object.dart:2768:7)
#81     RenderProxyBoxMixin.performLayout (package:flutter/src/rendering/proxy_box.dart:118:18)
#82     RenderObject.layout (package:flutter/src/rendering/object.dart:2768:7)
#83     RenderProxyBoxMixin.performLayout (package:flutter/src/rendering/proxy_box.dart:118:18)
#84     RenderObject.layout (package:flutter/src/rendering/object.dart:2768:7)
#85     RenderProxyBoxMixin.performLayout (package:flutter/src/rendering/proxy_box.dart:118:18)
#86     RenderObject.layout (package:flutter/src/rendering/object.dart:2768:7)
#87     RenderProxyBoxMixin.performLayout (package:flutter/src/rendering/proxy_box.dart:118:18)
#88     RenderObject.layout (package:flutter/src/rendering/object.dart:2768:7)
#89     RenderProxyBoxMixin.performLayout (package:flutter/src/rendering/proxy_box.dart:118:18)
#90     RenderObject.layout (package:flutter/src/rendering/object.dart:2768:7)
#91     RenderProxyBoxMixin.performLayout (package:flutter/src/rendering/proxy_box.dart:118:18)
#92     RenderObject.layout (package:flutter/src/rendering/object.dart:2768:7)
#93     RenderProxyBoxMixin.performLayout (package:flutter/src/rendering/proxy_box.dart:118:18)
#94     RenderObject.layout (package:flutter/src/rendering/object.dart:2768:7)
#95     RenderProxyBoxMixin.performLayout (package:flutter/src/rendering/proxy_box.dart:118:18)
#96     RenderOffstage.performLayout (package:flutter/src/rendering/proxy_box.dart:3923:13)
#97     RenderObject.layout (package:flutter/src/rendering/object.dart:2768:7)
#98     RenderProxyBoxMixin.performLayout (package:flutter/src/rendering/proxy_box.dart:118:18)
#99     RenderObject.layout (package:flutter/src/rendering/object.dart:2768:7)
#100    _RenderTheaterMixin.layoutChild (package:flutter/src/widgets/overlay.dart:1084:13)
#101    _RenderTheater.performLayout (package:flutter/src/widgets/overlay.dart:1429:9)
#102    RenderObject.layout (package:flutter/src/rendering/object.dart:2768:7)
#103    RenderProxyBoxMixin.performLayout (package:flutter/src/rendering/proxy_box.dart:118:18)
#104    RenderObject.layout (package:flutter/src/rendering/object.dart:2768:7)
#105    RenderProxyBoxMixin.performLayout (package:flutter/src/rendering/proxy_box.dart:118:18)
#106    RenderObject.layout (package:flutter/src/rendering/object.dart:2768:7)
#107    RenderProxyBoxMixin.performLayout (package:flutter/src/rendering/proxy_box.dart:118:18)
#108    RenderObject.layout (package:flutter/src/rendering/object.dart:2768:7)
#109    RenderProxyBoxMixin.performLayout (package:flutter/src/rendering/proxy_box.dart:118:18)
#110    RenderCustomPaint.performLayout (package:flutter/src/rendering/custom_paint.dart:574:11)
#111    RenderObject.layout (package:flutter/src/rendering/object.dart:2768:7)
#112    RenderProxyBoxMixin.performLayout (package:flutter/src/rendering/proxy_box.dart:118:18)
#113    RenderObject.layout (package:flutter/src/rendering/object.dart:2768:7)
#114    RenderProxyBoxMixin.performLayout (package:flutter/src/rendering/proxy_box.dart:118:18)
#115    RenderObject.layout (package:flutter/src/rendering/object.dart:2768:7)
#116    RenderProxyBoxMixin.performLayout (package:flutter/src/rendering/proxy_box.dart:118:18)
#117    RenderObject.layout (package:flutter/src/rendering/object.dart:2768:7)
#118    RenderProxyBoxMixin.performLayout (package:flutter/src/rendering/proxy_box.dart:118:18)
#119    RenderObject.layout (package:flutter/src/rendering/object.dart:2768:7)
#120    RenderProxyBoxMixin.performLayout (package:flutter/src/rendering/proxy_box.dart:118:18)
#121    RenderObject.layout (package:flutter/src/rendering/object.dart:2768:7)
#122    RenderProxyBoxMixin.performLayout (package:flutter/src/rendering/proxy_box.dart:118:18)
#123    RenderObject.layout (package:flutter/src/rendering/object.dart:2768:7)
#124    RenderView.performLayout (package:flutter/src/rendering/view.dart:292:12)
#125    RenderObject._layoutWithoutResize (package:flutter/src/rendering/object.dart:2616:7)
#126    PipelineOwner.flushLayout (package:flutter/src/rendering/object.dart:1174:18)
#127    PipelineOwner.flushLayout (package:flutter/src/rendering/object.dart:1187:15)
#128    AutomatedTestWidgetsFlutterBinding.drawFrame (package:flutter_test/src/binding.dart:2133:27)
#129    RendererBinding._handlePersistentFrameCallback (package:flutter/src/rendering/binding.dart:495:5)
#130    SchedulerBinding._invokeFrameCallback (package:flutter/src/scheduler/binding.dart:1430:15)
#131    SchedulerBinding.handleDrawFrame (package:flutter/src/scheduler/binding.dart:1345:9)
#132    AutomatedTestWidgetsFlutterBinding.pump.<anonymous closure> (package:flutter_test/src/binding.dart:1960:9)
#135    TestAsyncUtils.guard (package:flutter_test/src/test_async_utils.dart:74:41)
#136    AutomatedTestWidgetsFlutterBinding.pump (package:flutter_test/src/binding.dart:1949:27)
#137    WidgetTester.pumpWidget.<anonymous closure> (package:flutter_test/src/widget_tester.dart:598:22)
#140    TestAsyncUtils.guard (package:flutter_test/src/test_async_utils.dart:74:41)
#141    WidgetTester.pumpWidget (package:flutter_test/src/widget_tester.dart:595:27)
#142    main.<anonymous closure>.<anonymous closure> (file:///C:/Users/bhara/StudioProjects/simple_billing_app/test/widget/billing_screen_test.dart:38:20)
#143    testWidgets.<anonymous closure>.<anonymous closure> (package:flutter_test/src/widget_tester.dart:192:29)
<asynchronous suspension>
#144    TestWidgetsFlutterBinding._runTestBody (package:flutter_test/src/binding.dart:1682:5)
<asynchronous suspension>
<asynchronous suspension>
(elided 7 frames from class _AssertionError, dart:async, and package:stack_trace)

The following RenderObject was being processed when the exception was fired: RenderIgnorePointer#8fe92 relayoutBoundary=up22 NEEDS-LAYOUT NEEDS-PAINT NEEDS-COMPOSITING-BITS-UPDATE:
  creator: IgnorePointer ΓåÉ TextFieldTapRegion ΓåÉ MouseRegion ΓåÉ TextField ΓåÉ AbsorbPointer ΓåÉ Listener ΓåÉ
    _GestureSemantics ΓåÉ RawGestureDetector ΓåÉ GestureDetector ΓåÉ Column ΓåÉ Padding ΓåÉ DecoratedBox ΓåÉ Γï»
  parentData: <none> (can use size)
  constraints: BoxConstraints(unconstrained)
  size: MISSING
  ignoring: false
  ignoringSemantics: null
This RenderObject had the following descendants (showing up to depth 5):
    child: RenderSemanticsAnnotations#8bf1e relayoutBoundary=up23 NEEDS-PAINT NEEDS-COMPOSITING-BITS-UPDATE
      child: RenderPointerListener#724b5 relayoutBoundary=up24 NEEDS-PAINT NEEDS-COMPOSITING-BITS-UPDATE
        child: _RenderDecoration#fd8a9 relayoutBoundary=up25 NEEDS-PAINT NEEDS-COMPOSITING-BITS-UPDATE
          input: RenderRepaintBoundary#6f986 NEEDS-LAYOUT NEEDS-PAINT NEEDS-COMPOSITING-BITS-UPDATE
            child: _RenderCompositionCallback#ed2e4 NEEDS-LAYOUT NEEDS-PAINT NEEDS-COMPOSITING-BITS-UPDATE
          prefixIcon: RenderPositionedBox#a6ed1 NEEDS-LAYOUT NEEDS-PAINT NEEDS-COMPOSITING-BITS-UPDATE
            child: RenderMouseRegion#ff7b2 NEEDS-LAYOUT NEEDS-PAINT NEEDS-COMPOSITING-BITS-UPDATE
          hint: RenderAnimatedOpacity#8df27 NEEDS-LAYOUT NEEDS-PAINT NEEDS-COMPOSITING-BITS-UPDATE
            child: RenderParagraph#11d29 NEEDS-LAYOUT NEEDS-PAINT
          helperError: RenderConstrainedBox#7cde9 NEEDS-LAYOUT NEEDS-PAINT
          container: RenderCustomPaint#2913e NEEDS-LAYOUT NEEDS-PAINT
ΓòÉΓòÉΓòÉΓòÉΓòÉΓòÉΓòÉΓòÉΓòÉΓòÉΓòÉΓòÉΓòÉΓòÉΓòÉΓòÉΓòÉΓòÉΓòÉΓòÉΓòÉΓòÉΓòÉΓòÉΓòÉΓòÉΓòÉΓòÉΓòÉΓòÉΓòÉΓòÉΓòÉΓòÉΓòÉΓòÉΓòÉΓòÉΓòÉΓòÉΓòÉΓòÉΓòÉΓòÉΓòÉΓòÉΓòÉΓòÉΓòÉΓòÉΓòÉΓòÉΓòÉΓòÉΓòÉΓòÉΓòÉΓòÉΓòÉΓòÉΓòÉΓòÉΓòÉΓòÉΓòÉΓòÉΓòÉΓòÉΓòÉΓòÉΓòÉΓòÉΓòÉΓòÉΓòÉΓòÉΓòÉΓòÉΓòÉΓòÉΓòÉΓòÉΓòÉΓòÉΓòÉΓòÉΓòÉΓòÉΓòÉΓòÉΓòÉΓòÉΓòÉΓòÉΓòÉΓòÉΓòÉΓòÉΓòÉΓòÉ
ΓòÉΓòÉΓòí EXCEPTION CAUGHT BY RENDERING LIBRARY Γò₧ΓòÉΓòÉΓòÉΓòÉΓòÉΓòÉΓòÉΓòÉΓòÉΓòÉΓòÉΓòÉΓòÉΓòÉΓòÉΓòÉΓòÉΓòÉΓòÉΓòÉΓòÉΓòÉΓòÉΓòÉΓòÉΓòÉΓòÉΓòÉΓòÉΓòÉΓòÉΓòÉΓòÉΓòÉΓòÉΓòÉΓòÉΓòÉΓòÉΓòÉΓòÉΓòÉΓòÉΓòÉΓòÉΓòÉΓòÉΓòÉΓòÉΓòÉΓòÉΓòÉΓòÉΓòÉΓòÉΓòÉΓòÉ
The following assertion was thrown during performLayout():
RenderBox was not laid out: RenderIgnorePointer#8fe92 relayoutBoundary=up22 NEEDS-PAINT
NEEDS-COMPOSITING-BITS-UPDATE
'package:flutter/src/rendering/box.dart':
Failed assertion: line 2251 pos 12: 'hasSize'

Either the assertion indicates an error in the framework itself, or we should provide substantially
more information in this error message to help you determine and fix the underlying cause.
In either case, please report this assertion by filing a bug on GitHub:
  https://github.com/flutter/flutter/issues/new?template=02_bug.yml

The relevant error-causing widget was:
  TextField
  TextField:file:///C:/Users/bhara/StudioProjects/simple_billing_app/lib/views/screens/billing_screen.dart:310:22

When the exception was thrown, this was the stack:
#2      RenderBox.size (package:flutter/src/rendering/box.dart:2251:12)
#3      RenderProxyBoxMixin.performLayout (package:flutter/src/rendering/proxy_box.dart:118:62)
#4      RenderObject.layout (package:flutter/src/rendering/object.dart:2768:7)
#5      RenderTapRegion.layout (package:flutter/src/widgets/tap_region.dart:686:11)
#6      RenderProxyBoxMixin.performLayout (package:flutter/src/rendering/proxy_box.dart:118:18)
#7      RenderObject.layout (package:flutter/src/rendering/object.dart:2768:7)
#8      RenderProxyBoxMixin.performLayout (package:flutter/src/rendering/proxy_box.dart:118:18)
#9      RenderObject.layout (package:flutter/src/rendering/object.dart:2768:7)
#10     RenderProxyBoxMixin.performLayout (package:flutter/src/rendering/proxy_box.dart:118:18)
#11     RenderObject.layout (package:flutter/src/rendering/object.dart:2768:7)
#12     RenderProxyBoxMixin.performLayout (package:flutter/src/rendering/proxy_box.dart:118:18)
#13     RenderObject.layout (package:flutter/src/rendering/object.dart:2768:7)
#14     ChildLayoutHelper.layoutChild (package:flutter/src/rendering/layout_helper.dart:62:11)
#15     RenderFlex._computeSizes (package:flutter/src/rendering/flex.dart:1237:28)
#16     RenderFlex.performLayout (package:flutter/src/rendering/flex.dart:1329:32)
#17     RenderObject.layout (package:flutter/src/rendering/object.dart:2768:7)
#18     RenderPadding.performLayout (package:flutter/src/rendering/shifted_box.dart:262:12)
#19     RenderObject.layout (package:flutter/src/rendering/object.dart:2768:7)
#20     RenderProxyBoxMixin.performLayout (package:flutter/src/rendering/proxy_box.dart:118:18)
#21     RenderObject.layout (package:flutter/src/rendering/object.dart:2768:7)
#22     ChildLayoutHelper.layoutChild (package:flutter/src/rendering/layout_helper.dart:62:11)
#23     RenderFlex._computeSizes (package:flutter/src/rendering/flex.dart:1237:28)
#24     RenderFlex.performLayout (package:flutter/src/rendering/flex.dart:1329:32)
#25     RenderObject.layout (package:flutter/src/rendering/object.dart:2768:7)
#26     ChildLayoutHelper.layoutChild (package:flutter/src/rendering/layout_helper.dart:62:11)
#27     RenderFlex._computeSizes (package:flutter/src/rendering/flex.dart:1237:28)
#28     RenderFlex.performLayout (package:flutter/src/rendering/flex.dart:1329:32)
#29     RenderObject.layout (package:flutter/src/rendering/object.dart:2768:7)
#30     _RenderSingleChildViewport.performLayout (package:flutter/src/widgets/single_child_scroll_view.dart:502:14)
#31     RenderObject.layout (package:flutter/src/rendering/object.dart:2768:7)
#32     RenderProxyBoxMixin.performLayout (package:flutter/src/rendering/proxy_box.dart:118:18)
#33     RenderObject.layout (package:flutter/src/rendering/object.dart:2768:7)
#34     RenderProxyBoxMixin.performLayout (package:flutter/src/rendering/proxy_box.dart:118:18)
#35     RenderObject.layout (package:flutter/src/rendering/object.dart:2768:7)
#36     RenderProxyBoxMixin.performLayout (package:flutter/src/rendering/proxy_box.dart:118:18)
#37     RenderObject.layout (package:flutter/src/rendering/object.dart:2768:7)
#38     RenderProxyBoxMixin.performLayout (package:flutter/src/rendering/proxy_box.dart:118:18)
#39     RenderObject.layout (package:flutter/src/rendering/object.dart:2768:7)
#40     RenderProxyBoxMixin.performLayout (package:flutter/src/rendering/proxy_box.dart:118:18)
#41     RenderObject.layout (package:flutter/src/rendering/object.dart:2768:7)
#42     RenderProxyBoxMixin.performLayout (package:flutter/src/rendering/proxy_box.dart:118:18)
#43     RenderObject.layout (package:flutter/src/rendering/object.dart:2768:7)
#44     RenderProxyBoxMixin.performLayout (package:flutter/src/rendering/proxy_box.dart:118:18)
#45     RenderObject.layout (package:flutter/src/rendering/object.dart:2768:7)
#46     RenderProxyBoxMixin.performLayout (package:flutter/src/rendering/proxy_box.dart:118:18)
#47     _RenderCustomClip.performLayout (package:flutter/src/rendering/proxy_box.dart:1549:11)
#48     RenderObject.layout (package:flutter/src/rendering/object.dart:2768:7)
#49     RenderPadding.performLayout (package:flutter/src/rendering/shifted_box.dart:262:12)
#50     RenderObject.layout (package:flutter/src/rendering/object.dart:2768:7)
#51     _RenderLayoutBuilder.performLayout (package:flutter/src/widgets/layout_builder.dart:449:14)
#52     RenderObject.layout (package:flutter/src/rendering/object.dart:2768:7)
#53     MultiChildLayoutDelegate.layoutChild (package:flutter/src/rendering/custom_layout.dart:180:12)
#54     _ScaffoldLayout.performLayout (package:flutter/src/material/scaffold.dart:1113:7)
#55     MultiChildLayoutDelegate._callPerformLayout (package:flutter/src/rendering/custom_layout.dart:246:7)
#56     RenderCustomMultiChildLayoutBox.performLayout (package:flutter/src/rendering/custom_layout.dart:417:14)
#57     RenderObject.layout (package:flutter/src/rendering/object.dart:2768:7)
#58     RenderProxyBoxMixin.performLayout (package:flutter/src/rendering/proxy_box.dart:118:18)
#59     RenderObject.layout (package:flutter/src/rendering/object.dart:2768:7)
#60     RenderProxyBoxMixin.performLayout (package:flutter/src/rendering/proxy_box.dart:118:18)
#61     _RenderCustomClip.performLayout (package:flutter/src/rendering/proxy_box.dart:1549:11)
#62     RenderObject.layout (package:flutter/src/rendering/object.dart:2768:7)
#63     RenderProxyBoxMixin.performLayout (package:flutter/src/rendering/proxy_box.dart:118:18)
#64     RenderObject.layout (package:flutter/src/rendering/object.dart:2768:7)
#65     RenderProxyBoxMixin.performLayout (package:flutter/src/rendering/proxy_box.dart:118:18)
#66     RenderObject.layout (package:flutter/src/rendering/object.dart:2768:7)
#67     RenderProxyBoxMixin.performLayout (package:flutter/src/rendering/proxy_box.dart:118:18)
#68     RenderObject.layout (package:flutter/src/rendering/object.dart:2768:7)
#69     RenderProxyBoxMixin.performLayout (package:flutter/src/rendering/proxy_box.dart:118:18)
#70     RenderObject.layout (package:flutter/src/rendering/object.dart:2768:7)
#71     RenderProxyBoxMixin.performLayout (package:flutter/src/rendering/proxy_box.dart:118:18)
#72     RenderObject.layout (package:flutter/src/rendering/object.dart:2768:7)
#73     RenderProxyBoxMixin.performLayout (package:flutter/src/rendering/proxy_box.dart:118:18)
#74     RenderObject.layout (package:flutter/src/rendering/object.dart:2768:7)
#75     RenderProxyBoxMixin.performLayout (package:flutter/src/rendering/proxy_box.dart:118:18)
#76     RenderObject.layout (package:flutter/src/rendering/object.dart:2768:7)
#77     RenderProxyBoxMixin.performLayout (package:flutter/src/rendering/proxy_box.dart:118:18)
#78     RenderObject.layout (package:flutter/src/rendering/object.dart:2768:7)
#79     RenderProxyBoxMixin.performLayout (package:flutter/src/rendering/proxy_box.dart:118:18)
#80     RenderObject.layout (package:flutter/src/rendering/object.dart:2768:7)
#81     RenderProxyBoxMixin.performLayout (package:flutter/src/rendering/proxy_box.dart:118:18)
#82     RenderObject.layout (package:flutter/src/rendering/object.dart:2768:7)
#83     RenderProxyBoxMixin.performLayout (package:flutter/src/rendering/proxy_box.dart:118:18)
#84     RenderObject.layout (package:flutter/src/rendering/object.dart:2768:7)
#85     RenderProxyBoxMixin.performLayout (package:flutter/src/rendering/proxy_box.dart:118:18)
#86     RenderObject.layout (package:flutter/src/rendering/object.dart:2768:7)
#87     RenderProxyBoxMixin.performLayout (package:flutter/src/rendering/proxy_box.dart:118:18)
#88     RenderObject.layout (package:flutter/src/rendering/object.dart:2768:7)
#89     RenderProxyBoxMixin.performLayout (package:flutter/src/rendering/proxy_box.dart:118:18)
#90     RenderObject.layout (package:flutter/src/rendering/object.dart:2768:7)
#91     RenderProxyBoxMixin.performLayout (package:flutter/src/rendering/proxy_box.dart:118:18)
#92     RenderObject.layout (package:flutter/src/rendering/object.dart:2768:7)
#93     RenderProxyBoxMixin.performLayout (package:flutter/src/rendering/proxy_box.dart:118:18)
#94     RenderOffstage.performLayout (package:flutter/src/rendering/proxy_box.dart:3923:13)
#95     RenderObject.layout (package:flutter/src/rendering/object.dart:2768:7)
#96     RenderProxyBoxMixin.performLayout (package:flutter/src/rendering/proxy_box.dart:118:18)
#97     RenderObject.layout (package:flutter/src/rendering/object.dart:2768:7)
#98     _RenderTheaterMixin.layoutChild (package:flutter/src/widgets/overlay.dart:1084:13)
#99     _RenderTheater.performLayout (package:flutter/src/widgets/overlay.dart:1429:9)
#100    RenderObject.layout (package:flutter/src/rendering/object.dart:2768:7)
#101    RenderProxyBoxMixin.performLayout (package:flutter/src/rendering/proxy_box.dart:118:18)
#102    RenderObject.layout (package:flutter/src/rendering/object.dart:2768:7)
#103    RenderProxyBoxMixin.performLayout (package:flutter/src/rendering/proxy_box.dart:118:18)
#104    RenderObject.layout (package:flutter/src/rendering/object.dart:2768:7)
#105    RenderProxyBoxMixin.performLayout (package:flutter/src/rendering/proxy_box.dart:118:18)
#106    RenderObject.layout (package:flutter/src/rendering/object.dart:2768:7)
#107    RenderProxyBoxMixin.performLayout (package:flutter/src/rendering/proxy_box.dart:118:18)
#108    RenderCustomPaint.performLayout (package:flutter/src/rendering/custom_paint.dart:574:11)
#109    RenderObject.layout (package:flutter/src/rendering/object.dart:2768:7)
#110    RenderProxyBoxMixin.performLayout (package:flutter/src/rendering/proxy_box.dart:118:18)
#111    RenderObject.layout (package:flutter/src/rendering/object.dart:2768:7)
#112    RenderProxyBoxMixin.performLayout (package:flutter/src/rendering/proxy_box.dart:118:18)
#113    RenderObject.layout (package:flutter/src/rendering/object.dart:2768:7)
#114    RenderProxyBoxMixin.performLayout (package:flutter/src/rendering/proxy_box.dart:118:18)
#115    RenderObject.layout (package:flutter/src/rendering/object.dart:2768:7)
#116    RenderProxyBoxMixin.performLayout (package:flutter/src/rendering/proxy_box.dart:118:18)
#117    RenderObject.layout (package:flutter/src/rendering/object.dart:2768:7)
#118    RenderProxyBoxMixin.performLayout (package:flutter/src/rendering/proxy_box.dart:118:18)
#119    RenderObject.layout (package:flutter/src/rendering/object.dart:2768:7)
#120    RenderProxyBoxMixin.performLayout (package:flutter/src/rendering/proxy_box.dart:118:18)
#121    RenderObject.layout (package:flutter/src/rendering/object.dart:2768:7)
#122    RenderView.performLayout (package:flutter/src/rendering/view.dart:292:12)
#123    RenderObject._layoutWithoutResize (package:flutter/src/rendering/object.dart:2616:7)
#124    PipelineOwner.flushLayout (package:flutter/src/rendering/object.dart:1174:18)
#125    PipelineOwner.flushLayout (package:flutter/src/rendering/object.dart:1187:15)
#126    AutomatedTestWidgetsFlutterBinding.drawFrame (package:flutter_test/src/binding.dart:2133:27)
#127    RendererBinding._handlePersistentFrameCallback (package:flutter/src/rendering/binding.dart:495:5)
#128    SchedulerBinding._invokeFrameCallback (package:flutter/src/scheduler/binding.dart:1430:15)
#129    SchedulerBinding.handleDrawFrame (package:flutter/src/scheduler/binding.dart:1345:9)
#130    AutomatedTestWidgetsFlutterBinding.pump.<anonymous closure> (package:flutter_test/src/binding.dart:1960:9)
#133    TestAsyncUtils.guard (package:flutter_test/src/test_async_utils.dart:74:41)
#134    AutomatedTestWidgetsFlutterBinding.pump (package:flutter_test/src/binding.dart:1949:27)
#135    WidgetTester.pumpWidget.<anonymous closure> (package:flutter_test/src/widget_tester.dart:598:22)
#138    TestAsyncUtils.guard (package:flutter_test/src/test_async_utils.dart:74:41)
#139    WidgetTester.pumpWidget (package:flutter_test/src/widget_tester.dart:595:27)
#140    main.<anonymous closure>.<anonymous closure> (file:///C:/Users/bhara/StudioProjects/simple_billing_app/test/widget/billing_screen_test.dart:38:20)
#141    testWidgets.<anonymous closure>.<anonymous closure> (package:flutter_test/src/widget_tester.dart:192:29)
<asynchronous suspension>
#142    TestWidgetsFlutterBinding._runTestBody (package:flutter_test/src/binding.dart:1682:5)
<asynchronous suspension>
<asynchronous suspension>
(elided 7 frames from class _AssertionError, dart:async, and package:stack_trace)

The following RenderObject was being processed when the exception was fired: RenderTapRegion#77df2 relayoutBoundary=up21 NEEDS-LAYOUT NEEDS-PAINT NEEDS-COMPOSITING-BITS-UPDATE:
  creator: TextFieldTapRegion ΓåÉ MouseRegion ΓåÉ TextField ΓåÉ AbsorbPointer ΓåÉ Listener ΓåÉ _GestureSemantics
    ΓåÉ RawGestureDetector ΓåÉ GestureDetector ΓåÉ Column ΓåÉ Padding ΓåÉ DecoratedBox ΓåÉ Container ΓåÉ Γï»
  parentData: <none> (can use size)
  constraints: BoxConstraints(unconstrained)
  size: MISSING
  behavior: deferToChild
  groupId: EditableText
This RenderObject had the following descendants (showing up to depth 5):
    child: RenderIgnorePointer#8fe92 relayoutBoundary=up22 NEEDS-PAINT NEEDS-COMPOSITING-BITS-UPDATE
      child: RenderSemanticsAnnotations#8bf1e relayoutBoundary=up23 NEEDS-PAINT NEEDS-COMPOSITING-BITS-UPDATE
        child: RenderPointerListener#724b5 relayoutBoundary=up24 NEEDS-PAINT NEEDS-COMPOSITING-BITS-UPDATE
          child: _RenderDecoration#fd8a9 relayoutBoundary=up25 NEEDS-PAINT NEEDS-COMPOSITING-BITS-UPDATE
            input: RenderRepaintBoundary#6f986 NEEDS-LAYOUT NEEDS-PAINT NEEDS-COMPOSITING-BITS-UPDATE
            prefixIcon: RenderPositionedBox#a6ed1 NEEDS-LAYOUT NEEDS-PAINT NEEDS-COMPOSITING-BITS-UPDATE
            hint: RenderAnimatedOpacity#8df27 NEEDS-LAYOUT NEEDS-PAINT NEEDS-COMPOSITING-BITS-UPDATE
            helperError: RenderConstrainedBox#7cde9 NEEDS-LAYOUT NEEDS-PAINT
            container: RenderCustomPaint#2913e NEEDS-LAYOUT NEEDS-PAINT
ΓòÉΓòÉΓòÉΓòÉΓòÉΓòÉΓòÉΓòÉΓòÉΓòÉΓòÉΓòÉΓòÉΓòÉΓòÉΓòÉΓòÉΓòÉΓòÉΓòÉΓòÉΓòÉΓòÉΓòÉΓòÉΓòÉΓòÉΓòÉΓòÉΓòÉΓòÉΓòÉΓòÉΓòÉΓòÉΓòÉΓòÉΓòÉΓòÉΓòÉΓòÉΓòÉΓòÉΓòÉΓòÉΓòÉΓòÉΓòÉΓòÉΓòÉΓòÉΓòÉΓòÉΓòÉΓòÉΓòÉΓòÉΓòÉΓòÉΓòÉΓòÉΓòÉΓòÉΓòÉΓòÉΓòÉΓòÉΓòÉΓòÉΓòÉΓòÉΓòÉΓòÉΓòÉΓòÉΓòÉΓòÉΓòÉΓòÉΓòÉΓòÉΓòÉΓòÉΓòÉΓòÉΓòÉΓòÉΓòÉΓòÉΓòÉΓòÉΓòÉΓòÉΓòÉΓòÉΓòÉΓòÉΓòÉΓòÉΓòÉ
ΓòÉΓòÉΓòí EXCEPTION CAUGHT BY RENDERING LIBRARY Γò₧ΓòÉΓòÉΓòÉΓòÉΓòÉΓòÉΓòÉΓòÉΓòÉΓòÉΓòÉΓòÉΓòÉΓòÉΓòÉΓòÉΓòÉΓòÉΓòÉΓòÉΓòÉΓòÉΓòÉΓòÉΓòÉΓòÉΓòÉΓòÉΓòÉΓòÉΓòÉΓòÉΓòÉΓòÉΓòÉΓòÉΓòÉΓòÉΓòÉΓòÉΓòÉΓòÉΓòÉΓòÉΓòÉΓòÉΓòÉΓòÉΓòÉΓòÉΓòÉΓòÉΓòÉΓòÉΓòÉΓòÉΓòÉ
The following assertion was thrown during performLayout():
RenderBox was not laid out: RenderTapRegion#77df2 relayoutBoundary=up21 NEEDS-PAINT
NEEDS-COMPOSITING-BITS-UPDATE
'package:flutter/src/rendering/box.dart':
Failed assertion: line 2251 pos 12: 'hasSize'

Either the assertion indicates an error in the framework itself, or we should provide substantially
more information in this error message to help you determine and fix the underlying cause.
In either case, please report this assertion by filing a bug on GitHub:
  https://github.com/flutter/flutter/issues/new?template=02_bug.yml

The relevant error-causing widget was:
  TextField
  TextField:file:///C:/Users/bhara/StudioProjects/simple_billing_app/lib/views/screens/billing_screen.dart:310:22

When the exception was thrown, this was the stack:
#2      RenderBox.size (package:flutter/src/rendering/box.dart:2251:12)
#3      RenderProxyBoxMixin.performLayout (package:flutter/src/rendering/proxy_box.dart:118:62)
#4      RenderObject.layout (package:flutter/src/rendering/object.dart:2768:7)
#5      RenderProxyBoxMixin.performLayout (package:flutter/src/rendering/proxy_box.dart:118:18)
#6      RenderObject.layout (package:flutter/src/rendering/object.dart:2768:7)
#7      RenderProxyBoxMixin.performLayout (package:flutter/src/rendering/proxy_box.dart:118:18)
#8      RenderObject.layout (package:flutter/src/rendering/object.dart:2768:7)
#9      RenderProxyBoxMixin.performLayout (package:flutter/src/rendering/proxy_box.dart:118:18)
#10     RenderObject.layout (package:flutter/src/rendering/object.dart:2768:7)
#11     ChildLayoutHelper.layoutChild (package:flutter/src/rendering/layout_helper.dart:62:11)
#12     RenderFlex._computeSizes (package:flutter/src/rendering/flex.dart:1237:28)
#13     RenderFlex.performLayout (package:flutter/src/rendering/flex.dart:1329:32)
#14     RenderObject.layout (package:flutter/src/rendering/object.dart:2768:7)
#15     RenderPadding.performLayout (package:flutter/src/rendering/shifted_box.dart:262:12)
#16     RenderObject.layout (package:flutter/src/rendering/object.dart:2768:7)
#17     RenderProxyBoxMixin.performLayout (package:flutter/src/rendering/proxy_box.dart:118:18)
#18     RenderObject.layout (package:flutter/src/rendering/object.dart:2768:7)
#19     ChildLayoutHelper.layoutChild (package:flutter/src/rendering/layout_helper.dart:62:11)
#20     RenderFlex._computeSizes (package:flutter/src/rendering/flex.dart:1237:28)
#21     RenderFlex.performLayout (package:flutter/src/rendering/flex.dart:1329:32)
#22     RenderObject.layout (package:flutter/src/rendering/object.dart:2768:7)
#23     ChildLayoutHelper.layoutChild (package:flutter/src/rendering/layout_helper.dart:62:11)
#24     RenderFlex._computeSizes (package:flutter/src/rendering/flex.dart:1237:28)
#25     RenderFlex.performLayout (package:flutter/src/rendering/flex.dart:1329:32)
#26     RenderObject.layout (package:flutter/src/rendering/object.dart:2768:7)
#27     _RenderSingleChildViewport.performLayout (package:flutter/src/widgets/single_child_scroll_view.dart:502:14)
#28     RenderObject.layout (package:flutter/src/rendering/object.dart:2768:7)
#29     RenderProxyBoxMixin.performLayout (package:flutter/src/rendering/proxy_box.dart:118:18)
#30     RenderObject.layout (package:flutter/src/rendering/object.dart:2768:7)
#31     RenderProxyBoxMixin.performLayout (package:flutter/src/rendering/proxy_box.dart:118:18)
#32     RenderObject.layout (package:flutter/src/rendering/object.dart:2768:7)
#33     RenderProxyBoxMixin.performLayout (package:flutter/src/rendering/proxy_box.dart:118:18)
#34     RenderObject.layout (package:flutter/src/rendering/object.dart:2768:7)
#35     RenderProxyBoxMixin.performLayout (package:flutter/src/rendering/proxy_box.dart:118:18)
#36     RenderObject.layout (package:flutter/src/rendering/object.dart:2768:7)
#37     RenderProxyBoxMixin.performLayout (package:flutter/src/rendering/proxy_box.dart:118:18)
#38     RenderObject.layout (package:flutter/src/rendering/object.dart:2768:7)
#39     RenderProxyBoxMixin.performLayout (package:flutter/src/rendering/proxy_box.dart:118:18)
#40     RenderObject.layout (package:flutter/src/rendering/object.dart:2768:7)
#41     RenderProxyBoxMixin.performLayout (package:flutter/src/rendering/proxy_box.dart:118:18)
#42     RenderObject.layout (package:flutter/src/rendering/object.dart:2768:7)
#43     RenderProxyBoxMixin.performLayout (package:flutter/src/rendering/proxy_box.dart:118:18)
#44     _RenderCustomClip.performLayout (package:flutter/src/rendering/proxy_box.dart:1549:11)
#45     RenderObject.layout (package:flutter/src/rendering/object.dart:2768:7)
#46     RenderPadding.performLayout (package:flutter/src/rendering/shifted_box.dart:262:12)
#47     RenderObject.layout (package:flutter/src/rendering/object.dart:2768:7)
#48     _RenderLayoutBuilder.performLayout (package:flutter/src/widgets/layout_builder.dart:449:14)
#49     RenderObject.layout (package:flutter/src/rendering/object.dart:2768:7)
#50     MultiChildLayoutDelegate.layoutChild (package:flutter/src/rendering/custom_layout.dart:180:12)
#51     _ScaffoldLayout.performLayout (package:flutter/src/material/scaffold.dart:1113:7)
#52     MultiChildLayoutDelegate._callPerformLayout (package:flutter/src/rendering/custom_layout.dart:246:7)
#53     RenderCustomMultiChildLayoutBox.performLayout (package:flutter/src/rendering/custom_layout.dart:417:14)
#54     RenderObject.layout (package:flutter/src/rendering/object.dart:2768:7)
#55     RenderProxyBoxMixin.performLayout (package:flutter/src/rendering/proxy_box.dart:118:18)
#56     RenderObject.layout (package:flutter/src/rendering/object.dart:2768:7)
#57     RenderProxyBoxMixin.performLayout (package:flutter/src/rendering/proxy_box.dart:118:18)
#58     _RenderCustomClip.performLayout (package:flutter/src/rendering/proxy_box.dart:1549:11)
#59     RenderObject.layout (package:flutter/src/rendering/object.dart:2768:7)
#60     RenderProxyBoxMixin.performLayout (package:flutter/src/rendering/proxy_box.dart:118:18)
#61     RenderObject.layout (package:flutter/src/rendering/object.dart:2768:7)
#62     RenderProxyBoxMixin.performLayout (package:flutter/src/rendering/proxy_box.dart:118:18)
#63     RenderObject.layout (package:flutter/src/rendering/object.dart:2768:7)
#64     RenderProxyBoxMixin.performLayout (package:flutter/src/rendering/proxy_box.dart:118:18)
#65     RenderObject.layout (package:flutter/src/rendering/object.dart:2768:7)
#66     RenderProxyBoxMixin.performLayout (package:flutter/src/rendering/proxy_box.dart:118:18)
#67     RenderObject.layout (package:flutter/src/rendering/object.dart:2768:7)
#68     RenderProxyBoxMixin.performLayout (package:flutter/src/rendering/proxy_box.dart:118:18)
#69     RenderObject.layout (package:flutter/src/rendering/object.dart:2768:7)
#70     RenderProxyBoxMixin.performLayout (package:flutter/src/rendering/proxy_box.dart:118:18)
#71     RenderObject.layout (package:flutter/src/rendering/object.dart:2768:7)
#72     RenderProxyBoxMixin.performLayout (package:flutter/src/rendering/proxy_box.dart:118:18)
#73     RenderObject.layout (package:flutter/src/rendering/object.dart:2768:7)
#74     RenderProxyBoxMixin.performLayout (package:flutter/src/rendering/proxy_box.dart:118:18)
#75     RenderObject.layout (package:flutter/src/rendering/object.dart:2768:7)
#76     RenderProxyBoxMixin.performLayout (package:flutter/src/rendering/proxy_box.dart:118:18)
#77     RenderObject.layout (package:flutter/src/rendering/object.dart:2768:7)
#78     RenderProxyBoxMixin.performLayout (package:flutter/src/rendering/proxy_box.dart:118:18)
#79     RenderObject.layout (package:flutter/src/rendering/object.dart:2768:7)
#80     RenderProxyBoxMixin.performLayout (package:flutter/src/rendering/proxy_box.dart:118:18)
#81     RenderObject.layout (package:flutter/src/rendering/object.dart:2768:7)
#82     RenderProxyBoxMixin.performLayout (package:flutter/src/rendering/proxy_box.dart:118:18)
#83     RenderObject.layout (package:flutter/src/rendering/object.dart:2768:7)
#84     RenderProxyBoxMixin.performLayout (package:flutter/src/rendering/proxy_box.dart:118:18)
#85     RenderObject.layout (package:flutter/src/rendering/object.dart:2768:7)
#86     RenderProxyBoxMixin.performLayout (package:flutter/src/rendering/proxy_box.dart:118:18)
#87     RenderObject.layout (package:flutter/src/rendering/object.dart:2768:7)
#88     RenderProxyBoxMixin.performLayout (package:flutter/src/rendering/proxy_box.dart:118:18)
#89     RenderObject.layout (package:flutter/src/rendering/object.dart:2768:7)
#90     RenderProxyBoxMixin.performLayout (package:flutter/src/rendering/proxy_box.dart:118:18)
#91     RenderOffstage.performLayout (package:flutter/src/rendering/proxy_box.dart:3923:13)
#92     RenderObject.layout (package:flutter/src/rendering/object.dart:2768:7)
#93     RenderProxyBoxMixin.performLayout (package:flutter/src/rendering/proxy_box.dart:118:18)
#94     RenderObject.layout (package:flutter/src/rendering/object.dart:2768:7)
#95     _RenderTheaterMixin.layoutChild (package:flutter/src/widgets/overlay.dart:1084:13)
#96     _RenderTheater.performLayout (package:flutter/src/widgets/overlay.dart:1429:9)
#97     RenderObject.layout (package:flutter/src/rendering/object.dart:2768:7)
#98     RenderProxyBoxMixin.performLayout (package:flutter/src/rendering/proxy_box.dart:118:18)
#99     RenderObject.layout (package:flutter/src/rendering/object.dart:2768:7)
#100    RenderProxyBoxMixin.performLayout (package:flutter/src/rendering/proxy_box.dart:118:18)
#101    RenderObject.layout (package:flutter/src/rendering/object.dart:2768:7)
#102    RenderProxyBoxMixin.performLayout (package:flutter/src/rendering/proxy_box.dart:118:18)
#103    RenderObject.layout (package:flutter/src/rendering/object.dart:2768:7)
#104    RenderProxyBoxMixin.performLayout (package:flutter/src/rendering/proxy_box.dart:118:18)
#105    RenderCustomPaint.performLayout (package:flutter/src/rendering/custom_paint.dart:574:11)
#106    RenderObject.layout (package:flutter/src/rendering/object.dart:2768:7)
#107    RenderProxyBoxMixin.performLayout (package:flutter/src/rendering/proxy_box.dart:118:18)
#108    RenderObject.layout (package:flutter/src/rendering/object.dart:2768:7)
#109    RenderProxyBoxMixin.performLayout (package:flutter/src/rendering/proxy_box.dart:118:18)
#110    RenderObject.layout (package:flutter/src/rendering/object.dart:2768:7)
#111    RenderProxyBoxMixin.performLayout (package:flutter/src/rendering/proxy_box.dart:118:18)
#112    RenderObject.layout (package:flutter/src/rendering/object.dart:2768:7)
#113    RenderProxyBoxMixin.performLayout (package:flutter/src/rendering/proxy_box.dart:118:18)
#114    RenderObject.layout (package:flutter/src/rendering/object.dart:2768:7)
#115    RenderProxyBoxMixin.performLayout (package:flutter/src/rendering/proxy_box.dart:118:18)
#116    RenderObject.layout (package:flutter/src/rendering/object.dart:2768:7)
#117    RenderProxyBoxMixin.performLayout (package:flutter/src/rendering/proxy_box.dart:118:18)
#118    RenderObject.layout (package:flutter/src/rendering/object.dart:2768:7)
#119    RenderView.performLayout (package:flutter/src/rendering/view.dart:292:12)
#120    RenderObject._layoutWithoutResize (package:flutter/src/rendering/object.dart:2616:7)
#121    PipelineOwner.flushLayout (package:flutter/src/rendering/object.dart:1174:18)
#122    PipelineOwner.flushLayout (package:flutter/src/rendering/object.dart:1187:15)
#123    AutomatedTestWidgetsFlutterBinding.drawFrame (package:flutter_test/src/binding.dart:2133:27)
#124    RendererBinding._handlePersistentFrameCallback (package:flutter/src/rendering/binding.dart:495:5)
#125    SchedulerBinding._invokeFrameCallback (package:flutter/src/scheduler/binding.dart:1430:15)
#126    SchedulerBinding.handleDrawFrame (package:flutter/src/scheduler/binding.dart:1345:9)
#127    AutomatedTestWidgetsFlutterBinding.pump.<anonymous closure> (package:flutter_test/src/binding.dart:1960:9)
#130    TestAsyncUtils.guard (package:flutter_test/src/test_async_utils.dart:74:41)
#131    AutomatedTestWidgetsFlutterBinding.pump (package:flutter_test/src/binding.dart:1949:27)
#132    WidgetTester.pumpWidget.<anonymous closure> (package:flutter_test/src/widget_tester.dart:598:22)
#135    TestAsyncUtils.guard (package:flutter_test/src/test_async_utils.dart:74:41)
#136    WidgetTester.pumpWidget (package:flutter_test/src/widget_tester.dart:595:27)
#137    main.<anonymous closure>.<anonymous closure> (file:///C:/Users/bhara/StudioProjects/simple_billing_app/test/widget/billing_screen_test.dart:38:20)
#138    testWidgets.<anonymous closure>.<anonymous closure> (package:flutter_test/src/widget_tester.dart:192:29)
<asynchronous suspension>
#139    TestWidgetsFlutterBinding._runTestBody (package:flutter_test/src/binding.dart:1682:5)
<asynchronous suspension>
<asynchronous suspension>
(elided 7 frames from class _AssertionError, dart:async, and package:stack_trace)

The following RenderObject was being processed when the exception was fired: RenderMouseRegion#dc13b relayoutBoundary=up20 NEEDS-LAYOUT NEEDS-PAINT NEEDS-COMPOSITING-BITS-UPDATE:
  creator: MouseRegion ΓåÉ TextField ΓåÉ AbsorbPointer ΓåÉ Listener ΓåÉ _GestureSemantics ΓåÉ RawGestureDetector
    ΓåÉ GestureDetector ΓåÉ Column ΓåÉ Padding ΓåÉ DecoratedBox ΓåÉ Container ΓåÉ Column ΓåÉ Γï»
  parentData: <none> (can use size)
  constraints: BoxConstraints(unconstrained)
  size: MISSING
  behavior: opaque
  listeners: enter, exit
  cursor: SystemMouseCursor(text)
This RenderObject had the following descendants (showing up to depth 5):
    child: RenderTapRegion#77df2 relayoutBoundary=up21 NEEDS-PAINT NEEDS-COMPOSITING-BITS-UPDATE
      child: RenderIgnorePointer#8fe92 relayoutBoundary=up22 NEEDS-PAINT NEEDS-COMPOSITING-BITS-UPDATE
        child: RenderSemanticsAnnotations#8bf1e relayoutBoundary=up23 NEEDS-PAINT NEEDS-COMPOSITING-BITS-UPDATE
          child: RenderPointerListener#724b5 relayoutBoundary=up24 NEEDS-PAINT NEEDS-COMPOSITING-BITS-UPDATE
            child: _RenderDecoration#fd8a9 relayoutBoundary=up25 NEEDS-PAINT NEEDS-COMPOSITING-BITS-UPDATE
ΓòÉΓòÉΓòÉΓòÉΓòÉΓòÉΓòÉΓòÉΓòÉΓòÉΓòÉΓòÉΓòÉΓòÉΓòÉΓòÉΓòÉΓòÉΓòÉΓòÉΓòÉΓòÉΓòÉΓòÉΓòÉΓòÉΓòÉΓòÉΓòÉΓòÉΓòÉΓòÉΓòÉΓòÉΓòÉΓòÉΓòÉΓòÉΓòÉΓòÉΓòÉΓòÉΓòÉΓòÉΓòÉΓòÉΓòÉΓòÉΓòÉΓòÉΓòÉΓòÉΓòÉΓòÉΓòÉΓòÉΓòÉΓòÉΓòÉΓòÉΓòÉΓòÉΓòÉΓòÉΓòÉΓòÉΓòÉΓòÉΓòÉΓòÉΓòÉΓòÉΓòÉΓòÉΓòÉΓòÉΓòÉΓòÉΓòÉΓòÉΓòÉΓòÉΓòÉΓòÉΓòÉΓòÉΓòÉΓòÉΓòÉΓòÉΓòÉΓòÉΓòÉΓòÉΓòÉΓòÉΓòÉΓòÉΓòÉΓòÉ
ΓòÉΓòÉΓòí EXCEPTION CAUGHT BY RENDERING LIBRARY Γò₧ΓòÉΓòÉΓòÉΓòÉΓòÉΓòÉΓòÉΓòÉΓòÉΓòÉΓòÉΓòÉΓòÉΓòÉΓòÉΓòÉΓòÉΓòÉΓòÉΓòÉΓòÉΓòÉΓòÉΓòÉΓòÉΓòÉΓòÉΓòÉΓòÉΓòÉΓòÉΓòÉΓòÉΓòÉΓòÉΓòÉΓòÉΓòÉΓòÉΓòÉΓòÉΓòÉΓòÉΓòÉΓòÉΓòÉΓòÉΓòÉΓòÉΓòÉΓòÉΓòÉΓòÉΓòÉΓòÉΓòÉΓòÉ
The following assertion was thrown during performLayout():
RenderBox was not laid out: RenderMouseRegion#dc13b relayoutBoundary=up20 NEEDS-PAINT
NEEDS-COMPOSITING-BITS-UPDATE
'package:flutter/src/rendering/box.dart':
Failed assertion: line 2251 pos 12: 'hasSize'

Either the assertion indicates an error in the framework itself, or we should provide substantially
more information in this error message to help you determine and fix the underlying cause.
In either case, please report this assertion by filing a bug on GitHub:
  https://github.com/flutter/flutter/issues/new?template=02_bug.yml

The relevant error-causing widget was:
  AbsorbPointer
  AbsorbPointer:file:///C:/Users/bhara/StudioProjects/simple_billing_app/lib/views/screens/billing_screen.dart:309:20

When the exception was thrown, this was the stack:
#2      RenderBox.size (package:flutter/src/rendering/box.dart:2251:12)
#3      RenderProxyBoxMixin.performLayout (package:flutter/src/rendering/proxy_box.dart:118:62)
#4      RenderObject.layout (package:flutter/src/rendering/object.dart:2768:7)
#5      RenderProxyBoxMixin.performLayout (package:flutter/src/rendering/proxy_box.dart:118:18)
#6      RenderObject.layout (package:flutter/src/rendering/object.dart:2768:7)
#7      RenderProxyBoxMixin.performLayout (package:flutter/src/rendering/proxy_box.dart:118:18)
#8      RenderObject.layout (package:flutter/src/rendering/object.dart:2768:7)
#9      ChildLayoutHelper.layoutChild (package:flutter/src/rendering/layout_helper.dart:62:11)
#10     RenderFlex._computeSizes (package:flutter/src/rendering/flex.dart:1237:28)
#11     RenderFlex.performLayout (package:flutter/src/rendering/flex.dart:1329:32)
#12     RenderObject.layout (package:flutter/src/rendering/object.dart:2768:7)
#13     RenderPadding.performLayout (package:flutter/src/rendering/shifted_box.dart:262:12)
#14     RenderObject.layout (package:flutter/src/rendering/object.dart:2768:7)
#15     RenderProxyBoxMixin.performLayout (package:flutter/src/rendering/proxy_box.dart:118:18)
#16     RenderObject.layout (package:flutter/src/rendering/object.dart:2768:7)
#17     ChildLayoutHelper.layoutChild (package:flutter/src/rendering/layout_helper.dart:62:11)
#18     RenderFlex._computeSizes (package:flutter/src/rendering/flex.dart:1237:28)
#19     RenderFlex.performLayout (package:flutter/src/rendering/flex.dart:1329:32)
#20     RenderObject.layout (package:flutter/src/rendering/object.dart:2768:7)
#21     ChildLayoutHelper.layoutChild (package:flutter/src/rendering/layout_helper.dart:62:11)
#22     RenderFlex._computeSizes (package:flutter/src/rendering/flex.dart:1237:28)
#23     RenderFlex.performLayout (package:flutter/src/rendering/flex.dart:1329:32)
#24     RenderObject.layout (package:flutter/src/rendering/object.dart:2768:7)
#25     _RenderSingleChildViewport.performLayout (package:flutter/src/widgets/single_child_scroll_view.dart:502:14)
#26     RenderObject.layout (package:flutter/src/rendering/object.dart:2768:7)
#27     RenderProxyBoxMixin.performLayout (package:flutter/src/rendering/proxy_box.dart:118:18)
#28     RenderObject.layout (package:flutter/src/rendering/object.dart:2768:7)
#29     RenderProxyBoxMixin.performLayout (package:flutter/src/rendering/proxy_box.dart:118:18)
#30     RenderObject.layout (package:flutter/src/rendering/object.dart:2768:7)
#31     RenderProxyBoxMixin.performLayout (package:flutter/src/rendering/proxy_box.dart:118:18)
#32     RenderObject.layout (package:flutter/src/rendering/object.dart:2768:7)
#33     RenderProxyBoxMixin.performLayout (package:flutter/src/rendering/proxy_box.dart:118:18)
#34     RenderObject.layout (package:flutter/src/rendering/object.dart:2768:7)
#35     RenderProxyBoxMixin.performLayout (package:flutter/src/rendering/proxy_box.dart:118:18)
#36     RenderObject.layout (package:flutter/src/rendering/object.dart:2768:7)
#37     RenderProxyBoxMixin.performLayout (package:flutter/src/rendering/proxy_box.dart:118:18)
#38     RenderObject.layout (package:flutter/src/rendering/object.dart:2768:7)
#39     RenderProxyBoxMixin.performLayout (package:flutter/src/rendering/proxy_box.dart:118:18)
#40     RenderObject.layout (package:flutter/src/rendering/object.dart:2768:7)
#41     RenderProxyBoxMixin.performLayout (package:flutter/src/rendering/proxy_box.dart:118:18)
#42     _RenderCustomClip.performLayout (package:flutter/src/rendering/proxy_box.dart:1549:11)
#43     RenderObject.layout (package:flutter/src/rendering/object.dart:2768:7)
#44     RenderPadding.performLayout (package:flutter/src/rendering/shifted_box.dart:262:12)
#45     RenderObject.layout (package:flutter/src/rendering/object.dart:2768:7)
#46     _RenderLayoutBuilder.performLayout (package:flutter/src/widgets/layout_builder.dart:449:14)
#47     RenderObject.layout (package:flutter/src/rendering/object.dart:2768:7)
#48     MultiChildLayoutDelegate.layoutChild (package:flutter/src/rendering/custom_layout.dart:180:12)
#49     _ScaffoldLayout.performLayout (package:flutter/src/material/scaffold.dart:1113:7)
#50     MultiChildLayoutDelegate._callPerformLayout (package:flutter/src/rendering/custom_layout.dart:246:7)
#51     RenderCustomMultiChildLayoutBox.performLayout (package:flutter/src/rendering/custom_layout.dart:417:14)
#52     RenderObject.layout (package:flutter/src/rendering/object.dart:2768:7)
#53     RenderProxyBoxMixin.performLayout (package:flutter/src/rendering/proxy_box.dart:118:18)
#54     RenderObject.layout (package:flutter/src/rendering/object.dart:2768:7)
#55     RenderProxyBoxMixin.performLayout (package:flutter/src/rendering/proxy_box.dart:118:18)
#56     _RenderCustomClip.performLayout (package:flutter/src/rendering/proxy_box.dart:1549:11)
#57     RenderObject.layout (package:flutter/src/rendering/object.dart:2768:7)
#58     RenderProxyBoxMixin.performLayout (package:flutter/src/rendering/proxy_box.dart:118:18)
#59     RenderObject.layout (package:flutter/src/rendering/object.dart:2768:7)
#60     RenderProxyBoxMixin.performLayout (package:flutter/src/rendering/proxy_box.dart:118:18)
#61     RenderObject.layout (package:flutter/src/rendering/object.dart:2768:7)
#62     RenderProxyBoxMixin.performLayout (package:flutter/src/rendering/proxy_box.dart:118:18)
#63     RenderObject.layout (package:flutter/src/rendering/object.dart:2768:7)
#64     RenderProxyBoxMixin.performLayout (package:flutter/src/rendering/proxy_box.dart:118:18)
#65     RenderObject.layout (package:flutter/src/rendering/object.dart:2768:7)
#66     RenderProxyBoxMixin.performLayout (package:flutter/src/rendering/proxy_box.dart:118:18)
#67     RenderObject.layout (package:flutter/src/rendering/object.dart:2768:7)
#68     RenderProxyBoxMixin.performLayout (package:flutter/src/rendering/proxy_box.dart:118:18)
#69     RenderObject.layout (package:flutter/src/rendering/object.dart:2768:7)
#70     RenderProxyBoxMixin.performLayout (package:flutter/src/rendering/proxy_box.dart:118:18)
#71     RenderObject.layout (package:flutter/src/rendering/object.dart:2768:7)
#72     RenderProxyBoxMixin.performLayout (package:flutter/src/rendering/proxy_box.dart:118:18)
#73     RenderObject.layout (package:flutter/src/rendering/object.dart:2768:7)
#74     RenderProxyBoxMixin.performLayout (package:flutter/src/rendering/proxy_box.dart:118:18)
#75     RenderObject.layout (package:flutter/src/rendering/object.dart:2768:7)
#76     RenderProxyBoxMixin.performLayout (package:flutter/src/rendering/proxy_box.dart:118:18)
#77     RenderObject.layout (package:flutter/src/rendering/object.dart:2768:7)
#78     RenderProxyBoxMixin.performLayout (package:flutter/src/rendering/proxy_box.dart:118:18)
#79     RenderObject.layout (package:flutter/src/rendering/object.dart:2768:7)
#80     RenderProxyBoxMixin.performLayout (package:flutter/src/rendering/proxy_box.dart:118:18)
#81     RenderObject.layout (package:flutter/src/rendering/object.dart:2768:7)
#82     RenderProxyBoxMixin.performLayout (package:flutter/src/rendering/proxy_box.dart:118:18)
#83     RenderObject.layout (package:flutter/src/rendering/object.dart:2768:7)
#84     RenderProxyBoxMixin.performLayout (package:flutter/src/rendering/proxy_box.dart:118:18)
#85     RenderObject.layout (package:flutter/src/rendering/object.dart:2768:7)
#86     RenderProxyBoxMixin.performLayout (package:flutter/src/rendering/proxy_box.dart:118:18)
#87     RenderObject.layout (package:flutter/src/rendering/object.dart:2768:7)
#88     RenderProxyBoxMixin.performLayout (package:flutter/src/rendering/proxy_box.dart:118:18)
#89     RenderOffstage.performLayout (package:flutter/src/rendering/proxy_box.dart:3923:13)
#90     RenderObject.layout (package:flutter/src/rendering/object.dart:2768:7)
#91     RenderProxyBoxMixin.performLayout (package:flutter/src/rendering/proxy_box.dart:118:18)
#92     RenderObject.layout (package:flutter/src/rendering/object.dart:2768:7)
#93     _RenderTheaterMixin.layoutChild (package:flutter/src/widgets/overlay.dart:1084:13)
#94     _RenderTheater.performLayout (package:flutter/src/widgets/overlay.dart:1429:9)
#95     RenderObject.layout (package:flutter/src/rendering/object.dart:2768:7)
#96     RenderProxyBoxMixin.performLayout (package:flutter/src/rendering/proxy_box.dart:118:18)
#97     RenderObject.layout (package:flutter/src/rendering/object.dart:2768:7)
#98     RenderProxyBoxMixin.performLayout (package:flutter/src/rendering/proxy_box.dart:118:18)
#99     RenderObject.layout (package:flutter/src/rendering/object.dart:2768:7)
#100    RenderProxyBoxMixin.performLayout (package:flutter/src/rendering/proxy_box.dart:118:18)
#101    RenderObject.layout (package:flutter/src/rendering/object.dart:2768:7)
#102    RenderProxyBoxMixin.performLayout (package:flutter/src/rendering/proxy_box.dart:118:18)
#103    RenderCustomPaint.performLayout (package:flutter/src/rendering/custom_paint.dart:574:11)
#104    RenderObject.layout (package:flutter/src/rendering/object.dart:2768:7)
#105    RenderProxyBoxMixin.performLayout (package:flutter/src/rendering/proxy_box.dart:118:18)
#106    RenderObject.layout (package:flutter/src/rendering/object.dart:2768:7)
#107    RenderProxyBoxMixin.performLayout (package:flutter/src/rendering/proxy_box.dart:118:18)
#108    RenderObject.layout (package:flutter/src/rendering/object.dart:2768:7)
#109    RenderProxyBoxMixin.performLayout (package:flutter/src/rendering/proxy_box.dart:118:18)
#110    RenderObject.layout (package:flutter/src/rendering/object.dart:2768:7)
#111    RenderProxyBoxMixin.performLayout (package:flutter/src/rendering/proxy_box.dart:118:18)
#112    RenderObject.layout (package:flutter/src/rendering/object.dart:2768:7)
#113    RenderProxyBoxMixin.performLayout (package:flutter/src/rendering/proxy_box.dart:118:18)
#114    RenderObject.layout (package:flutter/src/rendering/object.dart:2768:7)
#115    RenderProxyBoxMixin.performLayout (package:flutter/src/rendering/proxy_box.dart:118:18)
#116    RenderObject.layout (package:flutter/src/rendering/object.dart:2768:7)
#117    RenderView.performLayout (package:flutter/src/rendering/view.dart:292:12)
#118    RenderObject._layoutWithoutResize (package:flutter/src/rendering/object.dart:2616:7)
#119    PipelineOwner.flushLayout (package:flutter/src/rendering/object.dart:1174:18)
#120    PipelineOwner.flushLayout (package:flutter/src/rendering/object.dart:1187:15)
#121    AutomatedTestWidgetsFlutterBinding.drawFrame (package:flutter_test/src/binding.dart:2133:27)
#122    RendererBinding._handlePersistentFrameCallback (package:flutter/src/rendering/binding.dart:495:5)
#123    SchedulerBinding._invokeFrameCallback (package:flutter/src/scheduler/binding.dart:1430:15)
#124    SchedulerBinding.handleDrawFrame (package:flutter/src/scheduler/binding.dart:1345:9)
#125    AutomatedTestWidgetsFlutterBinding.pump.<anonymous closure> (package:flutter_test/src/binding.dart:1960:9)
#128    TestAsyncUtils.guard (package:flutter_test/src/test_async_utils.dart:74:41)
#129    AutomatedTestWidgetsFlutterBinding.pump (package:flutter_test/src/binding.dart:1949:27)
#130    WidgetTester.pumpWidget.<anonymous closure> (package:flutter_test/src/widget_tester.dart:598:22)
#133    TestAsyncUtils.guard (package:flutter_test/src/test_async_utils.dart:74:41)
#134    WidgetTester.pumpWidget (package:flutter_test/src/widget_tester.dart:595:27)
#135    main.<anonymous closure>.<anonymous closure> (file:///C:/Users/bhara/StudioProjects/simple_billing_app/test/widget/billing_screen_test.dart:38:20)
#136    testWidgets.<anonymous closure>.<anonymous closure> (package:flutter_test/src/widget_tester.dart:192:29)
<asynchronous suspension>
#137    TestWidgetsFlutterBinding._runTestBody (package:flutter_test/src/binding.dart:1682:5)
<asynchronous suspension>
<asynchronous suspension>
(elided 7 frames from class _AssertionError, dart:async, and package:stack_trace)

The following RenderObject was being processed when the exception was fired: RenderAbsorbPointer#ee75b relayoutBoundary=up19 NEEDS-LAYOUT NEEDS-PAINT NEEDS-COMPOSITING-BITS-UPDATE:
  creator: AbsorbPointer ΓåÉ Listener ΓåÉ _GestureSemantics ΓåÉ RawGestureDetector ΓåÉ GestureDetector ΓåÉ
    Column ΓåÉ Padding ΓåÉ DecoratedBox ΓåÉ Container ΓåÉ Column ΓåÉ Row ΓåÉ _SingleChildViewport ΓåÉ Γï»
  parentData: <none> (can use size)
  constraints: BoxConstraints(unconstrained)
  size: MISSING
  absorbing: true
  ignoringSemantics: null
This RenderObject had the following descendants (showing up to depth 5):
    child: RenderMouseRegion#dc13b relayoutBoundary=up20 NEEDS-PAINT NEEDS-COMPOSITING-BITS-UPDATE
      child: RenderTapRegion#77df2 relayoutBoundary=up21 NEEDS-PAINT NEEDS-COMPOSITING-BITS-UPDATE
        child: RenderIgnorePointer#8fe92 relayoutBoundary=up22 NEEDS-PAINT NEEDS-COMPOSITING-BITS-UPDATE
          child: RenderSemanticsAnnotations#8bf1e relayoutBoundary=up23 NEEDS-PAINT NEEDS-COMPOSITING-BITS-UPDATE
            child: RenderPointerListener#724b5 relayoutBoundary=up24 NEEDS-PAINT NEEDS-COMPOSITING-BITS-UPDATE
ΓòÉΓòÉΓòÉΓòÉΓòÉΓòÉΓòÉΓòÉΓòÉΓòÉΓòÉΓòÉΓòÉΓòÉΓòÉΓòÉΓòÉΓòÉΓòÉΓòÉΓòÉΓòÉΓòÉΓòÉΓòÉΓòÉΓòÉΓòÉΓòÉΓòÉΓòÉΓòÉΓòÉΓòÉΓòÉΓòÉΓòÉΓòÉΓòÉΓòÉΓòÉΓòÉΓòÉΓòÉΓòÉΓòÉΓòÉΓòÉΓòÉΓòÉΓòÉΓòÉΓòÉΓòÉΓòÉΓòÉΓòÉΓòÉΓòÉΓòÉΓòÉΓòÉΓòÉΓòÉΓòÉΓòÉΓòÉΓòÉΓòÉΓòÉΓòÉΓòÉΓòÉΓòÉΓòÉΓòÉΓòÉΓòÉΓòÉΓòÉΓòÉΓòÉΓòÉΓòÉΓòÉΓòÉΓòÉΓòÉΓòÉΓòÉΓòÉΓòÉΓòÉΓòÉΓòÉΓòÉΓòÉΓòÉΓòÉΓòÉ
ΓòÉΓòÉΓòí EXCEPTION CAUGHT BY RENDERING LIBRARY Γò₧ΓòÉΓòÉΓòÉΓòÉΓòÉΓòÉΓòÉΓòÉΓòÉΓòÉΓòÉΓòÉΓòÉΓòÉΓòÉΓòÉΓòÉΓòÉΓòÉΓòÉΓòÉΓòÉΓòÉΓòÉΓòÉΓòÉΓòÉΓòÉΓòÉΓòÉΓòÉΓòÉΓòÉΓòÉΓòÉΓòÉΓòÉΓòÉΓòÉΓòÉΓòÉΓòÉΓòÉΓòÉΓòÉΓòÉΓòÉΓòÉΓòÉΓòÉΓòÉΓòÉΓòÉΓòÉΓòÉΓòÉΓòÉ
The following assertion was thrown during performLayout():
RenderBox was not laid out: RenderAbsorbPointer#ee75b relayoutBoundary=up19 NEEDS-PAINT
NEEDS-COMPOSITING-BITS-UPDATE
'package:flutter/src/rendering/box.dart':
Failed assertion: line 2251 pos 12: 'hasSize'

Either the assertion indicates an error in the framework itself, or we should provide substantially
more information in this error message to help you determine and fix the underlying cause.
In either case, please report this assertion by filing a bug on GitHub:
  https://github.com/flutter/flutter/issues/new?template=02_bug.yml

The relevant error-causing widget was:
  GestureDetector
  GestureDetector:file:///C:/Users/bhara/StudioProjects/simple_billing_app/lib/views/screens/billing_screen.dart:307:11

When the exception was thrown, this was the stack:
#2      RenderBox.size (package:flutter/src/rendering/box.dart:2251:12)
#3      RenderProxyBoxMixin.performLayout (package:flutter/src/rendering/proxy_box.dart:118:62)
#4      RenderObject.layout (package:flutter/src/rendering/object.dart:2768:7)
#5      RenderProxyBoxMixin.performLayout (package:flutter/src/rendering/proxy_box.dart:118:18)
#6      RenderObject.layout (package:flutter/src/rendering/object.dart:2768:7)
#7      ChildLayoutHelper.layoutChild (package:flutter/src/rendering/layout_helper.dart:62:11)
#8      RenderFlex._computeSizes (package:flutter/src/rendering/flex.dart:1237:28)
#9      RenderFlex.performLayout (package:flutter/src/rendering/flex.dart:1329:32)
#10     RenderObject.layout (package:flutter/src/rendering/object.dart:2768:7)
#11     RenderPadding.performLayout (package:flutter/src/rendering/shifted_box.dart:262:12)
#12     RenderObject.layout (package:flutter/src/rendering/object.dart:2768:7)
#13     RenderProxyBoxMixin.performLayout (package:flutter/src/rendering/proxy_box.dart:118:18)
#14     RenderObject.layout (package:flutter/src/rendering/object.dart:2768:7)
#15     ChildLayoutHelper.layoutChild (package:flutter/src/rendering/layout_helper.dart:62:11)
#16     RenderFlex._computeSizes (package:flutter/src/rendering/flex.dart:1237:28)
#17     RenderFlex.performLayout (package:flutter/src/rendering/flex.dart:1329:32)
#18     RenderObject.layout (package:flutter/src/rendering/object.dart:2768:7)
#19     ChildLayoutHelper.layoutChild (package:flutter/src/rendering/layout_helper.dart:62:11)
#20     RenderFlex._computeSizes (package:flutter/src/rendering/flex.dart:1237:28)
#21     RenderFlex.performLayout (package:flutter/src/rendering/flex.dart:1329:32)
#22     RenderObject.layout (package:flutter/src/rendering/object.dart:2768:7)
#23     _RenderSingleChildViewport.performLayout (package:flutter/src/widgets/single_child_scroll_view.dart:502:14)
#24     RenderObject.layout (package:flutter/src/rendering/object.dart:2768:7)
#25     RenderProxyBoxMixin.performLayout (package:flutter/src/rendering/proxy_box.dart:118:18)
#26     RenderObject.layout (package:flutter/src/rendering/object.dart:2768:7)
#27     RenderProxyBoxMixin.performLayout (package:flutter/src/rendering/proxy_box.dart:118:18)
#28     RenderObject.layout (package:flutter/src/rendering/object.dart:2768:7)
#29     RenderProxyBoxMixin.performLayout (package:flutter/src/rendering/proxy_box.dart:118:18)
#30     RenderObject.layout (package:flutter/src/rendering/object.dart:2768:7)
#31     RenderProxyBoxMixin.performLayout (package:flutter/src/rendering/proxy_box.dart:118:18)
#32     RenderObject.layout (package:flutter/src/rendering/object.dart:2768:7)
#33     RenderProxyBoxMixin.performLayout (package:flutter/src/rendering/proxy_box.dart:118:18)
#34     RenderObject.layout (package:flutter/src/rendering/object.dart:2768:7)
#35     RenderProxyBoxMixin.performLayout (package:flutter/src/rendering/proxy_box.dart:118:18)
#36     RenderObject.layout (package:flutter/src/rendering/object.dart:2768:7)
#37     RenderProxyBoxMixin.performLayout (package:flutter/src/rendering/proxy_box.dart:118:18)
#38     RenderObject.layout (package:flutter/src/rendering/object.dart:2768:7)
#39     RenderProxyBoxMixin.performLayout (package:flutter/src/rendering/proxy_box.dart:118:18)
#40     _RenderCustomClip.performLayout (package:flutter/src/rendering/proxy_box.dart:1549:11)
#41     RenderObject.layout (package:flutter/src/rendering/object.dart:2768:7)
#42     RenderPadding.performLayout (package:flutter/src/rendering/shifted_box.dart:262:12)
#43     RenderObject.layout (package:flutter/src/rendering/object.dart:2768:7)
#44     _RenderLayoutBuilder.performLayout (package:flutter/src/widgets/layout_builder.dart:449:14)
#45     RenderObject.layout (package:flutter/src/rendering/object.dart:2768:7)
#46     MultiChildLayoutDelegate.layoutChild (package:flutter/src/rendering/custom_layout.dart:180:12)
#47     _ScaffoldLayout.performLayout (package:flutter/src/material/scaffold.dart:1113:7)
#48     MultiChildLayoutDelegate._callPerformLayout (package:flutter/src/rendering/custom_layout.dart:246:7)
#49     RenderCustomMultiChildLayoutBox.performLayout (package:flutter/src/rendering/custom_layout.dart:417:14)
#50     RenderObject.layout (package:flutter/src/rendering/object.dart:2768:7)
#51     RenderProxyBoxMixin.performLayout (package:flutter/src/rendering/proxy_box.dart:118:18)
#52     RenderObject.layout (package:flutter/src/rendering/object.dart:2768:7)
#53     RenderProxyBoxMixin.performLayout (package:flutter/src/rendering/proxy_box.dart:118:18)
#54     _RenderCustomClip.performLayout (package:flutter/src/rendering/proxy_box.dart:1549:11)
#55     RenderObject.layout (package:flutter/src/rendering/object.dart:2768:7)
#56     RenderProxyBoxMixin.performLayout (package:flutter/src/rendering/proxy_box.dart:118:18)
#57     RenderObject.layout (package:flutter/src/rendering/object.dart:2768:7)
#58     RenderProxyBoxMixin.performLayout (package:flutter/src/rendering/proxy_box.dart:118:18)
#59     RenderObject.layout (package:flutter/src/rendering/object.dart:2768:7)
#60     RenderProxyBoxMixin.performLayout (package:flutter/src/rendering/proxy_box.dart:118:18)
#61     RenderObject.layout (package:flutter/src/rendering/object.dart:2768:7)
#62     RenderProxyBoxMixin.performLayout (package:flutter/src/rendering/proxy_box.dart:118:18)
#63     RenderObject.layout (package:flutter/src/rendering/object.dart:2768:7)
#64     RenderProxyBoxMixin.performLayout (package:flutter/src/rendering/proxy_box.dart:118:18)
#65     RenderObject.layout (package:flutter/src/rendering/object.dart:2768:7)
#66     RenderProxyBoxMixin.performLayout (package:flutter/src/rendering/proxy_box.dart:118:18)
#67     RenderObject.layout (package:flutter/src/rendering/object.dart:2768:7)
#68     RenderProxyBoxMixin.performLayout (package:flutter/src/rendering/proxy_box.dart:118:18)
#69     RenderObject.layout (package:flutter/src/rendering/object.dart:2768:7)
#70     RenderProxyBoxMixin.performLayout (package:flutter/src/rendering/proxy_box.dart:118:18)
#71     RenderObject.layout (package:flutter/src/rendering/object.dart:2768:7)
#72     RenderProxyBoxMixin.performLayout (package:flutter/src/rendering/proxy_box.dart:118:18)
#73     RenderObject.layout (package:flutter/src/rendering/object.dart:2768:7)
#74     RenderProxyBoxMixin.performLayout (package:flutter/src/rendering/proxy_box.dart:118:18)
#75     RenderObject.layout (package:flutter/src/rendering/object.dart:2768:7)
#76     RenderProxyBoxMixin.performLayout (package:flutter/src/rendering/proxy_box.dart:118:18)
#77     RenderObject.layout (package:flutter/src/rendering/object.dart:2768:7)
#78     RenderProxyBoxMixin.performLayout (package:flutter/src/rendering/proxy_box.dart:118:18)
#79     RenderObject.layout (package:flutter/src/rendering/object.dart:2768:7)
#80     RenderProxyBoxMixin.performLayout (package:flutter/src/rendering/proxy_box.dart:118:18)
#81     RenderObject.layout (package:flutter/src/rendering/object.dart:2768:7)
#82     RenderProxyBoxMixin.performLayout (package:flutter/src/rendering/proxy_box.dart:118:18)
#83     RenderObject.layout (package:flutter/src/rendering/object.dart:2768:7)
#84     RenderProxyBoxMixin.performLayout (package:flutter/src/rendering/proxy_box.dart:118:18)
#85     RenderObject.layout (package:flutter/src/rendering/object.dart:2768:7)
#86     RenderProxyBoxMixin.performLayout (package:flutter/src/rendering/proxy_box.dart:118:18)
#87     RenderOffstage.performLayout (package:flutter/src/rendering/proxy_box.dart:3923:13)
#88     RenderObject.layout (package:flutter/src/rendering/object.dart:2768:7)
#89     RenderProxyBoxMixin.performLayout (package:flutter/src/rendering/proxy_box.dart:118:18)
#90     RenderObject.layout (package:flutter/src/rendering/object.dart:2768:7)
#91     _RenderTheaterMixin.layoutChild (package:flutter/src/widgets/overlay.dart:1084:13)
#92     _RenderTheater.performLayout (package:flutter/src/widgets/overlay.dart:1429:9)
#93     RenderObject.layout (package:flutter/src/rendering/object.dart:2768:7)
#94     RenderProxyBoxMixin.performLayout (package:flutter/src/rendering/proxy_box.dart:118:18)
#95     RenderObject.layout (package:flutter/src/rendering/object.dart:2768:7)
#96     RenderProxyBoxMixin.performLayout (package:flutter/src/rendering/proxy_box.dart:118:18)
#97     RenderObject.layout (package:flutter/src/rendering/object.dart:2768:7)
#98     RenderProxyBoxMixin.performLayout (package:flutter/src/rendering/proxy_box.dart:118:18)
#99     RenderObject.layout (package:flutter/src/rendering/object.dart:2768:7)
#100    RenderProxyBoxMixin.performLayout (package:flutter/src/rendering/proxy_box.dart:118:18)
#101    RenderCustomPaint.performLayout (package:flutter/src/rendering/custom_paint.dart:574:11)
#102    RenderObject.layout (package:flutter/src/rendering/object.dart:2768:7)
#103    RenderProxyBoxMixin.performLayout (package:flutter/src/rendering/proxy_box.dart:118:18)
#104    RenderObject.layout (package:flutter/src/rendering/object.dart:2768:7)
#105    RenderProxyBoxMixin.performLayout (package:flutter/src/rendering/proxy_box.dart:118:18)
#106    RenderObject.layout (package:flutter/src/rendering/object.dart:2768:7)
#107    RenderProxyBoxMixin.performLayout (package:flutter/src/rendering/proxy_box.dart:118:18)
#108    RenderObject.layout (package:flutter/src/rendering/object.dart:2768:7)
#109    RenderProxyBoxMixin.performLayout (package:flutter/src/rendering/proxy_box.dart:118:18)
#110    RenderObject.layout (package:flutter/src/rendering/object.dart:2768:7)
#111    RenderProxyBoxMixin.performLayout (package:flutter/src/rendering/proxy_box.dart:118:18)
#112    RenderObject.layout (package:flutter/src/rendering/object.dart:2768:7)
#113    RenderProxyBoxMixin.performLayout (package:flutter/src/rendering/proxy_box.dart:118:18)
#114    RenderObject.layout (package:flutter/src/rendering/object.dart:2768:7)
#115    RenderView.performLayout (package:flutter/src/rendering/view.dart:292:12)
#116    RenderObject._layoutWithoutResize (package:flutter/src/rendering/object.dart:2616:7)
#117    PipelineOwner.flushLayout (package:flutter/src/rendering/object.dart:1174:18)
#118    PipelineOwner.flushLayout (package:flutter/src/rendering/object.dart:1187:15)
#119    AutomatedTestWidgetsFlutterBinding.drawFrame (package:flutter_test/src/binding.dart:2133:27)
#120    RendererBinding._handlePersistentFrameCallback (package:flutter/src/rendering/binding.dart:495:5)
#121    SchedulerBinding._invokeFrameCallback (package:flutter/src/scheduler/binding.dart:1430:15)
#122    SchedulerBinding.handleDrawFrame (package:flutter/src/scheduler/binding.dart:1345:9)
#123    AutomatedTestWidgetsFlutterBinding.pump.<anonymous closure> (package:flutter_test/src/binding.dart:1960:9)
#126    TestAsyncUtils.guard (package:flutter_test/src/test_async_utils.dart:74:41)
#127    AutomatedTestWidgetsFlutterBinding.pump (package:flutter_test/src/binding.dart:1949:27)
#128    WidgetTester.pumpWidget.<anonymous closure> (package:flutter_test/src/widget_tester.dart:598:22)
#131    TestAsyncUtils.guard (package:flutter_test/src/test_async_utils.dart:74:41)
#132    WidgetTester.pumpWidget (package:flutter_test/src/widget_tester.dart:595:27)
#133    main.<anonymous closure>.<anonymous closure> (file:///C:/Users/bhara/StudioProjects/simple_billing_app/test/widget/billing_screen_test.dart:38:20)
#134    testWidgets.<anonymous closure>.<anonymous closure> (package:flutter_test/src/widget_tester.dart:192:29)
<asynchronous suspension>
#135    TestWidgetsFlutterBinding._runTestBody (package:flutter_test/src/binding.dart:1682:5)
<asynchronous suspension>
<asynchronous suspension>
(elided 7 frames from class _AssertionError, dart:async, and package:stack_trace)

The following RenderObject was being processed when the exception was fired: RenderPointerListener#bd7b6 relayoutBoundary=up18 NEEDS-LAYOUT NEEDS-PAINT NEEDS-COMPOSITING-BITS-UPDATE:
  creator: Listener ΓåÉ _GestureSemantics ΓåÉ RawGestureDetector ΓåÉ GestureDetector ΓåÉ Column ΓåÉ Padding ΓåÉ
    DecoratedBox ΓåÉ Container ΓåÉ Column ΓåÉ Row ΓåÉ _SingleChildViewport ΓåÉ IgnorePointer-[GlobalKey#a7649] ΓåÉ
    Γï»
  parentData: <none> (can use size)
  constraints: BoxConstraints(unconstrained)
  size: MISSING
  behavior: deferToChild
  listeners: down, panZoomStart
This RenderObject had the following descendants (showing up to depth 5):
    child: RenderAbsorbPointer#ee75b relayoutBoundary=up19 NEEDS-PAINT NEEDS-COMPOSITING-BITS-UPDATE
      child: RenderMouseRegion#dc13b relayoutBoundary=up20 NEEDS-PAINT NEEDS-COMPOSITING-BITS-UPDATE
        child: RenderTapRegion#77df2 relayoutBoundary=up21 NEEDS-PAINT NEEDS-COMPOSITING-BITS-UPDATE
          child: RenderIgnorePointer#8fe92 relayoutBoundary=up22 NEEDS-PAINT NEEDS-COMPOSITING-BITS-UPDATE
            child: RenderSemanticsAnnotations#8bf1e relayoutBoundary=up23 NEEDS-PAINT NEEDS-COMPOSITING-BITS-UPDATE
ΓòÉΓòÉΓòÉΓòÉΓòÉΓòÉΓòÉΓòÉΓòÉΓòÉΓòÉΓòÉΓòÉΓòÉΓòÉΓòÉΓòÉΓòÉΓòÉΓòÉΓòÉΓòÉΓòÉΓòÉΓòÉΓòÉΓòÉΓòÉΓòÉΓòÉΓòÉΓòÉΓòÉΓòÉΓòÉΓòÉΓòÉΓòÉΓòÉΓòÉΓòÉΓòÉΓòÉΓòÉΓòÉΓòÉΓòÉΓòÉΓòÉΓòÉΓòÉΓòÉΓòÉΓòÉΓòÉΓòÉΓòÉΓòÉΓòÉΓòÉΓòÉΓòÉΓòÉΓòÉΓòÉΓòÉΓòÉΓòÉΓòÉΓòÉΓòÉΓòÉΓòÉΓòÉΓòÉΓòÉΓòÉΓòÉΓòÉΓòÉΓòÉΓòÉΓòÉΓòÉΓòÉΓòÉΓòÉΓòÉΓòÉΓòÉΓòÉΓòÉΓòÉΓòÉΓòÉΓòÉΓòÉΓòÉΓòÉΓòÉ
ΓòÉΓòÉΓòí EXCEPTION CAUGHT BY RENDERING LIBRARY Γò₧ΓòÉΓòÉΓòÉΓòÉΓòÉΓòÉΓòÉΓòÉΓòÉΓòÉΓòÉΓòÉΓòÉΓòÉΓòÉΓòÉΓòÉΓòÉΓòÉΓòÉΓòÉΓòÉΓòÉΓòÉΓòÉΓòÉΓòÉΓòÉΓòÉΓòÉΓòÉΓòÉΓòÉΓòÉΓòÉΓòÉΓòÉΓòÉΓòÉΓòÉΓòÉΓòÉΓòÉΓòÉΓòÉΓòÉΓòÉΓòÉΓòÉΓòÉΓòÉΓòÉΓòÉΓòÉΓòÉΓòÉΓòÉ
The following assertion was thrown during performLayout():
RenderBox was not laid out: RenderPointerListener#bd7b6 relayoutBoundary=up18 NEEDS-PAINT
NEEDS-COMPOSITING-BITS-UPDATE
'package:flutter/src/rendering/box.dart':
Failed assertion: line 2251 pos 12: 'hasSize'

Either the assertion indicates an error in the framework itself, or we should provide substantially
more information in this error message to help you determine and fix the underlying cause.
In either case, please report this assertion by filing a bug on GitHub:
  https://github.com/flutter/flutter/issues/new?template=02_bug.yml

The relevant error-causing widget was:
  GestureDetector
  GestureDetector:file:///C:/Users/bhara/StudioProjects/simple_billing_app/lib/views/screens/billing_screen.dart:307:11

When the exception was thrown, this was the stack:
#2      RenderBox.size (package:flutter/src/rendering/box.dart:2251:12)
#3      RenderProxyBoxMixin.performLayout (package:flutter/src/rendering/proxy_box.dart:118:62)
#4      RenderObject.layout (package:flutter/src/rendering/object.dart:2768:7)
#5      ChildLayoutHelper.layoutChild (package:flutter/src/rendering/layout_helper.dart:62:11)
#6      RenderFlex._computeSizes (package:flutter/src/rendering/flex.dart:1237:28)
#7      RenderFlex.performLayout (package:flutter/src/rendering/flex.dart:1329:32)
#8      RenderObject.layout (package:flutter/src/rendering/object.dart:2768:7)
#9      RenderPadding.performLayout (package:flutter/src/rendering/shifted_box.dart:262:12)
#10     RenderObject.layout (package:flutter/src/rendering/object.dart:2768:7)
#11     RenderProxyBoxMixin.performLayout (package:flutter/src/rendering/proxy_box.dart:118:18)
#12     RenderObject.layout (package:flutter/src/rendering/object.dart:2768:7)
#13     ChildLayoutHelper.layoutChild (package:flutter/src/rendering/layout_helper.dart:62:11)
#14     RenderFlex._computeSizes (package:flutter/src/rendering/flex.dart:1237:28)
#15     RenderFlex.performLayout (package:flutter/src/rendering/flex.dart:1329:32)
#16     RenderObject.layout (package:flutter/src/rendering/object.dart:2768:7)
#17     ChildLayoutHelper.layoutChild (package:flutter/src/rendering/layout_helper.dart:62:11)
#18     RenderFlex._computeSizes (package:flutter/src/rendering/flex.dart:1237:28)
#19     RenderFlex.performLayout (package:flutter/src/rendering/flex.dart:1329:32)
#20     RenderObject.layout (package:flutter/src/rendering/object.dart:2768:7)
#21     _RenderSingleChildViewport.performLayout (package:flutter/src/widgets/single_child_scroll_view.dart:502:14)
#22     RenderObject.layout (package:flutter/src/rendering/object.dart:2768:7)
#23     RenderProxyBoxMixin.performLayout (package:flutter/src/rendering/proxy_box.dart:118:18)
#24     RenderObject.layout (package:flutter/src/rendering/object.dart:2768:7)
#25     RenderProxyBoxMixin.performLayout (package:flutter/src/rendering/proxy_box.dart:118:18)
#26     RenderObject.layout (package:flutter/src/rendering/object.dart:2768:7)
#27     RenderProxyBoxMixin.performLayout (package:flutter/src/rendering/proxy_box.dart:118:18)
#28     RenderObject.layout (package:flutter/src/rendering/object.dart:2768:7)
#29     RenderProxyBoxMixin.performLayout (package:flutter/src/rendering/proxy_box.dart:118:18)
#30     RenderObject.layout (package:flutter/src/rendering/object.dart:2768:7)
#31     RenderProxyBoxMixin.performLayout (package:flutter/src/rendering/proxy_box.dart:118:18)
#32     RenderObject.layout (package:flutter/src/rendering/object.dart:2768:7)
#33     RenderProxyBoxMixin.performLayout (package:flutter/src/rendering/proxy_box.dart:118:18)
#34     RenderObject.layout (package:flutter/src/rendering/object.dart:2768:7)
#35     RenderProxyBoxMixin.performLayout (package:flutter/src/rendering/proxy_box.dart:118:18)
#36     RenderObject.layout (package:flutter/src/rendering/object.dart:2768:7)
#37     RenderProxyBoxMixin.performLayout (package:flutter/src/rendering/proxy_box.dart:118:18)
#38     _RenderCustomClip.performLayout (package:flutter/src/rendering/proxy_box.dart:1549:11)
#39     RenderObject.layout (package:flutter/src/rendering/object.dart:2768:7)
#40     RenderPadding.performLayout (package:flutter/src/rendering/shifted_box.dart:262:12)
#41     RenderObject.layout (package:flutter/src/rendering/object.dart:2768:7)
#42     _RenderLayoutBuilder.performLayout (package:flutter/src/widgets/layout_builder.dart:449:14)
#43     RenderObject.layout (package:flutter/src/rendering/object.dart:2768:7)
#44     MultiChildLayoutDelegate.layoutChild (package:flutter/src/rendering/custom_layout.dart:180:12)
#45     _ScaffoldLayout.performLayout (package:flutter/src/material/scaffold.dart:1113:7)
#46     MultiChildLayoutDelegate._callPerformLayout (package:flutter/src/rendering/custom_layout.dart:246:7)
#47     RenderCustomMultiChildLayoutBox.performLayout (package:flutter/src/rendering/custom_layout.dart:417:14)
#48     RenderObject.layout (package:flutter/src/rendering/object.dart:2768:7)
#49     RenderProxyBoxMixin.performLayout (package:flutter/src/rendering/proxy_box.dart:118:18)
#50     RenderObject.layout (package:flutter/src/rendering/object.dart:2768:7)
#51     RenderProxyBoxMixin.performLayout (package:flutter/src/rendering/proxy_box.dart:118:18)
#52     _RenderCustomClip.performLayout (package:flutter/src/rendering/proxy_box.dart:1549:11)
#53     RenderObject.layout (package:flutter/src/rendering/object.dart:2768:7)
#54     RenderProxyBoxMixin.performLayout (package:flutter/src/rendering/proxy_box.dart:118:18)
#55     RenderObject.layout (package:flutter/src/rendering/object.dart:2768:7)
#56     RenderProxyBoxMixin.performLayout (package:flutter/src/rendering/proxy_box.dart:118:18)
#57     RenderObject.layout (package:flutter/src/rendering/object.dart:2768:7)
#58     RenderProxyBoxMixin.performLayout (package:flutter/src/rendering/proxy_box.dart:118:18)
#59     RenderObject.layout (package:flutter/src/rendering/object.dart:2768:7)
#60     RenderProxyBoxMixin.performLayout (package:flutter/src/rendering/proxy_box.dart:118:18)
#61     RenderObject.layout (package:flutter/src/rendering/object.dart:2768:7)
#62     RenderProxyBoxMixin.performLayout (package:flutter/src/rendering/proxy_box.dart:118:18)
#63     RenderObject.layout (package:flutter/src/rendering/object.dart:2768:7)
#64     RenderProxyBoxMixin.performLayout (package:flutter/src/rendering/proxy_box.dart:118:18)
#65     RenderObject.layout (package:flutter/src/rendering/object.dart:2768:7)
#66     RenderProxyBoxMixin.performLayout (package:flutter/src/rendering/proxy_box.dart:118:18)
#67     RenderObject.layout (package:flutter/src/rendering/object.dart:2768:7)
#68     RenderProxyBoxMixin.performLayout (package:flutter/src/rendering/proxy_box.dart:118:18)
#69     RenderObject.layout (package:flutter/src/rendering/object.dart:2768:7)
#70     RenderProxyBoxMixin.performLayout (package:flutter/src/rendering/proxy_box.dart:118:18)
#71     RenderObject.layout (package:flutter/src/rendering/object.dart:2768:7)
#72     RenderProxyBoxMixin.performLayout (package:flutter/src/rendering/proxy_box.dart:118:18)
#73     RenderObject.layout (package:flutter/src/rendering/object.dart:2768:7)
#74     RenderProxyBoxMixin.performLayout (package:flutter/src/rendering/proxy_box.dart:118:18)
#75     RenderObject.layout (package:flutter/src/rendering/object.dart:2768:7)
#76     RenderProxyBoxMixin.performLayout (package:flutter/src/rendering/proxy_box.dart:118:18)
#77     RenderObject.layout (package:flutter/src/rendering/object.dart:2768:7)
#78     RenderProxyBoxMixin.performLayout (package:flutter/src/rendering/proxy_box.dart:118:18)
#79     RenderObject.layout (package:flutter/src/rendering/object.dart:2768:7)
#80     RenderProxyBoxMixin.performLayout (package:flutter/src/rendering/proxy_box.dart:118:18)
#81     RenderObject.layout (package:flutter/src/rendering/object.dart:2768:7)
#82     RenderProxyBoxMixin.performLayout (package:flutter/src/rendering/proxy_box.dart:118:18)
#83     RenderObject.layout (package:flutter/src/rendering/object.dart:2768:7)
#84     RenderProxyBoxMixin.performLayout (package:flutter/src/rendering/proxy_box.dart:118:18)
#85     RenderOffstage.performLayout (package:flutter/src/rendering/proxy_box.dart:3923:13)
#86     RenderObject.layout (package:flutter/src/rendering/object.dart:2768:7)
#87     RenderProxyBoxMixin.performLayout (package:flutter/src/rendering/proxy_box.dart:118:18)
#88     RenderObject.layout (package:flutter/src/rendering/object.dart:2768:7)
#89     _RenderTheaterMixin.layoutChild (package:flutter/src/widgets/overlay.dart:1084:13)
#90     _RenderTheater.performLayout (package:flutter/src/widgets/overlay.dart:1429:9)
#91     RenderObject.layout (package:flutter/src/rendering/object.dart:2768:7)
#92     RenderProxyBoxMixin.performLayout (package:flutter/src/rendering/proxy_box.dart:118:18)
#93     RenderObject.layout (package:flutter/src/rendering/object.dart:2768:7)
#94     RenderProxyBoxMixin.performLayout (package:flutter/src/rendering/proxy_box.dart:118:18)
#95     RenderObject.layout (package:flutter/src/rendering/object.dart:2768:7)
#96     RenderProxyBoxMixin.performLayout (package:flutter/src/rendering/proxy_box.dart:118:18)
#97     RenderObject.layout (package:flutter/src/rendering/object.dart:2768:7)
#98     RenderProxyBoxMixin.performLayout (package:flutter/src/rendering/proxy_box.dart:118:18)
#99     RenderCustomPaint.performLayout (package:flutter/src/rendering/custom_paint.dart:574:11)
#100    RenderObject.layout (package:flutter/src/rendering/object.dart:2768:7)
#101    RenderProxyBoxMixin.performLayout (package:flutter/src/rendering/proxy_box.dart:118:18)
#102    RenderObject.layout (package:flutter/src/rendering/object.dart:2768:7)
#103    RenderProxyBoxMixin.performLayout (package:flutter/src/rendering/proxy_box.dart:118:18)
#104    RenderObject.layout (package:flutter/src/rendering/object.dart:2768:7)
#105    RenderProxyBoxMixin.performLayout (package:flutter/src/rendering/proxy_box.dart:118:18)
#106    RenderObject.layout (package:flutter/src/rendering/object.dart:2768:7)
#107    RenderProxyBoxMixin.performLayout (package:flutter/src/rendering/proxy_box.dart:118:18)
#108    RenderObject.layout (package:flutter/src/rendering/object.dart:2768:7)
#109    RenderProxyBoxMixin.performLayout (package:flutter/src/rendering/proxy_box.dart:118:18)
#110    RenderObject.layout (package:flutter/src/rendering/object.dart:2768:7)
#111    RenderProxyBoxMixin.performLayout (package:flutter/src/rendering/proxy_box.dart:118:18)
#112    RenderObject.layout (package:flutter/src/rendering/object.dart:2768:7)
#113    RenderView.performLayout (package:flutter/src/rendering/view.dart:292:12)
#114    RenderObject._layoutWithoutResize (package:flutter/src/rendering/object.dart:2616:7)
#115    PipelineOwner.flushLayout (package:flutter/src/rendering/object.dart:1174:18)
#116    PipelineOwner.flushLayout (package:flutter/src/rendering/object.dart:1187:15)
#117    AutomatedTestWidgetsFlutterBinding.drawFrame (package:flutter_test/src/binding.dart:2133:27)
#118    RendererBinding._handlePersistentFrameCallback (package:flutter/src/rendering/binding.dart:495:5)
#119    SchedulerBinding._invokeFrameCallback (package:flutter/src/scheduler/binding.dart:1430:15)
#120    SchedulerBinding.handleDrawFrame (package:flutter/src/scheduler/binding.dart:1345:9)
#121    AutomatedTestWidgetsFlutterBinding.pump.<anonymous closure> (package:flutter_test/src/binding.dart:1960:9)
#124    TestAsyncUtils.guard (package:flutter_test/src/test_async_utils.dart:74:41)
#125    AutomatedTestWidgetsFlutterBinding.pump (package:flutter_test/src/binding.dart:1949:27)
#126    WidgetTester.pumpWidget.<anonymous closure> (package:flutter_test/src/widget_tester.dart:598:22)
#129    TestAsyncUtils.guard (package:flutter_test/src/test_async_utils.dart:74:41)
#130    WidgetTester.pumpWidget (package:flutter_test/src/widget_tester.dart:595:27)
#131    main.<anonymous closure>.<anonymous closure> (file:///C:/Users/bhara/StudioProjects/simple_billing_app/test/widget/billing_screen_test.dart:38:20)
#132    testWidgets.<anonymous closure>.<anonymous closure> (package:flutter_test/src/widget_tester.dart:192:29)
<asynchronous suspension>
#133    TestWidgetsFlutterBinding._runTestBody (package:flutter_test/src/binding.dart:1682:5)
<asynchronous suspension>
<asynchronous suspension>
(elided 7 frames from class _AssertionError, dart:async, and package:stack_trace)

The following RenderObject was being processed when the exception was fired: RenderSemanticsGestureHandler#691e1 relayoutBoundary=up17 NEEDS-LAYOUT NEEDS-PAINT NEEDS-COMPOSITING-BITS-UPDATE:
  creator: _GestureSemantics ΓåÉ RawGestureDetector ΓåÉ GestureDetector ΓåÉ Column ΓåÉ Padding ΓåÉ DecoratedBox
    ΓåÉ Container ΓåÉ Column ΓåÉ Row ΓåÉ _SingleChildViewport ΓåÉ IgnorePointer-[GlobalKey#a7649] ΓåÉ Semantics ΓåÉ
    Γï»
  parentData: offset=Offset(0.0, 0.0); flex=null; fit=null (can use size)
  constraints: BoxConstraints(unconstrained)
  size: MISSING
  behavior: deferToChild
  gestures: tap
This RenderObject had the following descendants (showing up to depth 5):
    child: RenderPointerListener#bd7b6 relayoutBoundary=up18 NEEDS-PAINT NEEDS-COMPOSITING-BITS-UPDATE
      child: RenderAbsorbPointer#ee75b relayoutBoundary=up19 NEEDS-PAINT NEEDS-COMPOSITING-BITS-UPDATE
        child: RenderMouseRegion#dc13b relayoutBoundary=up20 NEEDS-PAINT NEEDS-COMPOSITING-BITS-UPDATE
          child: RenderTapRegion#77df2 relayoutBoundary=up21 NEEDS-PAINT NEEDS-COMPOSITING-BITS-UPDATE
            child: RenderIgnorePointer#8fe92 relayoutBoundary=up22 NEEDS-PAINT NEEDS-COMPOSITING-BITS-UPDATE
ΓòÉΓòÉΓòÉΓòÉΓòÉΓòÉΓòÉΓòÉΓòÉΓòÉΓòÉΓòÉΓòÉΓòÉΓòÉΓòÉΓòÉΓòÉΓòÉΓòÉΓòÉΓòÉΓòÉΓòÉΓòÉΓòÉΓòÉΓòÉΓòÉΓòÉΓòÉΓòÉΓòÉΓòÉΓòÉΓòÉΓòÉΓòÉΓòÉΓòÉΓòÉΓòÉΓòÉΓòÉΓòÉΓòÉΓòÉΓòÉΓòÉΓòÉΓòÉΓòÉΓòÉΓòÉΓòÉΓòÉΓòÉΓòÉΓòÉΓòÉΓòÉΓòÉΓòÉΓòÉΓòÉΓòÉΓòÉΓòÉΓòÉΓòÉΓòÉΓòÉΓòÉΓòÉΓòÉΓòÉΓòÉΓòÉΓòÉΓòÉΓòÉΓòÉΓòÉΓòÉΓòÉΓòÉΓòÉΓòÉΓòÉΓòÉΓòÉΓòÉΓòÉΓòÉΓòÉΓòÉΓòÉΓòÉΓòÉΓòÉ
ΓòÉΓòÉΓòí EXCEPTION CAUGHT BY RENDERING LIBRARY Γò₧ΓòÉΓòÉΓòÉΓòÉΓòÉΓòÉΓòÉΓòÉΓòÉΓòÉΓòÉΓòÉΓòÉΓòÉΓòÉΓòÉΓòÉΓòÉΓòÉΓòÉΓòÉΓòÉΓòÉΓòÉΓòÉΓòÉΓòÉΓòÉΓòÉΓòÉΓòÉΓòÉΓòÉΓòÉΓòÉΓòÉΓòÉΓòÉΓòÉΓòÉΓòÉΓòÉΓòÉΓòÉΓòÉΓòÉΓòÉΓòÉΓòÉΓòÉΓòÉΓòÉΓòÉΓòÉΓòÉΓòÉΓòÉ
The following assertion was thrown during performLayout():
RenderBox was not laid out: RenderSemanticsGestureHandler#691e1 relayoutBoundary=up17 NEEDS-PAINT
NEEDS-COMPOSITING-BITS-UPDATE
'package:flutter/src/rendering/box.dart':
Failed assertion: line 2251 pos 12: 'hasSize'

Either the assertion indicates an error in the framework itself, or we should provide substantially
more information in this error message to help you determine and fix the underlying cause.
In either case, please report this assertion by filing a bug on GitHub:
  https://github.com/flutter/flutter/issues/new?template=02_bug.yml

The relevant error-causing widget was:
  Column
  Column:file:///C:/Users/bhara/StudioProjects/simple_billing_app/lib/views/screens/billing_screen.dart:295:14

When the exception was thrown, this was the stack:
#2      RenderBox.size (package:flutter/src/rendering/box.dart:2251:12)
#3      ChildLayoutHelper.layoutChild (package:flutter/src/rendering/layout_helper.dart:63:18)
#4      RenderFlex._computeSizes (package:flutter/src/rendering/flex.dart:1237:28)
#5      RenderFlex.performLayout (package:flutter/src/rendering/flex.dart:1329:32)
#6      RenderObject.layout (package:flutter/src/rendering/object.dart:2768:7)
#7      RenderPadding.performLayout (package:flutter/src/rendering/shifted_box.dart:262:12)
#8      RenderObject.layout (package:flutter/src/rendering/object.dart:2768:7)
#9      RenderProxyBoxMixin.performLayout (package:flutter/src/rendering/proxy_box.dart:118:18)
#10     RenderObject.layout (package:flutter/src/rendering/object.dart:2768:7)
#11     ChildLayoutHelper.layoutChild (package:flutter/src/rendering/layout_helper.dart:62:11)
#12     RenderFlex._computeSizes (package:flutter/src/rendering/flex.dart:1237:28)
#13     RenderFlex.performLayout (package:flutter/src/rendering/flex.dart:1329:32)
#14     RenderObject.layout (package:flutter/src/rendering/object.dart:2768:7)
#15     ChildLayoutHelper.layoutChild (package:flutter/src/rendering/layout_helper.dart:62:11)
#16     RenderFlex._computeSizes (package:flutter/src/rendering/flex.dart:1237:28)
#17     RenderFlex.performLayout (package:flutter/src/rendering/flex.dart:1329:32)
#18     RenderObject.layout (package:flutter/src/rendering/object.dart:2768:7)
#19     _RenderSingleChildViewport.performLayout (package:flutter/src/widgets/single_child_scroll_view.dart:502:14)
#20     RenderObject.layout (package:flutter/src/rendering/object.dart:2768:7)
#21     RenderProxyBoxMixin.performLayout (package:flutter/src/rendering/proxy_box.dart:118:18)
#22     RenderObject.layout (package:flutter/src/rendering/object.dart:2768:7)
#23     RenderProxyBoxMixin.performLayout (package:flutter/src/rendering/proxy_box.dart:118:18)
#24     RenderObject.layout (package:flutter/src/rendering/object.dart:2768:7)
#25     RenderProxyBoxMixin.performLayout (package:flutter/src/rendering/proxy_box.dart:118:18)
#26     RenderObject.layout (package:flutter/src/rendering/object.dart:2768:7)
#27     RenderProxyBoxMixin.performLayout (package:flutter/src/rendering/proxy_box.dart:118:18)
#28     RenderObject.layout (package:flutter/src/rendering/object.dart:2768:7)
#29     RenderProxyBoxMixin.performLayout (package:flutter/src/rendering/proxy_box.dart:118:18)
#30     RenderObject.layout (package:flutter/src/rendering/object.dart:2768:7)
#31     RenderProxyBoxMixin.performLayout (package:flutter/src/rendering/proxy_box.dart:118:18)
#32     RenderObject.layout (package:flutter/src/rendering/object.dart:2768:7)
#33     RenderProxyBoxMixin.performLayout (package:flutter/src/rendering/proxy_box.dart:118:18)
#34     RenderObject.layout (package:flutter/src/rendering/object.dart:2768:7)
#35     RenderProxyBoxMixin.performLayout (package:flutter/src/rendering/proxy_box.dart:118:18)
#36     _RenderCustomClip.performLayout (package:flutter/src/rendering/proxy_box.dart:1549:11)
#37     RenderObject.layout (package:flutter/src/rendering/object.dart:2768:7)
#38     RenderPadding.performLayout (package:flutter/src/rendering/shifted_box.dart:262:12)
#39     RenderObject.layout (package:flutter/src/rendering/object.dart:2768:7)
#40     _RenderLayoutBuilder.performLayout (package:flutter/src/widgets/layout_builder.dart:449:14)
#41     RenderObject.layout (package:flutter/src/rendering/object.dart:2768:7)
#42     MultiChildLayoutDelegate.layoutChild (package:flutter/src/rendering/custom_layout.dart:180:12)
#43     _ScaffoldLayout.performLayout (package:flutter/src/material/scaffold.dart:1113:7)
#44     MultiChildLayoutDelegate._callPerformLayout (package:flutter/src/rendering/custom_layout.dart:246:7)
#45     RenderCustomMultiChildLayoutBox.performLayout (package:flutter/src/rendering/custom_layout.dart:417:14)
#46     RenderObject.layout (package:flutter/src/rendering/object.dart:2768:7)
#47     RenderProxyBoxMixin.performLayout (package:flutter/src/rendering/proxy_box.dart:118:18)
#48     RenderObject.layout (package:flutter/src/rendering/object.dart:2768:7)
#49     RenderProxyBoxMixin.performLayout (package:flutter/src/rendering/proxy_box.dart:118:18)
#50     _RenderCustomClip.performLayout (package:flutter/src/rendering/proxy_box.dart:1549:11)
#51     RenderObject.layout (package:flutter/src/rendering/object.dart:2768:7)
#52     RenderProxyBoxMixin.performLayout (package:flutter/src/rendering/proxy_box.dart:118:18)
#53     RenderObject.layout (package:flutter/src/rendering/object.dart:2768:7)
#54     RenderProxyBoxMixin.performLayout (package:flutter/src/rendering/proxy_box.dart:118:18)
#55     RenderObject.layout (package:flutter/src/rendering/object.dart:2768:7)
#56     RenderProxyBoxMixin.performLayout (package:flutter/src/rendering/proxy_box.dart:118:18)
#57     RenderObject.layout (package:flutter/src/rendering/object.dart:2768:7)
#58     RenderProxyBoxMixin.performLayout (package:flutter/src/rendering/proxy_box.dart:118:18)
#59     RenderObject.layout (package:flutter/src/rendering/object.dart:2768:7)
#60     RenderProxyBoxMixin.performLayout (package:flutter/src/rendering/proxy_box.dart:118:18)
#61     RenderObject.layout (package:flutter/src/rendering/object.dart:2768:7)
#62     RenderProxyBoxMixin.performLayout (package:flutter/src/rendering/proxy_box.dart:118:18)
#63     RenderObject.layout (package:flutter/src/rendering/object.dart:2768:7)
#64     RenderProxyBoxMixin.performLayout (package:flutter/src/rendering/proxy_box.dart:118:18)
#65     RenderObject.layout (package:flutter/src/rendering/object.dart:2768:7)
#66     RenderProxyBoxMixin.performLayout (package:flutter/src/rendering/proxy_box.dart:118:18)
#67     RenderObject.layout (package:flutter/src/rendering/object.dart:2768:7)
#68     RenderProxyBoxMixin.performLayout (package:flutter/src/rendering/proxy_box.dart:118:18)
#69     RenderObject.layout (package:flutter/src/rendering/object.dart:2768:7)
#70     RenderProxyBoxMixin.performLayout (package:flutter/src/rendering/proxy_box.dart:118:18)
#71     RenderObject.layout (package:flutter/src/rendering/object.dart:2768:7)
#72     RenderProxyBoxMixin.performLayout (package:flutter/src/rendering/proxy_box.dart:118:18)
#73     RenderObject.layout (package:flutter/src/rendering/object.dart:2768:7)
#74     RenderProxyBoxMixin.performLayout (package:flutter/src/rendering/proxy_box.dart:118:18)
#75     RenderObject.layout (package:flutter/src/rendering/object.dart:2768:7)
#76     RenderProxyBoxMixin.performLayout (package:flutter/src/rendering/proxy_box.dart:118:18)
#77     RenderObject.layout (package:flutter/src/rendering/object.dart:2768:7)
#78     RenderProxyBoxMixin.performLayout (package:flutter/src/rendering/proxy_box.dart:118:18)
#79     RenderObject.layout (package:flutter/src/rendering/object.dart:2768:7)
#80     RenderProxyBoxMixin.performLayout (package:flutter/src/rendering/proxy_box.dart:118:18)
#81     RenderObject.layout (package:flutter/src/rendering/object.dart:2768:7)
#82     RenderProxyBoxMixin.performLayout (package:flutter/src/rendering/proxy_box.dart:118:18)
#83     RenderOffstage.performLayout (package:flutter/src/rendering/proxy_box.dart:3923:13)
#84     RenderObject.layout (package:flutter/src/rendering/object.dart:2768:7)
#85     RenderProxyBoxMixin.performLayout (package:flutter/src/rendering/proxy_box.dart:118:18)
#86     RenderObject.layout (package:flutter/src/rendering/object.dart:2768:7)
#87     _RenderTheaterMixin.layoutChild (package:flutter/src/widgets/overlay.dart:1084:13)
#88     _RenderTheater.performLayout (package:flutter/src/widgets/overlay.dart:1429:9)
#89     RenderObject.layout (package:flutter/src/rendering/object.dart:2768:7)
#90     RenderProxyBoxMixin.performLayout (package:flutter/src/rendering/proxy_box.dart:118:18)
#91     RenderObject.layout (package:flutter/src/rendering/object.dart:2768:7)
#92     RenderProxyBoxMixin.performLayout (package:flutter/src/rendering/proxy_box.dart:118:18)
#93     RenderObject.layout (package:flutter/src/rendering/object.dart:2768:7)
#94     RenderProxyBoxMixin.performLayout (package:flutter/src/rendering/proxy_box.dart:118:18)
#95     RenderObject.layout (package:flutter/src/rendering/object.dart:2768:7)
#96     RenderProxyBoxMixin.performLayout (package:flutter/src/rendering/proxy_box.dart:118:18)
#97     RenderCustomPaint.performLayout (package:flutter/src/rendering/custom_paint.dart:574:11)
#98     RenderObject.layout (package:flutter/src/rendering/object.dart:2768:7)
#99     RenderProxyBoxMixin.performLayout (package:flutter/src/rendering/proxy_box.dart:118:18)
#100    RenderObject.layout (package:flutter/src/rendering/object.dart:2768:7)
#101    RenderProxyBoxMixin.performLayout (package:flutter/src/rendering/proxy_box.dart:118:18)
#102    RenderObject.layout (package:flutter/src/rendering/object.dart:2768:7)
#103    RenderProxyBoxMixin.performLayout (package:flutter/src/rendering/proxy_box.dart:118:18)
#104    RenderObject.layout (package:flutter/src/rendering/object.dart:2768:7)
#105    RenderProxyBoxMixin.performLayout (package:flutter/src/rendering/proxy_box.dart:118:18)
#106    RenderObject.layout (package:flutter/src/rendering/object.dart:2768:7)
#107    RenderProxyBoxMixin.performLayout (package:flutter/src/rendering/proxy_box.dart:118:18)
#108    RenderObject.layout (package:flutter/src/rendering/object.dart:2768:7)
#109    RenderProxyBoxMixin.performLayout (package:flutter/src/rendering/proxy_box.dart:118:18)
#110    RenderObject.layout (package:flutter/src/rendering/object.dart:2768:7)
#111    RenderView.performLayout (package:flutter/src/rendering/view.dart:292:12)
#112    RenderObject._layoutWithoutResize (package:flutter/src/rendering/object.dart:2616:7)
#113    PipelineOwner.flushLayout (package:flutter/src/rendering/object.dart:1174:18)
#114    PipelineOwner.flushLayout (package:flutter/src/rendering/object.dart:1187:15)
#115    AutomatedTestWidgetsFlutterBinding.drawFrame (package:flutter_test/src/binding.dart:2133:27)
#116    RendererBinding._handlePersistentFrameCallback (package:flutter/src/rendering/binding.dart:495:5)
#117    SchedulerBinding._invokeFrameCallback (package:flutter/src/scheduler/binding.dart:1430:15)
#118    SchedulerBinding.handleDrawFrame (package:flutter/src/scheduler/binding.dart:1345:9)
#119    AutomatedTestWidgetsFlutterBinding.pump.<anonymous closure> (package:flutter_test/src/binding.dart:1960:9)
#122    TestAsyncUtils.guard (package:flutter_test/src/test_async_utils.dart:74:41)
#123    AutomatedTestWidgetsFlutterBinding.pump (package:flutter_test/src/binding.dart:1949:27)
#124    WidgetTester.pumpWidget.<anonymous closure> (package:flutter_test/src/widget_tester.dart:598:22)
#127    TestAsyncUtils.guard (package:flutter_test/src/test_async_utils.dart:74:41)
#128    WidgetTester.pumpWidget (package:flutter_test/src/widget_tester.dart:595:27)
#129    main.<anonymous closure>.<anonymous closure> (file:///C:/Users/bhara/StudioProjects/simple_billing_app/test/widget/billing_screen_test.dart:38:20)
#130    testWidgets.<anonymous closure>.<anonymous closure> (package:flutter_test/src/widget_tester.dart:192:29)
<asynchronous suspension>
#131    TestWidgetsFlutterBinding._runTestBody (package:flutter_test/src/binding.dart:1682:5)
<asynchronous suspension>
<asynchronous suspension>
(elided 7 frames from class _AssertionError, dart:async, and package:stack_trace)

The following RenderObject was being processed when the exception was fired: RenderFlex#1a01b relayoutBoundary=up16 NEEDS-LAYOUT NEEDS-PAINT NEEDS-COMPOSITING-BITS-UPDATE:
  creator: Column ΓåÉ Padding ΓåÉ DecoratedBox ΓåÉ Container ΓåÉ Column ΓåÉ Row ΓåÉ _SingleChildViewport ΓåÉ
    IgnorePointer-[GlobalKey#a7649] ΓåÉ Semantics ΓåÉ Listener ΓåÉ _GestureSemantics ΓåÉ
    RawGestureDetector-[LabeledGlobalKey<RawGestureDetectorState>#f2ce2] ΓåÉ Γï»
  parentData: offset=Offset(0.0, 0.0) (can use size)
  constraints: BoxConstraints(unconstrained)
  size: MISSING
  direction: vertical
  mainAxisAlignment: start
  mainAxisSize: max
  crossAxisAlignment: start
  textDirection: ltr
  verticalDirection: down
  spacing: 0.0
This RenderObject had the following descendants (showing up to depth 5):
    child 1: RenderParagraph#e3dc8 relayoutBoundary=up17 NEEDS-PAINT
      text: TextSpan
    child 2: RenderConstrainedBox#030f8 relayoutBoundary=up17 NEEDS-PAINT
    child 3: RenderSemanticsGestureHandler#691e1 relayoutBoundary=up17 NEEDS-PAINT NEEDS-COMPOSITING-BITS-UPDATE
      child: RenderPointerListener#bd7b6 relayoutBoundary=up18 NEEDS-PAINT NEEDS-COMPOSITING-BITS-UPDATE
        child: RenderAbsorbPointer#ee75b relayoutBoundary=up19 NEEDS-PAINT NEEDS-COMPOSITING-BITS-UPDATE
          child: RenderMouseRegion#dc13b relayoutBoundary=up20 NEEDS-PAINT NEEDS-COMPOSITING-BITS-UPDATE
            child: RenderTapRegion#77df2 relayoutBoundary=up21 NEEDS-PAINT NEEDS-COMPOSITING-BITS-UPDATE
ΓòÉΓòÉΓòÉΓòÉΓòÉΓòÉΓòÉΓòÉΓòÉΓòÉΓòÉΓòÉΓòÉΓòÉΓòÉΓòÉΓòÉΓòÉΓòÉΓòÉΓòÉΓòÉΓòÉΓòÉΓòÉΓòÉΓòÉΓòÉΓòÉΓòÉΓòÉΓòÉΓòÉΓòÉΓòÉΓòÉΓòÉΓòÉΓòÉΓòÉΓòÉΓòÉΓòÉΓòÉΓòÉΓòÉΓòÉΓòÉΓòÉΓòÉΓòÉΓòÉΓòÉΓòÉΓòÉΓòÉΓòÉΓòÉΓòÉΓòÉΓòÉΓòÉΓòÉΓòÉΓòÉΓòÉΓòÉΓòÉΓòÉΓòÉΓòÉΓòÉΓòÉΓòÉΓòÉΓòÉΓòÉΓòÉΓòÉΓòÉΓòÉΓòÉΓòÉΓòÉΓòÉΓòÉΓòÉΓòÉΓòÉΓòÉΓòÉΓòÉΓòÉΓòÉΓòÉΓòÉΓòÉΓòÉΓòÉΓòÉ
ΓòÉΓòÉΓòí EXCEPTION CAUGHT BY RENDERING LIBRARY Γò₧ΓòÉΓòÉΓòÉΓòÉΓòÉΓòÉΓòÉΓòÉΓòÉΓòÉΓòÉΓòÉΓòÉΓòÉΓòÉΓòÉΓòÉΓòÉΓòÉΓòÉΓòÉΓòÉΓòÉΓòÉΓòÉΓòÉΓòÉΓòÉΓòÉΓòÉΓòÉΓòÉΓòÉΓòÉΓòÉΓòÉΓòÉΓòÉΓòÉΓòÉΓòÉΓòÉΓòÉΓòÉΓòÉΓòÉΓòÉΓòÉΓòÉΓòÉΓòÉΓòÉΓòÉΓòÉΓòÉΓòÉΓòÉ
The following assertion was thrown during performLayout():
RenderBox was not laid out: RenderFlex#1a01b relayoutBoundary=up16 NEEDS-PAINT
NEEDS-COMPOSITING-BITS-UPDATE
'package:flutter/src/rendering/box.dart':
Failed assertion: line 2251 pos 12: 'hasSize'

Either the assertion indicates an error in the framework itself, or we should provide substantially
more information in this error message to help you determine and fix the underlying cause.
In either case, please report this assertion by filing a bug on GitHub:
  https://github.com/flutter/flutter/issues/new?template=02_bug.yml

The relevant error-causing widget was:
  Container
  Container:file:///C:/Users/bhara/StudioProjects/simple_billing_app/lib/views/screens/billing_screen.dart:288:12

When the exception was thrown, this was the stack:
#2      RenderBox.size (package:flutter/src/rendering/box.dart:2251:12)
#3      RenderPadding.performLayout (package:flutter/src/rendering/shifted_box.dart:266:40)
#4      RenderObject.layout (package:flutter/src/rendering/object.dart:2768:7)
#5      RenderProxyBoxMixin.performLayout (package:flutter/src/rendering/proxy_box.dart:118:18)
#6      RenderObject.layout (package:flutter/src/rendering/object.dart:2768:7)
#7      ChildLayoutHelper.layoutChild (package:flutter/src/rendering/layout_helper.dart:62:11)
#8      RenderFlex._computeSizes (package:flutter/src/rendering/flex.dart:1237:28)
#9      RenderFlex.performLayout (package:flutter/src/rendering/flex.dart:1329:32)
#10     RenderObject.layout (package:flutter/src/rendering/object.dart:2768:7)
#11     ChildLayoutHelper.layoutChild (package:flutter/src/rendering/layout_helper.dart:62:11)
#12     RenderFlex._computeSizes (package:flutter/src/rendering/flex.dart:1237:28)
#13     RenderFlex.performLayout (package:flutter/src/rendering/flex.dart:1329:32)
#14     RenderObject.layout (package:flutter/src/rendering/object.dart:2768:7)
#15     _RenderSingleChildViewport.performLayout (package:flutter/src/widgets/single_child_scroll_view.dart:502:14)
#16     RenderObject.layout (package:flutter/src/rendering/object.dart:2768:7)
#17     RenderProxyBoxMixin.performLayout (package:flutter/src/rendering/proxy_box.dart:118:18)
#18     RenderObject.layout (package:flutter/src/rendering/object.dart:2768:7)
#19     RenderProxyBoxMixin.performLayout (package:flutter/src/rendering/proxy_box.dart:118:18)
#20     RenderObject.layout (package:flutter/src/rendering/object.dart:2768:7)
#21     RenderProxyBoxMixin.performLayout (package:flutter/src/rendering/proxy_box.dart:118:18)
#22     RenderObject.layout (package:flutter/src/rendering/object.dart:2768:7)
#23     RenderProxyBoxMixin.performLayout (package:flutter/src/rendering/proxy_box.dart:118:18)
#24     RenderObject.layout (package:flutter/src/rendering/object.dart:2768:7)
#25     RenderProxyBoxMixin.performLayout (package:flutter/src/rendering/proxy_box.dart:118:18)
#26     RenderObject.layout (package:flutter/src/rendering/object.dart:2768:7)
#27     RenderProxyBoxMixin.performLayout (package:flutter/src/rendering/proxy_box.dart:118:18)
#28     RenderObject.layout (package:flutter/src/rendering/object.dart:2768:7)
#29     RenderProxyBoxMixin.performLayout (package:flutter/src/rendering/proxy_box.dart:118:18)
#30     RenderObject.layout (package:flutter/src/rendering/object.dart:2768:7)
#31     RenderProxyBoxMixin.performLayout (package:flutter/src/rendering/proxy_box.dart:118:18)
#32     _RenderCustomClip.performLayout (package:flutter/src/rendering/proxy_box.dart:1549:11)
#33     RenderObject.layout (package:flutter/src/rendering/object.dart:2768:7)
#34     RenderPadding.performLayout (package:flutter/src/rendering/shifted_box.dart:262:12)
#35     RenderObject.layout (package:flutter/src/rendering/object.dart:2768:7)
#36     _RenderLayoutBuilder.performLayout (package:flutter/src/widgets/layout_builder.dart:449:14)
#37     RenderObject.layout (package:flutter/src/rendering/object.dart:2768:7)
#38     MultiChildLayoutDelegate.layoutChild (package:flutter/src/rendering/custom_layout.dart:180:12)
#39     _ScaffoldLayout.performLayout (package:flutter/src/material/scaffold.dart:1113:7)
#40     MultiChildLayoutDelegate._callPerformLayout (package:flutter/src/rendering/custom_layout.dart:246:7)
#41     RenderCustomMultiChildLayoutBox.performLayout (package:flutter/src/rendering/custom_layout.dart:417:14)
#42     RenderObject.layout (package:flutter/src/rendering/object.dart:2768:7)
#43     RenderProxyBoxMixin.performLayout (package:flutter/src/rendering/proxy_box.dart:118:18)
#44     RenderObject.layout (package:flutter/src/rendering/object.dart:2768:7)
#45     RenderProxyBoxMixin.performLayout (package:flutter/src/rendering/proxy_box.dart:118:18)
#46     _RenderCustomClip.performLayout (package:flutter/src/rendering/proxy_box.dart:1549:11)
#47     RenderObject.layout (package:flutter/src/rendering/object.dart:2768:7)
#48     RenderProxyBoxMixin.performLayout (package:flutter/src/rendering/proxy_box.dart:118:18)
#49     RenderObject.layout (package:flutter/src/rendering/object.dart:2768:7)
#50     RenderProxyBoxMixin.performLayout (package:flutter/src/rendering/proxy_box.dart:118:18)
#51     RenderObject.layout (package:flutter/src/rendering/object.dart:2768:7)
#52     RenderProxyBoxMixin.performLayout (package:flutter/src/rendering/proxy_box.dart:118:18)
#53     RenderObject.layout (package:flutter/src/rendering/object.dart:2768:7)
#54     RenderProxyBoxMixin.performLayout (package:flutter/src/rendering/proxy_box.dart:118:18)
#55     RenderObject.layout (package:flutter/src/rendering/object.dart:2768:7)
#56     RenderProxyBoxMixin.performLayout (package:flutter/src/rendering/proxy_box.dart:118:18)
#57     RenderObject.layout (package:flutter/src/rendering/object.dart:2768:7)
#58     RenderProxyBoxMixin.performLayout (package:flutter/src/rendering/proxy_box.dart:118:18)
#59     RenderObject.layout (package:flutter/src/rendering/object.dart:2768:7)
#60     RenderProxyBoxMixin.performLayout (package:flutter/src/rendering/proxy_box.dart:118:18)
#61     RenderObject.layout (package:flutter/src/rendering/object.dart:2768:7)
#62     RenderProxyBoxMixin.performLayout (package:flutter/src/rendering/proxy_box.dart:118:18)
#63     RenderObject.layout (package:flutter/src/rendering/object.dart:2768:7)
#64     RenderProxyBoxMixin.performLayout (package:flutter/src/rendering/proxy_box.dart:118:18)
#65     RenderObject.layout (package:flutter/src/rendering/object.dart:2768:7)
#66     RenderProxyBoxMixin.performLayout (package:flutter/src/rendering/proxy_box.dart:118:18)
#67     RenderObject.layout (package:flutter/src/rendering/object.dart:2768:7)
#68     RenderProxyBoxMixin.performLayout (package:flutter/src/rendering/proxy_box.dart:118:18)
#69     RenderObject.layout (package:flutter/src/rendering/object.dart:2768:7)
#70     RenderProxyBoxMixin.performLayout (package:flutter/src/rendering/proxy_box.dart:118:18)
#71     RenderObject.layout (package:flutter/src/rendering/object.dart:2768:7)
#72     RenderProxyBoxMixin.performLayout (package:flutter/src/rendering/proxy_box.dart:118:18)
#73     RenderObject.layout (package:flutter/src/rendering/object.dart:2768:7)
#74     RenderProxyBoxMixin.performLayout (package:flutter/src/rendering/proxy_box.dart:118:18)
#75     RenderObject.layout (package:flutter/src/rendering/object.dart:2768:7)
#76     RenderProxyBoxMixin.performLayout (package:flutter/src/rendering/proxy_box.dart:118:18)
#77     RenderObject.layout (package:flutter/src/rendering/object.dart:2768:7)
#78     RenderProxyBoxMixin.performLayout (package:flutter/src/rendering/proxy_box.dart:118:18)
#79     RenderOffstage.performLayout (package:flutter/src/rendering/proxy_box.dart:3923:13)
#80     RenderObject.layout (package:flutter/src/rendering/object.dart:2768:7)
#81     RenderProxyBoxMixin.performLayout (package:flutter/src/rendering/proxy_box.dart:118:18)
#82     RenderObject.layout (package:flutter/src/rendering/object.dart:2768:7)
#83     _RenderTheaterMixin.layoutChild (package:flutter/src/widgets/overlay.dart:1084:13)
#84     _RenderTheater.performLayout (package:flutter/src/widgets/overlay.dart:1429:9)
#85     RenderObject.layout (package:flutter/src/rendering/object.dart:2768:7)
#86     RenderProxyBoxMixin.performLayout (package:flutter/src/rendering/proxy_box.dart:118:18)
#87     RenderObject.layout (package:flutter/src/rendering/object.dart:2768:7)
#88     RenderProxyBoxMixin.performLayout (package:flutter/src/rendering/proxy_box.dart:118:18)
#89     RenderObject.layout (package:flutter/src/rendering/object.dart:2768:7)
#90     RenderProxyBoxMixin.performLayout (package:flutter/src/rendering/proxy_box.dart:118:18)
#91     RenderObject.layout (package:flutter/src/rendering/object.dart:2768:7)
#92     RenderProxyBoxMixin.performLayout (package:flutter/src/rendering/proxy_box.dart:118:18)
#93     RenderCustomPaint.performLayout (package:flutter/src/rendering/custom_paint.dart:574:11)
#94     RenderObject.layout (package:flutter/src/rendering/object.dart:2768:7)
#95     RenderProxyBoxMixin.performLayout (package:flutter/src/rendering/proxy_box.dart:118:18)
#96     RenderObject.layout (package:flutter/src/rendering/object.dart:2768:7)
#97     RenderProxyBoxMixin.performLayout (package:flutter/src/rendering/proxy_box.dart:118:18)
#98     RenderObject.layout (package:flutter/src/rendering/object.dart:2768:7)
#99     RenderProxyBoxMixin.performLayout (package:flutter/src/rendering/proxy_box.dart:118:18)
#100    RenderObject.layout (package:flutter/src/rendering/object.dart:2768:7)
#101    RenderProxyBoxMixin.performLayout (package:flutter/src/rendering/proxy_box.dart:118:18)
#102    RenderObject.layout (package:flutter/src/rendering/object.dart:2768:7)
#103    RenderProxyBoxMixin.performLayout (package:flutter/src/rendering/proxy_box.dart:118:18)
#104    RenderObject.layout (package:flutter/src/rendering/object.dart:2768:7)
#105    RenderProxyBoxMixin.performLayout (package:flutter/src/rendering/proxy_box.dart:118:18)
#106    RenderObject.layout (package:flutter/src/rendering/object.dart:2768:7)
#107    RenderView.performLayout (package:flutter/src/rendering/view.dart:292:12)
#108    RenderObject._layoutWithoutResize (package:flutter/src/rendering/object.dart:2616:7)
#109    PipelineOwner.flushLayout (package:flutter/src/rendering/object.dart:1174:18)
#110    PipelineOwner.flushLayout (package:flutter/src/rendering/object.dart:1187:15)
#111    AutomatedTestWidgetsFlutterBinding.drawFrame (package:flutter_test/src/binding.dart:2133:27)
#112    RendererBinding._handlePersistentFrameCallback (package:flutter/src/rendering/binding.dart:495:5)
#113    SchedulerBinding._invokeFrameCallback (package:flutter/src/scheduler/binding.dart:1430:15)
#114    SchedulerBinding.handleDrawFrame (package:flutter/src/scheduler/binding.dart:1345:9)
#115    AutomatedTestWidgetsFlutterBinding.pump.<anonymous closure> (package:flutter_test/src/binding.dart:1960:9)
#118    TestAsyncUtils.guard (package:flutter_test/src/test_async_utils.dart:74:41)
#119    AutomatedTestWidgetsFlutterBinding.pump (package:flutter_test/src/binding.dart:1949:27)
#120    WidgetTester.pumpWidget.<anonymous closure> (package:flutter_test/src/widget_tester.dart:598:22)
#123    TestAsyncUtils.guard (package:flutter_test/src/test_async_utils.dart:74:41)
#124    WidgetTester.pumpWidget (package:flutter_test/src/widget_tester.dart:595:27)
#125    main.<anonymous closure>.<anonymous closure> (file:///C:/Users/bhara/StudioProjects/simple_billing_app/test/widget/billing_screen_test.dart:38:20)
#126    testWidgets.<anonymous closure>.<anonymous closure> (package:flutter_test/src/widget_tester.dart:192:29)
<asynchronous suspension>
#127    TestWidgetsFlutterBinding._runTestBody (package:flutter_test/src/binding.dart:1682:5)
<asynchronous suspension>
<asynchronous suspension>
(elided 7 frames from class _AssertionError, dart:async, and package:stack_trace)

The following RenderObject was being processed when the exception was fired: RenderPadding#f5a0d relayoutBoundary=up15 NEEDS-LAYOUT NEEDS-PAINT NEEDS-COMPOSITING-BITS-UPDATE:
  creator: Padding ΓåÉ DecoratedBox ΓåÉ Container ΓåÉ Column ΓåÉ Row ΓåÉ _SingleChildViewport ΓåÉ
    IgnorePointer-[GlobalKey#a7649] ΓåÉ Semantics ΓåÉ Listener ΓåÉ _GestureSemantics ΓåÉ
    RawGestureDetector-[LabeledGlobalKey<RawGestureDetectorState>#f2ce2] ΓåÉ Listener ΓåÉ Γï»
  parentData: <none> (can use size)
  constraints: BoxConstraints(unconstrained)
  size: MISSING
  padding: EdgeInsets.all(25.0)
  textDirection: ltr
This RenderObject had the following descendants (showing up to depth 5):
    child: RenderFlex#1a01b relayoutBoundary=up16 NEEDS-PAINT NEEDS-COMPOSITING-BITS-UPDATE
      child 1: RenderParagraph#e3dc8 relayoutBoundary=up17 NEEDS-PAINT
        text: TextSpan
      child 2: RenderConstrainedBox#030f8 relayoutBoundary=up17 NEEDS-PAINT
      child 3: RenderSemanticsGestureHandler#691e1 relayoutBoundary=up17 NEEDS-PAINT NEEDS-COMPOSITING-BITS-UPDATE
        child: RenderPointerListener#bd7b6 relayoutBoundary=up18 NEEDS-PAINT NEEDS-COMPOSITING-BITS-UPDATE
          child: RenderAbsorbPointer#ee75b relayoutBoundary=up19 NEEDS-PAINT NEEDS-COMPOSITING-BITS-UPDATE
            child: RenderMouseRegion#dc13b relayoutBoundary=up20 NEEDS-PAINT NEEDS-COMPOSITING-BITS-UPDATE
ΓòÉΓòÉΓòÉΓòÉΓòÉΓòÉΓòÉΓòÉΓòÉΓòÉΓòÉΓòÉΓòÉΓòÉΓòÉΓòÉΓòÉΓòÉΓòÉΓòÉΓòÉΓòÉΓòÉΓòÉΓòÉΓòÉΓòÉΓòÉΓòÉΓòÉΓòÉΓòÉΓòÉΓòÉΓòÉΓòÉΓòÉΓòÉΓòÉΓòÉΓòÉΓòÉΓòÉΓòÉΓòÉΓòÉΓòÉΓòÉΓòÉΓòÉΓòÉΓòÉΓòÉΓòÉΓòÉΓòÉΓòÉΓòÉΓòÉΓòÉΓòÉΓòÉΓòÉΓòÉΓòÉΓòÉΓòÉΓòÉΓòÉΓòÉΓòÉΓòÉΓòÉΓòÉΓòÉΓòÉΓòÉΓòÉΓòÉΓòÉΓòÉΓòÉΓòÉΓòÉΓòÉΓòÉΓòÉΓòÉΓòÉΓòÉΓòÉΓòÉΓòÉΓòÉΓòÉΓòÉΓòÉΓòÉΓòÉΓòÉ
ΓòÉΓòÉΓòí EXCEPTION CAUGHT BY RENDERING LIBRARY Γò₧ΓòÉΓòÉΓòÉΓòÉΓòÉΓòÉΓòÉΓòÉΓòÉΓòÉΓòÉΓòÉΓòÉΓòÉΓòÉΓòÉΓòÉΓòÉΓòÉΓòÉΓòÉΓòÉΓòÉΓòÉΓòÉΓòÉΓòÉΓòÉΓòÉΓòÉΓòÉΓòÉΓòÉΓòÉΓòÉΓòÉΓòÉΓòÉΓòÉΓòÉΓòÉΓòÉΓòÉΓòÉΓòÉΓòÉΓòÉΓòÉΓòÉΓòÉΓòÉΓòÉΓòÉΓòÉΓòÉΓòÉΓòÉ
The following assertion was thrown during performLayout():
RenderBox was not laid out: RenderPadding#f5a0d relayoutBoundary=up15 NEEDS-PAINT
NEEDS-COMPOSITING-BITS-UPDATE
'package:flutter/src/rendering/box.dart':
Failed assertion: line 2251 pos 12: 'hasSize'

Either the assertion indicates an error in the framework itself, or we should provide substantially
more information in this error message to help you determine and fix the underlying cause.
In either case, please report this assertion by filing a bug on GitHub:
  https://github.com/flutter/flutter/issues/new?template=02_bug.yml

The relevant error-causing widget was:
  Container
  Container:file:///C:/Users/bhara/StudioProjects/simple_billing_app/lib/views/screens/billing_screen.dart:288:12

When the exception was thrown, this was the stack:
#2      RenderBox.size (package:flutter/src/rendering/box.dart:2251:12)
#3      RenderProxyBoxMixin.performLayout (package:flutter/src/rendering/proxy_box.dart:118:62)
#4      RenderObject.layout (package:flutter/src/rendering/object.dart:2768:7)
#5      ChildLayoutHelper.layoutChild (package:flutter/src/rendering/layout_helper.dart:62:11)
#6      RenderFlex._computeSizes (package:flutter/src/rendering/flex.dart:1237:28)
#7      RenderFlex.performLayout (package:flutter/src/rendering/flex.dart:1329:32)
#8      RenderObject.layout (package:flutter/src/rendering/object.dart:2768:7)
#9      ChildLayoutHelper.layoutChild (package:flutter/src/rendering/layout_helper.dart:62:11)
#10     RenderFlex._computeSizes (package:flutter/src/rendering/flex.dart:1237:28)
#11     RenderFlex.performLayout (package:flutter/src/rendering/flex.dart:1329:32)
#12     RenderObject.layout (package:flutter/src/rendering/object.dart:2768:7)
#13     _RenderSingleChildViewport.performLayout (package:flutter/src/widgets/single_child_scroll_view.dart:502:14)
#14     RenderObject.layout (package:flutter/src/rendering/object.dart:2768:7)
#15     RenderProxyBoxMixin.performLayout (package:flutter/src/rendering/proxy_box.dart:118:18)
#16     RenderObject.layout (package:flutter/src/rendering/object.dart:2768:7)
#17     RenderProxyBoxMixin.performLayout (package:flutter/src/rendering/proxy_box.dart:118:18)
#18     RenderObject.layout (package:flutter/src/rendering/object.dart:2768:7)
#19     RenderProxyBoxMixin.performLayout (package:flutter/src/rendering/proxy_box.dart:118:18)
#20     RenderObject.layout (package:flutter/src/rendering/object.dart:2768:7)
#21     RenderProxyBoxMixin.performLayout (package:flutter/src/rendering/proxy_box.dart:118:18)
#22     RenderObject.layout (package:flutter/src/rendering/object.dart:2768:7)
#23     RenderProxyBoxMixin.performLayout (package:flutter/src/rendering/proxy_box.dart:118:18)
#24     RenderObject.layout (package:flutter/src/rendering/object.dart:2768:7)
#25     RenderProxyBoxMixin.performLayout (package:flutter/src/rendering/proxy_box.dart:118:18)
#26     RenderObject.layout (package:flutter/src/rendering/object.dart:2768:7)
#27     RenderProxyBoxMixin.performLayout (package:flutter/src/rendering/proxy_box.dart:118:18)
#28     RenderObject.layout (package:flutter/src/rendering/object.dart:2768:7)
#29     RenderProxyBoxMixin.performLayout (package:flutter/src/rendering/proxy_box.dart:118:18)
#30     _RenderCustomClip.performLayout (package:flutter/src/rendering/proxy_box.dart:1549:11)
#31     RenderObject.layout (package:flutter/src/rendering/object.dart:2768:7)
#32     RenderPadding.performLayout (package:flutter/src/rendering/shifted_box.dart:262:12)
#33     RenderObject.layout (package:flutter/src/rendering/object.dart:2768:7)
#34     _RenderLayoutBuilder.performLayout (package:flutter/src/widgets/layout_builder.dart:449:14)
#35     RenderObject.layout (package:flutter/src/rendering/object.dart:2768:7)
#36     MultiChildLayoutDelegate.layoutChild (package:flutter/src/rendering/custom_layout.dart:180:12)
#37     _ScaffoldLayout.performLayout (package:flutter/src/material/scaffold.dart:1113:7)
#38     MultiChildLayoutDelegate._callPerformLayout (package:flutter/src/rendering/custom_layout.dart:246:7)
#39     RenderCustomMultiChildLayoutBox.performLayout (package:flutter/src/rendering/custom_layout.dart:417:14)
#40     RenderObject.layout (package:flutter/src/rendering/object.dart:2768:7)
#41     RenderProxyBoxMixin.performLayout (package:flutter/src/rendering/proxy_box.dart:118:18)
#42     RenderObject.layout (package:flutter/src/rendering/object.dart:2768:7)
#43     RenderProxyBoxMixin.performLayout (package:flutter/src/rendering/proxy_box.dart:118:18)
#44     _RenderCustomClip.performLayout (package:flutter/src/rendering/proxy_box.dart:1549:11)
#45     RenderObject.layout (package:flutter/src/rendering/object.dart:2768:7)
#46     RenderProxyBoxMixin.performLayout (package:flutter/src/rendering/proxy_box.dart:118:18)
#47     RenderObject.layout (package:flutter/src/rendering/object.dart:2768:7)
#48     RenderProxyBoxMixin.performLayout (package:flutter/src/rendering/proxy_box.dart:118:18)
#49     RenderObject.layout (package:flutter/src/rendering/object.dart:2768:7)
#50     RenderProxyBoxMixin.performLayout (package:flutter/src/rendering/proxy_box.dart:118:18)
#51     RenderObject.layout (package:flutter/src/rendering/object.dart:2768:7)
#52     RenderProxyBoxMixin.performLayout (package:flutter/src/rendering/proxy_box.dart:118:18)
#53     RenderObject.layout (package:flutter/src/rendering/object.dart:2768:7)
#54     RenderProxyBoxMixin.performLayout (package:flutter/src/rendering/proxy_box.dart:118:18)
#55     RenderObject.layout (package:flutter/src/rendering/object.dart:2768:7)
#56     RenderProxyBoxMixin.performLayout (package:flutter/src/rendering/proxy_box.dart:118:18)
#57     RenderObject.layout (package:flutter/src/rendering/object.dart:2768:7)
#58     RenderProxyBoxMixin.performLayout (package:flutter/src/rendering/proxy_box.dart:118:18)
#59     RenderObject.layout (package:flutter/src/rendering/object.dart:2768:7)
#60     RenderProxyBoxMixin.performLayout (package:flutter/src/rendering/proxy_box.dart:118:18)
#61     RenderObject.layout (package:flutter/src/rendering/object.dart:2768:7)
#62     RenderProxyBoxMixin.performLayout (package:flutter/src/rendering/proxy_box.dart:118:18)
#63     RenderObject.layout (package:flutter/src/rendering/object.dart:2768:7)
#64     RenderProxyBoxMixin.performLayout (package:flutter/src/rendering/proxy_box.dart:118:18)
#65     RenderObject.layout (package:flutter/src/rendering/object.dart:2768:7)
#66     RenderProxyBoxMixin.performLayout (package:flutter/src/rendering/proxy_box.dart:118:18)
#67     RenderObject.layout (package:flutter/src/rendering/object.dart:2768:7)
#68     RenderProxyBoxMixin.performLayout (package:flutter/src/rendering/proxy_box.dart:118:18)
#69     RenderObject.layout (package:flutter/src/rendering/object.dart:2768:7)
#70     RenderProxyBoxMixin.performLayout (package:flutter/src/rendering/proxy_box.dart:118:18)
#71     RenderObject.layout (package:flutter/src/rendering/object.dart:2768:7)
#72     RenderProxyBoxMixin.performLayout (package:flutter/src/rendering/proxy_box.dart:118:18)
#73     RenderObject.layout (package:flutter/src/rendering/object.dart:2768:7)
#74     RenderProxyBoxMixin.performLayout (package:flutter/src/rendering/proxy_box.dart:118:18)
#75     RenderObject.layout (package:flutter/src/rendering/object.dart:2768:7)
#76     RenderProxyBoxMixin.performLayout (package:flutter/src/rendering/proxy_box.dart:118:18)
#77     RenderOffstage.performLayout (package:flutter/src/rendering/proxy_box.dart:3923:13)
#78     RenderObject.layout (package:flutter/src/rendering/object.dart:2768:7)
#79     RenderProxyBoxMixin.performLayout (package:flutter/src/rendering/proxy_box.dart:118:18)
#80     RenderObject.layout (package:flutter/src/rendering/object.dart:2768:7)
#81     _RenderTheaterMixin.layoutChild (package:flutter/src/widgets/overlay.dart:1084:13)
#82     _RenderTheater.performLayout (package:flutter/src/widgets/overlay.dart:1429:9)
#83     RenderObject.layout (package:flutter/src/rendering/object.dart:2768:7)
#84     RenderProxyBoxMixin.performLayout (package:flutter/src/rendering/proxy_box.dart:118:18)
#85     RenderObject.layout (package:flutter/src/rendering/object.dart:2768:7)
#86     RenderProxyBoxMixin.performLayout (package:flutter/src/rendering/proxy_box.dart:118:18)
#87     RenderObject.layout (package:flutter/src/rendering/object.dart:2768:7)
#88     RenderProxyBoxMixin.performLayout (package:flutter/src/rendering/proxy_box.dart:118:18)
#89     RenderObject.layout (package:flutter/src/rendering/object.dart:2768:7)
#90     RenderProxyBoxMixin.performLayout (package:flutter/src/rendering/proxy_box.dart:118:18)
#91     RenderCustomPaint.performLayout (package:flutter/src/rendering/custom_paint.dart:574:11)
#92     RenderObject.layout (package:flutter/src/rendering/object.dart:2768:7)
#93     RenderProxyBoxMixin.performLayout (package:flutter/src/rendering/proxy_box.dart:118:18)
#94     RenderObject.layout (package:flutter/src/rendering/object.dart:2768:7)
#95     RenderProxyBoxMixin.performLayout (package:flutter/src/rendering/proxy_box.dart:118:18)
#96     RenderObject.layout (package:flutter/src/rendering/object.dart:2768:7)
#97     RenderProxyBoxMixin.performLayout (package:flutter/src/rendering/proxy_box.dart:118:18)
#98     RenderObject.layout (package:flutter/src/rendering/object.dart:2768:7)
#99     RenderProxyBoxMixin.performLayout (package:flutter/src/rendering/proxy_box.dart:118:18)
#100    RenderObject.layout (package:flutter/src/rendering/object.dart:2768:7)
#101    RenderProxyBoxMixin.performLayout (package:flutter/src/rendering/proxy_box.dart:118:18)
#102    RenderObject.layout (package:flutter/src/rendering/object.dart:2768:7)
#103    RenderProxyBoxMixin.performLayout (package:flutter/src/rendering/proxy_box.dart:118:18)
#104    RenderObject.layout (package:flutter/src/rendering/object.dart:2768:7)
#105    RenderView.performLayout (package:flutter/src/rendering/view.dart:292:12)
#106    RenderObject._layoutWithoutResize (package:flutter/src/rendering/object.dart:2616:7)
#107    PipelineOwner.flushLayout (package:flutter/src/rendering/object.dart:1174:18)
#108    PipelineOwner.flushLayout (package:flutter/src/rendering/object.dart:1187:15)
#109    AutomatedTestWidgetsFlutterBinding.drawFrame (package:flutter_test/src/binding.dart:2133:27)
#110    RendererBinding._handlePersistentFrameCallback (package:flutter/src/rendering/binding.dart:495:5)
#111    SchedulerBinding._invokeFrameCallback (package:flutter/src/scheduler/binding.dart:1430:15)
#112    SchedulerBinding.handleDrawFrame (package:flutter/src/scheduler/binding.dart:1345:9)
#113    AutomatedTestWidgetsFlutterBinding.pump.<anonymous closure> (package:flutter_test/src/binding.dart:1960:9)
#116    TestAsyncUtils.guard (package:flutter_test/src/test_async_utils.dart:74:41)
#117    AutomatedTestWidgetsFlutterBinding.pump (package:flutter_test/src/binding.dart:1949:27)
#118    WidgetTester.pumpWidget.<anonymous closure> (package:flutter_test/src/widget_tester.dart:598:22)
#121    TestAsyncUtils.guard (package:flutter_test/src/test_async_utils.dart:74:41)
#122    WidgetTester.pumpWidget (package:flutter_test/src/widget_tester.dart:595:27)
#123    main.<anonymous closure>.<anonymous closure> (file:///C:/Users/bhara/StudioProjects/simple_billing_app/test/widget/billing_screen_test.dart:38:20)
#124    testWidgets.<anonymous closure>.<anonymous closure> (package:flutter_test/src/widget_tester.dart:192:29)
<asynchronous suspension>
#125    TestWidgetsFlutterBinding._runTestBody (package:flutter_test/src/binding.dart:1682:5)
<asynchronous suspension>
<asynchronous suspension>
(elided 7 frames from class _AssertionError, dart:async, and package:stack_trace)

The following RenderObject was being processed when the exception was fired: RenderDecoratedBox#35d20 relayoutBoundary=up14 NEEDS-LAYOUT NEEDS-PAINT NEEDS-COMPOSITING-BITS-UPDATE:
  creator: DecoratedBox ΓåÉ Container ΓåÉ Column ΓåÉ Row ΓåÉ _SingleChildViewport ΓåÉ
    IgnorePointer-[GlobalKey#a7649] ΓåÉ Semantics ΓåÉ Listener ΓåÉ _GestureSemantics ΓåÉ
    RawGestureDetector-[LabeledGlobalKey<RawGestureDetectorState>#f2ce2] ΓåÉ Listener ΓåÉ _ScrollableScope
    ΓåÉ Γï»
  parentData: offset=Offset(0.0, 0.0); flex=null; fit=null (can use size)
  constraints: BoxConstraints(unconstrained)
  size: MISSING
  decoration: BoxDecoration:
    color: Color(alpha: 1.0000, red: 1.0000, green: 1.0000, blue: 1.0000, colorSpace: ColorSpace.sRGB)
    border: Border.all(BorderSide(color: Color(alpha: 1.0000, red: 0.8784, green: 0.8471, blue: 0.8000,
      colorSpace: ColorSpace.sRGB)))
    borderRadius: BorderRadius.circular(16.0)
  configuration: ImageConfiguration(bundle: PlatformAssetBundle#5f0ed(), devicePixelRatio: 1.0,
    locale: en_US, textDirection: TextDirection.ltr, platform: android)
This RenderObject had the following descendants (showing up to depth 5):
    child: RenderPadding#f5a0d relayoutBoundary=up15 NEEDS-PAINT NEEDS-COMPOSITING-BITS-UPDATE
      child: RenderFlex#1a01b relayoutBoundary=up16 NEEDS-PAINT NEEDS-COMPOSITING-BITS-UPDATE
        child 1: RenderParagraph#e3dc8 relayoutBoundary=up17 NEEDS-PAINT
          text: TextSpan
        child 2: RenderConstrainedBox#030f8 relayoutBoundary=up17 NEEDS-PAINT
        child 3: RenderSemanticsGestureHandler#691e1 relayoutBoundary=up17 NEEDS-PAINT NEEDS-COMPOSITING-BITS-UPDATE
          child: RenderPointerListener#bd7b6 relayoutBoundary=up18 NEEDS-PAINT NEEDS-COMPOSITING-BITS-UPDATE
            child: RenderAbsorbPointer#ee75b relayoutBoundary=up19 NEEDS-PAINT NEEDS-COMPOSITING-BITS-UPDATE
ΓòÉΓòÉΓòÉΓòÉΓòÉΓòÉΓòÉΓòÉΓòÉΓòÉΓòÉΓòÉΓòÉΓòÉΓòÉΓòÉΓòÉΓòÉΓòÉΓòÉΓòÉΓòÉΓòÉΓòÉΓòÉΓòÉΓòÉΓòÉΓòÉΓòÉΓòÉΓòÉΓòÉΓòÉΓòÉΓòÉΓòÉΓòÉΓòÉΓòÉΓòÉΓòÉΓòÉΓòÉΓòÉΓòÉΓòÉΓòÉΓòÉΓòÉΓòÉΓòÉΓòÉΓòÉΓòÉΓòÉΓòÉΓòÉΓòÉΓòÉΓòÉΓòÉΓòÉΓòÉΓòÉΓòÉΓòÉΓòÉΓòÉΓòÉΓòÉΓòÉΓòÉΓòÉΓòÉΓòÉΓòÉΓòÉΓòÉΓòÉΓòÉΓòÉΓòÉΓòÉΓòÉΓòÉΓòÉΓòÉΓòÉΓòÉΓòÉΓòÉΓòÉΓòÉΓòÉΓòÉΓòÉΓòÉΓòÉΓòÉ
ΓòÉΓòÉΓòí EXCEPTION CAUGHT BY RENDERING LIBRARY Γò₧ΓòÉΓòÉΓòÉΓòÉΓòÉΓòÉΓòÉΓòÉΓòÉΓòÉΓòÉΓòÉΓòÉΓòÉΓòÉΓòÉΓòÉΓòÉΓòÉΓòÉΓòÉΓòÉΓòÉΓòÉΓòÉΓòÉΓòÉΓòÉΓòÉΓòÉΓòÉΓòÉΓòÉΓòÉΓòÉΓòÉΓòÉΓòÉΓòÉΓòÉΓòÉΓòÉΓòÉΓòÉΓòÉΓòÉΓòÉΓòÉΓòÉΓòÉΓòÉΓòÉΓòÉΓòÉΓòÉΓòÉΓòÉ
The following assertion was thrown during performLayout():
RenderBox was not laid out: RenderDecoratedBox#35d20 relayoutBoundary=up14 NEEDS-PAINT
NEEDS-COMPOSITING-BITS-UPDATE
'package:flutter/src/rendering/box.dart':
Failed assertion: line 2251 pos 12: 'hasSize'

Either the assertion indicates an error in the framework itself, or we should provide substantially
more information in this error message to help you determine and fix the underlying cause.
In either case, please report this assertion by filing a bug on GitHub:
  https://github.com/flutter/flutter/issues/new?template=02_bug.yml

The relevant error-causing widget was:
  Column
  Column:file:///C:/Users/bhara/StudioProjects/simple_billing_app/lib/views/screens/billing_screen.dart:244:13

When the exception was thrown, this was the stack:
#2      RenderBox.size (package:flutter/src/rendering/box.dart:2251:12)
#3      ChildLayoutHelper.layoutChild (package:flutter/src/rendering/layout_helper.dart:63:18)
#4      RenderFlex._computeSizes (package:flutter/src/rendering/flex.dart:1237:28)
#5      RenderFlex.performLayout (package:flutter/src/rendering/flex.dart:1329:32)
#6      RenderObject.layout (package:flutter/src/rendering/object.dart:2768:7)
#7      ChildLayoutHelper.layoutChild (package:flutter/src/rendering/layout_helper.dart:62:11)
#8      RenderFlex._computeSizes (package:flutter/src/rendering/flex.dart:1237:28)
#9      RenderFlex.performLayout (package:flutter/src/rendering/flex.dart:1329:32)
#10     RenderObject.layout (package:flutter/src/rendering/object.dart:2768:7)
#11     _RenderSingleChildViewport.performLayout (package:flutter/src/widgets/single_child_scroll_view.dart:502:14)
#12     RenderObject.layout (package:flutter/src/rendering/object.dart:2768:7)
#13     RenderProxyBoxMixin.performLayout (package:flutter/src/rendering/proxy_box.dart:118:18)
#14     RenderObject.layout (package:flutter/src/rendering/object.dart:2768:7)
#15     RenderProxyBoxMixin.performLayout (package:flutter/src/rendering/proxy_box.dart:118:18)
#16     RenderObject.layout (package:flutter/src/rendering/object.dart:2768:7)
#17     RenderProxyBoxMixin.performLayout (package:flutter/src/rendering/proxy_box.dart:118:18)
#18     RenderObject.layout (package:flutter/src/rendering/object.dart:2768:7)
#19     RenderProxyBoxMixin.performLayout (package:flutter/src/rendering/proxy_box.dart:118:18)
#20     RenderObject.layout (package:flutter/src/rendering/object.dart:2768:7)
#21     RenderProxyBoxMixin.performLayout (package:flutter/src/rendering/proxy_box.dart:118:18)
#22     RenderObject.layout (package:flutter/src/rendering/object.dart:2768:7)
#23     RenderProxyBoxMixin.performLayout (package:flutter/src/rendering/proxy_box.dart:118:18)
#24     RenderObject.layout (package:flutter/src/rendering/object.dart:2768:7)
#25     RenderProxyBoxMixin.performLayout (package:flutter/src/rendering/proxy_box.dart:118:18)
#26     RenderObject.layout (package:flutter/src/rendering/object.dart:2768:7)
#27     RenderProxyBoxMixin.performLayout (package:flutter/src/rendering/proxy_box.dart:118:18)
#28     _RenderCustomClip.performLayout (package:flutter/src/rendering/proxy_box.dart:1549:11)
#29     RenderObject.layout (package:flutter/src/rendering/object.dart:2768:7)
#30     RenderPadding.performLayout (package:flutter/src/rendering/shifted_box.dart:262:12)
#31     RenderObject.layout (package:flutter/src/rendering/object.dart:2768:7)
#32     _RenderLayoutBuilder.performLayout (package:flutter/src/widgets/layout_builder.dart:449:14)
#33     RenderObject.layout (package:flutter/src/rendering/object.dart:2768:7)
#34     MultiChildLayoutDelegate.layoutChild (package:flutter/src/rendering/custom_layout.dart:180:12)
#35     _ScaffoldLayout.performLayout (package:flutter/src/material/scaffold.dart:1113:7)
#36     MultiChildLayoutDelegate._callPerformLayout (package:flutter/src/rendering/custom_layout.dart:246:7)
#37     RenderCustomMultiChildLayoutBox.performLayout (package:flutter/src/rendering/custom_layout.dart:417:14)
#38     RenderObject.layout (package:flutter/src/rendering/object.dart:2768:7)
#39     RenderProxyBoxMixin.performLayout (package:flutter/src/rendering/proxy_box.dart:118:18)
#40     RenderObject.layout (package:flutter/src/rendering/object.dart:2768:7)
#41     RenderProxyBoxMixin.performLayout (package:flutter/src/rendering/proxy_box.dart:118:18)
#42     _RenderCustomClip.performLayout (package:flutter/src/rendering/proxy_box.dart:1549:11)
#43     RenderObject.layout (package:flutter/src/rendering/object.dart:2768:7)
#44     RenderProxyBoxMixin.performLayout (package:flutter/src/rendering/proxy_box.dart:118:18)
#45     RenderObject.layout (package:flutter/src/rendering/object.dart:2768:7)
#46     RenderProxyBoxMixin.performLayout (package:flutter/src/rendering/proxy_box.dart:118:18)
#47     RenderObject.layout (package:flutter/src/rendering/object.dart:2768:7)
#48     RenderProxyBoxMixin.performLayout (package:flutter/src/rendering/proxy_box.dart:118:18)
#49     RenderObject.layout (package:flutter/src/rendering/object.dart:2768:7)
#50     RenderProxyBoxMixin.performLayout (package:flutter/src/rendering/proxy_box.dart:118:18)
#51     RenderObject.layout (package:flutter/src/rendering/object.dart:2768:7)
#52     RenderProxyBoxMixin.performLayout (package:flutter/src/rendering/proxy_box.dart:118:18)
#53     RenderObject.layout (package:flutter/src/rendering/object.dart:2768:7)
#54     RenderProxyBoxMixin.performLayout (package:flutter/src/rendering/proxy_box.dart:118:18)
#55     RenderObject.layout (package:flutter/src/rendering/object.dart:2768:7)
#56     RenderProxyBoxMixin.performLayout (package:flutter/src/rendering/proxy_box.dart:118:18)
#57     RenderObject.layout (package:flutter/src/rendering/object.dart:2768:7)
#58     RenderProxyBoxMixin.performLayout (package:flutter/src/rendering/proxy_box.dart:118:18)
#59     RenderObject.layout (package:flutter/src/rendering/object.dart:2768:7)
#60     RenderProxyBoxMixin.performLayout (package:flutter/src/rendering/proxy_box.dart:118:18)
#61     RenderObject.layout (package:flutter/src/rendering/object.dart:2768:7)
#62     RenderProxyBoxMixin.performLayout (package:flutter/src/rendering/proxy_box.dart:118:18)
#63     RenderObject.layout (package:flutter/src/rendering/object.dart:2768:7)
#64     RenderProxyBoxMixin.performLayout (package:flutter/src/rendering/proxy_box.dart:118:18)
#65     RenderObject.layout (package:flutter/src/rendering/object.dart:2768:7)
#66     RenderProxyBoxMixin.performLayout (package:flutter/src/rendering/proxy_box.dart:118:18)
#67     RenderObject.layout (package:flutter/src/rendering/object.dart:2768:7)
#68     RenderProxyBoxMixin.performLayout (package:flutter/src/rendering/proxy_box.dart:118:18)
#69     RenderObject.layout (package:flutter/src/rendering/object.dart:2768:7)
#70     RenderProxyBoxMixin.performLayout (package:flutter/src/rendering/proxy_box.dart:118:18)
#71     RenderObject.layout (package:flutter/src/rendering/object.dart:2768:7)
#72     RenderProxyBoxMixin.performLayout (package:flutter/src/rendering/proxy_box.dart:118:18)
#73     RenderObject.layout (package:flutter/src/rendering/object.dart:2768:7)
#74     RenderProxyBoxMixin.performLayout (package:flutter/src/rendering/proxy_box.dart:118:18)
#75     RenderOffstage.performLayout (package:flutter/src/rendering/proxy_box.dart:3923:13)
#76     RenderObject.layout (package:flutter/src/rendering/object.dart:2768:7)
#77     RenderProxyBoxMixin.performLayout (package:flutter/src/rendering/proxy_box.dart:118:18)
#78     RenderObject.layout (package:flutter/src/rendering/object.dart:2768:7)
#79     _RenderTheaterMixin.layoutChild (package:flutter/src/widgets/overlay.dart:1084:13)
#80     _RenderTheater.performLayout (package:flutter/src/widgets/overlay.dart:1429:9)
#81     RenderObject.layout (package:flutter/src/rendering/object.dart:2768:7)
#82     RenderProxyBoxMixin.performLayout (package:flutter/src/rendering/proxy_box.dart:118:18)
#83     RenderObject.layout (package:flutter/src/rendering/object.dart:2768:7)
#84     RenderProxyBoxMixin.performLayout (package:flutter/src/rendering/proxy_box.dart:118:18)
#85     RenderObject.layout (package:flutter/src/rendering/object.dart:2768:7)
#86     RenderProxyBoxMixin.performLayout (package:flutter/src/rendering/proxy_box.dart:118:18)
#87     RenderObject.layout (package:flutter/src/rendering/object.dart:2768:7)
#88     RenderProxyBoxMixin.performLayout (package:flutter/src/rendering/proxy_box.dart:118:18)
#89     RenderCustomPaint.performLayout (package:flutter/src/rendering/custom_paint.dart:574:11)
#90     RenderObject.layout (package:flutter/src/rendering/object.dart:2768:7)
#91     RenderProxyBoxMixin.performLayout (package:flutter/src/rendering/proxy_box.dart:118:18)
#92     RenderObject.layout (package:flutter/src/rendering/object.dart:2768:7)
#93     RenderProxyBoxMixin.performLayout (package:flutter/src/rendering/proxy_box.dart:118:18)
#94     RenderObject.layout (package:flutter/src/rendering/object.dart:2768:7)
#95     RenderProxyBoxMixin.performLayout (package:flutter/src/rendering/proxy_box.dart:118:18)
#96     RenderObject.layout (package:flutter/src/rendering/object.dart:2768:7)
#97     RenderProxyBoxMixin.performLayout (package:flutter/src/rendering/proxy_box.dart:118:18)
#98     RenderObject.layout (package:flutter/src/rendering/object.dart:2768:7)
#99     RenderProxyBoxMixin.performLayout (package:flutter/src/rendering/proxy_box.dart:118:18)
#100    RenderObject.layout (package:flutter/src/rendering/object.dart:2768:7)
#101    RenderProxyBoxMixin.performLayout (package:flutter/src/rendering/proxy_box.dart:118:18)
#102    RenderObject.layout (package:flutter/src/rendering/object.dart:2768:7)
#103    RenderView.performLayout (package:flutter/src/rendering/view.dart:292:12)
#104    RenderObject._layoutWithoutResize (package:flutter/src/rendering/object.dart:2616:7)
#105    PipelineOwner.flushLayout (package:flutter/src/rendering/object.dart:1174:18)
#106    PipelineOwner.flushLayout (package:flutter/src/rendering/object.dart:1187:15)
#107    AutomatedTestWidgetsFlutterBinding.drawFrame (package:flutter_test/src/binding.dart:2133:27)
#108    RendererBinding._handlePersistentFrameCallback (package:flutter/src/rendering/binding.dart:495:5)
#109    SchedulerBinding._invokeFrameCallback (package:flutter/src/scheduler/binding.dart:1430:15)
#110    SchedulerBinding.handleDrawFrame (package:flutter/src/scheduler/binding.dart:1345:9)
#111    AutomatedTestWidgetsFlutterBinding.pump.<anonymous closure> (package:flutter_test/src/binding.dart:1960:9)
#114    TestAsyncUtils.guard (package:flutter_test/src/test_async_utils.dart:74:41)
#115    AutomatedTestWidgetsFlutterBinding.pump (package:flutter_test/src/binding.dart:1949:27)
#116    WidgetTester.pumpWidget.<anonymous closure> (package:flutter_test/src/widget_tester.dart:598:22)
#119    TestAsyncUtils.guard (package:flutter_test/src/test_async_utils.dart:74:41)
#120    WidgetTester.pumpWidget (package:flutter_test/src/widget_tester.dart:595:27)
#121    main.<anonymous closure>.<anonymous closure> (file:///C:/Users/bhara/StudioProjects/simple_billing_app/test/widget/billing_screen_test.dart:38:20)
#122    testWidgets.<anonymous closure>.<anonymous closure> (package:flutter_test/src/widget_tester.dart:192:29)
<asynchronous suspension>
#123    TestWidgetsFlutterBinding._runTestBody (package:flutter_test/src/binding.dart:1682:5)
<asynchronous suspension>
<asynchronous suspension>
(elided 7 frames from class _AssertionError, dart:async, and package:stack_trace)

The following RenderObject was being processed when the exception was fired: RenderFlex#2c729 relayoutBoundary=up13 NEEDS-LAYOUT NEEDS-PAINT NEEDS-COMPOSITING-BITS-UPDATE:
  creator: Column ΓåÉ Row ΓåÉ _SingleChildViewport ΓåÉ IgnorePointer-[GlobalKey#a7649] ΓåÉ Semantics ΓåÉ
    Listener ΓåÉ _GestureSemantics ΓåÉ
    RawGestureDetector-[LabeledGlobalKey<RawGestureDetectorState>#f2ce2] ΓåÉ Listener ΓåÉ _ScrollableScope
    ΓåÉ _ScrollSemantics-[GlobalKey#41573] ΓåÉ NotificationListener<ScrollMetricsNotification> ΓåÉ Γï»
  parentData: offset=Offset(0.0, 0.0); flex=null; fit=null (can use size)
  constraints: BoxConstraints(unconstrained)
  size: MISSING
  direction: vertical
  mainAxisAlignment: start
  mainAxisSize: max
  crossAxisAlignment: start
  textDirection: ltr
  verticalDirection: down
  spacing: 0.0
This RenderObject had the following descendants (showing up to depth 5):
    child 1: RenderDecoratedBox#35d20 relayoutBoundary=up14 NEEDS-PAINT NEEDS-COMPOSITING-BITS-UPDATE
      child: RenderPadding#f5a0d relayoutBoundary=up15 NEEDS-PAINT NEEDS-COMPOSITING-BITS-UPDATE
        child: RenderFlex#1a01b relayoutBoundary=up16 NEEDS-PAINT NEEDS-COMPOSITING-BITS-UPDATE
          child 1: RenderParagraph#e3dc8 relayoutBoundary=up17 NEEDS-PAINT
            text: TextSpan
          child 2: RenderConstrainedBox#030f8 relayoutBoundary=up17 NEEDS-PAINT
          child 3: RenderSemanticsGestureHandler#691e1 relayoutBoundary=up17 NEEDS-PAINT NEEDS-COMPOSITING-BITS-UPDATE
            child: RenderPointerListener#bd7b6 relayoutBoundary=up18 NEEDS-PAINT NEEDS-COMPOSITING-BITS-UPDATE
    child 2: RenderConstrainedBox#0a34a NEEDS-LAYOUT NEEDS-PAINT
    child 3: RenderDecoratedBox#3930d NEEDS-LAYOUT NEEDS-PAINT NEEDS-COMPOSITING-BITS-UPDATE
      child: RenderPadding#748b5 NEEDS-LAYOUT NEEDS-PAINT NEEDS-COMPOSITING-BITS-UPDATE
        child: RenderFlex#b4077 NEEDS-LAYOUT NEEDS-PAINT NEEDS-COMPOSITING-BITS-UPDATE
          child 1: RenderParagraph#6634a NEEDS-LAYOUT NEEDS-PAINT
            text: TextSpan
          child 2: RenderConstrainedBox#8eca7 NEEDS-LAYOUT NEEDS-PAINT
          child 3: RenderFlex#bfc72 NEEDS-LAYOUT NEEDS-PAINT NEEDS-COMPOSITING-BITS-UPDATE
            child 1: RenderMouseRegion#a88f0 NEEDS-LAYOUT NEEDS-PAINT NEEDS-COMPOSITING-BITS-UPDATE
            child 2: RenderConstrainedBox#62cd1 NEEDS-LAYOUT NEEDS-PAINT
            child 3: RenderSemanticsAnnotations#a7c68 NEEDS-LAYOUT NEEDS-PAINT NEEDS-COMPOSITING-BITS-UPDATE
    child 4: RenderConstrainedBox#7d6dc NEEDS-LAYOUT NEEDS-PAINT
    child 5: RenderDecoratedBox#e3850 NEEDS-LAYOUT NEEDS-PAINT NEEDS-COMPOSITING-BITS-UPDATE
      child: RenderPadding#f3f05 NEEDS-LAYOUT NEEDS-PAINT NEEDS-COMPOSITING-BITS-UPDATE
        child: RenderDecoratedBox#a36fe NEEDS-LAYOUT NEEDS-PAINT NEEDS-COMPOSITING-BITS-UPDATE
          child: RenderPadding#4529d NEEDS-LAYOUT NEEDS-PAINT NEEDS-COMPOSITING-BITS-UPDATE
            child: RenderFlex#a1b5f NEEDS-LAYOUT NEEDS-PAINT NEEDS-COMPOSITING-BITS-UPDATE
    ...(descendants list truncated after 25 lines)
ΓòÉΓòÉΓòÉΓòÉΓòÉΓòÉΓòÉΓòÉΓòÉΓòÉΓòÉΓòÉΓòÉΓòÉΓòÉΓòÉΓòÉΓòÉΓòÉΓòÉΓòÉΓòÉΓòÉΓòÉΓòÉΓòÉΓòÉΓòÉΓòÉΓòÉΓòÉΓòÉΓòÉΓòÉΓòÉΓòÉΓòÉΓòÉΓòÉΓòÉΓòÉΓòÉΓòÉΓòÉΓòÉΓòÉΓòÉΓòÉΓòÉΓòÉΓòÉΓòÉΓòÉΓòÉΓòÉΓòÉΓòÉΓòÉΓòÉΓòÉΓòÉΓòÉΓòÉΓòÉΓòÉΓòÉΓòÉΓòÉΓòÉΓòÉΓòÉΓòÉΓòÉΓòÉΓòÉΓòÉΓòÉΓòÉΓòÉΓòÉΓòÉΓòÉΓòÉΓòÉΓòÉΓòÉΓòÉΓòÉΓòÉΓòÉΓòÉΓòÉΓòÉΓòÉΓòÉΓòÉΓòÉΓòÉΓòÉΓòÉ
ΓòÉΓòÉΓòí EXCEPTION CAUGHT BY RENDERING LIBRARY Γò₧ΓòÉΓòÉΓòÉΓòÉΓòÉΓòÉΓòÉΓòÉΓòÉΓòÉΓòÉΓòÉΓòÉΓòÉΓòÉΓòÉΓòÉΓòÉΓòÉΓòÉΓòÉΓòÉΓòÉΓòÉΓòÉΓòÉΓòÉΓòÉΓòÉΓòÉΓòÉΓòÉΓòÉΓòÉΓòÉΓòÉΓòÉΓòÉΓòÉΓòÉΓòÉΓòÉΓòÉΓòÉΓòÉΓòÉΓòÉΓòÉΓòÉΓòÉΓòÉΓòÉΓòÉΓòÉΓòÉΓòÉΓòÉ
The following assertion was thrown during performLayout():
RenderBox was not laid out: RenderFlex#2c729 relayoutBoundary=up13 NEEDS-PAINT
NEEDS-COMPOSITING-BITS-UPDATE
'package:flutter/src/rendering/box.dart':
Failed assertion: line 2251 pos 12: 'hasSize'

Either the assertion indicates an error in the framework itself, or we should provide substantially
more information in this error message to help you determine and fix the underlying cause.
In either case, please report this assertion by filing a bug on GitHub:
  https://github.com/flutter/flutter/issues/new?template=02_bug.yml

The relevant error-causing widget was:
  Row
  Row:file:///C:/Users/bhara/StudioProjects/simple_billing_app/lib/views/screens/billing_screen.dart:241:16

When the exception was thrown, this was the stack:
#2      RenderBox.size (package:flutter/src/rendering/box.dart:2251:12)
#3      ChildLayoutHelper.layoutChild (package:flutter/src/rendering/layout_helper.dart:63:18)
#4      RenderFlex._computeSizes (package:flutter/src/rendering/flex.dart:1237:28)
#5      RenderFlex.performLayout (package:flutter/src/rendering/flex.dart:1329:32)
#6      RenderObject.layout (package:flutter/src/rendering/object.dart:2768:7)
#7      _RenderSingleChildViewport.performLayout (package:flutter/src/widgets/single_child_scroll_view.dart:502:14)
#8      RenderObject.layout (package:flutter/src/rendering/object.dart:2768:7)
#9      RenderProxyBoxMixin.performLayout (package:flutter/src/rendering/proxy_box.dart:118:18)
#10     RenderObject.layout (package:flutter/src/rendering/object.dart:2768:7)
#11     RenderProxyBoxMixin.performLayout (package:flutter/src/rendering/proxy_box.dart:118:18)
#12     RenderObject.layout (package:flutter/src/rendering/object.dart:2768:7)
#13     RenderProxyBoxMixin.performLayout (package:flutter/src/rendering/proxy_box.dart:118:18)
#14     RenderObject.layout (package:flutter/src/rendering/object.dart:2768:7)
#15     RenderProxyBoxMixin.performLayout (package:flutter/src/rendering/proxy_box.dart:118:18)
#16     RenderObject.layout (package:flutter/src/rendering/object.dart:2768:7)
#17     RenderProxyBoxMixin.performLayout (package:flutter/src/rendering/proxy_box.dart:118:18)
#18     RenderObject.layout (package:flutter/src/rendering/object.dart:2768:7)
#19     RenderProxyBoxMixin.performLayout (package:flutter/src/rendering/proxy_box.dart:118:18)
#20     RenderObject.layout (package:flutter/src/rendering/object.dart:2768:7)
#21     RenderProxyBoxMixin.performLayout (package:flutter/src/rendering/proxy_box.dart:118:18)
#22     RenderObject.layout (package:flutter/src/rendering/object.dart:2768:7)
#23     RenderProxyBoxMixin.performLayout (package:flutter/src/rendering/proxy_box.dart:118:18)
#24     _RenderCustomClip.performLayout (package:flutter/src/rendering/proxy_box.dart:1549:11)
#25     RenderObject.layout (package:flutter/src/rendering/object.dart:2768:7)
#26     RenderPadding.performLayout (package:flutter/src/rendering/shifted_box.dart:262:12)
#27     RenderObject.layout (package:flutter/src/rendering/object.dart:2768:7)
#28     _RenderLayoutBuilder.performLayout (package:flutter/src/widgets/layout_builder.dart:449:14)
#29     RenderObject.layout (package:flutter/src/rendering/object.dart:2768:7)
#30     MultiChildLayoutDelegate.layoutChild (package:flutter/src/rendering/custom_layout.dart:180:12)
#31     _ScaffoldLayout.performLayout (package:flutter/src/material/scaffold.dart:1113:7)
#32     MultiChildLayoutDelegate._callPerformLayout (package:flutter/src/rendering/custom_layout.dart:246:7)
#33     RenderCustomMultiChildLayoutBox.performLayout (package:flutter/src/rendering/custom_layout.dart:417:14)
#34     RenderObject.layout (package:flutter/src/rendering/object.dart:2768:7)
#35     RenderProxyBoxMixin.performLayout (package:flutter/src/rendering/proxy_box.dart:118:18)
#36     RenderObject.layout (package:flutter/src/rendering/object.dart:2768:7)
#37     RenderProxyBoxMixin.performLayout (package:flutter/src/rendering/proxy_box.dart:118:18)
#38     _RenderCustomClip.performLayout (package:flutter/src/rendering/proxy_box.dart:1549:11)
#39     RenderObject.layout (package:flutter/src/rendering/object.dart:2768:7)
#40     RenderProxyBoxMixin.performLayout (package:flutter/src/rendering/proxy_box.dart:118:18)
#41     RenderObject.layout (package:flutter/src/rendering/object.dart:2768:7)
#42     RenderProxyBoxMixin.performLayout (package:flutter/src/rendering/proxy_box.dart:118:18)
#43     RenderObject.layout (package:flutter/src/rendering/object.dart:2768:7)
#44     RenderProxyBoxMixin.performLayout (package:flutter/src/rendering/proxy_box.dart:118:18)
#45     RenderObject.layout (package:flutter/src/rendering/object.dart:2768:7)
#46     RenderProxyBoxMixin.performLayout (package:flutter/src/rendering/proxy_box.dart:118:18)
#47     RenderObject.layout (package:flutter/src/rendering/object.dart:2768:7)
#48     RenderProxyBoxMixin.performLayout (package:flutter/src/rendering/proxy_box.dart:118:18)
#49     RenderObject.layout (package:flutter/src/rendering/object.dart:2768:7)
#50     RenderProxyBoxMixin.performLayout (package:flutter/src/rendering/proxy_box.dart:118:18)
#51     RenderObject.layout (package:flutter/src/rendering/object.dart:2768:7)
#52     RenderProxyBoxMixin.performLayout (package:flutter/src/rendering/proxy_box.dart:118:18)
#53     RenderObject.layout (package:flutter/src/rendering/object.dart:2768:7)
#54     RenderProxyBoxMixin.performLayout (package:flutter/src/rendering/proxy_box.dart:118:18)
#55     RenderObject.layout (package:flutter/src/rendering/object.dart:2768:7)
#56     RenderProxyBoxMixin.performLayout (package:flutter/src/rendering/proxy_box.dart:118:18)
#57     RenderObject.layout (package:flutter/src/rendering/object.dart:2768:7)
#58     RenderProxyBoxMixin.performLayout (package:flutter/src/rendering/proxy_box.dart:118:18)
#59     RenderObject.layout (package:flutter/src/rendering/object.dart:2768:7)
#60     RenderProxyBoxMixin.performLayout (package:flutter/src/rendering/proxy_box.dart:118:18)
#61     RenderObject.layout (package:flutter/src/rendering/object.dart:2768:7)
#62     RenderProxyBoxMixin.performLayout (package:flutter/src/rendering/proxy_box.dart:118:18)
#63     RenderObject.layout (package:flutter/src/rendering/object.dart:2768:7)
#64     RenderProxyBoxMixin.performLayout (package:flutter/src/rendering/proxy_box.dart:118:18)
#65     RenderObject.layout (package:flutter/src/rendering/object.dart:2768:7)
#66     RenderProxyBoxMixin.performLayout (package:flutter/src/rendering/proxy_box.dart:118:18)
#67     RenderObject.layout (package:flutter/src/rendering/object.dart:2768:7)
#68     RenderProxyBoxMixin.performLayout (package:flutter/src/rendering/proxy_box.dart:118:18)
#69     RenderObject.layout (package:flutter/src/rendering/object.dart:2768:7)
#70     RenderProxyBoxMixin.performLayout (package:flutter/src/rendering/proxy_box.dart:118:18)
#71     RenderOffstage.performLayout (package:flutter/src/rendering/proxy_box.dart:3923:13)
#72     RenderObject.layout (package:flutter/src/rendering/object.dart:2768:7)
#73     RenderProxyBoxMixin.performLayout (package:flutter/src/rendering/proxy_box.dart:118:18)
#74     RenderObject.layout (package:flutter/src/rendering/object.dart:2768:7)
#75     _RenderTheaterMixin.layoutChild (package:flutter/src/widgets/overlay.dart:1084:13)
#76     _RenderTheater.performLayout (package:flutter/src/widgets/overlay.dart:1429:9)
#77     RenderObject.layout (package:flutter/src/rendering/object.dart:2768:7)
#78     RenderProxyBoxMixin.performLayout (package:flutter/src/rendering/proxy_box.dart:118:18)
#79     RenderObject.layout (package:flutter/src/rendering/object.dart:2768:7)
#80     RenderProxyBoxMixin.performLayout (package:flutter/src/rendering/proxy_box.dart:118:18)
#81     RenderObject.layout (package:flutter/src/rendering/object.dart:2768:7)
#82     RenderProxyBoxMixin.performLayout (package:flutter/src/rendering/proxy_box.dart:118:18)
#83     RenderObject.layout (package:flutter/src/rendering/object.dart:2768:7)
#84     RenderProxyBoxMixin.performLayout (package:flutter/src/rendering/proxy_box.dart:118:18)
#85     RenderCustomPaint.performLayout (package:flutter/src/rendering/custom_paint.dart:574:11)
#86     RenderObject.layout (package:flutter/src/rendering/object.dart:2768:7)
#87     RenderProxyBoxMixin.performLayout (package:flutter/src/rendering/proxy_box.dart:118:18)
#88     RenderObject.layout (package:flutter/src/rendering/object.dart:2768:7)
#89     RenderProxyBoxMixin.performLayout (package:flutter/src/rendering/proxy_box.dart:118:18)
#90     RenderObject.layout (package:flutter/src/rendering/object.dart:2768:7)
#91     RenderProxyBoxMixin.performLayout (package:flutter/src/rendering/proxy_box.dart:118:18)
#92     RenderObject.layout (package:flutter/src/rendering/object.dart:2768:7)
#93     RenderProxyBoxMixin.performLayout (package:flutter/src/rendering/proxy_box.dart:118:18)
#94     RenderObject.layout (package:flutter/src/rendering/object.dart:2768:7)
#95     RenderProxyBoxMixin.performLayout (package:flutter/src/rendering/proxy_box.dart:118:18)
#96     RenderObject.layout (package:flutter/src/rendering/object.dart:2768:7)
#97     RenderProxyBoxMixin.performLayout (package:flutter/src/rendering/proxy_box.dart:118:18)
#98     RenderObject.layout (package:flutter/src/rendering/object.dart:2768:7)
#99     RenderView.performLayout (package:flutter/src/rendering/view.dart:292:12)
#100    RenderObject._layoutWithoutResize (package:flutter/src/rendering/object.dart:2616:7)
#101    PipelineOwner.flushLayout (package:flutter/src/rendering/object.dart:1174:18)
#102    PipelineOwner.flushLayout (package:flutter/src/rendering/object.dart:1187:15)
#103    AutomatedTestWidgetsFlutterBinding.drawFrame (package:flutter_test/src/binding.dart:2133:27)
#104    RendererBinding._handlePersistentFrameCallback (package:flutter/src/rendering/binding.dart:495:5)
#105    SchedulerBinding._invokeFrameCallback (package:flutter/src/scheduler/binding.dart:1430:15)
#106    SchedulerBinding.handleDrawFrame (package:flutter/src/scheduler/binding.dart:1345:9)
#107    AutomatedTestWidgetsFlutterBinding.pump.<anonymous closure> (package:flutter_test/src/binding.dart:1960:9)
#110    TestAsyncUtils.guard (package:flutter_test/src/test_async_utils.dart:74:41)
#111    AutomatedTestWidgetsFlutterBinding.pump (package:flutter_test/src/binding.dart:1949:27)
#112    WidgetTester.pumpWidget.<anonymous closure> (package:flutter_test/src/widget_tester.dart:598:22)
#115    TestAsyncUtils.guard (package:flutter_test/src/test_async_utils.dart:74:41)
#116    WidgetTester.pumpWidget (package:flutter_test/src/widget_tester.dart:595:27)
#117    main.<anonymous closure>.<anonymous closure> (file:///C:/Users/bhara/StudioProjects/simple_billing_app/test/widget/billing_screen_test.dart:38:20)
#118    testWidgets.<anonymous closure>.<anonymous closure> (package:flutter_test/src/widget_tester.dart:192:29)
<asynchronous suspension>
#119    TestWidgetsFlutterBinding._runTestBody (package:flutter_test/src/binding.dart:1682:5)
<asynchronous suspension>
<asynchronous suspension>
(elided 7 frames from class _AssertionError, dart:async, and package:stack_trace)

The following RenderObject was being processed when the exception was fired: RenderFlex#8920d relayoutBoundary=up12 NEEDS-LAYOUT NEEDS-PAINT NEEDS-COMPOSITING-BITS-UPDATE:
  creator: Row ΓåÉ _SingleChildViewport ΓåÉ IgnorePointer-[GlobalKey#a7649] ΓåÉ Semantics ΓåÉ Listener ΓåÉ
    _GestureSemantics ΓåÉ RawGestureDetector-[LabeledGlobalKey<RawGestureDetectorState>#f2ce2] ΓåÉ
    Listener ΓåÉ _ScrollableScope ΓåÉ _ScrollSemantics-[GlobalKey#41573] ΓåÉ
    NotificationListener<ScrollMetricsNotification> ΓåÉ Transform ΓåÉ Γï»
  parentData: <none> (can use size)
  constraints: BoxConstraints(0.0<=w<=1136.0, 0.0<=h<=Infinity)
  size: MISSING
  direction: horizontal
  mainAxisAlignment: start
  mainAxisSize: max
  crossAxisAlignment: start
  textDirection: ltr
  verticalDirection: down
  spacing: 0.0
This RenderObject had the following descendants (showing up to depth 5):
    child 1: RenderFlex#2c729 relayoutBoundary=up13 NEEDS-PAINT NEEDS-COMPOSITING-BITS-UPDATE
      child 1: RenderDecoratedBox#35d20 relayoutBoundary=up14 NEEDS-PAINT NEEDS-COMPOSITING-BITS-UPDATE
        child: RenderPadding#f5a0d relayoutBoundary=up15 NEEDS-PAINT NEEDS-COMPOSITING-BITS-UPDATE
          child: RenderFlex#1a01b relayoutBoundary=up16 NEEDS-PAINT NEEDS-COMPOSITING-BITS-UPDATE
            child 1: RenderParagraph#e3dc8 relayoutBoundary=up17 NEEDS-PAINT
            child 2: RenderConstrainedBox#030f8 relayoutBoundary=up17 NEEDS-PAINT
            child 3: RenderSemanticsGestureHandler#691e1 relayoutBoundary=up17 NEEDS-PAINT NEEDS-COMPOSITING-BITS-UPDATE
      child 2: RenderConstrainedBox#0a34a NEEDS-LAYOUT NEEDS-PAINT
      child 3: RenderDecoratedBox#3930d NEEDS-LAYOUT NEEDS-PAINT NEEDS-COMPOSITING-BITS-UPDATE
        child: RenderPadding#748b5 NEEDS-LAYOUT NEEDS-PAINT NEEDS-COMPOSITING-BITS-UPDATE
          child: RenderFlex#b4077 NEEDS-LAYOUT NEEDS-PAINT NEEDS-COMPOSITING-BITS-UPDATE
            child 1: RenderParagraph#6634a NEEDS-LAYOUT NEEDS-PAINT
            child 2: RenderConstrainedBox#8eca7 NEEDS-LAYOUT NEEDS-PAINT
            child 3: RenderFlex#bfc72 NEEDS-LAYOUT NEEDS-PAINT NEEDS-COMPOSITING-BITS-UPDATE
      child 4: RenderConstrainedBox#7d6dc NEEDS-LAYOUT NEEDS-PAINT
      child 5: RenderDecoratedBox#e3850 NEEDS-LAYOUT NEEDS-PAINT NEEDS-COMPOSITING-BITS-UPDATE
        child: RenderPadding#f3f05 NEEDS-LAYOUT NEEDS-PAINT NEEDS-COMPOSITING-BITS-UPDATE
          child: RenderDecoratedBox#a36fe NEEDS-LAYOUT NEEDS-PAINT NEEDS-COMPOSITING-BITS-UPDATE
            child: RenderPadding#4529d NEEDS-LAYOUT NEEDS-PAINT NEEDS-COMPOSITING-BITS-UPDATE
      child 6: RenderConstrainedBox#b7011 NEEDS-LAYOUT NEEDS-PAINT
      child 7: RenderDecoratedBox#b8041 NEEDS-LAYOUT NEEDS-PAINT NEEDS-COMPOSITING-BITS-UPDATE
        child: RenderPadding#d408a NEEDS-LAYOUT NEEDS-PAINT NEEDS-COMPOSITING-BITS-UPDATE
          child: RenderFlex#c71e3 NEEDS-LAYOUT NEEDS-PAINT NEEDS-COMPOSITING-BITS-UPDATE
            child 1: RenderPadding#c9513 NEEDS-LAYOUT NEEDS-PAINT NEEDS-COMPOSITING-BITS-UPDATE
            child 2: RenderDecoratedBox#01016 NEEDS-LAYOUT NEEDS-PAINT NEEDS-COMPOSITING-BITS-UPDATE
            child 3: RenderPadding#f6169 NEEDS-LAYOUT NEEDS-PAINT NEEDS-COMPOSITING-BITS-UPDATE
ΓòÉΓòÉΓòÉΓòÉΓòÉΓòÉΓòÉΓòÉΓòÉΓòÉΓòÉΓòÉΓòÉΓòÉΓòÉΓòÉΓòÉΓòÉΓòÉΓòÉΓòÉΓòÉΓòÉΓòÉΓòÉΓòÉΓòÉΓòÉΓòÉΓòÉΓòÉΓòÉΓòÉΓòÉΓòÉΓòÉΓòÉΓòÉΓòÉΓòÉΓòÉΓòÉΓòÉΓòÉΓòÉΓòÉΓòÉΓòÉΓòÉΓòÉΓòÉΓòÉΓòÉΓòÉΓòÉΓòÉΓòÉΓòÉΓòÉΓòÉΓòÉΓòÉΓòÉΓòÉΓòÉΓòÉΓòÉΓòÉΓòÉΓòÉΓòÉΓòÉΓòÉΓòÉΓòÉΓòÉΓòÉΓòÉΓòÉΓòÉΓòÉΓòÉΓòÉΓòÉΓòÉΓòÉΓòÉΓòÉΓòÉΓòÉΓòÉΓòÉΓòÉΓòÉΓòÉΓòÉΓòÉΓòÉΓòÉΓòÉ
ΓòÉΓòÉΓòí EXCEPTION CAUGHT BY RENDERING LIBRARY Γò₧ΓòÉΓòÉΓòÉΓòÉΓòÉΓòÉΓòÉΓòÉΓòÉΓòÉΓòÉΓòÉΓòÉΓòÉΓòÉΓòÉΓòÉΓòÉΓòÉΓòÉΓòÉΓòÉΓòÉΓòÉΓòÉΓòÉΓòÉΓòÉΓòÉΓòÉΓòÉΓòÉΓòÉΓòÉΓòÉΓòÉΓòÉΓòÉΓòÉΓòÉΓòÉΓòÉΓòÉΓòÉΓòÉΓòÉΓòÉΓòÉΓòÉΓòÉΓòÉΓòÉΓòÉΓòÉΓòÉΓòÉΓòÉ
The following assertion was thrown during performLayout():
RenderBox was not laid out: RenderFlex#8920d relayoutBoundary=up12 NEEDS-PAINT
NEEDS-COMPOSITING-BITS-UPDATE
'package:flutter/src/rendering/box.dart':
Failed assertion: line 2251 pos 12: 'hasSize'

Either the assertion indicates an error in the framework itself, or we should provide substantially
more information in this error message to help you determine and fix the underlying cause.
In either case, please report this assertion by filing a bug on GitHub:
  https://github.com/flutter/flutter/issues/new?template=02_bug.yml

The relevant error-causing widget was:
  SingleChildScrollView
  SingleChildScrollView:file:///C:/Users/bhara/StudioProjects/simple_billing_app/lib/views/screens/billing_screen.dart:240:14

When the exception was thrown, this was the stack:
#2      RenderBox.size (package:flutter/src/rendering/box.dart:2251:12)
#3      _RenderSingleChildViewport.performLayout (package:flutter/src/widgets/single_child_scroll_view.dart:503:43)
#4      RenderObject.layout (package:flutter/src/rendering/object.dart:2768:7)
#5      RenderProxyBoxMixin.performLayout (package:flutter/src/rendering/proxy_box.dart:118:18)
#6      RenderObject.layout (package:flutter/src/rendering/object.dart:2768:7)
#7      RenderProxyBoxMixin.performLayout (package:flutter/src/rendering/proxy_box.dart:118:18)
#8      RenderObject.layout (package:flutter/src/rendering/object.dart:2768:7)
#9      RenderProxyBoxMixin.performLayout (package:flutter/src/rendering/proxy_box.dart:118:18)
#10     RenderObject.layout (package:flutter/src/rendering/object.dart:2768:7)
#11     RenderProxyBoxMixin.performLayout (package:flutter/src/rendering/proxy_box.dart:118:18)
#12     RenderObject.layout (package:flutter/src/rendering/object.dart:2768:7)
#13     RenderProxyBoxMixin.performLayout (package:flutter/src/rendering/proxy_box.dart:118:18)
#14     RenderObject.layout (package:flutter/src/rendering/object.dart:2768:7)
#15     RenderProxyBoxMixin.performLayout (package:flutter/src/rendering/proxy_box.dart:118:18)
#16     RenderObject.layout (package:flutter/src/rendering/object.dart:2768:7)
#17     RenderProxyBoxMixin.performLayout (package:flutter/src/rendering/proxy_box.dart:118:18)
#18     RenderObject.layout (package:flutter/src/rendering/object.dart:2768:7)
#19     RenderProxyBoxMixin.performLayout (package:flutter/src/rendering/proxy_box.dart:118:18)
#20     _RenderCustomClip.performLayout (package:flutter/src/rendering/proxy_box.dart:1549:11)
#21     RenderObject.layout (package:flutter/src/rendering/object.dart:2768:7)
#22     RenderPadding.performLayout (package:flutter/src/rendering/shifted_box.dart:262:12)
#23     RenderObject.layout (package:flutter/src/rendering/object.dart:2768:7)
#24     _RenderLayoutBuilder.performLayout (package:flutter/src/widgets/layout_builder.dart:449:14)
#25     RenderObject.layout (package:flutter/src/rendering/object.dart:2768:7)
#26     MultiChildLayoutDelegate.layoutChild (package:flutter/src/rendering/custom_layout.dart:180:12)
#27     _ScaffoldLayout.performLayout (package:flutter/src/material/scaffold.dart:1113:7)
#28     MultiChildLayoutDelegate._callPerformLayout (package:flutter/src/rendering/custom_layout.dart:246:7)
#29     RenderCustomMultiChildLayoutBox.performLayout (package:flutter/src/rendering/custom_layout.dart:417:14)
#30     RenderObject.layout (package:flutter/src/rendering/object.dart:2768:7)
#31     RenderProxyBoxMixin.performLayout (package:flutter/src/rendering/proxy_box.dart:118:18)
#32     RenderObject.layout (package:flutter/src/rendering/object.dart:2768:7)
#33     RenderProxyBoxMixin.performLayout (package:flutter/src/rendering/proxy_box.dart:118:18)
#34     _RenderCustomClip.performLayout (package:flutter/src/rendering/proxy_box.dart:1549:11)
#35     RenderObject.layout (package:flutter/src/rendering/object.dart:2768:7)
#36     RenderProxyBoxMixin.performLayout (package:flutter/src/rendering/proxy_box.dart:118:18)
#37     RenderObject.layout (package:flutter/src/rendering/object.dart:2768:7)
#38     RenderProxyBoxMixin.performLayout (package:flutter/src/rendering/proxy_box.dart:118:18)
#39     RenderObject.layout (package:flutter/src/rendering/object.dart:2768:7)
#40     RenderProxyBoxMixin.performLayout (package:flutter/src/rendering/proxy_box.dart:118:18)
#41     RenderObject.layout (package:flutter/src/rendering/object.dart:2768:7)
#42     RenderProxyBoxMixin.performLayout (package:flutter/src/rendering/proxy_box.dart:118:18)
#43     RenderObject.layout (package:flutter/src/rendering/object.dart:2768:7)
#44     RenderProxyBoxMixin.performLayout (package:flutter/src/rendering/proxy_box.dart:118:18)
#45     RenderObject.layout (package:flutter/src/rendering/object.dart:2768:7)
#46     RenderProxyBoxMixin.performLayout (package:flutter/src/rendering/proxy_box.dart:118:18)
#47     RenderObject.layout (package:flutter/src/rendering/object.dart:2768:7)
#48     RenderProxyBoxMixin.performLayout (package:flutter/src/rendering/proxy_box.dart:118:18)
#49     RenderObject.layout (package:flutter/src/rendering/object.dart:2768:7)
#50     RenderProxyBoxMixin.performLayout (package:flutter/src/rendering/proxy_box.dart:118:18)
#51     RenderObject.layout (package:flutter/src/rendering/object.dart:2768:7)
#52     RenderProxyBoxMixin.performLayout (package:flutter/src/rendering/proxy_box.dart:118:18)
#53     RenderObject.layout (package:flutter/src/rendering/object.dart:2768:7)
#54     RenderProxyBoxMixin.performLayout (package:flutter/src/rendering/proxy_box.dart:118:18)
#55     RenderObject.layout (package:flutter/src/rendering/object.dart:2768:7)
#56     RenderProxyBoxMixin.performLayout (package:flutter/src/rendering/proxy_box.dart:118:18)
#57     RenderObject.layout (package:flutter/src/rendering/object.dart:2768:7)
#58     RenderProxyBoxMixin.performLayout (package:flutter/src/rendering/proxy_box.dart:118:18)
#59     RenderObject.layout (package:flutter/src/rendering/object.dart:2768:7)
#60     RenderProxyBoxMixin.performLayout (package:flutter/src/rendering/proxy_box.dart:118:18)
#61     RenderObject.layout (package:flutter/src/rendering/object.dart:2768:7)
#62     RenderProxyBoxMixin.performLayout (package:flutter/src/rendering/proxy_box.dart:118:18)
#63     RenderObject.layout (package:flutter/src/rendering/object.dart:2768:7)
#64     RenderProxyBoxMixin.performLayout (package:flutter/src/rendering/proxy_box.dart:118:18)
#65     RenderObject.layout (package:flutter/src/rendering/object.dart:2768:7)
#66     RenderProxyBoxMixin.performLayout (package:flutter/src/rendering/proxy_box.dart:118:18)
#67     RenderOffstage.performLayout (package:flutter/src/rendering/proxy_box.dart:3923:13)
#68     RenderObject.layout (package:flutter/src/rendering/object.dart:2768:7)
#69     RenderProxyBoxMixin.performLayout (package:flutter/src/rendering/proxy_box.dart:118:18)
#70     RenderObject.layout (package:flutter/src/rendering/object.dart:2768:7)
#71     _RenderTheaterMixin.layoutChild (package:flutter/src/widgets/overlay.dart:1084:13)
#72     _RenderTheater.performLayout (package:flutter/src/widgets/overlay.dart:1429:9)
#73     RenderObject.layout (package:flutter/src/rendering/object.dart:2768:7)
#74     RenderProxyBoxMixin.performLayout (package:flutter/src/rendering/proxy_box.dart:118:18)
#75     RenderObject.layout (package:flutter/src/rendering/object.dart:2768:7)
#76     RenderProxyBoxMixin.performLayout (package:flutter/src/rendering/proxy_box.dart:118:18)
#77     RenderObject.layout (package:flutter/src/rendering/object.dart:2768:7)
#78     RenderProxyBoxMixin.performLayout (package:flutter/src/rendering/proxy_box.dart:118:18)
#79     RenderObject.layout (package:flutter/src/rendering/object.dart:2768:7)
#80     RenderProxyBoxMixin.performLayout (package:flutter/src/rendering/proxy_box.dart:118:18)
#81     RenderCustomPaint.performLayout (package:flutter/src/rendering/custom_paint.dart:574:11)
#82     RenderObject.layout (package:flutter/src/rendering/object.dart:2768:7)
#83     RenderProxyBoxMixin.performLayout (package:flutter/src/rendering/proxy_box.dart:118:18)
#84     RenderObject.layout (package:flutter/src/rendering/object.dart:2768:7)
#85     RenderProxyBoxMixin.performLayout (package:flutter/src/rendering/proxy_box.dart:118:18)
#86     RenderObject.layout (package:flutter/src/rendering/object.dart:2768:7)
#87     RenderProxyBoxMixin.performLayout (package:flutter/src/rendering/proxy_box.dart:118:18)
#88     RenderObject.layout (package:flutter/src/rendering/object.dart:2768:7)
#89     RenderProxyBoxMixin.performLayout (package:flutter/src/rendering/proxy_box.dart:118:18)
#90     RenderObject.layout (package:flutter/src/rendering/object.dart:2768:7)
#91     RenderProxyBoxMixin.performLayout (package:flutter/src/rendering/proxy_box.dart:118:18)
#92     RenderObject.layout (package:flutter/src/rendering/object.dart:2768:7)
#93     RenderProxyBoxMixin.performLayout (package:flutter/src/rendering/proxy_box.dart:118:18)
#94     RenderObject.layout (package:flutter/src/rendering/object.dart:2768:7)
#95     RenderView.performLayout (package:flutter/src/rendering/view.dart:292:12)
#96     RenderObject._layoutWithoutResize (package:flutter/src/rendering/object.dart:2616:7)
#97     PipelineOwner.flushLayout (package:flutter/src/rendering/object.dart:1174:18)
#98     PipelineOwner.flushLayout (package:flutter/src/rendering/object.dart:1187:15)
#99     AutomatedTestWidgetsFlutterBinding.drawFrame (package:flutter_test/src/binding.dart:2133:27)
#100    RendererBinding._handlePersistentFrameCallback (package:flutter/src/rendering/binding.dart:495:5)
#101    SchedulerBinding._invokeFrameCallback (package:flutter/src/scheduler/binding.dart:1430:15)
#102    SchedulerBinding.handleDrawFrame (package:flutter/src/scheduler/binding.dart:1345:9)
#103    AutomatedTestWidgetsFlutterBinding.pump.<anonymous closure> (package:flutter_test/src/binding.dart:1960:9)
#106    TestAsyncUtils.guard (package:flutter_test/src/test_async_utils.dart:74:41)
#107    AutomatedTestWidgetsFlutterBinding.pump (package:flutter_test/src/binding.dart:1949:27)
#108    WidgetTester.pumpWidget.<anonymous closure> (package:flutter_test/src/widget_tester.dart:598:22)
#111    TestAsyncUtils.guard (package:flutter_test/src/test_async_utils.dart:74:41)
#112    WidgetTester.pumpWidget (package:flutter_test/src/widget_tester.dart:595:27)
#113    main.<anonymous closure>.<anonymous closure> (file:///C:/Users/bhara/StudioProjects/simple_billing_app/test/widget/billing_screen_test.dart:38:20)
#114    testWidgets.<anonymous closure>.<anonymous closure> (package:flutter_test/src/widget_tester.dart:192:29)
<asynchronous suspension>
#115    TestWidgetsFlutterBinding._runTestBody (package:flutter_test/src/binding.dart:1682:5)
<asynchronous suspension>
<asynchronous suspension>
(elided 7 frames from class _AssertionError, dart:async, and package:stack_trace)

The following RenderObject was being processed when the exception was fired: _RenderSingleChildViewport#e43e8 relayoutBoundary=up11 NEEDS-LAYOUT NEEDS-PAINT NEEDS-COMPOSITING-BITS-UPDATE:
  needs compositing
  creator: _SingleChildViewport ΓåÉ IgnorePointer-[GlobalKey#a7649] ΓåÉ Semantics ΓåÉ Listener ΓåÉ
    _GestureSemantics ΓåÉ RawGestureDetector-[LabeledGlobalKey<RawGestureDetectorState>#f2ce2] ΓåÉ
    Listener ΓåÉ _ScrollableScope ΓåÉ _ScrollSemantics-[GlobalKey#41573] ΓåÉ
    NotificationListener<ScrollMetricsNotification> ΓåÉ Transform ΓåÉ StretchEffect ΓåÉ Γï»
  parentData: <none> (can use size)
  constraints: BoxConstraints(0.0<=w<=1136.0, 0.0<=h<=613.0)
  size: MISSING
  offset: Offset(0.0, -0.0)
This RenderObject had the following descendants (showing up to depth 5):
    child: RenderFlex#8920d relayoutBoundary=up12 NEEDS-PAINT NEEDS-COMPOSITING-BITS-UPDATE
      child 1: RenderFlex#2c729 relayoutBoundary=up13 NEEDS-PAINT NEEDS-COMPOSITING-BITS-UPDATE
        child 1: RenderDecoratedBox#35d20 relayoutBoundary=up14 NEEDS-PAINT NEEDS-COMPOSITING-BITS-UPDATE
          child: RenderPadding#f5a0d relayoutBoundary=up15 NEEDS-PAINT NEEDS-COMPOSITING-BITS-UPDATE
            child: RenderFlex#1a01b relayoutBoundary=up16 NEEDS-PAINT NEEDS-COMPOSITING-BITS-UPDATE
        child 2: RenderConstrainedBox#0a34a NEEDS-LAYOUT NEEDS-PAINT
        child 3: RenderDecoratedBox#3930d NEEDS-LAYOUT NEEDS-PAINT NEEDS-COMPOSITING-BITS-UPDATE
          child: RenderPadding#748b5 NEEDS-LAYOUT NEEDS-PAINT NEEDS-COMPOSITING-BITS-UPDATE
            child: RenderFlex#b4077 NEEDS-LAYOUT NEEDS-PAINT NEEDS-COMPOSITING-BITS-UPDATE
        child 4: RenderConstrainedBox#7d6dc NEEDS-LAYOUT NEEDS-PAINT
        child 5: RenderDecoratedBox#e3850 NEEDS-LAYOUT NEEDS-PAINT NEEDS-COMPOSITING-BITS-UPDATE
          child: RenderPadding#f3f05 NEEDS-LAYOUT NEEDS-PAINT NEEDS-COMPOSITING-BITS-UPDATE
            child: RenderDecoratedBox#a36fe NEEDS-LAYOUT NEEDS-PAINT NEEDS-COMPOSITING-BITS-UPDATE
        child 6: RenderConstrainedBox#b7011 NEEDS-LAYOUT NEEDS-PAINT
        child 7: RenderDecoratedBox#b8041 NEEDS-LAYOUT NEEDS-PAINT NEEDS-COMPOSITING-BITS-UPDATE
          child: RenderPadding#d408a NEEDS-LAYOUT NEEDS-PAINT NEEDS-COMPOSITING-BITS-UPDATE
            child: RenderFlex#c71e3 NEEDS-LAYOUT NEEDS-PAINT NEEDS-COMPOSITING-BITS-UPDATE
      child 2: RenderConstrainedBox#28a1d NEEDS-LAYOUT NEEDS-PAINT
      child 3: RenderConstrainedBox#43428 NEEDS-LAYOUT NEEDS-PAINT NEEDS-COMPOSITING-BITS-UPDATE
        child: RenderDecoratedBox#c51fd NEEDS-LAYOUT NEEDS-PAINT NEEDS-COMPOSITING-BITS-UPDATE
          child: RenderPadding#39875 NEEDS-LAYOUT NEEDS-PAINT NEEDS-COMPOSITING-BITS-UPDATE
            child: RenderFlex#79880 NEEDS-LAYOUT NEEDS-PAINT NEEDS-COMPOSITING-BITS-UPDATE
ΓòÉΓòÉΓòÉΓòÉΓòÉΓòÉΓòÉΓòÉΓòÉΓòÉΓòÉΓòÉΓòÉΓòÉΓòÉΓòÉΓòÉΓòÉΓòÉΓòÉΓòÉΓòÉΓòÉΓòÉΓòÉΓòÉΓòÉΓòÉΓòÉΓòÉΓòÉΓòÉΓòÉΓòÉΓòÉΓòÉΓòÉΓòÉΓòÉΓòÉΓòÉΓòÉΓòÉΓòÉΓòÉΓòÉΓòÉΓòÉΓòÉΓòÉΓòÉΓòÉΓòÉΓòÉΓòÉΓòÉΓòÉΓòÉΓòÉΓòÉΓòÉΓòÉΓòÉΓòÉΓòÉΓòÉΓòÉΓòÉΓòÉΓòÉΓòÉΓòÉΓòÉΓòÉΓòÉΓòÉΓòÉΓòÉΓòÉΓòÉΓòÉΓòÉΓòÉΓòÉΓòÉΓòÉΓòÉΓòÉΓòÉΓòÉΓòÉΓòÉΓòÉΓòÉΓòÉΓòÉΓòÉΓòÉΓòÉΓòÉ
ΓòÉΓòÉΓòí EXCEPTION CAUGHT BY RENDERING LIBRARY Γò₧ΓòÉΓòÉΓòÉΓòÉΓòÉΓòÉΓòÉΓòÉΓòÉΓòÉΓòÉΓòÉΓòÉΓòÉΓòÉΓòÉΓòÉΓòÉΓòÉΓòÉΓòÉΓòÉΓòÉΓòÉΓòÉΓòÉΓòÉΓòÉΓòÉΓòÉΓòÉΓòÉΓòÉΓòÉΓòÉΓòÉΓòÉΓòÉΓòÉΓòÉΓòÉΓòÉΓòÉΓòÉΓòÉΓòÉΓòÉΓòÉΓòÉΓòÉΓòÉΓòÉΓòÉΓòÉΓòÉΓòÉΓòÉ
The following assertion was thrown during performLayout():
RenderBox was not laid out: _RenderSingleChildViewport#e43e8 relayoutBoundary=up11 NEEDS-PAINT
NEEDS-COMPOSITING-BITS-UPDATE
'package:flutter/src/rendering/box.dart':
Failed assertion: line 2251 pos 12: 'hasSize'

Either the assertion indicates an error in the framework itself, or we should provide substantially
more information in this error message to help you determine and fix the underlying cause.
In either case, please report this assertion by filing a bug on GitHub:
  https://github.com/flutter/flutter/issues/new?template=02_bug.yml

The relevant error-causing widget was:
  SingleChildScrollView
  SingleChildScrollView:file:///C:/Users/bhara/StudioProjects/simple_billing_app/lib/views/screens/billing_screen.dart:240:14

When the exception was thrown, this was the stack:
#2      RenderBox.size (package:flutter/src/rendering/box.dart:2251:12)
#3      RenderProxyBoxMixin.performLayout (package:flutter/src/rendering/proxy_box.dart:118:62)
#4      RenderObject.layout (package:flutter/src/rendering/object.dart:2768:7)
#5      RenderProxyBoxMixin.performLayout (package:flutter/src/rendering/proxy_box.dart:118:18)
#6      RenderObject.layout (package:flutter/src/rendering/object.dart:2768:7)
#7      RenderProxyBoxMixin.performLayout (package:flutter/src/rendering/proxy_box.dart:118:18)
#8      RenderObject.layout (package:flutter/src/rendering/object.dart:2768:7)
#9      RenderProxyBoxMixin.performLayout (package:flutter/src/rendering/proxy_box.dart:118:18)
#10     RenderObject.layout (package:flutter/src/rendering/object.dart:2768:7)
#11     RenderProxyBoxMixin.performLayout (package:flutter/src/rendering/proxy_box.dart:118:18)
#12     RenderObject.layout (package:flutter/src/rendering/object.dart:2768:7)
#13     RenderProxyBoxMixin.performLayout (package:flutter/src/rendering/proxy_box.dart:118:18)
#14     RenderObject.layout (package:flutter/src/rendering/object.dart:2768:7)
#15     RenderProxyBoxMixin.performLayout (package:flutter/src/rendering/proxy_box.dart:118:18)
#16     RenderObject.layout (package:flutter/src/rendering/object.dart:2768:7)
#17     RenderProxyBoxMixin.performLayout (package:flutter/src/rendering/proxy_box.dart:118:18)
#18     _RenderCustomClip.performLayout (package:flutter/src/rendering/proxy_box.dart:1549:11)
#19     RenderObject.layout (package:flutter/src/rendering/object.dart:2768:7)
#20     RenderPadding.performLayout (package:flutter/src/rendering/shifted_box.dart:262:12)
#21     RenderObject.layout (package:flutter/src/rendering/object.dart:2768:7)
#22     _RenderLayoutBuilder.performLayout (package:flutter/src/widgets/layout_builder.dart:449:14)
#23     RenderObject.layout (package:flutter/src/rendering/object.dart:2768:7)
#24     MultiChildLayoutDelegate.layoutChild (package:flutter/src/rendering/custom_layout.dart:180:12)
#25     _ScaffoldLayout.performLayout (package:flutter/src/material/scaffold.dart:1113:7)
#26     MultiChildLayoutDelegate._callPerformLayout (package:flutter/src/rendering/custom_layout.dart:246:7)
#27     RenderCustomMultiChildLayoutBox.performLayout (package:flutter/src/rendering/custom_layout.dart:417:14)
#28     RenderObject.layout (package:flutter/src/rendering/object.dart:2768:7)
#29     RenderProxyBoxMixin.performLayout (package:flutter/src/rendering/proxy_box.dart:118:18)
#30     RenderObject.layout (package:flutter/src/rendering/object.dart:2768:7)
#31     RenderProxyBoxMixin.performLayout (package:flutter/src/rendering/proxy_box.dart:118:18)
#32     _RenderCustomClip.performLayout (package:flutter/src/rendering/proxy_box.dart:1549:11)
#33     RenderObject.layout (package:flutter/src/rendering/object.dart:2768:7)
#34     RenderProxyBoxMixin.performLayout (package:flutter/src/rendering/proxy_box.dart:118:18)
#35     RenderObject.layout (package:flutter/src/rendering/object.dart:2768:7)
#36     RenderProxyBoxMixin.performLayout (package:flutter/src/rendering/proxy_box.dart:118:18)
#37     RenderObject.layout (package:flutter/src/rendering/object.dart:2768:7)
#38     RenderProxyBoxMixin.performLayout (package:flutter/src/rendering/proxy_box.dart:118:18)
#39     RenderObject.layout (package:flutter/src/rendering/object.dart:2768:7)
#40     RenderProxyBoxMixin.performLayout (package:flutter/src/rendering/proxy_box.dart:118:18)
#41     RenderObject.layout (package:flutter/src/rendering/object.dart:2768:7)
#42     RenderProxyBoxMixin.performLayout (package:flutter/src/rendering/proxy_box.dart:118:18)
#43     RenderObject.layout (package:flutter/src/rendering/object.dart:2768:7)
#44     RenderProxyBoxMixin.performLayout (package:flutter/src/rendering/proxy_box.dart:118:18)
#45     RenderObject.layout (package:flutter/src/rendering/object.dart:2768:7)
#46     RenderProxyBoxMixin.performLayout (package:flutter/src/rendering/proxy_box.dart:118:18)
#47     RenderObject.layout (package:flutter/src/rendering/object.dart:2768:7)
#48     RenderProxyBoxMixin.performLayout (package:flutter/src/rendering/proxy_box.dart:118:18)
#49     RenderObject.layout (package:flutter/src/rendering/object.dart:2768:7)
#50     RenderProxyBoxMixin.performLayout (package:flutter/src/rendering/proxy_box.dart:118:18)
#51     RenderObject.layout (package:flutter/src/rendering/object.dart:2768:7)
#52     RenderProxyBoxMixin.performLayout (package:flutter/src/rendering/proxy_box.dart:118:18)
#53     RenderObject.layout (package:flutter/src/rendering/object.dart:2768:7)
#54     RenderProxyBoxMixin.performLayout (package:flutter/src/rendering/proxy_box.dart:118:18)
#55     RenderObject.layout (package:flutter/src/rendering/object.dart:2768:7)
#56     RenderProxyBoxMixin.performLayout (package:flutter/src/rendering/proxy_box.dart:118:18)
#57     RenderObject.layout (package:flutter/src/rendering/object.dart:2768:7)
#58     RenderProxyBoxMixin.performLayout (package:flutter/src/rendering/proxy_box.dart:118:18)
#59     RenderObject.layout (package:flutter/src/rendering/object.dart:2768:7)
#60     RenderProxyBoxMixin.performLayout (package:flutter/src/rendering/proxy_box.dart:118:18)
#61     RenderObject.layout (package:flutter/src/rendering/object.dart:2768:7)
#62     RenderProxyBoxMixin.performLayout (package:flutter/src/rendering/proxy_box.dart:118:18)
#63     RenderObject.layout (package:flutter/src/rendering/object.dart:2768:7)
#64     RenderProxyBoxMixin.performLayout (package:flutter/src/rendering/proxy_box.dart:118:18)
#65     RenderOffstage.performLayout (package:flutter/src/rendering/proxy_box.dart:3923:13)
#66     RenderObject.layout (package:flutter/src/rendering/object.dart:2768:7)
#67     RenderProxyBoxMixin.performLayout (package:flutter/src/rendering/proxy_box.dart:118:18)
#68     RenderObject.layout (package:flutter/src/rendering/object.dart:2768:7)
#69     _RenderTheaterMixin.layoutChild (package:flutter/src/widgets/overlay.dart:1084:13)
#70     _RenderTheater.performLayout (package:flutter/src/widgets/overlay.dart:1429:9)
#71     RenderObject.layout (package:flutter/src/rendering/object.dart:2768:7)
#72     RenderProxyBoxMixin.performLayout (package:flutter/src/rendering/proxy_box.dart:118:18)
#73     RenderObject.layout (package:flutter/src/rendering/object.dart:2768:7)
#74     RenderProxyBoxMixin.performLayout (package:flutter/src/rendering/proxy_box.dart:118:18)
#75     RenderObject.layout (package:flutter/src/rendering/object.dart:2768:7)
#76     RenderProxyBoxMixin.performLayout (package:flutter/src/rendering/proxy_box.dart:118:18)
#77     RenderObject.layout (package:flutter/src/rendering/object.dart:2768:7)
#78     RenderProxyBoxMixin.performLayout (package:flutter/src/rendering/proxy_box.dart:118:18)
#79     RenderCustomPaint.performLayout (package:flutter/src/rendering/custom_paint.dart:574:11)
#80     RenderObject.layout (package:flutter/src/rendering/object.dart:2768:7)
#81     RenderProxyBoxMixin.performLayout (package:flutter/src/rendering/proxy_box.dart:118:18)
#82     RenderObject.layout (package:flutter/src/rendering/object.dart:2768:7)
#83     RenderProxyBoxMixin.performLayout (package:flutter/src/rendering/proxy_box.dart:118:18)
#84     RenderObject.layout (package:flutter/src/rendering/object.dart:2768:7)
#85     RenderProxyBoxMixin.performLayout (package:flutter/src/rendering/proxy_box.dart:118:18)
#86     RenderObject.layout (package:flutter/src/rendering/object.dart:2768:7)
#87     RenderProxyBoxMixin.performLayout (package:flutter/src/rendering/proxy_box.dart:118:18)
#88     RenderObject.layout (package:flutter/src/rendering/object.dart:2768:7)
#89     RenderProxyBoxMixin.performLayout (package:flutter/src/rendering/proxy_box.dart:118:18)
#90     RenderObject.layout (package:flutter/src/rendering/object.dart:2768:7)
#91     RenderProxyBoxMixin.performLayout (package:flutter/src/rendering/proxy_box.dart:118:18)
#92     RenderObject.layout (package:flutter/src/rendering/object.dart:2768:7)
#93     RenderView.performLayout (package:flutter/src/rendering/view.dart:292:12)
#94     RenderObject._layoutWithoutResize (package:flutter/src/rendering/object.dart:2616:7)
#95     PipelineOwner.flushLayout (package:flutter/src/rendering/object.dart:1174:18)
#96     PipelineOwner.flushLayout (package:flutter/src/rendering/object.dart:1187:15)
#97     AutomatedTestWidgetsFlutterBinding.drawFrame (package:flutter_test/src/binding.dart:2133:27)
#98     RendererBinding._handlePersistentFrameCallback (package:flutter/src/rendering/binding.dart:495:5)
#99     SchedulerBinding._invokeFrameCallback (package:flutter/src/scheduler/binding.dart:1430:15)
#100    SchedulerBinding.handleDrawFrame (package:flutter/src/scheduler/binding.dart:1345:9)
#101    AutomatedTestWidgetsFlutterBinding.pump.<anonymous closure> (package:flutter_test/src/binding.dart:1960:9)
#104    TestAsyncUtils.guard (package:flutter_test/src/test_async_utils.dart:74:41)
#105    AutomatedTestWidgetsFlutterBinding.pump (package:flutter_test/src/binding.dart:1949:27)
#106    WidgetTester.pumpWidget.<anonymous closure> (package:flutter_test/src/widget_tester.dart:598:22)
#109    TestAsyncUtils.guard (package:flutter_test/src/test_async_utils.dart:74:41)
#110    WidgetTester.pumpWidget (package:flutter_test/src/widget_tester.dart:595:27)
#111    main.<anonymous closure>.<anonymous closure> (file:///C:/Users/bhara/StudioProjects/simple_billing_app/test/widget/billing_screen_test.dart:38:20)
#112    testWidgets.<anonymous closure>.<anonymous closure> (package:flutter_test/src/widget_tester.dart:192:29)
<asynchronous suspension>
#113    TestWidgetsFlutterBinding._runTestBody (package:flutter_test/src/binding.dart:1682:5)
<asynchronous suspension>
<asynchronous suspension>
(elided 7 frames from class _AssertionError, dart:async, and package:stack_trace)

The following RenderObject was being processed when the exception was fired: RenderIgnorePointer#15fa5 relayoutBoundary=up10 NEEDS-LAYOUT NEEDS-PAINT NEEDS-COMPOSITING-BITS-UPDATE:
  creator: IgnorePointer-[GlobalKey#a7649] ΓåÉ Semantics ΓåÉ Listener ΓåÉ _GestureSemantics ΓåÉ
    RawGestureDetector-[LabeledGlobalKey<RawGestureDetectorState>#f2ce2] ΓåÉ Listener ΓåÉ _ScrollableScope
    ΓåÉ _ScrollSemantics-[GlobalKey#41573] ΓåÉ NotificationListener<ScrollMetricsNotification> ΓåÉ Transform
    ΓåÉ StretchEffect ΓåÉ ClipRect ΓåÉ Γï»
  parentData: <none> (can use size)
  constraints: BoxConstraints(0.0<=w<=1136.0, 0.0<=h<=613.0)
  size: MISSING
  ignoring: false
  ignoringSemantics: null
This RenderObject had the following descendants (showing up to depth 5):
    child: _RenderSingleChildViewport#e43e8 relayoutBoundary=up11 NEEDS-PAINT NEEDS-COMPOSITING-BITS-UPDATE
      child: RenderFlex#8920d relayoutBoundary=up12 NEEDS-PAINT NEEDS-COMPOSITING-BITS-UPDATE
        child 1: RenderFlex#2c729 relayoutBoundary=up13 NEEDS-PAINT NEEDS-COMPOSITING-BITS-UPDATE
          child 1: RenderDecoratedBox#35d20 relayoutBoundary=up14 NEEDS-PAINT NEEDS-COMPOSITING-BITS-UPDATE
            child: RenderPadding#f5a0d relayoutBoundary=up15 NEEDS-PAINT NEEDS-COMPOSITING-BITS-UPDATE
          child 2: RenderConstrainedBox#0a34a NEEDS-LAYOUT NEEDS-PAINT
          child 3: RenderDecoratedBox#3930d NEEDS-LAYOUT NEEDS-PAINT NEEDS-COMPOSITING-BITS-UPDATE
            child: RenderPadding#748b5 NEEDS-LAYOUT NEEDS-PAINT NEEDS-COMPOSITING-BITS-UPDATE
          child 4: RenderConstrainedBox#7d6dc NEEDS-LAYOUT NEEDS-PAINT
          child 5: RenderDecoratedBox#e3850 NEEDS-LAYOUT NEEDS-PAINT NEEDS-COMPOSITING-BITS-UPDATE
            child: RenderPadding#f3f05 NEEDS-LAYOUT NEEDS-PAINT NEEDS-COMPOSITING-BITS-UPDATE
          child 6: RenderConstrainedBox#b7011 NEEDS-LAYOUT NEEDS-PAINT
          child 7: RenderDecoratedBox#b8041 NEEDS-LAYOUT NEEDS-PAINT NEEDS-COMPOSITING-BITS-UPDATE
            child: RenderPadding#d408a NEEDS-LAYOUT NEEDS-PAINT NEEDS-COMPOSITING-BITS-UPDATE
        child 2: RenderConstrainedBox#28a1d NEEDS-LAYOUT NEEDS-PAINT
        child 3: RenderConstrainedBox#43428 NEEDS-LAYOUT NEEDS-PAINT NEEDS-COMPOSITING-BITS-UPDATE
          child: RenderDecoratedBox#c51fd NEEDS-LAYOUT NEEDS-PAINT NEEDS-COMPOSITING-BITS-UPDATE
            child: RenderPadding#39875 NEEDS-LAYOUT NEEDS-PAINT NEEDS-COMPOSITING-BITS-UPDATE
ΓòÉΓòÉΓòÉΓòÉΓòÉΓòÉΓòÉΓòÉΓòÉΓòÉΓòÉΓòÉΓòÉΓòÉΓòÉΓòÉΓòÉΓòÉΓòÉΓòÉΓòÉΓòÉΓòÉΓòÉΓòÉΓòÉΓòÉΓòÉΓòÉΓòÉΓòÉΓòÉΓòÉΓòÉΓòÉΓòÉΓòÉΓòÉΓòÉΓòÉΓòÉΓòÉΓòÉΓòÉΓòÉΓòÉΓòÉΓòÉΓòÉΓòÉΓòÉΓòÉΓòÉΓòÉΓòÉΓòÉΓòÉΓòÉΓòÉΓòÉΓòÉΓòÉΓòÉΓòÉΓòÉΓòÉΓòÉΓòÉΓòÉΓòÉΓòÉΓòÉΓòÉΓòÉΓòÉΓòÉΓòÉΓòÉΓòÉΓòÉΓòÉΓòÉΓòÉΓòÉΓòÉΓòÉΓòÉΓòÉΓòÉΓòÉΓòÉΓòÉΓòÉΓòÉΓòÉΓòÉΓòÉΓòÉΓòÉΓòÉ
ΓòÉΓòÉΓòí EXCEPTION CAUGHT BY RENDERING LIBRARY Γò₧ΓòÉΓòÉΓòÉΓòÉΓòÉΓòÉΓòÉΓòÉΓòÉΓòÉΓòÉΓòÉΓòÉΓòÉΓòÉΓòÉΓòÉΓòÉΓòÉΓòÉΓòÉΓòÉΓòÉΓòÉΓòÉΓòÉΓòÉΓòÉΓòÉΓòÉΓòÉΓòÉΓòÉΓòÉΓòÉΓòÉΓòÉΓòÉΓòÉΓòÉΓòÉΓòÉΓòÉΓòÉΓòÉΓòÉΓòÉΓòÉΓòÉΓòÉΓòÉΓòÉΓòÉΓòÉΓòÉΓòÉΓòÉ
The following assertion was thrown during performLayout():
RenderBox was not laid out: RenderIgnorePointer#15fa5 relayoutBoundary=up10 NEEDS-PAINT
NEEDS-COMPOSITING-BITS-UPDATE
'package:flutter/src/rendering/box.dart':
Failed assertion: line 2251 pos 12: 'hasSize'

Either the assertion indicates an error in the framework itself, or we should provide substantially
more information in this error message to help you determine and fix the underlying cause.
In either case, please report this assertion by filing a bug on GitHub:
  https://github.com/flutter/flutter/issues/new?template=02_bug.yml

The relevant error-causing widget was:
  SingleChildScrollView
  SingleChildScrollView:file:///C:/Users/bhara/StudioProjects/simple_billing_app/lib/views/screens/billing_screen.dart:240:14

When the exception was thrown, this was the stack:
#2      RenderBox.size (package:flutter/src/rendering/box.dart:2251:12)
#3      RenderProxyBoxMixin.performLayout (package:flutter/src/rendering/proxy_box.dart:118:62)
#4      RenderObject.layout (package:flutter/src/rendering/object.dart:2768:7)
#5      RenderProxyBoxMixin.performLayout (package:flutter/src/rendering/proxy_box.dart:118:18)
#6      RenderObject.layout (package:flutter/src/rendering/object.dart:2768:7)
#7      RenderProxyBoxMixin.performLayout (package:flutter/src/rendering/proxy_box.dart:118:18)
#8      RenderObject.layout (package:flutter/src/rendering/object.dart:2768:7)
#9      RenderProxyBoxMixin.performLayout (package:flutter/src/rendering/proxy_box.dart:118:18)
#10     RenderObject.layout (package:flutter/src/rendering/object.dart:2768:7)
#11     RenderProxyBoxMixin.performLayout (package:flutter/src/rendering/proxy_box.dart:118:18)
#12     RenderObject.layout (package:flutter/src/rendering/object.dart:2768:7)
#13     RenderProxyBoxMixin.performLayout (package:flutter/src/rendering/proxy_box.dart:118:18)
#14     RenderObject.layout (package:flutter/src/rendering/object.dart:2768:7)
#15     RenderProxyBoxMixin.performLayout (package:flutter/src/rendering/proxy_box.dart:118:18)
#16     _RenderCustomClip.performLayout (package:flutter/src/rendering/proxy_box.dart:1549:11)
#17     RenderObject.layout (package:flutter/src/rendering/object.dart:2768:7)
#18     RenderPadding.performLayout (package:flutter/src/rendering/shifted_box.dart:262:12)
#19     RenderObject.layout (package:flutter/src/rendering/object.dart:2768:7)
#20     _RenderLayoutBuilder.performLayout (package:flutter/src/widgets/layout_builder.dart:449:14)
#21     RenderObject.layout (package:flutter/src/rendering/object.dart:2768:7)
#22     MultiChildLayoutDelegate.layoutChild (package:flutter/src/rendering/custom_layout.dart:180:12)
#23     _ScaffoldLayout.performLayout (package:flutter/src/material/scaffold.dart:1113:7)
#24     MultiChildLayoutDelegate._callPerformLayout (package:flutter/src/rendering/custom_layout.dart:246:7)
#25     RenderCustomMultiChildLayoutBox.performLayout (package:flutter/src/rendering/custom_layout.dart:417:14)
#26     RenderObject.layout (package:flutter/src/rendering/object.dart:2768:7)
#27     RenderProxyBoxMixin.performLayout (package:flutter/src/rendering/proxy_box.dart:118:18)
#28     RenderObject.layout (package:flutter/src/rendering/object.dart:2768:7)
#29     RenderProxyBoxMixin.performLayout (package:flutter/src/rendering/proxy_box.dart:118:18)
#30     _RenderCustomClip.performLayout (package:flutter/src/rendering/proxy_box.dart:1549:11)
#31     RenderObject.layout (package:flutter/src/rendering/object.dart:2768:7)
#32     RenderProxyBoxMixin.performLayout (package:flutter/src/rendering/proxy_box.dart:118:18)
#33     RenderObject.layout (package:flutter/src/rendering/object.dart:2768:7)
#34     RenderProxyBoxMixin.performLayout (package:flutter/src/rendering/proxy_box.dart:118:18)
#35     RenderObject.layout (package:flutter/src/rendering/object.dart:2768:7)
#36     RenderProxyBoxMixin.performLayout (package:flutter/src/rendering/proxy_box.dart:118:18)
#37     RenderObject.layout (package:flutter/src/rendering/object.dart:2768:7)
#38     RenderProxyBoxMixin.performLayout (package:flutter/src/rendering/proxy_box.dart:118:18)
#39     RenderObject.layout (package:flutter/src/rendering/object.dart:2768:7)
#40     RenderProxyBoxMixin.performLayout (package:flutter/src/rendering/proxy_box.dart:118:18)
#41     RenderObject.layout (package:flutter/src/rendering/object.dart:2768:7)
#42     RenderProxyBoxMixin.performLayout (package:flutter/src/rendering/proxy_box.dart:118:18)
#43     RenderObject.layout (package:flutter/src/rendering/object.dart:2768:7)
#44     RenderProxyBoxMixin.performLayout (package:flutter/src/rendering/proxy_box.dart:118:18)
#45     RenderObject.layout (package:flutter/src/rendering/object.dart:2768:7)
#46     RenderProxyBoxMixin.performLayout (package:flutter/src/rendering/proxy_box.dart:118:18)
#47     RenderObject.layout (package:flutter/src/rendering/object.dart:2768:7)
#48     RenderProxyBoxMixin.performLayout (package:flutter/src/rendering/proxy_box.dart:118:18)
#49     RenderObject.layout (package:flutter/src/rendering/object.dart:2768:7)
#50     RenderProxyBoxMixin.performLayout (package:flutter/src/rendering/proxy_box.dart:118:18)
#51     RenderObject.layout (package:flutter/src/rendering/object.dart:2768:7)
#52     RenderProxyBoxMixin.performLayout (package:flutter/src/rendering/proxy_box.dart:118:18)
#53     RenderObject.layout (package:flutter/src/rendering/object.dart:2768:7)
#54     RenderProxyBoxMixin.performLayout (package:flutter/src/rendering/proxy_box.dart:118:18)
#55     RenderObject.layout (package:flutter/src/rendering/object.dart:2768:7)
#56     RenderProxyBoxMixin.performLayout (package:flutter/src/rendering/proxy_box.dart:118:18)
#57     RenderObject.layout (package:flutter/src/rendering/object.dart:2768:7)
#58     RenderProxyBoxMixin.performLayout (package:flutter/src/rendering/proxy_box.dart:118:18)
#59     RenderObject.layout (package:flutter/src/rendering/object.dart:2768:7)
#60     RenderProxyBoxMixin.performLayout (package:flutter/src/rendering/proxy_box.dart:118:18)
#61     RenderObject.layout (package:flutter/src/rendering/object.dart:2768:7)
#62     RenderProxyBoxMixin.performLayout (package:flutter/src/rendering/proxy_box.dart:118:18)
#63     RenderOffstage.performLayout (package:flutter/src/rendering/proxy_box.dart:3923:13)
#64     RenderObject.layout (package:flutter/src/rendering/object.dart:2768:7)
#65     RenderProxyBoxMixin.performLayout (package:flutter/src/rendering/proxy_box.dart:118:18)
#66     RenderObject.layout (package:flutter/src/rendering/object.dart:2768:7)
#67     _RenderTheaterMixin.layoutChild (package:flutter/src/widgets/overlay.dart:1084:13)
#68     _RenderTheater.performLayout (package:flutter/src/widgets/overlay.dart:1429:9)
#69     RenderObject.layout (package:flutter/src/rendering/object.dart:2768:7)
#70     RenderProxyBoxMixin.performLayout (package:flutter/src/rendering/proxy_box.dart:118:18)
#71     RenderObject.layout (package:flutter/src/rendering/object.dart:2768:7)
#72     RenderProxyBoxMixin.performLayout (package:flutter/src/rendering/proxy_box.dart:118:18)
#73     RenderObject.layout (package:flutter/src/rendering/object.dart:2768:7)
#74     RenderProxyBoxMixin.performLayout (package:flutter/src/rendering/proxy_box.dart:118:18)
#75     RenderObject.layout (package:flutter/src/rendering/object.dart:2768:7)
#76     RenderProxyBoxMixin.performLayout (package:flutter/src/rendering/proxy_box.dart:118:18)
#77     RenderCustomPaint.performLayout (package:flutter/src/rendering/custom_paint.dart:574:11)
#78     RenderObject.layout (package:flutter/src/rendering/object.dart:2768:7)
#79     RenderProxyBoxMixin.performLayout (package:flutter/src/rendering/proxy_box.dart:118:18)
#80     RenderObject.layout (package:flutter/src/rendering/object.dart:2768:7)
#81     RenderProxyBoxMixin.performLayout (package:flutter/src/rendering/proxy_box.dart:118:18)
#82     RenderObject.layout (package:flutter/src/rendering/object.dart:2768:7)
#83     RenderProxyBoxMixin.performLayout (package:flutter/src/rendering/proxy_box.dart:118:18)
#84     RenderObject.layout (package:flutter/src/rendering/object.dart:2768:7)
#85     RenderProxyBoxMixin.performLayout (package:flutter/src/rendering/proxy_box.dart:118:18)
#86     RenderObject.layout (package:flutter/src/rendering/object.dart:2768:7)
#87     RenderProxyBoxMixin.performLayout (package:flutter/src/rendering/proxy_box.dart:118:18)
#88     RenderObject.layout (package:flutter/src/rendering/object.dart:2768:7)
#89     RenderProxyBoxMixin.performLayout (package:flutter/src/rendering/proxy_box.dart:118:18)
#90     RenderObject.layout (package:flutter/src/rendering/object.dart:2768:7)
#91     RenderView.performLayout (package:flutter/src/rendering/view.dart:292:12)
#92     RenderObject._layoutWithoutResize (package:flutter/src/rendering/object.dart:2616:7)
#93     PipelineOwner.flushLayout (package:flutter/src/rendering/object.dart:1174:18)
#94     PipelineOwner.flushLayout (package:flutter/src/rendering/object.dart:1187:15)
#95     AutomatedTestWidgetsFlutterBinding.drawFrame (package:flutter_test/src/binding.dart:2133:27)
#96     RendererBinding._handlePersistentFrameCallback (package:flutter/src/rendering/binding.dart:495:5)
#97     SchedulerBinding._invokeFrameCallback (package:flutter/src/scheduler/binding.dart:1430:15)
#98     SchedulerBinding.handleDrawFrame (package:flutter/src/scheduler/binding.dart:1345:9)
#99     AutomatedTestWidgetsFlutterBinding.pump.<anonymous closure> (package:flutter_test/src/binding.dart:1960:9)
#102    TestAsyncUtils.guard (package:flutter_test/src/test_async_utils.dart:74:41)
#103    AutomatedTestWidgetsFlutterBinding.pump (package:flutter_test/src/binding.dart:1949:27)
#104    WidgetTester.pumpWidget.<anonymous closure> (package:flutter_test/src/widget_tester.dart:598:22)
#107    TestAsyncUtils.guard (package:flutter_test/src/test_async_utils.dart:74:41)
#108    WidgetTester.pumpWidget (package:flutter_test/src/widget_tester.dart:595:27)
#109    main.<anonymous closure>.<anonymous closure> (file:///C:/Users/bhara/StudioProjects/simple_billing_app/test/widget/billing_screen_test.dart:38:20)
#110    testWidgets.<anonymous closure>.<anonymous closure> (package:flutter_test/src/widget_tester.dart:192:29)
<asynchronous suspension>
#111    TestWidgetsFlutterBinding._runTestBody (package:flutter_test/src/binding.dart:1682:5)
<asynchronous suspension>
<asynchronous suspension>
(elided 7 frames from class _AssertionError, dart:async, and package:stack_trace)

The following RenderObject was being processed when the exception was fired: RenderSemanticsAnnotations#a550c relayoutBoundary=up9 NEEDS-LAYOUT NEEDS-PAINT NEEDS-COMPOSITING-BITS-UPDATE:
  creator: Semantics ΓåÉ Listener ΓåÉ _GestureSemantics ΓåÉ
    RawGestureDetector-[LabeledGlobalKey<RawGestureDetectorState>#f2ce2] ΓåÉ Listener ΓåÉ _ScrollableScope
    ΓåÉ _ScrollSemantics-[GlobalKey#41573] ΓåÉ NotificationListener<ScrollMetricsNotification> ΓåÉ Transform
    ΓåÉ StretchEffect ΓåÉ ClipRect ΓåÉ AnimatedBuilder ΓåÉ Γï»
  parentData: <none> (can use size)
  constraints: BoxConstraints(0.0<=w<=1136.0, 0.0<=h<=613.0)
  size: MISSING
This RenderObject had the following descendants (showing up to depth 5):
    child: RenderIgnorePointer#15fa5 relayoutBoundary=up10 NEEDS-PAINT NEEDS-COMPOSITING-BITS-UPDATE
      child: _RenderSingleChildViewport#e43e8 relayoutBoundary=up11 NEEDS-PAINT NEEDS-COMPOSITING-BITS-UPDATE
        child: RenderFlex#8920d relayoutBoundary=up12 NEEDS-PAINT NEEDS-COMPOSITING-BITS-UPDATE
          child 1: RenderFlex#2c729 relayoutBoundary=up13 NEEDS-PAINT NEEDS-COMPOSITING-BITS-UPDATE
            child 1: RenderDecoratedBox#35d20 relayoutBoundary=up14 NEEDS-PAINT NEEDS-COMPOSITING-BITS-UPDATE
            child 2: RenderConstrainedBox#0a34a NEEDS-LAYOUT NEEDS-PAINT
            child 3: RenderDecoratedBox#3930d NEEDS-LAYOUT NEEDS-PAINT NEEDS-COMPOSITING-BITS-UPDATE
            child 4: RenderConstrainedBox#7d6dc NEEDS-LAYOUT NEEDS-PAINT
            child 5: RenderDecoratedBox#e3850 NEEDS-LAYOUT NEEDS-PAINT NEEDS-COMPOSITING-BITS-UPDATE
            child 6: RenderConstrainedBox#b7011 NEEDS-LAYOUT NEEDS-PAINT
            child 7: RenderDecoratedBox#b8041 NEEDS-LAYOUT NEEDS-PAINT NEEDS-COMPOSITING-BITS-UPDATE
          child 2: RenderConstrainedBox#28a1d NEEDS-LAYOUT NEEDS-PAINT
          child 3: RenderConstrainedBox#43428 NEEDS-LAYOUT NEEDS-PAINT NEEDS-COMPOSITING-BITS-UPDATE
            child: RenderDecoratedBox#c51fd NEEDS-LAYOUT NEEDS-PAINT NEEDS-COMPOSITING-BITS-UPDATE
ΓòÉΓòÉΓòÉΓòÉΓòÉΓòÉΓòÉΓòÉΓòÉΓòÉΓòÉΓòÉΓòÉΓòÉΓòÉΓòÉΓòÉΓòÉΓòÉΓòÉΓòÉΓòÉΓòÉΓòÉΓòÉΓòÉΓòÉΓòÉΓòÉΓòÉΓòÉΓòÉΓòÉΓòÉΓòÉΓòÉΓòÉΓòÉΓòÉΓòÉΓòÉΓòÉΓòÉΓòÉΓòÉΓòÉΓòÉΓòÉΓòÉΓòÉΓòÉΓòÉΓòÉΓòÉΓòÉΓòÉΓòÉΓòÉΓòÉΓòÉΓòÉΓòÉΓòÉΓòÉΓòÉΓòÉΓòÉΓòÉΓòÉΓòÉΓòÉΓòÉΓòÉΓòÉΓòÉΓòÉΓòÉΓòÉΓòÉΓòÉΓòÉΓòÉΓòÉΓòÉΓòÉΓòÉΓòÉΓòÉΓòÉΓòÉΓòÉΓòÉΓòÉΓòÉΓòÉΓòÉΓòÉΓòÉΓòÉΓòÉ
ΓòÉΓòÉΓòí EXCEPTION CAUGHT BY RENDERING LIBRARY Γò₧ΓòÉΓòÉΓòÉΓòÉΓòÉΓòÉΓòÉΓòÉΓòÉΓòÉΓòÉΓòÉΓòÉΓòÉΓòÉΓòÉΓòÉΓòÉΓòÉΓòÉΓòÉΓòÉΓòÉΓòÉΓòÉΓòÉΓòÉΓòÉΓòÉΓòÉΓòÉΓòÉΓòÉΓòÉΓòÉΓòÉΓòÉΓòÉΓòÉΓòÉΓòÉΓòÉΓòÉΓòÉΓòÉΓòÉΓòÉΓòÉΓòÉΓòÉΓòÉΓòÉΓòÉΓòÉΓòÉΓòÉΓòÉ
The following assertion was thrown during performLayout():
RenderBox was not laid out: RenderSemanticsAnnotations#a550c relayoutBoundary=up9 NEEDS-PAINT
NEEDS-COMPOSITING-BITS-UPDATE
'package:flutter/src/rendering/box.dart':
Failed assertion: line 2251 pos 12: 'hasSize'

Either the assertion indicates an error in the framework itself, or we should provide substantially
more information in this error message to help you determine and fix the underlying cause.
In either case, please report this assertion by filing a bug on GitHub:
  https://github.com/flutter/flutter/issues/new?template=02_bug.yml

The relevant error-causing widget was:
  SingleChildScrollView
  SingleChildScrollView:file:///C:/Users/bhara/StudioProjects/simple_billing_app/lib/views/screens/billing_screen.dart:240:14

When the exception was thrown, this was the stack:
#2      RenderBox.size (package:flutter/src/rendering/box.dart:2251:12)
#3      RenderProxyBoxMixin.performLayout (package:flutter/src/rendering/proxy_box.dart:118:62)
#4      RenderObject.layout (package:flutter/src/rendering/object.dart:2768:7)
#5      RenderProxyBoxMixin.performLayout (package:flutter/src/rendering/proxy_box.dart:118:18)
#6      RenderObject.layout (package:flutter/src/rendering/object.dart:2768:7)
#7      RenderProxyBoxMixin.performLayout (package:flutter/src/rendering/proxy_box.dart:118:18)
#8      RenderObject.layout (package:flutter/src/rendering/object.dart:2768:7)
#9      RenderProxyBoxMixin.performLayout (package:flutter/src/rendering/proxy_box.dart:118:18)
#10     RenderObject.layout (package:flutter/src/rendering/object.dart:2768:7)
#11     RenderProxyBoxMixin.performLayout (package:flutter/src/rendering/proxy_box.dart:118:18)
#12     RenderObject.layout (package:flutter/src/rendering/object.dart:2768:7)
#13     RenderProxyBoxMixin.performLayout (package:flutter/src/rendering/proxy_box.dart:118:18)
#14     _RenderCustomClip.performLayout (package:flutter/src/rendering/proxy_box.dart:1549:11)
#15     RenderObject.layout (package:flutter/src/rendering/object.dart:2768:7)
#16     RenderPadding.performLayout (package:flutter/src/rendering/shifted_box.dart:262:12)
#17     RenderObject.layout (package:flutter/src/rendering/object.dart:2768:7)
#18     _RenderLayoutBuilder.performLayout (package:flutter/src/widgets/layout_builder.dart:449:14)
#19     RenderObject.layout (package:flutter/src/rendering/object.dart:2768:7)
#20     MultiChildLayoutDelegate.layoutChild (package:flutter/src/rendering/custom_layout.dart:180:12)
#21     _ScaffoldLayout.performLayout (package:flutter/src/material/scaffold.dart:1113:7)
#22     MultiChildLayoutDelegate._callPerformLayout (package:flutter/src/rendering/custom_layout.dart:246:7)
#23     RenderCustomMultiChildLayoutBox.performLayout (package:flutter/src/rendering/custom_layout.dart:417:14)
#24     RenderObject.layout (package:flutter/src/rendering/object.dart:2768:7)
#25     RenderProxyBoxMixin.performLayout (package:flutter/src/rendering/proxy_box.dart:118:18)
#26     RenderObject.layout (package:flutter/src/rendering/object.dart:2768:7)
#27     RenderProxyBoxMixin.performLayout (package:flutter/src/rendering/proxy_box.dart:118:18)
#28     _RenderCustomClip.performLayout (package:flutter/src/rendering/proxy_box.dart:1549:11)
#29     RenderObject.layout (package:flutter/src/rendering/object.dart:2768:7)
#30     RenderProxyBoxMixin.performLayout (package:flutter/src/rendering/proxy_box.dart:118:18)
#31     RenderObject.layout (package:flutter/src/rendering/object.dart:2768:7)
#32     RenderProxyBoxMixin.performLayout (package:flutter/src/rendering/proxy_box.dart:118:18)
#33     RenderObject.layout (package:flutter/src/rendering/object.dart:2768:7)
#34     RenderProxyBoxMixin.performLayout (package:flutter/src/rendering/proxy_box.dart:118:18)
#35     RenderObject.layout (package:flutter/src/rendering/object.dart:2768:7)
#36     RenderProxyBoxMixin.performLayout (package:flutter/src/rendering/proxy_box.dart:118:18)
#37     RenderObject.layout (package:flutter/src/rendering/object.dart:2768:7)
#38     RenderProxyBoxMixin.performLayout (package:flutter/src/rendering/proxy_box.dart:118:18)
#39     RenderObject.layout (package:flutter/src/rendering/object.dart:2768:7)
#40     RenderProxyBoxMixin.performLayout (package:flutter/src/rendering/proxy_box.dart:118:18)
#41     RenderObject.layout (package:flutter/src/rendering/object.dart:2768:7)
#42     RenderProxyBoxMixin.performLayout (package:flutter/src/rendering/proxy_box.dart:118:18)
#43     RenderObject.layout (package:flutter/src/rendering/object.dart:2768:7)
#44     RenderProxyBoxMixin.performLayout (package:flutter/src/rendering/proxy_box.dart:118:18)
#45     RenderObject.layout (package:flutter/src/rendering/object.dart:2768:7)
#46     RenderProxyBoxMixin.performLayout (package:flutter/src/rendering/proxy_box.dart:118:18)
#47     RenderObject.layout (package:flutter/src/rendering/object.dart:2768:7)
#48     RenderProxyBoxMixin.performLayout (package:flutter/src/rendering/proxy_box.dart:118:18)
#49     RenderObject.layout (package:flutter/src/rendering/object.dart:2768:7)
#50     RenderProxyBoxMixin.performLayout (package:flutter/src/rendering/proxy_box.dart:118:18)
#51     RenderObject.layout (package:flutter/src/rendering/object.dart:2768:7)
#52     RenderProxyBoxMixin.performLayout (package:flutter/src/rendering/proxy_box.dart:118:18)
#53     RenderObject.layout (package:flutter/src/rendering/object.dart:2768:7)
#54     RenderProxyBoxMixin.performLayout (package:flutter/src/rendering/proxy_box.dart:118:18)
#55     RenderObject.layout (package:flutter/src/rendering/object.dart:2768:7)
#56     RenderProxyBoxMixin.performLayout (package:flutter/src/rendering/proxy_box.dart:118:18)
#57     RenderObject.layout (package:flutter/src/rendering/object.dart:2768:7)
#58     RenderProxyBoxMixin.performLayout (package:flutter/src/rendering/proxy_box.dart:118:18)
#59     RenderObject.layout (package:flutter/src/rendering/object.dart:2768:7)
#60     RenderProxyBoxMixin.performLayout (package:flutter/src/rendering/proxy_box.dart:118:18)
#61     RenderOffstage.performLayout (package:flutter/src/rendering/proxy_box.dart:3923:13)
#62     RenderObject.layout (package:flutter/src/rendering/object.dart:2768:7)
#63     RenderProxyBoxMixin.performLayout (package:flutter/src/rendering/proxy_box.dart:118:18)
#64     RenderObject.layout (package:flutter/src/rendering/object.dart:2768:7)
#65     _RenderTheaterMixin.layoutChild (package:flutter/src/widgets/overlay.dart:1084:13)
#66     _RenderTheater.performLayout (package:flutter/src/widgets/overlay.dart:1429:9)
#67     RenderObject.layout (package:flutter/src/rendering/object.dart:2768:7)
#68     RenderProxyBoxMixin.performLayout (package:flutter/src/rendering/proxy_box.dart:118:18)
#69     RenderObject.layout (package:flutter/src/rendering/object.dart:2768:7)
#70     RenderProxyBoxMixin.performLayout (package:flutter/src/rendering/proxy_box.dart:118:18)
#71     RenderObject.layout (package:flutter/src/rendering/object.dart:2768:7)
#72     RenderProxyBoxMixin.performLayout (package:flutter/src/rendering/proxy_box.dart:118:18)
#73     RenderObject.layout (package:flutter/src/rendering/object.dart:2768:7)
#74     RenderProxyBoxMixin.performLayout (package:flutter/src/rendering/proxy_box.dart:118:18)
#75     RenderCustomPaint.performLayout (package:flutter/src/rendering/custom_paint.dart:574:11)
#76     RenderObject.layout (package:flutter/src/rendering/object.dart:2768:7)
#77     RenderProxyBoxMixin.performLayout (package:flutter/src/rendering/proxy_box.dart:118:18)
#78     RenderObject.layout (package:flutter/src/rendering/object.dart:2768:7)
#79     RenderProxyBoxMixin.performLayout (package:flutter/src/rendering/proxy_box.dart:118:18)
#80     RenderObject.layout (package:flutter/src/rendering/object.dart:2768:7)
#81     RenderProxyBoxMixin.performLayout (package:flutter/src/rendering/proxy_box.dart:118:18)
#82     RenderObject.layout (package:flutter/src/rendering/object.dart:2768:7)
#83     RenderProxyBoxMixin.performLayout (package:flutter/src/rendering/proxy_box.dart:118:18)
#84     RenderObject.layout (package:flutter/src/rendering/object.dart:2768:7)
#85     RenderProxyBoxMixin.performLayout (package:flutter/src/rendering/proxy_box.dart:118:18)
#86     RenderObject.layout (package:flutter/src/rendering/object.dart:2768:7)
#87     RenderProxyBoxMixin.performLayout (package:flutter/src/rendering/proxy_box.dart:118:18)
#88     RenderObject.layout (package:flutter/src/rendering/object.dart:2768:7)
#89     RenderView.performLayout (package:flutter/src/rendering/view.dart:292:12)
#90     RenderObject._layoutWithoutResize (package:flutter/src/rendering/object.dart:2616:7)
#91     PipelineOwner.flushLayout (package:flutter/src/rendering/object.dart:1174:18)
#92     PipelineOwner.flushLayout (package:flutter/src/rendering/object.dart:1187:15)
#93     AutomatedTestWidgetsFlutterBinding.drawFrame (package:flutter_test/src/binding.dart:2133:27)
#94     RendererBinding._handlePersistentFrameCallback (package:flutter/src/rendering/binding.dart:495:5)
#95     SchedulerBinding._invokeFrameCallback (package:flutter/src/scheduler/binding.dart:1430:15)
#96     SchedulerBinding.handleDrawFrame (package:flutter/src/scheduler/binding.dart:1345:9)
#97     AutomatedTestWidgetsFlutterBinding.pump.<anonymous closure> (package:flutter_test/src/binding.dart:1960:9)
#100    TestAsyncUtils.guard (package:flutter_test/src/test_async_utils.dart:74:41)
#101    AutomatedTestWidgetsFlutterBinding.pump (package:flutter_test/src/binding.dart:1949:27)
#102    WidgetTester.pumpWidget.<anonymous closure> (package:flutter_test/src/widget_tester.dart:598:22)
#105    TestAsyncUtils.guard (package:flutter_test/src/test_async_utils.dart:74:41)
#106    WidgetTester.pumpWidget (package:flutter_test/src/widget_tester.dart:595:27)
#107    main.<anonymous closure>.<anonymous closure> (file:///C:/Users/bhara/StudioProjects/simple_billing_app/test/widget/billing_screen_test.dart:38:20)
#108    testWidgets.<anonymous closure>.<anonymous closure> (package:flutter_test/src/widget_tester.dart:192:29)
<asynchronous suspension>
#109    TestWidgetsFlutterBinding._runTestBody (package:flutter_test/src/binding.dart:1682:5)
<asynchronous suspension>
<asynchronous suspension>
(elided 7 frames from class _AssertionError, dart:async, and package:stack_trace)

The following RenderObject was being processed when the exception was fired: RenderPointerListener#bc087 relayoutBoundary=up8 NEEDS-LAYOUT NEEDS-PAINT NEEDS-COMPOSITING-BITS-UPDATE:
  creator: Listener ΓåÉ _GestureSemantics ΓåÉ
    RawGestureDetector-[LabeledGlobalKey<RawGestureDetectorState>#f2ce2] ΓåÉ Listener ΓåÉ _ScrollableScope
    ΓåÉ _ScrollSemantics-[GlobalKey#41573] ΓåÉ NotificationListener<ScrollMetricsNotification> ΓåÉ Transform
    ΓåÉ StretchEffect ΓåÉ ClipRect ΓåÉ AnimatedBuilder ΓåÉ NotificationListener<ScrollNotification> ΓåÉ Γï»
  parentData: <none> (can use size)
  constraints: BoxConstraints(0.0<=w<=1136.0, 0.0<=h<=613.0)
  size: MISSING
  behavior: opaque
  listeners: down, panZoomStart
This RenderObject had the following descendants (showing up to depth 5):
    child: RenderSemanticsAnnotations#a550c relayoutBoundary=up9 NEEDS-PAINT NEEDS-COMPOSITING-BITS-UPDATE
      child: RenderIgnorePointer#15fa5 relayoutBoundary=up10 NEEDS-PAINT NEEDS-COMPOSITING-BITS-UPDATE
        child: _RenderSingleChildViewport#e43e8 relayoutBoundary=up11 NEEDS-PAINT NEEDS-COMPOSITING-BITS-UPDATE
          child: RenderFlex#8920d relayoutBoundary=up12 NEEDS-PAINT NEEDS-COMPOSITING-BITS-UPDATE
            child 1: RenderFlex#2c729 relayoutBoundary=up13 NEEDS-PAINT NEEDS-COMPOSITING-BITS-UPDATE
            child 2: RenderConstrainedBox#28a1d NEEDS-LAYOUT NEEDS-PAINT
            child 3: RenderConstrainedBox#43428 NEEDS-LAYOUT NEEDS-PAINT NEEDS-COMPOSITING-BITS-UPDATE
ΓòÉΓòÉΓòÉΓòÉΓòÉΓòÉΓòÉΓòÉΓòÉΓòÉΓòÉΓòÉΓòÉΓòÉΓòÉΓòÉΓòÉΓòÉΓòÉΓòÉΓòÉΓòÉΓòÉΓòÉΓòÉΓòÉΓòÉΓòÉΓòÉΓòÉΓòÉΓòÉΓòÉΓòÉΓòÉΓòÉΓòÉΓòÉΓòÉΓòÉΓòÉΓòÉΓòÉΓòÉΓòÉΓòÉΓòÉΓòÉΓòÉΓòÉΓòÉΓòÉΓòÉΓòÉΓòÉΓòÉΓòÉΓòÉΓòÉΓòÉΓòÉΓòÉΓòÉΓòÉΓòÉΓòÉΓòÉΓòÉΓòÉΓòÉΓòÉΓòÉΓòÉΓòÉΓòÉΓòÉΓòÉΓòÉΓòÉΓòÉΓòÉΓòÉΓòÉΓòÉΓòÉΓòÉΓòÉΓòÉΓòÉΓòÉΓòÉΓòÉΓòÉΓòÉΓòÉΓòÉΓòÉΓòÉΓòÉΓòÉ
ΓòÉΓòÉΓòí EXCEPTION CAUGHT BY RENDERING LIBRARY Γò₧ΓòÉΓòÉΓòÉΓòÉΓòÉΓòÉΓòÉΓòÉΓòÉΓòÉΓòÉΓòÉΓòÉΓòÉΓòÉΓòÉΓòÉΓòÉΓòÉΓòÉΓòÉΓòÉΓòÉΓòÉΓòÉΓòÉΓòÉΓòÉΓòÉΓòÉΓòÉΓòÉΓòÉΓòÉΓòÉΓòÉΓòÉΓòÉΓòÉΓòÉΓòÉΓòÉΓòÉΓòÉΓòÉΓòÉΓòÉΓòÉΓòÉΓòÉΓòÉΓòÉΓòÉΓòÉΓòÉΓòÉΓòÉ
The following assertion was thrown during performLayout():
RenderBox was not laid out: RenderPointerListener#bc087 relayoutBoundary=up8 NEEDS-PAINT
NEEDS-COMPOSITING-BITS-UPDATE
'package:flutter/src/rendering/box.dart':
Failed assertion: line 2251 pos 12: 'hasSize'

Either the assertion indicates an error in the framework itself, or we should provide substantially
more information in this error message to help you determine and fix the underlying cause.
In either case, please report this assertion by filing a bug on GitHub:
  https://github.com/flutter/flutter/issues/new?template=02_bug.yml

The relevant error-causing widget was:
  SingleChildScrollView
  SingleChildScrollView:file:///C:/Users/bhara/StudioProjects/simple_billing_app/lib/views/screens/billing_screen.dart:240:14

When the exception was thrown, this was the stack:
#2      RenderBox.size (package:flutter/src/rendering/box.dart:2251:12)
#3      RenderProxyBoxMixin.performLayout (package:flutter/src/rendering/proxy_box.dart:118:62)
#4      RenderObject.layout (package:flutter/src/rendering/object.dart:2768:7)
#5      RenderProxyBoxMixin.performLayout (package:flutter/src/rendering/proxy_box.dart:118:18)
#6      RenderObject.layout (package:flutter/src/rendering/object.dart:2768:7)
#7      RenderProxyBoxMixin.performLayout (package:flutter/src/rendering/proxy_box.dart:118:18)
#8      RenderObject.layout (package:flutter/src/rendering/object.dart:2768:7)
#9      RenderProxyBoxMixin.performLayout (package:flutter/src/rendering/proxy_box.dart:118:18)
#10     RenderObject.layout (package:flutter/src/rendering/object.dart:2768:7)
#11     RenderProxyBoxMixin.performLayout (package:flutter/src/rendering/proxy_box.dart:118:18)
#12     _RenderCustomClip.performLayout (package:flutter/src/rendering/proxy_box.dart:1549:11)
#13     RenderObject.layout (package:flutter/src/rendering/object.dart:2768:7)
#14     RenderPadding.performLayout (package:flutter/src/rendering/shifted_box.dart:262:12)
#15     RenderObject.layout (package:flutter/src/rendering/object.dart:2768:7)
#16     _RenderLayoutBuilder.performLayout (package:flutter/src/widgets/layout_builder.dart:449:14)
#17     RenderObject.layout (package:flutter/src/rendering/object.dart:2768:7)
#18     MultiChildLayoutDelegate.layoutChild (package:flutter/src/rendering/custom_layout.dart:180:12)
#19     _ScaffoldLayout.performLayout (package:flutter/src/material/scaffold.dart:1113:7)
#20     MultiChildLayoutDelegate._callPerformLayout (package:flutter/src/rendering/custom_layout.dart:246:7)
#21     RenderCustomMultiChildLayoutBox.performLayout (package:flutter/src/rendering/custom_layout.dart:417:14)
#22     RenderObject.layout (package:flutter/src/rendering/object.dart:2768:7)
#23     RenderProxyBoxMixin.performLayout (package:flutter/src/rendering/proxy_box.dart:118:18)
#24     RenderObject.layout (package:flutter/src/rendering/object.dart:2768:7)
#25     RenderProxyBoxMixin.performLayout (package:flutter/src/rendering/proxy_box.dart:118:18)
#26     _RenderCustomClip.performLayout (package:flutter/src/rendering/proxy_box.dart:1549:11)
#27     RenderObject.layout (package:flutter/src/rendering/object.dart:2768:7)
#28     RenderProxyBoxMixin.performLayout (package:flutter/src/rendering/proxy_box.dart:118:18)
#29     RenderObject.layout (package:flutter/src/rendering/object.dart:2768:7)
#30     RenderProxyBoxMixin.performLayout (package:flutter/src/rendering/proxy_box.dart:118:18)
#31     RenderObject.layout (package:flutter/src/rendering/object.dart:2768:7)
#32     RenderProxyBoxMixin.performLayout (package:flutter/src/rendering/proxy_box.dart:118:18)
#33     RenderObject.layout (package:flutter/src/rendering/object.dart:2768:7)
#34     RenderProxyBoxMixin.performLayout (package:flutter/src/rendering/proxy_box.dart:118:18)
#35     RenderObject.layout (package:flutter/src/rendering/object.dart:2768:7)
#36     RenderProxyBoxMixin.performLayout (package:flutter/src/rendering/proxy_box.dart:118:18)
#37     RenderObject.layout (package:flutter/src/rendering/object.dart:2768:7)
#38     RenderProxyBoxMixin.performLayout (package:flutter/src/rendering/proxy_box.dart:118:18)
#39     RenderObject.layout (package:flutter/src/rendering/object.dart:2768:7)
#40     RenderProxyBoxMixin.performLayout (package:flutter/src/rendering/proxy_box.dart:118:18)
#41     RenderObject.layout (package:flutter/src/rendering/object.dart:2768:7)
#42     RenderProxyBoxMixin.performLayout (package:flutter/src/rendering/proxy_box.dart:118:18)
#43     RenderObject.layout (package:flutter/src/rendering/object.dart:2768:7)
#44     RenderProxyBoxMixin.performLayout (package:flutter/src/rendering/proxy_box.dart:118:18)
#45     RenderObject.layout (package:flutter/src/rendering/object.dart:2768:7)
#46     RenderProxyBoxMixin.performLayout (package:flutter/src/rendering/proxy_box.dart:118:18)
#47     RenderObject.layout (package:flutter/src/rendering/object.dart:2768:7)
#48     RenderProxyBoxMixin.performLayout (package:flutter/src/rendering/proxy_box.dart:118:18)
#49     RenderObject.layout (package:flutter/src/rendering/object.dart:2768:7)
#50     RenderProxyBoxMixin.performLayout (package:flutter/src/rendering/proxy_box.dart:118:18)
#51     RenderObject.layout (package:flutter/src/rendering/object.dart:2768:7)
#52     RenderProxyBoxMixin.performLayout (package:flutter/src/rendering/proxy_box.dart:118:18)
#53     RenderObject.layout (package:flutter/src/rendering/object.dart:2768:7)
#54     RenderProxyBoxMixin.performLayout (package:flutter/src/rendering/proxy_box.dart:118:18)
#55     RenderObject.layout (package:flutter/src/rendering/object.dart:2768:7)
#56     RenderProxyBoxMixin.performLayout (package:flutter/src/rendering/proxy_box.dart:118:18)
#57     RenderObject.layout (package:flutter/src/rendering/object.dart:2768:7)
#58     RenderProxyBoxMixin.performLayout (package:flutter/src/rendering/proxy_box.dart:118:18)
#59     RenderOffstage.performLayout (package:flutter/src/rendering/proxy_box.dart:3923:13)
#60     RenderObject.layout (package:flutter/src/rendering/object.dart:2768:7)
#61     RenderProxyBoxMixin.performLayout (package:flutter/src/rendering/proxy_box.dart:118:18)
#62     RenderObject.layout (package:flutter/src/rendering/object.dart:2768:7)
#63     _RenderTheaterMixin.layoutChild (package:flutter/src/widgets/overlay.dart:1084:13)
#64     _RenderTheater.performLayout (package:flutter/src/widgets/overlay.dart:1429:9)
#65     RenderObject.layout (package:flutter/src/rendering/object.dart:2768:7)
#66     RenderProxyBoxMixin.performLayout (package:flutter/src/rendering/proxy_box.dart:118:18)
#67     RenderObject.layout (package:flutter/src/rendering/object.dart:2768:7)
#68     RenderProxyBoxMixin.performLayout (package:flutter/src/rendering/proxy_box.dart:118:18)
#69     RenderObject.layout (package:flutter/src/rendering/object.dart:2768:7)
#70     RenderProxyBoxMixin.performLayout (package:flutter/src/rendering/proxy_box.dart:118:18)
#71     RenderObject.layout (package:flutter/src/rendering/object.dart:2768:7)
#72     RenderProxyBoxMixin.performLayout (package:flutter/src/rendering/proxy_box.dart:118:18)
#73     RenderCustomPaint.performLayout (package:flutter/src/rendering/custom_paint.dart:574:11)
#74     RenderObject.layout (package:flutter/src/rendering/object.dart:2768:7)
#75     RenderProxyBoxMixin.performLayout (package:flutter/src/rendering/proxy_box.dart:118:18)
#76     RenderObject.layout (package:flutter/src/rendering/object.dart:2768:7)
#77     RenderProxyBoxMixin.performLayout (package:flutter/src/rendering/proxy_box.dart:118:18)
#78     RenderObject.layout (package:flutter/src/rendering/object.dart:2768:7)
#79     RenderProxyBoxMixin.performLayout (package:flutter/src/rendering/proxy_box.dart:118:18)
#80     RenderObject.layout (package:flutter/src/rendering/object.dart:2768:7)
#81     RenderProxyBoxMixin.performLayout (package:flutter/src/rendering/proxy_box.dart:118:18)
#82     RenderObject.layout (package:flutter/src/rendering/object.dart:2768:7)
#83     RenderProxyBoxMixin.performLayout (package:flutter/src/rendering/proxy_box.dart:118:18)
#84     RenderObject.layout (package:flutter/src/rendering/object.dart:2768:7)
#85     RenderProxyBoxMixin.performLayout (package:flutter/src/rendering/proxy_box.dart:118:18)
#86     RenderObject.layout (package:flutter/src/rendering/object.dart:2768:7)
#87     RenderView.performLayout (package:flutter/src/rendering/view.dart:292:12)
#88     RenderObject._layoutWithoutResize (package:flutter/src/rendering/object.dart:2616:7)
#89     PipelineOwner.flushLayout (package:flutter/src/rendering/object.dart:1174:18)
#90     PipelineOwner.flushLayout (package:flutter/src/rendering/object.dart:1187:15)
#91     AutomatedTestWidgetsFlutterBinding.drawFrame (package:flutter_test/src/binding.dart:2133:27)
#92     RendererBinding._handlePersistentFrameCallback (package:flutter/src/rendering/binding.dart:495:5)
#93     SchedulerBinding._invokeFrameCallback (package:flutter/src/scheduler/binding.dart:1430:15)
#94     SchedulerBinding.handleDrawFrame (package:flutter/src/scheduler/binding.dart:1345:9)
#95     AutomatedTestWidgetsFlutterBinding.pump.<anonymous closure> (package:flutter_test/src/binding.dart:1960:9)
#98     TestAsyncUtils.guard (package:flutter_test/src/test_async_utils.dart:74:41)
#99     AutomatedTestWidgetsFlutterBinding.pump (package:flutter_test/src/binding.dart:1949:27)
#100    WidgetTester.pumpWidget.<anonymous closure> (package:flutter_test/src/widget_tester.dart:598:22)
#103    TestAsyncUtils.guard (package:flutter_test/src/test_async_utils.dart:74:41)
#104    WidgetTester.pumpWidget (package:flutter_test/src/widget_tester.dart:595:27)
#105    main.<anonymous closure>.<anonymous closure> (file:///C:/Users/bhara/StudioProjects/simple_billing_app/test/widget/billing_screen_test.dart:38:20)
#106    testWidgets.<anonymous closure>.<anonymous closure> (package:flutter_test/src/widget_tester.dart:192:29)
<asynchronous suspension>
#107    TestWidgetsFlutterBinding._runTestBody (package:flutter_test/src/binding.dart:1682:5)
<asynchronous suspension>
<asynchronous suspension>
(elided 7 frames from class _AssertionError, dart:async, and package:stack_trace)

The following RenderObject was being processed when the exception was fired: RenderSemanticsGestureHandler#a282b relayoutBoundary=up7 NEEDS-LAYOUT NEEDS-PAINT NEEDS-COMPOSITING-BITS-UPDATE:
  creator: _GestureSemantics ΓåÉ RawGestureDetector-[LabeledGlobalKey<RawGestureDetectorState>#f2ce2] ΓåÉ
    Listener ΓåÉ _ScrollableScope ΓåÉ _ScrollSemantics-[GlobalKey#41573] ΓåÉ
    NotificationListener<ScrollMetricsNotification> ΓåÉ Transform ΓåÉ StretchEffect ΓåÉ ClipRect ΓåÉ
    AnimatedBuilder ΓåÉ NotificationListener<ScrollNotification> ΓåÉ StretchingOverscrollIndicator ΓåÉ Γï»
  parentData: <none> (can use size)
  constraints: BoxConstraints(0.0<=w<=1136.0, 0.0<=h<=613.0)
  size: MISSING
  behavior: opaque
  gestures: <none>
This RenderObject had the following descendants (showing up to depth 5):
    child: RenderPointerListener#bc087 relayoutBoundary=up8 NEEDS-PAINT NEEDS-COMPOSITING-BITS-UPDATE
      child: RenderSemanticsAnnotations#a550c relayoutBoundary=up9 NEEDS-PAINT NEEDS-COMPOSITING-BITS-UPDATE
        child: RenderIgnorePointer#15fa5 relayoutBoundary=up10 NEEDS-PAINT NEEDS-COMPOSITING-BITS-UPDATE
          child: _RenderSingleChildViewport#e43e8 relayoutBoundary=up11 NEEDS-PAINT NEEDS-COMPOSITING-BITS-UPDATE
            child: RenderFlex#8920d relayoutBoundary=up12 NEEDS-PAINT NEEDS-COMPOSITING-BITS-UPDATE
ΓòÉΓòÉΓòÉΓòÉΓòÉΓòÉΓòÉΓòÉΓòÉΓòÉΓòÉΓòÉΓòÉΓòÉΓòÉΓòÉΓòÉΓòÉΓòÉΓòÉΓòÉΓòÉΓòÉΓòÉΓòÉΓòÉΓòÉΓòÉΓòÉΓòÉΓòÉΓòÉΓòÉΓòÉΓòÉΓòÉΓòÉΓòÉΓòÉΓòÉΓòÉΓòÉΓòÉΓòÉΓòÉΓòÉΓòÉΓòÉΓòÉΓòÉΓòÉΓòÉΓòÉΓòÉΓòÉΓòÉΓòÉΓòÉΓòÉΓòÉΓòÉΓòÉΓòÉΓòÉΓòÉΓòÉΓòÉΓòÉΓòÉΓòÉΓòÉΓòÉΓòÉΓòÉΓòÉΓòÉΓòÉΓòÉΓòÉΓòÉΓòÉΓòÉΓòÉΓòÉΓòÉΓòÉΓòÉΓòÉΓòÉΓòÉΓòÉΓòÉΓòÉΓòÉΓòÉΓòÉΓòÉΓòÉΓòÉΓòÉ
ΓòÉΓòÉΓòí EXCEPTION CAUGHT BY RENDERING LIBRARY Γò₧ΓòÉΓòÉΓòÉΓòÉΓòÉΓòÉΓòÉΓòÉΓòÉΓòÉΓòÉΓòÉΓòÉΓòÉΓòÉΓòÉΓòÉΓòÉΓòÉΓòÉΓòÉΓòÉΓòÉΓòÉΓòÉΓòÉΓòÉΓòÉΓòÉΓòÉΓòÉΓòÉΓòÉΓòÉΓòÉΓòÉΓòÉΓòÉΓòÉΓòÉΓòÉΓòÉΓòÉΓòÉΓòÉΓòÉΓòÉΓòÉΓòÉΓòÉΓòÉΓòÉΓòÉΓòÉΓòÉΓòÉΓòÉ
The following assertion was thrown during performLayout():
RenderBox was not laid out: RenderSemanticsGestureHandler#a282b relayoutBoundary=up7 NEEDS-PAINT
NEEDS-COMPOSITING-BITS-UPDATE
'package:flutter/src/rendering/box.dart':
Failed assertion: line 2251 pos 12: 'hasSize'

Either the assertion indicates an error in the framework itself, or we should provide substantially
more information in this error message to help you determine and fix the underlying cause.
In either case, please report this assertion by filing a bug on GitHub:
  https://github.com/flutter/flutter/issues/new?template=02_bug.yml

The relevant error-causing widget was:
  SingleChildScrollView
  SingleChildScrollView:file:///C:/Users/bhara/StudioProjects/simple_billing_app/lib/views/screens/billing_screen.dart:240:14

When the exception was thrown, this was the stack:
#2      RenderBox.size (package:flutter/src/rendering/box.dart:2251:12)
#3      RenderProxyBoxMixin.performLayout (package:flutter/src/rendering/proxy_box.dart:118:62)
#4      RenderObject.layout (package:flutter/src/rendering/object.dart:2768:7)
#5      RenderProxyBoxMixin.performLayout (package:flutter/src/rendering/proxy_box.dart:118:18)
#6      RenderObject.layout (package:flutter/src/rendering/object.dart:2768:7)
#7      RenderProxyBoxMixin.performLayout (package:flutter/src/rendering/proxy_box.dart:118:18)
#8      RenderObject.layout (package:flutter/src/rendering/object.dart:2768:7)
#9      RenderProxyBoxMixin.performLayout (package:flutter/src/rendering/proxy_box.dart:118:18)
#10     _RenderCustomClip.performLayout (package:flutter/src/rendering/proxy_box.dart:1549:11)
#11     RenderObject.layout (package:flutter/src/rendering/object.dart:2768:7)
#12     RenderPadding.performLayout (package:flutter/src/rendering/shifted_box.dart:262:12)
#13     RenderObject.layout (package:flutter/src/rendering/object.dart:2768:7)
#14     _RenderLayoutBuilder.performLayout (package:flutter/src/widgets/layout_builder.dart:449:14)
#15     RenderObject.layout (package:flutter/src/rendering/object.dart:2768:7)
#16     MultiChildLayoutDelegate.layoutChild (package:flutter/src/rendering/custom_layout.dart:180:12)
#17     _ScaffoldLayout.performLayout (package:flutter/src/material/scaffold.dart:1113:7)
#18     MultiChildLayoutDelegate._callPerformLayout (package:flutter/src/rendering/custom_layout.dart:246:7)
#19     RenderCustomMultiChildLayoutBox.performLayout (package:flutter/src/rendering/custom_layout.dart:417:14)
#20     RenderObject.layout (package:flutter/src/rendering/object.dart:2768:7)
#21     RenderProxyBoxMixin.performLayout (package:flutter/src/rendering/proxy_box.dart:118:18)
#22     RenderObject.layout (package:flutter/src/rendering/object.dart:2768:7)
#23     RenderProxyBoxMixin.performLayout (package:flutter/src/rendering/proxy_box.dart:118:18)
#24     _RenderCustomClip.performLayout (package:flutter/src/rendering/proxy_box.dart:1549:11)
#25     RenderObject.layout (package:flutter/src/rendering/object.dart:2768:7)
#26     RenderProxyBoxMixin.performLayout (package:flutter/src/rendering/proxy_box.dart:118:18)
#27     RenderObject.layout (package:flutter/src/rendering/object.dart:2768:7)
#28     RenderProxyBoxMixin.performLayout (package:flutter/src/rendering/proxy_box.dart:118:18)
#29     RenderObject.layout (package:flutter/src/rendering/object.dart:2768:7)
#30     RenderProxyBoxMixin.performLayout (package:flutter/src/rendering/proxy_box.dart:118:18)
#31     RenderObject.layout (package:flutter/src/rendering/object.dart:2768:7)
#32     RenderProxyBoxMixin.performLayout (package:flutter/src/rendering/proxy_box.dart:118:18)
#33     RenderObject.layout (package:flutter/src/rendering/object.dart:2768:7)
#34     RenderProxyBoxMixin.performLayout (package:flutter/src/rendering/proxy_box.dart:118:18)
#35     RenderObject.layout (package:flutter/src/rendering/object.dart:2768:7)
#36     RenderProxyBoxMixin.performLayout (package:flutter/src/rendering/proxy_box.dart:118:18)
#37     RenderObject.layout (package:flutter/src/rendering/object.dart:2768:7)
#38     RenderProxyBoxMixin.performLayout (package:flutter/src/rendering/proxy_box.dart:118:18)
#39     RenderObject.layout (package:flutter/src/rendering/object.dart:2768:7)
#40     RenderProxyBoxMixin.performLayout (package:flutter/src/rendering/proxy_box.dart:118:18)
#41     RenderObject.layout (package:flutter/src/rendering/object.dart:2768:7)
#42     RenderProxyBoxMixin.performLayout (package:flutter/src/rendering/proxy_box.dart:118:18)
#43     RenderObject.layout (package:flutter/src/rendering/object.dart:2768:7)
#44     RenderProxyBoxMixin.performLayout (package:flutter/src/rendering/proxy_box.dart:118:18)
#45     RenderObject.layout (package:flutter/src/rendering/object.dart:2768:7)
#46     RenderProxyBoxMixin.performLayout (package:flutter/src/rendering/proxy_box.dart:118:18)
#47     RenderObject.layout (package:flutter/src/rendering/object.dart:2768:7)
#48     RenderProxyBoxMixin.performLayout (package:flutter/src/rendering/proxy_box.dart:118:18)
#49     RenderObject.layout (package:flutter/src/rendering/object.dart:2768:7)
#50     RenderProxyBoxMixin.performLayout (package:flutter/src/rendering/proxy_box.dart:118:18)
#51     RenderObject.layout (package:flutter/src/rendering/object.dart:2768:7)
#52     RenderProxyBoxMixin.performLayout (package:flutter/src/rendering/proxy_box.dart:118:18)
#53     RenderObject.layout (package:flutter/src/rendering/object.dart:2768:7)
#54     RenderProxyBoxMixin.performLayout (package:flutter/src/rendering/proxy_box.dart:118:18)
#55     RenderObject.layout (package:flutter/src/rendering/object.dart:2768:7)
#56     RenderProxyBoxMixin.performLayout (package:flutter/src/rendering/proxy_box.dart:118:18)
#57     RenderOffstage.performLayout (package:flutter/src/rendering/proxy_box.dart:3923:13)
#58     RenderObject.layout (package:flutter/src/rendering/object.dart:2768:7)
#59     RenderProxyBoxMixin.performLayout (package:flutter/src/rendering/proxy_box.dart:118:18)
#60     RenderObject.layout (package:flutter/src/rendering/object.dart:2768:7)
#61     _RenderTheaterMixin.layoutChild (package:flutter/src/widgets/overlay.dart:1084:13)
#62     _RenderTheater.performLayout (package:flutter/src/widgets/overlay.dart:1429:9)
#63     RenderObject.layout (package:flutter/src/rendering/object.dart:2768:7)
#64     RenderProxyBoxMixin.performLayout (package:flutter/src/rendering/proxy_box.dart:118:18)
#65     RenderObject.layout (package:flutter/src/rendering/object.dart:2768:7)
#66     RenderProxyBoxMixin.performLayout (package:flutter/src/rendering/proxy_box.dart:118:18)
#67     RenderObject.layout (package:flutter/src/rendering/object.dart:2768:7)
#68     RenderProxyBoxMixin.performLayout (package:flutter/src/rendering/proxy_box.dart:118:18)
#69     RenderObject.layout (package:flutter/src/rendering/object.dart:2768:7)
#70     RenderProxyBoxMixin.performLayout (package:flutter/src/rendering/proxy_box.dart:118:18)
#71     RenderCustomPaint.performLayout (package:flutter/src/rendering/custom_paint.dart:574:11)
#72     RenderObject.layout (package:flutter/src/rendering/object.dart:2768:7)
#73     RenderProxyBoxMixin.performLayout (package:flutter/src/rendering/proxy_box.dart:118:18)
#74     RenderObject.layout (package:flutter/src/rendering/object.dart:2768:7)
#75     RenderProxyBoxMixin.performLayout (package:flutter/src/rendering/proxy_box.dart:118:18)
#76     RenderObject.layout (package:flutter/src/rendering/object.dart:2768:7)
#77     RenderProxyBoxMixin.performLayout (package:flutter/src/rendering/proxy_box.dart:118:18)
#78     RenderObject.layout (package:flutter/src/rendering/object.dart:2768:7)
#79     RenderProxyBoxMixin.performLayout (package:flutter/src/rendering/proxy_box.dart:118:18)
#80     RenderObject.layout (package:flutter/src/rendering/object.dart:2768:7)
#81     RenderProxyBoxMixin.performLayout (package:flutter/src/rendering/proxy_box.dart:118:18)
#82     RenderObject.layout (package:flutter/src/rendering/object.dart:2768:7)
#83     RenderProxyBoxMixin.performLayout (package:flutter/src/rendering/proxy_box.dart:118:18)
#84     RenderObject.layout (package:flutter/src/rendering/object.dart:2768:7)
#85     RenderView.performLayout (package:flutter/src/rendering/view.dart:292:12)
#86     RenderObject._layoutWithoutResize (package:flutter/src/rendering/object.dart:2616:7)
#87     PipelineOwner.flushLayout (package:flutter/src/rendering/object.dart:1174:18)
#88     PipelineOwner.flushLayout (package:flutter/src/rendering/object.dart:1187:15)
#89     AutomatedTestWidgetsFlutterBinding.drawFrame (package:flutter_test/src/binding.dart:2133:27)
#90     RendererBinding._handlePersistentFrameCallback (package:flutter/src/rendering/binding.dart:495:5)
#91     SchedulerBinding._invokeFrameCallback (package:flutter/src/scheduler/binding.dart:1430:15)
#92     SchedulerBinding.handleDrawFrame (package:flutter/src/scheduler/binding.dart:1345:9)
#93     AutomatedTestWidgetsFlutterBinding.pump.<anonymous closure> (package:flutter_test/src/binding.dart:1960:9)
#96     TestAsyncUtils.guard (package:flutter_test/src/test_async_utils.dart:74:41)
#97     AutomatedTestWidgetsFlutterBinding.pump (package:flutter_test/src/binding.dart:1949:27)
#98     WidgetTester.pumpWidget.<anonymous closure> (package:flutter_test/src/widget_tester.dart:598:22)
#101    TestAsyncUtils.guard (package:flutter_test/src/test_async_utils.dart:74:41)
#102    WidgetTester.pumpWidget (package:flutter_test/src/widget_tester.dart:595:27)
#103    main.<anonymous closure>.<anonymous closure> (file:///C:/Users/bhara/StudioProjects/simple_billing_app/test/widget/billing_screen_test.dart:38:20)
#104    testWidgets.<anonymous closure>.<anonymous closure> (package:flutter_test/src/widget_tester.dart:192:29)
<asynchronous suspension>
#105    TestWidgetsFlutterBinding._runTestBody (package:flutter_test/src/binding.dart:1682:5)
<asynchronous suspension>
<asynchronous suspension>
(elided 7 frames from class _AssertionError, dart:async, and package:stack_trace)

The following RenderObject was being processed when the exception was fired: RenderPointerListener#e8566 relayoutBoundary=up6 NEEDS-LAYOUT NEEDS-PAINT NEEDS-COMPOSITING-BITS-UPDATE:
  creator: Listener ΓåÉ _ScrollableScope ΓåÉ _ScrollSemantics-[GlobalKey#41573] ΓåÉ
    NotificationListener<ScrollMetricsNotification> ΓåÉ Transform ΓåÉ StretchEffect ΓåÉ ClipRect ΓåÉ
    AnimatedBuilder ΓåÉ NotificationListener<ScrollNotification> ΓåÉ StretchingOverscrollIndicator ΓåÉ
    Scrollable ΓåÉ PrimaryScrollController ΓåÉ Γï»
  parentData: <none> (can use size)
  constraints: BoxConstraints(0.0<=w<=1136.0, 0.0<=h<=613.0)
  size: MISSING
  behavior: deferToChild
  listeners: signal
This RenderObject had the following descendants (showing up to depth 5):
    child: RenderSemanticsGestureHandler#a282b relayoutBoundary=up7 NEEDS-PAINT NEEDS-COMPOSITING-BITS-UPDATE
      child: RenderPointerListener#bc087 relayoutBoundary=up8 NEEDS-PAINT NEEDS-COMPOSITING-BITS-UPDATE
        child: RenderSemanticsAnnotations#a550c relayoutBoundary=up9 NEEDS-PAINT NEEDS-COMPOSITING-BITS-UPDATE
          child: RenderIgnorePointer#15fa5 relayoutBoundary=up10 NEEDS-PAINT NEEDS-COMPOSITING-BITS-UPDATE
            child: _RenderSingleChildViewport#e43e8 relayoutBoundary=up11 NEEDS-PAINT NEEDS-COMPOSITING-BITS-UPDATE
ΓòÉΓòÉΓòÉΓòÉΓòÉΓòÉΓòÉΓòÉΓòÉΓòÉΓòÉΓòÉΓòÉΓòÉΓòÉΓòÉΓòÉΓòÉΓòÉΓòÉΓòÉΓòÉΓòÉΓòÉΓòÉΓòÉΓòÉΓòÉΓòÉΓòÉΓòÉΓòÉΓòÉΓòÉΓòÉΓòÉΓòÉΓòÉΓòÉΓòÉΓòÉΓòÉΓòÉΓòÉΓòÉΓòÉΓòÉΓòÉΓòÉΓòÉΓòÉΓòÉΓòÉΓòÉΓòÉΓòÉΓòÉΓòÉΓòÉΓòÉΓòÉΓòÉΓòÉΓòÉΓòÉΓòÉΓòÉΓòÉΓòÉΓòÉΓòÉΓòÉΓòÉΓòÉΓòÉΓòÉΓòÉΓòÉΓòÉΓòÉΓòÉΓòÉΓòÉΓòÉΓòÉΓòÉΓòÉΓòÉΓòÉΓòÉΓòÉΓòÉΓòÉΓòÉΓòÉΓòÉΓòÉΓòÉΓòÉΓòÉ
ΓòÉΓòÉΓòí EXCEPTION CAUGHT BY RENDERING LIBRARY Γò₧ΓòÉΓòÉΓòÉΓòÉΓòÉΓòÉΓòÉΓòÉΓòÉΓòÉΓòÉΓòÉΓòÉΓòÉΓòÉΓòÉΓòÉΓòÉΓòÉΓòÉΓòÉΓòÉΓòÉΓòÉΓòÉΓòÉΓòÉΓòÉΓòÉΓòÉΓòÉΓòÉΓòÉΓòÉΓòÉΓòÉΓòÉΓòÉΓòÉΓòÉΓòÉΓòÉΓòÉΓòÉΓòÉΓòÉΓòÉΓòÉΓòÉΓòÉΓòÉΓòÉΓòÉΓòÉΓòÉΓòÉΓòÉ
The following assertion was thrown during performLayout():
RenderBox was not laid out: RenderPointerListener#e8566 relayoutBoundary=up6 NEEDS-PAINT
NEEDS-COMPOSITING-BITS-UPDATE
'package:flutter/src/rendering/box.dart':
Failed assertion: line 2251 pos 12: 'hasSize'

Either the assertion indicates an error in the framework itself, or we should provide substantially
more information in this error message to help you determine and fix the underlying cause.
In either case, please report this assertion by filing a bug on GitHub:
  https://github.com/flutter/flutter/issues/new?template=02_bug.yml

The relevant error-causing widget was:
  SingleChildScrollView
  SingleChildScrollView:file:///C:/Users/bhara/StudioProjects/simple_billing_app/lib/views/screens/billing_screen.dart:240:14

When the exception was thrown, this was the stack:
#2      RenderBox.size (package:flutter/src/rendering/box.dart:2251:12)
#3      RenderProxyBoxMixin.performLayout (package:flutter/src/rendering/proxy_box.dart:118:62)
#4      RenderObject.layout (package:flutter/src/rendering/object.dart:2768:7)
#5      RenderProxyBoxMixin.performLayout (package:flutter/src/rendering/proxy_box.dart:118:18)
#6      RenderObject.layout (package:flutter/src/rendering/object.dart:2768:7)
#7      RenderProxyBoxMixin.performLayout (package:flutter/src/rendering/proxy_box.dart:118:18)
#8      _RenderCustomClip.performLayout (package:flutter/src/rendering/proxy_box.dart:1549:11)
#9      RenderObject.layout (package:flutter/src/rendering/object.dart:2768:7)
#10     RenderPadding.performLayout (package:flutter/src/rendering/shifted_box.dart:262:12)
#11     RenderObject.layout (package:flutter/src/rendering/object.dart:2768:7)
#12     _RenderLayoutBuilder.performLayout (package:flutter/src/widgets/layout_builder.dart:449:14)
#13     RenderObject.layout (package:flutter/src/rendering/object.dart:2768:7)
#14     MultiChildLayoutDelegate.layoutChild (package:flutter/src/rendering/custom_layout.dart:180:12)
#15     _ScaffoldLayout.performLayout (package:flutter/src/material/scaffold.dart:1113:7)
#16     MultiChildLayoutDelegate._callPerformLayout (package:flutter/src/rendering/custom_layout.dart:246:7)
#17     RenderCustomMultiChildLayoutBox.performLayout (package:flutter/src/rendering/custom_layout.dart:417:14)
#18     RenderObject.layout (package:flutter/src/rendering/object.dart:2768:7)
#19     RenderProxyBoxMixin.performLayout (package:flutter/src/rendering/proxy_box.dart:118:18)
#20     RenderObject.layout (package:flutter/src/rendering/object.dart:2768:7)
#21     RenderProxyBoxMixin.performLayout (package:flutter/src/rendering/proxy_box.dart:118:18)
#22     _RenderCustomClip.performLayout (package:flutter/src/rendering/proxy_box.dart:1549:11)
#23     RenderObject.layout (package:flutter/src/rendering/object.dart:2768:7)
#24     RenderProxyBoxMixin.performLayout (package:flutter/src/rendering/proxy_box.dart:118:18)
#25     RenderObject.layout (package:flutter/src/rendering/object.dart:2768:7)
#26     RenderProxyBoxMixin.performLayout (package:flutter/src/rendering/proxy_box.dart:118:18)
#27     RenderObject.layout (package:flutter/src/rendering/object.dart:2768:7)
#28     RenderProxyBoxMixin.performLayout (package:flutter/src/rendering/proxy_box.dart:118:18)
#29     RenderObject.layout (package:flutter/src/rendering/object.dart:2768:7)
#30     RenderProxyBoxMixin.performLayout (package:flutter/src/rendering/proxy_box.dart:118:18)
#31     RenderObject.layout (package:flutter/src/rendering/object.dart:2768:7)
#32     RenderProxyBoxMixin.performLayout (package:flutter/src/rendering/proxy_box.dart:118:18)
#33     RenderObject.layout (package:flutter/src/rendering/object.dart:2768:7)
#34     RenderProxyBoxMixin.performLayout (package:flutter/src/rendering/proxy_box.dart:118:18)
#35     RenderObject.layout (package:flutter/src/rendering/object.dart:2768:7)
#36     RenderProxyBoxMixin.performLayout (package:flutter/src/rendering/proxy_box.dart:118:18)
#37     RenderObject.layout (package:flutter/src/rendering/object.dart:2768:7)
#38     RenderProxyBoxMixin.performLayout (package:flutter/src/rendering/proxy_box.dart:118:18)
#39     RenderObject.layout (package:flutter/src/rendering/object.dart:2768:7)
#40     RenderProxyBoxMixin.performLayout (package:flutter/src/rendering/proxy_box.dart:118:18)
#41     RenderObject.layout (package:flutter/src/rendering/object.dart:2768:7)
#42     RenderProxyBoxMixin.performLayout (package:flutter/src/rendering/proxy_box.dart:118:18)
#43     RenderObject.layout (package:flutter/src/rendering/object.dart:2768:7)
#44     RenderProxyBoxMixin.performLayout (package:flutter/src/rendering/proxy_box.dart:118:18)
#45     RenderObject.layout (package:flutter/src/rendering/object.dart:2768:7)
#46     RenderProxyBoxMixin.performLayout (package:flutter/src/rendering/proxy_box.dart:118:18)
#47     RenderObject.layout (package:flutter/src/rendering/object.dart:2768:7)
#48     RenderProxyBoxMixin.performLayout (package:flutter/src/rendering/proxy_box.dart:118:18)
#49     RenderObject.layout (package:flutter/src/rendering/object.dart:2768:7)
#50     RenderProxyBoxMixin.performLayout (package:flutter/src/rendering/proxy_box.dart:118:18)
#51     RenderObject.layout (package:flutter/src/rendering/object.dart:2768:7)
#52     RenderProxyBoxMixin.performLayout (package:flutter/src/rendering/proxy_box.dart:118:18)
#53     RenderObject.layout (package:flutter/src/rendering/object.dart:2768:7)
#54     RenderProxyBoxMixin.performLayout (package:flutter/src/rendering/proxy_box.dart:118:18)
#55     RenderOffstage.performLayout (package:flutter/src/rendering/proxy_box.dart:3923:13)
#56     RenderObject.layout (package:flutter/src/rendering/object.dart:2768:7)
#57     RenderProxyBoxMixin.performLayout (package:flutter/src/rendering/proxy_box.dart:118:18)
#58     RenderObject.layout (package:flutter/src/rendering/object.dart:2768:7)
#59     _RenderTheaterMixin.layoutChild (package:flutter/src/widgets/overlay.dart:1084:13)
#60     _RenderTheater.performLayout (package:flutter/src/widgets/overlay.dart:1429:9)
#61     RenderObject.layout (package:flutter/src/rendering/object.dart:2768:7)
#62     RenderProxyBoxMixin.performLayout (package:flutter/src/rendering/proxy_box.dart:118:18)
#63     RenderObject.layout (package:flutter/src/rendering/object.dart:2768:7)
#64     RenderProxyBoxMixin.performLayout (package:flutter/src/rendering/proxy_box.dart:118:18)
#65     RenderObject.layout (package:flutter/src/rendering/object.dart:2768:7)
#66     RenderProxyBoxMixin.performLayout (package:flutter/src/rendering/proxy_box.dart:118:18)
#67     RenderObject.layout (package:flutter/src/rendering/object.dart:2768:7)
#68     RenderProxyBoxMixin.performLayout (package:flutter/src/rendering/proxy_box.dart:118:18)
#69     RenderCustomPaint.performLayout (package:flutter/src/rendering/custom_paint.dart:574:11)
#70     RenderObject.layout (package:flutter/src/rendering/object.dart:2768:7)
#71     RenderProxyBoxMixin.performLayout (package:flutter/src/rendering/proxy_box.dart:118:18)
#72     RenderObject.layout (package:flutter/src/rendering/object.dart:2768:7)
#73     RenderProxyBoxMixin.performLayout (package:flutter/src/rendering/proxy_box.dart:118:18)
#74     RenderObject.layout (package:flutter/src/rendering/object.dart:2768:7)
#75     RenderProxyBoxMixin.performLayout (package:flutter/src/rendering/proxy_box.dart:118:18)
#76     RenderObject.layout (package:flutter/src/rendering/object.dart:2768:7)
#77     RenderProxyBoxMixin.performLayout (package:flutter/src/rendering/proxy_box.dart:118:18)
#78     RenderObject.layout (package:flutter/src/rendering/object.dart:2768:7)
#79     RenderProxyBoxMixin.performLayout (package:flutter/src/rendering/proxy_box.dart:118:18)
#80     RenderObject.layout (package:flutter/src/rendering/object.dart:2768:7)
#81     RenderProxyBoxMixin.performLayout (package:flutter/src/rendering/proxy_box.dart:118:18)
#82     RenderObject.layout (package:flutter/src/rendering/object.dart:2768:7)
#83     RenderView.performLayout (package:flutter/src/rendering/view.dart:292:12)
#84     RenderObject._layoutWithoutResize (package:flutter/src/rendering/object.dart:2616:7)
#85     PipelineOwner.flushLayout (package:flutter/src/rendering/object.dart:1174:18)
#86     PipelineOwner.flushLayout (package:flutter/src/rendering/object.dart:1187:15)
#87     AutomatedTestWidgetsFlutterBinding.drawFrame (package:flutter_test/src/binding.dart:2133:27)
#88     RendererBinding._handlePersistentFrameCallback (package:flutter/src/rendering/binding.dart:495:5)
#89     SchedulerBinding._invokeFrameCallback (package:flutter/src/scheduler/binding.dart:1430:15)
#90     SchedulerBinding.handleDrawFrame (package:flutter/src/scheduler/binding.dart:1345:9)
#91     AutomatedTestWidgetsFlutterBinding.pump.<anonymous closure> (package:flutter_test/src/binding.dart:1960:9)
#94     TestAsyncUtils.guard (package:flutter_test/src/test_async_utils.dart:74:41)
#95     AutomatedTestWidgetsFlutterBinding.pump (package:flutter_test/src/binding.dart:1949:27)
#96     WidgetTester.pumpWidget.<anonymous closure> (package:flutter_test/src/widget_tester.dart:598:22)
#99     TestAsyncUtils.guard (package:flutter_test/src/test_async_utils.dart:74:41)
#100    WidgetTester.pumpWidget (package:flutter_test/src/widget_tester.dart:595:27)
#101    main.<anonymous closure>.<anonymous closure> (file:///C:/Users/bhara/StudioProjects/simple_billing_app/test/widget/billing_screen_test.dart:38:20)
#102    testWidgets.<anonymous closure>.<anonymous closure> (package:flutter_test/src/widget_tester.dart:192:29)
<asynchronous suspension>
#103    TestWidgetsFlutterBinding._runTestBody (package:flutter_test/src/binding.dart:1682:5)
<asynchronous suspension>
<asynchronous suspension>
(elided 7 frames from class _AssertionError, dart:async, and package:stack_trace)

The following RenderObject was being processed when the exception was fired: _RenderScrollSemantics#d7344 relayoutBoundary=up5 NEEDS-LAYOUT NEEDS-PAINT NEEDS-COMPOSITING-BITS-UPDATE:
  creator: _ScrollSemantics-[GlobalKey#41573] ΓåÉ NotificationListener<ScrollMetricsNotification> ΓåÉ
    Transform ΓåÉ StretchEffect ΓåÉ ClipRect ΓåÉ AnimatedBuilder ΓåÉ NotificationListener<ScrollNotification>
    ΓåÉ StretchingOverscrollIndicator ΓåÉ Scrollable ΓåÉ PrimaryScrollController ΓåÉ SingleChildScrollView ΓåÉ
    Padding ΓåÉ Γï»
  parentData: <none> (can use size)
  constraints: BoxConstraints(0.0<=w<=1136.0, 0.0<=h<=613.0)
  semantic boundary
  size: MISSING
This RenderObject had the following descendants (showing up to depth 5):
    child: RenderPointerListener#e8566 relayoutBoundary=up6 NEEDS-PAINT NEEDS-COMPOSITING-BITS-UPDATE
      child: RenderSemanticsGestureHandler#a282b relayoutBoundary=up7 NEEDS-PAINT NEEDS-COMPOSITING-BITS-UPDATE
        child: RenderPointerListener#bc087 relayoutBoundary=up8 NEEDS-PAINT NEEDS-COMPOSITING-BITS-UPDATE
          child: RenderSemanticsAnnotations#a550c relayoutBoundary=up9 NEEDS-PAINT NEEDS-COMPOSITING-BITS-UPDATE
            child: RenderIgnorePointer#15fa5 relayoutBoundary=up10 NEEDS-PAINT NEEDS-COMPOSITING-BITS-UPDATE
ΓòÉΓòÉΓòÉΓòÉΓòÉΓòÉΓòÉΓòÉΓòÉΓòÉΓòÉΓòÉΓòÉΓòÉΓòÉΓòÉΓòÉΓòÉΓòÉΓòÉΓòÉΓòÉΓòÉΓòÉΓòÉΓòÉΓòÉΓòÉΓòÉΓòÉΓòÉΓòÉΓòÉΓòÉΓòÉΓòÉΓòÉΓòÉΓòÉΓòÉΓòÉΓòÉΓòÉΓòÉΓòÉΓòÉΓòÉΓòÉΓòÉΓòÉΓòÉΓòÉΓòÉΓòÉΓòÉΓòÉΓòÉΓòÉΓòÉΓòÉΓòÉΓòÉΓòÉΓòÉΓòÉΓòÉΓòÉΓòÉΓòÉΓòÉΓòÉΓòÉΓòÉΓòÉΓòÉΓòÉΓòÉΓòÉΓòÉΓòÉΓòÉΓòÉΓòÉΓòÉΓòÉΓòÉΓòÉΓòÉΓòÉΓòÉΓòÉΓòÉΓòÉΓòÉΓòÉΓòÉΓòÉΓòÉΓòÉΓòÉ
ΓòÉΓòÉΓòí EXCEPTION CAUGHT BY RENDERING LIBRARY Γò₧ΓòÉΓòÉΓòÉΓòÉΓòÉΓòÉΓòÉΓòÉΓòÉΓòÉΓòÉΓòÉΓòÉΓòÉΓòÉΓòÉΓòÉΓòÉΓòÉΓòÉΓòÉΓòÉΓòÉΓòÉΓòÉΓòÉΓòÉΓòÉΓòÉΓòÉΓòÉΓòÉΓòÉΓòÉΓòÉΓòÉΓòÉΓòÉΓòÉΓòÉΓòÉΓòÉΓòÉΓòÉΓòÉΓòÉΓòÉΓòÉΓòÉΓòÉΓòÉΓòÉΓòÉΓòÉΓòÉΓòÉΓòÉ
The following assertion was thrown during performLayout():
RenderBox was not laid out: _RenderScrollSemantics#d7344 relayoutBoundary=up5 NEEDS-PAINT
NEEDS-COMPOSITING-BITS-UPDATE
'package:flutter/src/rendering/box.dart':
Failed assertion: line 2251 pos 12: 'hasSize'

Either the assertion indicates an error in the framework itself, or we should provide substantially
more information in this error message to help you determine and fix the underlying cause.
In either case, please report this assertion by filing a bug on GitHub:
  https://github.com/flutter/flutter/issues/new?template=02_bug.yml

The relevant error-causing widget was:
  SingleChildScrollView
  SingleChildScrollView:file:///C:/Users/bhara/StudioProjects/simple_billing_app/lib/views/screens/billing_screen.dart:240:14

When the exception was thrown, this was the stack:
#2      RenderBox.size (package:flutter/src/rendering/box.dart:2251:12)
#3      RenderProxyBoxMixin.performLayout (package:flutter/src/rendering/proxy_box.dart:118:62)
#4      RenderObject.layout (package:flutter/src/rendering/object.dart:2768:7)
#5      RenderProxyBoxMixin.performLayout (package:flutter/src/rendering/proxy_box.dart:118:18)
#6      _RenderCustomClip.performLayout (package:flutter/src/rendering/proxy_box.dart:1549:11)
#7      RenderObject.layout (package:flutter/src/rendering/object.dart:2768:7)
#8      RenderPadding.performLayout (package:flutter/src/rendering/shifted_box.dart:262:12)
#9      RenderObject.layout (package:flutter/src/rendering/object.dart:2768:7)
#10     _RenderLayoutBuilder.performLayout (package:flutter/src/widgets/layout_builder.dart:449:14)
#11     RenderObject.layout (package:flutter/src/rendering/object.dart:2768:7)
#12     MultiChildLayoutDelegate.layoutChild (package:flutter/src/rendering/custom_layout.dart:180:12)
#13     _ScaffoldLayout.performLayout (package:flutter/src/material/scaffold.dart:1113:7)
#14     MultiChildLayoutDelegate._callPerformLayout (package:flutter/src/rendering/custom_layout.dart:246:7)
#15     RenderCustomMultiChildLayoutBox.performLayout (package:flutter/src/rendering/custom_layout.dart:417:14)
#16     RenderObject.layout (package:flutter/src/rendering/object.dart:2768:7)
#17     RenderProxyBoxMixin.performLayout (package:flutter/src/rendering/proxy_box.dart:118:18)
#18     RenderObject.layout (package:flutter/src/rendering/object.dart:2768:7)
#19     RenderProxyBoxMixin.performLayout (package:flutter/src/rendering/proxy_box.dart:118:18)
#20     _RenderCustomClip.performLayout (package:flutter/src/rendering/proxy_box.dart:1549:11)
#21     RenderObject.layout (package:flutter/src/rendering/object.dart:2768:7)
#22     RenderProxyBoxMixin.performLayout (package:flutter/src/rendering/proxy_box.dart:118:18)
#23     RenderObject.layout (package:flutter/src/rendering/object.dart:2768:7)
#24     RenderProxyBoxMixin.performLayout (package:flutter/src/rendering/proxy_box.dart:118:18)
#25     RenderObject.layout (package:flutter/src/rendering/object.dart:2768:7)
#26     RenderProxyBoxMixin.performLayout (package:flutter/src/rendering/proxy_box.dart:118:18)
#27     RenderObject.layout (package:flutter/src/rendering/object.dart:2768:7)
#28     RenderProxyBoxMixin.performLayout (package:flutter/src/rendering/proxy_box.dart:118:18)
#29     RenderObject.layout (package:flutter/src/rendering/object.dart:2768:7)
#30     RenderProxyBoxMixin.performLayout (package:flutter/src/rendering/proxy_box.dart:118:18)
#31     RenderObject.layout (package:flutter/src/rendering/object.dart:2768:7)
#32     RenderProxyBoxMixin.performLayout (package:flutter/src/rendering/proxy_box.dart:118:18)
#33     RenderObject.layout (package:flutter/src/rendering/object.dart:2768:7)
#34     RenderProxyBoxMixin.performLayout (package:flutter/src/rendering/proxy_box.dart:118:18)
#35     RenderObject.layout (package:flutter/src/rendering/object.dart:2768:7)
#36     RenderProxyBoxMixin.performLayout (package:flutter/src/rendering/proxy_box.dart:118:18)
#37     RenderObject.layout (package:flutter/src/rendering/object.dart:2768:7)
#38     RenderProxyBoxMixin.performLayout (package:flutter/src/rendering/proxy_box.dart:118:18)
#39     RenderObject.layout (package:flutter/src/rendering/object.dart:2768:7)
#40     RenderProxyBoxMixin.performLayout (package:flutter/src/rendering/proxy_box.dart:118:18)
#41     RenderObject.layout (package:flutter/src/rendering/object.dart:2768:7)
#42     RenderProxyBoxMixin.performLayout (package:flutter/src/rendering/proxy_box.dart:118:18)
#43     RenderObject.layout (package:flutter/src/rendering/object.dart:2768:7)
#44     RenderProxyBoxMixin.performLayout (package:flutter/src/rendering/proxy_box.dart:118:18)
#45     RenderObject.layout (package:flutter/src/rendering/object.dart:2768:7)
#46     RenderProxyBoxMixin.performLayout (package:flutter/src/rendering/proxy_box.dart:118:18)
#47     RenderObject.layout (package:flutter/src/rendering/object.dart:2768:7)
#48     RenderProxyBoxMixin.performLayout (package:flutter/src/rendering/proxy_box.dart:118:18)
#49     RenderObject.layout (package:flutter/src/rendering/object.dart:2768:7)
#50     RenderProxyBoxMixin.performLayout (package:flutter/src/rendering/proxy_box.dart:118:18)
#51     RenderObject.layout (package:flutter/src/rendering/object.dart:2768:7)
#52     RenderProxyBoxMixin.performLayout (package:flutter/src/rendering/proxy_box.dart:118:18)
#53     RenderOffstage.performLayout (package:flutter/src/rendering/proxy_box.dart:3923:13)
#54     RenderObject.layout (package:flutter/src/rendering/object.dart:2768:7)
#55     RenderProxyBoxMixin.performLayout (package:flutter/src/rendering/proxy_box.dart:118:18)
#56     RenderObject.layout (package:flutter/src/rendering/object.dart:2768:7)
#57     _RenderTheaterMixin.layoutChild (package:flutter/src/widgets/overlay.dart:1084:13)
#58     _RenderTheater.performLayout (package:flutter/src/widgets/overlay.dart:1429:9)
#59     RenderObject.layout (package:flutter/src/rendering/object.dart:2768:7)
#60     RenderProxyBoxMixin.performLayout (package:flutter/src/rendering/proxy_box.dart:118:18)
#61     RenderObject.layout (package:flutter/src/rendering/object.dart:2768:7)
#62     RenderProxyBoxMixin.performLayout (package:flutter/src/rendering/proxy_box.dart:118:18)
#63     RenderObject.layout (package:flutter/src/rendering/object.dart:2768:7)
#64     RenderProxyBoxMixin.performLayout (package:flutter/src/rendering/proxy_box.dart:118:18)
#65     RenderObject.layout (package:flutter/src/rendering/object.dart:2768:7)
#66     RenderProxyBoxMixin.performLayout (package:flutter/src/rendering/proxy_box.dart:118:18)
#67     RenderCustomPaint.performLayout (package:flutter/src/rendering/custom_paint.dart:574:11)
#68     RenderObject.layout (package:flutter/src/rendering/object.dart:2768:7)
#69     RenderProxyBoxMixin.performLayout (package:flutter/src/rendering/proxy_box.dart:118:18)
#70     RenderObject.layout (package:flutter/src/rendering/object.dart:2768:7)
#71     RenderProxyBoxMixin.performLayout (package:flutter/src/rendering/proxy_box.dart:118:18)
#72     RenderObject.layout (package:flutter/src/rendering/object.dart:2768:7)
#73     RenderProxyBoxMixin.performLayout (package:flutter/src/rendering/proxy_box.dart:118:18)
#74     RenderObject.layout (package:flutter/src/rendering/object.dart:2768:7)
#75     RenderProxyBoxMixin.performLayout (package:flutter/src/rendering/proxy_box.dart:118:18)
#76     RenderObject.layout (package:flutter/src/rendering/object.dart:2768:7)
#77     RenderProxyBoxMixin.performLayout (package:flutter/src/rendering/proxy_box.dart:118:18)
#78     RenderObject.layout (package:flutter/src/rendering/object.dart:2768:7)
#79     RenderProxyBoxMixin.performLayout (package:flutter/src/rendering/proxy_box.dart:118:18)
#80     RenderObject.layout (package:flutter/src/rendering/object.dart:2768:7)
#81     RenderView.performLayout (package:flutter/src/rendering/view.dart:292:12)
#82     RenderObject._layoutWithoutResize (package:flutter/src/rendering/object.dart:2616:7)
#83     PipelineOwner.flushLayout (package:flutter/src/rendering/object.dart:1174:18)
#84     PipelineOwner.flushLayout (package:flutter/src/rendering/object.dart:1187:15)
#85     AutomatedTestWidgetsFlutterBinding.drawFrame (package:flutter_test/src/binding.dart:2133:27)
#86     RendererBinding._handlePersistentFrameCallback (package:flutter/src/rendering/binding.dart:495:5)
#87     SchedulerBinding._invokeFrameCallback (package:flutter/src/scheduler/binding.dart:1430:15)
#88     SchedulerBinding.handleDrawFrame (package:flutter/src/scheduler/binding.dart:1345:9)
#89     AutomatedTestWidgetsFlutterBinding.pump.<anonymous closure> (package:flutter_test/src/binding.dart:1960:9)
#92     TestAsyncUtils.guard (package:flutter_test/src/test_async_utils.dart:74:41)
#93     AutomatedTestWidgetsFlutterBinding.pump (package:flutter_test/src/binding.dart:1949:27)
#94     WidgetTester.pumpWidget.<anonymous closure> (package:flutter_test/src/widget_tester.dart:598:22)
#97     TestAsyncUtils.guard (package:flutter_test/src/test_async_utils.dart:74:41)
#98     WidgetTester.pumpWidget (package:flutter_test/src/widget_tester.dart:595:27)
#99     main.<anonymous closure>.<anonymous closure> (file:///C:/Users/bhara/StudioProjects/simple_billing_app/test/widget/billing_screen_test.dart:38:20)
#100    testWidgets.<anonymous closure>.<anonymous closure> (package:flutter_test/src/widget_tester.dart:192:29)
<asynchronous suspension>
#101    TestWidgetsFlutterBinding._runTestBody (package:flutter_test/src/binding.dart:1682:5)
<asynchronous suspension>
<asynchronous suspension>
(elided 7 frames from class _AssertionError, dart:async, and package:stack_trace)

The following RenderObject was being processed when the exception was fired: RenderTransform#b176b relayoutBoundary=up4 NEEDS-LAYOUT NEEDS-PAINT NEEDS-COMPOSITING-BITS-UPDATE:
  creator: Transform ΓåÉ StretchEffect ΓåÉ ClipRect ΓåÉ AnimatedBuilder ΓåÉ
    NotificationListener<ScrollNotification> ΓåÉ StretchingOverscrollIndicator ΓåÉ Scrollable ΓåÉ
    PrimaryScrollController ΓåÉ SingleChildScrollView ΓåÉ Padding ΓåÉ LayoutBuilder ΓåÉ
    KeyedSubtree-[GlobalKey#18b13] ΓåÉ Γï»
  parentData: <none> (can use size)
  constraints: BoxConstraints(0.0<=w<=1136.0, 0.0<=h<=613.0)
  size: MISSING
  transform matrix:
    [0] 1.0,0.0,0.0,0.0
    [1] 0.0,1.0,0.0,0.0
    [2] 0.0,0.0,1.0,0.0
    [3] 0.0,0.0,0.0,1.0
  origin: null
  alignment: AlignmentDirectional.bottomCenter
  textDirection: ltr
  transformHitTests: true
This RenderObject had the following descendants (showing up to depth 5):
    child: _RenderScrollSemantics#d7344 relayoutBoundary=up5 NEEDS-PAINT NEEDS-COMPOSITING-BITS-UPDATE
      child: RenderPointerListener#e8566 relayoutBoundary=up6 NEEDS-PAINT NEEDS-COMPOSITING-BITS-UPDATE
        child: RenderSemanticsGestureHandler#a282b relayoutBoundary=up7 NEEDS-PAINT NEEDS-COMPOSITING-BITS-UPDATE
          child: RenderPointerListener#bc087 relayoutBoundary=up8 NEEDS-PAINT NEEDS-COMPOSITING-BITS-UPDATE
            child: RenderSemanticsAnnotations#a550c relayoutBoundary=up9 NEEDS-PAINT NEEDS-COMPOSITING-BITS-UPDATE
ΓòÉΓòÉΓòÉΓòÉΓòÉΓòÉΓòÉΓòÉΓòÉΓòÉΓòÉΓòÉΓòÉΓòÉΓòÉΓòÉΓòÉΓòÉΓòÉΓòÉΓòÉΓòÉΓòÉΓòÉΓòÉΓòÉΓòÉΓòÉΓòÉΓòÉΓòÉΓòÉΓòÉΓòÉΓòÉΓòÉΓòÉΓòÉΓòÉΓòÉΓòÉΓòÉΓòÉΓòÉΓòÉΓòÉΓòÉΓòÉΓòÉΓòÉΓòÉΓòÉΓòÉΓòÉΓòÉΓòÉΓòÉΓòÉΓòÉΓòÉΓòÉΓòÉΓòÉΓòÉΓòÉΓòÉΓòÉΓòÉΓòÉΓòÉΓòÉΓòÉΓòÉΓòÉΓòÉΓòÉΓòÉΓòÉΓòÉΓòÉΓòÉΓòÉΓòÉΓòÉΓòÉΓòÉΓòÉΓòÉΓòÉΓòÉΓòÉΓòÉΓòÉΓòÉΓòÉΓòÉΓòÉΓòÉΓòÉΓòÉ
ΓòÉΓòÉΓòí EXCEPTION CAUGHT BY RENDERING LIBRARY Γò₧ΓòÉΓòÉΓòÉΓòÉΓòÉΓòÉΓòÉΓòÉΓòÉΓòÉΓòÉΓòÉΓòÉΓòÉΓòÉΓòÉΓòÉΓòÉΓòÉΓòÉΓòÉΓòÉΓòÉΓòÉΓòÉΓòÉΓòÉΓòÉΓòÉΓòÉΓòÉΓòÉΓòÉΓòÉΓòÉΓòÉΓòÉΓòÉΓòÉΓòÉΓòÉΓòÉΓòÉΓòÉΓòÉΓòÉΓòÉΓòÉΓòÉΓòÉΓòÉΓòÉΓòÉΓòÉΓòÉΓòÉΓòÉ
The following assertion was thrown during performLayout():
RenderBox was not laid out: RenderTransform#b176b relayoutBoundary=up4 NEEDS-PAINT
NEEDS-COMPOSITING-BITS-UPDATE
'package:flutter/src/rendering/box.dart':
Failed assertion: line 2251 pos 12: 'hasSize'

Either the assertion indicates an error in the framework itself, or we should provide substantially
more information in this error message to help you determine and fix the underlying cause.
In either case, please report this assertion by filing a bug on GitHub:
  https://github.com/flutter/flutter/issues/new?template=02_bug.yml

The relevant error-causing widget was:
  SingleChildScrollView
  SingleChildScrollView:file:///C:/Users/bhara/StudioProjects/simple_billing_app/lib/views/screens/billing_screen.dart:240:14

When the exception was thrown, this was the stack:
#2      RenderBox.size (package:flutter/src/rendering/box.dart:2251:12)
#3      RenderProxyBoxMixin.performLayout (package:flutter/src/rendering/proxy_box.dart:118:62)
#4      _RenderCustomClip.performLayout (package:flutter/src/rendering/proxy_box.dart:1549:11)
#5      RenderObject.layout (package:flutter/src/rendering/object.dart:2768:7)
#6      RenderPadding.performLayout (package:flutter/src/rendering/shifted_box.dart:262:12)
#7      RenderObject.layout (package:flutter/src/rendering/object.dart:2768:7)
#8      _RenderLayoutBuilder.performLayout (package:flutter/src/widgets/layout_builder.dart:449:14)
#9      RenderObject.layout (package:flutter/src/rendering/object.dart:2768:7)
#10     MultiChildLayoutDelegate.layoutChild (package:flutter/src/rendering/custom_layout.dart:180:12)
#11     _ScaffoldLayout.performLayout (package:flutter/src/material/scaffold.dart:1113:7)
#12     MultiChildLayoutDelegate._callPerformLayout (package:flutter/src/rendering/custom_layout.dart:246:7)
#13     RenderCustomMultiChildLayoutBox.performLayout (package:flutter/src/rendering/custom_layout.dart:417:14)
#14     RenderObject.layout (package:flutter/src/rendering/object.dart:2768:7)
#15     RenderProxyBoxMixin.performLayout (package:flutter/src/rendering/proxy_box.dart:118:18)
#16     RenderObject.layout (package:flutter/src/rendering/object.dart:2768:7)
#17     RenderProxyBoxMixin.performLayout (package:flutter/src/rendering/proxy_box.dart:118:18)
#18     _RenderCustomClip.performLayout (package:flutter/src/rendering/proxy_box.dart:1549:11)
#19     RenderObject.layout (package:flutter/src/rendering/object.dart:2768:7)
#20     RenderProxyBoxMixin.performLayout (package:flutter/src/rendering/proxy_box.dart:118:18)
#21     RenderObject.layout (package:flutter/src/rendering/object.dart:2768:7)
#22     RenderProxyBoxMixin.performLayout (package:flutter/src/rendering/proxy_box.dart:118:18)
#23     RenderObject.layout (package:flutter/src/rendering/object.dart:2768:7)
#24     RenderProxyBoxMixin.performLayout (package:flutter/src/rendering/proxy_box.dart:118:18)
#25     RenderObject.layout (package:flutter/src/rendering/object.dart:2768:7)
#26     RenderProxyBoxMixin.performLayout (package:flutter/src/rendering/proxy_box.dart:118:18)
#27     RenderObject.layout (package:flutter/src/rendering/object.dart:2768:7)
#28     RenderProxyBoxMixin.performLayout (package:flutter/src/rendering/proxy_box.dart:118:18)
#29     RenderObject.layout (package:flutter/src/rendering/object.dart:2768:7)
#30     RenderProxyBoxMixin.performLayout (package:flutter/src/rendering/proxy_box.dart:118:18)
#31     RenderObject.layout (package:flutter/src/rendering/object.dart:2768:7)
#32     RenderProxyBoxMixin.performLayout (package:flutter/src/rendering/proxy_box.dart:118:18)
#33     RenderObject.layout (package:flutter/src/rendering/object.dart:2768:7)
#34     RenderProxyBoxMixin.performLayout (package:flutter/src/rendering/proxy_box.dart:118:18)
#35     RenderObject.layout (package:flutter/src/rendering/object.dart:2768:7)
#36     RenderProxyBoxMixin.performLayout (package:flutter/src/rendering/proxy_box.dart:118:18)
#37     RenderObject.layout (package:flutter/src/rendering/object.dart:2768:7)
#38     RenderProxyBoxMixin.performLayout (package:flutter/src/rendering/proxy_box.dart:118:18)
#39     RenderObject.layout (package:flutter/src/rendering/object.dart:2768:7)
#40     RenderProxyBoxMixin.performLayout (package:flutter/src/rendering/proxy_box.dart:118:18)
#41     RenderObject.layout (package:flutter/src/rendering/object.dart:2768:7)
#42     RenderProxyBoxMixin.performLayout (package:flutter/src/rendering/proxy_box.dart:118:18)
#43     RenderObject.layout (package:flutter/src/rendering/object.dart:2768:7)
#44     RenderProxyBoxMixin.performLayout (package:flutter/src/rendering/proxy_box.dart:118:18)
#45     RenderObject.layout (package:flutter/src/rendering/object.dart:2768:7)
#46     RenderProxyBoxMixin.performLayout (package:flutter/src/rendering/proxy_box.dart:118:18)
#47     RenderObject.layout (package:flutter/src/rendering/object.dart:2768:7)
#48     RenderProxyBoxMixin.performLayout (package:flutter/src/rendering/proxy_box.dart:118:18)
#49     RenderObject.layout (package:flutter/src/rendering/object.dart:2768:7)
#50     RenderProxyBoxMixin.performLayout (package:flutter/src/rendering/proxy_box.dart:118:18)
#51     RenderOffstage.performLayout (package:flutter/src/rendering/proxy_box.dart:3923:13)
#52     RenderObject.layout (package:flutter/src/rendering/object.dart:2768:7)
#53     RenderProxyBoxMixin.performLayout (package:flutter/src/rendering/proxy_box.dart:118:18)
#54     RenderObject.layout (package:flutter/src/rendering/object.dart:2768:7)
#55     _RenderTheaterMixin.layoutChild (package:flutter/src/widgets/overlay.dart:1084:13)
#56     _RenderTheater.performLayout (package:flutter/src/widgets/overlay.dart:1429:9)
#57     RenderObject.layout (package:flutter/src/rendering/object.dart:2768:7)
#58     RenderProxyBoxMixin.performLayout (package:flutter/src/rendering/proxy_box.dart:118:18)
#59     RenderObject.layout (package:flutter/src/rendering/object.dart:2768:7)
#60     RenderProxyBoxMixin.performLayout (package:flutter/src/rendering/proxy_box.dart:118:18)
#61     RenderObject.layout (package:flutter/src/rendering/object.dart:2768:7)
#62     RenderProxyBoxMixin.performLayout (package:flutter/src/rendering/proxy_box.dart:118:18)
#63     RenderObject.layout (package:flutter/src/rendering/object.dart:2768:7)
#64     RenderProxyBoxMixin.performLayout (package:flutter/src/rendering/proxy_box.dart:118:18)
#65     RenderCustomPaint.performLayout (package:flutter/src/rendering/custom_paint.dart:574:11)
#66     RenderObject.layout (package:flutter/src/rendering/object.dart:2768:7)
#67     RenderProxyBoxMixin.performLayout (package:flutter/src/rendering/proxy_box.dart:118:18)
#68     RenderObject.layout (package:flutter/src/rendering/object.dart:2768:7)
#69     RenderProxyBoxMixin.performLayout (package:flutter/src/rendering/proxy_box.dart:118:18)
#70     RenderObject.layout (package:flutter/src/rendering/object.dart:2768:7)
#71     RenderProxyBoxMixin.performLayout (package:flutter/src/rendering/proxy_box.dart:118:18)
#72     RenderObject.layout (package:flutter/src/rendering/object.dart:2768:7)
#73     RenderProxyBoxMixin.performLayout (package:flutter/src/rendering/proxy_box.dart:118:18)
#74     RenderObject.layout (package:flutter/src/rendering/object.dart:2768:7)
#75     RenderProxyBoxMixin.performLayout (package:flutter/src/rendering/proxy_box.dart:118:18)
#76     RenderObject.layout (package:flutter/src/rendering/object.dart:2768:7)
#77     RenderProxyBoxMixin.performLayout (package:flutter/src/rendering/proxy_box.dart:118:18)
#78     RenderObject.layout (package:flutter/src/rendering/object.dart:2768:7)
#79     RenderView.performLayout (package:flutter/src/rendering/view.dart:292:12)
#80     RenderObject._layoutWithoutResize (package:flutter/src/rendering/object.dart:2616:7)
#81     PipelineOwner.flushLayout (package:flutter/src/rendering/object.dart:1174:18)
#82     PipelineOwner.flushLayout (package:flutter/src/rendering/object.dart:1187:15)
#83     AutomatedTestWidgetsFlutterBinding.drawFrame (package:flutter_test/src/binding.dart:2133:27)
#84     RendererBinding._handlePersistentFrameCallback (package:flutter/src/rendering/binding.dart:495:5)
#85     SchedulerBinding._invokeFrameCallback (package:flutter/src/scheduler/binding.dart:1430:15)
#86     SchedulerBinding.handleDrawFrame (package:flutter/src/scheduler/binding.dart:1345:9)
#87     AutomatedTestWidgetsFlutterBinding.pump.<anonymous closure> (package:flutter_test/src/binding.dart:1960:9)
#90     TestAsyncUtils.guard (package:flutter_test/src/test_async_utils.dart:74:41)
#91     AutomatedTestWidgetsFlutterBinding.pump (package:flutter_test/src/binding.dart:1949:27)
#92     WidgetTester.pumpWidget.<anonymous closure> (package:flutter_test/src/widget_tester.dart:598:22)
#95     TestAsyncUtils.guard (package:flutter_test/src/test_async_utils.dart:74:41)
#96     WidgetTester.pumpWidget (package:flutter_test/src/widget_tester.dart:595:27)
#97     main.<anonymous closure>.<anonymous closure> (file:///C:/Users/bhara/StudioProjects/simple_billing_app/test/widget/billing_screen_test.dart:38:20)
#98     testWidgets.<anonymous closure>.<anonymous closure> (package:flutter_test/src/widget_tester.dart:192:29)
<asynchronous suspension>
#99     TestWidgetsFlutterBinding._runTestBody (package:flutter_test/src/binding.dart:1682:5)
<asynchronous suspension>
<asynchronous suspension>
(elided 7 frames from class _AssertionError, dart:async, and package:stack_trace)

The following RenderObject was being processed when the exception was fired: RenderClipRect#74dbe relayoutBoundary=up3 NEEDS-LAYOUT NEEDS-PAINT NEEDS-COMPOSITING-BITS-UPDATE:
  creator: ClipRect ΓåÉ AnimatedBuilder ΓåÉ NotificationListener<ScrollNotification> ΓåÉ
    StretchingOverscrollIndicator ΓåÉ Scrollable ΓåÉ PrimaryScrollController ΓåÉ SingleChildScrollView ΓåÉ
    Padding ΓåÉ LayoutBuilder ΓåÉ KeyedSubtree-[GlobalKey#18b13] ΓåÉ _BodyBuilder ΓåÉ MediaQuery ΓåÉ Γï»
  parentData: offset=Offset(0.0, 0.0) (can use size)
  constraints: BoxConstraints(0.0<=w<=1136.0, 0.0<=h<=613.0)
  size: MISSING
This RenderObject had the following descendants (showing up to depth 5):
    child: RenderTransform#b176b relayoutBoundary=up4 NEEDS-PAINT NEEDS-COMPOSITING-BITS-UPDATE
      child: _RenderScrollSemantics#d7344 relayoutBoundary=up5 NEEDS-PAINT NEEDS-COMPOSITING-BITS-UPDATE
        child: RenderPointerListener#e8566 relayoutBoundary=up6 NEEDS-PAINT NEEDS-COMPOSITING-BITS-UPDATE
          child: RenderSemanticsGestureHandler#a282b relayoutBoundary=up7 NEEDS-PAINT NEEDS-COMPOSITING-BITS-UPDATE
            child: RenderPointerListener#bc087 relayoutBoundary=up8 NEEDS-PAINT NEEDS-COMPOSITING-BITS-UPDATE
ΓòÉΓòÉΓòÉΓòÉΓòÉΓòÉΓòÉΓòÉΓòÉΓòÉΓòÉΓòÉΓòÉΓòÉΓòÉΓòÉΓòÉΓòÉΓòÉΓòÉΓòÉΓòÉΓòÉΓòÉΓòÉΓòÉΓòÉΓòÉΓòÉΓòÉΓòÉΓòÉΓòÉΓòÉΓòÉΓòÉΓòÉΓòÉΓòÉΓòÉΓòÉΓòÉΓòÉΓòÉΓòÉΓòÉΓòÉΓòÉΓòÉΓòÉΓòÉΓòÉΓòÉΓòÉΓòÉΓòÉΓòÉΓòÉΓòÉΓòÉΓòÉΓòÉΓòÉΓòÉΓòÉΓòÉΓòÉΓòÉΓòÉΓòÉΓòÉΓòÉΓòÉΓòÉΓòÉΓòÉΓòÉΓòÉΓòÉΓòÉΓòÉΓòÉΓòÉΓòÉΓòÉΓòÉΓòÉΓòÉΓòÉΓòÉΓòÉΓòÉΓòÉΓòÉΓòÉΓòÉΓòÉΓòÉΓòÉΓòÉ
ΓòÉΓòÉΓòí EXCEPTION CAUGHT BY RENDERING LIBRARY Γò₧ΓòÉΓòÉΓòÉΓòÉΓòÉΓòÉΓòÉΓòÉΓòÉΓòÉΓòÉΓòÉΓòÉΓòÉΓòÉΓòÉΓòÉΓòÉΓòÉΓòÉΓòÉΓòÉΓòÉΓòÉΓòÉΓòÉΓòÉΓòÉΓòÉΓòÉΓòÉΓòÉΓòÉΓòÉΓòÉΓòÉΓòÉΓòÉΓòÉΓòÉΓòÉΓòÉΓòÉΓòÉΓòÉΓòÉΓòÉΓòÉΓòÉΓòÉΓòÉΓòÉΓòÉΓòÉΓòÉΓòÉΓòÉ
The following assertion was thrown during performLayout():
RenderBox was not laid out: RenderClipRect#74dbe relayoutBoundary=up3 NEEDS-PAINT
NEEDS-COMPOSITING-BITS-UPDATE
'package:flutter/src/rendering/box.dart':
Failed assertion: line 2251 pos 12: 'hasSize'

Either the assertion indicates an error in the framework itself, or we should provide substantially
more information in this error message to help you determine and fix the underlying cause.
In either case, please report this assertion by filing a bug on GitHub:
  https://github.com/flutter/flutter/issues/new?template=02_bug.yml

The relevant error-causing widget was:
  Padding
  Padding:file:///C:/Users/bhara/StudioProjects/simple_billing_app/lib/views/screens/billing_screen.dart:238:12

When the exception was thrown, this was the stack:
#2      RenderBox.size (package:flutter/src/rendering/box.dart:2251:12)
#3      RenderPadding.performLayout (package:flutter/src/rendering/shifted_box.dart:266:40)
#4      RenderObject.layout (package:flutter/src/rendering/object.dart:2768:7)
#5      _RenderLayoutBuilder.performLayout (package:flutter/src/widgets/layout_builder.dart:449:14)
#6      RenderObject.layout (package:flutter/src/rendering/object.dart:2768:7)
#7      MultiChildLayoutDelegate.layoutChild (package:flutter/src/rendering/custom_layout.dart:180:12)
#8      _ScaffoldLayout.performLayout (package:flutter/src/material/scaffold.dart:1113:7)
#9      MultiChildLayoutDelegate._callPerformLayout (package:flutter/src/rendering/custom_layout.dart:246:7)
#10     RenderCustomMultiChildLayoutBox.performLayout (package:flutter/src/rendering/custom_layout.dart:417:14)
#11     RenderObject.layout (package:flutter/src/rendering/object.dart:2768:7)
#12     RenderProxyBoxMixin.performLayout (package:flutter/src/rendering/proxy_box.dart:118:18)
#13     RenderObject.layout (package:flutter/src/rendering/object.dart:2768:7)
#14     RenderProxyBoxMixin.performLayout (package:flutter/src/rendering/proxy_box.dart:118:18)
#15     _RenderCustomClip.performLayout (package:flutter/src/rendering/proxy_box.dart:1549:11)
#16     RenderObject.layout (package:flutter/src/rendering/object.dart:2768:7)
#17     RenderProxyBoxMixin.performLayout (package:flutter/src/rendering/proxy_box.dart:118:18)
#18     RenderObject.layout (package:flutter/src/rendering/object.dart:2768:7)
#19     RenderProxyBoxMixin.performLayout (package:flutter/src/rendering/proxy_box.dart:118:18)
#20     RenderObject.layout (package:flutter/src/rendering/object.dart:2768:7)
#21     RenderProxyBoxMixin.performLayout (package:flutter/src/rendering/proxy_box.dart:118:18)
#22     RenderObject.layout (package:flutter/src/rendering/object.dart:2768:7)
#23     RenderProxyBoxMixin.performLayout (package:flutter/src/rendering/proxy_box.dart:118:18)
#24     RenderObject.layout (package:flutter/src/rendering/object.dart:2768:7)
#25     RenderProxyBoxMixin.performLayout (package:flutter/src/rendering/proxy_box.dart:118:18)
#26     RenderObject.layout (package:flutter/src/rendering/object.dart:2768:7)
#27     RenderProxyBoxMixin.performLayout (package:flutter/src/rendering/proxy_box.dart:118:18)
#28     RenderObject.layout (package:flutter/src/rendering/object.dart:2768:7)
#29     RenderProxyBoxMixin.performLayout (package:flutter/src/rendering/proxy_box.dart:118:18)
#30     RenderObject.layout (package:flutter/src/rendering/object.dart:2768:7)
#31     RenderProxyBoxMixin.performLayout (package:flutter/src/rendering/proxy_box.dart:118:18)
#32     RenderObject.layout (package:flutter/src/rendering/object.dart:2768:7)
#33     RenderProxyBoxMixin.performLayout (package:flutter/src/rendering/proxy_box.dart:118:18)
#34     RenderObject.layout (package:flutter/src/rendering/object.dart:2768:7)
#35     RenderProxyBoxMixin.performLayout (package:flutter/src/rendering/proxy_box.dart:118:18)
#36     RenderObject.layout (package:flutter/src/rendering/object.dart:2768:7)
#37     RenderProxyBoxMixin.performLayout (package:flutter/src/rendering/proxy_box.dart:118:18)
#38     RenderObject.layout (package:flutter/src/rendering/object.dart:2768:7)
#39     RenderProxyBoxMixin.performLayout (package:flutter/src/rendering/proxy_box.dart:118:18)
#40     RenderObject.layout (package:flutter/src/rendering/object.dart:2768:7)
#41     RenderProxyBoxMixin.performLayout (package:flutter/src/rendering/proxy_box.dart:118:18)
#42     RenderObject.layout (package:flutter/src/rendering/object.dart:2768:7)
#43     RenderProxyBoxMixin.performLayout (package:flutter/src/rendering/proxy_box.dart:118:18)
#44     RenderObject.layout (package:flutter/src/rendering/object.dart:2768:7)
#45     RenderProxyBoxMixin.performLayout (package:flutter/src/rendering/proxy_box.dart:118:18)
#46     RenderObject.layout (package:flutter/src/rendering/object.dart:2768:7)
#47     RenderProxyBoxMixin.performLayout (package:flutter/src/rendering/proxy_box.dart:118:18)
#48     RenderOffstage.performLayout (package:flutter/src/rendering/proxy_box.dart:3923:13)
#49     RenderObject.layout (package:flutter/src/rendering/object.dart:2768:7)
#50     RenderProxyBoxMixin.performLayout (package:flutter/src/rendering/proxy_box.dart:118:18)
#51     RenderObject.layout (package:flutter/src/rendering/object.dart:2768:7)
#52     _RenderTheaterMixin.layoutChild (package:flutter/src/widgets/overlay.dart:1084:13)
#53     _RenderTheater.performLayout (package:flutter/src/widgets/overlay.dart:1429:9)
#54     RenderObject.layout (package:flutter/src/rendering/object.dart:2768:7)
#55     RenderProxyBoxMixin.performLayout (package:flutter/src/rendering/proxy_box.dart:118:18)
#56     RenderObject.layout (package:flutter/src/rendering/object.dart:2768:7)
#57     RenderProxyBoxMixin.performLayout (package:flutter/src/rendering/proxy_box.dart:118:18)
#58     RenderObject.layout (package:flutter/src/rendering/object.dart:2768:7)
#59     RenderProxyBoxMixin.performLayout (package:flutter/src/rendering/proxy_box.dart:118:18)
#60     RenderObject.layout (package:flutter/src/rendering/object.dart:2768:7)
#61     RenderProxyBoxMixin.performLayout (package:flutter/src/rendering/proxy_box.dart:118:18)
#62     RenderCustomPaint.performLayout (package:flutter/src/rendering/custom_paint.dart:574:11)
#63     RenderObject.layout (package:flutter/src/rendering/object.dart:2768:7)
#64     RenderProxyBoxMixin.performLayout (package:flutter/src/rendering/proxy_box.dart:118:18)
#65     RenderObject.layout (package:flutter/src/rendering/object.dart:2768:7)
#66     RenderProxyBoxMixin.performLayout (package:flutter/src/rendering/proxy_box.dart:118:18)
#67     RenderObject.layout (package:flutter/src/rendering/object.dart:2768:7)
#68     RenderProxyBoxMixin.performLayout (package:flutter/src/rendering/proxy_box.dart:118:18)
#69     RenderObject.layout (package:flutter/src/rendering/object.dart:2768:7)
#70     RenderProxyBoxMixin.performLayout (package:flutter/src/rendering/proxy_box.dart:118:18)
#71     RenderObject.layout (package:flutter/src/rendering/object.dart:2768:7)
#72     RenderProxyBoxMixin.performLayout (package:flutter/src/rendering/proxy_box.dart:118:18)
#73     RenderObject.layout (package:flutter/src/rendering/object.dart:2768:7)
#74     RenderProxyBoxMixin.performLayout (package:flutter/src/rendering/proxy_box.dart:118:18)
#75     RenderObject.layout (package:flutter/src/rendering/object.dart:2768:7)
#76     RenderView.performLayout (package:flutter/src/rendering/view.dart:292:12)
#77     RenderObject._layoutWithoutResize (package:flutter/src/rendering/object.dart:2616:7)
#78     PipelineOwner.flushLayout (package:flutter/src/rendering/object.dart:1174:18)
#79     PipelineOwner.flushLayout (package:flutter/src/rendering/object.dart:1187:15)
#80     AutomatedTestWidgetsFlutterBinding.drawFrame (package:flutter_test/src/binding.dart:2133:27)
#81     RendererBinding._handlePersistentFrameCallback (package:flutter/src/rendering/binding.dart:495:5)
#82     SchedulerBinding._invokeFrameCallback (package:flutter/src/scheduler/binding.dart:1430:15)
#83     SchedulerBinding.handleDrawFrame (package:flutter/src/scheduler/binding.dart:1345:9)
#84     AutomatedTestWidgetsFlutterBinding.pump.<anonymous closure> (package:flutter_test/src/binding.dart:1960:9)
#87     TestAsyncUtils.guard (package:flutter_test/src/test_async_utils.dart:74:41)
#88     AutomatedTestWidgetsFlutterBinding.pump (package:flutter_test/src/binding.dart:1949:27)
#89     WidgetTester.pumpWidget.<anonymous closure> (package:flutter_test/src/widget_tester.dart:598:22)
#92     TestAsyncUtils.guard (package:flutter_test/src/test_async_utils.dart:74:41)
#93     WidgetTester.pumpWidget (package:flutter_test/src/widget_tester.dart:595:27)
#94     main.<anonymous closure>.<anonymous closure> (file:///C:/Users/bhara/StudioProjects/simple_billing_app/test/widget/billing_screen_test.dart:38:20)
#95     testWidgets.<anonymous closure>.<anonymous closure> (package:flutter_test/src/widget_tester.dart:192:29)
<asynchronous suspension>
#96     TestWidgetsFlutterBinding._runTestBody (package:flutter_test/src/binding.dart:1682:5)
<asynchronous suspension>
<asynchronous suspension>
(elided 7 frames from class _AssertionError, dart:async, and package:stack_trace)

The following RenderObject was being processed when the exception was fired: RenderPadding#5541e relayoutBoundary=up2 NEEDS-LAYOUT NEEDS-PAINT NEEDS-COMPOSITING-BITS-UPDATE:
  creator: Padding ΓåÉ LayoutBuilder ΓåÉ KeyedSubtree-[GlobalKey#18b13] ΓåÉ _BodyBuilder ΓåÉ MediaQuery ΓåÉ
    LayoutId-[<_ScaffoldSlot.body>] ΓåÉ CustomMultiChildLayout ΓåÉ _ActionsScope ΓåÉ Actions ΓåÉ
    AnimatedBuilder ΓåÉ DefaultTextStyle ΓåÉ AnimatedDefaultTextStyle ΓåÉ Γï»
  parentData: offset=Offset(0.0, 0.0) (can use size)
  constraints: BoxConstraints(0.0<=w<=1200.0, 0.0<=h<=677.0)
  size: MISSING
  padding: EdgeInsets.all(32.0)
  textDirection: ltr
This RenderObject had the following descendants (showing up to depth 5):
    child: RenderClipRect#74dbe relayoutBoundary=up3 NEEDS-PAINT NEEDS-COMPOSITING-BITS-UPDATE
      child: RenderTransform#b176b relayoutBoundary=up4 NEEDS-PAINT NEEDS-COMPOSITING-BITS-UPDATE
        child: _RenderScrollSemantics#d7344 relayoutBoundary=up5 NEEDS-PAINT NEEDS-COMPOSITING-BITS-UPDATE
          child: RenderPointerListener#e8566 relayoutBoundary=up6 NEEDS-PAINT NEEDS-COMPOSITING-BITS-UPDATE
            child: RenderSemanticsGestureHandler#a282b relayoutBoundary=up7 NEEDS-PAINT NEEDS-COMPOSITING-BITS-UPDATE
ΓòÉΓòÉΓòÉΓòÉΓòÉΓòÉΓòÉΓòÉΓòÉΓòÉΓòÉΓòÉΓòÉΓòÉΓòÉΓòÉΓòÉΓòÉΓòÉΓòÉΓòÉΓòÉΓòÉΓòÉΓòÉΓòÉΓòÉΓòÉΓòÉΓòÉΓòÉΓòÉΓòÉΓòÉΓòÉΓòÉΓòÉΓòÉΓòÉΓòÉΓòÉΓòÉΓòÉΓòÉΓòÉΓòÉΓòÉΓòÉΓòÉΓòÉΓòÉΓòÉΓòÉΓòÉΓòÉΓòÉΓòÉΓòÉΓòÉΓòÉΓòÉΓòÉΓòÉΓòÉΓòÉΓòÉΓòÉΓòÉΓòÉΓòÉΓòÉΓòÉΓòÉΓòÉΓòÉΓòÉΓòÉΓòÉΓòÉΓòÉΓòÉΓòÉΓòÉΓòÉΓòÉΓòÉΓòÉΓòÉΓòÉΓòÉΓòÉΓòÉΓòÉΓòÉΓòÉΓòÉΓòÉΓòÉΓòÉΓòÉ
ΓòÉΓòÉΓòí EXCEPTION CAUGHT BY RENDERING LIBRARY Γò₧ΓòÉΓòÉΓòÉΓòÉΓòÉΓòÉΓòÉΓòÉΓòÉΓòÉΓòÉΓòÉΓòÉΓòÉΓòÉΓòÉΓòÉΓòÉΓòÉΓòÉΓòÉΓòÉΓòÉΓòÉΓòÉΓòÉΓòÉΓòÉΓòÉΓòÉΓòÉΓòÉΓòÉΓòÉΓòÉΓòÉΓòÉΓòÉΓòÉΓòÉΓòÉΓòÉΓòÉΓòÉΓòÉΓòÉΓòÉΓòÉΓòÉΓòÉΓòÉΓòÉΓòÉΓòÉΓòÉΓòÉΓòÉ
The following assertion was thrown during performLayout():
RenderBox was not laid out: RenderPadding#5541e relayoutBoundary=up2 NEEDS-PAINT
NEEDS-COMPOSITING-BITS-UPDATE
'package:flutter/src/rendering/box.dart':
Failed assertion: line 2251 pos 12: 'hasSize'

Either the assertion indicates an error in the framework itself, or we should provide substantially
more information in this error message to help you determine and fix the underlying cause.
In either case, please report this assertion by filing a bug on GitHub:
  https://github.com/flutter/flutter/issues/new?template=02_bug.yml

The relevant error-causing widget was:
  LayoutBuilder
  LayoutBuilder:file:///C:/Users/bhara/StudioProjects/simple_billing_app/lib/views/screens/billing_screen.dart:225:14

When the exception was thrown, this was the stack:
#2      RenderBox.size (package:flutter/src/rendering/box.dart:2251:12)
#3      _RenderLayoutBuilder.performLayout (package:flutter/src/widgets/layout_builder.dart:450:43)
#4      RenderObject.layout (package:flutter/src/rendering/object.dart:2768:7)
#5      MultiChildLayoutDelegate.layoutChild (package:flutter/src/rendering/custom_layout.dart:180:12)
#6      _ScaffoldLayout.performLayout (package:flutter/src/material/scaffold.dart:1113:7)
#7      MultiChildLayoutDelegate._callPerformLayout (package:flutter/src/rendering/custom_layout.dart:246:7)
#8      RenderCustomMultiChildLayoutBox.performLayout (package:flutter/src/rendering/custom_layout.dart:417:14)
#9      RenderObject.layout (package:flutter/src/rendering/object.dart:2768:7)
#10     RenderProxyBoxMixin.performLayout (package:flutter/src/rendering/proxy_box.dart:118:18)
#11     RenderObject.layout (package:flutter/src/rendering/object.dart:2768:7)
#12     RenderProxyBoxMixin.performLayout (package:flutter/src/rendering/proxy_box.dart:118:18)
#13     _RenderCustomClip.performLayout (package:flutter/src/rendering/proxy_box.dart:1549:11)
#14     RenderObject.layout (package:flutter/src/rendering/object.dart:2768:7)
#15     RenderProxyBoxMixin.performLayout (package:flutter/src/rendering/proxy_box.dart:118:18)
#16     RenderObject.layout (package:flutter/src/rendering/object.dart:2768:7)
#17     RenderProxyBoxMixin.performLayout (package:flutter/src/rendering/proxy_box.dart:118:18)
#18     RenderObject.layout (package:flutter/src/rendering/object.dart:2768:7)
#19     RenderProxyBoxMixin.performLayout (package:flutter/src/rendering/proxy_box.dart:118:18)
#20     RenderObject.layout (package:flutter/src/rendering/object.dart:2768:7)
#21     RenderProxyBoxMixin.performLayout (package:flutter/src/rendering/proxy_box.dart:118:18)
#22     RenderObject.layout (package:flutter/src/rendering/object.dart:2768:7)
#23     RenderProxyBoxMixin.performLayout (package:flutter/src/rendering/proxy_box.dart:118:18)
#24     RenderObject.layout (package:flutter/src/rendering/object.dart:2768:7)
#25     RenderProxyBoxMixin.performLayout (package:flutter/src/rendering/proxy_box.dart:118:18)
#26     RenderObject.layout (package:flutter/src/rendering/object.dart:2768:7)
#27     RenderProxyBoxMixin.performLayout (package:flutter/src/rendering/proxy_box.dart:118:18)
#28     RenderObject.layout (package:flutter/src/rendering/object.dart:2768:7)
#29     RenderProxyBoxMixin.performLayout (package:flutter/src/rendering/proxy_box.dart:118:18)
#30     RenderObject.layout (package:flutter/src/rendering/object.dart:2768:7)
#31     RenderProxyBoxMixin.performLayout (package:flutter/src/rendering/proxy_box.dart:118:18)
#32     RenderObject.layout (package:flutter/src/rendering/object.dart:2768:7)
#33     RenderProxyBoxMixin.performLayout (package:flutter/src/rendering/proxy_box.dart:118:18)
#34     RenderObject.layout (package:flutter/src/rendering/object.dart:2768:7)
#35     RenderProxyBoxMixin.performLayout (package:flutter/src/rendering/proxy_box.dart:118:18)
#36     RenderObject.layout (package:flutter/src/rendering/object.dart:2768:7)
#37     RenderProxyBoxMixin.performLayout (package:flutter/src/rendering/proxy_box.dart:118:18)
#38     RenderObject.layout (package:flutter/src/rendering/object.dart:2768:7)
#39     RenderProxyBoxMixin.performLayout (package:flutter/src/rendering/proxy_box.dart:118:18)
#40     RenderObject.layout (package:flutter/src/rendering/object.dart:2768:7)
#41     RenderProxyBoxMixin.performLayout (package:flutter/src/rendering/proxy_box.dart:118:18)
#42     RenderObject.layout (package:flutter/src/rendering/object.dart:2768:7)
#43     RenderProxyBoxMixin.performLayout (package:flutter/src/rendering/proxy_box.dart:118:18)
#44     RenderObject.layout (package:flutter/src/rendering/object.dart:2768:7)
#45     RenderProxyBoxMixin.performLayout (package:flutter/src/rendering/proxy_box.dart:118:18)
#46     RenderOffstage.performLayout (package:flutter/src/rendering/proxy_box.dart:3923:13)
#47     RenderObject.layout (package:flutter/src/rendering/object.dart:2768:7)
#48     RenderProxyBoxMixin.performLayout (package:flutter/src/rendering/proxy_box.dart:118:18)
#49     RenderObject.layout (package:flutter/src/rendering/object.dart:2768:7)
#50     _RenderTheaterMixin.layoutChild (package:flutter/src/widgets/overlay.dart:1084:13)
#51     _RenderTheater.performLayout (package:flutter/src/widgets/overlay.dart:1429:9)
#52     RenderObject.layout (package:flutter/src/rendering/object.dart:2768:7)
#53     RenderProxyBoxMixin.performLayout (package:flutter/src/rendering/proxy_box.dart:118:18)
#54     RenderObject.layout (package:flutter/src/rendering/object.dart:2768:7)
#55     RenderProxyBoxMixin.performLayout (package:flutter/src/rendering/proxy_box.dart:118:18)
#56     RenderObject.layout (package:flutter/src/rendering/object.dart:2768:7)
#57     RenderProxyBoxMixin.performLayout (package:flutter/src/rendering/proxy_box.dart:118:18)
#58     RenderObject.layout (package:flutter/src/rendering/object.dart:2768:7)
#59     RenderProxyBoxMixin.performLayout (package:flutter/src/rendering/proxy_box.dart:118:18)
#60     RenderCustomPaint.performLayout (package:flutter/src/rendering/custom_paint.dart:574:11)
#61     RenderObject.layout (package:flutter/src/rendering/object.dart:2768:7)
#62     RenderProxyBoxMixin.performLayout (package:flutter/src/rendering/proxy_box.dart:118:18)
#63     RenderObject.layout (package:flutter/src/rendering/object.dart:2768:7)
#64     RenderProxyBoxMixin.performLayout (package:flutter/src/rendering/proxy_box.dart:118:18)
#65     RenderObject.layout (package:flutter/src/rendering/object.dart:2768:7)
#66     RenderProxyBoxMixin.performLayout (package:flutter/src/rendering/proxy_box.dart:118:18)
#67     RenderObject.layout (package:flutter/src/rendering/object.dart:2768:7)
#68     RenderProxyBoxMixin.performLayout (package:flutter/src/rendering/proxy_box.dart:118:18)
#69     RenderObject.layout (package:flutter/src/rendering/object.dart:2768:7)
#70     RenderProxyBoxMixin.performLayout (package:flutter/src/rendering/proxy_box.dart:118:18)
#71     RenderObject.layout (package:flutter/src/rendering/object.dart:2768:7)
#72     RenderProxyBoxMixin.performLayout (package:flutter/src/rendering/proxy_box.dart:118:18)
#73     RenderObject.layout (package:flutter/src/rendering/object.dart:2768:7)
#74     RenderView.performLayout (package:flutter/src/rendering/view.dart:292:12)
#75     RenderObject._layoutWithoutResize (package:flutter/src/rendering/object.dart:2616:7)
#76     PipelineOwner.flushLayout (package:flutter/src/rendering/object.dart:1174:18)
#77     PipelineOwner.flushLayout (package:flutter/src/rendering/object.dart:1187:15)
#78     AutomatedTestWidgetsFlutterBinding.drawFrame (package:flutter_test/src/binding.dart:2133:27)
#79     RendererBinding._handlePersistentFrameCallback (package:flutter/src/rendering/binding.dart:495:5)
#80     SchedulerBinding._invokeFrameCallback (package:flutter/src/scheduler/binding.dart:1430:15)
#81     SchedulerBinding.handleDrawFrame (package:flutter/src/scheduler/binding.dart:1345:9)
#82     AutomatedTestWidgetsFlutterBinding.pump.<anonymous closure> (package:flutter_test/src/binding.dart:1960:9)
#85     TestAsyncUtils.guard (package:flutter_test/src/test_async_utils.dart:74:41)
#86     AutomatedTestWidgetsFlutterBinding.pump (package:flutter_test/src/binding.dart:1949:27)
#87     WidgetTester.pumpWidget.<anonymous closure> (package:flutter_test/src/widget_tester.dart:598:22)
#90     TestAsyncUtils.guard (package:flutter_test/src/test_async_utils.dart:74:41)
#91     WidgetTester.pumpWidget (package:flutter_test/src/widget_tester.dart:595:27)
#92     main.<anonymous closure>.<anonymous closure> (file:///C:/Users/bhara/StudioProjects/simple_billing_app/test/widget/billing_screen_test.dart:38:20)
#93     testWidgets.<anonymous closure>.<anonymous closure> (package:flutter_test/src/widget_tester.dart:192:29)
<asynchronous suspension>
#94     TestWidgetsFlutterBinding._runTestBody (package:flutter_test/src/binding.dart:1682:5)
<asynchronous suspension>
<asynchronous suspension>
(elided 7 frames from class _AssertionError, dart:async, and package:stack_trace)

The following RenderObject was being processed when the exception was fired: _RenderLayoutBuilder#146f7 relayoutBoundary=up1 NEEDS-LAYOUT NEEDS-PAINT NEEDS-COMPOSITING-BITS-UPDATE:
  creator: LayoutBuilder ΓåÉ KeyedSubtree-[GlobalKey#18b13] ΓåÉ _BodyBuilder ΓåÉ MediaQuery ΓåÉ
    LayoutId-[<_ScaffoldSlot.body>] ΓåÉ CustomMultiChildLayout ΓåÉ _ActionsScope ΓåÉ Actions ΓåÉ
    AnimatedBuilder ΓåÉ DefaultTextStyle ΓåÉ AnimatedDefaultTextStyle ΓåÉ _InkFeatures-[GlobalKey#71e8b ink
    renderer] ΓåÉ Γï»
  parentData: offset=Offset(0.0, 0.0); id=_ScaffoldSlot.body (can use size)
  constraints: BoxConstraints(0.0<=w<=1200.0, 0.0<=h<=677.0)
  size: MISSING
This RenderObject had the following descendants (showing up to depth 5):
    child: RenderPadding#5541e relayoutBoundary=up2 NEEDS-PAINT NEEDS-COMPOSITING-BITS-UPDATE
      child: RenderClipRect#74dbe relayoutBoundary=up3 NEEDS-PAINT NEEDS-COMPOSITING-BITS-UPDATE
        child: RenderTransform#b176b relayoutBoundary=up4 NEEDS-PAINT NEEDS-COMPOSITING-BITS-UPDATE
          child: _RenderScrollSemantics#d7344 relayoutBoundary=up5 NEEDS-PAINT NEEDS-COMPOSITING-BITS-UPDATE
            child: RenderPointerListener#e8566 relayoutBoundary=up6 NEEDS-PAINT NEEDS-COMPOSITING-BITS-UPDATE
ΓòÉΓòÉΓòÉΓòÉΓòÉΓòÉΓòÉΓòÉΓòÉΓòÉΓòÉΓòÉΓòÉΓòÉΓòÉΓòÉΓòÉΓòÉΓòÉΓòÉΓòÉΓòÉΓòÉΓòÉΓòÉΓòÉΓòÉΓòÉΓòÉΓòÉΓòÉΓòÉΓòÉΓòÉΓòÉΓòÉΓòÉΓòÉΓòÉΓòÉΓòÉΓòÉΓòÉΓòÉΓòÉΓòÉΓòÉΓòÉΓòÉΓòÉΓòÉΓòÉΓòÉΓòÉΓòÉΓòÉΓòÉΓòÉΓòÉΓòÉΓòÉΓòÉΓòÉΓòÉΓòÉΓòÉΓòÉΓòÉΓòÉΓòÉΓòÉΓòÉΓòÉΓòÉΓòÉΓòÉΓòÉΓòÉΓòÉΓòÉΓòÉΓòÉΓòÉΓòÉΓòÉΓòÉΓòÉΓòÉΓòÉΓòÉΓòÉΓòÉΓòÉΓòÉΓòÉΓòÉΓòÉΓòÉΓòÉΓòÉ
ΓòÉΓòÉΓòí EXCEPTION CAUGHT BY RENDERING LIBRARY Γò₧ΓòÉΓòÉΓòÉΓòÉΓòÉΓòÉΓòÉΓòÉΓòÉΓòÉΓòÉΓòÉΓòÉΓòÉΓòÉΓòÉΓòÉΓòÉΓòÉΓòÉΓòÉΓòÉΓòÉΓòÉΓòÉΓòÉΓòÉΓòÉΓòÉΓòÉΓòÉΓòÉΓòÉΓòÉΓòÉΓòÉΓòÉΓòÉΓòÉΓòÉΓòÉΓòÉΓòÉΓòÉΓòÉΓòÉΓòÉΓòÉΓòÉΓòÉΓòÉΓòÉΓòÉΓòÉΓòÉΓòÉΓòÉ
The following assertion was thrown during performLayout():
RenderBox was not laid out: _RenderLayoutBuilder#146f7 relayoutBoundary=up1 NEEDS-PAINT
NEEDS-COMPOSITING-BITS-UPDATE
'package:flutter/src/rendering/box.dart':
Failed assertion: line 2251 pos 12: 'hasSize'

Either the assertion indicates an error in the framework itself, or we should provide substantially
more information in this error message to help you determine and fix the underlying cause.
In either case, please report this assertion by filing a bug on GitHub:
  https://github.com/flutter/flutter/issues/new?template=02_bug.yml

The relevant error-causing widget was:
  Scaffold
  Scaffold:file:///C:/Users/bhara/StudioProjects/simple_billing_app/lib/views/widgets/app_scaffold.dart:257:12

When the exception was thrown, this was the stack:
#2      RenderBox.size (package:flutter/src/rendering/box.dart:2251:12)
#3      MultiChildLayoutDelegate.layoutChild (package:flutter/src/rendering/custom_layout.dart:181:18)
#4      _ScaffoldLayout.performLayout (package:flutter/src/material/scaffold.dart:1113:7)
#5      MultiChildLayoutDelegate._callPerformLayout (package:flutter/src/rendering/custom_layout.dart:246:7)
#6      RenderCustomMultiChildLayoutBox.performLayout (package:flutter/src/rendering/custom_layout.dart:417:14)
#7      RenderObject.layout (package:flutter/src/rendering/object.dart:2768:7)
#8      RenderProxyBoxMixin.performLayout (package:flutter/src/rendering/proxy_box.dart:118:18)
#9      RenderObject.layout (package:flutter/src/rendering/object.dart:2768:7)
#10     RenderProxyBoxMixin.performLayout (package:flutter/src/rendering/proxy_box.dart:118:18)
#11     _RenderCustomClip.performLayout (package:flutter/src/rendering/proxy_box.dart:1549:11)
#12     RenderObject.layout (package:flutter/src/rendering/object.dart:2768:7)
#13     RenderProxyBoxMixin.performLayout (package:flutter/src/rendering/proxy_box.dart:118:18)
#14     RenderObject.layout (package:flutter/src/rendering/object.dart:2768:7)
#15     RenderProxyBoxMixin.performLayout (package:flutter/src/rendering/proxy_box.dart:118:18)
#16     RenderObject.layout (package:flutter/src/rendering/object.dart:2768:7)
#17     RenderProxyBoxMixin.performLayout (package:flutter/src/rendering/proxy_box.dart:118:18)
#18     RenderObject.layout (package:flutter/src/rendering/object.dart:2768:7)
#19     RenderProxyBoxMixin.performLayout (package:flutter/src/rendering/proxy_box.dart:118:18)
#20     RenderObject.layout (package:flutter/src/rendering/object.dart:2768:7)
#21     RenderProxyBoxMixin.performLayout (package:flutter/src/rendering/proxy_box.dart:118:18)
#22     RenderObject.layout (package:flutter/src/rendering/object.dart:2768:7)
#23     RenderProxyBoxMixin.performLayout (package:flutter/src/rendering/proxy_box.dart:118:18)
#24     RenderObject.layout (package:flutter/src/rendering/object.dart:2768:7)
#25     RenderProxyBoxMixin.performLayout (package:flutter/src/rendering/proxy_box.dart:118:18)
#26     RenderObject.layout (package:flutter/src/rendering/object.dart:2768:7)
#27     RenderProxyBoxMixin.performLayout (package:flutter/src/rendering/proxy_box.dart:118:18)
#28     RenderObject.layout (package:flutter/src/rendering/object.dart:2768:7)
#29     RenderProxyBoxMixin.performLayout (package:flutter/src/rendering/proxy_box.dart:118:18)
#30     RenderObject.layout (package:flutter/src/rendering/object.dart:2768:7)
#31     RenderProxyBoxMixin.performLayout (package:flutter/src/rendering/proxy_box.dart:118:18)
#32     RenderObject.layout (package:flutter/src/rendering/object.dart:2768:7)
#33     RenderProxyBoxMixin.performLayout (package:flutter/src/rendering/proxy_box.dart:118:18)
#34     RenderObject.layout (package:flutter/src/rendering/object.dart:2768:7)
#35     RenderProxyBoxMixin.performLayout (package:flutter/src/rendering/proxy_box.dart:118:18)
#36     RenderObject.layout (package:flutter/src/rendering/object.dart:2768:7)
#37     RenderProxyBoxMixin.performLayout (package:flutter/src/rendering/proxy_box.dart:118:18)
#38     RenderObject.layout (package:flutter/src/rendering/object.dart:2768:7)
#39     RenderProxyBoxMixin.performLayout (package:flutter/src/rendering/proxy_box.dart:118:18)
#40     RenderObject.layout (package:flutter/src/rendering/object.dart:2768:7)
#41     RenderProxyBoxMixin.performLayout (package:flutter/src/rendering/proxy_box.dart:118:18)
#42     RenderObject.layout (package:flutter/src/rendering/object.dart:2768:7)
#43     RenderProxyBoxMixin.performLayout (package:flutter/src/rendering/proxy_box.dart:118:18)
#44     RenderOffstage.performLayout (package:flutter/src/rendering/proxy_box.dart:3923:13)
#45     RenderObject.layout (package:flutter/src/rendering/object.dart:2768:7)
#46     RenderProxyBoxMixin.performLayout (package:flutter/src/rendering/proxy_box.dart:118:18)
#47     RenderObject.layout (package:flutter/src/rendering/object.dart:2768:7)
#48     _RenderTheaterMixin.layoutChild (package:flutter/src/widgets/overlay.dart:1084:13)
#49     _RenderTheater.performLayout (package:flutter/src/widgets/overlay.dart:1429:9)
#50     RenderObject.layout (package:flutter/src/rendering/object.dart:2768:7)
#51     RenderProxyBoxMixin.performLayout (package:flutter/src/rendering/proxy_box.dart:118:18)
#52     RenderObject.layout (package:flutter/src/rendering/object.dart:2768:7)
#53     RenderProxyBoxMixin.performLayout (package:flutter/src/rendering/proxy_box.dart:118:18)
#54     RenderObject.layout (package:flutter/src/rendering/object.dart:2768:7)
#55     RenderProxyBoxMixin.performLayout (package:flutter/src/rendering/proxy_box.dart:118:18)
#56     RenderObject.layout (package:flutter/src/rendering/object.dart:2768:7)
#57     RenderProxyBoxMixin.performLayout (package:flutter/src/rendering/proxy_box.dart:118:18)
#58     RenderCustomPaint.performLayout (package:flutter/src/rendering/custom_paint.dart:574:11)
#59     RenderObject.layout (package:flutter/src/rendering/object.dart:2768:7)
#60     RenderProxyBoxMixin.performLayout (package:flutter/src/rendering/proxy_box.dart:118:18)
#61     RenderObject.layout (package:flutter/src/rendering/object.dart:2768:7)
#62     RenderProxyBoxMixin.performLayout (package:flutter/src/rendering/proxy_box.dart:118:18)
#63     RenderObject.layout (package:flutter/src/rendering/object.dart:2768:7)
#64     RenderProxyBoxMixin.performLayout (package:flutter/src/rendering/proxy_box.dart:118:18)
#65     RenderObject.layout (package:flutter/src/rendering/object.dart:2768:7)
#66     RenderProxyBoxMixin.performLayout (package:flutter/src/rendering/proxy_box.dart:118:18)
#67     RenderObject.layout (package:flutter/src/rendering/object.dart:2768:7)
#68     RenderProxyBoxMixin.performLayout (package:flutter/src/rendering/proxy_box.dart:118:18)
#69     RenderObject.layout (package:flutter/src/rendering/object.dart:2768:7)
#70     RenderProxyBoxMixin.performLayout (package:flutter/src/rendering/proxy_box.dart:118:18)
#71     RenderObject.layout (package:flutter/src/rendering/object.dart:2768:7)
#72     RenderView.performLayout (package:flutter/src/rendering/view.dart:292:12)
#73     RenderObject._layoutWithoutResize (package:flutter/src/rendering/object.dart:2616:7)
#74     PipelineOwner.flushLayout (package:flutter/src/rendering/object.dart:1174:18)
#75     PipelineOwner.flushLayout (package:flutter/src/rendering/object.dart:1187:15)
#76     AutomatedTestWidgetsFlutterBinding.drawFrame (package:flutter_test/src/binding.dart:2133:27)
#77     RendererBinding._handlePersistentFrameCallback (package:flutter/src/rendering/binding.dart:495:5)
#78     SchedulerBinding._invokeFrameCallback (package:flutter/src/scheduler/binding.dart:1430:15)
#79     SchedulerBinding.handleDrawFrame (package:flutter/src/scheduler/binding.dart:1345:9)
#80     AutomatedTestWidgetsFlutterBinding.pump.<anonymous closure> (package:flutter_test/src/binding.dart:1960:9)
#83     TestAsyncUtils.guard (package:flutter_test/src/test_async_utils.dart:74:41)
#84     AutomatedTestWidgetsFlutterBinding.pump (package:flutter_test/src/binding.dart:1949:27)
#85     WidgetTester.pumpWidget.<anonymous closure> (package:flutter_test/src/widget_tester.dart:598:22)
#88     TestAsyncUtils.guard (package:flutter_test/src/test_async_utils.dart:74:41)
#89     WidgetTester.pumpWidget (package:flutter_test/src/widget_tester.dart:595:27)
#90     main.<anonymous closure>.<anonymous closure> (file:///C:/Users/bhara/StudioProjects/simple_billing_app/test/widget/billing_screen_test.dart:38:20)
#91     testWidgets.<anonymous closure>.<anonymous closure> (package:flutter_test/src/widget_tester.dart:192:29)
<asynchronous suspension>
#92     TestWidgetsFlutterBinding._runTestBody (package:flutter_test/src/binding.dart:1682:5)
<asynchronous suspension>
<asynchronous suspension>
(elided 7 frames from class _AssertionError, dart:async, and package:stack_trace)

The following RenderObject was being processed when the exception was fired: RenderCustomMultiChildLayoutBox#fb036 NEEDS-LAYOUT NEEDS-PAINT NEEDS-COMPOSITING-BITS-UPDATE:
  creator: CustomMultiChildLayout ΓåÉ _ActionsScope ΓåÉ Actions ΓåÉ AnimatedBuilder ΓåÉ DefaultTextStyle ΓåÉ
    AnimatedDefaultTextStyle ΓåÉ _InkFeatures-[GlobalKey#71e8b ink renderer] ΓåÉ
    NotificationListener<LayoutChangedNotification> ΓåÉ PhysicalModel ΓåÉ AnimatedPhysicalModel ΓåÉ Material
    ΓåÉ _ScrollNotificationObserverScope ΓåÉ Γï»
  parentData: <none> (can use size)
  constraints: BoxConstraints(w=1200.0, h=800.0)
  size: Size(1200.0, 800.0)
This RenderObject had the following descendants (showing up to depth 5):
    child 1: _RenderLayoutBuilder#146f7 relayoutBoundary=up1 NEEDS-PAINT NEEDS-COMPOSITING-BITS-UPDATE
      child: RenderPadding#5541e relayoutBoundary=up2 NEEDS-PAINT NEEDS-COMPOSITING-BITS-UPDATE
        child: RenderClipRect#74dbe relayoutBoundary=up3 NEEDS-PAINT NEEDS-COMPOSITING-BITS-UPDATE
          child: RenderTransform#b176b relayoutBoundary=up4 NEEDS-PAINT NEEDS-COMPOSITING-BITS-UPDATE
            child: _RenderScrollSemantics#d7344 relayoutBoundary=up5 NEEDS-PAINT NEEDS-COMPOSITING-BITS-UPDATE
    child 2: RenderConstrainedBox#4f847 relayoutBoundary=up1 NEEDS-PAINT NEEDS-COMPOSITING-BITS-UPDATE
      child: RenderSemanticsAnnotations#ef049 relayoutBoundary=up2 NEEDS-PAINT NEEDS-COMPOSITING-BITS-UPDATE
        child: RenderAnnotatedRegion<SystemUiOverlayStyle>#dd708 relayoutBoundary=up3 NEEDS-PAINT NEEDS-COMPOSITING-BITS-UPDATE
          child: RenderPhysicalModel#22fc8 relayoutBoundary=up4 NEEDS-PAINT NEEDS-COMPOSITING-BITS-UPDATE
            child: _RenderInkFeatures#a2bad relayoutBoundary=up5 NEEDS-PAINT NEEDS-COMPOSITING-BITS-UPDATE
    child 3: RenderDecoratedBox#8c5b1 relayoutBoundary=up1 NEEDS-PAINT NEEDS-COMPOSITING-BITS-UPDATE
      child: RenderPadding#0ebb7 relayoutBoundary=up2 NEEDS-PAINT NEEDS-COMPOSITING-BITS-UPDATE
        child: RenderPadding#64c72 relayoutBoundary=up3 NEEDS-PAINT NEEDS-COMPOSITING-BITS-UPDATE
          child: RenderPadding#ae319 relayoutBoundary=up4 NEEDS-PAINT NEEDS-COMPOSITING-BITS-UPDATE
            child: RenderFlex#09aad relayoutBoundary=up5 NEEDS-PAINT NEEDS-COMPOSITING-BITS-UPDATE
    child 4: RenderStack#f9791 NEEDS-LAYOUT NEEDS-PAINT NEEDS-COMPOSITING-BITS-UPDATE
      child 1: RenderTransform#fbf06 NEEDS-LAYOUT NEEDS-PAINT NEEDS-COMPOSITING-BITS-UPDATE
        child: RenderTransform#cfa35 NEEDS-LAYOUT NEEDS-PAINT
ΓòÉΓòÉΓòÉΓòÉΓòÉΓòÉΓòÉΓòÉΓòÉΓòÉΓòÉΓòÉΓòÉΓòÉΓòÉΓòÉΓòÉΓòÉΓòÉΓòÉΓòÉΓòÉΓòÉΓòÉΓòÉΓòÉΓòÉΓòÉΓòÉΓòÉΓòÉΓòÉΓòÉΓòÉΓòÉΓòÉΓòÉΓòÉΓòÉΓòÉΓòÉΓòÉΓòÉΓòÉΓòÉΓòÉΓòÉΓòÉΓòÉΓòÉΓòÉΓòÉΓòÉΓòÉΓòÉΓòÉΓòÉΓòÉΓòÉΓòÉΓòÉΓòÉΓòÉΓòÉΓòÉΓòÉΓòÉΓòÉΓòÉΓòÉΓòÉΓòÉΓòÉΓòÉΓòÉΓòÉΓòÉΓòÉΓòÉΓòÉΓòÉΓòÉΓòÉΓòÉΓòÉΓòÉΓòÉΓòÉΓòÉΓòÉΓòÉΓòÉΓòÉΓòÉΓòÉΓòÉΓòÉΓòÉΓòÉΓòÉ
ΓòÉΓòÉΓòí EXCEPTION CAUGHT BY RENDERING LIBRARY Γò₧ΓòÉΓòÉΓòÉΓòÉΓòÉΓòÉΓòÉΓòÉΓòÉΓòÉΓòÉΓòÉΓòÉΓòÉΓòÉΓòÉΓòÉΓòÉΓòÉΓòÉΓòÉΓòÉΓòÉΓòÉΓòÉΓòÉΓòÉΓòÉΓòÉΓòÉΓòÉΓòÉΓòÉΓòÉΓòÉΓòÉΓòÉΓòÉΓòÉΓòÉΓòÉΓòÉΓòÉΓòÉΓòÉΓòÉΓòÉΓòÉΓòÉΓòÉΓòÉΓòÉΓòÉΓòÉΓòÉΓòÉΓòÉ
The following assertion was thrown during paint():
RenderBox was not laid out: RenderTransform#b176b relayoutBoundary=up4 NEEDS-PAINT
'package:flutter/src/rendering/box.dart':
Failed assertion: line 2251 pos 12: 'hasSize'

Either the assertion indicates an error in the framework itself, or we should provide substantially
more information in this error message to help you determine and fix the underlying cause.
In either case, please report this assertion by filing a bug on GitHub:
  https://github.com/flutter/flutter/issues/new?template=02_bug.yml

The relevant error-causing widget was:
  Scaffold
  Scaffold:file:///C:/Users/bhara/StudioProjects/simple_billing_app/lib/views/widgets/app_scaffold.dart:257:12

When the exception was thrown, this was the stack:
#2      RenderBox.size (package:flutter/src/rendering/box.dart:2251:12)
#3      RenderTransform._effectiveTransform (package:flutter/src/rendering/proxy_box.dart:2700:49)
#4      RenderTransform.applyPaintTransform (package:flutter/src/rendering/proxy_box.dart:2783:24)
#5      InkFeature._getPaintTransform (package:flutter/src/material/material.dart:757:21)
#6      InkFeature._paint (package:flutter/src/material/material.dart:771:32)
#7      _RenderInkFeatures.paint (package:flutter/src/material/material.dart:629:20)
#8      RenderObject._paintWithContext (package:flutter/src/rendering/object.dart:3429:7)
#9      PaintingContext.paintChild (package:flutter/src/rendering/object.dart:265:13)
#10     RenderProxyBoxMixin.paint (package:flutter/src/rendering/proxy_box.dart:143:13)
#11     RenderPhysicalModel.paint.<anonymous closure> (package:flutter/src/rendering/proxy_box.dart:2252:15)
#12     PaintingContext.pushClipRRect (package:flutter/src/rendering/object.dart:626:14)
#13     RenderPhysicalModel.paint (package:flutter/src/rendering/proxy_box.dart:2239:21)
#14     RenderObject._paintWithContext (package:flutter/src/rendering/object.dart:3429:7)
#15     PaintingContext.paintChild (package:flutter/src/rendering/object.dart:265:13)
#16     RenderProxyBoxMixin.paint (package:flutter/src/rendering/proxy_box.dart:143:13)
#17     RenderObject._paintWithContext (package:flutter/src/rendering/object.dart:3429:7)
#18     PaintingContext.paintChild (package:flutter/src/rendering/object.dart:265:13)
#19     RenderProxyBoxMixin.paint (package:flutter/src/rendering/proxy_box.dart:143:13)
#20     RenderObject._paintWithContext (package:flutter/src/rendering/object.dart:3429:7)
#21     PaintingContext._repaintCompositedChild (package:flutter/src/rendering/object.dart:180:11)
#22     PaintingContext.repaintCompositedChild (package:flutter/src/rendering/object.dart:125:5)
#23     PaintingContext._compositeChild (package:flutter/src/rendering/object.dart:276:7)
#24     PaintingContext.paintChild (package:flutter/src/rendering/object.dart:257:7)
#25     RenderProxyBoxMixin.paint (package:flutter/src/rendering/proxy_box.dart:143:13)
#26     RenderObject._paintWithContext (package:flutter/src/rendering/object.dart:3429:7)
#27     PaintingContext.paintChild (package:flutter/src/rendering/object.dart:265:13)
#28     RenderProxyBoxMixin.paint (package:flutter/src/rendering/proxy_box.dart:143:13)
#29     RenderFractionalTranslation.paint (package:flutter/src/rendering/proxy_box.dart:3138:13)
#30     RenderObject._paintWithContext (package:flutter/src/rendering/object.dart:3429:7)
#31     PaintingContext.paintChild (package:flutter/src/rendering/object.dart:265:13)
#32     RenderProxyBoxMixin.paint (package:flutter/src/rendering/proxy_box.dart:143:13)
#33     RenderAnimatedOpacityMixin.paint (package:flutter/src/rendering/proxy_box.dart:1079:11)
#34     RenderObject._paintWithContext (package:flutter/src/rendering/object.dart:3429:7)
#35     PaintingContext._repaintCompositedChild (package:flutter/src/rendering/object.dart:180:11)
#36     PaintingContext.repaintCompositedChild (package:flutter/src/rendering/object.dart:125:5)
#37     PaintingContext._compositeChild (package:flutter/src/rendering/object.dart:276:7)
#38     PaintingContext.paintChild (package:flutter/src/rendering/object.dart:257:7)
#39     RenderProxyBoxMixin.paint (package:flutter/src/rendering/proxy_box.dart:143:13)
#40     RenderFractionalTranslation.paint (package:flutter/src/rendering/proxy_box.dart:3138:13)
#41     RenderObject._paintWithContext (package:flutter/src/rendering/object.dart:3429:7)
#42     PaintingContext.paintChild (package:flutter/src/rendering/object.dart:265:13)
#43     RenderProxyBoxMixin.paint (package:flutter/src/rendering/proxy_box.dart:143:13)
#44     RenderAnimatedOpacityMixin.paint (package:flutter/src/rendering/proxy_box.dart:1079:11)
#45     RenderObject._paintWithContext (package:flutter/src/rendering/object.dart:3429:7)
#46     PaintingContext._repaintCompositedChild (package:flutter/src/rendering/object.dart:180:11)
#47     PaintingContext.repaintCompositedChild (package:flutter/src/rendering/object.dart:125:5)
#48     PaintingContext._compositeChild (package:flutter/src/rendering/object.dart:276:7)
#49     PaintingContext.paintChild (package:flutter/src/rendering/object.dart:257:7)
#50     _RenderColoredBox.paint (package:flutter/src/widgets/basic.dart:8567:15)
#51     RenderObject._paintWithContext (package:flutter/src/rendering/object.dart:3429:7)
#52     PaintingContext.paintChild (package:flutter/src/rendering/object.dart:265:13)
#53     RenderProxyBoxMixin.paint (package:flutter/src/rendering/proxy_box.dart:143:13)
#54     RenderFractionalTranslation.paint (package:flutter/src/rendering/proxy_box.dart:3138:13)
#55     RenderObject._paintWithContext (package:flutter/src/rendering/object.dart:3429:7)
#56     PaintingContext.paintChild (package:flutter/src/rendering/object.dart:265:13)
#57     RenderProxyBoxMixin.paint (package:flutter/src/rendering/proxy_box.dart:143:13)
#58     RenderAnimatedOpacityMixin.paint (package:flutter/src/rendering/proxy_box.dart:1079:11)
#59     RenderObject._paintWithContext (package:flutter/src/rendering/object.dart:3429:7)
#60     PaintingContext._repaintCompositedChild (package:flutter/src/rendering/object.dart:180:11)
#61     PaintingContext.repaintCompositedChild (package:flutter/src/rendering/object.dart:125:5)
#62     PaintingContext._compositeChild (package:flutter/src/rendering/object.dart:276:7)
#63     PaintingContext.paintChild (package:flutter/src/rendering/object.dart:257:7)
#64     RenderProxyBoxMixin.paint (package:flutter/src/rendering/proxy_box.dart:143:13)
#65     RenderObject._paintWithContext (package:flutter/src/rendering/object.dart:3429:7)
#66     PaintingContext.paintChild (package:flutter/src/rendering/object.dart:265:13)
#67     RenderProxyBoxMixin.paint (package:flutter/src/rendering/proxy_box.dart:143:13)
#68     RenderFractionalTranslation.paint (package:flutter/src/rendering/proxy_box.dart:3138:13)
#69     RenderObject._paintWithContext (package:flutter/src/rendering/object.dart:3429:7)
#70     PaintingContext.paintChild (package:flutter/src/rendering/object.dart:265:13)
#71     RenderProxyBoxMixin.paint (package:flutter/src/rendering/proxy_box.dart:143:13)
#72     RenderAnimatedOpacityMixin.paint (package:flutter/src/rendering/proxy_box.dart:1079:11)
#73     RenderObject._paintWithContext (package:flutter/src/rendering/object.dart:3429:7)
#74     PaintingContext._repaintCompositedChild (package:flutter/src/rendering/object.dart:180:11)
#75     PaintingContext.repaintCompositedChild (package:flutter/src/rendering/object.dart:125:5)
#76     PaintingContext._compositeChild (package:flutter/src/rendering/object.dart:276:7)
#77     PaintingContext.paintChild (package:flutter/src/rendering/object.dart:257:7)
#78     RenderProxyBoxMixin.paint (package:flutter/src/rendering/proxy_box.dart:143:13)
#79     RenderObject._paintWithContext (package:flutter/src/rendering/object.dart:3429:7)
#80     PaintingContext._repaintCompositedChild (package:flutter/src/rendering/object.dart:180:11)
#81     PaintingContext.repaintCompositedChild (package:flutter/src/rendering/object.dart:125:5)
#82     PaintingContext._compositeChild (package:flutter/src/rendering/object.dart:276:7)
#83     PaintingContext.paintChild (package:flutter/src/rendering/object.dart:257:7)
#84     RenderProxyBoxMixin.paint (package:flutter/src/rendering/proxy_box.dart:143:13)
#85     RenderObject._paintWithContext (package:flutter/src/rendering/object.dart:3429:7)
#86     PaintingContext.paintChild (package:flutter/src/rendering/object.dart:265:13)
#87     RenderProxyBoxMixin.paint (package:flutter/src/rendering/proxy_box.dart:143:13)
#88     RenderOffstage.paint (package:flutter/src/rendering/proxy_box.dart:3943:11)
#89     RenderObject._paintWithContext (package:flutter/src/rendering/object.dart:3429:7)
#90     PaintingContext.paintChild (package:flutter/src/rendering/object.dart:265:13)
#91     RenderProxyBoxMixin.paint (package:flutter/src/rendering/proxy_box.dart:143:13)
#92     RenderObject._paintWithContext (package:flutter/src/rendering/object.dart:3429:7)
#93     PaintingContext.paintChild (package:flutter/src/rendering/object.dart:265:13)
#94     _RenderTheaterMixin.paint (package:flutter/src/widgets/overlay.dart:1119:15)
#95     _RenderTheater.paint (package:flutter/src/widgets/overlay.dart:1476:13)
#96     RenderObject._paintWithContext (package:flutter/src/rendering/object.dart:3429:7)
#97     PaintingContext.paintChild (package:flutter/src/rendering/object.dart:265:13)
#98     RenderProxyBoxMixin.paint (package:flutter/src/rendering/proxy_box.dart:143:13)
#99     RenderObject._paintWithContext (package:flutter/src/rendering/object.dart:3429:7)
#100    PaintingContext.paintChild (package:flutter/src/rendering/object.dart:265:13)
#101    RenderProxyBoxMixin.paint (package:flutter/src/rendering/proxy_box.dart:143:13)
#102    RenderObject._paintWithContext (package:flutter/src/rendering/object.dart:3429:7)
#103    PaintingContext.paintChild (package:flutter/src/rendering/object.dart:265:13)
#104    RenderProxyBoxMixin.paint (package:flutter/src/rendering/proxy_box.dart:143:13)
#105    RenderObject._paintWithContext (package:flutter/src/rendering/object.dart:3429:7)
#106    PaintingContext.paintChild (package:flutter/src/rendering/object.dart:265:13)
#107    RenderProxyBoxMixin.paint (package:flutter/src/rendering/proxy_box.dart:143:13)
#108    RenderCustomPaint.paint (package:flutter/src/rendering/custom_paint.dart:644:11)
#109    RenderObject._paintWithContext (package:flutter/src/rendering/object.dart:3429:7)
#110    PaintingContext.paintChild (package:flutter/src/rendering/object.dart:265:13)
#111    RenderProxyBoxMixin.paint (package:flutter/src/rendering/proxy_box.dart:143:13)
#112    RenderObject._paintWithContext (package:flutter/src/rendering/object.dart:3429:7)
#113    PaintingContext.paintChild (package:flutter/src/rendering/object.dart:265:13)
#114    RenderProxyBoxMixin.paint (package:flutter/src/rendering/proxy_box.dart:143:13)
#115    RenderObject._paintWithContext (package:flutter/src/rendering/object.dart:3429:7)
#116    PaintingContext.paintChild (package:flutter/src/rendering/object.dart:265:13)
#117    RenderProxyBoxMixin.paint (package:flutter/src/rendering/proxy_box.dart:143:13)
#118    RenderObject._paintWithContext (package:flutter/src/rendering/object.dart:3429:7)
#119    PaintingContext.paintChild (package:flutter/src/rendering/object.dart:265:13)
#120    RenderProxyBoxMixin.paint (package:flutter/src/rendering/proxy_box.dart:143:13)
#121    RenderObject._paintWithContext (package:flutter/src/rendering/object.dart:3429:7)
#122    PaintingContext.paintChild (package:flutter/src/rendering/object.dart:265:13)
#123    RenderProxyBoxMixin.paint (package:flutter/src/rendering/proxy_box.dart:143:13)
#124    RenderObject._paintWithContext (package:flutter/src/rendering/object.dart:3429:7)
#125    PaintingContext.paintChild (package:flutter/src/rendering/object.dart:265:13)
#126    RenderProxyBoxMixin.paint (package:flutter/src/rendering/proxy_box.dart:143:13)
#127    RenderObject._paintWithContext (package:flutter/src/rendering/object.dart:3429:7)
#128    PaintingContext.paintChild (package:flutter/src/rendering/object.dart:265:13)
#129    RenderView.paint (package:flutter/src/rendering/view.dart:320:15)
#130    RenderObject._paintWithContext (package:flutter/src/rendering/object.dart:3429:7)
#131    PaintingContext._repaintCompositedChild (package:flutter/src/rendering/object.dart:180:11)
#132    PaintingContext.repaintCompositedChild (package:flutter/src/rendering/object.dart:125:5)
#133    PipelineOwner.flushPaint (package:flutter/src/rendering/object.dart:1325:31)
#134    PipelineOwner.flushPaint (package:flutter/src/rendering/object.dart:1335:15)
#135    AutomatedTestWidgetsFlutterBinding.drawFrame (package:flutter_test/src/binding.dart:2137:31)
#136    RendererBinding._handlePersistentFrameCallback (package:flutter/src/rendering/binding.dart:495:5)
#137    SchedulerBinding._invokeFrameCallback (package:flutter/src/scheduler/binding.dart:1430:15)
#138    SchedulerBinding.handleDrawFrame (package:flutter/src/scheduler/binding.dart:1345:9)
#139    AutomatedTestWidgetsFlutterBinding.pump.<anonymous closure> (package:flutter_test/src/binding.dart:1960:9)
#142    TestAsyncUtils.guard (package:flutter_test/src/test_async_utils.dart:74:41)
#143    AutomatedTestWidgetsFlutterBinding.pump (package:flutter_test/src/binding.dart:1949:27)
#144    WidgetTester.pumpWidget.<anonymous closure> (package:flutter_test/src/widget_tester.dart:598:22)
#147    TestAsyncUtils.guard (package:flutter_test/src/test_async_utils.dart:74:41)
#148    WidgetTester.pumpWidget (package:flutter_test/src/widget_tester.dart:595:27)
#149    main.<anonymous closure>.<anonymous closure> (file:///C:/Users/bhara/StudioProjects/simple_billing_app/test/widget/billing_screen_test.dart:38:20)
#150    testWidgets.<anonymous closure>.<anonymous closure> (package:flutter_test/src/widget_tester.dart:192:29)
<asynchronous suspension>
#151    TestWidgetsFlutterBinding._runTestBody (package:flutter_test/src/binding.dart:1682:5)
<asynchronous suspension>
<asynchronous suspension>
(elided 7 frames from class _AssertionError, dart:async, and package:stack_trace)

The following RenderObject was being processed when the exception was fired: _RenderInkFeatures#6909b:
  needs compositing
  creator: _InkFeatures-[GlobalKey#71e8b ink renderer] ΓåÉ
    NotificationListener<LayoutChangedNotification> ΓåÉ PhysicalModel ΓåÉ AnimatedPhysicalModel ΓåÉ Material
    ΓåÉ _ScrollNotificationObserverScope ΓåÉ NotificationListener<ScrollNotification> ΓåÉ
    NotificationListener<ScrollMetricsNotification> ΓåÉ ScrollNotificationObserver ΓåÉ _ScaffoldScope ΓåÉ
    Scaffold ΓåÉ AppScaffold ΓåÉ Γï»
  parentData: <none> (can use size)
  constraints: BoxConstraints(w=1200.0, h=800.0)
  size: Size(1200.0, 800.0)
This RenderObject had the following descendants (showing up to depth 5):
    child: RenderCustomMultiChildLayoutBox#fb036 NEEDS-PAINT
      child 1: _RenderLayoutBuilder#146f7 relayoutBoundary=up1 NEEDS-PAINT
        child: RenderPadding#5541e relayoutBoundary=up2 NEEDS-PAINT
          child: RenderClipRect#74dbe relayoutBoundary=up3 NEEDS-PAINT
            child: RenderTransform#b176b relayoutBoundary=up4 NEEDS-PAINT
      child 2: RenderConstrainedBox#4f847 relayoutBoundary=up1 NEEDS-PAINT
        child: RenderSemanticsAnnotations#ef049 relayoutBoundary=up2 NEEDS-PAINT
          child: RenderAnnotatedRegion<SystemUiOverlayStyle>#dd708 relayoutBoundary=up3 NEEDS-PAINT
            child: RenderPhysicalModel#22fc8 relayoutBoundary=up4 NEEDS-PAINT
      child 3: RenderDecoratedBox#8c5b1 relayoutBoundary=up1 NEEDS-PAINT
        child: RenderPadding#0ebb7 relayoutBoundary=up2 NEEDS-PAINT
          child: RenderPadding#64c72 relayoutBoundary=up3 NEEDS-PAINT
            child: RenderPadding#ae319 relayoutBoundary=up4 NEEDS-PAINT
      child 4: RenderStack#f9791 NEEDS-LAYOUT NEEDS-PAINT
        child 1: RenderTransform#fbf06 NEEDS-LAYOUT NEEDS-PAINT
          child: RenderTransform#cfa35 NEEDS-LAYOUT NEEDS-PAINT
ΓòÉΓòÉΓòÉΓòÉΓòÉΓòÉΓòÉΓòÉΓòÉΓòÉΓòÉΓòÉΓòÉΓòÉΓòÉΓòÉΓòÉΓòÉΓòÉΓòÉΓòÉΓòÉΓòÉΓòÉΓòÉΓòÉΓòÉΓòÉΓòÉΓòÉΓòÉΓòÉΓòÉΓòÉΓòÉΓòÉΓòÉΓòÉΓòÉΓòÉΓòÉΓòÉΓòÉΓòÉΓòÉΓòÉΓòÉΓòÉΓòÉΓòÉΓòÉΓòÉΓòÉΓòÉΓòÉΓòÉΓòÉΓòÉΓòÉΓòÉΓòÉΓòÉΓòÉΓòÉΓòÉΓòÉΓòÉΓòÉΓòÉΓòÉΓòÉΓòÉΓòÉΓòÉΓòÉΓòÉΓòÉΓòÉΓòÉΓòÉΓòÉΓòÉΓòÉΓòÉΓòÉΓòÉΓòÉΓòÉΓòÉΓòÉΓòÉΓòÉΓòÉΓòÉΓòÉΓòÉΓòÉΓòÉΓòÉΓòÉ
ΓòÉΓòÉΓòí EXCEPTION CAUGHT BY SCHEDULER LIBRARY Γò₧ΓòÉΓòÉΓòÉΓòÉΓòÉΓòÉΓòÉΓòÉΓòÉΓòÉΓòÉΓòÉΓòÉΓòÉΓòÉΓòÉΓòÉΓòÉΓòÉΓòÉΓòÉΓòÉΓòÉΓòÉΓòÉΓòÉΓòÉΓòÉΓòÉΓòÉΓòÉΓòÉΓòÉΓòÉΓòÉΓòÉΓòÉΓòÉΓòÉΓòÉΓòÉΓòÉΓòÉΓòÉΓòÉΓòÉΓòÉΓòÉΓòÉΓòÉΓòÉΓòÉΓòÉΓòÉΓòÉΓòÉΓòÉ
The following assertion was thrown during a scheduler callback:
'package:flutter/src/rendering/object.dart': Failed assertion: line 5737 pos 14:
'!childSemantics.renderObject._needsLayout': is not true.

Either the assertion indicates an error in the framework itself, or we should provide substantially
more information in this error message to help you determine and fix the underlying cause.
In either case, please report this assertion by filing a bug on GitHub:
  https://github.com/flutter/flutter/issues/new?template=02_bug.yml

When the exception was thrown, this was the stack:
#2      _RenderObjectSemantics._collectChildMergeUpAndSiblingGroup (package:flutter/src/rendering/object.dart:5737:14)
#3      _RenderObjectSemantics.updateChildren (package:flutter/src/rendering/object.dart:5608:50)
#4      _RenderObjectSemantics._didUpdateParentData (package:flutter/src/rendering/object.dart:5815:5)
#5      _RenderObjectSemantics._collectChildMergeUpAndSiblingGroup (package:flutter/src/rendering/object.dart:5738:22)
#6      _RenderObjectSemantics.updateChildren (package:flutter/src/rendering/object.dart:5608:50)
#7      _RenderObjectSemantics._didUpdateParentData (package:flutter/src/rendering/object.dart:5815:5)
#8      _RenderObjectSemantics._collectChildMergeUpAndSiblingGroup (package:flutter/src/rendering/object.dart:5738:22)
#9      _RenderObjectSemantics.updateChildren (package:flutter/src/rendering/object.dart:5608:50)
#10     _RenderObjectSemantics._didUpdateParentData (package:flutter/src/rendering/object.dart:5815:5)
#11     _RenderObjectSemantics._collectChildMergeUpAndSiblingGroup (package:flutter/src/rendering/object.dart:5738:22)
#12     _RenderObjectSemantics.updateChildren (package:flutter/src/rendering/object.dart:5608:50)
#13     _RenderObjectSemantics._didUpdateParentData (package:flutter/src/rendering/object.dart:5815:5)
#14     _RenderObjectSemantics._collectChildMergeUpAndSiblingGroup (package:flutter/src/rendering/object.dart:5738:22)
#15     _RenderObjectSemantics.updateChildren (package:flutter/src/rendering/object.dart:5608:50)
#16     _RenderObjectSemantics._didUpdateParentData (package:flutter/src/rendering/object.dart:5815:5)
#17     _RenderObjectSemantics._collectChildMergeUpAndSiblingGroup (package:flutter/src/rendering/object.dart:5738:22)
#18     _RenderObjectSemantics.updateChildren (package:flutter/src/rendering/object.dart:5608:50)
#19     _RenderObjectSemantics._didUpdateParentData (package:flutter/src/rendering/object.dart:5815:5)
#20     _RenderObjectSemantics._collectChildMergeUpAndSiblingGroup (package:flutter/src/rendering/object.dart:5738:22)
#21     _RenderObjectSemantics.updateChildren (package:flutter/src/rendering/object.dart:5608:50)
#22     _RenderObjectSemantics._didUpdateParentData (package:flutter/src/rendering/object.dart:5815:5)
#23     _RenderObjectSemantics._collectChildMergeUpAndSiblingGroup (package:flutter/src/rendering/object.dart:5738:22)
#24     _RenderObjectSemantics.updateChildren (package:flutter/src/rendering/object.dart:5608:50)
#25     _RenderObjectSemantics._didUpdateParentData (package:flutter/src/rendering/object.dart:5815:5)
#26     _RenderObjectSemantics._collectChildMergeUpAndSiblingGroup (package:flutter/src/rendering/object.dart:5738:22)
#27     _RenderObjectSemantics.updateChildren (package:flutter/src/rendering/object.dart:5608:50)
#28     _RenderObjectSemantics._didUpdateParentData (package:flutter/src/rendering/object.dart:5815:5)
#29     _RenderObjectSemantics._collectChildMergeUpAndSiblingGroup (package:flutter/src/rendering/object.dart:5738:22)
#30     _RenderObjectSemantics.updateChildren (package:flutter/src/rendering/object.dart:5608:50)
#31     _RenderObjectSemantics._didUpdateParentData (package:flutter/src/rendering/object.dart:5815:5)
#32     _RenderObjectSemantics._collectChildMergeUpAndSiblingGroup (package:flutter/src/rendering/object.dart:5738:22)
#33     _RenderObjectSemantics.updateChildren (package:flutter/src/rendering/object.dart:5608:50)
#34     _RenderObjectSemantics._didUpdateParentData (package:flutter/src/rendering/object.dart:5815:5)
#35     _RenderObjectSemantics._collectChildMergeUpAndSiblingGroup (package:flutter/src/rendering/object.dart:5738:22)
#36     _RenderObjectSemantics.updateChildren (package:flutter/src/rendering/object.dart:5608:50)
#37     _RenderObjectSemantics._didUpdateParentData (package:flutter/src/rendering/object.dart:5815:5)
#38     _RenderObjectSemantics._collectChildMergeUpAndSiblingGroup (package:flutter/src/rendering/object.dart:5738:22)
#39     _RenderObjectSemantics.updateChildren (package:flutter/src/rendering/object.dart:5608:50)
#40     _RenderObjectSemantics._didUpdateParentData (package:flutter/src/rendering/object.dart:5815:5)
#41     _RenderObjectSemantics._collectChildMergeUpAndSiblingGroup (package:flutter/src/rendering/object.dart:5738:22)
#42     _RenderObjectSemantics.updateChildren (package:flutter/src/rendering/object.dart:5608:50)
#43     _RenderObjectSemantics._didUpdateParentData (package:flutter/src/rendering/object.dart:5815:5)
#44     _RenderObjectSemantics._collectChildMergeUpAndSiblingGroup (package:flutter/src/rendering/object.dart:5738:22)
#45     _RenderObjectSemantics.updateChildren (package:flutter/src/rendering/object.dart:5608:50)
#46     _RenderObjectSemantics._didUpdateParentData (package:flutter/src/rendering/object.dart:5815:5)
#47     _RenderObjectSemantics._collectChildMergeUpAndSiblingGroup (package:flutter/src/rendering/object.dart:5738:22)
#48     _RenderObjectSemantics.updateChildren (package:flutter/src/rendering/object.dart:5608:50)
#49     _RenderObjectSemantics._didUpdateParentData (package:flutter/src/rendering/object.dart:5815:5)
#50     _RenderObjectSemantics._collectChildMergeUpAndSiblingGroup (package:flutter/src/rendering/object.dart:5738:22)
#51     _RenderObjectSemantics.updateChildren (package:flutter/src/rendering/object.dart:5608:50)
#52     _RenderObjectSemantics._didUpdateParentData (package:flutter/src/rendering/object.dart:5815:5)
#53     _RenderObjectSemantics._collectChildMergeUpAndSiblingGroup (package:flutter/src/rendering/object.dart:5738:22)
#54     _RenderObjectSemantics.updateChildren (package:flutter/src/rendering/object.dart:5608:50)
#55     _RenderObjectSemantics._didUpdateParentData (package:flutter/src/rendering/object.dart:5815:5)
#56     _RenderObjectSemantics._collectChildMergeUpAndSiblingGroup (package:flutter/src/rendering/object.dart:5738:22)
#57     _RenderObjectSemantics.updateChildren (package:flutter/src/rendering/object.dart:5608:50)
#58     _RenderObjectSemantics._didUpdateParentData (package:flutter/src/rendering/object.dart:5815:5)
#59     _RenderObjectSemantics._collectChildMergeUpAndSiblingGroup (package:flutter/src/rendering/object.dart:5738:22)
#60     _RenderObjectSemantics.updateChildren (package:flutter/src/rendering/object.dart:5608:50)
#61     _RenderObjectSemantics._didUpdateParentData (package:flutter/src/rendering/object.dart:5815:5)
#62     _RenderObjectSemantics._collectChildMergeUpAndSiblingGroup (package:flutter/src/rendering/object.dart:5738:22)
#63     _RenderObjectSemantics.updateChildren (package:flutter/src/rendering/object.dart:5608:50)
#64     _RenderObjectSemantics._didUpdateParentData (package:flutter/src/rendering/object.dart:5815:5)
#65     _RenderObjectSemantics._collectChildMergeUpAndSiblingGroup (package:flutter/src/rendering/object.dart:5738:22)
#66     _RenderObjectSemantics.updateChildren (package:flutter/src/rendering/object.dart:5608:50)
#67     _RenderObjectSemantics._didUpdateParentData (package:flutter/src/rendering/object.dart:5815:5)
#68     _RenderObjectSemantics._collectChildMergeUpAndSiblingGroup (package:flutter/src/rendering/object.dart:5738:22)
#69     _RenderObjectSemantics.updateChildren (package:flutter/src/rendering/object.dart:5608:50)
#70     _RenderObjectSemantics._didUpdateParentData (package:flutter/src/rendering/object.dart:5815:5)
#71     _RenderObjectSemantics._collectChildMergeUpAndSiblingGroup (package:flutter/src/rendering/object.dart:5738:22)
#72     _RenderObjectSemantics.updateChildren (package:flutter/src/rendering/object.dart:5608:50)
#73     _RenderObjectSemantics._didUpdateParentData (package:flutter/src/rendering/object.dart:5815:5)
#74     _RenderObjectSemantics._collectChildMergeUpAndSiblingGroup (package:flutter/src/rendering/object.dart:5738:22)
#75     _RenderObjectSemantics.updateChildren (package:flutter/src/rendering/object.dart:5608:50)
#76     _RenderObjectSemantics._didUpdateParentData (package:flutter/src/rendering/object.dart:5815:5)
#77     _RenderObjectSemantics._collectChildMergeUpAndSiblingGroup (package:flutter/src/rendering/object.dart:5738:22)
#78     _RenderObjectSemantics.updateChildren (package:flutter/src/rendering/object.dart:5608:50)
#79     _RenderObjectSemantics._didUpdateParentData (package:flutter/src/rendering/object.dart:5815:5)
#80     _RenderObjectSemantics._collectChildMergeUpAndSiblingGroup (package:flutter/src/rendering/object.dart:5738:22)
#81     _RenderObjectSemantics.updateChildren (package:flutter/src/rendering/object.dart:5608:50)
#82     _RenderObjectSemantics._didUpdateParentData (package:flutter/src/rendering/object.dart:5815:5)
#83     _RenderObjectSemantics._collectChildMergeUpAndSiblingGroup (package:flutter/src/rendering/object.dart:5738:22)
#84     _RenderObjectSemantics.updateChildren (package:flutter/src/rendering/object.dart:5608:50)
#85     _RenderObjectSemantics._didUpdateParentData (package:flutter/src/rendering/object.dart:5815:5)
#86     _RenderObjectSemantics._collectChildMergeUpAndSiblingGroup (package:flutter/src/rendering/object.dart:5738:22)
#87     _RenderObjectSemantics.updateChildren (package:flutter/src/rendering/object.dart:5608:50)
#88     _RenderObjectSemantics._didUpdateParentData (package:flutter/src/rendering/object.dart:5815:5)
#89     _RenderObjectSemantics._collectChildMergeUpAndSiblingGroup (package:flutter/src/rendering/object.dart:5738:22)
#90     _RenderObjectSemantics.updateChildren (package:flutter/src/rendering/object.dart:5608:50)
#91     _RenderObjectSemantics._didUpdateParentData (package:flutter/src/rendering/object.dart:5815:5)
#92     _RenderObjectSemantics._collectChildMergeUpAndSiblingGroup (package:flutter/src/rendering/object.dart:5738:22)
#93     _RenderObjectSemantics.updateChildren (package:flutter/src/rendering/object.dart:5608:50)
#94     _RenderObjectSemantics._didUpdateParentData (package:flutter/src/rendering/object.dart:5815:5)
#95     _RenderObjectSemantics._collectChildMergeUpAndSiblingGroup (package:flutter/src/rendering/object.dart:5738:22)
#96     _RenderObjectSemantics.updateChildren (package:flutter/src/rendering/object.dart:5608:50)
#97     _RenderObjectSemantics._didUpdateParentData (package:flutter/src/rendering/object.dart:5815:5)
#98     _RenderObjectSemantics._collectChildMergeUpAndSiblingGroup (package:flutter/src/rendering/object.dart:5738:22)
#99     _RenderObjectSemantics.updateChildren (package:flutter/src/rendering/object.dart:5608:50)
#100    _RenderObjectSemantics._didUpdateParentData (package:flutter/src/rendering/object.dart:5815:5)
#101    _RenderObjectSemantics._collectChildMergeUpAndSiblingGroup (package:flutter/src/rendering/object.dart:5738:22)
#102    _RenderObjectSemantics.updateChildren (package:flutter/src/rendering/object.dart:5608:50)
#103    _RenderObjectSemantics._didUpdateParentData (package:flutter/src/rendering/object.dart:5815:5)
#104    _RenderObjectSemantics._collectChildMergeUpAndSiblingGroup (package:flutter/src/rendering/object.dart:5738:22)
#105    _RenderObjectSemantics.updateChildren (package:flutter/src/rendering/object.dart:5608:50)
#106    _RenderObjectSemantics._didUpdateParentData (package:flutter/src/rendering/object.dart:5815:5)
#107    _RenderObjectSemantics._collectChildMergeUpAndSiblingGroup (package:flutter/src/rendering/object.dart:5738:22)
#108    _RenderObjectSemantics.updateChildren (package:flutter/src/rendering/object.dart:5608:50)
#109    _RenderObjectSemantics._didUpdateParentData (package:flutter/src/rendering/object.dart:5815:5)
#110    _RenderObjectSemantics._collectChildMergeUpAndSiblingGroup (package:flutter/src/rendering/object.dart:5738:22)
#111    _RenderObjectSemantics.updateChildren (package:flutter/src/rendering/object.dart:5608:50)
#112    _RenderObjectSemantics._didUpdateParentData (package:flutter/src/rendering/object.dart:5815:5)
#113    _RenderObjectSemantics._collectChildMergeUpAndSiblingGroup (package:flutter/src/rendering/object.dart:5738:22)
#114    _RenderObjectSemantics.updateChildren (package:flutter/src/rendering/object.dart:5608:50)
#115    _RenderObjectSemantics._didUpdateParentData (package:flutter/src/rendering/object.dart:5815:5)
#116    _RenderObjectSemantics._collectChildMergeUpAndSiblingGroup (package:flutter/src/rendering/object.dart:5738:22)
#117    _RenderObjectSemantics.updateChildren (package:flutter/src/rendering/object.dart:5608:50)
#118    _RenderObjectSemantics._didUpdateParentData (package:flutter/src/rendering/object.dart:5815:5)
#119    _RenderObjectSemantics._collectChildMergeUpAndSiblingGroup (package:flutter/src/rendering/object.dart:5738:22)
#120    _RenderObjectSemantics.updateChildren (package:flutter/src/rendering/object.dart:5608:50)
#121    _RenderObjectSemantics._didUpdateParentData (package:flutter/src/rendering/object.dart:5815:5)
#122    _RenderObjectSemantics._collectChildMergeUpAndSiblingGroup (package:flutter/src/rendering/object.dart:5738:22)
#123    _RenderObjectSemantics.updateChildren (package:flutter/src/rendering/object.dart:5608:50)
#124    _RenderObjectSemantics._didUpdateParentData (package:flutter/src/rendering/object.dart:5815:5)
#125    _RenderObjectSemantics._collectChildMergeUpAndSiblingGroup (package:flutter/src/rendering/object.dart:5738:22)
#126    _RenderObjectSemantics.updateChildren (package:flutter/src/rendering/object.dart:5608:50)
#127    _RenderObjectSemantics._didUpdateParentData (package:flutter/src/rendering/object.dart:5815:5)
#128    _RenderObjectSemantics._collectChildMergeUpAndSiblingGroup (package:flutter/src/rendering/object.dart:5738:22)
#129    _RenderObjectSemantics.updateChildren (package:flutter/src/rendering/object.dart:5608:50)
#130    _RenderObjectSemantics._didUpdateParentData (package:flutter/src/rendering/object.dart:5815:5)
#131    _RenderObjectSemantics._collectChildMergeUpAndSiblingGroup (package:flutter/src/rendering/object.dart:5738:22)
#132    _RenderObjectSemantics.updateChildren (package:flutter/src/rendering/object.dart:5608:50)
#133    _RenderObjectSemantics._didUpdateParentData (package:flutter/src/rendering/object.dart:5815:5)
#134    _RenderObjectSemantics._collectChildMergeUpAndSiblingGroup (package:flutter/src/rendering/object.dart:5738:22)
#135    _RenderObjectSemantics.updateChildren (package:flutter/src/rendering/object.dart:5608:50)
#136    _RenderObjectSemantics._didUpdateParentData (package:flutter/src/rendering/object.dart:5815:5)
#137    _RenderObjectSemantics._collectChildMergeUpAndSiblingGroup (package:flutter/src/rendering/object.dart:5738:22)
#138    _RenderObjectSemantics.updateChildren (package:flutter/src/rendering/object.dart:5608:50)
#139    _RenderObjectSemantics._didUpdateParentData (package:flutter/src/rendering/object.dart:5815:5)
#140    _RenderObjectSemantics._collectChildMergeUpAndSiblingGroup (package:flutter/src/rendering/object.dart:5738:22)
#141    _RenderObjectSemantics.updateChildren (package:flutter/src/rendering/object.dart:5608:50)
#142    _RenderObjectSemantics._didUpdateParentData (package:flutter/src/rendering/object.dart:5815:5)
#143    _RenderObjectSemantics._collectChildMergeUpAndSiblingGroup (package:flutter/src/rendering/object.dart:5738:22)
#144    _RenderObjectSemantics.updateChildren (package:flutter/src/rendering/object.dart:5608:50)
#145    _RenderObjectSemantics._didUpdateParentData (package:flutter/src/rendering/object.dart:5815:5)
#146    _RenderObjectSemantics._collectChildMergeUpAndSiblingGroup (package:flutter/src/rendering/object.dart:5738:22)
#147    _RenderObjectSemantics.updateChildren (package:flutter/src/rendering/object.dart:5608:50)
#148    _RenderObjectSemantics._didUpdateParentData (package:flutter/src/rendering/object.dart:5815:5)
#149    _RenderObjectSemantics._collectChildMergeUpAndSiblingGroup (package:flutter/src/rendering/object.dart:5738:22)
#150    _RenderObjectSemantics.updateChildren (package:flutter/src/rendering/object.dart:5608:50)
#151    _RenderObjectSemantics._didUpdateParentData (package:flutter/src/rendering/object.dart:5815:5)
#152    _RenderObjectSemantics._collectChildMergeUpAndSiblingGroup (package:flutter/src/rendering/object.dart:5738:22)
#153    _RenderObjectSemantics.updateChildren (package:flutter/src/rendering/object.dart:5608:50)
#154    _RenderObjectSemantics._didUpdateParentData (package:flutter/src/rendering/object.dart:5815:5)
#155    _RenderObjectSemantics._collectChildMergeUpAndSiblingGroup (package:flutter/src/rendering/object.dart:5738:22)
#156    _RenderObjectSemantics.updateChildren (package:flutter/src/rendering/object.dart:5608:50)
#157    _RenderObjectSemantics._didUpdateParentData (package:flutter/src/rendering/object.dart:5815:5)
#158    _RenderObjectSemantics._collectChildMergeUpAndSiblingGroup (package:flutter/src/rendering/object.dart:5738:22)
#159    _RenderObjectSemantics.updateChildren (package:flutter/src/rendering/object.dart:5608:50)
#160    _RenderObjectSemantics._didUpdateParentData (package:flutter/src/rendering/object.dart:5815:5)
#161    _RenderObjectSemantics._collectChildMergeUpAndSiblingGroup (package:flutter/src/rendering/object.dart:5738:22)
#162    _RenderObjectSemantics.updateChildren (package:flutter/src/rendering/object.dart:5608:50)
#163    _RenderObjectSemantics._didUpdateParentData (package:flutter/src/rendering/object.dart:5815:5)
#164    _RenderObjectSemantics._collectChildMergeUpAndSiblingGroup (package:flutter/src/rendering/object.dart:5738:22)
#165    _RenderObjectSemantics.updateChildren (package:flutter/src/rendering/object.dart:5608:50)
#166    _RenderObjectSemantics._didUpdateParentData (package:flutter/src/rendering/object.dart:5815:5)
#167    _RenderObjectSemantics._collectChildMergeUpAndSiblingGroup (package:flutter/src/rendering/object.dart:5738:22)
#168    _RenderObjectSemantics.updateChildren (package:flutter/src/rendering/object.dart:5608:50)
#169    _RenderObjectSemantics._didUpdateParentData (package:flutter/src/rendering/object.dart:5815:5)
#170    _RenderObjectSemantics._collectChildMergeUpAndSiblingGroup (package:flutter/src/rendering/object.dart:5738:22)
#171    _RenderObjectSemantics.updateChildren (package:flutter/src/rendering/object.dart:5608:50)
#172    PipelineOwner.flushSemantics (package:flutter/src/rendering/object.dart:1473:25)
#173    PipelineOwner.flushSemantics (package:flutter/src/rendering/object.dart:1518:15)
#174    AutomatedTestWidgetsFlutterBinding.drawFrame (package:flutter_test/src/binding.dart:2144:35)
#175    RendererBinding._handlePersistentFrameCallback (package:flutter/src/rendering/binding.dart:495:5)
#176    SchedulerBinding._invokeFrameCallback (package:flutter/src/scheduler/binding.dart:1430:15)
#177    SchedulerBinding.handleDrawFrame (package:flutter/src/scheduler/binding.dart:1345:9)
#178    AutomatedTestWidgetsFlutterBinding.pump.<anonymous closure> (package:flutter_test/src/binding.dart:1960:9)
#181    TestAsyncUtils.guard (package:flutter_test/src/test_async_utils.dart:74:41)
#182    AutomatedTestWidgetsFlutterBinding.pump (package:flutter_test/src/binding.dart:1949:27)
#183    WidgetTester.pumpWidget.<anonymous closure> (package:flutter_test/src/widget_tester.dart:598:22)
#186    TestAsyncUtils.guard (package:flutter_test/src/test_async_utils.dart:74:41)
#187    WidgetTester.pumpWidget (package:flutter_test/src/widget_tester.dart:595:27)
#188    main.<anonymous closure>.<anonymous closure> (file:///C:/Users/bhara/StudioProjects/simple_billing_app/test/widget/billing_screen_test.dart:38:20)
#189    testWidgets.<anonymous closure>.<anonymous closure> (package:flutter_test/src/widget_tester.dart:192:29)
<asynchronous suspension>
#190    TestWidgetsFlutterBinding._runTestBody (package:flutter_test/src/binding.dart:1682:5)
<asynchronous suspension>
<asynchronous suspension>
(elided 7 frames from class _AssertionError, dart:async, and package:stack_trace)
ΓòÉΓòÉΓòÉΓòÉΓòÉΓòÉΓòÉΓòÉΓòÉΓòÉΓòÉΓòÉΓòÉΓòÉΓòÉΓòÉΓòÉΓòÉΓòÉΓòÉΓòÉΓòÉΓòÉΓòÉΓòÉΓòÉΓòÉΓòÉΓòÉΓòÉΓòÉΓòÉΓòÉΓòÉΓòÉΓòÉΓòÉΓòÉΓòÉΓòÉΓòÉΓòÉΓòÉΓòÉΓòÉΓòÉΓòÉΓòÉΓòÉΓòÉΓòÉΓòÉΓòÉΓòÉΓòÉΓòÉΓòÉΓòÉΓòÉΓòÉΓòÉΓòÉΓòÉΓòÉΓòÉΓòÉΓòÉΓòÉΓòÉΓòÉΓòÉΓòÉΓòÉΓòÉΓòÉΓòÉΓòÉΓòÉΓòÉΓòÉΓòÉΓòÉΓòÉΓòÉΓòÉΓòÉΓòÉΓòÉΓòÉΓòÉΓòÉΓòÉΓòÉΓòÉΓòÉΓòÉΓòÉΓòÉΓòÉΓòÉ
ΓòÉΓòÉΓòí EXCEPTION CAUGHT BY FLUTTER TEST FRAMEWORK Γò₧ΓòÉΓòÉΓòÉΓòÉΓòÉΓòÉΓòÉΓòÉΓòÉΓòÉΓòÉΓòÉΓòÉΓòÉΓòÉΓòÉΓòÉΓòÉΓòÉΓòÉΓòÉΓòÉΓòÉΓòÉΓòÉΓòÉΓòÉΓòÉΓòÉΓòÉΓòÉΓòÉΓòÉΓòÉΓòÉΓòÉΓòÉΓòÉΓòÉΓòÉΓòÉΓòÉΓòÉΓòÉΓòÉΓòÉΓòÉΓòÉΓòÉΓòÉΓòÉΓòÉ
The following assertion was thrown running a test:
RenderBox was not laid out: RenderParagraph#11d29 NEEDS-LAYOUT NEEDS-PAINT
'package:flutter/src/rendering/box.dart':
Failed assertion: line 2251 pos 12: 'hasSize'

When the exception was thrown, this was the stack:
#2      RenderBox.size (package:flutter/src/rendering/box.dart:2251:12)
#3      WidgetController._getElementPoint (package:flutter_test/src/controller.dart:2114:63)
#4      WidgetController.getCenter (package:flutter_test/src/controller.dart:1942:12)
#5      WidgetController.tap (package:flutter_test/src/controller.dart:1075:7)
#6      main.<anonymous closure>.<anonymous closure> (file:///C:/Users/bhara/StudioProjects/simple_billing_app/test/widget/billing_screen_test.dart:40:20)
<asynchronous suspension>
#7      testWidgets.<anonymous closure>.<anonymous closure> (package:flutter_test/src/widget_tester.dart:192:15)
<asynchronous suspension>
#8      TestWidgetsFlutterBinding._runTestBody (package:flutter_test/src/binding.dart:1682:5)
<asynchronous suspension>
<asynchronous suspension>
(elided 3 frames from class _AssertionError and package:stack_trace)

The test description was:
  Searching and adding a product works
ΓòÉΓòÉΓòÉΓòÉΓòÉΓòÉΓòÉΓòÉΓòÉΓòÉΓòÉΓòÉΓòÉΓòÉΓòÉΓòÉΓòÉΓòÉΓòÉΓòÉΓòÉΓòÉΓòÉΓòÉΓòÉΓòÉΓòÉΓòÉΓòÉΓòÉΓòÉΓòÉΓòÉΓòÉΓòÉΓòÉΓòÉΓòÉΓòÉΓòÉΓòÉΓòÉΓòÉΓòÉΓòÉΓòÉΓòÉΓòÉΓòÉΓòÉΓòÉΓòÉΓòÉΓòÉΓòÉΓòÉΓòÉΓòÉΓòÉΓòÉΓòÉΓòÉΓòÉΓòÉΓòÉΓòÉΓòÉΓòÉΓòÉΓòÉΓòÉΓòÉΓòÉΓòÉΓòÉΓòÉΓòÉΓòÉΓòÉΓòÉΓòÉΓòÉΓòÉΓòÉΓòÉΓòÉΓòÉΓòÉΓòÉΓòÉΓòÉΓòÉΓòÉΓòÉΓòÉΓòÉΓòÉΓòÉΓòÉΓòÉ
ΓòÉΓòÉΓòí EXCEPTION CAUGHT BY FLUTTER TEST FRAMEWORK Γò₧ΓòÉΓòÉΓòÉΓòÉΓòÉΓòÉΓòÉΓòÉΓòÉΓòÉΓòÉΓòÉΓòÉΓòÉΓòÉΓòÉΓòÉΓòÉΓòÉΓòÉΓòÉΓòÉΓòÉΓòÉΓòÉΓòÉΓòÉΓòÉΓòÉΓòÉΓòÉΓòÉΓòÉΓòÉΓòÉΓòÉΓòÉΓòÉΓòÉΓòÉΓòÉΓòÉΓòÉΓòÉΓòÉΓòÉΓòÉΓòÉΓòÉΓòÉΓòÉΓòÉ
The following message was thrown:
Multiple exceptions (29) were detected during the running of the current test, and at least one was
unexpected.
ΓòÉΓòÉΓòÉΓòÉΓòÉΓòÉΓòÉΓòÉΓòÉΓòÉΓòÉΓòÉΓòÉΓòÉΓòÉΓòÉΓòÉΓòÉΓòÉΓòÉΓòÉΓòÉΓòÉΓòÉΓòÉΓòÉΓòÉΓòÉΓòÉΓòÉΓòÉΓòÉΓòÉΓòÉΓòÉΓòÉΓòÉΓòÉΓòÉΓòÉΓòÉΓòÉΓòÉΓòÉΓòÉΓòÉΓòÉΓòÉΓòÉΓòÉΓòÉΓòÉΓòÉΓòÉΓòÉΓòÉΓòÉΓòÉΓòÉΓòÉΓòÉΓòÉΓòÉΓòÉΓòÉΓòÉΓòÉΓòÉΓòÉΓòÉΓòÉΓòÉΓòÉΓòÉΓòÉΓòÉΓòÉΓòÉΓòÉΓòÉΓòÉΓòÉΓòÉΓòÉΓòÉΓòÉΓòÉΓòÉΓòÉΓòÉΓòÉΓòÉΓòÉΓòÉΓòÉΓòÉΓòÉΓòÉΓòÉΓòÉ
00:01 +0 -3: BillingScreen Widget Tests Searching and adding a product works [E]
  Test failed. See exception logs above.
  The test description was: Searching and adding a product works
  
00:01 +0 -3: BillingScreen Widget Tests Customer details accordion expands and collapses
ΓòÉΓòÉΓòí EXCEPTION CAUGHT BY RENDERING LIBRARY Γò₧ΓòÉΓòÉΓòÉΓòÉΓòÉΓòÉΓòÉΓòÉΓòÉΓòÉΓòÉΓòÉΓòÉΓòÉΓòÉΓòÉΓòÉΓòÉΓòÉΓòÉΓòÉΓòÉΓòÉΓòÉΓòÉΓòÉΓòÉΓòÉΓòÉΓòÉΓòÉΓòÉΓòÉΓòÉΓòÉΓòÉΓòÉΓòÉΓòÉΓòÉΓòÉΓòÉΓòÉΓòÉΓòÉΓòÉΓòÉΓòÉΓòÉΓòÉΓòÉΓòÉΓòÉΓòÉΓòÉΓòÉΓòÉ
The following assertion was thrown during performLayout():
An InputDecorator, which is typically created by a TextField, cannot have an unbounded width.
This happens when the parent widget does not provide a finite width constraint. For example, if the
InputDecorator is contained by a Row, then its width must be constrained. An Expanded widget or a
SizedBox can be used to constrain the width of the InputDecorator or the TextField that contains it.
'package:flutter/src/material/input_decorator.dart':
Failed assertion: line 962 pos 7: 'constraints.maxWidth < double.infinity'

Either the assertion indicates an error in the framework itself, or we should provide substantially
more information in this error message to help you determine and fix the underlying cause.
In either case, please report this assertion by filing a bug on GitHub:
  https://github.com/flutter/flutter/issues/new?template=02_bug.yml

The relevant error-causing widget was:
  TextField
  TextField:file:///C:/Users/bhara/StudioProjects/simple_billing_app/lib/views/screens/billing_screen.dart:310:22

When the exception was thrown, this was the stack:
#2      _RenderDecoration._layout (package:flutter/src/material/input_decorator.dart:962:7)
#3      _RenderDecoration.performLayout (package:flutter/src/material/input_decorator.dart:1388:44)
#4      RenderObject.layout (package:flutter/src/rendering/object.dart:2768:7)
#5      RenderProxyBoxMixin.performLayout (package:flutter/src/rendering/proxy_box.dart:118:18)
#6      RenderObject.layout (package:flutter/src/rendering/object.dart:2768:7)
#7      RenderProxyBoxMixin.performLayout (package:flutter/src/rendering/proxy_box.dart:118:18)
#8      RenderObject.layout (package:flutter/src/rendering/object.dart:2768:7)
#9      RenderProxyBoxMixin.performLayout (package:flutter/src/rendering/proxy_box.dart:118:18)
#10     RenderObject.layout (package:flutter/src/rendering/object.dart:2768:7)
#11     RenderProxyBoxMixin.performLayout (package:flutter/src/rendering/proxy_box.dart:118:18)
#12     RenderObject.layout (package:flutter/src/rendering/object.dart:2768:7)
#13     RenderTapRegion.layout (package:flutter/src/widgets/tap_region.dart:686:11)
#14     RenderProxyBoxMixin.performLayout (package:flutter/src/rendering/proxy_box.dart:118:18)
#15     RenderObject.layout (package:flutter/src/rendering/object.dart:2768:7)
#16     RenderProxyBoxMixin.performLayout (package:flutter/src/rendering/proxy_box.dart:118:18)
#17     RenderObject.layout (package:flutter/src/rendering/object.dart:2768:7)
#18     RenderProxyBoxMixin.performLayout (package:flutter/src/rendering/proxy_box.dart:118:18)
#19     RenderObject.layout (package:flutter/src/rendering/object.dart:2768:7)
#20     RenderProxyBoxMixin.performLayout (package:flutter/src/rendering/proxy_box.dart:118:18)
#21     RenderObject.layout (package:flutter/src/rendering/object.dart:2768:7)
#22     ChildLayoutHelper.layoutChild (package:flutter/src/rendering/layout_helper.dart:62:11)
#23     RenderFlex._computeSizes (package:flutter/src/rendering/flex.dart:1237:28)
#24     RenderFlex.performLayout (package:flutter/src/rendering/flex.dart:1329:32)
#25     RenderObject.layout (package:flutter/src/rendering/object.dart:2768:7)
#26     RenderPadding.performLayout (package:flutter/src/rendering/shifted_box.dart:262:12)
#27     RenderObject.layout (package:flutter/src/rendering/object.dart:2768:7)
#28     RenderProxyBoxMixin.performLayout (package:flutter/src/rendering/proxy_box.dart:118:18)
#29     RenderObject.layout (package:flutter/src/rendering/object.dart:2768:7)
#30     ChildLayoutHelper.layoutChild (package:flutter/src/rendering/layout_helper.dart:62:11)
#31     RenderFlex._computeSizes (package:flutter/src/rendering/flex.dart:1237:28)
#32     RenderFlex.performLayout (package:flutter/src/rendering/flex.dart:1329:32)
#33     RenderObject.layout (package:flutter/src/rendering/object.dart:2768:7)
#34     ChildLayoutHelper.layoutChild (package:flutter/src/rendering/layout_helper.dart:62:11)
#35     RenderFlex._computeSizes (package:flutter/src/rendering/flex.dart:1237:28)
#36     RenderFlex.performLayout (package:flutter/src/rendering/flex.dart:1329:32)
#37     RenderObject.layout (package:flutter/src/rendering/object.dart:2768:7)
#38     _RenderSingleChildViewport.performLayout (package:flutter/src/widgets/single_child_scroll_view.dart:502:14)
#39     RenderObject.layout (package:flutter/src/rendering/object.dart:2768:7)
#40     RenderProxyBoxMixin.performLayout (package:flutter/src/rendering/proxy_box.dart:118:18)
#41     RenderObject.layout (package:flutter/src/rendering/object.dart:2768:7)
#42     RenderProxyBoxMixin.performLayout (package:flutter/src/rendering/proxy_box.dart:118:18)
#43     RenderObject.layout (package:flutter/src/rendering/object.dart:2768:7)
#44     RenderProxyBoxMixin.performLayout (package:flutter/src/rendering/proxy_box.dart:118:18)
#45     RenderObject.layout (package:flutter/src/rendering/object.dart:2768:7)
#46     RenderProxyBoxMixin.performLayout (package:flutter/src/rendering/proxy_box.dart:118:18)
#47     RenderObject.layout (package:flutter/src/rendering/object.dart:2768:7)
#48     RenderProxyBoxMixin.performLayout (package:flutter/src/rendering/proxy_box.dart:118:18)
#49     RenderObject.layout (package:flutter/src/rendering/object.dart:2768:7)
#50     RenderProxyBoxMixin.performLayout (package:flutter/src/rendering/proxy_box.dart:118:18)
#51     RenderObject.layout (package:flutter/src/rendering/object.dart:2768:7)
#52     RenderProxyBoxMixin.performLayout (package:flutter/src/rendering/proxy_box.dart:118:18)
#53     RenderObject.layout (package:flutter/src/rendering/object.dart:2768:7)
#54     RenderProxyBoxMixin.performLayout (package:flutter/src/rendering/proxy_box.dart:118:18)
#55     _RenderCustomClip.performLayout (package:flutter/src/rendering/proxy_box.dart:1549:11)
#56     RenderObject.layout (package:flutter/src/rendering/object.dart:2768:7)
#57     RenderPadding.performLayout (package:flutter/src/rendering/shifted_box.dart:262:12)
#58     RenderObject.layout (package:flutter/src/rendering/object.dart:2768:7)
#59     _RenderLayoutBuilder.performLayout (package:flutter/src/widgets/layout_builder.dart:449:14)
#60     RenderObject.layout (package:flutter/src/rendering/object.dart:2768:7)
#61     MultiChildLayoutDelegate.layoutChild (package:flutter/src/rendering/custom_layout.dart:180:12)
#62     _ScaffoldLayout.performLayout (package:flutter/src/material/scaffold.dart:1113:7)
#63     MultiChildLayoutDelegate._callPerformLayout (package:flutter/src/rendering/custom_layout.dart:246:7)
#64     RenderCustomMultiChildLayoutBox.performLayout (package:flutter/src/rendering/custom_layout.dart:417:14)
#65     RenderObject.layout (package:flutter/src/rendering/object.dart:2768:7)
#66     RenderProxyBoxMixin.performLayout (package:flutter/src/rendering/proxy_box.dart:118:18)
#67     RenderObject.layout (package:flutter/src/rendering/object.dart:2768:7)
#68     RenderProxyBoxMixin.performLayout (package:flutter/src/rendering/proxy_box.dart:118:18)
#69     _RenderCustomClip.performLayout (package:flutter/src/rendering/proxy_box.dart:1549:11)
#70     RenderObject.layout (package:flutter/src/rendering/object.dart:2768:7)
#71     RenderProxyBoxMixin.performLayout (package:flutter/src/rendering/proxy_box.dart:118:18)
#72     RenderObject.layout (package:flutter/src/rendering/object.dart:2768:7)
#73     RenderProxyBoxMixin.performLayout (package:flutter/src/rendering/proxy_box.dart:118:18)
#74     RenderObject.layout (package:flutter/src/rendering/object.dart:2768:7)
#75     RenderProxyBoxMixin.performLayout (package:flutter/src/rendering/proxy_box.dart:118:18)
#76     RenderObject.layout (package:flutter/src/rendering/object.dart:2768:7)
#77     RenderProxyBoxMixin.performLayout (package:flutter/src/rendering/proxy_box.dart:118:18)
#78     RenderObject.layout (package:flutter/src/rendering/object.dart:2768:7)
#79     RenderProxyBoxMixin.performLayout (package:flutter/src/rendering/proxy_box.dart:118:18)
#80     RenderObject.layout (package:flutter/src/rendering/object.dart:2768:7)
#81     RenderProxyBoxMixin.performLayout (package:flutter/src/rendering/proxy_box.dart:118:18)
#82     RenderObject.layout (package:flutter/src/rendering/object.dart:2768:7)
#83     RenderProxyBoxMixin.performLayout (package:flutter/src/rendering/proxy_box.dart:118:18)
#84     RenderObject.layout (package:flutter/src/rendering/object.dart:2768:7)
#85     RenderProxyBoxMixin.performLayout (package:flutter/src/rendering/proxy_box.dart:118:18)
#86     RenderObject.layout (package:flutter/src/rendering/object.dart:2768:7)
#87     RenderProxyBoxMixin.performLayout (package:flutter/src/rendering/proxy_box.dart:118:18)
#88     RenderObject.layout (package:flutter/src/rendering/object.dart:2768:7)
#89     RenderProxyBoxMixin.performLayout (package:flutter/src/rendering/proxy_box.dart:118:18)
#90     RenderObject.layout (package:flutter/src/rendering/object.dart:2768:7)
#91     RenderProxyBoxMixin.performLayout (package:flutter/src/rendering/proxy_box.dart:118:18)
#92     RenderObject.layout (package:flutter/src/rendering/object.dart:2768:7)
#93     RenderProxyBoxMixin.performLayout (package:flutter/src/rendering/proxy_box.dart:118:18)
#94     RenderObject.layout (package:flutter/src/rendering/object.dart:2768:7)
#95     RenderProxyBoxMixin.performLayout (package:flutter/src/rendering/proxy_box.dart:118:18)
#96     RenderObject.layout (package:flutter/src/rendering/object.dart:2768:7)
#97     RenderProxyBoxMixin.performLayout (package:flutter/src/rendering/proxy_box.dart:118:18)
#98     RenderObject.layout (package:flutter/src/rendering/object.dart:2768:7)
#99     RenderProxyBoxMixin.performLayout (package:flutter/src/rendering/proxy_box.dart:118:18)
#100    RenderObject.layout (package:flutter/src/rendering/object.dart:2768:7)
#101    RenderProxyBoxMixin.performLayout (package:flutter/src/rendering/proxy_box.dart:118:18)
#102    RenderOffstage.performLayout (package:flutter/src/rendering/proxy_box.dart:3923:13)
#103    RenderObject.layout (package:flutter/src/rendering/object.dart:2768:7)
#104    RenderProxyBoxMixin.performLayout (package:flutter/src/rendering/proxy_box.dart:118:18)
#105    RenderObject.layout (package:flutter/src/rendering/object.dart:2768:7)
#106    _RenderTheaterMixin.layoutChild (package:flutter/src/widgets/overlay.dart:1084:13)
#107    _RenderTheater.performLayout (package:flutter/src/widgets/overlay.dart:1429:9)
#108    RenderObject.layout (package:flutter/src/rendering/object.dart:2768:7)
#109    RenderProxyBoxMixin.performLayout (package:flutter/src/rendering/proxy_box.dart:118:18)
#110    RenderObject.layout (package:flutter/src/rendering/object.dart:2768:7)
#111    RenderProxyBoxMixin.performLayout (package:flutter/src/rendering/proxy_box.dart:118:18)
#112    RenderObject.layout (package:flutter/src/rendering/object.dart:2768:7)
#113    RenderProxyBoxMixin.performLayout (package:flutter/src/rendering/proxy_box.dart:118:18)
#114    RenderObject.layout (package:flutter/src/rendering/object.dart:2768:7)
#115    RenderProxyBoxMixin.performLayout (package:flutter/src/rendering/proxy_box.dart:118:18)
#116    RenderCustomPaint.performLayout (package:flutter/src/rendering/custom_paint.dart:574:11)
#117    RenderObject.layout (package:flutter/src/rendering/object.dart:2768:7)
#118    RenderProxyBoxMixin.performLayout (package:flutter/src/rendering/proxy_box.dart:118:18)
#119    RenderObject.layout (package:flutter/src/rendering/object.dart:2768:7)
#120    RenderProxyBoxMixin.performLayout (package:flutter/src/rendering/proxy_box.dart:118:18)
#121    RenderObject.layout (package:flutter/src/rendering/object.dart:2768:7)
#122    RenderProxyBoxMixin.performLayout (package:flutter/src/rendering/proxy_box.dart:118:18)
#123    RenderObject.layout (package:flutter/src/rendering/object.dart:2768:7)
#124    RenderProxyBoxMixin.performLayout (package:flutter/src/rendering/proxy_box.dart:118:18)
#125    RenderObject.layout (package:flutter/src/rendering/object.dart:2768:7)
#126    RenderProxyBoxMixin.performLayout (package:flutter/src/rendering/proxy_box.dart:118:18)
#127    RenderObject.layout (package:flutter/src/rendering/object.dart:2768:7)
#128    RenderProxyBoxMixin.performLayout (package:flutter/src/rendering/proxy_box.dart:118:18)
#129    RenderObject.layout (package:flutter/src/rendering/object.dart:2768:7)
#130    RenderView.performLayout (package:flutter/src/rendering/view.dart:292:12)
#131    RenderObject._layoutWithoutResize (package:flutter/src/rendering/object.dart:2616:7)
#132    PipelineOwner.flushLayout (package:flutter/src/rendering/object.dart:1174:18)
#133    PipelineOwner.flushLayout (package:flutter/src/rendering/object.dart:1187:15)
#134    AutomatedTestWidgetsFlutterBinding.drawFrame (package:flutter_test/src/binding.dart:2133:27)
#135    RendererBinding._handlePersistentFrameCallback (package:flutter/src/rendering/binding.dart:495:5)
#136    SchedulerBinding._invokeFrameCallback (package:flutter/src/scheduler/binding.dart:1430:15)
#137    SchedulerBinding.handleDrawFrame (package:flutter/src/scheduler/binding.dart:1345:9)
#138    AutomatedTestWidgetsFlutterBinding.pump.<anonymous closure> (package:flutter_test/src/binding.dart:1960:9)
#141    TestAsyncUtils.guard (package:flutter_test/src/test_async_utils.dart:74:41)
#142    AutomatedTestWidgetsFlutterBinding.pump (package:flutter_test/src/binding.dart:1949:27)
#143    WidgetTester.pumpWidget.<anonymous closure> (package:flutter_test/src/widget_tester.dart:598:22)
#146    TestAsyncUtils.guard (package:flutter_test/src/test_async_utils.dart:74:41)
#147    WidgetTester.pumpWidget (package:flutter_test/src/widget_tester.dart:595:27)
#148    main.<anonymous closure>.<anonymous closure> (file:///C:/Users/bhara/StudioProjects/simple_billing_app/test/widget/billing_screen_test.dart:63:20)
#149    testWidgets.<anonymous closure>.<anonymous closure> (package:flutter_test/src/widget_tester.dart:192:29)
<asynchronous suspension>
#150    TestWidgetsFlutterBinding._runTestBody (package:flutter_test/src/binding.dart:1682:5)
<asynchronous suspension>
<asynchronous suspension>
(elided 7 frames from class _AssertionError, dart:async, and package:stack_trace)

The following RenderObject was being processed when the exception was fired: _RenderDecoration#1f082 relayoutBoundary=up25 NEEDS-PAINT NEEDS-COMPOSITING-BITS-UPDATE:
  creator: _Decorator ΓåÉ InputDecorator ΓåÉ AnimatedBuilder ΓåÉ Listener ΓåÉ RawGestureDetector ΓåÉ
    TextSelectionGestureDetector ΓåÉ Semantics ΓåÉ AnimatedBuilder ΓåÉ IgnorePointer ΓåÉ TextFieldTapRegion ΓåÉ
    MouseRegion ΓåÉ TextField ΓåÉ Γï»
  parentData: <none> (can use size)
  constraints: BoxConstraints(unconstrained)
  size: MISSING
This RenderObject had the following descendants (showing up to depth 5):
    input: RenderRepaintBoundary#8a72c NEEDS-LAYOUT NEEDS-PAINT NEEDS-COMPOSITING-BITS-UPDATE
      child: _RenderCompositionCallback#f8bda NEEDS-LAYOUT NEEDS-PAINT NEEDS-COMPOSITING-BITS-UPDATE
        child: RenderTapRegion#de952 NEEDS-LAYOUT NEEDS-PAINT NEEDS-COMPOSITING-BITS-UPDATE
          child: RenderMouseRegion#2b421 NEEDS-LAYOUT NEEDS-PAINT NEEDS-COMPOSITING-BITS-UPDATE
            child: RenderPointerListener#729a8 NEEDS-LAYOUT NEEDS-PAINT NEEDS-COMPOSITING-BITS-UPDATE
    prefixIcon: RenderPositionedBox#8b109 NEEDS-LAYOUT NEEDS-PAINT NEEDS-COMPOSITING-BITS-UPDATE
      child: RenderMouseRegion#a69e9 NEEDS-LAYOUT NEEDS-PAINT NEEDS-COMPOSITING-BITS-UPDATE
        child: RenderConstrainedBox#0a810 NEEDS-LAYOUT NEEDS-PAINT NEEDS-COMPOSITING-BITS-UPDATE
          child: RenderSemanticsAnnotations#7abb4 NEEDS-LAYOUT NEEDS-PAINT NEEDS-COMPOSITING-BITS-UPDATE
            child: RenderSemanticsAnnotations#be118 NEEDS-LAYOUT NEEDS-PAINT NEEDS-COMPOSITING-BITS-UPDATE
    hint: RenderAnimatedOpacity#832c8 NEEDS-LAYOUT NEEDS-PAINT NEEDS-COMPOSITING-BITS-UPDATE
      child: RenderParagraph#bd999 NEEDS-LAYOUT NEEDS-PAINT
        text: TextSpan
    helperError: RenderConstrainedBox#c62ce NEEDS-LAYOUT NEEDS-PAINT
    container: RenderCustomPaint#67213 NEEDS-LAYOUT NEEDS-PAINT
ΓòÉΓòÉΓòÉΓòÉΓòÉΓòÉΓòÉΓòÉΓòÉΓòÉΓòÉΓòÉΓòÉΓòÉΓòÉΓòÉΓòÉΓòÉΓòÉΓòÉΓòÉΓòÉΓòÉΓòÉΓòÉΓòÉΓòÉΓòÉΓòÉΓòÉΓòÉΓòÉΓòÉΓòÉΓòÉΓòÉΓòÉΓòÉΓòÉΓòÉΓòÉΓòÉΓòÉΓòÉΓòÉΓòÉΓòÉΓòÉΓòÉΓòÉΓòÉΓòÉΓòÉΓòÉΓòÉΓòÉΓòÉΓòÉΓòÉΓòÉΓòÉΓòÉΓòÉΓòÉΓòÉΓòÉΓòÉΓòÉΓòÉΓòÉΓòÉΓòÉΓòÉΓòÉΓòÉΓòÉΓòÉΓòÉΓòÉΓòÉΓòÉΓòÉΓòÉΓòÉΓòÉΓòÉΓòÉΓòÉΓòÉΓòÉΓòÉΓòÉΓòÉΓòÉΓòÉΓòÉΓòÉΓòÉΓòÉΓòÉ
ΓòÉΓòÉΓòí EXCEPTION CAUGHT BY RENDERING LIBRARY Γò₧ΓòÉΓòÉΓòÉΓòÉΓòÉΓòÉΓòÉΓòÉΓòÉΓòÉΓòÉΓòÉΓòÉΓòÉΓòÉΓòÉΓòÉΓòÉΓòÉΓòÉΓòÉΓòÉΓòÉΓòÉΓòÉΓòÉΓòÉΓòÉΓòÉΓòÉΓòÉΓòÉΓòÉΓòÉΓòÉΓòÉΓòÉΓòÉΓòÉΓòÉΓòÉΓòÉΓòÉΓòÉΓòÉΓòÉΓòÉΓòÉΓòÉΓòÉΓòÉΓòÉΓòÉΓòÉΓòÉΓòÉΓòÉ
The following assertion was thrown during performLayout():
RenderBox was not laid out: _RenderDecoration#1f082 relayoutBoundary=up25 NEEDS-PAINT
NEEDS-COMPOSITING-BITS-UPDATE
'package:flutter/src/rendering/box.dart':
Failed assertion: line 2251 pos 12: 'hasSize'

Either the assertion indicates an error in the framework itself, or we should provide substantially
more information in this error message to help you determine and fix the underlying cause.
In either case, please report this assertion by filing a bug on GitHub:
  https://github.com/flutter/flutter/issues/new?template=02_bug.yml

The relevant error-causing widget was:
  TextField
  TextField:file:///C:/Users/bhara/StudioProjects/simple_billing_app/lib/views/screens/billing_screen.dart:310:22

When the exception was thrown, this was the stack:
#2      RenderBox.size (package:flutter/src/rendering/box.dart:2251:12)
#3      RenderProxyBoxMixin.performLayout (package:flutter/src/rendering/proxy_box.dart:118:62)
#4      RenderObject.layout (package:flutter/src/rendering/object.dart:2768:7)
#5      RenderProxyBoxMixin.performLayout (package:flutter/src/rendering/proxy_box.dart:118:18)
#6      RenderObject.layout (package:flutter/src/rendering/object.dart:2768:7)
#7      RenderProxyBoxMixin.performLayout (package:flutter/src/rendering/proxy_box.dart:118:18)
#8      RenderObject.layout (package:flutter/src/rendering/object.dart:2768:7)
#9      RenderProxyBoxMixin.performLayout (package:flutter/src/rendering/proxy_box.dart:118:18)
#10     RenderObject.layout (package:flutter/src/rendering/object.dart:2768:7)
#11     RenderTapRegion.layout (package:flutter/src/widgets/tap_region.dart:686:11)
#12     RenderProxyBoxMixin.performLayout (package:flutter/src/rendering/proxy_box.dart:118:18)
#13     RenderObject.layout (package:flutter/src/rendering/object.dart:2768:7)
#14     RenderProxyBoxMixin.performLayout (package:flutter/src/rendering/proxy_box.dart:118:18)
#15     RenderObject.layout (package:flutter/src/rendering/object.dart:2768:7)
#16     RenderProxyBoxMixin.performLayout (package:flutter/src/rendering/proxy_box.dart:118:18)
#17     RenderObject.layout (package:flutter/src/rendering/object.dart:2768:7)
#18     RenderProxyBoxMixin.performLayout (package:flutter/src/rendering/proxy_box.dart:118:18)
#19     RenderObject.layout (package:flutter/src/rendering/object.dart:2768:7)
#20     ChildLayoutHelper.layoutChild (package:flutter/src/rendering/layout_helper.dart:62:11)
#21     RenderFlex._computeSizes (package:flutter/src/rendering/flex.dart:1237:28)
#22     RenderFlex.performLayout (package:flutter/src/rendering/flex.dart:1329:32)
#23     RenderObject.layout (package:flutter/src/rendering/object.dart:2768:7)
#24     RenderPadding.performLayout (package:flutter/src/rendering/shifted_box.dart:262:12)
#25     RenderObject.layout (package:flutter/src/rendering/object.dart:2768:7)
#26     RenderProxyBoxMixin.performLayout (package:flutter/src/rendering/proxy_box.dart:118:18)
#27     RenderObject.layout (package:flutter/src/rendering/object.dart:2768:7)
#28     ChildLayoutHelper.layoutChild (package:flutter/src/rendering/layout_helper.dart:62:11)
#29     RenderFlex._computeSizes (package:flutter/src/rendering/flex.dart:1237:28)
#30     RenderFlex.performLayout (package:flutter/src/rendering/flex.dart:1329:32)
#31     RenderObject.layout (package:flutter/src/rendering/object.dart:2768:7)
#32     ChildLayoutHelper.layoutChild (package:flutter/src/rendering/layout_helper.dart:62:11)
#33     RenderFlex._computeSizes (package:flutter/src/rendering/flex.dart:1237:28)
#34     RenderFlex.performLayout (package:flutter/src/rendering/flex.dart:1329:32)
#35     RenderObject.layout (package:flutter/src/rendering/object.dart:2768:7)
#36     _RenderSingleChildViewport.performLayout (package:flutter/src/widgets/single_child_scroll_view.dart:502:14)
#37     RenderObject.layout (package:flutter/src/rendering/object.dart:2768:7)
#38     RenderProxyBoxMixin.performLayout (package:flutter/src/rendering/proxy_box.dart:118:18)
#39     RenderObject.layout (package:flutter/src/rendering/object.dart:2768:7)
#40     RenderProxyBoxMixin.performLayout (package:flutter/src/rendering/proxy_box.dart:118:18)
#41     RenderObject.layout (package:flutter/src/rendering/object.dart:2768:7)
#42     RenderProxyBoxMixin.performLayout (package:flutter/src/rendering/proxy_box.dart:118:18)
#43     RenderObject.layout (package:flutter/src/rendering/object.dart:2768:7)
#44     RenderProxyBoxMixin.performLayout (package:flutter/src/rendering/proxy_box.dart:118:18)
#45     RenderObject.layout (package:flutter/src/rendering/object.dart:2768:7)
#46     RenderProxyBoxMixin.performLayout (package:flutter/src/rendering/proxy_box.dart:118:18)
#47     RenderObject.layout (package:flutter/src/rendering/object.dart:2768:7)
#48     RenderProxyBoxMixin.performLayout (package:flutter/src/rendering/proxy_box.dart:118:18)
#49     RenderObject.layout (package:flutter/src/rendering/object.dart:2768:7)
#50     RenderProxyBoxMixin.performLayout (package:flutter/src/rendering/proxy_box.dart:118:18)
#51     RenderObject.layout (package:flutter/src/rendering/object.dart:2768:7)
#52     RenderProxyBoxMixin.performLayout (package:flutter/src/rendering/proxy_box.dart:118:18)
#53     _RenderCustomClip.performLayout (package:flutter/src/rendering/proxy_box.dart:1549:11)
#54     RenderObject.layout (package:flutter/src/rendering/object.dart:2768:7)
#55     RenderPadding.performLayout (package:flutter/src/rendering/shifted_box.dart:262:12)
#56     RenderObject.layout (package:flutter/src/rendering/object.dart:2768:7)
#57     _RenderLayoutBuilder.performLayout (package:flutter/src/widgets/layout_builder.dart:449:14)
#58     RenderObject.layout (package:flutter/src/rendering/object.dart:2768:7)
#59     MultiChildLayoutDelegate.layoutChild (package:flutter/src/rendering/custom_layout.dart:180:12)
#60     _ScaffoldLayout.performLayout (package:flutter/src/material/scaffold.dart:1113:7)
#61     MultiChildLayoutDelegate._callPerformLayout (package:flutter/src/rendering/custom_layout.dart:246:7)
#62     RenderCustomMultiChildLayoutBox.performLayout (package:flutter/src/rendering/custom_layout.dart:417:14)
#63     RenderObject.layout (package:flutter/src/rendering/object.dart:2768:7)
#64     RenderProxyBoxMixin.performLayout (package:flutter/src/rendering/proxy_box.dart:118:18)
#65     RenderObject.layout (package:flutter/src/rendering/object.dart:2768:7)
#66     RenderProxyBoxMixin.performLayout (package:flutter/src/rendering/proxy_box.dart:118:18)
#67     _RenderCustomClip.performLayout (package:flutter/src/rendering/proxy_box.dart:1549:11)
#68     RenderObject.layout (package:flutter/src/rendering/object.dart:2768:7)
#69     RenderProxyBoxMixin.performLayout (package:flutter/src/rendering/proxy_box.dart:118:18)
#70     RenderObject.layout (package:flutter/src/rendering/object.dart:2768:7)
#71     RenderProxyBoxMixin.performLayout (package:flutter/src/rendering/proxy_box.dart:118:18)
#72     RenderObject.layout (package:flutter/src/rendering/object.dart:2768:7)
#73     RenderProxyBoxMixin.performLayout (package:flutter/src/rendering/proxy_box.dart:118:18)
#74     RenderObject.layout (package:flutter/src/rendering/object.dart:2768:7)
#75     RenderProxyBoxMixin.performLayout (package:flutter/src/rendering/proxy_box.dart:118:18)
#76     RenderObject.layout (package:flutter/src/rendering/object.dart:2768:7)
#77     RenderProxyBoxMixin.performLayout (package:flutter/src/rendering/proxy_box.dart:118:18)
#78     RenderObject.layout (package:flutter/src/rendering/object.dart:2768:7)
#79     RenderProxyBoxMixin.performLayout (package:flutter/src/rendering/proxy_box.dart:118:18)
#80     RenderObject.layout (package:flutter/src/rendering/object.dart:2768:7)
#81     RenderProxyBoxMixin.performLayout (package:flutter/src/rendering/proxy_box.dart:118:18)
#82     RenderObject.layout (package:flutter/src/rendering/object.dart:2768:7)
#83     RenderProxyBoxMixin.performLayout (package:flutter/src/rendering/proxy_box.dart:118:18)
#84     RenderObject.layout (package:flutter/src/rendering/object.dart:2768:7)
#85     RenderProxyBoxMixin.performLayout (package:flutter/src/rendering/proxy_box.dart:118:18)
#86     RenderObject.layout (package:flutter/src/rendering/object.dart:2768:7)
#87     RenderProxyBoxMixin.performLayout (package:flutter/src/rendering/proxy_box.dart:118:18)
#88     RenderObject.layout (package:flutter/src/rendering/object.dart:2768:7)
#89     RenderProxyBoxMixin.performLayout (package:flutter/src/rendering/proxy_box.dart:118:18)
#90     RenderObject.layout (package:flutter/src/rendering/object.dart:2768:7)
#91     RenderProxyBoxMixin.performLayout (package:flutter/src/rendering/proxy_box.dart:118:18)
#92     RenderObject.layout (package:flutter/src/rendering/object.dart:2768:7)
#93     RenderProxyBoxMixin.performLayout (package:flutter/src/rendering/proxy_box.dart:118:18)
#94     RenderObject.layout (package:flutter/src/rendering/object.dart:2768:7)
#95     RenderProxyBoxMixin.performLayout (package:flutter/src/rendering/proxy_box.dart:118:18)
#96     RenderObject.layout (package:flutter/src/rendering/object.dart:2768:7)
#97     RenderProxyBoxMixin.performLayout (package:flutter/src/rendering/proxy_box.dart:118:18)
#98     RenderObject.layout (package:flutter/src/rendering/object.dart:2768:7)
#99     RenderProxyBoxMixin.performLayout (package:flutter/src/rendering/proxy_box.dart:118:18)
#100    RenderOffstage.performLayout (package:flutter/src/rendering/proxy_box.dart:3923:13)
#101    RenderObject.layout (package:flutter/src/rendering/object.dart:2768:7)
#102    RenderProxyBoxMixin.performLayout (package:flutter/src/rendering/proxy_box.dart:118:18)
#103    RenderObject.layout (package:flutter/src/rendering/object.dart:2768:7)
#104    _RenderTheaterMixin.layoutChild (package:flutter/src/widgets/overlay.dart:1084:13)
#105    _RenderTheater.performLayout (package:flutter/src/widgets/overlay.dart:1429:9)
#106    RenderObject.layout (package:flutter/src/rendering/object.dart:2768:7)
#107    RenderProxyBoxMixin.performLayout (package:flutter/src/rendering/proxy_box.dart:118:18)
#108    RenderObject.layout (package:flutter/src/rendering/object.dart:2768:7)
#109    RenderProxyBoxMixin.performLayout (package:flutter/src/rendering/proxy_box.dart:118:18)
#110    RenderObject.layout (package:flutter/src/rendering/object.dart:2768:7)
#111    RenderProxyBoxMixin.performLayout (package:flutter/src/rendering/proxy_box.dart:118:18)
#112    RenderObject.layout (package:flutter/src/rendering/object.dart:2768:7)
#113    RenderProxyBoxMixin.performLayout (package:flutter/src/rendering/proxy_box.dart:118:18)
#114    RenderCustomPaint.performLayout (package:flutter/src/rendering/custom_paint.dart:574:11)
#115    RenderObject.layout (package:flutter/src/rendering/object.dart:2768:7)
#116    RenderProxyBoxMixin.performLayout (package:flutter/src/rendering/proxy_box.dart:118:18)
#117    RenderObject.layout (package:flutter/src/rendering/object.dart:2768:7)
#118    RenderProxyBoxMixin.performLayout (package:flutter/src/rendering/proxy_box.dart:118:18)
#119    RenderObject.layout (package:flutter/src/rendering/object.dart:2768:7)
#120    RenderProxyBoxMixin.performLayout (package:flutter/src/rendering/proxy_box.dart:118:18)
#121    RenderObject.layout (package:flutter/src/rendering/object.dart:2768:7)
#122    RenderProxyBoxMixin.performLayout (package:flutter/src/rendering/proxy_box.dart:118:18)
#123    RenderObject.layout (package:flutter/src/rendering/object.dart:2768:7)
#124    RenderProxyBoxMixin.performLayout (package:flutter/src/rendering/proxy_box.dart:118:18)
#125    RenderObject.layout (package:flutter/src/rendering/object.dart:2768:7)
#126    RenderProxyBoxMixin.performLayout (package:flutter/src/rendering/proxy_box.dart:118:18)
#127    RenderObject.layout (package:flutter/src/rendering/object.dart:2768:7)
#128    RenderView.performLayout (package:flutter/src/rendering/view.dart:292:12)
#129    RenderObject._layoutWithoutResize (package:flutter/src/rendering/object.dart:2616:7)
#130    PipelineOwner.flushLayout (package:flutter/src/rendering/object.dart:1174:18)
#131    PipelineOwner.flushLayout (package:flutter/src/rendering/object.dart:1187:15)
#132    AutomatedTestWidgetsFlutterBinding.drawFrame (package:flutter_test/src/binding.dart:2133:27)
#133    RendererBinding._handlePersistentFrameCallback (package:flutter/src/rendering/binding.dart:495:5)
#134    SchedulerBinding._invokeFrameCallback (package:flutter/src/scheduler/binding.dart:1430:15)
#135    SchedulerBinding.handleDrawFrame (package:flutter/src/scheduler/binding.dart:1345:9)
#136    AutomatedTestWidgetsFlutterBinding.pump.<anonymous closure> (package:flutter_test/src/binding.dart:1960:9)
#139    TestAsyncUtils.guard (package:flutter_test/src/test_async_utils.dart:74:41)
#140    AutomatedTestWidgetsFlutterBinding.pump (package:flutter_test/src/binding.dart:1949:27)
#141    WidgetTester.pumpWidget.<anonymous closure> (package:flutter_test/src/widget_tester.dart:598:22)
#144    TestAsyncUtils.guard (package:flutter_test/src/test_async_utils.dart:74:41)
#145    WidgetTester.pumpWidget (package:flutter_test/src/widget_tester.dart:595:27)
#146    main.<anonymous closure>.<anonymous closure> (file:///C:/Users/bhara/StudioProjects/simple_billing_app/test/widget/billing_screen_test.dart:63:20)
#147    testWidgets.<anonymous closure>.<anonymous closure> (package:flutter_test/src/widget_tester.dart:192:29)
<asynchronous suspension>
#148    TestWidgetsFlutterBinding._runTestBody (package:flutter_test/src/binding.dart:1682:5)
<asynchronous suspension>
<asynchronous suspension>
(elided 7 frames from class _AssertionError, dart:async, and package:stack_trace)

The following RenderObject was being processed when the exception was fired: RenderPointerListener#6a742 relayoutBoundary=up24 NEEDS-LAYOUT NEEDS-PAINT NEEDS-COMPOSITING-BITS-UPDATE:
  creator: Listener ΓåÉ RawGestureDetector ΓåÉ TextSelectionGestureDetector ΓåÉ Semantics ΓåÉ AnimatedBuilder
    ΓåÉ IgnorePointer ΓåÉ TextFieldTapRegion ΓåÉ MouseRegion ΓåÉ TextField ΓåÉ AbsorbPointer ΓåÉ Listener ΓåÉ
    _GestureSemantics ΓåÉ Γï»
  parentData: <none> (can use size)
  constraints: BoxConstraints(unconstrained)
  size: MISSING
  behavior: translucent
  listeners: down, panZoomStart
This RenderObject had the following descendants (showing up to depth 5):
    child: _RenderDecoration#1f082 relayoutBoundary=up25 NEEDS-PAINT NEEDS-COMPOSITING-BITS-UPDATE
      input: RenderRepaintBoundary#8a72c NEEDS-LAYOUT NEEDS-PAINT NEEDS-COMPOSITING-BITS-UPDATE
        child: _RenderCompositionCallback#f8bda NEEDS-LAYOUT NEEDS-PAINT NEEDS-COMPOSITING-BITS-UPDATE
          child: RenderTapRegion#de952 NEEDS-LAYOUT NEEDS-PAINT NEEDS-COMPOSITING-BITS-UPDATE
            child: RenderMouseRegion#2b421 NEEDS-LAYOUT NEEDS-PAINT NEEDS-COMPOSITING-BITS-UPDATE
      prefixIcon: RenderPositionedBox#8b109 NEEDS-LAYOUT NEEDS-PAINT NEEDS-COMPOSITING-BITS-UPDATE
        child: RenderMouseRegion#a69e9 NEEDS-LAYOUT NEEDS-PAINT NEEDS-COMPOSITING-BITS-UPDATE
          child: RenderConstrainedBox#0a810 NEEDS-LAYOUT NEEDS-PAINT NEEDS-COMPOSITING-BITS-UPDATE
            child: RenderSemanticsAnnotations#7abb4 NEEDS-LAYOUT NEEDS-PAINT NEEDS-COMPOSITING-BITS-UPDATE
      hint: RenderAnimatedOpacity#832c8 NEEDS-LAYOUT NEEDS-PAINT NEEDS-COMPOSITING-BITS-UPDATE
        child: RenderParagraph#bd999 NEEDS-LAYOUT NEEDS-PAINT
          text: TextSpan
      helperError: RenderConstrainedBox#c62ce NEEDS-LAYOUT NEEDS-PAINT
      container: RenderCustomPaint#67213 NEEDS-LAYOUT NEEDS-PAINT
ΓòÉΓòÉΓòÉΓòÉΓòÉΓòÉΓòÉΓòÉΓòÉΓòÉΓòÉΓòÉΓòÉΓòÉΓòÉΓòÉΓòÉΓòÉΓòÉΓòÉΓòÉΓòÉΓòÉΓòÉΓòÉΓòÉΓòÉΓòÉΓòÉΓòÉΓòÉΓòÉΓòÉΓòÉΓòÉΓòÉΓòÉΓòÉΓòÉΓòÉΓòÉΓòÉΓòÉΓòÉΓòÉΓòÉΓòÉΓòÉΓòÉΓòÉΓòÉΓòÉΓòÉΓòÉΓòÉΓòÉΓòÉΓòÉΓòÉΓòÉΓòÉΓòÉΓòÉΓòÉΓòÉΓòÉΓòÉΓòÉΓòÉΓòÉΓòÉΓòÉΓòÉΓòÉΓòÉΓòÉΓòÉΓòÉΓòÉΓòÉΓòÉΓòÉΓòÉΓòÉΓòÉΓòÉΓòÉΓòÉΓòÉΓòÉΓòÉΓòÉΓòÉΓòÉΓòÉΓòÉΓòÉΓòÉΓòÉΓòÉ
ΓòÉΓòÉΓòí EXCEPTION CAUGHT BY RENDERING LIBRARY Γò₧ΓòÉΓòÉΓòÉΓòÉΓòÉΓòÉΓòÉΓòÉΓòÉΓòÉΓòÉΓòÉΓòÉΓòÉΓòÉΓòÉΓòÉΓòÉΓòÉΓòÉΓòÉΓòÉΓòÉΓòÉΓòÉΓòÉΓòÉΓòÉΓòÉΓòÉΓòÉΓòÉΓòÉΓòÉΓòÉΓòÉΓòÉΓòÉΓòÉΓòÉΓòÉΓòÉΓòÉΓòÉΓòÉΓòÉΓòÉΓòÉΓòÉΓòÉΓòÉΓòÉΓòÉΓòÉΓòÉΓòÉΓòÉ
The following assertion was thrown during performLayout():
RenderBox was not laid out: RenderPointerListener#6a742 relayoutBoundary=up24 NEEDS-PAINT
NEEDS-COMPOSITING-BITS-UPDATE
'package:flutter/src/rendering/box.dart':
Failed assertion: line 2251 pos 12: 'hasSize'

Either the assertion indicates an error in the framework itself, or we should provide substantially
more information in this error message to help you determine and fix the underlying cause.
In either case, please report this assertion by filing a bug on GitHub:
  https://github.com/flutter/flutter/issues/new?template=02_bug.yml

The relevant error-causing widget was:
  TextField
  TextField:file:///C:/Users/bhara/StudioProjects/simple_billing_app/lib/views/screens/billing_screen.dart:310:22

When the exception was thrown, this was the stack:
#2      RenderBox.size (package:flutter/src/rendering/box.dart:2251:12)
#3      RenderProxyBoxMixin.performLayout (package:flutter/src/rendering/proxy_box.dart:118:62)
#4      RenderObject.layout (package:flutter/src/rendering/object.dart:2768:7)
#5      RenderProxyBoxMixin.performLayout (package:flutter/src/rendering/proxy_box.dart:118:18)
#6      RenderObject.layout (package:flutter/src/rendering/object.dart:2768:7)
#7      RenderProxyBoxMixin.performLayout (package:flutter/src/rendering/proxy_box.dart:118:18)
#8      RenderObject.layout (package:flutter/src/rendering/object.dart:2768:7)
#9      RenderTapRegion.layout (package:flutter/src/widgets/tap_region.dart:686:11)
#10     RenderProxyBoxMixin.performLayout (package:flutter/src/rendering/proxy_box.dart:118:18)
#11     RenderObject.layout (package:flutter/src/rendering/object.dart:2768:7)
#12     RenderProxyBoxMixin.performLayout (package:flutter/src/rendering/proxy_box.dart:118:18)
#13     RenderObject.layout (package:flutter/src/rendering/object.dart:2768:7)
#14     RenderProxyBoxMixin.performLayout (package:flutter/src/rendering/proxy_box.dart:118:18)
#15     RenderObject.layout (package:flutter/src/rendering/object.dart:2768:7)
#16     RenderProxyBoxMixin.performLayout (package:flutter/src/rendering/proxy_box.dart:118:18)
#17     RenderObject.layout (package:flutter/src/rendering/object.dart:2768:7)
#18     ChildLayoutHelper.layoutChild (package:flutter/src/rendering/layout_helper.dart:62:11)
#19     RenderFlex._computeSizes (package:flutter/src/rendering/flex.dart:1237:28)
#20     RenderFlex.performLayout (package:flutter/src/rendering/flex.dart:1329:32)
#21     RenderObject.layout (package:flutter/src/rendering/object.dart:2768:7)
#22     RenderPadding.performLayout (package:flutter/src/rendering/shifted_box.dart:262:12)
#23     RenderObject.layout (package:flutter/src/rendering/object.dart:2768:7)
#24     RenderProxyBoxMixin.performLayout (package:flutter/src/rendering/proxy_box.dart:118:18)
#25     RenderObject.layout (package:flutter/src/rendering/object.dart:2768:7)
#26     ChildLayoutHelper.layoutChild (package:flutter/src/rendering/layout_helper.dart:62:11)
#27     RenderFlex._computeSizes (package:flutter/src/rendering/flex.dart:1237:28)
#28     RenderFlex.performLayout (package:flutter/src/rendering/flex.dart:1329:32)
#29     RenderObject.layout (package:flutter/src/rendering/object.dart:2768:7)
#30     ChildLayoutHelper.layoutChild (package:flutter/src/rendering/layout_helper.dart:62:11)
#31     RenderFlex._computeSizes (package:flutter/src/rendering/flex.dart:1237:28)
#32     RenderFlex.performLayout (package:flutter/src/rendering/flex.dart:1329:32)
#33     RenderObject.layout (package:flutter/src/rendering/object.dart:2768:7)
#34     _RenderSingleChildViewport.performLayout (package:flutter/src/widgets/single_child_scroll_view.dart:502:14)
#35     RenderObject.layout (package:flutter/src/rendering/object.dart:2768:7)
#36     RenderProxyBoxMixin.performLayout (package:flutter/src/rendering/proxy_box.dart:118:18)
#37     RenderObject.layout (package:flutter/src/rendering/object.dart:2768:7)
#38     RenderProxyBoxMixin.performLayout (package:flutter/src/rendering/proxy_box.dart:118:18)
#39     RenderObject.layout (package:flutter/src/rendering/object.dart:2768:7)
#40     RenderProxyBoxMixin.performLayout (package:flutter/src/rendering/proxy_box.dart:118:18)
#41     RenderObject.layout (package:flutter/src/rendering/object.dart:2768:7)
#42     RenderProxyBoxMixin.performLayout (package:flutter/src/rendering/proxy_box.dart:118:18)
#43     RenderObject.layout (package:flutter/src/rendering/object.dart:2768:7)
#44     RenderProxyBoxMixin.performLayout (package:flutter/src/rendering/proxy_box.dart:118:18)
#45     RenderObject.layout (package:flutter/src/rendering/object.dart:2768:7)
#46     RenderProxyBoxMixin.performLayout (package:flutter/src/rendering/proxy_box.dart:118:18)
#47     RenderObject.layout (package:flutter/src/rendering/object.dart:2768:7)
#48     RenderProxyBoxMixin.performLayout (package:flutter/src/rendering/proxy_box.dart:118:18)
#49     RenderObject.layout (package:flutter/src/rendering/object.dart:2768:7)
#50     RenderProxyBoxMixin.performLayout (package:flutter/src/rendering/proxy_box.dart:118:18)
#51     _RenderCustomClip.performLayout (package:flutter/src/rendering/proxy_box.dart:1549:11)
#52     RenderObject.layout (package:flutter/src/rendering/object.dart:2768:7)
#53     RenderPadding.performLayout (package:flutter/src/rendering/shifted_box.dart:262:12)
#54     RenderObject.layout (package:flutter/src/rendering/object.dart:2768:7)
#55     _RenderLayoutBuilder.performLayout (package:flutter/src/widgets/layout_builder.dart:449:14)
#56     RenderObject.layout (package:flutter/src/rendering/object.dart:2768:7)
#57     MultiChildLayoutDelegate.layoutChild (package:flutter/src/rendering/custom_layout.dart:180:12)
#58     _ScaffoldLayout.performLayout (package:flutter/src/material/scaffold.dart:1113:7)
#59     MultiChildLayoutDelegate._callPerformLayout (package:flutter/src/rendering/custom_layout.dart:246:7)
#60     RenderCustomMultiChildLayoutBox.performLayout (package:flutter/src/rendering/custom_layout.dart:417:14)
#61     RenderObject.layout (package:flutter/src/rendering/object.dart:2768:7)
#62     RenderProxyBoxMixin.performLayout (package:flutter/src/rendering/proxy_box.dart:118:18)
#63     RenderObject.layout (package:flutter/src/rendering/object.dart:2768:7)
#64     RenderProxyBoxMixin.performLayout (package:flutter/src/rendering/proxy_box.dart:118:18)
#65     _RenderCustomClip.performLayout (package:flutter/src/rendering/proxy_box.dart:1549:11)
#66     RenderObject.layout (package:flutter/src/rendering/object.dart:2768:7)
#67     RenderProxyBoxMixin.performLayout (package:flutter/src/rendering/proxy_box.dart:118:18)
#68     RenderObject.layout (package:flutter/src/rendering/object.dart:2768:7)
#69     RenderProxyBoxMixin.performLayout (package:flutter/src/rendering/proxy_box.dart:118:18)
#70     RenderObject.layout (package:flutter/src/rendering/object.dart:2768:7)
#71     RenderProxyBoxMixin.performLayout (package:flutter/src/rendering/proxy_box.dart:118:18)
#72     RenderObject.layout (package:flutter/src/rendering/object.dart:2768:7)
#73     RenderProxyBoxMixin.performLayout (package:flutter/src/rendering/proxy_box.dart:118:18)
#74     RenderObject.layout (package:flutter/src/rendering/object.dart:2768:7)
#75     RenderProxyBoxMixin.performLayout (package:flutter/src/rendering/proxy_box.dart:118:18)
#76     RenderObject.layout (package:flutter/src/rendering/object.dart:2768:7)
#77     RenderProxyBoxMixin.performLayout (package:flutter/src/rendering/proxy_box.dart:118:18)
#78     RenderObject.layout (package:flutter/src/rendering/object.dart:2768:7)
#79     RenderProxyBoxMixin.performLayout (package:flutter/src/rendering/proxy_box.dart:118:18)
#80     RenderObject.layout (package:flutter/src/rendering/object.dart:2768:7)
#81     RenderProxyBoxMixin.performLayout (package:flutter/src/rendering/proxy_box.dart:118:18)
#82     RenderObject.layout (package:flutter/src/rendering/object.dart:2768:7)
#83     RenderProxyBoxMixin.performLayout (package:flutter/src/rendering/proxy_box.dart:118:18)
#84     RenderObject.layout (package:flutter/src/rendering/object.dart:2768:7)
#85     RenderProxyBoxMixin.performLayout (package:flutter/src/rendering/proxy_box.dart:118:18)
#86     RenderObject.layout (package:flutter/src/rendering/object.dart:2768:7)
#87     RenderProxyBoxMixin.performLayout (package:flutter/src/rendering/proxy_box.dart:118:18)
#88     RenderObject.layout (package:flutter/src/rendering/object.dart:2768:7)
#89     RenderProxyBoxMixin.performLayout (package:flutter/src/rendering/proxy_box.dart:118:18)
#90     RenderObject.layout (package:flutter/src/rendering/object.dart:2768:7)
#91     RenderProxyBoxMixin.performLayout (package:flutter/src/rendering/proxy_box.dart:118:18)
#92     RenderObject.layout (package:flutter/src/rendering/object.dart:2768:7)
#93     RenderProxyBoxMixin.performLayout (package:flutter/src/rendering/proxy_box.dart:118:18)
#94     RenderObject.layout (package:flutter/src/rendering/object.dart:2768:7)
#95     RenderProxyBoxMixin.performLayout (package:flutter/src/rendering/proxy_box.dart:118:18)
#96     RenderObject.layout (package:flutter/src/rendering/object.dart:2768:7)
#97     RenderProxyBoxMixin.performLayout (package:flutter/src/rendering/proxy_box.dart:118:18)
#98     RenderOffstage.performLayout (package:flutter/src/rendering/proxy_box.dart:3923:13)
#99     RenderObject.layout (package:flutter/src/rendering/object.dart:2768:7)
#100    RenderProxyBoxMixin.performLayout (package:flutter/src/rendering/proxy_box.dart:118:18)
#101    RenderObject.layout (package:flutter/src/rendering/object.dart:2768:7)
#102    _RenderTheaterMixin.layoutChild (package:flutter/src/widgets/overlay.dart:1084:13)
#103    _RenderTheater.performLayout (package:flutter/src/widgets/overlay.dart:1429:9)
#104    RenderObject.layout (package:flutter/src/rendering/object.dart:2768:7)
#105    RenderProxyBoxMixin.performLayout (package:flutter/src/rendering/proxy_box.dart:118:18)
#106    RenderObject.layout (package:flutter/src/rendering/object.dart:2768:7)
#107    RenderProxyBoxMixin.performLayout (package:flutter/src/rendering/proxy_box.dart:118:18)
#108    RenderObject.layout (package:flutter/src/rendering/object.dart:2768:7)
#109    RenderProxyBoxMixin.performLayout (package:flutter/src/rendering/proxy_box.dart:118:18)
#110    RenderObject.layout (package:flutter/src/rendering/object.dart:2768:7)
#111    RenderProxyBoxMixin.performLayout (package:flutter/src/rendering/proxy_box.dart:118:18)
#112    RenderCustomPaint.performLayout (package:flutter/src/rendering/custom_paint.dart:574:11)
#113    RenderObject.layout (package:flutter/src/rendering/object.dart:2768:7)
#114    RenderProxyBoxMixin.performLayout (package:flutter/src/rendering/proxy_box.dart:118:18)
#115    RenderObject.layout (package:flutter/src/rendering/object.dart:2768:7)
#116    RenderProxyBoxMixin.performLayout (package:flutter/src/rendering/proxy_box.dart:118:18)
#117    RenderObject.layout (package:flutter/src/rendering/object.dart:2768:7)
#118    RenderProxyBoxMixin.performLayout (package:flutter/src/rendering/proxy_box.dart:118:18)
#119    RenderObject.layout (package:flutter/src/rendering/object.dart:2768:7)
#120    RenderProxyBoxMixin.performLayout (package:flutter/src/rendering/proxy_box.dart:118:18)
#121    RenderObject.layout (package:flutter/src/rendering/object.dart:2768:7)
#122    RenderProxyBoxMixin.performLayout (package:flutter/src/rendering/proxy_box.dart:118:18)
#123    RenderObject.layout (package:flutter/src/rendering/object.dart:2768:7)
#124    RenderProxyBoxMixin.performLayout (package:flutter/src/rendering/proxy_box.dart:118:18)
#125    RenderObject.layout (package:flutter/src/rendering/object.dart:2768:7)
#126    RenderView.performLayout (package:flutter/src/rendering/view.dart:292:12)
#127    RenderObject._layoutWithoutResize (package:flutter/src/rendering/object.dart:2616:7)
#128    PipelineOwner.flushLayout (package:flutter/src/rendering/object.dart:1174:18)
#129    PipelineOwner.flushLayout (package:flutter/src/rendering/object.dart:1187:15)
#130    AutomatedTestWidgetsFlutterBinding.drawFrame (package:flutter_test/src/binding.dart:2133:27)
#131    RendererBinding._handlePersistentFrameCallback (package:flutter/src/rendering/binding.dart:495:5)
#132    SchedulerBinding._invokeFrameCallback (package:flutter/src/scheduler/binding.dart:1430:15)
#133    SchedulerBinding.handleDrawFrame (package:flutter/src/scheduler/binding.dart:1345:9)
#134    AutomatedTestWidgetsFlutterBinding.pump.<anonymous closure> (package:flutter_test/src/binding.dart:1960:9)
#137    TestAsyncUtils.guard (package:flutter_test/src/test_async_utils.dart:74:41)
#138    AutomatedTestWidgetsFlutterBinding.pump (package:flutter_test/src/binding.dart:1949:27)
#139    WidgetTester.pumpWidget.<anonymous closure> (package:flutter_test/src/widget_tester.dart:598:22)
#142    TestAsyncUtils.guard (package:flutter_test/src/test_async_utils.dart:74:41)
#143    WidgetTester.pumpWidget (package:flutter_test/src/widget_tester.dart:595:27)
#144    main.<anonymous closure>.<anonymous closure> (file:///C:/Users/bhara/StudioProjects/simple_billing_app/test/widget/billing_screen_test.dart:63:20)
#145    testWidgets.<anonymous closure>.<anonymous closure> (package:flutter_test/src/widget_tester.dart:192:29)
<asynchronous suspension>
#146    TestWidgetsFlutterBinding._runTestBody (package:flutter_test/src/binding.dart:1682:5)
<asynchronous suspension>
<asynchronous suspension>
(elided 7 frames from class _AssertionError, dart:async, and package:stack_trace)

The following RenderObject was being processed when the exception was fired: RenderSemanticsAnnotations#fd220 relayoutBoundary=up23 NEEDS-LAYOUT NEEDS-PAINT NEEDS-COMPOSITING-BITS-UPDATE:
  creator: Semantics ΓåÉ AnimatedBuilder ΓåÉ IgnorePointer ΓåÉ TextFieldTapRegion ΓåÉ MouseRegion ΓåÉ TextField
    ΓåÉ AbsorbPointer ΓåÉ Listener ΓåÉ _GestureSemantics ΓåÉ RawGestureDetector ΓåÉ GestureDetector ΓåÉ Column ΓåÉ Γï»
  parentData: <none> (can use size)
  constraints: BoxConstraints(unconstrained)
  size: MISSING
This RenderObject had the following descendants (showing up to depth 5):
    child: RenderPointerListener#6a742 relayoutBoundary=up24 NEEDS-PAINT NEEDS-COMPOSITING-BITS-UPDATE
      child: _RenderDecoration#1f082 relayoutBoundary=up25 NEEDS-PAINT NEEDS-COMPOSITING-BITS-UPDATE
        input: RenderRepaintBoundary#8a72c NEEDS-LAYOUT NEEDS-PAINT NEEDS-COMPOSITING-BITS-UPDATE
          child: _RenderCompositionCallback#f8bda NEEDS-LAYOUT NEEDS-PAINT NEEDS-COMPOSITING-BITS-UPDATE
            child: RenderTapRegion#de952 NEEDS-LAYOUT NEEDS-PAINT NEEDS-COMPOSITING-BITS-UPDATE
        prefixIcon: RenderPositionedBox#8b109 NEEDS-LAYOUT NEEDS-PAINT NEEDS-COMPOSITING-BITS-UPDATE
          child: RenderMouseRegion#a69e9 NEEDS-LAYOUT NEEDS-PAINT NEEDS-COMPOSITING-BITS-UPDATE
            child: RenderConstrainedBox#0a810 NEEDS-LAYOUT NEEDS-PAINT NEEDS-COMPOSITING-BITS-UPDATE
        hint: RenderAnimatedOpacity#832c8 NEEDS-LAYOUT NEEDS-PAINT NEEDS-COMPOSITING-BITS-UPDATE
          child: RenderParagraph#bd999 NEEDS-LAYOUT NEEDS-PAINT
            text: TextSpan
        helperError: RenderConstrainedBox#c62ce NEEDS-LAYOUT NEEDS-PAINT
        container: RenderCustomPaint#67213 NEEDS-LAYOUT NEEDS-PAINT
ΓòÉΓòÉΓòÉΓòÉΓòÉΓòÉΓòÉΓòÉΓòÉΓòÉΓòÉΓòÉΓòÉΓòÉΓòÉΓòÉΓòÉΓòÉΓòÉΓòÉΓòÉΓòÉΓòÉΓòÉΓòÉΓòÉΓòÉΓòÉΓòÉΓòÉΓòÉΓòÉΓòÉΓòÉΓòÉΓòÉΓòÉΓòÉΓòÉΓòÉΓòÉΓòÉΓòÉΓòÉΓòÉΓòÉΓòÉΓòÉΓòÉΓòÉΓòÉΓòÉΓòÉΓòÉΓòÉΓòÉΓòÉΓòÉΓòÉΓòÉΓòÉΓòÉΓòÉΓòÉΓòÉΓòÉΓòÉΓòÉΓòÉΓòÉΓòÉΓòÉΓòÉΓòÉΓòÉΓòÉΓòÉΓòÉΓòÉΓòÉΓòÉΓòÉΓòÉΓòÉΓòÉΓòÉΓòÉΓòÉΓòÉΓòÉΓòÉΓòÉΓòÉΓòÉΓòÉΓòÉΓòÉΓòÉΓòÉΓòÉ
ΓòÉΓòÉΓòí EXCEPTION CAUGHT BY RENDERING LIBRARY Γò₧ΓòÉΓòÉΓòÉΓòÉΓòÉΓòÉΓòÉΓòÉΓòÉΓòÉΓòÉΓòÉΓòÉΓòÉΓòÉΓòÉΓòÉΓòÉΓòÉΓòÉΓòÉΓòÉΓòÉΓòÉΓòÉΓòÉΓòÉΓòÉΓòÉΓòÉΓòÉΓòÉΓòÉΓòÉΓòÉΓòÉΓòÉΓòÉΓòÉΓòÉΓòÉΓòÉΓòÉΓòÉΓòÉΓòÉΓòÉΓòÉΓòÉΓòÉΓòÉΓòÉΓòÉΓòÉΓòÉΓòÉΓòÉ
The following assertion was thrown during performLayout():
RenderBox was not laid out: RenderSemanticsAnnotations#fd220 relayoutBoundary=up23 NEEDS-PAINT
NEEDS-COMPOSITING-BITS-UPDATE
'package:flutter/src/rendering/box.dart':
Failed assertion: line 2251 pos 12: 'hasSize'

Either the assertion indicates an error in the framework itself, or we should provide substantially
more information in this error message to help you determine and fix the underlying cause.
In either case, please report this assertion by filing a bug on GitHub:
  https://github.com/flutter/flutter/issues/new?template=02_bug.yml

The relevant error-causing widget was:
  TextField
  TextField:file:///C:/Users/bhara/StudioProjects/simple_billing_app/lib/views/screens/billing_screen.dart:310:22

When the exception was thrown, this was the stack:
#2      RenderBox.size (package:flutter/src/rendering/box.dart:2251:12)
#3      RenderProxyBoxMixin.performLayout (package:flutter/src/rendering/proxy_box.dart:118:62)
#4      RenderObject.layout (package:flutter/src/rendering/object.dart:2768:7)
#5      RenderProxyBoxMixin.performLayout (package:flutter/src/rendering/proxy_box.dart:118:18)
#6      RenderObject.layout (package:flutter/src/rendering/object.dart:2768:7)
#7      RenderTapRegion.layout (package:flutter/src/widgets/tap_region.dart:686:11)
#8      RenderProxyBoxMixin.performLayout (package:flutter/src/rendering/proxy_box.dart:118:18)
#9      RenderObject.layout (package:flutter/src/rendering/object.dart:2768:7)
#10     RenderProxyBoxMixin.performLayout (package:flutter/src/rendering/proxy_box.dart:118:18)
#11     RenderObject.layout (package:flutter/src/rendering/object.dart:2768:7)
#12     RenderProxyBoxMixin.performLayout (package:flutter/src/rendering/proxy_box.dart:118:18)
#13     RenderObject.layout (package:flutter/src/rendering/object.dart:2768:7)
#14     RenderProxyBoxMixin.performLayout (package:flutter/src/rendering/proxy_box.dart:118:18)
#15     RenderObject.layout (package:flutter/src/rendering/object.dart:2768:7)
#16     ChildLayoutHelper.layoutChild (package:flutter/src/rendering/layout_helper.dart:62:11)
#17     RenderFlex._computeSizes (package:flutter/src/rendering/flex.dart:1237:28)
#18     RenderFlex.performLayout (package:flutter/src/rendering/flex.dart:1329:32)
#19     RenderObject.layout (package:flutter/src/rendering/object.dart:2768:7)
#20     RenderPadding.performLayout (package:flutter/src/rendering/shifted_box.dart:262:12)
#21     RenderObject.layout (package:flutter/src/rendering/object.dart:2768:7)
#22     RenderProxyBoxMixin.performLayout (package:flutter/src/rendering/proxy_box.dart:118:18)
#23     RenderObject.layout (package:flutter/src/rendering/object.dart:2768:7)
#24     ChildLayoutHelper.layoutChild (package:flutter/src/rendering/layout_helper.dart:62:11)
#25     RenderFlex._computeSizes (package:flutter/src/rendering/flex.dart:1237:28)
#26     RenderFlex.performLayout (package:flutter/src/rendering/flex.dart:1329:32)
#27     RenderObject.layout (package:flutter/src/rendering/object.dart:2768:7)
#28     ChildLayoutHelper.layoutChild (package:flutter/src/rendering/layout_helper.dart:62:11)
#29     RenderFlex._computeSizes (package:flutter/src/rendering/flex.dart:1237:28)
#30     RenderFlex.performLayout (package:flutter/src/rendering/flex.dart:1329:32)
#31     RenderObject.layout (package:flutter/src/rendering/object.dart:2768:7)
#32     _RenderSingleChildViewport.performLayout (package:flutter/src/widgets/single_child_scroll_view.dart:502:14)
#33     RenderObject.layout (package:flutter/src/rendering/object.dart:2768:7)
#34     RenderProxyBoxMixin.performLayout (package:flutter/src/rendering/proxy_box.dart:118:18)
#35     RenderObject.layout (package:flutter/src/rendering/object.dart:2768:7)
#36     RenderProxyBoxMixin.performLayout (package:flutter/src/rendering/proxy_box.dart:118:18)
#37     RenderObject.layout (package:flutter/src/rendering/object.dart:2768:7)
#38     RenderProxyBoxMixin.performLayout (package:flutter/src/rendering/proxy_box.dart:118:18)
#39     RenderObject.layout (package:flutter/src/rendering/object.dart:2768:7)
#40     RenderProxyBoxMixin.performLayout (package:flutter/src/rendering/proxy_box.dart:118:18)
#41     RenderObject.layout (package:flutter/src/rendering/object.dart:2768:7)
#42     RenderProxyBoxMixin.performLayout (package:flutter/src/rendering/proxy_box.dart:118:18)
#43     RenderObject.layout (package:flutter/src/rendering/object.dart:2768:7)
#44     RenderProxyBoxMixin.performLayout (package:flutter/src/rendering/proxy_box.dart:118:18)
#45     RenderObject.layout (package:flutter/src/rendering/object.dart:2768:7)
#46     RenderProxyBoxMixin.performLayout (package:flutter/src/rendering/proxy_box.dart:118:18)
#47     RenderObject.layout (package:flutter/src/rendering/object.dart:2768:7)
#48     RenderProxyBoxMixin.performLayout (package:flutter/src/rendering/proxy_box.dart:118:18)
#49     _RenderCustomClip.performLayout (package:flutter/src/rendering/proxy_box.dart:1549:11)
#50     RenderObject.layout (package:flutter/src/rendering/object.dart:2768:7)
#51     RenderPadding.performLayout (package:flutter/src/rendering/shifted_box.dart:262:12)
#52     RenderObject.layout (package:flutter/src/rendering/object.dart:2768:7)
#53     _RenderLayoutBuilder.performLayout (package:flutter/src/widgets/layout_builder.dart:449:14)
#54     RenderObject.layout (package:flutter/src/rendering/object.dart:2768:7)
#55     MultiChildLayoutDelegate.layoutChild (package:flutter/src/rendering/custom_layout.dart:180:12)
#56     _ScaffoldLayout.performLayout (package:flutter/src/material/scaffold.dart:1113:7)
#57     MultiChildLayoutDelegate._callPerformLayout (package:flutter/src/rendering/custom_layout.dart:246:7)
#58     RenderCustomMultiChildLayoutBox.performLayout (package:flutter/src/rendering/custom_layout.dart:417:14)
#59     RenderObject.layout (package:flutter/src/rendering/object.dart:2768:7)
#60     RenderProxyBoxMixin.performLayout (package:flutter/src/rendering/proxy_box.dart:118:18)
#61     RenderObject.layout (package:flutter/src/rendering/object.dart:2768:7)
#62     RenderProxyBoxMixin.performLayout (package:flutter/src/rendering/proxy_box.dart:118:18)
#63     _RenderCustomClip.performLayout (package:flutter/src/rendering/proxy_box.dart:1549:11)
#64     RenderObject.layout (package:flutter/src/rendering/object.dart:2768:7)
#65     RenderProxyBoxMixin.performLayout (package:flutter/src/rendering/proxy_box.dart:118:18)
#66     RenderObject.layout (package:flutter/src/rendering/object.dart:2768:7)
#67     RenderProxyBoxMixin.performLayout (package:flutter/src/rendering/proxy_box.dart:118:18)
#68     RenderObject.layout (package:flutter/src/rendering/object.dart:2768:7)
#69     RenderProxyBoxMixin.performLayout (package:flutter/src/rendering/proxy_box.dart:118:18)
#70     RenderObject.layout (package:flutter/src/rendering/object.dart:2768:7)
#71     RenderProxyBoxMixin.performLayout (package:flutter/src/rendering/proxy_box.dart:118:18)
#72     RenderObject.layout (package:flutter/src/rendering/object.dart:2768:7)
#73     RenderProxyBoxMixin.performLayout (package:flutter/src/rendering/proxy_box.dart:118:18)
#74     RenderObject.layout (package:flutter/src/rendering/object.dart:2768:7)
#75     RenderProxyBoxMixin.performLayout (package:flutter/src/rendering/proxy_box.dart:118:18)
#76     RenderObject.layout (package:flutter/src/rendering/object.dart:2768:7)
#77     RenderProxyBoxMixin.performLayout (package:flutter/src/rendering/proxy_box.dart:118:18)
#78     RenderObject.layout (package:flutter/src/rendering/object.dart:2768:7)
#79     RenderProxyBoxMixin.performLayout (package:flutter/src/rendering/proxy_box.dart:118:18)
#80     RenderObject.layout (package:flutter/src/rendering/object.dart:2768:7)
#81     RenderProxyBoxMixin.performLayout (package:flutter/src/rendering/proxy_box.dart:118:18)
#82     RenderObject.layout (package:flutter/src/rendering/object.dart:2768:7)
#83     RenderProxyBoxMixin.performLayout (package:flutter/src/rendering/proxy_box.dart:118:18)
#84     RenderObject.layout (package:flutter/src/rendering/object.dart:2768:7)
#85     RenderProxyBoxMixin.performLayout (package:flutter/src/rendering/proxy_box.dart:118:18)
#86     RenderObject.layout (package:flutter/src/rendering/object.dart:2768:7)
#87     RenderProxyBoxMixin.performLayout (package:flutter/src/rendering/proxy_box.dart:118:18)
#88     RenderObject.layout (package:flutter/src/rendering/object.dart:2768:7)
#89     RenderProxyBoxMixin.performLayout (package:flutter/src/rendering/proxy_box.dart:118:18)
#90     RenderObject.layout (package:flutter/src/rendering/object.dart:2768:7)
#91     RenderProxyBoxMixin.performLayout (package:flutter/src/rendering/proxy_box.dart:118:18)
#92     RenderObject.layout (package:flutter/src/rendering/object.dart:2768:7)
#93     RenderProxyBoxMixin.performLayout (package:flutter/src/rendering/proxy_box.dart:118:18)
#94     RenderObject.layout (package:flutter/src/rendering/object.dart:2768:7)
#95     RenderProxyBoxMixin.performLayout (package:flutter/src/rendering/proxy_box.dart:118:18)
#96     RenderOffstage.performLayout (package:flutter/src/rendering/proxy_box.dart:3923:13)
#97     RenderObject.layout (package:flutter/src/rendering/object.dart:2768:7)
#98     RenderProxyBoxMixin.performLayout (package:flutter/src/rendering/proxy_box.dart:118:18)
#99     RenderObject.layout (package:flutter/src/rendering/object.dart:2768:7)
#100    _RenderTheaterMixin.layoutChild (package:flutter/src/widgets/overlay.dart:1084:13)
#101    _RenderTheater.performLayout (package:flutter/src/widgets/overlay.dart:1429:9)
#102    RenderObject.layout (package:flutter/src/rendering/object.dart:2768:7)
#103    RenderProxyBoxMixin.performLayout (package:flutter/src/rendering/proxy_box.dart:118:18)
#104    RenderObject.layout (package:flutter/src/rendering/object.dart:2768:7)
#105    RenderProxyBoxMixin.performLayout (package:flutter/src/rendering/proxy_box.dart:118:18)
#106    RenderObject.layout (package:flutter/src/rendering/object.dart:2768:7)
#107    RenderProxyBoxMixin.performLayout (package:flutter/src/rendering/proxy_box.dart:118:18)
#108    RenderObject.layout (package:flutter/src/rendering/object.dart:2768:7)
#109    RenderProxyBoxMixin.performLayout (package:flutter/src/rendering/proxy_box.dart:118:18)
#110    RenderCustomPaint.performLayout (package:flutter/src/rendering/custom_paint.dart:574:11)
#111    RenderObject.layout (package:flutter/src/rendering/object.dart:2768:7)
#112    RenderProxyBoxMixin.performLayout (package:flutter/src/rendering/proxy_box.dart:118:18)
#113    RenderObject.layout (package:flutter/src/rendering/object.dart:2768:7)
#114    RenderProxyBoxMixin.performLayout (package:flutter/src/rendering/proxy_box.dart:118:18)
#115    RenderObject.layout (package:flutter/src/rendering/object.dart:2768:7)
#116    RenderProxyBoxMixin.performLayout (package:flutter/src/rendering/proxy_box.dart:118:18)
#117    RenderObject.layout (package:flutter/src/rendering/object.dart:2768:7)
#118    RenderProxyBoxMixin.performLayout (package:flutter/src/rendering/proxy_box.dart:118:18)
#119    RenderObject.layout (package:flutter/src/rendering/object.dart:2768:7)
#120    RenderProxyBoxMixin.performLayout (package:flutter/src/rendering/proxy_box.dart:118:18)
#121    RenderObject.layout (package:flutter/src/rendering/object.dart:2768:7)
#122    RenderProxyBoxMixin.performLayout (package:flutter/src/rendering/proxy_box.dart:118:18)
#123    RenderObject.layout (package:flutter/src/rendering/object.dart:2768:7)
#124    RenderView.performLayout (package:flutter/src/rendering/view.dart:292:12)
#125    RenderObject._layoutWithoutResize (package:flutter/src/rendering/object.dart:2616:7)
#126    PipelineOwner.flushLayout (package:flutter/src/rendering/object.dart:1174:18)
#127    PipelineOwner.flushLayout (package:flutter/src/rendering/object.dart:1187:15)
#128    AutomatedTestWidgetsFlutterBinding.drawFrame (package:flutter_test/src/binding.dart:2133:27)
#129    RendererBinding._handlePersistentFrameCallback (package:flutter/src/rendering/binding.dart:495:5)
#130    SchedulerBinding._invokeFrameCallback (package:flutter/src/scheduler/binding.dart:1430:15)
#131    SchedulerBinding.handleDrawFrame (package:flutter/src/scheduler/binding.dart:1345:9)
#132    AutomatedTestWidgetsFlutterBinding.pump.<anonymous closure> (package:flutter_test/src/binding.dart:1960:9)
#135    TestAsyncUtils.guard (package:flutter_test/src/test_async_utils.dart:74:41)
#136    AutomatedTestWidgetsFlutterBinding.pump (package:flutter_test/src/binding.dart:1949:27)
#137    WidgetTester.pumpWidget.<anonymous closure> (package:flutter_test/src/widget_tester.dart:598:22)
#140    TestAsyncUtils.guard (package:flutter_test/src/test_async_utils.dart:74:41)
#141    WidgetTester.pumpWidget (package:flutter_test/src/widget_tester.dart:595:27)
#142    main.<anonymous closure>.<anonymous closure> (file:///C:/Users/bhara/StudioProjects/simple_billing_app/test/widget/billing_screen_test.dart:63:20)
#143    testWidgets.<anonymous closure>.<anonymous closure> (package:flutter_test/src/widget_tester.dart:192:29)
<asynchronous suspension>
#144    TestWidgetsFlutterBinding._runTestBody (package:flutter_test/src/binding.dart:1682:5)
<asynchronous suspension>
<asynchronous suspension>
(elided 7 frames from class _AssertionError, dart:async, and package:stack_trace)

The following RenderObject was being processed when the exception was fired: RenderIgnorePointer#47d2e relayoutBoundary=up22 NEEDS-LAYOUT NEEDS-PAINT NEEDS-COMPOSITING-BITS-UPDATE:
  creator: IgnorePointer ΓåÉ TextFieldTapRegion ΓåÉ MouseRegion ΓåÉ TextField ΓåÉ AbsorbPointer ΓåÉ Listener ΓåÉ
    _GestureSemantics ΓåÉ RawGestureDetector ΓåÉ GestureDetector ΓåÉ Column ΓåÉ Padding ΓåÉ DecoratedBox ΓåÉ Γï»
  parentData: <none> (can use size)
  constraints: BoxConstraints(unconstrained)
  size: MISSING
  ignoring: false
  ignoringSemantics: null
This RenderObject had the following descendants (showing up to depth 5):
    child: RenderSemanticsAnnotations#fd220 relayoutBoundary=up23 NEEDS-PAINT NEEDS-COMPOSITING-BITS-UPDATE
      child: RenderPointerListener#6a742 relayoutBoundary=up24 NEEDS-PAINT NEEDS-COMPOSITING-BITS-UPDATE
        child: _RenderDecoration#1f082 relayoutBoundary=up25 NEEDS-PAINT NEEDS-COMPOSITING-BITS-UPDATE
          input: RenderRepaintBoundary#8a72c NEEDS-LAYOUT NEEDS-PAINT NEEDS-COMPOSITING-BITS-UPDATE
            child: _RenderCompositionCallback#f8bda NEEDS-LAYOUT NEEDS-PAINT NEEDS-COMPOSITING-BITS-UPDATE
          prefixIcon: RenderPositionedBox#8b109 NEEDS-LAYOUT NEEDS-PAINT NEEDS-COMPOSITING-BITS-UPDATE
            child: RenderMouseRegion#a69e9 NEEDS-LAYOUT NEEDS-PAINT NEEDS-COMPOSITING-BITS-UPDATE
          hint: RenderAnimatedOpacity#832c8 NEEDS-LAYOUT NEEDS-PAINT NEEDS-COMPOSITING-BITS-UPDATE
            child: RenderParagraph#bd999 NEEDS-LAYOUT NEEDS-PAINT
          helperError: RenderConstrainedBox#c62ce NEEDS-LAYOUT NEEDS-PAINT
          container: RenderCustomPaint#67213 NEEDS-LAYOUT NEEDS-PAINT
ΓòÉΓòÉΓòÉΓòÉΓòÉΓòÉΓòÉΓòÉΓòÉΓòÉΓòÉΓòÉΓòÉΓòÉΓòÉΓòÉΓòÉΓòÉΓòÉΓòÉΓòÉΓòÉΓòÉΓòÉΓòÉΓòÉΓòÉΓòÉΓòÉΓòÉΓòÉΓòÉΓòÉΓòÉΓòÉΓòÉΓòÉΓòÉΓòÉΓòÉΓòÉΓòÉΓòÉΓòÉΓòÉΓòÉΓòÉΓòÉΓòÉΓòÉΓòÉΓòÉΓòÉΓòÉΓòÉΓòÉΓòÉΓòÉΓòÉΓòÉΓòÉΓòÉΓòÉΓòÉΓòÉΓòÉΓòÉΓòÉΓòÉΓòÉΓòÉΓòÉΓòÉΓòÉΓòÉΓòÉΓòÉΓòÉΓòÉΓòÉΓòÉΓòÉΓòÉΓòÉΓòÉΓòÉΓòÉΓòÉΓòÉΓòÉΓòÉΓòÉΓòÉΓòÉΓòÉΓòÉΓòÉΓòÉΓòÉΓòÉ
ΓòÉΓòÉΓòí EXCEPTION CAUGHT BY RENDERING LIBRARY Γò₧ΓòÉΓòÉΓòÉΓòÉΓòÉΓòÉΓòÉΓòÉΓòÉΓòÉΓòÉΓòÉΓòÉΓòÉΓòÉΓòÉΓòÉΓòÉΓòÉΓòÉΓòÉΓòÉΓòÉΓòÉΓòÉΓòÉΓòÉΓòÉΓòÉΓòÉΓòÉΓòÉΓòÉΓòÉΓòÉΓòÉΓòÉΓòÉΓòÉΓòÉΓòÉΓòÉΓòÉΓòÉΓòÉΓòÉΓòÉΓòÉΓòÉΓòÉΓòÉΓòÉΓòÉΓòÉΓòÉΓòÉΓòÉ
The following assertion was thrown during performLayout():
RenderBox was not laid out: RenderIgnorePointer#47d2e relayoutBoundary=up22 NEEDS-PAINT
NEEDS-COMPOSITING-BITS-UPDATE
'package:flutter/src/rendering/box.dart':
Failed assertion: line 2251 pos 12: 'hasSize'

Either the assertion indicates an error in the framework itself, or we should provide substantially
more information in this error message to help you determine and fix the underlying cause.
In either case, please report this assertion by filing a bug on GitHub:
  https://github.com/flutter/flutter/issues/new?template=02_bug.yml

The relevant error-causing widget was:
  TextField
  TextField:file:///C:/Users/bhara/StudioProjects/simple_billing_app/lib/views/screens/billing_screen.dart:310:22

When the exception was thrown, this was the stack:
#2      RenderBox.size (package:flutter/src/rendering/box.dart:2251:12)
#3      RenderProxyBoxMixin.performLayout (package:flutter/src/rendering/proxy_box.dart:118:62)
#4      RenderObject.layout (package:flutter/src/rendering/object.dart:2768:7)
#5      RenderTapRegion.layout (package:flutter/src/widgets/tap_region.dart:686:11)
#6      RenderProxyBoxMixin.performLayout (package:flutter/src/rendering/proxy_box.dart:118:18)
#7      RenderObject.layout (package:flutter/src/rendering/object.dart:2768:7)
#8      RenderProxyBoxMixin.performLayout (package:flutter/src/rendering/proxy_box.dart:118:18)
#9      RenderObject.layout (package:flutter/src/rendering/object.dart:2768:7)
#10     RenderProxyBoxMixin.performLayout (package:flutter/src/rendering/proxy_box.dart:118:18)
#11     RenderObject.layout (package:flutter/src/rendering/object.dart:2768:7)
#12     RenderProxyBoxMixin.performLayout (package:flutter/src/rendering/proxy_box.dart:118:18)
#13     RenderObject.layout (package:flutter/src/rendering/object.dart:2768:7)
#14     ChildLayoutHelper.layoutChild (package:flutter/src/rendering/layout_helper.dart:62:11)
#15     RenderFlex._computeSizes (package:flutter/src/rendering/flex.dart:1237:28)
#16     RenderFlex.performLayout (package:flutter/src/rendering/flex.dart:1329:32)
#17     RenderObject.layout (package:flutter/src/rendering/object.dart:2768:7)
#18     RenderPadding.performLayout (package:flutter/src/rendering/shifted_box.dart:262:12)
#19     RenderObject.layout (package:flutter/src/rendering/object.dart:2768:7)
#20     RenderProxyBoxMixin.performLayout (package:flutter/src/rendering/proxy_box.dart:118:18)
#21     RenderObject.layout (package:flutter/src/rendering/object.dart:2768:7)
#22     ChildLayoutHelper.layoutChild (package:flutter/src/rendering/layout_helper.dart:62:11)
#23     RenderFlex._computeSizes (package:flutter/src/rendering/flex.dart:1237:28)
#24     RenderFlex.performLayout (package:flutter/src/rendering/flex.dart:1329:32)
#25     RenderObject.layout (package:flutter/src/rendering/object.dart:2768:7)
#26     ChildLayoutHelper.layoutChild (package:flutter/src/rendering/layout_helper.dart:62:11)
#27     RenderFlex._computeSizes (package:flutter/src/rendering/flex.dart:1237:28)
#28     RenderFlex.performLayout (package:flutter/src/rendering/flex.dart:1329:32)
#29     RenderObject.layout (package:flutter/src/rendering/object.dart:2768:7)
#30     _RenderSingleChildViewport.performLayout (package:flutter/src/widgets/single_child_scroll_view.dart:502:14)
#31     RenderObject.layout (package:flutter/src/rendering/object.dart:2768:7)
#32     RenderProxyBoxMixin.performLayout (package:flutter/src/rendering/proxy_box.dart:118:18)
#33     RenderObject.layout (package:flutter/src/rendering/object.dart:2768:7)
#34     RenderProxyBoxMixin.performLayout (package:flutter/src/rendering/proxy_box.dart:118:18)
#35     RenderObject.layout (package:flutter/src/rendering/object.dart:2768:7)
#36     RenderProxyBoxMixin.performLayout (package:flutter/src/rendering/proxy_box.dart:118:18)
#37     RenderObject.layout (package:flutter/src/rendering/object.dart:2768:7)
#38     RenderProxyBoxMixin.performLayout (package:flutter/src/rendering/proxy_box.dart:118:18)
#39     RenderObject.layout (package:flutter/src/rendering/object.dart:2768:7)
#40     RenderProxyBoxMixin.performLayout (package:flutter/src/rendering/proxy_box.dart:118:18)
#41     RenderObject.layout (package:flutter/src/rendering/object.dart:2768:7)
#42     RenderProxyBoxMixin.performLayout (package:flutter/src/rendering/proxy_box.dart:118:18)
#43     RenderObject.layout (package:flutter/src/rendering/object.dart:2768:7)
#44     RenderProxyBoxMixin.performLayout (package:flutter/src/rendering/proxy_box.dart:118:18)
#45     RenderObject.layout (package:flutter/src/rendering/object.dart:2768:7)
#46     RenderProxyBoxMixin.performLayout (package:flutter/src/rendering/proxy_box.dart:118:18)
#47     _RenderCustomClip.performLayout (package:flutter/src/rendering/proxy_box.dart:1549:11)
#48     RenderObject.layout (package:flutter/src/rendering/object.dart:2768:7)
#49     RenderPadding.performLayout (package:flutter/src/rendering/shifted_box.dart:262:12)
#50     RenderObject.layout (package:flutter/src/rendering/object.dart:2768:7)
#51     _RenderLayoutBuilder.performLayout (package:flutter/src/widgets/layout_builder.dart:449:14)
#52     RenderObject.layout (package:flutter/src/rendering/object.dart:2768:7)
#53     MultiChildLayoutDelegate.layoutChild (package:flutter/src/rendering/custom_layout.dart:180:12)
#54     _ScaffoldLayout.performLayout (package:flutter/src/material/scaffold.dart:1113:7)
#55     MultiChildLayoutDelegate._callPerformLayout (package:flutter/src/rendering/custom_layout.dart:246:7)
#56     RenderCustomMultiChildLayoutBox.performLayout (package:flutter/src/rendering/custom_layout.dart:417:14)
#57     RenderObject.layout (package:flutter/src/rendering/object.dart:2768:7)
#58     RenderProxyBoxMixin.performLayout (package:flutter/src/rendering/proxy_box.dart:118:18)
#59     RenderObject.layout (package:flutter/src/rendering/object.dart:2768:7)
#60     RenderProxyBoxMixin.performLayout (package:flutter/src/rendering/proxy_box.dart:118:18)
#61     _RenderCustomClip.performLayout (package:flutter/src/rendering/proxy_box.dart:1549:11)
#62     RenderObject.layout (package:flutter/src/rendering/object.dart:2768:7)
#63     RenderProxyBoxMixin.performLayout (package:flutter/src/rendering/proxy_box.dart:118:18)
#64     RenderObject.layout (package:flutter/src/rendering/object.dart:2768:7)
#65     RenderProxyBoxMixin.performLayout (package:flutter/src/rendering/proxy_box.dart:118:18)
#66     RenderObject.layout (package:flutter/src/rendering/object.dart:2768:7)
#67     RenderProxyBoxMixin.performLayout (package:flutter/src/rendering/proxy_box.dart:118:18)
#68     RenderObject.layout (package:flutter/src/rendering/object.dart:2768:7)
#69     RenderProxyBoxMixin.performLayout (package:flutter/src/rendering/proxy_box.dart:118:18)
#70     RenderObject.layout (package:flutter/src/rendering/object.dart:2768:7)
#71     RenderProxyBoxMixin.performLayout (package:flutter/src/rendering/proxy_box.dart:118:18)
#72     RenderObject.layout (package:flutter/src/rendering/object.dart:2768:7)
#73     RenderProxyBoxMixin.performLayout (package:flutter/src/rendering/proxy_box.dart:118:18)
#74     RenderObject.layout (package:flutter/src/rendering/object.dart:2768:7)
#75     RenderProxyBoxMixin.performLayout (package:flutter/src/rendering/proxy_box.dart:118:18)
#76     RenderObject.layout (package:flutter/src/rendering/object.dart:2768:7)
#77     RenderProxyBoxMixin.performLayout (package:flutter/src/rendering/proxy_box.dart:118:18)
#78     RenderObject.layout (package:flutter/src/rendering/object.dart:2768:7)
#79     RenderProxyBoxMixin.performLayout (package:flutter/src/rendering/proxy_box.dart:118:18)
#80     RenderObject.layout (package:flutter/src/rendering/object.dart:2768:7)
#81     RenderProxyBoxMixin.performLayout (package:flutter/src/rendering/proxy_box.dart:118:18)
#82     RenderObject.layout (package:flutter/src/rendering/object.dart:2768:7)
#83     RenderProxyBoxMixin.performLayout (package:flutter/src/rendering/proxy_box.dart:118:18)
#84     RenderObject.layout (package:flutter/src/rendering/object.dart:2768:7)
#85     RenderProxyBoxMixin.performLayout (package:flutter/src/rendering/proxy_box.dart:118:18)
#86     RenderObject.layout (package:flutter/src/rendering/object.dart:2768:7)
#87     RenderProxyBoxMixin.performLayout (package:flutter/src/rendering/proxy_box.dart:118:18)
#88     RenderObject.layout (package:flutter/src/rendering/object.dart:2768:7)
#89     RenderProxyBoxMixin.performLayout (package:flutter/src/rendering/proxy_box.dart:118:18)
#90     RenderObject.layout (package:flutter/src/rendering/object.dart:2768:7)
#91     RenderProxyBoxMixin.performLayout (package:flutter/src/rendering/proxy_box.dart:118:18)
#92     RenderObject.layout (package:flutter/src/rendering/object.dart:2768:7)
#93     RenderProxyBoxMixin.performLayout (package:flutter/src/rendering/proxy_box.dart:118:18)
#94     RenderOffstage.performLayout (package:flutter/src/rendering/proxy_box.dart:3923:13)
#95     RenderObject.layout (package:flutter/src/rendering/object.dart:2768:7)
#96     RenderProxyBoxMixin.performLayout (package:flutter/src/rendering/proxy_box.dart:118:18)
#97     RenderObject.layout (package:flutter/src/rendering/object.dart:2768:7)
#98     _RenderTheaterMixin.layoutChild (package:flutter/src/widgets/overlay.dart:1084:13)
#99     _RenderTheater.performLayout (package:flutter/src/widgets/overlay.dart:1429:9)
#100    RenderObject.layout (package:flutter/src/rendering/object.dart:2768:7)
#101    RenderProxyBoxMixin.performLayout (package:flutter/src/rendering/proxy_box.dart:118:18)
#102    RenderObject.layout (package:flutter/src/rendering/object.dart:2768:7)
#103    RenderProxyBoxMixin.performLayout (package:flutter/src/rendering/proxy_box.dart:118:18)
#104    RenderObject.layout (package:flutter/src/rendering/object.dart:2768:7)
#105    RenderProxyBoxMixin.performLayout (package:flutter/src/rendering/proxy_box.dart:118:18)
#106    RenderObject.layout (package:flutter/src/rendering/object.dart:2768:7)
#107    RenderProxyBoxMixin.performLayout (package:flutter/src/rendering/proxy_box.dart:118:18)
#108    RenderCustomPaint.performLayout (package:flutter/src/rendering/custom_paint.dart:574:11)
#109    RenderObject.layout (package:flutter/src/rendering/object.dart:2768:7)
#110    RenderProxyBoxMixin.performLayout (package:flutter/src/rendering/proxy_box.dart:118:18)
#111    RenderObject.layout (package:flutter/src/rendering/object.dart:2768:7)
#112    RenderProxyBoxMixin.performLayout (package:flutter/src/rendering/proxy_box.dart:118:18)
#113    RenderObject.layout (package:flutter/src/rendering/object.dart:2768:7)
#114    RenderProxyBoxMixin.performLayout (package:flutter/src/rendering/proxy_box.dart:118:18)
#115    RenderObject.layout (package:flutter/src/rendering/object.dart:2768:7)
#116    RenderProxyBoxMixin.performLayout (package:flutter/src/rendering/proxy_box.dart:118:18)
#117    RenderObject.layout (package:flutter/src/rendering/object.dart:2768:7)
#118    RenderProxyBoxMixin.performLayout (package:flutter/src/rendering/proxy_box.dart:118:18)
#119    RenderObject.layout (package:flutter/src/rendering/object.dart:2768:7)
#120    RenderProxyBoxMixin.performLayout (package:flutter/src/rendering/proxy_box.dart:118:18)
#121    RenderObject.layout (package:flutter/src/rendering/object.dart:2768:7)
#122    RenderView.performLayout (package:flutter/src/rendering/view.dart:292:12)
#123    RenderObject._layoutWithoutResize (package:flutter/src/rendering/object.dart:2616:7)
#124    PipelineOwner.flushLayout (package:flutter/src/rendering/object.dart:1174:18)
#125    PipelineOwner.flushLayout (package:flutter/src/rendering/object.dart:1187:15)
#126    AutomatedTestWidgetsFlutterBinding.drawFrame (package:flutter_test/src/binding.dart:2133:27)
#127    RendererBinding._handlePersistentFrameCallback (package:flutter/src/rendering/binding.dart:495:5)
#128    SchedulerBinding._invokeFrameCallback (package:flutter/src/scheduler/binding.dart:1430:15)
#129    SchedulerBinding.handleDrawFrame (package:flutter/src/scheduler/binding.dart:1345:9)
#130    AutomatedTestWidgetsFlutterBinding.pump.<anonymous closure> (package:flutter_test/src/binding.dart:1960:9)
#133    TestAsyncUtils.guard (package:flutter_test/src/test_async_utils.dart:74:41)
#134    AutomatedTestWidgetsFlutterBinding.pump (package:flutter_test/src/binding.dart:1949:27)
#135    WidgetTester.pumpWidget.<anonymous closure> (package:flutter_test/src/widget_tester.dart:598:22)
#138    TestAsyncUtils.guard (package:flutter_test/src/test_async_utils.dart:74:41)
#139    WidgetTester.pumpWidget (package:flutter_test/src/widget_tester.dart:595:27)
#140    main.<anonymous closure>.<anonymous closure> (file:///C:/Users/bhara/StudioProjects/simple_billing_app/test/widget/billing_screen_test.dart:63:20)
#141    testWidgets.<anonymous closure>.<anonymous closure> (package:flutter_test/src/widget_tester.dart:192:29)
<asynchronous suspension>
#142    TestWidgetsFlutterBinding._runTestBody (package:flutter_test/src/binding.dart:1682:5)
<asynchronous suspension>
<asynchronous suspension>
(elided 7 frames from class _AssertionError, dart:async, and package:stack_trace)

The following RenderObject was being processed when the exception was fired: RenderTapRegion#e64ff relayoutBoundary=up21 NEEDS-LAYOUT NEEDS-PAINT NEEDS-COMPOSITING-BITS-UPDATE:
  creator: TextFieldTapRegion ΓåÉ MouseRegion ΓåÉ TextField ΓåÉ AbsorbPointer ΓåÉ Listener ΓåÉ _GestureSemantics
    ΓåÉ RawGestureDetector ΓåÉ GestureDetector ΓåÉ Column ΓåÉ Padding ΓåÉ DecoratedBox ΓåÉ Container ΓåÉ Γï»
  parentData: <none> (can use size)
  constraints: BoxConstraints(unconstrained)
  size: MISSING
  behavior: deferToChild
  groupId: EditableText
This RenderObject had the following descendants (showing up to depth 5):
    child: RenderIgnorePointer#47d2e relayoutBoundary=up22 NEEDS-PAINT NEEDS-COMPOSITING-BITS-UPDATE
      child: RenderSemanticsAnnotations#fd220 relayoutBoundary=up23 NEEDS-PAINT NEEDS-COMPOSITING-BITS-UPDATE
        child: RenderPointerListener#6a742 relayoutBoundary=up24 NEEDS-PAINT NEEDS-COMPOSITING-BITS-UPDATE
          child: _RenderDecoration#1f082 relayoutBoundary=up25 NEEDS-PAINT NEEDS-COMPOSITING-BITS-UPDATE
            input: RenderRepaintBoundary#8a72c NEEDS-LAYOUT NEEDS-PAINT NEEDS-COMPOSITING-BITS-UPDATE
            prefixIcon: RenderPositionedBox#8b109 NEEDS-LAYOUT NEEDS-PAINT NEEDS-COMPOSITING-BITS-UPDATE
            hint: RenderAnimatedOpacity#832c8 NEEDS-LAYOUT NEEDS-PAINT NEEDS-COMPOSITING-BITS-UPDATE
            helperError: RenderConstrainedBox#c62ce NEEDS-LAYOUT NEEDS-PAINT
            container: RenderCustomPaint#67213 NEEDS-LAYOUT NEEDS-PAINT
ΓòÉΓòÉΓòÉΓòÉΓòÉΓòÉΓòÉΓòÉΓòÉΓòÉΓòÉΓòÉΓòÉΓòÉΓòÉΓòÉΓòÉΓòÉΓòÉΓòÉΓòÉΓòÉΓòÉΓòÉΓòÉΓòÉΓòÉΓòÉΓòÉΓòÉΓòÉΓòÉΓòÉΓòÉΓòÉΓòÉΓòÉΓòÉΓòÉΓòÉΓòÉΓòÉΓòÉΓòÉΓòÉΓòÉΓòÉΓòÉΓòÉΓòÉΓòÉΓòÉΓòÉΓòÉΓòÉΓòÉΓòÉΓòÉΓòÉΓòÉΓòÉΓòÉΓòÉΓòÉΓòÉΓòÉΓòÉΓòÉΓòÉΓòÉΓòÉΓòÉΓòÉΓòÉΓòÉΓòÉΓòÉΓòÉΓòÉΓòÉΓòÉΓòÉΓòÉΓòÉΓòÉΓòÉΓòÉΓòÉΓòÉΓòÉΓòÉΓòÉΓòÉΓòÉΓòÉΓòÉΓòÉΓòÉΓòÉΓòÉ
ΓòÉΓòÉΓòí EXCEPTION CAUGHT BY RENDERING LIBRARY Γò₧ΓòÉΓòÉΓòÉΓòÉΓòÉΓòÉΓòÉΓòÉΓòÉΓòÉΓòÉΓòÉΓòÉΓòÉΓòÉΓòÉΓòÉΓòÉΓòÉΓòÉΓòÉΓòÉΓòÉΓòÉΓòÉΓòÉΓòÉΓòÉΓòÉΓòÉΓòÉΓòÉΓòÉΓòÉΓòÉΓòÉΓòÉΓòÉΓòÉΓòÉΓòÉΓòÉΓòÉΓòÉΓòÉΓòÉΓòÉΓòÉΓòÉΓòÉΓòÉΓòÉΓòÉΓòÉΓòÉΓòÉΓòÉ
The following assertion was thrown during performLayout():
RenderBox was not laid out: RenderTapRegion#e64ff relayoutBoundary=up21 NEEDS-PAINT
NEEDS-COMPOSITING-BITS-UPDATE
'package:flutter/src/rendering/box.dart':
Failed assertion: line 2251 pos 12: 'hasSize'

Either the assertion indicates an error in the framework itself, or we should provide substantially
more information in this error message to help you determine and fix the underlying cause.
In either case, please report this assertion by filing a bug on GitHub:
  https://github.com/flutter/flutter/issues/new?template=02_bug.yml

The relevant error-causing widget was:
  TextField
  TextField:file:///C:/Users/bhara/StudioProjects/simple_billing_app/lib/views/screens/billing_screen.dart:310:22

When the exception was thrown, this was the stack:
#2      RenderBox.size (package:flutter/src/rendering/box.dart:2251:12)
#3      RenderProxyBoxMixin.performLayout (package:flutter/src/rendering/proxy_box.dart:118:62)
#4      RenderObject.layout (package:flutter/src/rendering/object.dart:2768:7)
#5      RenderProxyBoxMixin.performLayout (package:flutter/src/rendering/proxy_box.dart:118:18)
#6      RenderObject.layout (package:flutter/src/rendering/object.dart:2768:7)
#7      RenderProxyBoxMixin.performLayout (package:flutter/src/rendering/proxy_box.dart:118:18)
#8      RenderObject.layout (package:flutter/src/rendering/object.dart:2768:7)
#9      RenderProxyBoxMixin.performLayout (package:flutter/src/rendering/proxy_box.dart:118:18)
#10     RenderObject.layout (package:flutter/src/rendering/object.dart:2768:7)
#11     ChildLayoutHelper.layoutChild (package:flutter/src/rendering/layout_helper.dart:62:11)
#12     RenderFlex._computeSizes (package:flutter/src/rendering/flex.dart:1237:28)
#13     RenderFlex.performLayout (package:flutter/src/rendering/flex.dart:1329:32)
#14     RenderObject.layout (package:flutter/src/rendering/object.dart:2768:7)
#15     RenderPadding.performLayout (package:flutter/src/rendering/shifted_box.dart:262:12)
#16     RenderObject.layout (package:flutter/src/rendering/object.dart:2768:7)
#17     RenderProxyBoxMixin.performLayout (package:flutter/src/rendering/proxy_box.dart:118:18)
#18     RenderObject.layout (package:flutter/src/rendering/object.dart:2768:7)
#19     ChildLayoutHelper.layoutChild (package:flutter/src/rendering/layout_helper.dart:62:11)
#20     RenderFlex._computeSizes (package:flutter/src/rendering/flex.dart:1237:28)
#21     RenderFlex.performLayout (package:flutter/src/rendering/flex.dart:1329:32)
#22     RenderObject.layout (package:flutter/src/rendering/object.dart:2768:7)
#23     ChildLayoutHelper.layoutChild (package:flutter/src/rendering/layout_helper.dart:62:11)
#24     RenderFlex._computeSizes (package:flutter/src/rendering/flex.dart:1237:28)
#25     RenderFlex.performLayout (package:flutter/src/rendering/flex.dart:1329:32)
#26     RenderObject.layout (package:flutter/src/rendering/object.dart:2768:7)
#27     _RenderSingleChildViewport.performLayout (package:flutter/src/widgets/single_child_scroll_view.dart:502:14)
#28     RenderObject.layout (package:flutter/src/rendering/object.dart:2768:7)
#29     RenderProxyBoxMixin.performLayout (package:flutter/src/rendering/proxy_box.dart:118:18)
#30     RenderObject.layout (package:flutter/src/rendering/object.dart:2768:7)
#31     RenderProxyBoxMixin.performLayout (package:flutter/src/rendering/proxy_box.dart:118:18)
#32     RenderObject.layout (package:flutter/src/rendering/object.dart:2768:7)
#33     RenderProxyBoxMixin.performLayout (package:flutter/src/rendering/proxy_box.dart:118:18)
#34     RenderObject.layout (package:flutter/src/rendering/object.dart:2768:7)
#35     RenderProxyBoxMixin.performLayout (package:flutter/src/rendering/proxy_box.dart:118:18)
#36     RenderObject.layout (package:flutter/src/rendering/object.dart:2768:7)
#37     RenderProxyBoxMixin.performLayout (package:flutter/src/rendering/proxy_box.dart:118:18)
#38     RenderObject.layout (package:flutter/src/rendering/object.dart:2768:7)
#39     RenderProxyBoxMixin.performLayout (package:flutter/src/rendering/proxy_box.dart:118:18)
#40     RenderObject.layout (package:flutter/src/rendering/object.dart:2768:7)
#41     RenderProxyBoxMixin.performLayout (package:flutter/src/rendering/proxy_box.dart:118:18)
#42     RenderObject.layout (package:flutter/src/rendering/object.dart:2768:7)
#43     RenderProxyBoxMixin.performLayout (package:flutter/src/rendering/proxy_box.dart:118:18)
#44     _RenderCustomClip.performLayout (package:flutter/src/rendering/proxy_box.dart:1549:11)
#45     RenderObject.layout (package:flutter/src/rendering/object.dart:2768:7)
#46     RenderPadding.performLayout (package:flutter/src/rendering/shifted_box.dart:262:12)
#47     RenderObject.layout (package:flutter/src/rendering/object.dart:2768:7)
#48     _RenderLayoutBuilder.performLayout (package:flutter/src/widgets/layout_builder.dart:449:14)
#49     RenderObject.layout (package:flutter/src/rendering/object.dart:2768:7)
#50     MultiChildLayoutDelegate.layoutChild (package:flutter/src/rendering/custom_layout.dart:180:12)
#51     _ScaffoldLayout.performLayout (package:flutter/src/material/scaffold.dart:1113:7)
#52     MultiChildLayoutDelegate._callPerformLayout (package:flutter/src/rendering/custom_layout.dart:246:7)
#53     RenderCustomMultiChildLayoutBox.performLayout (package:flutter/src/rendering/custom_layout.dart:417:14)
#54     RenderObject.layout (package:flutter/src/rendering/object.dart:2768:7)
#55     RenderProxyBoxMixin.performLayout (package:flutter/src/rendering/proxy_box.dart:118:18)
#56     RenderObject.layout (package:flutter/src/rendering/object.dart:2768:7)
#57     RenderProxyBoxMixin.performLayout (package:flutter/src/rendering/proxy_box.dart:118:18)
#58     _RenderCustomClip.performLayout (package:flutter/src/rendering/proxy_box.dart:1549:11)
#59     RenderObject.layout (package:flutter/src/rendering/object.dart:2768:7)
#60     RenderProxyBoxMixin.performLayout (package:flutter/src/rendering/proxy_box.dart:118:18)
#61     RenderObject.layout (package:flutter/src/rendering/object.dart:2768:7)
#62     RenderProxyBoxMixin.performLayout (package:flutter/src/rendering/proxy_box.dart:118:18)
#63     RenderObject.layout (package:flutter/src/rendering/object.dart:2768:7)
#64     RenderProxyBoxMixin.performLayout (package:flutter/src/rendering/proxy_box.dart:118:18)
#65     RenderObject.layout (package:flutter/src/rendering/object.dart:2768:7)
#66     RenderProxyBoxMixin.performLayout (package:flutter/src/rendering/proxy_box.dart:118:18)
#67     RenderObject.layout (package:flutter/src/rendering/object.dart:2768:7)
#68     RenderProxyBoxMixin.performLayout (package:flutter/src/rendering/proxy_box.dart:118:18)
#69     RenderObject.layout (package:flutter/src/rendering/object.dart:2768:7)
#70     RenderProxyBoxMixin.performLayout (package:flutter/src/rendering/proxy_box.dart:118:18)
#71     RenderObject.layout (package:flutter/src/rendering/object.dart:2768:7)
#72     RenderProxyBoxMixin.performLayout (package:flutter/src/rendering/proxy_box.dart:118:18)
#73     RenderObject.layout (package:flutter/src/rendering/object.dart:2768:7)
#74     RenderProxyBoxMixin.performLayout (package:flutter/src/rendering/proxy_box.dart:118:18)
#75     RenderObject.layout (package:flutter/src/rendering/object.dart:2768:7)
#76     RenderProxyBoxMixin.performLayout (package:flutter/src/rendering/proxy_box.dart:118:18)
#77     RenderObject.layout (package:flutter/src/rendering/object.dart:2768:7)
#78     RenderProxyBoxMixin.performLayout (package:flutter/src/rendering/proxy_box.dart:118:18)
#79     RenderObject.layout (package:flutter/src/rendering/object.dart:2768:7)
#80     RenderProxyBoxMixin.performLayout (package:flutter/src/rendering/proxy_box.dart:118:18)
#81     RenderObject.layout (package:flutter/src/rendering/object.dart:2768:7)
#82     RenderProxyBoxMixin.performLayout (package:flutter/src/rendering/proxy_box.dart:118:18)
#83     RenderObject.layout (package:flutter/src/rendering/object.dart:2768:7)
#84     RenderProxyBoxMixin.performLayout (package:flutter/src/rendering/proxy_box.dart:118:18)
#85     RenderObject.layout (package:flutter/src/rendering/object.dart:2768:7)
#86     RenderProxyBoxMixin.performLayout (package:flutter/src/rendering/proxy_box.dart:118:18)
#87     RenderObject.layout (package:flutter/src/rendering/object.dart:2768:7)
#88     RenderProxyBoxMixin.performLayout (package:flutter/src/rendering/proxy_box.dart:118:18)
#89     RenderObject.layout (package:flutter/src/rendering/object.dart:2768:7)
#90     RenderProxyBoxMixin.performLayout (package:flutter/src/rendering/proxy_box.dart:118:18)
#91     RenderOffstage.performLayout (package:flutter/src/rendering/proxy_box.dart:3923:13)
#92     RenderObject.layout (package:flutter/src/rendering/object.dart:2768:7)
#93     RenderProxyBoxMixin.performLayout (package:flutter/src/rendering/proxy_box.dart:118:18)
#94     RenderObject.layout (package:flutter/src/rendering/object.dart:2768:7)
#95     _RenderTheaterMixin.layoutChild (package:flutter/src/widgets/overlay.dart:1084:13)
#96     _RenderTheater.performLayout (package:flutter/src/widgets/overlay.dart:1429:9)
#97     RenderObject.layout (package:flutter/src/rendering/object.dart:2768:7)
#98     RenderProxyBoxMixin.performLayout (package:flutter/src/rendering/proxy_box.dart:118:18)
#99     RenderObject.layout (package:flutter/src/rendering/object.dart:2768:7)
#100    RenderProxyBoxMixin.performLayout (package:flutter/src/rendering/proxy_box.dart:118:18)
#101    RenderObject.layout (package:flutter/src/rendering/object.dart:2768:7)
#102    RenderProxyBoxMixin.performLayout (package:flutter/src/rendering/proxy_box.dart:118:18)
#103    RenderObject.layout (package:flutter/src/rendering/object.dart:2768:7)
#104    RenderProxyBoxMixin.performLayout (package:flutter/src/rendering/proxy_box.dart:118:18)
#105    RenderCustomPaint.performLayout (package:flutter/src/rendering/custom_paint.dart:574:11)
#106    RenderObject.layout (package:flutter/src/rendering/object.dart:2768:7)
#107    RenderProxyBoxMixin.performLayout (package:flutter/src/rendering/proxy_box.dart:118:18)
#108    RenderObject.layout (package:flutter/src/rendering/object.dart:2768:7)
#109    RenderProxyBoxMixin.performLayout (package:flutter/src/rendering/proxy_box.dart:118:18)
#110    RenderObject.layout (package:flutter/src/rendering/object.dart:2768:7)
#111    RenderProxyBoxMixin.performLayout (package:flutter/src/rendering/proxy_box.dart:118:18)
#112    RenderObject.layout (package:flutter/src/rendering/object.dart:2768:7)
#113    RenderProxyBoxMixin.performLayout (package:flutter/src/rendering/proxy_box.dart:118:18)
#114    RenderObject.layout (package:flutter/src/rendering/object.dart:2768:7)
#115    RenderProxyBoxMixin.performLayout (package:flutter/src/rendering/proxy_box.dart:118:18)
#116    RenderObject.layout (package:flutter/src/rendering/object.dart:2768:7)
#117    RenderProxyBoxMixin.performLayout (package:flutter/src/rendering/proxy_box.dart:118:18)
#118    RenderObject.layout (package:flutter/src/rendering/object.dart:2768:7)
#119    RenderView.performLayout (package:flutter/src/rendering/view.dart:292:12)
#120    RenderObject._layoutWithoutResize (package:flutter/src/rendering/object.dart:2616:7)
#121    PipelineOwner.flushLayout (package:flutter/src/rendering/object.dart:1174:18)
#122    PipelineOwner.flushLayout (package:flutter/src/rendering/object.dart:1187:15)
#123    AutomatedTestWidgetsFlutterBinding.drawFrame (package:flutter_test/src/binding.dart:2133:27)
#124    RendererBinding._handlePersistentFrameCallback (package:flutter/src/rendering/binding.dart:495:5)
#125    SchedulerBinding._invokeFrameCallback (package:flutter/src/scheduler/binding.dart:1430:15)
#126    SchedulerBinding.handleDrawFrame (package:flutter/src/scheduler/binding.dart:1345:9)
#127    AutomatedTestWidgetsFlutterBinding.pump.<anonymous closure> (package:flutter_test/src/binding.dart:1960:9)
#130    TestAsyncUtils.guard (package:flutter_test/src/test_async_utils.dart:74:41)
#131    AutomatedTestWidgetsFlutterBinding.pump (package:flutter_test/src/binding.dart:1949:27)
#132    WidgetTester.pumpWidget.<anonymous closure> (package:flutter_test/src/widget_tester.dart:598:22)
#135    TestAsyncUtils.guard (package:flutter_test/src/test_async_utils.dart:74:41)
#136    WidgetTester.pumpWidget (package:flutter_test/src/widget_tester.dart:595:27)
#137    main.<anonymous closure>.<anonymous closure> (file:///C:/Users/bhara/StudioProjects/simple_billing_app/test/widget/billing_screen_test.dart:63:20)
#138    testWidgets.<anonymous closure>.<anonymous closure> (package:flutter_test/src/widget_tester.dart:192:29)
<asynchronous suspension>
#139    TestWidgetsFlutterBinding._runTestBody (package:flutter_test/src/binding.dart:1682:5)
<asynchronous suspension>
<asynchronous suspension>
(elided 7 frames from class _AssertionError, dart:async, and package:stack_trace)

The following RenderObject was being processed when the exception was fired: RenderMouseRegion#ae3af relayoutBoundary=up20 NEEDS-LAYOUT NEEDS-PAINT NEEDS-COMPOSITING-BITS-UPDATE:
  creator: MouseRegion ΓåÉ TextField ΓåÉ AbsorbPointer ΓåÉ Listener ΓåÉ _GestureSemantics ΓåÉ RawGestureDetector
    ΓåÉ GestureDetector ΓåÉ Column ΓåÉ Padding ΓåÉ DecoratedBox ΓåÉ Container ΓåÉ Column ΓåÉ Γï»
  parentData: <none> (can use size)
  constraints: BoxConstraints(unconstrained)
  size: MISSING
  behavior: opaque
  listeners: enter, exit
  cursor: SystemMouseCursor(text)
This RenderObject had the following descendants (showing up to depth 5):
    child: RenderTapRegion#e64ff relayoutBoundary=up21 NEEDS-PAINT NEEDS-COMPOSITING-BITS-UPDATE
      child: RenderIgnorePointer#47d2e relayoutBoundary=up22 NEEDS-PAINT NEEDS-COMPOSITING-BITS-UPDATE
        child: RenderSemanticsAnnotations#fd220 relayoutBoundary=up23 NEEDS-PAINT NEEDS-COMPOSITING-BITS-UPDATE
          child: RenderPointerListener#6a742 relayoutBoundary=up24 NEEDS-PAINT NEEDS-COMPOSITING-BITS-UPDATE
            child: _RenderDecoration#1f082 relayoutBoundary=up25 NEEDS-PAINT NEEDS-COMPOSITING-BITS-UPDATE
ΓòÉΓòÉΓòÉΓòÉΓòÉΓòÉΓòÉΓòÉΓòÉΓòÉΓòÉΓòÉΓòÉΓòÉΓòÉΓòÉΓòÉΓòÉΓòÉΓòÉΓòÉΓòÉΓòÉΓòÉΓòÉΓòÉΓòÉΓòÉΓòÉΓòÉΓòÉΓòÉΓòÉΓòÉΓòÉΓòÉΓòÉΓòÉΓòÉΓòÉΓòÉΓòÉΓòÉΓòÉΓòÉΓòÉΓòÉΓòÉΓòÉΓòÉΓòÉΓòÉΓòÉΓòÉΓòÉΓòÉΓòÉΓòÉΓòÉΓòÉΓòÉΓòÉΓòÉΓòÉΓòÉΓòÉΓòÉΓòÉΓòÉΓòÉΓòÉΓòÉΓòÉΓòÉΓòÉΓòÉΓòÉΓòÉΓòÉΓòÉΓòÉΓòÉΓòÉΓòÉΓòÉΓòÉΓòÉΓòÉΓòÉΓòÉΓòÉΓòÉΓòÉΓòÉΓòÉΓòÉΓòÉΓòÉΓòÉΓòÉ
ΓòÉΓòÉΓòí EXCEPTION CAUGHT BY RENDERING LIBRARY Γò₧ΓòÉΓòÉΓòÉΓòÉΓòÉΓòÉΓòÉΓòÉΓòÉΓòÉΓòÉΓòÉΓòÉΓòÉΓòÉΓòÉΓòÉΓòÉΓòÉΓòÉΓòÉΓòÉΓòÉΓòÉΓòÉΓòÉΓòÉΓòÉΓòÉΓòÉΓòÉΓòÉΓòÉΓòÉΓòÉΓòÉΓòÉΓòÉΓòÉΓòÉΓòÉΓòÉΓòÉΓòÉΓòÉΓòÉΓòÉΓòÉΓòÉΓòÉΓòÉΓòÉΓòÉΓòÉΓòÉΓòÉΓòÉ
The following assertion was thrown during performLayout():
RenderBox was not laid out: RenderMouseRegion#ae3af relayoutBoundary=up20 NEEDS-PAINT
NEEDS-COMPOSITING-BITS-UPDATE
'package:flutter/src/rendering/box.dart':
Failed assertion: line 2251 pos 12: 'hasSize'

Either the assertion indicates an error in the framework itself, or we should provide substantially
more information in this error message to help you determine and fix the underlying cause.
In either case, please report this assertion by filing a bug on GitHub:
  https://github.com/flutter/flutter/issues/new?template=02_bug.yml

The relevant error-causing widget was:
  AbsorbPointer
  AbsorbPointer:file:///C:/Users/bhara/StudioProjects/simple_billing_app/lib/views/screens/billing_screen.dart:309:20

When the exception was thrown, this was the stack:
#2      RenderBox.size (package:flutter/src/rendering/box.dart:2251:12)
#3      RenderProxyBoxMixin.performLayout (package:flutter/src/rendering/proxy_box.dart:118:62)
#4      RenderObject.layout (package:flutter/src/rendering/object.dart:2768:7)
#5      RenderProxyBoxMixin.performLayout (package:flutter/src/rendering/proxy_box.dart:118:18)
#6      RenderObject.layout (package:flutter/src/rendering/object.dart:2768:7)
#7      RenderProxyBoxMixin.performLayout (package:flutter/src/rendering/proxy_box.dart:118:18)
#8      RenderObject.layout (package:flutter/src/rendering/object.dart:2768:7)
#9      ChildLayoutHelper.layoutChild (package:flutter/src/rendering/layout_helper.dart:62:11)
#10     RenderFlex._computeSizes (package:flutter/src/rendering/flex.dart:1237:28)
#11     RenderFlex.performLayout (package:flutter/src/rendering/flex.dart:1329:32)
#12     RenderObject.layout (package:flutter/src/rendering/object.dart:2768:7)
#13     RenderPadding.performLayout (package:flutter/src/rendering/shifted_box.dart:262:12)
#14     RenderObject.layout (package:flutter/src/rendering/object.dart:2768:7)
#15     RenderProxyBoxMixin.performLayout (package:flutter/src/rendering/proxy_box.dart:118:18)
#16     RenderObject.layout (package:flutter/src/rendering/object.dart:2768:7)
#17     ChildLayoutHelper.layoutChild (package:flutter/src/rendering/layout_helper.dart:62:11)
#18     RenderFlex._computeSizes (package:flutter/src/rendering/flex.dart:1237:28)
#19     RenderFlex.performLayout (package:flutter/src/rendering/flex.dart:1329:32)
#20     RenderObject.layout (package:flutter/src/rendering/object.dart:2768:7)
#21     ChildLayoutHelper.layoutChild (package:flutter/src/rendering/layout_helper.dart:62:11)
#22     RenderFlex._computeSizes (package:flutter/src/rendering/flex.dart:1237:28)
#23     RenderFlex.performLayout (package:flutter/src/rendering/flex.dart:1329:32)
#24     RenderObject.layout (package:flutter/src/rendering/object.dart:2768:7)
#25     _RenderSingleChildViewport.performLayout (package:flutter/src/widgets/single_child_scroll_view.dart:502:14)
#26     RenderObject.layout (package:flutter/src/rendering/object.dart:2768:7)
#27     RenderProxyBoxMixin.performLayout (package:flutter/src/rendering/proxy_box.dart:118:18)
#28     RenderObject.layout (package:flutter/src/rendering/object.dart:2768:7)
#29     RenderProxyBoxMixin.performLayout (package:flutter/src/rendering/proxy_box.dart:118:18)
#30     RenderObject.layout (package:flutter/src/rendering/object.dart:2768:7)
#31     RenderProxyBoxMixin.performLayout (package:flutter/src/rendering/proxy_box.dart:118:18)
#32     RenderObject.layout (package:flutter/src/rendering/object.dart:2768:7)
#33     RenderProxyBoxMixin.performLayout (package:flutter/src/rendering/proxy_box.dart:118:18)
#34     RenderObject.layout (package:flutter/src/rendering/object.dart:2768:7)
#35     RenderProxyBoxMixin.performLayout (package:flutter/src/rendering/proxy_box.dart:118:18)
#36     RenderObject.layout (package:flutter/src/rendering/object.dart:2768:7)
#37     RenderProxyBoxMixin.performLayout (package:flutter/src/rendering/proxy_box.dart:118:18)
#38     RenderObject.layout (package:flutter/src/rendering/object.dart:2768:7)
#39     RenderProxyBoxMixin.performLayout (package:flutter/src/rendering/proxy_box.dart:118:18)
#40     RenderObject.layout (package:flutter/src/rendering/object.dart:2768:7)
#41     RenderProxyBoxMixin.performLayout (package:flutter/src/rendering/proxy_box.dart:118:18)
#42     _RenderCustomClip.performLayout (package:flutter/src/rendering/proxy_box.dart:1549:11)
#43     RenderObject.layout (package:flutter/src/rendering/object.dart:2768:7)
#44     RenderPadding.performLayout (package:flutter/src/rendering/shifted_box.dart:262:12)
#45     RenderObject.layout (package:flutter/src/rendering/object.dart:2768:7)
#46     _RenderLayoutBuilder.performLayout (package:flutter/src/widgets/layout_builder.dart:449:14)
#47     RenderObject.layout (package:flutter/src/rendering/object.dart:2768:7)
#48     MultiChildLayoutDelegate.layoutChild (package:flutter/src/rendering/custom_layout.dart:180:12)
#49     _ScaffoldLayout.performLayout (package:flutter/src/material/scaffold.dart:1113:7)
#50     MultiChildLayoutDelegate._callPerformLayout (package:flutter/src/rendering/custom_layout.dart:246:7)
#51     RenderCustomMultiChildLayoutBox.performLayout (package:flutter/src/rendering/custom_layout.dart:417:14)
#52     RenderObject.layout (package:flutter/src/rendering/object.dart:2768:7)
#53     RenderProxyBoxMixin.performLayout (package:flutter/src/rendering/proxy_box.dart:118:18)
#54     RenderObject.layout (package:flutter/src/rendering/object.dart:2768:7)
#55     RenderProxyBoxMixin.performLayout (package:flutter/src/rendering/proxy_box.dart:118:18)
#56     _RenderCustomClip.performLayout (package:flutter/src/rendering/proxy_box.dart:1549:11)
#57     RenderObject.layout (package:flutter/src/rendering/object.dart:2768:7)
#58     RenderProxyBoxMixin.performLayout (package:flutter/src/rendering/proxy_box.dart:118:18)
#59     RenderObject.layout (package:flutter/src/rendering/object.dart:2768:7)
#60     RenderProxyBoxMixin.performLayout (package:flutter/src/rendering/proxy_box.dart:118:18)
#61     RenderObject.layout (package:flutter/src/rendering/object.dart:2768:7)
#62     RenderProxyBoxMixin.performLayout (package:flutter/src/rendering/proxy_box.dart:118:18)
#63     RenderObject.layout (package:flutter/src/rendering/object.dart:2768:7)
#64     RenderProxyBoxMixin.performLayout (package:flutter/src/rendering/proxy_box.dart:118:18)
#65     RenderObject.layout (package:flutter/src/rendering/object.dart:2768:7)
#66     RenderProxyBoxMixin.performLayout (package:flutter/src/rendering/proxy_box.dart:118:18)
#67     RenderObject.layout (package:flutter/src/rendering/object.dart:2768:7)
#68     RenderProxyBoxMixin.performLayout (package:flutter/src/rendering/proxy_box.dart:118:18)
#69     RenderObject.layout (package:flutter/src/rendering/object.dart:2768:7)
#70     RenderProxyBoxMixin.performLayout (package:flutter/src/rendering/proxy_box.dart:118:18)
#71     RenderObject.layout (package:flutter/src/rendering/object.dart:2768:7)
#72     RenderProxyBoxMixin.performLayout (package:flutter/src/rendering/proxy_box.dart:118:18)
#73     RenderObject.layout (package:flutter/src/rendering/object.dart:2768:7)
#74     RenderProxyBoxMixin.performLayout (package:flutter/src/rendering/proxy_box.dart:118:18)
#75     RenderObject.layout (package:flutter/src/rendering/object.dart:2768:7)
#76     RenderProxyBoxMixin.performLayout (package:flutter/src/rendering/proxy_box.dart:118:18)
#77     RenderObject.layout (package:flutter/src/rendering/object.dart:2768:7)
#78     RenderProxyBoxMixin.performLayout (package:flutter/src/rendering/proxy_box.dart:118:18)
#79     RenderObject.layout (package:flutter/src/rendering/object.dart:2768:7)
#80     RenderProxyBoxMixin.performLayout (package:flutter/src/rendering/proxy_box.dart:118:18)
#81     RenderObject.layout (package:flutter/src/rendering/object.dart:2768:7)
#82     RenderProxyBoxMixin.performLayout (package:flutter/src/rendering/proxy_box.dart:118:18)
#83     RenderObject.layout (package:flutter/src/rendering/object.dart:2768:7)
#84     RenderProxyBoxMixin.performLayout (package:flutter/src/rendering/proxy_box.dart:118:18)
#85     RenderObject.layout (package:flutter/src/rendering/object.dart:2768:7)
#86     RenderProxyBoxMixin.performLayout (package:flutter/src/rendering/proxy_box.dart:118:18)
#87     RenderObject.layout (package:flutter/src/rendering/object.dart:2768:7)
#88     RenderProxyBoxMixin.performLayout (package:flutter/src/rendering/proxy_box.dart:118:18)
#89     RenderOffstage.performLayout (package:flutter/src/rendering/proxy_box.dart:3923:13)
#90     RenderObject.layout (package:flutter/src/rendering/object.dart:2768:7)
#91     RenderProxyBoxMixin.performLayout (package:flutter/src/rendering/proxy_box.dart:118:18)
#92     RenderObject.layout (package:flutter/src/rendering/object.dart:2768:7)
#93     _RenderTheaterMixin.layoutChild (package:flutter/src/widgets/overlay.dart:1084:13)
#94     _RenderTheater.performLayout (package:flutter/src/widgets/overlay.dart:1429:9)
#95     RenderObject.layout (package:flutter/src/rendering/object.dart:2768:7)
#96     RenderProxyBoxMixin.performLayout (package:flutter/src/rendering/proxy_box.dart:118:18)
#97     RenderObject.layout (package:flutter/src/rendering/object.dart:2768:7)
#98     RenderProxyBoxMixin.performLayout (package:flutter/src/rendering/proxy_box.dart:118:18)
#99     RenderObject.layout (package:flutter/src/rendering/object.dart:2768:7)
#100    RenderProxyBoxMixin.performLayout (package:flutter/src/rendering/proxy_box.dart:118:18)
#101    RenderObject.layout (package:flutter/src/rendering/object.dart:2768:7)
#102    RenderProxyBoxMixin.performLayout (package:flutter/src/rendering/proxy_box.dart:118:18)
#103    RenderCustomPaint.performLayout (package:flutter/src/rendering/custom_paint.dart:574:11)
#104    RenderObject.layout (package:flutter/src/rendering/object.dart:2768:7)
#105    RenderProxyBoxMixin.performLayout (package:flutter/src/rendering/proxy_box.dart:118:18)
#106    RenderObject.layout (package:flutter/src/rendering/object.dart:2768:7)
#107    RenderProxyBoxMixin.performLayout (package:flutter/src/rendering/proxy_box.dart:118:18)
#108    RenderObject.layout (package:flutter/src/rendering/object.dart:2768:7)
#109    RenderProxyBoxMixin.performLayout (package:flutter/src/rendering/proxy_box.dart:118:18)
#110    RenderObject.layout (package:flutter/src/rendering/object.dart:2768:7)
#111    RenderProxyBoxMixin.performLayout (package:flutter/src/rendering/proxy_box.dart:118:18)
#112    RenderObject.layout (package:flutter/src/rendering/object.dart:2768:7)
#113    RenderProxyBoxMixin.performLayout (package:flutter/src/rendering/proxy_box.dart:118:18)
#114    RenderObject.layout (package:flutter/src/rendering/object.dart:2768:7)
#115    RenderProxyBoxMixin.performLayout (package:flutter/src/rendering/proxy_box.dart:118:18)
#116    RenderObject.layout (package:flutter/src/rendering/object.dart:2768:7)
#117    RenderView.performLayout (package:flutter/src/rendering/view.dart:292:12)
#118    RenderObject._layoutWithoutResize (package:flutter/src/rendering/object.dart:2616:7)
#119    PipelineOwner.flushLayout (package:flutter/src/rendering/object.dart:1174:18)
#120    PipelineOwner.flushLayout (package:flutter/src/rendering/object.dart:1187:15)
#121    AutomatedTestWidgetsFlutterBinding.drawFrame (package:flutter_test/src/binding.dart:2133:27)
#122    RendererBinding._handlePersistentFrameCallback (package:flutter/src/rendering/binding.dart:495:5)
#123    SchedulerBinding._invokeFrameCallback (package:flutter/src/scheduler/binding.dart:1430:15)
#124    SchedulerBinding.handleDrawFrame (package:flutter/src/scheduler/binding.dart:1345:9)
#125    AutomatedTestWidgetsFlutterBinding.pump.<anonymous closure> (package:flutter_test/src/binding.dart:1960:9)
#128    TestAsyncUtils.guard (package:flutter_test/src/test_async_utils.dart:74:41)
#129    AutomatedTestWidgetsFlutterBinding.pump (package:flutter_test/src/binding.dart:1949:27)
#130    WidgetTester.pumpWidget.<anonymous closure> (package:flutter_test/src/widget_tester.dart:598:22)
#133    TestAsyncUtils.guard (package:flutter_test/src/test_async_utils.dart:74:41)
#134    WidgetTester.pumpWidget (package:flutter_test/src/widget_tester.dart:595:27)
#135    main.<anonymous closure>.<anonymous closure> (file:///C:/Users/bhara/StudioProjects/simple_billing_app/test/widget/billing_screen_test.dart:63:20)
#136    testWidgets.<anonymous closure>.<anonymous closure> (package:flutter_test/src/widget_tester.dart:192:29)
<asynchronous suspension>
#137    TestWidgetsFlutterBinding._runTestBody (package:flutter_test/src/binding.dart:1682:5)
<asynchronous suspension>
<asynchronous suspension>
(elided 7 frames from class _AssertionError, dart:async, and package:stack_trace)

The following RenderObject was being processed when the exception was fired: RenderAbsorbPointer#2aaa3 relayoutBoundary=up19 NEEDS-LAYOUT NEEDS-PAINT NEEDS-COMPOSITING-BITS-UPDATE:
  creator: AbsorbPointer ΓåÉ Listener ΓåÉ _GestureSemantics ΓåÉ RawGestureDetector ΓåÉ GestureDetector ΓåÉ
    Column ΓåÉ Padding ΓåÉ DecoratedBox ΓåÉ Container ΓåÉ Column ΓåÉ Row ΓåÉ _SingleChildViewport ΓåÉ Γï»
  parentData: <none> (can use size)
  constraints: BoxConstraints(unconstrained)
  size: MISSING
  absorbing: true
  ignoringSemantics: null
This RenderObject had the following descendants (showing up to depth 5):
    child: RenderMouseRegion#ae3af relayoutBoundary=up20 NEEDS-PAINT NEEDS-COMPOSITING-BITS-UPDATE
      child: RenderTapRegion#e64ff relayoutBoundary=up21 NEEDS-PAINT NEEDS-COMPOSITING-BITS-UPDATE
        child: RenderIgnorePointer#47d2e relayoutBoundary=up22 NEEDS-PAINT NEEDS-COMPOSITING-BITS-UPDATE
          child: RenderSemanticsAnnotations#fd220 relayoutBoundary=up23 NEEDS-PAINT NEEDS-COMPOSITING-BITS-UPDATE
            child: RenderPointerListener#6a742 relayoutBoundary=up24 NEEDS-PAINT NEEDS-COMPOSITING-BITS-UPDATE
ΓòÉΓòÉΓòÉΓòÉΓòÉΓòÉΓòÉΓòÉΓòÉΓòÉΓòÉΓòÉΓòÉΓòÉΓòÉΓòÉΓòÉΓòÉΓòÉΓòÉΓòÉΓòÉΓòÉΓòÉΓòÉΓòÉΓòÉΓòÉΓòÉΓòÉΓòÉΓòÉΓòÉΓòÉΓòÉΓòÉΓòÉΓòÉΓòÉΓòÉΓòÉΓòÉΓòÉΓòÉΓòÉΓòÉΓòÉΓòÉΓòÉΓòÉΓòÉΓòÉΓòÉΓòÉΓòÉΓòÉΓòÉΓòÉΓòÉΓòÉΓòÉΓòÉΓòÉΓòÉΓòÉΓòÉΓòÉΓòÉΓòÉΓòÉΓòÉΓòÉΓòÉΓòÉΓòÉΓòÉΓòÉΓòÉΓòÉΓòÉΓòÉΓòÉΓòÉΓòÉΓòÉΓòÉΓòÉΓòÉΓòÉΓòÉΓòÉΓòÉΓòÉΓòÉΓòÉΓòÉΓòÉΓòÉΓòÉΓòÉ
ΓòÉΓòÉΓòí EXCEPTION CAUGHT BY RENDERING LIBRARY Γò₧ΓòÉΓòÉΓòÉΓòÉΓòÉΓòÉΓòÉΓòÉΓòÉΓòÉΓòÉΓòÉΓòÉΓòÉΓòÉΓòÉΓòÉΓòÉΓòÉΓòÉΓòÉΓòÉΓòÉΓòÉΓòÉΓòÉΓòÉΓòÉΓòÉΓòÉΓòÉΓòÉΓòÉΓòÉΓòÉΓòÉΓòÉΓòÉΓòÉΓòÉΓòÉΓòÉΓòÉΓòÉΓòÉΓòÉΓòÉΓòÉΓòÉΓòÉΓòÉΓòÉΓòÉΓòÉΓòÉΓòÉΓòÉ
The following assertion was thrown during performLayout():
RenderBox was not laid out: RenderAbsorbPointer#2aaa3 relayoutBoundary=up19 NEEDS-PAINT
NEEDS-COMPOSITING-BITS-UPDATE
'package:flutter/src/rendering/box.dart':
Failed assertion: line 2251 pos 12: 'hasSize'

Either the assertion indicates an error in the framework itself, or we should provide substantially
more information in this error message to help you determine and fix the underlying cause.
In either case, please report this assertion by filing a bug on GitHub:
  https://github.com/flutter/flutter/issues/new?template=02_bug.yml

The relevant error-causing widget was:
  GestureDetector
  GestureDetector:file:///C:/Users/bhara/StudioProjects/simple_billing_app/lib/views/screens/billing_screen.dart:307:11

When the exception was thrown, this was the stack:
#2      RenderBox.size (package:flutter/src/rendering/box.dart:2251:12)
#3      RenderProxyBoxMixin.performLayout (package:flutter/src/rendering/proxy_box.dart:118:62)
#4      RenderObject.layout (package:flutter/src/rendering/object.dart:2768:7)
#5      RenderProxyBoxMixin.performLayout (package:flutter/src/rendering/proxy_box.dart:118:18)
#6      RenderObject.layout (package:flutter/src/rendering/object.dart:2768:7)
#7      ChildLayoutHelper.layoutChild (package:flutter/src/rendering/layout_helper.dart:62:11)
#8      RenderFlex._computeSizes (package:flutter/src/rendering/flex.dart:1237:28)
#9      RenderFlex.performLayout (package:flutter/src/rendering/flex.dart:1329:32)
#10     RenderObject.layout (package:flutter/src/rendering/object.dart:2768:7)
#11     RenderPadding.performLayout (package:flutter/src/rendering/shifted_box.dart:262:12)
#12     RenderObject.layout (package:flutter/src/rendering/object.dart:2768:7)
#13     RenderProxyBoxMixin.performLayout (package:flutter/src/rendering/proxy_box.dart:118:18)
#14     RenderObject.layout (package:flutter/src/rendering/object.dart:2768:7)
#15     ChildLayoutHelper.layoutChild (package:flutter/src/rendering/layout_helper.dart:62:11)
#16     RenderFlex._computeSizes (package:flutter/src/rendering/flex.dart:1237:28)
#17     RenderFlex.performLayout (package:flutter/src/rendering/flex.dart:1329:32)
#18     RenderObject.layout (package:flutter/src/rendering/object.dart:2768:7)
#19     ChildLayoutHelper.layoutChild (package:flutter/src/rendering/layout_helper.dart:62:11)
#20     RenderFlex._computeSizes (package:flutter/src/rendering/flex.dart:1237:28)
#21     RenderFlex.performLayout (package:flutter/src/rendering/flex.dart:1329:32)
#22     RenderObject.layout (package:flutter/src/rendering/object.dart:2768:7)
#23     _RenderSingleChildViewport.performLayout (package:flutter/src/widgets/single_child_scroll_view.dart:502:14)
#24     RenderObject.layout (package:flutter/src/rendering/object.dart:2768:7)
#25     RenderProxyBoxMixin.performLayout (package:flutter/src/rendering/proxy_box.dart:118:18)
#26     RenderObject.layout (package:flutter/src/rendering/object.dart:2768:7)
#27     RenderProxyBoxMixin.performLayout (package:flutter/src/rendering/proxy_box.dart:118:18)
#28     RenderObject.layout (package:flutter/src/rendering/object.dart:2768:7)
#29     RenderProxyBoxMixin.performLayout (package:flutter/src/rendering/proxy_box.dart:118:18)
#30     RenderObject.layout (package:flutter/src/rendering/object.dart:2768:7)
#31     RenderProxyBoxMixin.performLayout (package:flutter/src/rendering/proxy_box.dart:118:18)
#32     RenderObject.layout (package:flutter/src/rendering/object.dart:2768:7)
#33     RenderProxyBoxMixin.performLayout (package:flutter/src/rendering/proxy_box.dart:118:18)
#34     RenderObject.layout (package:flutter/src/rendering/object.dart:2768:7)
#35     RenderProxyBoxMixin.performLayout (package:flutter/src/rendering/proxy_box.dart:118:18)
#36     RenderObject.layout (package:flutter/src/rendering/object.dart:2768:7)
#37     RenderProxyBoxMixin.performLayout (package:flutter/src/rendering/proxy_box.dart:118:18)
#38     RenderObject.layout (package:flutter/src/rendering/object.dart:2768:7)
#39     RenderProxyBoxMixin.performLayout (package:flutter/src/rendering/proxy_box.dart:118:18)
#40     _RenderCustomClip.performLayout (package:flutter/src/rendering/proxy_box.dart:1549:11)
#41     RenderObject.layout (package:flutter/src/rendering/object.dart:2768:7)
#42     RenderPadding.performLayout (package:flutter/src/rendering/shifted_box.dart:262:12)
#43     RenderObject.layout (package:flutter/src/rendering/object.dart:2768:7)
#44     _RenderLayoutBuilder.performLayout (package:flutter/src/widgets/layout_builder.dart:449:14)
#45     RenderObject.layout (package:flutter/src/rendering/object.dart:2768:7)
#46     MultiChildLayoutDelegate.layoutChild (package:flutter/src/rendering/custom_layout.dart:180:12)
#47     _ScaffoldLayout.performLayout (package:flutter/src/material/scaffold.dart:1113:7)
#48     MultiChildLayoutDelegate._callPerformLayout (package:flutter/src/rendering/custom_layout.dart:246:7)
#49     RenderCustomMultiChildLayoutBox.performLayout (package:flutter/src/rendering/custom_layout.dart:417:14)
#50     RenderObject.layout (package:flutter/src/rendering/object.dart:2768:7)
#51     RenderProxyBoxMixin.performLayout (package:flutter/src/rendering/proxy_box.dart:118:18)
#52     RenderObject.layout (package:flutter/src/rendering/object.dart:2768:7)
#53     RenderProxyBoxMixin.performLayout (package:flutter/src/rendering/proxy_box.dart:118:18)
#54     _RenderCustomClip.performLayout (package:flutter/src/rendering/proxy_box.dart:1549:11)
#55     RenderObject.layout (package:flutter/src/rendering/object.dart:2768:7)
#56     RenderProxyBoxMixin.performLayout (package:flutter/src/rendering/proxy_box.dart:118:18)
#57     RenderObject.layout (package:flutter/src/rendering/object.dart:2768:7)
#58     RenderProxyBoxMixin.performLayout (package:flutter/src/rendering/proxy_box.dart:118:18)
#59     RenderObject.layout (package:flutter/src/rendering/object.dart:2768:7)
#60     RenderProxyBoxMixin.performLayout (package:flutter/src/rendering/proxy_box.dart:118:18)
#61     RenderObject.layout (package:flutter/src/rendering/object.dart:2768:7)
#62     RenderProxyBoxMixin.performLayout (package:flutter/src/rendering/proxy_box.dart:118:18)
#63     RenderObject.layout (package:flutter/src/rendering/object.dart:2768:7)
#64     RenderProxyBoxMixin.performLayout (package:flutter/src/rendering/proxy_box.dart:118:18)
#65     RenderObject.layout (package:flutter/src/rendering/object.dart:2768:7)
#66     RenderProxyBoxMixin.performLayout (package:flutter/src/rendering/proxy_box.dart:118:18)
#67     RenderObject.layout (package:flutter/src/rendering/object.dart:2768:7)
#68     RenderProxyBoxMixin.performLayout (package:flutter/src/rendering/proxy_box.dart:118:18)
#69     RenderObject.layout (package:flutter/src/rendering/object.dart:2768:7)
#70     RenderProxyBoxMixin.performLayout (package:flutter/src/rendering/proxy_box.dart:118:18)
#71     RenderObject.layout (package:flutter/src/rendering/object.dart:2768:7)
#72     RenderProxyBoxMixin.performLayout (package:flutter/src/rendering/proxy_box.dart:118:18)
#73     RenderObject.layout (package:flutter/src/rendering/object.dart:2768:7)
#74     RenderProxyBoxMixin.performLayout (package:flutter/src/rendering/proxy_box.dart:118:18)
#75     RenderObject.layout (package:flutter/src/rendering/object.dart:2768:7)
#76     RenderProxyBoxMixin.performLayout (package:flutter/src/rendering/proxy_box.dart:118:18)
#77     RenderObject.layout (package:flutter/src/rendering/object.dart:2768:7)
#78     RenderProxyBoxMixin.performLayout (package:flutter/src/rendering/proxy_box.dart:118:18)
#79     RenderObject.layout (package:flutter/src/rendering/object.dart:2768:7)
#80     RenderProxyBoxMixin.performLayout (package:flutter/src/rendering/proxy_box.dart:118:18)
#81     RenderObject.layout (package:flutter/src/rendering/object.dart:2768:7)
#82     RenderProxyBoxMixin.performLayout (package:flutter/src/rendering/proxy_box.dart:118:18)
#83     RenderObject.layout (package:flutter/src/rendering/object.dart:2768:7)
#84     RenderProxyBoxMixin.performLayout (package:flutter/src/rendering/proxy_box.dart:118:18)
#85     RenderObject.layout (package:flutter/src/rendering/object.dart:2768:7)
#86     RenderProxyBoxMixin.performLayout (package:flutter/src/rendering/proxy_box.dart:118:18)
#87     RenderOffstage.performLayout (package:flutter/src/rendering/proxy_box.dart:3923:13)
#88     RenderObject.layout (package:flutter/src/rendering/object.dart:2768:7)
#89     RenderProxyBoxMixin.performLayout (package:flutter/src/rendering/proxy_box.dart:118:18)
#90     RenderObject.layout (package:flutter/src/rendering/object.dart:2768:7)
#91     _RenderTheaterMixin.layoutChild (package:flutter/src/widgets/overlay.dart:1084:13)
#92     _RenderTheater.performLayout (package:flutter/src/widgets/overlay.dart:1429:9)
#93     RenderObject.layout (package:flutter/src/rendering/object.dart:2768:7)
#94     RenderProxyBoxMixin.performLayout (package:flutter/src/rendering/proxy_box.dart:118:18)
#95     RenderObject.layout (package:flutter/src/rendering/object.dart:2768:7)
#96     RenderProxyBoxMixin.performLayout (package:flutter/src/rendering/proxy_box.dart:118:18)
#97     RenderObject.layout (package:flutter/src/rendering/object.dart:2768:7)
#98     RenderProxyBoxMixin.performLayout (package:flutter/src/rendering/proxy_box.dart:118:18)
#99     RenderObject.layout (package:flutter/src/rendering/object.dart:2768:7)
#100    RenderProxyBoxMixin.performLayout (package:flutter/src/rendering/proxy_box.dart:118:18)
#101    RenderCustomPaint.performLayout (package:flutter/src/rendering/custom_paint.dart:574:11)
#102    RenderObject.layout (package:flutter/src/rendering/object.dart:2768:7)
#103    RenderProxyBoxMixin.performLayout (package:flutter/src/rendering/proxy_box.dart:118:18)
#104    RenderObject.layout (package:flutter/src/rendering/object.dart:2768:7)
#105    RenderProxyBoxMixin.performLayout (package:flutter/src/rendering/proxy_box.dart:118:18)
#106    RenderObject.layout (package:flutter/src/rendering/object.dart:2768:7)
#107    RenderProxyBoxMixin.performLayout (package:flutter/src/rendering/proxy_box.dart:118:18)
#108    RenderObject.layout (package:flutter/src/rendering/object.dart:2768:7)
#109    RenderProxyBoxMixin.performLayout (package:flutter/src/rendering/proxy_box.dart:118:18)
#110    RenderObject.layout (package:flutter/src/rendering/object.dart:2768:7)
#111    RenderProxyBoxMixin.performLayout (package:flutter/src/rendering/proxy_box.dart:118:18)
#112    RenderObject.layout (package:flutter/src/rendering/object.dart:2768:7)
#113    RenderProxyBoxMixin.performLayout (package:flutter/src/rendering/proxy_box.dart:118:18)
#114    RenderObject.layout (package:flutter/src/rendering/object.dart:2768:7)
#115    RenderView.performLayout (package:flutter/src/rendering/view.dart:292:12)
#116    RenderObject._layoutWithoutResize (package:flutter/src/rendering/object.dart:2616:7)
#117    PipelineOwner.flushLayout (package:flutter/src/rendering/object.dart:1174:18)
#118    PipelineOwner.flushLayout (package:flutter/src/rendering/object.dart:1187:15)
#119    AutomatedTestWidgetsFlutterBinding.drawFrame (package:flutter_test/src/binding.dart:2133:27)
#120    RendererBinding._handlePersistentFrameCallback (package:flutter/src/rendering/binding.dart:495:5)
#121    SchedulerBinding._invokeFrameCallback (package:flutter/src/scheduler/binding.dart:1430:15)
#122    SchedulerBinding.handleDrawFrame (package:flutter/src/scheduler/binding.dart:1345:9)
#123    AutomatedTestWidgetsFlutterBinding.pump.<anonymous closure> (package:flutter_test/src/binding.dart:1960:9)
#126    TestAsyncUtils.guard (package:flutter_test/src/test_async_utils.dart:74:41)
#127    AutomatedTestWidgetsFlutterBinding.pump (package:flutter_test/src/binding.dart:1949:27)
#128    WidgetTester.pumpWidget.<anonymous closure> (package:flutter_test/src/widget_tester.dart:598:22)
#131    TestAsyncUtils.guard (package:flutter_test/src/test_async_utils.dart:74:41)
#132    WidgetTester.pumpWidget (package:flutter_test/src/widget_tester.dart:595:27)
#133    main.<anonymous closure>.<anonymous closure> (file:///C:/Users/bhara/StudioProjects/simple_billing_app/test/widget/billing_screen_test.dart:63:20)
#134    testWidgets.<anonymous closure>.<anonymous closure> (package:flutter_test/src/widget_tester.dart:192:29)
<asynchronous suspension>
#135    TestWidgetsFlutterBinding._runTestBody (package:flutter_test/src/binding.dart:1682:5)
<asynchronous suspension>
<asynchronous suspension>
(elided 7 frames from class _AssertionError, dart:async, and package:stack_trace)

The following RenderObject was being processed when the exception was fired: RenderPointerListener#9438d relayoutBoundary=up18 NEEDS-LAYOUT NEEDS-PAINT NEEDS-COMPOSITING-BITS-UPDATE:
  creator: Listener ΓåÉ _GestureSemantics ΓåÉ RawGestureDetector ΓåÉ GestureDetector ΓåÉ Column ΓåÉ Padding ΓåÉ
    DecoratedBox ΓåÉ Container ΓåÉ Column ΓåÉ Row ΓåÉ _SingleChildViewport ΓåÉ IgnorePointer-[GlobalKey#83367] ΓåÉ
    Γï»
  parentData: <none> (can use size)
  constraints: BoxConstraints(unconstrained)
  size: MISSING
  behavior: deferToChild
  listeners: down, panZoomStart
This RenderObject had the following descendants (showing up to depth 5):
    child: RenderAbsorbPointer#2aaa3 relayoutBoundary=up19 NEEDS-PAINT NEEDS-COMPOSITING-BITS-UPDATE
      child: RenderMouseRegion#ae3af relayoutBoundary=up20 NEEDS-PAINT NEEDS-COMPOSITING-BITS-UPDATE
        child: RenderTapRegion#e64ff relayoutBoundary=up21 NEEDS-PAINT NEEDS-COMPOSITING-BITS-UPDATE
          child: RenderIgnorePointer#47d2e relayoutBoundary=up22 NEEDS-PAINT NEEDS-COMPOSITING-BITS-UPDATE
            child: RenderSemanticsAnnotations#fd220 relayoutBoundary=up23 NEEDS-PAINT NEEDS-COMPOSITING-BITS-UPDATE
ΓòÉΓòÉΓòÉΓòÉΓòÉΓòÉΓòÉΓòÉΓòÉΓòÉΓòÉΓòÉΓòÉΓòÉΓòÉΓòÉΓòÉΓòÉΓòÉΓòÉΓòÉΓòÉΓòÉΓòÉΓòÉΓòÉΓòÉΓòÉΓòÉΓòÉΓòÉΓòÉΓòÉΓòÉΓòÉΓòÉΓòÉΓòÉΓòÉΓòÉΓòÉΓòÉΓòÉΓòÉΓòÉΓòÉΓòÉΓòÉΓòÉΓòÉΓòÉΓòÉΓòÉΓòÉΓòÉΓòÉΓòÉΓòÉΓòÉΓòÉΓòÉΓòÉΓòÉΓòÉΓòÉΓòÉΓòÉΓòÉΓòÉΓòÉΓòÉΓòÉΓòÉΓòÉΓòÉΓòÉΓòÉΓòÉΓòÉΓòÉΓòÉΓòÉΓòÉΓòÉΓòÉΓòÉΓòÉΓòÉΓòÉΓòÉΓòÉΓòÉΓòÉΓòÉΓòÉΓòÉΓòÉΓòÉΓòÉΓòÉ
ΓòÉΓòÉΓòí EXCEPTION CAUGHT BY RENDERING LIBRARY Γò₧ΓòÉΓòÉΓòÉΓòÉΓòÉΓòÉΓòÉΓòÉΓòÉΓòÉΓòÉΓòÉΓòÉΓòÉΓòÉΓòÉΓòÉΓòÉΓòÉΓòÉΓòÉΓòÉΓòÉΓòÉΓòÉΓòÉΓòÉΓòÉΓòÉΓòÉΓòÉΓòÉΓòÉΓòÉΓòÉΓòÉΓòÉΓòÉΓòÉΓòÉΓòÉΓòÉΓòÉΓòÉΓòÉΓòÉΓòÉΓòÉΓòÉΓòÉΓòÉΓòÉΓòÉΓòÉΓòÉΓòÉΓòÉ
The following assertion was thrown during performLayout():
RenderBox was not laid out: RenderPointerListener#9438d relayoutBoundary=up18 NEEDS-PAINT
NEEDS-COMPOSITING-BITS-UPDATE
'package:flutter/src/rendering/box.dart':
Failed assertion: line 2251 pos 12: 'hasSize'

Either the assertion indicates an error in the framework itself, or we should provide substantially
more information in this error message to help you determine and fix the underlying cause.
In either case, please report this assertion by filing a bug on GitHub:
  https://github.com/flutter/flutter/issues/new?template=02_bug.yml

The relevant error-causing widget was:
  GestureDetector
  GestureDetector:file:///C:/Users/bhara/StudioProjects/simple_billing_app/lib/views/screens/billing_screen.dart:307:11

When the exception was thrown, this was the stack:
#2      RenderBox.size (package:flutter/src/rendering/box.dart:2251:12)
#3      RenderProxyBoxMixin.performLayout (package:flutter/src/rendering/proxy_box.dart:118:62)
#4      RenderObject.layout (package:flutter/src/rendering/object.dart:2768:7)
#5      ChildLayoutHelper.layoutChild (package:flutter/src/rendering/layout_helper.dart:62:11)
#6      RenderFlex._computeSizes (package:flutter/src/rendering/flex.dart:1237:28)
#7      RenderFlex.performLayout (package:flutter/src/rendering/flex.dart:1329:32)
#8      RenderObject.layout (package:flutter/src/rendering/object.dart:2768:7)
#9      RenderPadding.performLayout (package:flutter/src/rendering/shifted_box.dart:262:12)
#10     RenderObject.layout (package:flutter/src/rendering/object.dart:2768:7)
#11     RenderProxyBoxMixin.performLayout (package:flutter/src/rendering/proxy_box.dart:118:18)
#12     RenderObject.layout (package:flutter/src/rendering/object.dart:2768:7)
#13     ChildLayoutHelper.layoutChild (package:flutter/src/rendering/layout_helper.dart:62:11)
#14     RenderFlex._computeSizes (package:flutter/src/rendering/flex.dart:1237:28)
#15     RenderFlex.performLayout (package:flutter/src/rendering/flex.dart:1329:32)
#16     RenderObject.layout (package:flutter/src/rendering/object.dart:2768:7)
#17     ChildLayoutHelper.layoutChild (package:flutter/src/rendering/layout_helper.dart:62:11)
#18     RenderFlex._computeSizes (package:flutter/src/rendering/flex.dart:1237:28)
#19     RenderFlex.performLayout (package:flutter/src/rendering/flex.dart:1329:32)
#20     RenderObject.layout (package:flutter/src/rendering/object.dart:2768:7)
#21     _RenderSingleChildViewport.performLayout (package:flutter/src/widgets/single_child_scroll_view.dart:502:14)
#22     RenderObject.layout (package:flutter/src/rendering/object.dart:2768:7)
#23     RenderProxyBoxMixin.performLayout (package:flutter/src/rendering/proxy_box.dart:118:18)
#24     RenderObject.layout (package:flutter/src/rendering/object.dart:2768:7)
#25     RenderProxyBoxMixin.performLayout (package:flutter/src/rendering/proxy_box.dart:118:18)
#26     RenderObject.layout (package:flutter/src/rendering/object.dart:2768:7)
#27     RenderProxyBoxMixin.performLayout (package:flutter/src/rendering/proxy_box.dart:118:18)
#28     RenderObject.layout (package:flutter/src/rendering/object.dart:2768:7)
#29     RenderProxyBoxMixin.performLayout (package:flutter/src/rendering/proxy_box.dart:118:18)
#30     RenderObject.layout (package:flutter/src/rendering/object.dart:2768:7)
#31     RenderProxyBoxMixin.performLayout (package:flutter/src/rendering/proxy_box.dart:118:18)
#32     RenderObject.layout (package:flutter/src/rendering/object.dart:2768:7)
#33     RenderProxyBoxMixin.performLayout (package:flutter/src/rendering/proxy_box.dart:118:18)
#34     RenderObject.layout (package:flutter/src/rendering/object.dart:2768:7)
#35     RenderProxyBoxMixin.performLayout (package:flutter/src/rendering/proxy_box.dart:118:18)
#36     RenderObject.layout (package:flutter/src/rendering/object.dart:2768:7)
#37     RenderProxyBoxMixin.performLayout (package:flutter/src/rendering/proxy_box.dart:118:18)
#38     _RenderCustomClip.performLayout (package:flutter/src/rendering/proxy_box.dart:1549:11)
#39     RenderObject.layout (package:flutter/src/rendering/object.dart:2768:7)
#40     RenderPadding.performLayout (package:flutter/src/rendering/shifted_box.dart:262:12)
#41     RenderObject.layout (package:flutter/src/rendering/object.dart:2768:7)
#42     _RenderLayoutBuilder.performLayout (package:flutter/src/widgets/layout_builder.dart:449:14)
#43     RenderObject.layout (package:flutter/src/rendering/object.dart:2768:7)
#44     MultiChildLayoutDelegate.layoutChild (package:flutter/src/rendering/custom_layout.dart:180:12)
#45     _ScaffoldLayout.performLayout (package:flutter/src/material/scaffold.dart:1113:7)
#46     MultiChildLayoutDelegate._callPerformLayout (package:flutter/src/rendering/custom_layout.dart:246:7)
#47     RenderCustomMultiChildLayoutBox.performLayout (package:flutter/src/rendering/custom_layout.dart:417:14)
#48     RenderObject.layout (package:flutter/src/rendering/object.dart:2768:7)
#49     RenderProxyBoxMixin.performLayout (package:flutter/src/rendering/proxy_box.dart:118:18)
#50     RenderObject.layout (package:flutter/src/rendering/object.dart:2768:7)
#51     RenderProxyBoxMixin.performLayout (package:flutter/src/rendering/proxy_box.dart:118:18)
#52     _RenderCustomClip.performLayout (package:flutter/src/rendering/proxy_box.dart:1549:11)
#53     RenderObject.layout (package:flutter/src/rendering/object.dart:2768:7)
#54     RenderProxyBoxMixin.performLayout (package:flutter/src/rendering/proxy_box.dart:118:18)
#55     RenderObject.layout (package:flutter/src/rendering/object.dart:2768:7)
#56     RenderProxyBoxMixin.performLayout (package:flutter/src/rendering/proxy_box.dart:118:18)
#57     RenderObject.layout (package:flutter/src/rendering/object.dart:2768:7)
#58     RenderProxyBoxMixin.performLayout (package:flutter/src/rendering/proxy_box.dart:118:18)
#59     RenderObject.layout (package:flutter/src/rendering/object.dart:2768:7)
#60     RenderProxyBoxMixin.performLayout (package:flutter/src/rendering/proxy_box.dart:118:18)
#61     RenderObject.layout (package:flutter/src/rendering/object.dart:2768:7)
#62     RenderProxyBoxMixin.performLayout (package:flutter/src/rendering/proxy_box.dart:118:18)
#63     RenderObject.layout (package:flutter/src/rendering/object.dart:2768:7)
#64     RenderProxyBoxMixin.performLayout (package:flutter/src/rendering/proxy_box.dart:118:18)
#65     RenderObject.layout (package:flutter/src/rendering/object.dart:2768:7)
#66     RenderProxyBoxMixin.performLayout (package:flutter/src/rendering/proxy_box.dart:118:18)
#67     RenderObject.layout (package:flutter/src/rendering/object.dart:2768:7)
#68     RenderProxyBoxMixin.performLayout (package:flutter/src/rendering/proxy_box.dart:118:18)
#69     RenderObject.layout (package:flutter/src/rendering/object.dart:2768:7)
#70     RenderProxyBoxMixin.performLayout (package:flutter/src/rendering/proxy_box.dart:118:18)
#71     RenderObject.layout (package:flutter/src/rendering/object.dart:2768:7)
#72     RenderProxyBoxMixin.performLayout (package:flutter/src/rendering/proxy_box.dart:118:18)
#73     RenderObject.layout (package:flutter/src/rendering/object.dart:2768:7)
#74     RenderProxyBoxMixin.performLayout (package:flutter/src/rendering/proxy_box.dart:118:18)
#75     RenderObject.layout (package:flutter/src/rendering/object.dart:2768:7)
#76     RenderProxyBoxMixin.performLayout (package:flutter/src/rendering/proxy_box.dart:118:18)
#77     RenderObject.layout (package:flutter/src/rendering/object.dart:2768:7)
#78     RenderProxyBoxMixin.performLayout (package:flutter/src/rendering/proxy_box.dart:118:18)
#79     RenderObject.layout (package:flutter/src/rendering/object.dart:2768:7)
#80     RenderProxyBoxMixin.performLayout (package:flutter/src/rendering/proxy_box.dart:118:18)
#81     RenderObject.layout (package:flutter/src/rendering/object.dart:2768:7)
#82     RenderProxyBoxMixin.performLayout (package:flutter/src/rendering/proxy_box.dart:118:18)
#83     RenderObject.layout (package:flutter/src/rendering/object.dart:2768:7)
#84     RenderProxyBoxMixin.performLayout (package:flutter/src/rendering/proxy_box.dart:118:18)
#85     RenderOffstage.performLayout (package:flutter/src/rendering/proxy_box.dart:3923:13)
#86     RenderObject.layout (package:flutter/src/rendering/object.dart:2768:7)
#87     RenderProxyBoxMixin.performLayout (package:flutter/src/rendering/proxy_box.dart:118:18)
#88     RenderObject.layout (package:flutter/src/rendering/object.dart:2768:7)
#89     _RenderTheaterMixin.layoutChild (package:flutter/src/widgets/overlay.dart:1084:13)
#90     _RenderTheater.performLayout (package:flutter/src/widgets/overlay.dart:1429:9)
#91     RenderObject.layout (package:flutter/src/rendering/object.dart:2768:7)
#92     RenderProxyBoxMixin.performLayout (package:flutter/src/rendering/proxy_box.dart:118:18)
#93     RenderObject.layout (package:flutter/src/rendering/object.dart:2768:7)
#94     RenderProxyBoxMixin.performLayout (package:flutter/src/rendering/proxy_box.dart:118:18)
#95     RenderObject.layout (package:flutter/src/rendering/object.dart:2768:7)
#96     RenderProxyBoxMixin.performLayout (package:flutter/src/rendering/proxy_box.dart:118:18)
#97     RenderObject.layout (package:flutter/src/rendering/object.dart:2768:7)
#98     RenderProxyBoxMixin.performLayout (package:flutter/src/rendering/proxy_box.dart:118:18)
#99     RenderCustomPaint.performLayout (package:flutter/src/rendering/custom_paint.dart:574:11)
#100    RenderObject.layout (package:flutter/src/rendering/object.dart:2768:7)
#101    RenderProxyBoxMixin.performLayout (package:flutter/src/rendering/proxy_box.dart:118:18)
#102    RenderObject.layout (package:flutter/src/rendering/object.dart:2768:7)
#103    RenderProxyBoxMixin.performLayout (package:flutter/src/rendering/proxy_box.dart:118:18)
#104    RenderObject.layout (package:flutter/src/rendering/object.dart:2768:7)
#105    RenderProxyBoxMixin.performLayout (package:flutter/src/rendering/proxy_box.dart:118:18)
#106    RenderObject.layout (package:flutter/src/rendering/object.dart:2768:7)
#107    RenderProxyBoxMixin.performLayout (package:flutter/src/rendering/proxy_box.dart:118:18)
#108    RenderObject.layout (package:flutter/src/rendering/object.dart:2768:7)
#109    RenderProxyBoxMixin.performLayout (package:flutter/src/rendering/proxy_box.dart:118:18)
#110    RenderObject.layout (package:flutter/src/rendering/object.dart:2768:7)
#111    RenderProxyBoxMixin.performLayout (package:flutter/src/rendering/proxy_box.dart:118:18)
#112    RenderObject.layout (package:flutter/src/rendering/object.dart:2768:7)
#113    RenderView.performLayout (package:flutter/src/rendering/view.dart:292:12)
#114    RenderObject._layoutWithoutResize (package:flutter/src/rendering/object.dart:2616:7)
#115    PipelineOwner.flushLayout (package:flutter/src/rendering/object.dart:1174:18)
#116    PipelineOwner.flushLayout (package:flutter/src/rendering/object.dart:1187:15)
#117    AutomatedTestWidgetsFlutterBinding.drawFrame (package:flutter_test/src/binding.dart:2133:27)
#118    RendererBinding._handlePersistentFrameCallback (package:flutter/src/rendering/binding.dart:495:5)
#119    SchedulerBinding._invokeFrameCallback (package:flutter/src/scheduler/binding.dart:1430:15)
#120    SchedulerBinding.handleDrawFrame (package:flutter/src/scheduler/binding.dart:1345:9)
#121    AutomatedTestWidgetsFlutterBinding.pump.<anonymous closure> (package:flutter_test/src/binding.dart:1960:9)
#124    TestAsyncUtils.guard (package:flutter_test/src/test_async_utils.dart:74:41)
#125    AutomatedTestWidgetsFlutterBinding.pump (package:flutter_test/src/binding.dart:1949:27)
#126    WidgetTester.pumpWidget.<anonymous closure> (package:flutter_test/src/widget_tester.dart:598:22)
#129    TestAsyncUtils.guard (package:flutter_test/src/test_async_utils.dart:74:41)
#130    WidgetTester.pumpWidget (package:flutter_test/src/widget_tester.dart:595:27)
#131    main.<anonymous closure>.<anonymous closure> (file:///C:/Users/bhara/StudioProjects/simple_billing_app/test/widget/billing_screen_test.dart:63:20)
#132    testWidgets.<anonymous closure>.<anonymous closure> (package:flutter_test/src/widget_tester.dart:192:29)
<asynchronous suspension>
#133    TestWidgetsFlutterBinding._runTestBody (package:flutter_test/src/binding.dart:1682:5)
<asynchronous suspension>
<asynchronous suspension>
(elided 7 frames from class _AssertionError, dart:async, and package:stack_trace)

The following RenderObject was being processed when the exception was fired: RenderSemanticsGestureHandler#e4792 relayoutBoundary=up17 NEEDS-LAYOUT NEEDS-PAINT NEEDS-COMPOSITING-BITS-UPDATE:
  creator: _GestureSemantics ΓåÉ RawGestureDetector ΓåÉ GestureDetector ΓåÉ Column ΓåÉ Padding ΓåÉ DecoratedBox
    ΓåÉ Container ΓåÉ Column ΓåÉ Row ΓåÉ _SingleChildViewport ΓåÉ IgnorePointer-[GlobalKey#83367] ΓåÉ Semantics ΓåÉ
    Γï»
  parentData: offset=Offset(0.0, 0.0); flex=null; fit=null (can use size)
  constraints: BoxConstraints(unconstrained)
  size: MISSING
  behavior: deferToChild
  gestures: tap
This RenderObject had the following descendants (showing up to depth 5):
    child: RenderPointerListener#9438d relayoutBoundary=up18 NEEDS-PAINT NEEDS-COMPOSITING-BITS-UPDATE
      child: RenderAbsorbPointer#2aaa3 relayoutBoundary=up19 NEEDS-PAINT NEEDS-COMPOSITING-BITS-UPDATE
        child: RenderMouseRegion#ae3af relayoutBoundary=up20 NEEDS-PAINT NEEDS-COMPOSITING-BITS-UPDATE
          child: RenderTapRegion#e64ff relayoutBoundary=up21 NEEDS-PAINT NEEDS-COMPOSITING-BITS-UPDATE
            child: RenderIgnorePointer#47d2e relayoutBoundary=up22 NEEDS-PAINT NEEDS-COMPOSITING-BITS-UPDATE
ΓòÉΓòÉΓòÉΓòÉΓòÉΓòÉΓòÉΓòÉΓòÉΓòÉΓòÉΓòÉΓòÉΓòÉΓòÉΓòÉΓòÉΓòÉΓòÉΓòÉΓòÉΓòÉΓòÉΓòÉΓòÉΓòÉΓòÉΓòÉΓòÉΓòÉΓòÉΓòÉΓòÉΓòÉΓòÉΓòÉΓòÉΓòÉΓòÉΓòÉΓòÉΓòÉΓòÉΓòÉΓòÉΓòÉΓòÉΓòÉΓòÉΓòÉΓòÉΓòÉΓòÉΓòÉΓòÉΓòÉΓòÉΓòÉΓòÉΓòÉΓòÉΓòÉΓòÉΓòÉΓòÉΓòÉΓòÉΓòÉΓòÉΓòÉΓòÉΓòÉΓòÉΓòÉΓòÉΓòÉΓòÉΓòÉΓòÉΓòÉΓòÉΓòÉΓòÉΓòÉΓòÉΓòÉΓòÉΓòÉΓòÉΓòÉΓòÉΓòÉΓòÉΓòÉΓòÉΓòÉΓòÉΓòÉΓòÉΓòÉ
ΓòÉΓòÉΓòí EXCEPTION CAUGHT BY RENDERING LIBRARY Γò₧ΓòÉΓòÉΓòÉΓòÉΓòÉΓòÉΓòÉΓòÉΓòÉΓòÉΓòÉΓòÉΓòÉΓòÉΓòÉΓòÉΓòÉΓòÉΓòÉΓòÉΓòÉΓòÉΓòÉΓòÉΓòÉΓòÉΓòÉΓòÉΓòÉΓòÉΓòÉΓòÉΓòÉΓòÉΓòÉΓòÉΓòÉΓòÉΓòÉΓòÉΓòÉΓòÉΓòÉΓòÉΓòÉΓòÉΓòÉΓòÉΓòÉΓòÉΓòÉΓòÉΓòÉΓòÉΓòÉΓòÉΓòÉ
The following assertion was thrown during performLayout():
RenderBox was not laid out: RenderSemanticsGestureHandler#e4792 relayoutBoundary=up17 NEEDS-PAINT
NEEDS-COMPOSITING-BITS-UPDATE
'package:flutter/src/rendering/box.dart':
Failed assertion: line 2251 pos 12: 'hasSize'

Either the assertion indicates an error in the framework itself, or we should provide substantially
more information in this error message to help you determine and fix the underlying cause.
In either case, please report this assertion by filing a bug on GitHub:
  https://github.com/flutter/flutter/issues/new?template=02_bug.yml

The relevant error-causing widget was:
  Column
  Column:file:///C:/Users/bhara/StudioProjects/simple_billing_app/lib/views/screens/billing_screen.dart:295:14

When the exception was thrown, this was the stack:
#2      RenderBox.size (package:flutter/src/rendering/box.dart:2251:12)
#3      ChildLayoutHelper.layoutChild (package:flutter/src/rendering/layout_helper.dart:63:18)
#4      RenderFlex._computeSizes (package:flutter/src/rendering/flex.dart:1237:28)
#5      RenderFlex.performLayout (package:flutter/src/rendering/flex.dart:1329:32)
#6      RenderObject.layout (package:flutter/src/rendering/object.dart:2768:7)
#7      RenderPadding.performLayout (package:flutter/src/rendering/shifted_box.dart:262:12)
#8      RenderObject.layout (package:flutter/src/rendering/object.dart:2768:7)
#9      RenderProxyBoxMixin.performLayout (package:flutter/src/rendering/proxy_box.dart:118:18)
#10     RenderObject.layout (package:flutter/src/rendering/object.dart:2768:7)
#11     ChildLayoutHelper.layoutChild (package:flutter/src/rendering/layout_helper.dart:62:11)
#12     RenderFlex._computeSizes (package:flutter/src/rendering/flex.dart:1237:28)
#13     RenderFlex.performLayout (package:flutter/src/rendering/flex.dart:1329:32)
#14     RenderObject.layout (package:flutter/src/rendering/object.dart:2768:7)
#15     ChildLayoutHelper.layoutChild (package:flutter/src/rendering/layout_helper.dart:62:11)
#16     RenderFlex._computeSizes (package:flutter/src/rendering/flex.dart:1237:28)
#17     RenderFlex.performLayout (package:flutter/src/rendering/flex.dart:1329:32)
#18     RenderObject.layout (package:flutter/src/rendering/object.dart:2768:7)
#19     _RenderSingleChildViewport.performLayout (package:flutter/src/widgets/single_child_scroll_view.dart:502:14)
#20     RenderObject.layout (package:flutter/src/rendering/object.dart:2768:7)
#21     RenderProxyBoxMixin.performLayout (package:flutter/src/rendering/proxy_box.dart:118:18)
#22     RenderObject.layout (package:flutter/src/rendering/object.dart:2768:7)
#23     RenderProxyBoxMixin.performLayout (package:flutter/src/rendering/proxy_box.dart:118:18)
#24     RenderObject.layout (package:flutter/src/rendering/object.dart:2768:7)
#25     RenderProxyBoxMixin.performLayout (package:flutter/src/rendering/proxy_box.dart:118:18)
#26     RenderObject.layout (package:flutter/src/rendering/object.dart:2768:7)
#27     RenderProxyBoxMixin.performLayout (package:flutter/src/rendering/proxy_box.dart:118:18)
#28     RenderObject.layout (package:flutter/src/rendering/object.dart:2768:7)
#29     RenderProxyBoxMixin.performLayout (package:flutter/src/rendering/proxy_box.dart:118:18)
#30     RenderObject.layout (package:flutter/src/rendering/object.dart:2768:7)
#31     RenderProxyBoxMixin.performLayout (package:flutter/src/rendering/proxy_box.dart:118:18)
#32     RenderObject.layout (package:flutter/src/rendering/object.dart:2768:7)
#33     RenderProxyBoxMixin.performLayout (package:flutter/src/rendering/proxy_box.dart:118:18)
#34     RenderObject.layout (package:flutter/src/rendering/object.dart:2768:7)
#35     RenderProxyBoxMixin.performLayout (package:flutter/src/rendering/proxy_box.dart:118:18)
#36     _RenderCustomClip.performLayout (package:flutter/src/rendering/proxy_box.dart:1549:11)
#37     RenderObject.layout (package:flutter/src/rendering/object.dart:2768:7)
#38     RenderPadding.performLayout (package:flutter/src/rendering/shifted_box.dart:262:12)
#39     RenderObject.layout (package:flutter/src/rendering/object.dart:2768:7)
#40     _RenderLayoutBuilder.performLayout (package:flutter/src/widgets/layout_builder.dart:449:14)
#41     RenderObject.layout (package:flutter/src/rendering/object.dart:2768:7)
#42     MultiChildLayoutDelegate.layoutChild (package:flutter/src/rendering/custom_layout.dart:180:12)
#43     _ScaffoldLayout.performLayout (package:flutter/src/material/scaffold.dart:1113:7)
#44     MultiChildLayoutDelegate._callPerformLayout (package:flutter/src/rendering/custom_layout.dart:246:7)
#45     RenderCustomMultiChildLayoutBox.performLayout (package:flutter/src/rendering/custom_layout.dart:417:14)
#46     RenderObject.layout (package:flutter/src/rendering/object.dart:2768:7)
#47     RenderProxyBoxMixin.performLayout (package:flutter/src/rendering/proxy_box.dart:118:18)
#48     RenderObject.layout (package:flutter/src/rendering/object.dart:2768:7)
#49     RenderProxyBoxMixin.performLayout (package:flutter/src/rendering/proxy_box.dart:118:18)
#50     _RenderCustomClip.performLayout (package:flutter/src/rendering/proxy_box.dart:1549:11)
#51     RenderObject.layout (package:flutter/src/rendering/object.dart:2768:7)
#52     RenderProxyBoxMixin.performLayout (package:flutter/src/rendering/proxy_box.dart:118:18)
#53     RenderObject.layout (package:flutter/src/rendering/object.dart:2768:7)
#54     RenderProxyBoxMixin.performLayout (package:flutter/src/rendering/proxy_box.dart:118:18)
#55     RenderObject.layout (package:flutter/src/rendering/object.dart:2768:7)
#56     RenderProxyBoxMixin.performLayout (package:flutter/src/rendering/proxy_box.dart:118:18)
#57     RenderObject.layout (package:flutter/src/rendering/object.dart:2768:7)
#58     RenderProxyBoxMixin.performLayout (package:flutter/src/rendering/proxy_box.dart:118:18)
#59     RenderObject.layout (package:flutter/src/rendering/object.dart:2768:7)
#60     RenderProxyBoxMixin.performLayout (package:flutter/src/rendering/proxy_box.dart:118:18)
#61     RenderObject.layout (package:flutter/src/rendering/object.dart:2768:7)
#62     RenderProxyBoxMixin.performLayout (package:flutter/src/rendering/proxy_box.dart:118:18)
#63     RenderObject.layout (package:flutter/src/rendering/object.dart:2768:7)
#64     RenderProxyBoxMixin.performLayout (package:flutter/src/rendering/proxy_box.dart:118:18)
#65     RenderObject.layout (package:flutter/src/rendering/object.dart:2768:7)
#66     RenderProxyBoxMixin.performLayout (package:flutter/src/rendering/proxy_box.dart:118:18)
#67     RenderObject.layout (package:flutter/src/rendering/object.dart:2768:7)
#68     RenderProxyBoxMixin.performLayout (package:flutter/src/rendering/proxy_box.dart:118:18)
#69     RenderObject.layout (package:flutter/src/rendering/object.dart:2768:7)
#70     RenderProxyBoxMixin.performLayout (package:flutter/src/rendering/proxy_box.dart:118:18)
#71     RenderObject.layout (package:flutter/src/rendering/object.dart:2768:7)
#72     RenderProxyBoxMixin.performLayout (package:flutter/src/rendering/proxy_box.dart:118:18)
#73     RenderObject.layout (package:flutter/src/rendering/object.dart:2768:7)
#74     RenderProxyBoxMixin.performLayout (package:flutter/src/rendering/proxy_box.dart:118:18)
#75     RenderObject.layout (package:flutter/src/rendering/object.dart:2768:7)
#76     RenderProxyBoxMixin.performLayout (package:flutter/src/rendering/proxy_box.dart:118:18)
#77     RenderObject.layout (package:flutter/src/rendering/object.dart:2768:7)
#78     RenderProxyBoxMixin.performLayout (package:flutter/src/rendering/proxy_box.dart:118:18)
#79     RenderObject.layout (package:flutter/src/rendering/object.dart:2768:7)
#80     RenderProxyBoxMixin.performLayout (package:flutter/src/rendering/proxy_box.dart:118:18)
#81     RenderObject.layout (package:flutter/src/rendering/object.dart:2768:7)
#82     RenderProxyBoxMixin.performLayout (package:flutter/src/rendering/proxy_box.dart:118:18)
#83     RenderOffstage.performLayout (package:flutter/src/rendering/proxy_box.dart:3923:13)
#84     RenderObject.layout (package:flutter/src/rendering/object.dart:2768:7)
#85     RenderProxyBoxMixin.performLayout (package:flutter/src/rendering/proxy_box.dart:118:18)
#86     RenderObject.layout (package:flutter/src/rendering/object.dart:2768:7)
#87     _RenderTheaterMixin.layoutChild (package:flutter/src/widgets/overlay.dart:1084:13)
#88     _RenderTheater.performLayout (package:flutter/src/widgets/overlay.dart:1429:9)
#89     RenderObject.layout (package:flutter/src/rendering/object.dart:2768:7)
#90     RenderProxyBoxMixin.performLayout (package:flutter/src/rendering/proxy_box.dart:118:18)
#91     RenderObject.layout (package:flutter/src/rendering/object.dart:2768:7)
#92     RenderProxyBoxMixin.performLayout (package:flutter/src/rendering/proxy_box.dart:118:18)
#93     RenderObject.layout (package:flutter/src/rendering/object.dart:2768:7)
#94     RenderProxyBoxMixin.performLayout (package:flutter/src/rendering/proxy_box.dart:118:18)
#95     RenderObject.layout (package:flutter/src/rendering/object.dart:2768:7)
#96     RenderProxyBoxMixin.performLayout (package:flutter/src/rendering/proxy_box.dart:118:18)
#97     RenderCustomPaint.performLayout (package:flutter/src/rendering/custom_paint.dart:574:11)
#98     RenderObject.layout (package:flutter/src/rendering/object.dart:2768:7)
#99     RenderProxyBoxMixin.performLayout (package:flutter/src/rendering/proxy_box.dart:118:18)
#100    RenderObject.layout (package:flutter/src/rendering/object.dart:2768:7)
#101    RenderProxyBoxMixin.performLayout (package:flutter/src/rendering/proxy_box.dart:118:18)
#102    RenderObject.layout (package:flutter/src/rendering/object.dart:2768:7)
#103    RenderProxyBoxMixin.performLayout (package:flutter/src/rendering/proxy_box.dart:118:18)
#104    RenderObject.layout (package:flutter/src/rendering/object.dart:2768:7)
#105    RenderProxyBoxMixin.performLayout (package:flutter/src/rendering/proxy_box.dart:118:18)
#106    RenderObject.layout (package:flutter/src/rendering/object.dart:2768:7)
#107    RenderProxyBoxMixin.performLayout (package:flutter/src/rendering/proxy_box.dart:118:18)
#108    RenderObject.layout (package:flutter/src/rendering/object.dart:2768:7)
#109    RenderProxyBoxMixin.performLayout (package:flutter/src/rendering/proxy_box.dart:118:18)
#110    RenderObject.layout (package:flutter/src/rendering/object.dart:2768:7)
#111    RenderView.performLayout (package:flutter/src/rendering/view.dart:292:12)
#112    RenderObject._layoutWithoutResize (package:flutter/src/rendering/object.dart:2616:7)
#113    PipelineOwner.flushLayout (package:flutter/src/rendering/object.dart:1174:18)
#114    PipelineOwner.flushLayout (package:flutter/src/rendering/object.dart:1187:15)
#115    AutomatedTestWidgetsFlutterBinding.drawFrame (package:flutter_test/src/binding.dart:2133:27)
#116    RendererBinding._handlePersistentFrameCallback (package:flutter/src/rendering/binding.dart:495:5)
#117    SchedulerBinding._invokeFrameCallback (package:flutter/src/scheduler/binding.dart:1430:15)
#118    SchedulerBinding.handleDrawFrame (package:flutter/src/scheduler/binding.dart:1345:9)
#119    AutomatedTestWidgetsFlutterBinding.pump.<anonymous closure> (package:flutter_test/src/binding.dart:1960:9)
#122    TestAsyncUtils.guard (package:flutter_test/src/test_async_utils.dart:74:41)
#123    AutomatedTestWidgetsFlutterBinding.pump (package:flutter_test/src/binding.dart:1949:27)
#124    WidgetTester.pumpWidget.<anonymous closure> (package:flutter_test/src/widget_tester.dart:598:22)
#127    TestAsyncUtils.guard (package:flutter_test/src/test_async_utils.dart:74:41)
#128    WidgetTester.pumpWidget (package:flutter_test/src/widget_tester.dart:595:27)
#129    main.<anonymous closure>.<anonymous closure> (file:///C:/Users/bhara/StudioProjects/simple_billing_app/test/widget/billing_screen_test.dart:63:20)
#130    testWidgets.<anonymous closure>.<anonymous closure> (package:flutter_test/src/widget_tester.dart:192:29)
<asynchronous suspension>
#131    TestWidgetsFlutterBinding._runTestBody (package:flutter_test/src/binding.dart:1682:5)
<asynchronous suspension>
<asynchronous suspension>
(elided 7 frames from class _AssertionError, dart:async, and package:stack_trace)

The following RenderObject was being processed when the exception was fired: RenderFlex#2b1fb relayoutBoundary=up16 NEEDS-LAYOUT NEEDS-PAINT NEEDS-COMPOSITING-BITS-UPDATE:
  creator: Column ΓåÉ Padding ΓåÉ DecoratedBox ΓåÉ Container ΓåÉ Column ΓåÉ Row ΓåÉ _SingleChildViewport ΓåÉ
    IgnorePointer-[GlobalKey#83367] ΓåÉ Semantics ΓåÉ Listener ΓåÉ _GestureSemantics ΓåÉ
    RawGestureDetector-[LabeledGlobalKey<RawGestureDetectorState>#82809] ΓåÉ Γï»
  parentData: offset=Offset(0.0, 0.0) (can use size)
  constraints: BoxConstraints(unconstrained)
  size: MISSING
  direction: vertical
  mainAxisAlignment: start
  mainAxisSize: max
  crossAxisAlignment: start
  textDirection: ltr
  verticalDirection: down
  spacing: 0.0
This RenderObject had the following descendants (showing up to depth 5):
    child 1: RenderParagraph#8f056 relayoutBoundary=up17 NEEDS-PAINT
      text: TextSpan
    child 2: RenderConstrainedBox#86704 relayoutBoundary=up17 NEEDS-PAINT
    child 3: RenderSemanticsGestureHandler#e4792 relayoutBoundary=up17 NEEDS-PAINT NEEDS-COMPOSITING-BITS-UPDATE
      child: RenderPointerListener#9438d relayoutBoundary=up18 NEEDS-PAINT NEEDS-COMPOSITING-BITS-UPDATE
        child: RenderAbsorbPointer#2aaa3 relayoutBoundary=up19 NEEDS-PAINT NEEDS-COMPOSITING-BITS-UPDATE
          child: RenderMouseRegion#ae3af relayoutBoundary=up20 NEEDS-PAINT NEEDS-COMPOSITING-BITS-UPDATE
            child: RenderTapRegion#e64ff relayoutBoundary=up21 NEEDS-PAINT NEEDS-COMPOSITING-BITS-UPDATE
ΓòÉΓòÉΓòÉΓòÉΓòÉΓòÉΓòÉΓòÉΓòÉΓòÉΓòÉΓòÉΓòÉΓòÉΓòÉΓòÉΓòÉΓòÉΓòÉΓòÉΓòÉΓòÉΓòÉΓòÉΓòÉΓòÉΓòÉΓòÉΓòÉΓòÉΓòÉΓòÉΓòÉΓòÉΓòÉΓòÉΓòÉΓòÉΓòÉΓòÉΓòÉΓòÉΓòÉΓòÉΓòÉΓòÉΓòÉΓòÉΓòÉΓòÉΓòÉΓòÉΓòÉΓòÉΓòÉΓòÉΓòÉΓòÉΓòÉΓòÉΓòÉΓòÉΓòÉΓòÉΓòÉΓòÉΓòÉΓòÉΓòÉΓòÉΓòÉΓòÉΓòÉΓòÉΓòÉΓòÉΓòÉΓòÉΓòÉΓòÉΓòÉΓòÉΓòÉΓòÉΓòÉΓòÉΓòÉΓòÉΓòÉΓòÉΓòÉΓòÉΓòÉΓòÉΓòÉΓòÉΓòÉΓòÉΓòÉΓòÉ
ΓòÉΓòÉΓòí EXCEPTION CAUGHT BY RENDERING LIBRARY Γò₧ΓòÉΓòÉΓòÉΓòÉΓòÉΓòÉΓòÉΓòÉΓòÉΓòÉΓòÉΓòÉΓòÉΓòÉΓòÉΓòÉΓòÉΓòÉΓòÉΓòÉΓòÉΓòÉΓòÉΓòÉΓòÉΓòÉΓòÉΓòÉΓòÉΓòÉΓòÉΓòÉΓòÉΓòÉΓòÉΓòÉΓòÉΓòÉΓòÉΓòÉΓòÉΓòÉΓòÉΓòÉΓòÉΓòÉΓòÉΓòÉΓòÉΓòÉΓòÉΓòÉΓòÉΓòÉΓòÉΓòÉΓòÉ
The following assertion was thrown during performLayout():
RenderBox was not laid out: RenderFlex#2b1fb relayoutBoundary=up16 NEEDS-PAINT
NEEDS-COMPOSITING-BITS-UPDATE
'package:flutter/src/rendering/box.dart':
Failed assertion: line 2251 pos 12: 'hasSize'

Either the assertion indicates an error in the framework itself, or we should provide substantially
more information in this error message to help you determine and fix the underlying cause.
In either case, please report this assertion by filing a bug on GitHub:
  https://github.com/flutter/flutter/issues/new?template=02_bug.yml

The relevant error-causing widget was:
  Container
  Container:file:///C:/Users/bhara/StudioProjects/simple_billing_app/lib/views/screens/billing_screen.dart:288:12

When the exception was thrown, this was the stack:
#2      RenderBox.size (package:flutter/src/rendering/box.dart:2251:12)
#3      RenderPadding.performLayout (package:flutter/src/rendering/shifted_box.dart:266:40)
#4      RenderObject.layout (package:flutter/src/rendering/object.dart:2768:7)
#5      RenderProxyBoxMixin.performLayout (package:flutter/src/rendering/proxy_box.dart:118:18)
#6      RenderObject.layout (package:flutter/src/rendering/object.dart:2768:7)
#7      ChildLayoutHelper.layoutChild (package:flutter/src/rendering/layout_helper.dart:62:11)
#8      RenderFlex._computeSizes (package:flutter/src/rendering/flex.dart:1237:28)
#9      RenderFlex.performLayout (package:flutter/src/rendering/flex.dart:1329:32)
#10     RenderObject.layout (package:flutter/src/rendering/object.dart:2768:7)
#11     ChildLayoutHelper.layoutChild (package:flutter/src/rendering/layout_helper.dart:62:11)
#12     RenderFlex._computeSizes (package:flutter/src/rendering/flex.dart:1237:28)
#13     RenderFlex.performLayout (package:flutter/src/rendering/flex.dart:1329:32)
#14     RenderObject.layout (package:flutter/src/rendering/object.dart:2768:7)
#15     _RenderSingleChildViewport.performLayout (package:flutter/src/widgets/single_child_scroll_view.dart:502:14)
#16     RenderObject.layout (package:flutter/src/rendering/object.dart:2768:7)
#17     RenderProxyBoxMixin.performLayout (package:flutter/src/rendering/proxy_box.dart:118:18)
#18     RenderObject.layout (package:flutter/src/rendering/object.dart:2768:7)
#19     RenderProxyBoxMixin.performLayout (package:flutter/src/rendering/proxy_box.dart:118:18)
#20     RenderObject.layout (package:flutter/src/rendering/object.dart:2768:7)
#21     RenderProxyBoxMixin.performLayout (package:flutter/src/rendering/proxy_box.dart:118:18)
#22     RenderObject.layout (package:flutter/src/rendering/object.dart:2768:7)
#23     RenderProxyBoxMixin.performLayout (package:flutter/src/rendering/proxy_box.dart:118:18)
#24     RenderObject.layout (package:flutter/src/rendering/object.dart:2768:7)
#25     RenderProxyBoxMixin.performLayout (package:flutter/src/rendering/proxy_box.dart:118:18)
#26     RenderObject.layout (package:flutter/src/rendering/object.dart:2768:7)
#27     RenderProxyBoxMixin.performLayout (package:flutter/src/rendering/proxy_box.dart:118:18)
#28     RenderObject.layout (package:flutter/src/rendering/object.dart:2768:7)
#29     RenderProxyBoxMixin.performLayout (package:flutter/src/rendering/proxy_box.dart:118:18)
#30     RenderObject.layout (package:flutter/src/rendering/object.dart:2768:7)
#31     RenderProxyBoxMixin.performLayout (package:flutter/src/rendering/proxy_box.dart:118:18)
#32     _RenderCustomClip.performLayout (package:flutter/src/rendering/proxy_box.dart:1549:11)
#33     RenderObject.layout (package:flutter/src/rendering/object.dart:2768:7)
#34     RenderPadding.performLayout (package:flutter/src/rendering/shifted_box.dart:262:12)
#35     RenderObject.layout (package:flutter/src/rendering/object.dart:2768:7)
#36     _RenderLayoutBuilder.performLayout (package:flutter/src/widgets/layout_builder.dart:449:14)
#37     RenderObject.layout (package:flutter/src/rendering/object.dart:2768:7)
#38     MultiChildLayoutDelegate.layoutChild (package:flutter/src/rendering/custom_layout.dart:180:12)
#39     _ScaffoldLayout.performLayout (package:flutter/src/material/scaffold.dart:1113:7)
#40     MultiChildLayoutDelegate._callPerformLayout (package:flutter/src/rendering/custom_layout.dart:246:7)
#41     RenderCustomMultiChildLayoutBox.performLayout (package:flutter/src/rendering/custom_layout.dart:417:14)
#42     RenderObject.layout (package:flutter/src/rendering/object.dart:2768:7)
#43     RenderProxyBoxMixin.performLayout (package:flutter/src/rendering/proxy_box.dart:118:18)
#44     RenderObject.layout (package:flutter/src/rendering/object.dart:2768:7)
#45     RenderProxyBoxMixin.performLayout (package:flutter/src/rendering/proxy_box.dart:118:18)
#46     _RenderCustomClip.performLayout (package:flutter/src/rendering/proxy_box.dart:1549:11)
#47     RenderObject.layout (package:flutter/src/rendering/object.dart:2768:7)
#48     RenderProxyBoxMixin.performLayout (package:flutter/src/rendering/proxy_box.dart:118:18)
#49     RenderObject.layout (package:flutter/src/rendering/object.dart:2768:7)
#50     RenderProxyBoxMixin.performLayout (package:flutter/src/rendering/proxy_box.dart:118:18)
#51     RenderObject.layout (package:flutter/src/rendering/object.dart:2768:7)
#52     RenderProxyBoxMixin.performLayout (package:flutter/src/rendering/proxy_box.dart:118:18)
#53     RenderObject.layout (package:flutter/src/rendering/object.dart:2768:7)
#54     RenderProxyBoxMixin.performLayout (package:flutter/src/rendering/proxy_box.dart:118:18)
#55     RenderObject.layout (package:flutter/src/rendering/object.dart:2768:7)
#56     RenderProxyBoxMixin.performLayout (package:flutter/src/rendering/proxy_box.dart:118:18)
#57     RenderObject.layout (package:flutter/src/rendering/object.dart:2768:7)
#58     RenderProxyBoxMixin.performLayout (package:flutter/src/rendering/proxy_box.dart:118:18)
#59     RenderObject.layout (package:flutter/src/rendering/object.dart:2768:7)
#60     RenderProxyBoxMixin.performLayout (package:flutter/src/rendering/proxy_box.dart:118:18)
#61     RenderObject.layout (package:flutter/src/rendering/object.dart:2768:7)
#62     RenderProxyBoxMixin.performLayout (package:flutter/src/rendering/proxy_box.dart:118:18)
#63     RenderObject.layout (package:flutter/src/rendering/object.dart:2768:7)
#64     RenderProxyBoxMixin.performLayout (package:flutter/src/rendering/proxy_box.dart:118:18)
#65     RenderObject.layout (package:flutter/src/rendering/object.dart:2768:7)
#66     RenderProxyBoxMixin.performLayout (package:flutter/src/rendering/proxy_box.dart:118:18)
#67     RenderObject.layout (package:flutter/src/rendering/object.dart:2768:7)
#68     RenderProxyBoxMixin.performLayout (package:flutter/src/rendering/proxy_box.dart:118:18)
#69     RenderObject.layout (package:flutter/src/rendering/object.dart:2768:7)
#70     RenderProxyBoxMixin.performLayout (package:flutter/src/rendering/proxy_box.dart:118:18)
#71     RenderObject.layout (package:flutter/src/rendering/object.dart:2768:7)
#72     RenderProxyBoxMixin.performLayout (package:flutter/src/rendering/proxy_box.dart:118:18)
#73     RenderObject.layout (package:flutter/src/rendering/object.dart:2768:7)
#74     RenderProxyBoxMixin.performLayout (package:flutter/src/rendering/proxy_box.dart:118:18)
#75     RenderObject.layout (package:flutter/src/rendering/object.dart:2768:7)
#76     RenderProxyBoxMixin.performLayout (package:flutter/src/rendering/proxy_box.dart:118:18)
#77     RenderObject.layout (package:flutter/src/rendering/object.dart:2768:7)
#78     RenderProxyBoxMixin.performLayout (package:flutter/src/rendering/proxy_box.dart:118:18)
#79     RenderOffstage.performLayout (package:flutter/src/rendering/proxy_box.dart:3923:13)
#80     RenderObject.layout (package:flutter/src/rendering/object.dart:2768:7)
#81     RenderProxyBoxMixin.performLayout (package:flutter/src/rendering/proxy_box.dart:118:18)
#82     RenderObject.layout (package:flutter/src/rendering/object.dart:2768:7)
#83     _RenderTheaterMixin.layoutChild (package:flutter/src/widgets/overlay.dart:1084:13)
#84     _RenderTheater.performLayout (package:flutter/src/widgets/overlay.dart:1429:9)
#85     RenderObject.layout (package:flutter/src/rendering/object.dart:2768:7)
#86     RenderProxyBoxMixin.performLayout (package:flutter/src/rendering/proxy_box.dart:118:18)
#87     RenderObject.layout (package:flutter/src/rendering/object.dart:2768:7)
#88     RenderProxyBoxMixin.performLayout (package:flutter/src/rendering/proxy_box.dart:118:18)
#89     RenderObject.layout (package:flutter/src/rendering/object.dart:2768:7)
#90     RenderProxyBoxMixin.performLayout (package:flutter/src/rendering/proxy_box.dart:118:18)
#91     RenderObject.layout (package:flutter/src/rendering/object.dart:2768:7)
#92     RenderProxyBoxMixin.performLayout (package:flutter/src/rendering/proxy_box.dart:118:18)
#93     RenderCustomPaint.performLayout (package:flutter/src/rendering/custom_paint.dart:574:11)
#94     RenderObject.layout (package:flutter/src/rendering/object.dart:2768:7)
#95     RenderProxyBoxMixin.performLayout (package:flutter/src/rendering/proxy_box.dart:118:18)
#96     RenderObject.layout (package:flutter/src/rendering/object.dart:2768:7)
#97     RenderProxyBoxMixin.performLayout (package:flutter/src/rendering/proxy_box.dart:118:18)
#98     RenderObject.layout (package:flutter/src/rendering/object.dart:2768:7)
#99     RenderProxyBoxMixin.performLayout (package:flutter/src/rendering/proxy_box.dart:118:18)
#100    RenderObject.layout (package:flutter/src/rendering/object.dart:2768:7)
#101    RenderProxyBoxMixin.performLayout (package:flutter/src/rendering/proxy_box.dart:118:18)
#102    RenderObject.layout (package:flutter/src/rendering/object.dart:2768:7)
#103    RenderProxyBoxMixin.performLayout (package:flutter/src/rendering/proxy_box.dart:118:18)
#104    RenderObject.layout (package:flutter/src/rendering/object.dart:2768:7)
#105    RenderProxyBoxMixin.performLayout (package:flutter/src/rendering/proxy_box.dart:118:18)
#106    RenderObject.layout (package:flutter/src/rendering/object.dart:2768:7)
#107    RenderView.performLayout (package:flutter/src/rendering/view.dart:292:12)
#108    RenderObject._layoutWithoutResize (package:flutter/src/rendering/object.dart:2616:7)
#109    PipelineOwner.flushLayout (package:flutter/src/rendering/object.dart:1174:18)
#110    PipelineOwner.flushLayout (package:flutter/src/rendering/object.dart:1187:15)
#111    AutomatedTestWidgetsFlutterBinding.drawFrame (package:flutter_test/src/binding.dart:2133:27)
#112    RendererBinding._handlePersistentFrameCallback (package:flutter/src/rendering/binding.dart:495:5)
#113    SchedulerBinding._invokeFrameCallback (package:flutter/src/scheduler/binding.dart:1430:15)
#114    SchedulerBinding.handleDrawFrame (package:flutter/src/scheduler/binding.dart:1345:9)
#115    AutomatedTestWidgetsFlutterBinding.pump.<anonymous closure> (package:flutter_test/src/binding.dart:1960:9)
#118    TestAsyncUtils.guard (package:flutter_test/src/test_async_utils.dart:74:41)
#119    AutomatedTestWidgetsFlutterBinding.pump (package:flutter_test/src/binding.dart:1949:27)
#120    WidgetTester.pumpWidget.<anonymous closure> (package:flutter_test/src/widget_tester.dart:598:22)
#123    TestAsyncUtils.guard (package:flutter_test/src/test_async_utils.dart:74:41)
#124    WidgetTester.pumpWidget (package:flutter_test/src/widget_tester.dart:595:27)
#125    main.<anonymous closure>.<anonymous closure> (file:///C:/Users/bhara/StudioProjects/simple_billing_app/test/widget/billing_screen_test.dart:63:20)
#126    testWidgets.<anonymous closure>.<anonymous closure> (package:flutter_test/src/widget_tester.dart:192:29)
<asynchronous suspension>
#127    TestWidgetsFlutterBinding._runTestBody (package:flutter_test/src/binding.dart:1682:5)
<asynchronous suspension>
<asynchronous suspension>
(elided 7 frames from class _AssertionError, dart:async, and package:stack_trace)

The following RenderObject was being processed when the exception was fired: RenderPadding#709f6 relayoutBoundary=up15 NEEDS-LAYOUT NEEDS-PAINT NEEDS-COMPOSITING-BITS-UPDATE:
  creator: Padding ΓåÉ DecoratedBox ΓåÉ Container ΓåÉ Column ΓåÉ Row ΓåÉ _SingleChildViewport ΓåÉ
    IgnorePointer-[GlobalKey#83367] ΓåÉ Semantics ΓåÉ Listener ΓåÉ _GestureSemantics ΓåÉ
    RawGestureDetector-[LabeledGlobalKey<RawGestureDetectorState>#82809] ΓåÉ Listener ΓåÉ Γï»
  parentData: <none> (can use size)
  constraints: BoxConstraints(unconstrained)
  size: MISSING
  padding: EdgeInsets.all(25.0)
  textDirection: ltr
This RenderObject had the following descendants (showing up to depth 5):
    child: RenderFlex#2b1fb relayoutBoundary=up16 NEEDS-PAINT NEEDS-COMPOSITING-BITS-UPDATE
      child 1: RenderParagraph#8f056 relayoutBoundary=up17 NEEDS-PAINT
        text: TextSpan
      child 2: RenderConstrainedBox#86704 relayoutBoundary=up17 NEEDS-PAINT
      child 3: RenderSemanticsGestureHandler#e4792 relayoutBoundary=up17 NEEDS-PAINT NEEDS-COMPOSITING-BITS-UPDATE
        child: RenderPointerListener#9438d relayoutBoundary=up18 NEEDS-PAINT NEEDS-COMPOSITING-BITS-UPDATE
          child: RenderAbsorbPointer#2aaa3 relayoutBoundary=up19 NEEDS-PAINT NEEDS-COMPOSITING-BITS-UPDATE
            child: RenderMouseRegion#ae3af relayoutBoundary=up20 NEEDS-PAINT NEEDS-COMPOSITING-BITS-UPDATE
ΓòÉΓòÉΓòÉΓòÉΓòÉΓòÉΓòÉΓòÉΓòÉΓòÉΓòÉΓòÉΓòÉΓòÉΓòÉΓòÉΓòÉΓòÉΓòÉΓòÉΓòÉΓòÉΓòÉΓòÉΓòÉΓòÉΓòÉΓòÉΓòÉΓòÉΓòÉΓòÉΓòÉΓòÉΓòÉΓòÉΓòÉΓòÉΓòÉΓòÉΓòÉΓòÉΓòÉΓòÉΓòÉΓòÉΓòÉΓòÉΓòÉΓòÉΓòÉΓòÉΓòÉΓòÉΓòÉΓòÉΓòÉΓòÉΓòÉΓòÉΓòÉΓòÉΓòÉΓòÉΓòÉΓòÉΓòÉΓòÉΓòÉΓòÉΓòÉΓòÉΓòÉΓòÉΓòÉΓòÉΓòÉΓòÉΓòÉΓòÉΓòÉΓòÉΓòÉΓòÉΓòÉΓòÉΓòÉΓòÉΓòÉΓòÉΓòÉΓòÉΓòÉΓòÉΓòÉΓòÉΓòÉΓòÉΓòÉΓòÉ
ΓòÉΓòÉΓòí EXCEPTION CAUGHT BY RENDERING LIBRARY Γò₧ΓòÉΓòÉΓòÉΓòÉΓòÉΓòÉΓòÉΓòÉΓòÉΓòÉΓòÉΓòÉΓòÉΓòÉΓòÉΓòÉΓòÉΓòÉΓòÉΓòÉΓòÉΓòÉΓòÉΓòÉΓòÉΓòÉΓòÉΓòÉΓòÉΓòÉΓòÉΓòÉΓòÉΓòÉΓòÉΓòÉΓòÉΓòÉΓòÉΓòÉΓòÉΓòÉΓòÉΓòÉΓòÉΓòÉΓòÉΓòÉΓòÉΓòÉΓòÉΓòÉΓòÉΓòÉΓòÉΓòÉΓòÉ
The following assertion was thrown during performLayout():
RenderBox was not laid out: RenderPadding#709f6 relayoutBoundary=up15 NEEDS-PAINT
NEEDS-COMPOSITING-BITS-UPDATE
'package:flutter/src/rendering/box.dart':
Failed assertion: line 2251 pos 12: 'hasSize'

Either the assertion indicates an error in the framework itself, or we should provide substantially
more information in this error message to help you determine and fix the underlying cause.
In either case, please report this assertion by filing a bug on GitHub:
  https://github.com/flutter/flutter/issues/new?template=02_bug.yml

The relevant error-causing widget was:
  Container
  Container:file:///C:/Users/bhara/StudioProjects/simple_billing_app/lib/views/screens/billing_screen.dart:288:12

When the exception was thrown, this was the stack:
#2      RenderBox.size (package:flutter/src/rendering/box.dart:2251:12)
#3      RenderProxyBoxMixin.performLayout (package:flutter/src/rendering/proxy_box.dart:118:62)
#4      RenderObject.layout (package:flutter/src/rendering/object.dart:2768:7)
#5      ChildLayoutHelper.layoutChild (package:flutter/src/rendering/layout_helper.dart:62:11)
#6      RenderFlex._computeSizes (package:flutter/src/rendering/flex.dart:1237:28)
#7      RenderFlex.performLayout (package:flutter/src/rendering/flex.dart:1329:32)
#8      RenderObject.layout (package:flutter/src/rendering/object.dart:2768:7)
#9      ChildLayoutHelper.layoutChild (package:flutter/src/rendering/layout_helper.dart:62:11)
#10     RenderFlex._computeSizes (package:flutter/src/rendering/flex.dart:1237:28)
#11     RenderFlex.performLayout (package:flutter/src/rendering/flex.dart:1329:32)
#12     RenderObject.layout (package:flutter/src/rendering/object.dart:2768:7)
#13     _RenderSingleChildViewport.performLayout (package:flutter/src/widgets/single_child_scroll_view.dart:502:14)
#14     RenderObject.layout (package:flutter/src/rendering/object.dart:2768:7)
#15     RenderProxyBoxMixin.performLayout (package:flutter/src/rendering/proxy_box.dart:118:18)
#16     RenderObject.layout (package:flutter/src/rendering/object.dart:2768:7)
#17     RenderProxyBoxMixin.performLayout (package:flutter/src/rendering/proxy_box.dart:118:18)
#18     RenderObject.layout (package:flutter/src/rendering/object.dart:2768:7)
#19     RenderProxyBoxMixin.performLayout (package:flutter/src/rendering/proxy_box.dart:118:18)
#20     RenderObject.layout (package:flutter/src/rendering/object.dart:2768:7)
#21     RenderProxyBoxMixin.performLayout (package:flutter/src/rendering/proxy_box.dart:118:18)
#22     RenderObject.layout (package:flutter/src/rendering/object.dart:2768:7)
#23     RenderProxyBoxMixin.performLayout (package:flutter/src/rendering/proxy_box.dart:118:18)
#24     RenderObject.layout (package:flutter/src/rendering/object.dart:2768:7)
#25     RenderProxyBoxMixin.performLayout (package:flutter/src/rendering/proxy_box.dart:118:18)
#26     RenderObject.layout (package:flutter/src/rendering/object.dart:2768:7)
#27     RenderProxyBoxMixin.performLayout (package:flutter/src/rendering/proxy_box.dart:118:18)
#28     RenderObject.layout (package:flutter/src/rendering/object.dart:2768:7)
#29     RenderProxyBoxMixin.performLayout (package:flutter/src/rendering/proxy_box.dart:118:18)
#30     _RenderCustomClip.performLayout (package:flutter/src/rendering/proxy_box.dart:1549:11)
#31     RenderObject.layout (package:flutter/src/rendering/object.dart:2768:7)
#32     RenderPadding.performLayout (package:flutter/src/rendering/shifted_box.dart:262:12)
#33     RenderObject.layout (package:flutter/src/rendering/object.dart:2768:7)
#34     _RenderLayoutBuilder.performLayout (package:flutter/src/widgets/layout_builder.dart:449:14)
#35     RenderObject.layout (package:flutter/src/rendering/object.dart:2768:7)
#36     MultiChildLayoutDelegate.layoutChild (package:flutter/src/rendering/custom_layout.dart:180:12)
#37     _ScaffoldLayout.performLayout (package:flutter/src/material/scaffold.dart:1113:7)
#38     MultiChildLayoutDelegate._callPerformLayout (package:flutter/src/rendering/custom_layout.dart:246:7)
#39     RenderCustomMultiChildLayoutBox.performLayout (package:flutter/src/rendering/custom_layout.dart:417:14)
#40     RenderObject.layout (package:flutter/src/rendering/object.dart:2768:7)
#41     RenderProxyBoxMixin.performLayout (package:flutter/src/rendering/proxy_box.dart:118:18)
#42     RenderObject.layout (package:flutter/src/rendering/object.dart:2768:7)
#43     RenderProxyBoxMixin.performLayout (package:flutter/src/rendering/proxy_box.dart:118:18)
#44     _RenderCustomClip.performLayout (package:flutter/src/rendering/proxy_box.dart:1549:11)
#45     RenderObject.layout (package:flutter/src/rendering/object.dart:2768:7)
#46     RenderProxyBoxMixin.performLayout (package:flutter/src/rendering/proxy_box.dart:118:18)
#47     RenderObject.layout (package:flutter/src/rendering/object.dart:2768:7)
#48     RenderProxyBoxMixin.performLayout (package:flutter/src/rendering/proxy_box.dart:118:18)
#49     RenderObject.layout (package:flutter/src/rendering/object.dart:2768:7)
#50     RenderProxyBoxMixin.performLayout (package:flutter/src/rendering/proxy_box.dart:118:18)
#51     RenderObject.layout (package:flutter/src/rendering/object.dart:2768:7)
#52     RenderProxyBoxMixin.performLayout (package:flutter/src/rendering/proxy_box.dart:118:18)
#53     RenderObject.layout (package:flutter/src/rendering/object.dart:2768:7)
#54     RenderProxyBoxMixin.performLayout (package:flutter/src/rendering/proxy_box.dart:118:18)
#55     RenderObject.layout (package:flutter/src/rendering/object.dart:2768:7)
#56     RenderProxyBoxMixin.performLayout (package:flutter/src/rendering/proxy_box.dart:118:18)
#57     RenderObject.layout (package:flutter/src/rendering/object.dart:2768:7)
#58     RenderProxyBoxMixin.performLayout (package:flutter/src/rendering/proxy_box.dart:118:18)
#59     RenderObject.layout (package:flutter/src/rendering/object.dart:2768:7)
#60     RenderProxyBoxMixin.performLayout (package:flutter/src/rendering/proxy_box.dart:118:18)
#61     RenderObject.layout (package:flutter/src/rendering/object.dart:2768:7)
#62     RenderProxyBoxMixin.performLayout (package:flutter/src/rendering/proxy_box.dart:118:18)
#63     RenderObject.layout (package:flutter/src/rendering/object.dart:2768:7)
#64     RenderProxyBoxMixin.performLayout (package:flutter/src/rendering/proxy_box.dart:118:18)
#65     RenderObject.layout (package:flutter/src/rendering/object.dart:2768:7)
#66     RenderProxyBoxMixin.performLayout (package:flutter/src/rendering/proxy_box.dart:118:18)
#67     RenderObject.layout (package:flutter/src/rendering/object.dart:2768:7)
#68     RenderProxyBoxMixin.performLayout (package:flutter/src/rendering/proxy_box.dart:118:18)
#69     RenderObject.layout (package:flutter/src/rendering/object.dart:2768:7)
#70     RenderProxyBoxMixin.performLayout (package:flutter/src/rendering/proxy_box.dart:118:18)
#71     RenderObject.layout (package:flutter/src/rendering/object.dart:2768:7)
#72     RenderProxyBoxMixin.performLayout (package:flutter/src/rendering/proxy_box.dart:118:18)
#73     RenderObject.layout (package:flutter/src/rendering/object.dart:2768:7)
#74     RenderProxyBoxMixin.performLayout (package:flutter/src/rendering/proxy_box.dart:118:18)
#75     RenderObject.layout (package:flutter/src/rendering/object.dart:2768:7)
#76     RenderProxyBoxMixin.performLayout (package:flutter/src/rendering/proxy_box.dart:118:18)
#77     RenderOffstage.performLayout (package:flutter/src/rendering/proxy_box.dart:3923:13)
#78     RenderObject.layout (package:flutter/src/rendering/object.dart:2768:7)
#79     RenderProxyBoxMixin.performLayout (package:flutter/src/rendering/proxy_box.dart:118:18)
#80     RenderObject.layout (package:flutter/src/rendering/object.dart:2768:7)
#81     _RenderTheaterMixin.layoutChild (package:flutter/src/widgets/overlay.dart:1084:13)
#82     _RenderTheater.performLayout (package:flutter/src/widgets/overlay.dart:1429:9)
#83     RenderObject.layout (package:flutter/src/rendering/object.dart:2768:7)
#84     RenderProxyBoxMixin.performLayout (package:flutter/src/rendering/proxy_box.dart:118:18)
#85     RenderObject.layout (package:flutter/src/rendering/object.dart:2768:7)
#86     RenderProxyBoxMixin.performLayout (package:flutter/src/rendering/proxy_box.dart:118:18)
#87     RenderObject.layout (package:flutter/src/rendering/object.dart:2768:7)
#88     RenderProxyBoxMixin.performLayout (package:flutter/src/rendering/proxy_box.dart:118:18)
#89     RenderObject.layout (package:flutter/src/rendering/object.dart:2768:7)
#90     RenderProxyBoxMixin.performLayout (package:flutter/src/rendering/proxy_box.dart:118:18)
#91     RenderCustomPaint.performLayout (package:flutter/src/rendering/custom_paint.dart:574:11)
#92     RenderObject.layout (package:flutter/src/rendering/object.dart:2768:7)
#93     RenderProxyBoxMixin.performLayout (package:flutter/src/rendering/proxy_box.dart:118:18)
#94     RenderObject.layout (package:flutter/src/rendering/object.dart:2768:7)
#95     RenderProxyBoxMixin.performLayout (package:flutter/src/rendering/proxy_box.dart:118:18)
#96     RenderObject.layout (package:flutter/src/rendering/object.dart:2768:7)
#97     RenderProxyBoxMixin.performLayout (package:flutter/src/rendering/proxy_box.dart:118:18)
#98     RenderObject.layout (package:flutter/src/rendering/object.dart:2768:7)
#99     RenderProxyBoxMixin.performLayout (package:flutter/src/rendering/proxy_box.dart:118:18)
#100    RenderObject.layout (package:flutter/src/rendering/object.dart:2768:7)
#101    RenderProxyBoxMixin.performLayout (package:flutter/src/rendering/proxy_box.dart:118:18)
#102    RenderObject.layout (package:flutter/src/rendering/object.dart:2768:7)
#103    RenderProxyBoxMixin.performLayout (package:flutter/src/rendering/proxy_box.dart:118:18)
#104    RenderObject.layout (package:flutter/src/rendering/object.dart:2768:7)
#105    RenderView.performLayout (package:flutter/src/rendering/view.dart:292:12)
#106    RenderObject._layoutWithoutResize (package:flutter/src/rendering/object.dart:2616:7)
#107    PipelineOwner.flushLayout (package:flutter/src/rendering/object.dart:1174:18)
#108    PipelineOwner.flushLayout (package:flutter/src/rendering/object.dart:1187:15)
#109    AutomatedTestWidgetsFlutterBinding.drawFrame (package:flutter_test/src/binding.dart:2133:27)
#110    RendererBinding._handlePersistentFrameCallback (package:flutter/src/rendering/binding.dart:495:5)
#111    SchedulerBinding._invokeFrameCallback (package:flutter/src/scheduler/binding.dart:1430:15)
#112    SchedulerBinding.handleDrawFrame (package:flutter/src/scheduler/binding.dart:1345:9)
#113    AutomatedTestWidgetsFlutterBinding.pump.<anonymous closure> (package:flutter_test/src/binding.dart:1960:9)
#116    TestAsyncUtils.guard (package:flutter_test/src/test_async_utils.dart:74:41)
#117    AutomatedTestWidgetsFlutterBinding.pump (package:flutter_test/src/binding.dart:1949:27)
#118    WidgetTester.pumpWidget.<anonymous closure> (package:flutter_test/src/widget_tester.dart:598:22)
#121    TestAsyncUtils.guard (package:flutter_test/src/test_async_utils.dart:74:41)
#122    WidgetTester.pumpWidget (package:flutter_test/src/widget_tester.dart:595:27)
#123    main.<anonymous closure>.<anonymous closure> (file:///C:/Users/bhara/StudioProjects/simple_billing_app/test/widget/billing_screen_test.dart:63:20)
#124    testWidgets.<anonymous closure>.<anonymous closure> (package:flutter_test/src/widget_tester.dart:192:29)
<asynchronous suspension>
#125    TestWidgetsFlutterBinding._runTestBody (package:flutter_test/src/binding.dart:1682:5)
<asynchronous suspension>
<asynchronous suspension>
(elided 7 frames from class _AssertionError, dart:async, and package:stack_trace)

The following RenderObject was being processed when the exception was fired: RenderDecoratedBox#891d2 relayoutBoundary=up14 NEEDS-LAYOUT NEEDS-PAINT NEEDS-COMPOSITING-BITS-UPDATE:
  creator: DecoratedBox ΓåÉ Container ΓåÉ Column ΓåÉ Row ΓåÉ _SingleChildViewport ΓåÉ
    IgnorePointer-[GlobalKey#83367] ΓåÉ Semantics ΓåÉ Listener ΓåÉ _GestureSemantics ΓåÉ
    RawGestureDetector-[LabeledGlobalKey<RawGestureDetectorState>#82809] ΓåÉ Listener ΓåÉ _ScrollableScope
    ΓåÉ Γï»
  parentData: offset=Offset(0.0, 0.0); flex=null; fit=null (can use size)
  constraints: BoxConstraints(unconstrained)
  size: MISSING
  decoration: BoxDecoration:
    color: Color(alpha: 1.0000, red: 1.0000, green: 1.0000, blue: 1.0000, colorSpace: ColorSpace.sRGB)
    border: Border.all(BorderSide(color: Color(alpha: 1.0000, red: 0.8784, green: 0.8471, blue: 0.8000,
      colorSpace: ColorSpace.sRGB)))
    borderRadius: BorderRadius.circular(16.0)
  configuration: ImageConfiguration(bundle: PlatformAssetBundle#5f0ed(), devicePixelRatio: 1.0,
    locale: en_US, textDirection: TextDirection.ltr, platform: android)
This RenderObject had the following descendants (showing up to depth 5):
    child: RenderPadding#709f6 relayoutBoundary=up15 NEEDS-PAINT NEEDS-COMPOSITING-BITS-UPDATE
      child: RenderFlex#2b1fb relayoutBoundary=up16 NEEDS-PAINT NEEDS-COMPOSITING-BITS-UPDATE
        child 1: RenderParagraph#8f056 relayoutBoundary=up17 NEEDS-PAINT
          text: TextSpan
        child 2: RenderConstrainedBox#86704 relayoutBoundary=up17 NEEDS-PAINT
        child 3: RenderSemanticsGestureHandler#e4792 relayoutBoundary=up17 NEEDS-PAINT NEEDS-COMPOSITING-BITS-UPDATE
          child: RenderPointerListener#9438d relayoutBoundary=up18 NEEDS-PAINT NEEDS-COMPOSITING-BITS-UPDATE
            child: RenderAbsorbPointer#2aaa3 relayoutBoundary=up19 NEEDS-PAINT NEEDS-COMPOSITING-BITS-UPDATE
ΓòÉΓòÉΓòÉΓòÉΓòÉΓòÉΓòÉΓòÉΓòÉΓòÉΓòÉΓòÉΓòÉΓòÉΓòÉΓòÉΓòÉΓòÉΓòÉΓòÉΓòÉΓòÉΓòÉΓòÉΓòÉΓòÉΓòÉΓòÉΓòÉΓòÉΓòÉΓòÉΓòÉΓòÉΓòÉΓòÉΓòÉΓòÉΓòÉΓòÉΓòÉΓòÉΓòÉΓòÉΓòÉΓòÉΓòÉΓòÉΓòÉΓòÉΓòÉΓòÉΓòÉΓòÉΓòÉΓòÉΓòÉΓòÉΓòÉΓòÉΓòÉΓòÉΓòÉΓòÉΓòÉΓòÉΓòÉΓòÉΓòÉΓòÉΓòÉΓòÉΓòÉΓòÉΓòÉΓòÉΓòÉΓòÉΓòÉΓòÉΓòÉΓòÉΓòÉΓòÉΓòÉΓòÉΓòÉΓòÉΓòÉΓòÉΓòÉΓòÉΓòÉΓòÉΓòÉΓòÉΓòÉΓòÉΓòÉΓòÉ
ΓòÉΓòÉΓòí EXCEPTION CAUGHT BY RENDERING LIBRARY Γò₧ΓòÉΓòÉΓòÉΓòÉΓòÉΓòÉΓòÉΓòÉΓòÉΓòÉΓòÉΓòÉΓòÉΓòÉΓòÉΓòÉΓòÉΓòÉΓòÉΓòÉΓòÉΓòÉΓòÉΓòÉΓòÉΓòÉΓòÉΓòÉΓòÉΓòÉΓòÉΓòÉΓòÉΓòÉΓòÉΓòÉΓòÉΓòÉΓòÉΓòÉΓòÉΓòÉΓòÉΓòÉΓòÉΓòÉΓòÉΓòÉΓòÉΓòÉΓòÉΓòÉΓòÉΓòÉΓòÉΓòÉΓòÉ
The following assertion was thrown during performLayout():
RenderBox was not laid out: RenderDecoratedBox#891d2 relayoutBoundary=up14 NEEDS-PAINT
NEEDS-COMPOSITING-BITS-UPDATE
'package:flutter/src/rendering/box.dart':
Failed assertion: line 2251 pos 12: 'hasSize'

Either the assertion indicates an error in the framework itself, or we should provide substantially
more information in this error message to help you determine and fix the underlying cause.
In either case, please report this assertion by filing a bug on GitHub:
  https://github.com/flutter/flutter/issues/new?template=02_bug.yml

The relevant error-causing widget was:
  Column
  Column:file:///C:/Users/bhara/StudioProjects/simple_billing_app/lib/views/screens/billing_screen.dart:244:13

When the exception was thrown, this was the stack:
#2      RenderBox.size (package:flutter/src/rendering/box.dart:2251:12)
#3      ChildLayoutHelper.layoutChild (package:flutter/src/rendering/layout_helper.dart:63:18)
#4      RenderFlex._computeSizes (package:flutter/src/rendering/flex.dart:1237:28)
#5      RenderFlex.performLayout (package:flutter/src/rendering/flex.dart:1329:32)
#6      RenderObject.layout (package:flutter/src/rendering/object.dart:2768:7)
#7      ChildLayoutHelper.layoutChild (package:flutter/src/rendering/layout_helper.dart:62:11)
#8      RenderFlex._computeSizes (package:flutter/src/rendering/flex.dart:1237:28)
#9      RenderFlex.performLayout (package:flutter/src/rendering/flex.dart:1329:32)
#10     RenderObject.layout (package:flutter/src/rendering/object.dart:2768:7)
#11     _RenderSingleChildViewport.performLayout (package:flutter/src/widgets/single_child_scroll_view.dart:502:14)
#12     RenderObject.layout (package:flutter/src/rendering/object.dart:2768:7)
#13     RenderProxyBoxMixin.performLayout (package:flutter/src/rendering/proxy_box.dart:118:18)
#14     RenderObject.layout (package:flutter/src/rendering/object.dart:2768:7)
#15     RenderProxyBoxMixin.performLayout (package:flutter/src/rendering/proxy_box.dart:118:18)
#16     RenderObject.layout (package:flutter/src/rendering/object.dart:2768:7)
#17     RenderProxyBoxMixin.performLayout (package:flutter/src/rendering/proxy_box.dart:118:18)
#18     RenderObject.layout (package:flutter/src/rendering/object.dart:2768:7)
#19     RenderProxyBoxMixin.performLayout (package:flutter/src/rendering/proxy_box.dart:118:18)
#20     RenderObject.layout (package:flutter/src/rendering/object.dart:2768:7)
#21     RenderProxyBoxMixin.performLayout (package:flutter/src/rendering/proxy_box.dart:118:18)
#22     RenderObject.layout (package:flutter/src/rendering/object.dart:2768:7)
#23     RenderProxyBoxMixin.performLayout (package:flutter/src/rendering/proxy_box.dart:118:18)
#24     RenderObject.layout (package:flutter/src/rendering/object.dart:2768:7)
#25     RenderProxyBoxMixin.performLayout (package:flutter/src/rendering/proxy_box.dart:118:18)
#26     RenderObject.layout (package:flutter/src/rendering/object.dart:2768:7)
#27     RenderProxyBoxMixin.performLayout (package:flutter/src/rendering/proxy_box.dart:118:18)
#28     _RenderCustomClip.performLayout (package:flutter/src/rendering/proxy_box.dart:1549:11)
#29     RenderObject.layout (package:flutter/src/rendering/object.dart:2768:7)
#30     RenderPadding.performLayout (package:flutter/src/rendering/shifted_box.dart:262:12)
#31     RenderObject.layout (package:flutter/src/rendering/object.dart:2768:7)
#32     _RenderLayoutBuilder.performLayout (package:flutter/src/widgets/layout_builder.dart:449:14)
#33     RenderObject.layout (package:flutter/src/rendering/object.dart:2768:7)
#34     MultiChildLayoutDelegate.layoutChild (package:flutter/src/rendering/custom_layout.dart:180:12)
#35     _ScaffoldLayout.performLayout (package:flutter/src/material/scaffold.dart:1113:7)
#36     MultiChildLayoutDelegate._callPerformLayout (package:flutter/src/rendering/custom_layout.dart:246:7)
#37     RenderCustomMultiChildLayoutBox.performLayout (package:flutter/src/rendering/custom_layout.dart:417:14)
#38     RenderObject.layout (package:flutter/src/rendering/object.dart:2768:7)
#39     RenderProxyBoxMixin.performLayout (package:flutter/src/rendering/proxy_box.dart:118:18)
#40     RenderObject.layout (package:flutter/src/rendering/object.dart:2768:7)
#41     RenderProxyBoxMixin.performLayout (package:flutter/src/rendering/proxy_box.dart:118:18)
#42     _RenderCustomClip.performLayout (package:flutter/src/rendering/proxy_box.dart:1549:11)
#43     RenderObject.layout (package:flutter/src/rendering/object.dart:2768:7)
#44     RenderProxyBoxMixin.performLayout (package:flutter/src/rendering/proxy_box.dart:118:18)
#45     RenderObject.layout (package:flutter/src/rendering/object.dart:2768:7)
#46     RenderProxyBoxMixin.performLayout (package:flutter/src/rendering/proxy_box.dart:118:18)
#47     RenderObject.layout (package:flutter/src/rendering/object.dart:2768:7)
#48     RenderProxyBoxMixin.performLayout (package:flutter/src/rendering/proxy_box.dart:118:18)
#49     RenderObject.layout (package:flutter/src/rendering/object.dart:2768:7)
#50     RenderProxyBoxMixin.performLayout (package:flutter/src/rendering/proxy_box.dart:118:18)
#51     RenderObject.layout (package:flutter/src/rendering/object.dart:2768:7)
#52     RenderProxyBoxMixin.performLayout (package:flutter/src/rendering/proxy_box.dart:118:18)
#53     RenderObject.layout (package:flutter/src/rendering/object.dart:2768:7)
#54     RenderProxyBoxMixin.performLayout (package:flutter/src/rendering/proxy_box.dart:118:18)
#55     RenderObject.layout (package:flutter/src/rendering/object.dart:2768:7)
#56     RenderProxyBoxMixin.performLayout (package:flutter/src/rendering/proxy_box.dart:118:18)
#57     RenderObject.layout (package:flutter/src/rendering/object.dart:2768:7)
#58     RenderProxyBoxMixin.performLayout (package:flutter/src/rendering/proxy_box.dart:118:18)
#59     RenderObject.layout (package:flutter/src/rendering/object.dart:2768:7)
#60     RenderProxyBoxMixin.performLayout (package:flutter/src/rendering/proxy_box.dart:118:18)
#61     RenderObject.layout (package:flutter/src/rendering/object.dart:2768:7)
#62     RenderProxyBoxMixin.performLayout (package:flutter/src/rendering/proxy_box.dart:118:18)
#63     RenderObject.layout (package:flutter/src/rendering/object.dart:2768:7)
#64     RenderProxyBoxMixin.performLayout (package:flutter/src/rendering/proxy_box.dart:118:18)
#65     RenderObject.layout (package:flutter/src/rendering/object.dart:2768:7)
#66     RenderProxyBoxMixin.performLayout (package:flutter/src/rendering/proxy_box.dart:118:18)
#67     RenderObject.layout (package:flutter/src/rendering/object.dart:2768:7)
#68     RenderProxyBoxMixin.performLayout (package:flutter/src/rendering/proxy_box.dart:118:18)
#69     RenderObject.layout (package:flutter/src/rendering/object.dart:2768:7)
#70     RenderProxyBoxMixin.performLayout (package:flutter/src/rendering/proxy_box.dart:118:18)
#71     RenderObject.layout (package:flutter/src/rendering/object.dart:2768:7)
#72     RenderProxyBoxMixin.performLayout (package:flutter/src/rendering/proxy_box.dart:118:18)
#73     RenderObject.layout (package:flutter/src/rendering/object.dart:2768:7)
#74     RenderProxyBoxMixin.performLayout (package:flutter/src/rendering/proxy_box.dart:118:18)
#75     RenderOffstage.performLayout (package:flutter/src/rendering/proxy_box.dart:3923:13)
#76     RenderObject.layout (package:flutter/src/rendering/object.dart:2768:7)
#77     RenderProxyBoxMixin.performLayout (package:flutter/src/rendering/proxy_box.dart:118:18)
#78     RenderObject.layout (package:flutter/src/rendering/object.dart:2768:7)
#79     _RenderTheaterMixin.layoutChild (package:flutter/src/widgets/overlay.dart:1084:13)
#80     _RenderTheater.performLayout (package:flutter/src/widgets/overlay.dart:1429:9)
#81     RenderObject.layout (package:flutter/src/rendering/object.dart:2768:7)
#82     RenderProxyBoxMixin.performLayout (package:flutter/src/rendering/proxy_box.dart:118:18)
#83     RenderObject.layout (package:flutter/src/rendering/object.dart:2768:7)
#84     RenderProxyBoxMixin.performLayout (package:flutter/src/rendering/proxy_box.dart:118:18)
#85     RenderObject.layout (package:flutter/src/rendering/object.dart:2768:7)
#86     RenderProxyBoxMixin.performLayout (package:flutter/src/rendering/proxy_box.dart:118:18)
#87     RenderObject.layout (package:flutter/src/rendering/object.dart:2768:7)
#88     RenderProxyBoxMixin.performLayout (package:flutter/src/rendering/proxy_box.dart:118:18)
#89     RenderCustomPaint.performLayout (package:flutter/src/rendering/custom_paint.dart:574:11)
#90     RenderObject.layout (package:flutter/src/rendering/object.dart:2768:7)
#91     RenderProxyBoxMixin.performLayout (package:flutter/src/rendering/proxy_box.dart:118:18)
#92     RenderObject.layout (package:flutter/src/rendering/object.dart:2768:7)
#93     RenderProxyBoxMixin.performLayout (package:flutter/src/rendering/proxy_box.dart:118:18)
#94     RenderObject.layout (package:flutter/src/rendering/object.dart:2768:7)
#95     RenderProxyBoxMixin.performLayout (package:flutter/src/rendering/proxy_box.dart:118:18)
#96     RenderObject.layout (package:flutter/src/rendering/object.dart:2768:7)
#97     RenderProxyBoxMixin.performLayout (package:flutter/src/rendering/proxy_box.dart:118:18)
#98     RenderObject.layout (package:flutter/src/rendering/object.dart:2768:7)
#99     RenderProxyBoxMixin.performLayout (package:flutter/src/rendering/proxy_box.dart:118:18)
#100    RenderObject.layout (package:flutter/src/rendering/object.dart:2768:7)
#101    RenderProxyBoxMixin.performLayout (package:flutter/src/rendering/proxy_box.dart:118:18)
#102    RenderObject.layout (package:flutter/src/rendering/object.dart:2768:7)
#103    RenderView.performLayout (package:flutter/src/rendering/view.dart:292:12)
#104    RenderObject._layoutWithoutResize (package:flutter/src/rendering/object.dart:2616:7)
#105    PipelineOwner.flushLayout (package:flutter/src/rendering/object.dart:1174:18)
#106    PipelineOwner.flushLayout (package:flutter/src/rendering/object.dart:1187:15)
#107    AutomatedTestWidgetsFlutterBinding.drawFrame (package:flutter_test/src/binding.dart:2133:27)
#108    RendererBinding._handlePersistentFrameCallback (package:flutter/src/rendering/binding.dart:495:5)
#109    SchedulerBinding._invokeFrameCallback (package:flutter/src/scheduler/binding.dart:1430:15)
#110    SchedulerBinding.handleDrawFrame (package:flutter/src/scheduler/binding.dart:1345:9)
#111    AutomatedTestWidgetsFlutterBinding.pump.<anonymous closure> (package:flutter_test/src/binding.dart:1960:9)
#114    TestAsyncUtils.guard (package:flutter_test/src/test_async_utils.dart:74:41)
#115    AutomatedTestWidgetsFlutterBinding.pump (package:flutter_test/src/binding.dart:1949:27)
#116    WidgetTester.pumpWidget.<anonymous closure> (package:flutter_test/src/widget_tester.dart:598:22)
#119    TestAsyncUtils.guard (package:flutter_test/src/test_async_utils.dart:74:41)
#120    WidgetTester.pumpWidget (package:flutter_test/src/widget_tester.dart:595:27)
#121    main.<anonymous closure>.<anonymous closure> (file:///C:/Users/bhara/StudioProjects/simple_billing_app/test/widget/billing_screen_test.dart:63:20)
#122    testWidgets.<anonymous closure>.<anonymous closure> (package:flutter_test/src/widget_tester.dart:192:29)
<asynchronous suspension>
#123    TestWidgetsFlutterBinding._runTestBody (package:flutter_test/src/binding.dart:1682:5)
<asynchronous suspension>
<asynchronous suspension>
(elided 7 frames from class _AssertionError, dart:async, and package:stack_trace)

The following RenderObject was being processed when the exception was fired: RenderFlex#114d2 relayoutBoundary=up13 NEEDS-LAYOUT NEEDS-PAINT NEEDS-COMPOSITING-BITS-UPDATE:
  creator: Column ΓåÉ Row ΓåÉ _SingleChildViewport ΓåÉ IgnorePointer-[GlobalKey#83367] ΓåÉ Semantics ΓåÉ
    Listener ΓåÉ _GestureSemantics ΓåÉ
    RawGestureDetector-[LabeledGlobalKey<RawGestureDetectorState>#82809] ΓåÉ Listener ΓåÉ _ScrollableScope
    ΓåÉ _ScrollSemantics-[GlobalKey#28331] ΓåÉ NotificationListener<ScrollMetricsNotification> ΓåÉ Γï»
  parentData: offset=Offset(0.0, 0.0); flex=null; fit=null (can use size)
  constraints: BoxConstraints(unconstrained)
  size: MISSING
  direction: vertical
  mainAxisAlignment: start
  mainAxisSize: max
  crossAxisAlignment: start
  textDirection: ltr
  verticalDirection: down
  spacing: 0.0
This RenderObject had the following descendants (showing up to depth 5):
    child 1: RenderDecoratedBox#891d2 relayoutBoundary=up14 NEEDS-PAINT NEEDS-COMPOSITING-BITS-UPDATE
      child: RenderPadding#709f6 relayoutBoundary=up15 NEEDS-PAINT NEEDS-COMPOSITING-BITS-UPDATE
        child: RenderFlex#2b1fb relayoutBoundary=up16 NEEDS-PAINT NEEDS-COMPOSITING-BITS-UPDATE
          child 1: RenderParagraph#8f056 relayoutBoundary=up17 NEEDS-PAINT
            text: TextSpan
          child 2: RenderConstrainedBox#86704 relayoutBoundary=up17 NEEDS-PAINT
          child 3: RenderSemanticsGestureHandler#e4792 relayoutBoundary=up17 NEEDS-PAINT NEEDS-COMPOSITING-BITS-UPDATE
            child: RenderPointerListener#9438d relayoutBoundary=up18 NEEDS-PAINT NEEDS-COMPOSITING-BITS-UPDATE
    child 2: RenderConstrainedBox#a4033 NEEDS-LAYOUT NEEDS-PAINT
    child 3: RenderDecoratedBox#bbc8b NEEDS-LAYOUT NEEDS-PAINT NEEDS-COMPOSITING-BITS-UPDATE
      child: RenderPadding#feab6 NEEDS-LAYOUT NEEDS-PAINT NEEDS-COMPOSITING-BITS-UPDATE
        child: RenderFlex#c9906 NEEDS-LAYOUT NEEDS-PAINT NEEDS-COMPOSITING-BITS-UPDATE
          child 1: RenderParagraph#7dc9b NEEDS-LAYOUT NEEDS-PAINT
            text: TextSpan
          child 2: RenderConstrainedBox#eecf8 NEEDS-LAYOUT NEEDS-PAINT
          child 3: RenderFlex#77d25 NEEDS-LAYOUT NEEDS-PAINT NEEDS-COMPOSITING-BITS-UPDATE
            child 1: RenderMouseRegion#1cfc0 NEEDS-LAYOUT NEEDS-PAINT NEEDS-COMPOSITING-BITS-UPDATE
            child 2: RenderConstrainedBox#0b431 NEEDS-LAYOUT NEEDS-PAINT
            child 3: RenderSemanticsAnnotations#6be94 NEEDS-LAYOUT NEEDS-PAINT NEEDS-COMPOSITING-BITS-UPDATE
    child 4: RenderConstrainedBox#4e4da NEEDS-LAYOUT NEEDS-PAINT
    child 5: RenderDecoratedBox#915b9 NEEDS-LAYOUT NEEDS-PAINT NEEDS-COMPOSITING-BITS-UPDATE
      child: RenderPadding#c9fcc NEEDS-LAYOUT NEEDS-PAINT NEEDS-COMPOSITING-BITS-UPDATE
        child: RenderDecoratedBox#953c7 NEEDS-LAYOUT NEEDS-PAINT NEEDS-COMPOSITING-BITS-UPDATE
          child: RenderPadding#5c58a NEEDS-LAYOUT NEEDS-PAINT NEEDS-COMPOSITING-BITS-UPDATE
            child: RenderFlex#68d07 NEEDS-LAYOUT NEEDS-PAINT NEEDS-COMPOSITING-BITS-UPDATE
    ...(descendants list truncated after 25 lines)
ΓòÉΓòÉΓòÉΓòÉΓòÉΓòÉΓòÉΓòÉΓòÉΓòÉΓòÉΓòÉΓòÉΓòÉΓòÉΓòÉΓòÉΓòÉΓòÉΓòÉΓòÉΓòÉΓòÉΓòÉΓòÉΓòÉΓòÉΓòÉΓòÉΓòÉΓòÉΓòÉΓòÉΓòÉΓòÉΓòÉΓòÉΓòÉΓòÉΓòÉΓòÉΓòÉΓòÉΓòÉΓòÉΓòÉΓòÉΓòÉΓòÉΓòÉΓòÉΓòÉΓòÉΓòÉΓòÉΓòÉΓòÉΓòÉΓòÉΓòÉΓòÉΓòÉΓòÉΓòÉΓòÉΓòÉΓòÉΓòÉΓòÉΓòÉΓòÉΓòÉΓòÉΓòÉΓòÉΓòÉΓòÉΓòÉΓòÉΓòÉΓòÉΓòÉΓòÉΓòÉΓòÉΓòÉΓòÉΓòÉΓòÉΓòÉΓòÉΓòÉΓòÉΓòÉΓòÉΓòÉΓòÉΓòÉΓòÉΓòÉ
ΓòÉΓòÉΓòí EXCEPTION CAUGHT BY RENDERING LIBRARY Γò₧ΓòÉΓòÉΓòÉΓòÉΓòÉΓòÉΓòÉΓòÉΓòÉΓòÉΓòÉΓòÉΓòÉΓòÉΓòÉΓòÉΓòÉΓòÉΓòÉΓòÉΓòÉΓòÉΓòÉΓòÉΓòÉΓòÉΓòÉΓòÉΓòÉΓòÉΓòÉΓòÉΓòÉΓòÉΓòÉΓòÉΓòÉΓòÉΓòÉΓòÉΓòÉΓòÉΓòÉΓòÉΓòÉΓòÉΓòÉΓòÉΓòÉΓòÉΓòÉΓòÉΓòÉΓòÉΓòÉΓòÉΓòÉ
The following assertion was thrown during performLayout():
RenderBox was not laid out: RenderFlex#114d2 relayoutBoundary=up13 NEEDS-PAINT
NEEDS-COMPOSITING-BITS-UPDATE
'package:flutter/src/rendering/box.dart':
Failed assertion: line 2251 pos 12: 'hasSize'

Either the assertion indicates an error in the framework itself, or we should provide substantially
more information in this error message to help you determine and fix the underlying cause.
In either case, please report this assertion by filing a bug on GitHub:
  https://github.com/flutter/flutter/issues/new?template=02_bug.yml

The relevant error-causing widget was:
  Row
  Row:file:///C:/Users/bhara/StudioProjects/simple_billing_app/lib/views/screens/billing_screen.dart:241:16

When the exception was thrown, this was the stack:
#2      RenderBox.size (package:flutter/src/rendering/box.dart:2251:12)
#3      ChildLayoutHelper.layoutChild (package:flutter/src/rendering/layout_helper.dart:63:18)
#4      RenderFlex._computeSizes (package:flutter/src/rendering/flex.dart:1237:28)
#5      RenderFlex.performLayout (package:flutter/src/rendering/flex.dart:1329:32)
#6      RenderObject.layout (package:flutter/src/rendering/object.dart:2768:7)
#7      _RenderSingleChildViewport.performLayout (package:flutter/src/widgets/single_child_scroll_view.dart:502:14)
#8      RenderObject.layout (package:flutter/src/rendering/object.dart:2768:7)
#9      RenderProxyBoxMixin.performLayout (package:flutter/src/rendering/proxy_box.dart:118:18)
#10     RenderObject.layout (package:flutter/src/rendering/object.dart:2768:7)
#11     RenderProxyBoxMixin.performLayout (package:flutter/src/rendering/proxy_box.dart:118:18)
#12     RenderObject.layout (package:flutter/src/rendering/object.dart:2768:7)
#13     RenderProxyBoxMixin.performLayout (package:flutter/src/rendering/proxy_box.dart:118:18)
#14     RenderObject.layout (package:flutter/src/rendering/object.dart:2768:7)
#15     RenderProxyBoxMixin.performLayout (package:flutter/src/rendering/proxy_box.dart:118:18)
#16     RenderObject.layout (package:flutter/src/rendering/object.dart:2768:7)
#17     RenderProxyBoxMixin.performLayout (package:flutter/src/rendering/proxy_box.dart:118:18)
#18     RenderObject.layout (package:flutter/src/rendering/object.dart:2768:7)
#19     RenderProxyBoxMixin.performLayout (package:flutter/src/rendering/proxy_box.dart:118:18)
#20     RenderObject.layout (package:flutter/src/rendering/object.dart:2768:7)
#21     RenderProxyBoxMixin.performLayout (package:flutter/src/rendering/proxy_box.dart:118:18)
#22     RenderObject.layout (package:flutter/src/rendering/object.dart:2768:7)
#23     RenderProxyBoxMixin.performLayout (package:flutter/src/rendering/proxy_box.dart:118:18)
#24     _RenderCustomClip.performLayout (package:flutter/src/rendering/proxy_box.dart:1549:11)
#25     RenderObject.layout (package:flutter/src/rendering/object.dart:2768:7)
#26     RenderPadding.performLayout (package:flutter/src/rendering/shifted_box.dart:262:12)
#27     RenderObject.layout (package:flutter/src/rendering/object.dart:2768:7)
#28     _RenderLayoutBuilder.performLayout (package:flutter/src/widgets/layout_builder.dart:449:14)
#29     RenderObject.layout (package:flutter/src/rendering/object.dart:2768:7)
#30     MultiChildLayoutDelegate.layoutChild (package:flutter/src/rendering/custom_layout.dart:180:12)
#31     _ScaffoldLayout.performLayout (package:flutter/src/material/scaffold.dart:1113:7)
#32     MultiChildLayoutDelegate._callPerformLayout (package:flutter/src/rendering/custom_layout.dart:246:7)
#33     RenderCustomMultiChildLayoutBox.performLayout (package:flutter/src/rendering/custom_layout.dart:417:14)
#34     RenderObject.layout (package:flutter/src/rendering/object.dart:2768:7)
#35     RenderProxyBoxMixin.performLayout (package:flutter/src/rendering/proxy_box.dart:118:18)
#36     RenderObject.layout (package:flutter/src/rendering/object.dart:2768:7)
#37     RenderProxyBoxMixin.performLayout (package:flutter/src/rendering/proxy_box.dart:118:18)
#38     _RenderCustomClip.performLayout (package:flutter/src/rendering/proxy_box.dart:1549:11)
#39     RenderObject.layout (package:flutter/src/rendering/object.dart:2768:7)
#40     RenderProxyBoxMixin.performLayout (package:flutter/src/rendering/proxy_box.dart:118:18)
#41     RenderObject.layout (package:flutter/src/rendering/object.dart:2768:7)
#42     RenderProxyBoxMixin.performLayout (package:flutter/src/rendering/proxy_box.dart:118:18)
#43     RenderObject.layout (package:flutter/src/rendering/object.dart:2768:7)
#44     RenderProxyBoxMixin.performLayout (package:flutter/src/rendering/proxy_box.dart:118:18)
#45     RenderObject.layout (package:flutter/src/rendering/object.dart:2768:7)
#46     RenderProxyBoxMixin.performLayout (package:flutter/src/rendering/proxy_box.dart:118:18)
#47     RenderObject.layout (package:flutter/src/rendering/object.dart:2768:7)
#48     RenderProxyBoxMixin.performLayout (package:flutter/src/rendering/proxy_box.dart:118:18)
#49     RenderObject.layout (package:flutter/src/rendering/object.dart:2768:7)
#50     RenderProxyBoxMixin.performLayout (package:flutter/src/rendering/proxy_box.dart:118:18)
#51     RenderObject.layout (package:flutter/src/rendering/object.dart:2768:7)
#52     RenderProxyBoxMixin.performLayout (package:flutter/src/rendering/proxy_box.dart:118:18)
#53     RenderObject.layout (package:flutter/src/rendering/object.dart:2768:7)
#54     RenderProxyBoxMixin.performLayout (package:flutter/src/rendering/proxy_box.dart:118:18)
#55     RenderObject.layout (package:flutter/src/rendering/object.dart:2768:7)
#56     RenderProxyBoxMixin.performLayout (package:flutter/src/rendering/proxy_box.dart:118:18)
#57     RenderObject.layout (package:flutter/src/rendering/object.dart:2768:7)
#58     RenderProxyBoxMixin.performLayout (package:flutter/src/rendering/proxy_box.dart:118:18)
#59     RenderObject.layout (package:flutter/src/rendering/object.dart:2768:7)
#60     RenderProxyBoxMixin.performLayout (package:flutter/src/rendering/proxy_box.dart:118:18)
#61     RenderObject.layout (package:flutter/src/rendering/object.dart:2768:7)
#62     RenderProxyBoxMixin.performLayout (package:flutter/src/rendering/proxy_box.dart:118:18)
#63     RenderObject.layout (package:flutter/src/rendering/object.dart:2768:7)
#64     RenderProxyBoxMixin.performLayout (package:flutter/src/rendering/proxy_box.dart:118:18)
#65     RenderObject.layout (package:flutter/src/rendering/object.dart:2768:7)
#66     RenderProxyBoxMixin.performLayout (package:flutter/src/rendering/proxy_box.dart:118:18)
#67     RenderObject.layout (package:flutter/src/rendering/object.dart:2768:7)
#68     RenderProxyBoxMixin.performLayout (package:flutter/src/rendering/proxy_box.dart:118:18)
#69     RenderObject.layout (package:flutter/src/rendering/object.dart:2768:7)
#70     RenderProxyBoxMixin.performLayout (package:flutter/src/rendering/proxy_box.dart:118:18)
#71     RenderOffstage.performLayout (package:flutter/src/rendering/proxy_box.dart:3923:13)
#72     RenderObject.layout (package:flutter/src/rendering/object.dart:2768:7)
#73     RenderProxyBoxMixin.performLayout (package:flutter/src/rendering/proxy_box.dart:118:18)
#74     RenderObject.layout (package:flutter/src/rendering/object.dart:2768:7)
#75     _RenderTheaterMixin.layoutChild (package:flutter/src/widgets/overlay.dart:1084:13)
#76     _RenderTheater.performLayout (package:flutter/src/widgets/overlay.dart:1429:9)
#77     RenderObject.layout (package:flutter/src/rendering/object.dart:2768:7)
#78     RenderProxyBoxMixin.performLayout (package:flutter/src/rendering/proxy_box.dart:118:18)
#79     RenderObject.layout (package:flutter/src/rendering/object.dart:2768:7)
#80     RenderProxyBoxMixin.performLayout (package:flutter/src/rendering/proxy_box.dart:118:18)
#81     RenderObject.layout (package:flutter/src/rendering/object.dart:2768:7)
#82     RenderProxyBoxMixin.performLayout (package:flutter/src/rendering/proxy_box.dart:118:18)
#83     RenderObject.layout (package:flutter/src/rendering/object.dart:2768:7)
#84     RenderProxyBoxMixin.performLayout (package:flutter/src/rendering/proxy_box.dart:118:18)
#85     RenderCustomPaint.performLayout (package:flutter/src/rendering/custom_paint.dart:574:11)
#86     RenderObject.layout (package:flutter/src/rendering/object.dart:2768:7)
#87     RenderProxyBoxMixin.performLayout (package:flutter/src/rendering/proxy_box.dart:118:18)
#88     RenderObject.layout (package:flutter/src/rendering/object.dart:2768:7)
#89     RenderProxyBoxMixin.performLayout (package:flutter/src/rendering/proxy_box.dart:118:18)
#90     RenderObject.layout (package:flutter/src/rendering/object.dart:2768:7)
#91     RenderProxyBoxMixin.performLayout (package:flutter/src/rendering/proxy_box.dart:118:18)
#92     RenderObject.layout (package:flutter/src/rendering/object.dart:2768:7)
#93     RenderProxyBoxMixin.performLayout (package:flutter/src/rendering/proxy_box.dart:118:18)
#94     RenderObject.layout (package:flutter/src/rendering/object.dart:2768:7)
#95     RenderProxyBoxMixin.performLayout (package:flutter/src/rendering/proxy_box.dart:118:18)
#96     RenderObject.layout (package:flutter/src/rendering/object.dart:2768:7)
#97     RenderProxyBoxMixin.performLayout (package:flutter/src/rendering/proxy_box.dart:118:18)
#98     RenderObject.layout (package:flutter/src/rendering/object.dart:2768:7)
#99     RenderView.performLayout (package:flutter/src/rendering/view.dart:292:12)
#100    RenderObject._layoutWithoutResize (package:flutter/src/rendering/object.dart:2616:7)
#101    PipelineOwner.flushLayout (package:flutter/src/rendering/object.dart:1174:18)
#102    PipelineOwner.flushLayout (package:flutter/src/rendering/object.dart:1187:15)
#103    AutomatedTestWidgetsFlutterBinding.drawFrame (package:flutter_test/src/binding.dart:2133:27)
#104    RendererBinding._handlePersistentFrameCallback (package:flutter/src/rendering/binding.dart:495:5)
#105    SchedulerBinding._invokeFrameCallback (package:flutter/src/scheduler/binding.dart:1430:15)
#106    SchedulerBinding.handleDrawFrame (package:flutter/src/scheduler/binding.dart:1345:9)
#107    AutomatedTestWidgetsFlutterBinding.pump.<anonymous closure> (package:flutter_test/src/binding.dart:1960:9)
#110    TestAsyncUtils.guard (package:flutter_test/src/test_async_utils.dart:74:41)
#111    AutomatedTestWidgetsFlutterBinding.pump (package:flutter_test/src/binding.dart:1949:27)
#112    WidgetTester.pumpWidget.<anonymous closure> (package:flutter_test/src/widget_tester.dart:598:22)
#115    TestAsyncUtils.guard (package:flutter_test/src/test_async_utils.dart:74:41)
#116    WidgetTester.pumpWidget (package:flutter_test/src/widget_tester.dart:595:27)
#117    main.<anonymous closure>.<anonymous closure> (file:///C:/Users/bhara/StudioProjects/simple_billing_app/test/widget/billing_screen_test.dart:63:20)
#118    testWidgets.<anonymous closure>.<anonymous closure> (package:flutter_test/src/widget_tester.dart:192:29)
<asynchronous suspension>
#119    TestWidgetsFlutterBinding._runTestBody (package:flutter_test/src/binding.dart:1682:5)
<asynchronous suspension>
<asynchronous suspension>
(elided 7 frames from class _AssertionError, dart:async, and package:stack_trace)

The following RenderObject was being processed when the exception was fired: RenderFlex#20d36 relayoutBoundary=up12 NEEDS-LAYOUT NEEDS-PAINT NEEDS-COMPOSITING-BITS-UPDATE:
  creator: Row ΓåÉ _SingleChildViewport ΓåÉ IgnorePointer-[GlobalKey#83367] ΓåÉ Semantics ΓåÉ Listener ΓåÉ
    _GestureSemantics ΓåÉ RawGestureDetector-[LabeledGlobalKey<RawGestureDetectorState>#82809] ΓåÉ
    Listener ΓåÉ _ScrollableScope ΓåÉ _ScrollSemantics-[GlobalKey#28331] ΓåÉ
    NotificationListener<ScrollMetricsNotification> ΓåÉ Transform ΓåÉ Γï»
  parentData: <none> (can use size)
  constraints: BoxConstraints(0.0<=w<=1136.0, 0.0<=h<=Infinity)
  size: MISSING
  direction: horizontal
  mainAxisAlignment: start
  mainAxisSize: max
  crossAxisAlignment: start
  textDirection: ltr
  verticalDirection: down
  spacing: 0.0
This RenderObject had the following descendants (showing up to depth 5):
    child 1: RenderFlex#114d2 relayoutBoundary=up13 NEEDS-PAINT NEEDS-COMPOSITING-BITS-UPDATE
      child 1: RenderDecoratedBox#891d2 relayoutBoundary=up14 NEEDS-PAINT NEEDS-COMPOSITING-BITS-UPDATE
        child: RenderPadding#709f6 relayoutBoundary=up15 NEEDS-PAINT NEEDS-COMPOSITING-BITS-UPDATE
          child: RenderFlex#2b1fb relayoutBoundary=up16 NEEDS-PAINT NEEDS-COMPOSITING-BITS-UPDATE
            child 1: RenderParagraph#8f056 relayoutBoundary=up17 NEEDS-PAINT
            child 2: RenderConstrainedBox#86704 relayoutBoundary=up17 NEEDS-PAINT
            child 3: RenderSemanticsGestureHandler#e4792 relayoutBoundary=up17 NEEDS-PAINT NEEDS-COMPOSITING-BITS-UPDATE
      child 2: RenderConstrainedBox#a4033 NEEDS-LAYOUT NEEDS-PAINT
      child 3: RenderDecoratedBox#bbc8b NEEDS-LAYOUT NEEDS-PAINT NEEDS-COMPOSITING-BITS-UPDATE
        child: RenderPadding#feab6 NEEDS-LAYOUT NEEDS-PAINT NEEDS-COMPOSITING-BITS-UPDATE
          child: RenderFlex#c9906 NEEDS-LAYOUT NEEDS-PAINT NEEDS-COMPOSITING-BITS-UPDATE
            child 1: RenderParagraph#7dc9b NEEDS-LAYOUT NEEDS-PAINT
            child 2: RenderConstrainedBox#eecf8 NEEDS-LAYOUT NEEDS-PAINT
            child 3: RenderFlex#77d25 NEEDS-LAYOUT NEEDS-PAINT NEEDS-COMPOSITING-BITS-UPDATE
      child 4: RenderConstrainedBox#4e4da NEEDS-LAYOUT NEEDS-PAINT
      child 5: RenderDecoratedBox#915b9 NEEDS-LAYOUT NEEDS-PAINT NEEDS-COMPOSITING-BITS-UPDATE
        child: RenderPadding#c9fcc NEEDS-LAYOUT NEEDS-PAINT NEEDS-COMPOSITING-BITS-UPDATE
          child: RenderDecoratedBox#953c7 NEEDS-LAYOUT NEEDS-PAINT NEEDS-COMPOSITING-BITS-UPDATE
            child: RenderPadding#5c58a NEEDS-LAYOUT NEEDS-PAINT NEEDS-COMPOSITING-BITS-UPDATE
      child 6: RenderConstrainedBox#77b31 NEEDS-LAYOUT NEEDS-PAINT
      child 7: RenderDecoratedBox#e5353 NEEDS-LAYOUT NEEDS-PAINT NEEDS-COMPOSITING-BITS-UPDATE
        child: RenderPadding#6a4ef NEEDS-LAYOUT NEEDS-PAINT NEEDS-COMPOSITING-BITS-UPDATE
          child: RenderFlex#74b70 NEEDS-LAYOUT NEEDS-PAINT NEEDS-COMPOSITING-BITS-UPDATE
            child 1: RenderPadding#77bc6 NEEDS-LAYOUT NEEDS-PAINT NEEDS-COMPOSITING-BITS-UPDATE
            child 2: RenderDecoratedBox#dc937 NEEDS-LAYOUT NEEDS-PAINT NEEDS-COMPOSITING-BITS-UPDATE
            child 3: RenderPadding#27f5a NEEDS-LAYOUT NEEDS-PAINT NEEDS-COMPOSITING-BITS-UPDATE
ΓòÉΓòÉΓòÉΓòÉΓòÉΓòÉΓòÉΓòÉΓòÉΓòÉΓòÉΓòÉΓòÉΓòÉΓòÉΓòÉΓòÉΓòÉΓòÉΓòÉΓòÉΓòÉΓòÉΓòÉΓòÉΓòÉΓòÉΓòÉΓòÉΓòÉΓòÉΓòÉΓòÉΓòÉΓòÉΓòÉΓòÉΓòÉΓòÉΓòÉΓòÉΓòÉΓòÉΓòÉΓòÉΓòÉΓòÉΓòÉΓòÉΓòÉΓòÉΓòÉΓòÉΓòÉΓòÉΓòÉΓòÉΓòÉΓòÉΓòÉΓòÉΓòÉΓòÉΓòÉΓòÉΓòÉΓòÉΓòÉΓòÉΓòÉΓòÉΓòÉΓòÉΓòÉΓòÉΓòÉΓòÉΓòÉΓòÉΓòÉΓòÉΓòÉΓòÉΓòÉΓòÉΓòÉΓòÉΓòÉΓòÉΓòÉΓòÉΓòÉΓòÉΓòÉΓòÉΓòÉΓòÉΓòÉΓòÉΓòÉ
ΓòÉΓòÉΓòí EXCEPTION CAUGHT BY RENDERING LIBRARY Γò₧ΓòÉΓòÉΓòÉΓòÉΓòÉΓòÉΓòÉΓòÉΓòÉΓòÉΓòÉΓòÉΓòÉΓòÉΓòÉΓòÉΓòÉΓòÉΓòÉΓòÉΓòÉΓòÉΓòÉΓòÉΓòÉΓòÉΓòÉΓòÉΓòÉΓòÉΓòÉΓòÉΓòÉΓòÉΓòÉΓòÉΓòÉΓòÉΓòÉΓòÉΓòÉΓòÉΓòÉΓòÉΓòÉΓòÉΓòÉΓòÉΓòÉΓòÉΓòÉΓòÉΓòÉΓòÉΓòÉΓòÉΓòÉ
The following assertion was thrown during performLayout():
RenderBox was not laid out: RenderFlex#20d36 relayoutBoundary=up12 NEEDS-PAINT
NEEDS-COMPOSITING-BITS-UPDATE
'package:flutter/src/rendering/box.dart':
Failed assertion: line 2251 pos 12: 'hasSize'

Either the assertion indicates an error in the framework itself, or we should provide substantially
more information in this error message to help you determine and fix the underlying cause.
In either case, please report this assertion by filing a bug on GitHub:
  https://github.com/flutter/flutter/issues/new?template=02_bug.yml

The relevant error-causing widget was:
  SingleChildScrollView
  SingleChildScrollView:file:///C:/Users/bhara/StudioProjects/simple_billing_app/lib/views/screens/billing_screen.dart:240:14

When the exception was thrown, this was the stack:
#2      RenderBox.size (package:flutter/src/rendering/box.dart:2251:12)
#3      _RenderSingleChildViewport.performLayout (package:flutter/src/widgets/single_child_scroll_view.dart:503:43)
#4      RenderObject.layout (package:flutter/src/rendering/object.dart:2768:7)
#5      RenderProxyBoxMixin.performLayout (package:flutter/src/rendering/proxy_box.dart:118:18)
#6      RenderObject.layout (package:flutter/src/rendering/object.dart:2768:7)
#7      RenderProxyBoxMixin.performLayout (package:flutter/src/rendering/proxy_box.dart:118:18)
#8      RenderObject.layout (package:flutter/src/rendering/object.dart:2768:7)
#9      RenderProxyBoxMixin.performLayout (package:flutter/src/rendering/proxy_box.dart:118:18)
#10     RenderObject.layout (package:flutter/src/rendering/object.dart:2768:7)
#11     RenderProxyBoxMixin.performLayout (package:flutter/src/rendering/proxy_box.dart:118:18)
#12     RenderObject.layout (package:flutter/src/rendering/object.dart:2768:7)
#13     RenderProxyBoxMixin.performLayout (package:flutter/src/rendering/proxy_box.dart:118:18)
#14     RenderObject.layout (package:flutter/src/rendering/object.dart:2768:7)
#15     RenderProxyBoxMixin.performLayout (package:flutter/src/rendering/proxy_box.dart:118:18)
#16     RenderObject.layout (package:flutter/src/rendering/object.dart:2768:7)
#17     RenderProxyBoxMixin.performLayout (package:flutter/src/rendering/proxy_box.dart:118:18)
#18     RenderObject.layout (package:flutter/src/rendering/object.dart:2768:7)
#19     RenderProxyBoxMixin.performLayout (package:flutter/src/rendering/proxy_box.dart:118:18)
#20     _RenderCustomClip.performLayout (package:flutter/src/rendering/proxy_box.dart:1549:11)
#21     RenderObject.layout (package:flutter/src/rendering/object.dart:2768:7)
#22     RenderPadding.performLayout (package:flutter/src/rendering/shifted_box.dart:262:12)
#23     RenderObject.layout (package:flutter/src/rendering/object.dart:2768:7)
#24     _RenderLayoutBuilder.performLayout (package:flutter/src/widgets/layout_builder.dart:449:14)
#25     RenderObject.layout (package:flutter/src/rendering/object.dart:2768:7)
#26     MultiChildLayoutDelegate.layoutChild (package:flutter/src/rendering/custom_layout.dart:180:12)
#27     _ScaffoldLayout.performLayout (package:flutter/src/material/scaffold.dart:1113:7)
#28     MultiChildLayoutDelegate._callPerformLayout (package:flutter/src/rendering/custom_layout.dart:246:7)
#29     RenderCustomMultiChildLayoutBox.performLayout (package:flutter/src/rendering/custom_layout.dart:417:14)
#30     RenderObject.layout (package:flutter/src/rendering/object.dart:2768:7)
#31     RenderProxyBoxMixin.performLayout (package:flutter/src/rendering/proxy_box.dart:118:18)
#32     RenderObject.layout (package:flutter/src/rendering/object.dart:2768:7)
#33     RenderProxyBoxMixin.performLayout (package:flutter/src/rendering/proxy_box.dart:118:18)
#34     _RenderCustomClip.performLayout (package:flutter/src/rendering/proxy_box.dart:1549:11)
#35     RenderObject.layout (package:flutter/src/rendering/object.dart:2768:7)
#36     RenderProxyBoxMixin.performLayout (package:flutter/src/rendering/proxy_box.dart:118:18)
#37     RenderObject.layout (package:flutter/src/rendering/object.dart:2768:7)
#38     RenderProxyBoxMixin.performLayout (package:flutter/src/rendering/proxy_box.dart:118:18)
#39     RenderObject.layout (package:flutter/src/rendering/object.dart:2768:7)
#40     RenderProxyBoxMixin.performLayout (package:flutter/src/rendering/proxy_box.dart:118:18)
#41     RenderObject.layout (package:flutter/src/rendering/object.dart:2768:7)
#42     RenderProxyBoxMixin.performLayout (package:flutter/src/rendering/proxy_box.dart:118:18)
#43     RenderObject.layout (package:flutter/src/rendering/object.dart:2768:7)
#44     RenderProxyBoxMixin.performLayout (package:flutter/src/rendering/proxy_box.dart:118:18)
#45     RenderObject.layout (package:flutter/src/rendering/object.dart:2768:7)
#46     RenderProxyBoxMixin.performLayout (package:flutter/src/rendering/proxy_box.dart:118:18)
#47     RenderObject.layout (package:flutter/src/rendering/object.dart:2768:7)
#48     RenderProxyBoxMixin.performLayout (package:flutter/src/rendering/proxy_box.dart:118:18)
#49     RenderObject.layout (package:flutter/src/rendering/object.dart:2768:7)
#50     RenderProxyBoxMixin.performLayout (package:flutter/src/rendering/proxy_box.dart:118:18)
#51     RenderObject.layout (package:flutter/src/rendering/object.dart:2768:7)
#52     RenderProxyBoxMixin.performLayout (package:flutter/src/rendering/proxy_box.dart:118:18)
#53     RenderObject.layout (package:flutter/src/rendering/object.dart:2768:7)
#54     RenderProxyBoxMixin.performLayout (package:flutter/src/rendering/proxy_box.dart:118:18)
#55     RenderObject.layout (package:flutter/src/rendering/object.dart:2768:7)
#56     RenderProxyBoxMixin.performLayout (package:flutter/src/rendering/proxy_box.dart:118:18)
#57     RenderObject.layout (package:flutter/src/rendering/object.dart:2768:7)
#58     RenderProxyBoxMixin.performLayout (package:flutter/src/rendering/proxy_box.dart:118:18)
#59     RenderObject.layout (package:flutter/src/rendering/object.dart:2768:7)
#60     RenderProxyBoxMixin.performLayout (package:flutter/src/rendering/proxy_box.dart:118:18)
#61     RenderObject.layout (package:flutter/src/rendering/object.dart:2768:7)
#62     RenderProxyBoxMixin.performLayout (package:flutter/src/rendering/proxy_box.dart:118:18)
#63     RenderObject.layout (package:flutter/src/rendering/object.dart:2768:7)
#64     RenderProxyBoxMixin.performLayout (package:flutter/src/rendering/proxy_box.dart:118:18)
#65     RenderObject.layout (package:flutter/src/rendering/object.dart:2768:7)
#66     RenderProxyBoxMixin.performLayout (package:flutter/src/rendering/proxy_box.dart:118:18)
#67     RenderOffstage.performLayout (package:flutter/src/rendering/proxy_box.dart:3923:13)
#68     RenderObject.layout (package:flutter/src/rendering/object.dart:2768:7)
#69     RenderProxyBoxMixin.performLayout (package:flutter/src/rendering/proxy_box.dart:118:18)
#70     RenderObject.layout (package:flutter/src/rendering/object.dart:2768:7)
#71     _RenderTheaterMixin.layoutChild (package:flutter/src/widgets/overlay.dart:1084:13)
#72     _RenderTheater.performLayout (package:flutter/src/widgets/overlay.dart:1429:9)
#73     RenderObject.layout (package:flutter/src/rendering/object.dart:2768:7)
#74     RenderProxyBoxMixin.performLayout (package:flutter/src/rendering/proxy_box.dart:118:18)
#75     RenderObject.layout (package:flutter/src/rendering/object.dart:2768:7)
#76     RenderProxyBoxMixin.performLayout (package:flutter/src/rendering/proxy_box.dart:118:18)
#77     RenderObject.layout (package:flutter/src/rendering/object.dart:2768:7)
#78     RenderProxyBoxMixin.performLayout (package:flutter/src/rendering/proxy_box.dart:118:18)
#79     RenderObject.layout (package:flutter/src/rendering/object.dart:2768:7)
#80     RenderProxyBoxMixin.performLayout (package:flutter/src/rendering/proxy_box.dart:118:18)
#81     RenderCustomPaint.performLayout (package:flutter/src/rendering/custom_paint.dart:574:11)
#82     RenderObject.layout (package:flutter/src/rendering/object.dart:2768:7)
#83     RenderProxyBoxMixin.performLayout (package:flutter/src/rendering/proxy_box.dart:118:18)
#84     RenderObject.layout (package:flutter/src/rendering/object.dart:2768:7)
#85     RenderProxyBoxMixin.performLayout (package:flutter/src/rendering/proxy_box.dart:118:18)
#86     RenderObject.layout (package:flutter/src/rendering/object.dart:2768:7)
#87     RenderProxyBoxMixin.performLayout (package:flutter/src/rendering/proxy_box.dart:118:18)
#88     RenderObject.layout (package:flutter/src/rendering/object.dart:2768:7)
#89     RenderProxyBoxMixin.performLayout (package:flutter/src/rendering/proxy_box.dart:118:18)
#90     RenderObject.layout (package:flutter/src/rendering/object.dart:2768:7)
#91     RenderProxyBoxMixin.performLayout (package:flutter/src/rendering/proxy_box.dart:118:18)
#92     RenderObject.layout (package:flutter/src/rendering/object.dart:2768:7)
#93     RenderProxyBoxMixin.performLayout (package:flutter/src/rendering/proxy_box.dart:118:18)
#94     RenderObject.layout (package:flutter/src/rendering/object.dart:2768:7)
#95     RenderView.performLayout (package:flutter/src/rendering/view.dart:292:12)
#96     RenderObject._layoutWithoutResize (package:flutter/src/rendering/object.dart:2616:7)
#97     PipelineOwner.flushLayout (package:flutter/src/rendering/object.dart:1174:18)
#98     PipelineOwner.flushLayout (package:flutter/src/rendering/object.dart:1187:15)
#99     AutomatedTestWidgetsFlutterBinding.drawFrame (package:flutter_test/src/binding.dart:2133:27)
#100    RendererBinding._handlePersistentFrameCallback (package:flutter/src/rendering/binding.dart:495:5)
#101    SchedulerBinding._invokeFrameCallback (package:flutter/src/scheduler/binding.dart:1430:15)
#102    SchedulerBinding.handleDrawFrame (package:flutter/src/scheduler/binding.dart:1345:9)
#103    AutomatedTestWidgetsFlutterBinding.pump.<anonymous closure> (package:flutter_test/src/binding.dart:1960:9)
#106    TestAsyncUtils.guard (package:flutter_test/src/test_async_utils.dart:74:41)
#107    AutomatedTestWidgetsFlutterBinding.pump (package:flutter_test/src/binding.dart:1949:27)
#108    WidgetTester.pumpWidget.<anonymous closure> (package:flutter_test/src/widget_tester.dart:598:22)
#111    TestAsyncUtils.guard (package:flutter_test/src/test_async_utils.dart:74:41)
#112    WidgetTester.pumpWidget (package:flutter_test/src/widget_tester.dart:595:27)
#113    main.<anonymous closure>.<anonymous closure> (file:///C:/Users/bhara/StudioProjects/simple_billing_app/test/widget/billing_screen_test.dart:63:20)
#114    testWidgets.<anonymous closure>.<anonymous closure> (package:flutter_test/src/widget_tester.dart:192:29)
<asynchronous suspension>
#115    TestWidgetsFlutterBinding._runTestBody (package:flutter_test/src/binding.dart:1682:5)
<asynchronous suspension>
<asynchronous suspension>
(elided 7 frames from class _AssertionError, dart:async, and package:stack_trace)

The following RenderObject was being processed when the exception was fired: _RenderSingleChildViewport#8a78f relayoutBoundary=up11 NEEDS-LAYOUT NEEDS-PAINT NEEDS-COMPOSITING-BITS-UPDATE:
  needs compositing
  creator: _SingleChildViewport ΓåÉ IgnorePointer-[GlobalKey#83367] ΓåÉ Semantics ΓåÉ Listener ΓåÉ
    _GestureSemantics ΓåÉ RawGestureDetector-[LabeledGlobalKey<RawGestureDetectorState>#82809] ΓåÉ
    Listener ΓåÉ _ScrollableScope ΓåÉ _ScrollSemantics-[GlobalKey#28331] ΓåÉ
    NotificationListener<ScrollMetricsNotification> ΓåÉ Transform ΓåÉ StretchEffect ΓåÉ Γï»
  parentData: <none> (can use size)
  constraints: BoxConstraints(0.0<=w<=1136.0, 0.0<=h<=613.0)
  size: MISSING
  offset: Offset(0.0, -0.0)
This RenderObject had the following descendants (showing up to depth 5):
    child: RenderFlex#20d36 relayoutBoundary=up12 NEEDS-PAINT NEEDS-COMPOSITING-BITS-UPDATE
      child 1: RenderFlex#114d2 relayoutBoundary=up13 NEEDS-PAINT NEEDS-COMPOSITING-BITS-UPDATE
        child 1: RenderDecoratedBox#891d2 relayoutBoundary=up14 NEEDS-PAINT NEEDS-COMPOSITING-BITS-UPDATE
          child: RenderPadding#709f6 relayoutBoundary=up15 NEEDS-PAINT NEEDS-COMPOSITING-BITS-UPDATE
            child: RenderFlex#2b1fb relayoutBoundary=up16 NEEDS-PAINT NEEDS-COMPOSITING-BITS-UPDATE
        child 2: RenderConstrainedBox#a4033 NEEDS-LAYOUT NEEDS-PAINT
        child 3: RenderDecoratedBox#bbc8b NEEDS-LAYOUT NEEDS-PAINT NEEDS-COMPOSITING-BITS-UPDATE
          child: RenderPadding#feab6 NEEDS-LAYOUT NEEDS-PAINT NEEDS-COMPOSITING-BITS-UPDATE
            child: RenderFlex#c9906 NEEDS-LAYOUT NEEDS-PAINT NEEDS-COMPOSITING-BITS-UPDATE
        child 4: RenderConstrainedBox#4e4da NEEDS-LAYOUT NEEDS-PAINT
        child 5: RenderDecoratedBox#915b9 NEEDS-LAYOUT NEEDS-PAINT NEEDS-COMPOSITING-BITS-UPDATE
          child: RenderPadding#c9fcc NEEDS-LAYOUT NEEDS-PAINT NEEDS-COMPOSITING-BITS-UPDATE
            child: RenderDecoratedBox#953c7 NEEDS-LAYOUT NEEDS-PAINT NEEDS-COMPOSITING-BITS-UPDATE
        child 6: RenderConstrainedBox#77b31 NEEDS-LAYOUT NEEDS-PAINT
        child 7: RenderDecoratedBox#e5353 NEEDS-LAYOUT NEEDS-PAINT NEEDS-COMPOSITING-BITS-UPDATE
          child: RenderPadding#6a4ef NEEDS-LAYOUT NEEDS-PAINT NEEDS-COMPOSITING-BITS-UPDATE
            child: RenderFlex#74b70 NEEDS-LAYOUT NEEDS-PAINT NEEDS-COMPOSITING-BITS-UPDATE
      child 2: RenderConstrainedBox#abb7d NEEDS-LAYOUT NEEDS-PAINT
      child 3: RenderConstrainedBox#516b3 NEEDS-LAYOUT NEEDS-PAINT NEEDS-COMPOSITING-BITS-UPDATE
        child: RenderDecoratedBox#9b574 NEEDS-LAYOUT NEEDS-PAINT NEEDS-COMPOSITING-BITS-UPDATE
          child: RenderPadding#37a8d NEEDS-LAYOUT NEEDS-PAINT NEEDS-COMPOSITING-BITS-UPDATE
            child: RenderFlex#a1e97 NEEDS-LAYOUT NEEDS-PAINT NEEDS-COMPOSITING-BITS-UPDATE
ΓòÉΓòÉΓòÉΓòÉΓòÉΓòÉΓòÉΓòÉΓòÉΓòÉΓòÉΓòÉΓòÉΓòÉΓòÉΓòÉΓòÉΓòÉΓòÉΓòÉΓòÉΓòÉΓòÉΓòÉΓòÉΓòÉΓòÉΓòÉΓòÉΓòÉΓòÉΓòÉΓòÉΓòÉΓòÉΓòÉΓòÉΓòÉΓòÉΓòÉΓòÉΓòÉΓòÉΓòÉΓòÉΓòÉΓòÉΓòÉΓòÉΓòÉΓòÉΓòÉΓòÉΓòÉΓòÉΓòÉΓòÉΓòÉΓòÉΓòÉΓòÉΓòÉΓòÉΓòÉΓòÉΓòÉΓòÉΓòÉΓòÉΓòÉΓòÉΓòÉΓòÉΓòÉΓòÉΓòÉΓòÉΓòÉΓòÉΓòÉΓòÉΓòÉΓòÉΓòÉΓòÉΓòÉΓòÉΓòÉΓòÉΓòÉΓòÉΓòÉΓòÉΓòÉΓòÉΓòÉΓòÉΓòÉΓòÉΓòÉ
ΓòÉΓòÉΓòí EXCEPTION CAUGHT BY RENDERING LIBRARY Γò₧ΓòÉΓòÉΓòÉΓòÉΓòÉΓòÉΓòÉΓòÉΓòÉΓòÉΓòÉΓòÉΓòÉΓòÉΓòÉΓòÉΓòÉΓòÉΓòÉΓòÉΓòÉΓòÉΓòÉΓòÉΓòÉΓòÉΓòÉΓòÉΓòÉΓòÉΓòÉΓòÉΓòÉΓòÉΓòÉΓòÉΓòÉΓòÉΓòÉΓòÉΓòÉΓòÉΓòÉΓòÉΓòÉΓòÉΓòÉΓòÉΓòÉΓòÉΓòÉΓòÉΓòÉΓòÉΓòÉΓòÉΓòÉ
The following assertion was thrown during performLayout():
RenderBox was not laid out: _RenderSingleChildViewport#8a78f relayoutBoundary=up11 NEEDS-PAINT
NEEDS-COMPOSITING-BITS-UPDATE
'package:flutter/src/rendering/box.dart':
Failed assertion: line 2251 pos 12: 'hasSize'

Either the assertion indicates an error in the framework itself, or we should provide substantially
more information in this error message to help you determine and fix the underlying cause.
In either case, please report this assertion by filing a bug on GitHub:
  https://github.com/flutter/flutter/issues/new?template=02_bug.yml

The relevant error-causing widget was:
  SingleChildScrollView
  SingleChildScrollView:file:///C:/Users/bhara/StudioProjects/simple_billing_app/lib/views/screens/billing_screen.dart:240:14

When the exception was thrown, this was the stack:
#2      RenderBox.size (package:flutter/src/rendering/box.dart:2251:12)
#3      RenderProxyBoxMixin.performLayout (package:flutter/src/rendering/proxy_box.dart:118:62)
#4      RenderObject.layout (package:flutter/src/rendering/object.dart:2768:7)
#5      RenderProxyBoxMixin.performLayout (package:flutter/src/rendering/proxy_box.dart:118:18)
#6      RenderObject.layout (package:flutter/src/rendering/object.dart:2768:7)
#7      RenderProxyBoxMixin.performLayout (package:flutter/src/rendering/proxy_box.dart:118:18)
#8      RenderObject.layout (package:flutter/src/rendering/object.dart:2768:7)
#9      RenderProxyBoxMixin.performLayout (package:flutter/src/rendering/proxy_box.dart:118:18)
#10     RenderObject.layout (package:flutter/src/rendering/object.dart:2768:7)
#11     RenderProxyBoxMixin.performLayout (package:flutter/src/rendering/proxy_box.dart:118:18)
#12     RenderObject.layout (package:flutter/src/rendering/object.dart:2768:7)
#13     RenderProxyBoxMixin.performLayout (package:flutter/src/rendering/proxy_box.dart:118:18)
#14     RenderObject.layout (package:flutter/src/rendering/object.dart:2768:7)
#15     RenderProxyBoxMixin.performLayout (package:flutter/src/rendering/proxy_box.dart:118:18)
#16     RenderObject.layout (package:flutter/src/rendering/object.dart:2768:7)
#17     RenderProxyBoxMixin.performLayout (package:flutter/src/rendering/proxy_box.dart:118:18)
#18     _RenderCustomClip.performLayout (package:flutter/src/rendering/proxy_box.dart:1549:11)
#19     RenderObject.layout (package:flutter/src/rendering/object.dart:2768:7)
#20     RenderPadding.performLayout (package:flutter/src/rendering/shifted_box.dart:262:12)
#21     RenderObject.layout (package:flutter/src/rendering/object.dart:2768:7)
#22     _RenderLayoutBuilder.performLayout (package:flutter/src/widgets/layout_builder.dart:449:14)
#23     RenderObject.layout (package:flutter/src/rendering/object.dart:2768:7)
#24     MultiChildLayoutDelegate.layoutChild (package:flutter/src/rendering/custom_layout.dart:180:12)
#25     _ScaffoldLayout.performLayout (package:flutter/src/material/scaffold.dart:1113:7)
#26     MultiChildLayoutDelegate._callPerformLayout (package:flutter/src/rendering/custom_layout.dart:246:7)
#27     RenderCustomMultiChildLayoutBox.performLayout (package:flutter/src/rendering/custom_layout.dart:417:14)
#28     RenderObject.layout (package:flutter/src/rendering/object.dart:2768:7)
#29     RenderProxyBoxMixin.performLayout (package:flutter/src/rendering/proxy_box.dart:118:18)
#30     RenderObject.layout (package:flutter/src/rendering/object.dart:2768:7)
#31     RenderProxyBoxMixin.performLayout (package:flutter/src/rendering/proxy_box.dart:118:18)
#32     _RenderCustomClip.performLayout (package:flutter/src/rendering/proxy_box.dart:1549:11)
#33     RenderObject.layout (package:flutter/src/rendering/object.dart:2768:7)
#34     RenderProxyBoxMixin.performLayout (package:flutter/src/rendering/proxy_box.dart:118:18)
#35     RenderObject.layout (package:flutter/src/rendering/object.dart:2768:7)
#36     RenderProxyBoxMixin.performLayout (package:flutter/src/rendering/proxy_box.dart:118:18)
#37     RenderObject.layout (package:flutter/src/rendering/object.dart:2768:7)
#38     RenderProxyBoxMixin.performLayout (package:flutter/src/rendering/proxy_box.dart:118:18)
#39     RenderObject.layout (package:flutter/src/rendering/object.dart:2768:7)
#40     RenderProxyBoxMixin.performLayout (package:flutter/src/rendering/proxy_box.dart:118:18)
#41     RenderObject.layout (package:flutter/src/rendering/object.dart:2768:7)
#42     RenderProxyBoxMixin.performLayout (package:flutter/src/rendering/proxy_box.dart:118:18)
#43     RenderObject.layout (package:flutter/src/rendering/object.dart:2768:7)
#44     RenderProxyBoxMixin.performLayout (package:flutter/src/rendering/proxy_box.dart:118:18)
#45     RenderObject.layout (package:flutter/src/rendering/object.dart:2768:7)
#46     RenderProxyBoxMixin.performLayout (package:flutter/src/rendering/proxy_box.dart:118:18)
#47     RenderObject.layout (package:flutter/src/rendering/object.dart:2768:7)
#48     RenderProxyBoxMixin.performLayout (package:flutter/src/rendering/proxy_box.dart:118:18)
#49     RenderObject.layout (package:flutter/src/rendering/object.dart:2768:7)
#50     RenderProxyBoxMixin.performLayout (package:flutter/src/rendering/proxy_box.dart:118:18)
#51     RenderObject.layout (package:flutter/src/rendering/object.dart:2768:7)
#52     RenderProxyBoxMixin.performLayout (package:flutter/src/rendering/proxy_box.dart:118:18)
#53     RenderObject.layout (package:flutter/src/rendering/object.dart:2768:7)
#54     RenderProxyBoxMixin.performLayout (package:flutter/src/rendering/proxy_box.dart:118:18)
#55     RenderObject.layout (package:flutter/src/rendering/object.dart:2768:7)
#56     RenderProxyBoxMixin.performLayout (package:flutter/src/rendering/proxy_box.dart:118:18)
#57     RenderObject.layout (package:flutter/src/rendering/object.dart:2768:7)
#58     RenderProxyBoxMixin.performLayout (package:flutter/src/rendering/proxy_box.dart:118:18)
#59     RenderObject.layout (package:flutter/src/rendering/object.dart:2768:7)
#60     RenderProxyBoxMixin.performLayout (package:flutter/src/rendering/proxy_box.dart:118:18)
#61     RenderObject.layout (package:flutter/src/rendering/object.dart:2768:7)
#62     RenderProxyBoxMixin.performLayout (package:flutter/src/rendering/proxy_box.dart:118:18)
#63     RenderObject.layout (package:flutter/src/rendering/object.dart:2768:7)
#64     RenderProxyBoxMixin.performLayout (package:flutter/src/rendering/proxy_box.dart:118:18)
#65     RenderOffstage.performLayout (package:flutter/src/rendering/proxy_box.dart:3923:13)
#66     RenderObject.layout (package:flutter/src/rendering/object.dart:2768:7)
#67     RenderProxyBoxMixin.performLayout (package:flutter/src/rendering/proxy_box.dart:118:18)
#68     RenderObject.layout (package:flutter/src/rendering/object.dart:2768:7)
#69     _RenderTheaterMixin.layoutChild (package:flutter/src/widgets/overlay.dart:1084:13)
#70     _RenderTheater.performLayout (package:flutter/src/widgets/overlay.dart:1429:9)
#71     RenderObject.layout (package:flutter/src/rendering/object.dart:2768:7)
#72     RenderProxyBoxMixin.performLayout (package:flutter/src/rendering/proxy_box.dart:118:18)
#73     RenderObject.layout (package:flutter/src/rendering/object.dart:2768:7)
#74     RenderProxyBoxMixin.performLayout (package:flutter/src/rendering/proxy_box.dart:118:18)
#75     RenderObject.layout (package:flutter/src/rendering/object.dart:2768:7)
#76     RenderProxyBoxMixin.performLayout (package:flutter/src/rendering/proxy_box.dart:118:18)
#77     RenderObject.layout (package:flutter/src/rendering/object.dart:2768:7)
#78     RenderProxyBoxMixin.performLayout (package:flutter/src/rendering/proxy_box.dart:118:18)
#79     RenderCustomPaint.performLayout (package:flutter/src/rendering/custom_paint.dart:574:11)
#80     RenderObject.layout (package:flutter/src/rendering/object.dart:2768:7)
#81     RenderProxyBoxMixin.performLayout (package:flutter/src/rendering/proxy_box.dart:118:18)
#82     RenderObject.layout (package:flutter/src/rendering/object.dart:2768:7)
#83     RenderProxyBoxMixin.performLayout (package:flutter/src/rendering/proxy_box.dart:118:18)
#84     RenderObject.layout (package:flutter/src/rendering/object.dart:2768:7)
#85     RenderProxyBoxMixin.performLayout (package:flutter/src/rendering/proxy_box.dart:118:18)
#86     RenderObject.layout (package:flutter/src/rendering/object.dart:2768:7)
#87     RenderProxyBoxMixin.performLayout (package:flutter/src/rendering/proxy_box.dart:118:18)
#88     RenderObject.layout (package:flutter/src/rendering/object.dart:2768:7)
#89     RenderProxyBoxMixin.performLayout (package:flutter/src/rendering/proxy_box.dart:118:18)
#90     RenderObject.layout (package:flutter/src/rendering/object.dart:2768:7)
#91     RenderProxyBoxMixin.performLayout (package:flutter/src/rendering/proxy_box.dart:118:18)
#92     RenderObject.layout (package:flutter/src/rendering/object.dart:2768:7)
#93     RenderView.performLayout (package:flutter/src/rendering/view.dart:292:12)
#94     RenderObject._layoutWithoutResize (package:flutter/src/rendering/object.dart:2616:7)
#95     PipelineOwner.flushLayout (package:flutter/src/rendering/object.dart:1174:18)
#96     PipelineOwner.flushLayout (package:flutter/src/rendering/object.dart:1187:15)
#97     AutomatedTestWidgetsFlutterBinding.drawFrame (package:flutter_test/src/binding.dart:2133:27)
#98     RendererBinding._handlePersistentFrameCallback (package:flutter/src/rendering/binding.dart:495:5)
#99     SchedulerBinding._invokeFrameCallback (package:flutter/src/scheduler/binding.dart:1430:15)
#100    SchedulerBinding.handleDrawFrame (package:flutter/src/scheduler/binding.dart:1345:9)
#101    AutomatedTestWidgetsFlutterBinding.pump.<anonymous closure> (package:flutter_test/src/binding.dart:1960:9)
#104    TestAsyncUtils.guard (package:flutter_test/src/test_async_utils.dart:74:41)
#105    AutomatedTestWidgetsFlutterBinding.pump (package:flutter_test/src/binding.dart:1949:27)
#106    WidgetTester.pumpWidget.<anonymous closure> (package:flutter_test/src/widget_tester.dart:598:22)
#109    TestAsyncUtils.guard (package:flutter_test/src/test_async_utils.dart:74:41)
#110    WidgetTester.pumpWidget (package:flutter_test/src/widget_tester.dart:595:27)
#111    main.<anonymous closure>.<anonymous closure> (file:///C:/Users/bhara/StudioProjects/simple_billing_app/test/widget/billing_screen_test.dart:63:20)
#112    testWidgets.<anonymous closure>.<anonymous closure> (package:flutter_test/src/widget_tester.dart:192:29)
<asynchronous suspension>
#113    TestWidgetsFlutterBinding._runTestBody (package:flutter_test/src/binding.dart:1682:5)
<asynchronous suspension>
<asynchronous suspension>
(elided 7 frames from class _AssertionError, dart:async, and package:stack_trace)

The following RenderObject was being processed when the exception was fired: RenderIgnorePointer#e8e6c relayoutBoundary=up10 NEEDS-LAYOUT NEEDS-PAINT NEEDS-COMPOSITING-BITS-UPDATE:
  creator: IgnorePointer-[GlobalKey#83367] ΓåÉ Semantics ΓåÉ Listener ΓåÉ _GestureSemantics ΓåÉ
    RawGestureDetector-[LabeledGlobalKey<RawGestureDetectorState>#82809] ΓåÉ Listener ΓåÉ _ScrollableScope
    ΓåÉ _ScrollSemantics-[GlobalKey#28331] ΓåÉ NotificationListener<ScrollMetricsNotification> ΓåÉ Transform
    ΓåÉ StretchEffect ΓåÉ ClipRect ΓåÉ Γï»
  parentData: <none> (can use size)
  constraints: BoxConstraints(0.0<=w<=1136.0, 0.0<=h<=613.0)
  size: MISSING
  ignoring: false
  ignoringSemantics: null
This RenderObject had the following descendants (showing up to depth 5):
    child: _RenderSingleChildViewport#8a78f relayoutBoundary=up11 NEEDS-PAINT NEEDS-COMPOSITING-BITS-UPDATE
      child: RenderFlex#20d36 relayoutBoundary=up12 NEEDS-PAINT NEEDS-COMPOSITING-BITS-UPDATE
        child 1: RenderFlex#114d2 relayoutBoundary=up13 NEEDS-PAINT NEEDS-COMPOSITING-BITS-UPDATE
          child 1: RenderDecoratedBox#891d2 relayoutBoundary=up14 NEEDS-PAINT NEEDS-COMPOSITING-BITS-UPDATE
            child: RenderPadding#709f6 relayoutBoundary=up15 NEEDS-PAINT NEEDS-COMPOSITING-BITS-UPDATE
          child 2: RenderConstrainedBox#a4033 NEEDS-LAYOUT NEEDS-PAINT
          child 3: RenderDecoratedBox#bbc8b NEEDS-LAYOUT NEEDS-PAINT NEEDS-COMPOSITING-BITS-UPDATE
            child: RenderPadding#feab6 NEEDS-LAYOUT NEEDS-PAINT NEEDS-COMPOSITING-BITS-UPDATE
          child 4: RenderConstrainedBox#4e4da NEEDS-LAYOUT NEEDS-PAINT
          child 5: RenderDecoratedBox#915b9 NEEDS-LAYOUT NEEDS-PAINT NEEDS-COMPOSITING-BITS-UPDATE
            child: RenderPadding#c9fcc NEEDS-LAYOUT NEEDS-PAINT NEEDS-COMPOSITING-BITS-UPDATE
          child 6: RenderConstrainedBox#77b31 NEEDS-LAYOUT NEEDS-PAINT
          child 7: RenderDecoratedBox#e5353 NEEDS-LAYOUT NEEDS-PAINT NEEDS-COMPOSITING-BITS-UPDATE
            child: RenderPadding#6a4ef NEEDS-LAYOUT NEEDS-PAINT NEEDS-COMPOSITING-BITS-UPDATE
        child 2: RenderConstrainedBox#abb7d NEEDS-LAYOUT NEEDS-PAINT
        child 3: RenderConstrainedBox#516b3 NEEDS-LAYOUT NEEDS-PAINT NEEDS-COMPOSITING-BITS-UPDATE
          child: RenderDecoratedBox#9b574 NEEDS-LAYOUT NEEDS-PAINT NEEDS-COMPOSITING-BITS-UPDATE
            child: RenderPadding#37a8d NEEDS-LAYOUT NEEDS-PAINT NEEDS-COMPOSITING-BITS-UPDATE
ΓòÉΓòÉΓòÉΓòÉΓòÉΓòÉΓòÉΓòÉΓòÉΓòÉΓòÉΓòÉΓòÉΓòÉΓòÉΓòÉΓòÉΓòÉΓòÉΓòÉΓòÉΓòÉΓòÉΓòÉΓòÉΓòÉΓòÉΓòÉΓòÉΓòÉΓòÉΓòÉΓòÉΓòÉΓòÉΓòÉΓòÉΓòÉΓòÉΓòÉΓòÉΓòÉΓòÉΓòÉΓòÉΓòÉΓòÉΓòÉΓòÉΓòÉΓòÉΓòÉΓòÉΓòÉΓòÉΓòÉΓòÉΓòÉΓòÉΓòÉΓòÉΓòÉΓòÉΓòÉΓòÉΓòÉΓòÉΓòÉΓòÉΓòÉΓòÉΓòÉΓòÉΓòÉΓòÉΓòÉΓòÉΓòÉΓòÉΓòÉΓòÉΓòÉΓòÉΓòÉΓòÉΓòÉΓòÉΓòÉΓòÉΓòÉΓòÉΓòÉΓòÉΓòÉΓòÉΓòÉΓòÉΓòÉΓòÉΓòÉ
ΓòÉΓòÉΓòí EXCEPTION CAUGHT BY RENDERING LIBRARY Γò₧ΓòÉΓòÉΓòÉΓòÉΓòÉΓòÉΓòÉΓòÉΓòÉΓòÉΓòÉΓòÉΓòÉΓòÉΓòÉΓòÉΓòÉΓòÉΓòÉΓòÉΓòÉΓòÉΓòÉΓòÉΓòÉΓòÉΓòÉΓòÉΓòÉΓòÉΓòÉΓòÉΓòÉΓòÉΓòÉΓòÉΓòÉΓòÉΓòÉΓòÉΓòÉΓòÉΓòÉΓòÉΓòÉΓòÉΓòÉΓòÉΓòÉΓòÉΓòÉΓòÉΓòÉΓòÉΓòÉΓòÉΓòÉ
The following assertion was thrown during performLayout():
RenderBox was not laid out: RenderIgnorePointer#e8e6c relayoutBoundary=up10 NEEDS-PAINT
NEEDS-COMPOSITING-BITS-UPDATE
'package:flutter/src/rendering/box.dart':
Failed assertion: line 2251 pos 12: 'hasSize'

Either the assertion indicates an error in the framework itself, or we should provide substantially
more information in this error message to help you determine and fix the underlying cause.
In either case, please report this assertion by filing a bug on GitHub:
  https://github.com/flutter/flutter/issues/new?template=02_bug.yml

The relevant error-causing widget was:
  SingleChildScrollView
  SingleChildScrollView:file:///C:/Users/bhara/StudioProjects/simple_billing_app/lib/views/screens/billing_screen.dart:240:14

When the exception was thrown, this was the stack:
#2      RenderBox.size (package:flutter/src/rendering/box.dart:2251:12)
#3      RenderProxyBoxMixin.performLayout (package:flutter/src/rendering/proxy_box.dart:118:62)
#4      RenderObject.layout (package:flutter/src/rendering/object.dart:2768:7)
#5      RenderProxyBoxMixin.performLayout (package:flutter/src/rendering/proxy_box.dart:118:18)
#6      RenderObject.layout (package:flutter/src/rendering/object.dart:2768:7)
#7      RenderProxyBoxMixin.performLayout (package:flutter/src/rendering/proxy_box.dart:118:18)
#8      RenderObject.layout (package:flutter/src/rendering/object.dart:2768:7)
#9      RenderProxyBoxMixin.performLayout (package:flutter/src/rendering/proxy_box.dart:118:18)
#10     RenderObject.layout (package:flutter/src/rendering/object.dart:2768:7)
#11     RenderProxyBoxMixin.performLayout (package:flutter/src/rendering/proxy_box.dart:118:18)
#12     RenderObject.layout (package:flutter/src/rendering/object.dart:2768:7)
#13     RenderProxyBoxMixin.performLayout (package:flutter/src/rendering/proxy_box.dart:118:18)
#14     RenderObject.layout (package:flutter/src/rendering/object.dart:2768:7)
#15     RenderProxyBoxMixin.performLayout (package:flutter/src/rendering/proxy_box.dart:118:18)
#16     _RenderCustomClip.performLayout (package:flutter/src/rendering/proxy_box.dart:1549:11)
#17     RenderObject.layout (package:flutter/src/rendering/object.dart:2768:7)
#18     RenderPadding.performLayout (package:flutter/src/rendering/shifted_box.dart:262:12)
#19     RenderObject.layout (package:flutter/src/rendering/object.dart:2768:7)
#20     _RenderLayoutBuilder.performLayout (package:flutter/src/widgets/layout_builder.dart:449:14)
#21     RenderObject.layout (package:flutter/src/rendering/object.dart:2768:7)
#22     MultiChildLayoutDelegate.layoutChild (package:flutter/src/rendering/custom_layout.dart:180:12)
#23     _ScaffoldLayout.performLayout (package:flutter/src/material/scaffold.dart:1113:7)
#24     MultiChildLayoutDelegate._callPerformLayout (package:flutter/src/rendering/custom_layout.dart:246:7)
#25     RenderCustomMultiChildLayoutBox.performLayout (package:flutter/src/rendering/custom_layout.dart:417:14)
#26     RenderObject.layout (package:flutter/src/rendering/object.dart:2768:7)
#27     RenderProxyBoxMixin.performLayout (package:flutter/src/rendering/proxy_box.dart:118:18)
#28     RenderObject.layout (package:flutter/src/rendering/object.dart:2768:7)
#29     RenderProxyBoxMixin.performLayout (package:flutter/src/rendering/proxy_box.dart:118:18)
#30     _RenderCustomClip.performLayout (package:flutter/src/rendering/proxy_box.dart:1549:11)
#31     RenderObject.layout (package:flutter/src/rendering/object.dart:2768:7)
#32     RenderProxyBoxMixin.performLayout (package:flutter/src/rendering/proxy_box.dart:118:18)
#33     RenderObject.layout (package:flutter/src/rendering/object.dart:2768:7)
#34     RenderProxyBoxMixin.performLayout (package:flutter/src/rendering/proxy_box.dart:118:18)
#35     RenderObject.layout (package:flutter/src/rendering/object.dart:2768:7)
#36     RenderProxyBoxMixin.performLayout (package:flutter/src/rendering/proxy_box.dart:118:18)
#37     RenderObject.layout (package:flutter/src/rendering/object.dart:2768:7)
#38     RenderProxyBoxMixin.performLayout (package:flutter/src/rendering/proxy_box.dart:118:18)
#39     RenderObject.layout (package:flutter/src/rendering/object.dart:2768:7)
#40     RenderProxyBoxMixin.performLayout (package:flutter/src/rendering/proxy_box.dart:118:18)
#41     RenderObject.layout (package:flutter/src/rendering/object.dart:2768:7)
#42     RenderProxyBoxMixin.performLayout (package:flutter/src/rendering/proxy_box.dart:118:18)
#43     RenderObject.layout (package:flutter/src/rendering/object.dart:2768:7)
#44     RenderProxyBoxMixin.performLayout (package:flutter/src/rendering/proxy_box.dart:118:18)
#45     RenderObject.layout (package:flutter/src/rendering/object.dart:2768:7)
#46     RenderProxyBoxMixin.performLayout (package:flutter/src/rendering/proxy_box.dart:118:18)
#47     RenderObject.layout (package:flutter/src/rendering/object.dart:2768:7)
#48     RenderProxyBoxMixin.performLayout (package:flutter/src/rendering/proxy_box.dart:118:18)
#49     RenderObject.layout (package:flutter/src/rendering/object.dart:2768:7)
#50     RenderProxyBoxMixin.performLayout (package:flutter/src/rendering/proxy_box.dart:118:18)
#51     RenderObject.layout (package:flutter/src/rendering/object.dart:2768:7)
#52     RenderProxyBoxMixin.performLayout (package:flutter/src/rendering/proxy_box.dart:118:18)
#53     RenderObject.layout (package:flutter/src/rendering/object.dart:2768:7)
#54     RenderProxyBoxMixin.performLayout (package:flutter/src/rendering/proxy_box.dart:118:18)
#55     RenderObject.layout (package:flutter/src/rendering/object.dart:2768:7)
#56     RenderProxyBoxMixin.performLayout (package:flutter/src/rendering/proxy_box.dart:118:18)
#57     RenderObject.layout (package:flutter/src/rendering/object.dart:2768:7)
#58     RenderProxyBoxMixin.performLayout (package:flutter/src/rendering/proxy_box.dart:118:18)
#59     RenderObject.layout (package:flutter/src/rendering/object.dart:2768:7)
#60     RenderProxyBoxMixin.performLayout (package:flutter/src/rendering/proxy_box.dart:118:18)
#61     RenderObject.layout (package:flutter/src/rendering/object.dart:2768:7)
#62     RenderProxyBoxMixin.performLayout (package:flutter/src/rendering/proxy_box.dart:118:18)
#63     RenderOffstage.performLayout (package:flutter/src/rendering/proxy_box.dart:3923:13)
#64     RenderObject.layout (package:flutter/src/rendering/object.dart:2768:7)
#65     RenderProxyBoxMixin.performLayout (package:flutter/src/rendering/proxy_box.dart:118:18)
#66     RenderObject.layout (package:flutter/src/rendering/object.dart:2768:7)
#67     _RenderTheaterMixin.layoutChild (package:flutter/src/widgets/overlay.dart:1084:13)
#68     _RenderTheater.performLayout (package:flutter/src/widgets/overlay.dart:1429:9)
#69     RenderObject.layout (package:flutter/src/rendering/object.dart:2768:7)
#70     RenderProxyBoxMixin.performLayout (package:flutter/src/rendering/proxy_box.dart:118:18)
#71     RenderObject.layout (package:flutter/src/rendering/object.dart:2768:7)
#72     RenderProxyBoxMixin.performLayout (package:flutter/src/rendering/proxy_box.dart:118:18)
#73     RenderObject.layout (package:flutter/src/rendering/object.dart:2768:7)
#74     RenderProxyBoxMixin.performLayout (package:flutter/src/rendering/proxy_box.dart:118:18)
#75     RenderObject.layout (package:flutter/src/rendering/object.dart:2768:7)
#76     RenderProxyBoxMixin.performLayout (package:flutter/src/rendering/proxy_box.dart:118:18)
#77     RenderCustomPaint.performLayout (package:flutter/src/rendering/custom_paint.dart:574:11)
#78     RenderObject.layout (package:flutter/src/rendering/object.dart:2768:7)
#79     RenderProxyBoxMixin.performLayout (package:flutter/src/rendering/proxy_box.dart:118:18)
#80     RenderObject.layout (package:flutter/src/rendering/object.dart:2768:7)
#81     RenderProxyBoxMixin.performLayout (package:flutter/src/rendering/proxy_box.dart:118:18)
#82     RenderObject.layout (package:flutter/src/rendering/object.dart:2768:7)
#83     RenderProxyBoxMixin.performLayout (package:flutter/src/rendering/proxy_box.dart:118:18)
#84     RenderObject.layout (package:flutter/src/rendering/object.dart:2768:7)
#85     RenderProxyBoxMixin.performLayout (package:flutter/src/rendering/proxy_box.dart:118:18)
#86     RenderObject.layout (package:flutter/src/rendering/object.dart:2768:7)
#87     RenderProxyBoxMixin.performLayout (package:flutter/src/rendering/proxy_box.dart:118:18)
#88     RenderObject.layout (package:flutter/src/rendering/object.dart:2768:7)
#89     RenderProxyBoxMixin.performLayout (package:flutter/src/rendering/proxy_box.dart:118:18)
#90     RenderObject.layout (package:flutter/src/rendering/object.dart:2768:7)
#91     RenderView.performLayout (package:flutter/src/rendering/view.dart:292:12)
#92     RenderObject._layoutWithoutResize (package:flutter/src/rendering/object.dart:2616:7)
#93     PipelineOwner.flushLayout (package:flutter/src/rendering/object.dart:1174:18)
#94     PipelineOwner.flushLayout (package:flutter/src/rendering/object.dart:1187:15)
#95     AutomatedTestWidgetsFlutterBinding.drawFrame (package:flutter_test/src/binding.dart:2133:27)
#96     RendererBinding._handlePersistentFrameCallback (package:flutter/src/rendering/binding.dart:495:5)
#97     SchedulerBinding._invokeFrameCallback (package:flutter/src/scheduler/binding.dart:1430:15)
#98     SchedulerBinding.handleDrawFrame (package:flutter/src/scheduler/binding.dart:1345:9)
#99     AutomatedTestWidgetsFlutterBinding.pump.<anonymous closure> (package:flutter_test/src/binding.dart:1960:9)
#102    TestAsyncUtils.guard (package:flutter_test/src/test_async_utils.dart:74:41)
#103    AutomatedTestWidgetsFlutterBinding.pump (package:flutter_test/src/binding.dart:1949:27)
#104    WidgetTester.pumpWidget.<anonymous closure> (package:flutter_test/src/widget_tester.dart:598:22)
#107    TestAsyncUtils.guard (package:flutter_test/src/test_async_utils.dart:74:41)
#108    WidgetTester.pumpWidget (package:flutter_test/src/widget_tester.dart:595:27)
#109    main.<anonymous closure>.<anonymous closure> (file:///C:/Users/bhara/StudioProjects/simple_billing_app/test/widget/billing_screen_test.dart:63:20)
#110    testWidgets.<anonymous closure>.<anonymous closure> (package:flutter_test/src/widget_tester.dart:192:29)
<asynchronous suspension>
#111    TestWidgetsFlutterBinding._runTestBody (package:flutter_test/src/binding.dart:1682:5)
<asynchronous suspension>
<asynchronous suspension>
(elided 7 frames from class _AssertionError, dart:async, and package:stack_trace)

The following RenderObject was being processed when the exception was fired: RenderSemanticsAnnotations#9eda5 relayoutBoundary=up9 NEEDS-LAYOUT NEEDS-PAINT NEEDS-COMPOSITING-BITS-UPDATE:
  creator: Semantics ΓåÉ Listener ΓåÉ _GestureSemantics ΓåÉ
    RawGestureDetector-[LabeledGlobalKey<RawGestureDetectorState>#82809] ΓåÉ Listener ΓåÉ _ScrollableScope
    ΓåÉ _ScrollSemantics-[GlobalKey#28331] ΓåÉ NotificationListener<ScrollMetricsNotification> ΓåÉ Transform
    ΓåÉ StretchEffect ΓåÉ ClipRect ΓåÉ AnimatedBuilder ΓåÉ Γï»
  parentData: <none> (can use size)
  constraints: BoxConstraints(0.0<=w<=1136.0, 0.0<=h<=613.0)
  size: MISSING
This RenderObject had the following descendants (showing up to depth 5):
    child: RenderIgnorePointer#e8e6c relayoutBoundary=up10 NEEDS-PAINT NEEDS-COMPOSITING-BITS-UPDATE
      child: _RenderSingleChildViewport#8a78f relayoutBoundary=up11 NEEDS-PAINT NEEDS-COMPOSITING-BITS-UPDATE
        child: RenderFlex#20d36 relayoutBoundary=up12 NEEDS-PAINT NEEDS-COMPOSITING-BITS-UPDATE
          child 1: RenderFlex#114d2 relayoutBoundary=up13 NEEDS-PAINT NEEDS-COMPOSITING-BITS-UPDATE
            child 1: RenderDecoratedBox#891d2 relayoutBoundary=up14 NEEDS-PAINT NEEDS-COMPOSITING-BITS-UPDATE
            child 2: RenderConstrainedBox#a4033 NEEDS-LAYOUT NEEDS-PAINT
            child 3: RenderDecoratedBox#bbc8b NEEDS-LAYOUT NEEDS-PAINT NEEDS-COMPOSITING-BITS-UPDATE
            child 4: RenderConstrainedBox#4e4da NEEDS-LAYOUT NEEDS-PAINT
            child 5: RenderDecoratedBox#915b9 NEEDS-LAYOUT NEEDS-PAINT NEEDS-COMPOSITING-BITS-UPDATE
            child 6: RenderConstrainedBox#77b31 NEEDS-LAYOUT NEEDS-PAINT
            child 7: RenderDecoratedBox#e5353 NEEDS-LAYOUT NEEDS-PAINT NEEDS-COMPOSITING-BITS-UPDATE
          child 2: RenderConstrainedBox#abb7d NEEDS-LAYOUT NEEDS-PAINT
          child 3: RenderConstrainedBox#516b3 NEEDS-LAYOUT NEEDS-PAINT NEEDS-COMPOSITING-BITS-UPDATE
            child: RenderDecoratedBox#9b574 NEEDS-LAYOUT NEEDS-PAINT NEEDS-COMPOSITING-BITS-UPDATE
ΓòÉΓòÉΓòÉΓòÉΓòÉΓòÉΓòÉΓòÉΓòÉΓòÉΓòÉΓòÉΓòÉΓòÉΓòÉΓòÉΓòÉΓòÉΓòÉΓòÉΓòÉΓòÉΓòÉΓòÉΓòÉΓòÉΓòÉΓòÉΓòÉΓòÉΓòÉΓòÉΓòÉΓòÉΓòÉΓòÉΓòÉΓòÉΓòÉΓòÉΓòÉΓòÉΓòÉΓòÉΓòÉΓòÉΓòÉΓòÉΓòÉΓòÉΓòÉΓòÉΓòÉΓòÉΓòÉΓòÉΓòÉΓòÉΓòÉΓòÉΓòÉΓòÉΓòÉΓòÉΓòÉΓòÉΓòÉΓòÉΓòÉΓòÉΓòÉΓòÉΓòÉΓòÉΓòÉΓòÉΓòÉΓòÉΓòÉΓòÉΓòÉΓòÉΓòÉΓòÉΓòÉΓòÉΓòÉΓòÉΓòÉΓòÉΓòÉΓòÉΓòÉΓòÉΓòÉΓòÉΓòÉΓòÉΓòÉΓòÉ
ΓòÉΓòÉΓòí EXCEPTION CAUGHT BY RENDERING LIBRARY Γò₧ΓòÉΓòÉΓòÉΓòÉΓòÉΓòÉΓòÉΓòÉΓòÉΓòÉΓòÉΓòÉΓòÉΓòÉΓòÉΓòÉΓòÉΓòÉΓòÉΓòÉΓòÉΓòÉΓòÉΓòÉΓòÉΓòÉΓòÉΓòÉΓòÉΓòÉΓòÉΓòÉΓòÉΓòÉΓòÉΓòÉΓòÉΓòÉΓòÉΓòÉΓòÉΓòÉΓòÉΓòÉΓòÉΓòÉΓòÉΓòÉΓòÉΓòÉΓòÉΓòÉΓòÉΓòÉΓòÉΓòÉΓòÉ
The following assertion was thrown during performLayout():
RenderBox was not laid out: RenderSemanticsAnnotations#9eda5 relayoutBoundary=up9 NEEDS-PAINT
NEEDS-COMPOSITING-BITS-UPDATE
'package:flutter/src/rendering/box.dart':
Failed assertion: line 2251 pos 12: 'hasSize'

Either the assertion indicates an error in the framework itself, or we should provide substantially
more information in this error message to help you determine and fix the underlying cause.
In either case, please report this assertion by filing a bug on GitHub:
  https://github.com/flutter/flutter/issues/new?template=02_bug.yml

The relevant error-causing widget was:
  SingleChildScrollView
  SingleChildScrollView:file:///C:/Users/bhara/StudioProjects/simple_billing_app/lib/views/screens/billing_screen.dart:240:14

When the exception was thrown, this was the stack:
#2      RenderBox.size (package:flutter/src/rendering/box.dart:2251:12)
#3      RenderProxyBoxMixin.performLayout (package:flutter/src/rendering/proxy_box.dart:118:62)
#4      RenderObject.layout (package:flutter/src/rendering/object.dart:2768:7)
#5      RenderProxyBoxMixin.performLayout (package:flutter/src/rendering/proxy_box.dart:118:18)
#6      RenderObject.layout (package:flutter/src/rendering/object.dart:2768:7)
#7      RenderProxyBoxMixin.performLayout (package:flutter/src/rendering/proxy_box.dart:118:18)
#8      RenderObject.layout (package:flutter/src/rendering/object.dart:2768:7)
#9      RenderProxyBoxMixin.performLayout (package:flutter/src/rendering/proxy_box.dart:118:18)
#10     RenderObject.layout (package:flutter/src/rendering/object.dart:2768:7)
#11     RenderProxyBoxMixin.performLayout (package:flutter/src/rendering/proxy_box.dart:118:18)
#12     RenderObject.layout (package:flutter/src/rendering/object.dart:2768:7)
#13     RenderProxyBoxMixin.performLayout (package:flutter/src/rendering/proxy_box.dart:118:18)
#14     _RenderCustomClip.performLayout (package:flutter/src/rendering/proxy_box.dart:1549:11)
#15     RenderObject.layout (package:flutter/src/rendering/object.dart:2768:7)
#16     RenderPadding.performLayout (package:flutter/src/rendering/shifted_box.dart:262:12)
#17     RenderObject.layout (package:flutter/src/rendering/object.dart:2768:7)
#18     _RenderLayoutBuilder.performLayout (package:flutter/src/widgets/layout_builder.dart:449:14)
#19     RenderObject.layout (package:flutter/src/rendering/object.dart:2768:7)
#20     MultiChildLayoutDelegate.layoutChild (package:flutter/src/rendering/custom_layout.dart:180:12)
#21     _ScaffoldLayout.performLayout (package:flutter/src/material/scaffold.dart:1113:7)
#22     MultiChildLayoutDelegate._callPerformLayout (package:flutter/src/rendering/custom_layout.dart:246:7)
#23     RenderCustomMultiChildLayoutBox.performLayout (package:flutter/src/rendering/custom_layout.dart:417:14)
#24     RenderObject.layout (package:flutter/src/rendering/object.dart:2768:7)
#25     RenderProxyBoxMixin.performLayout (package:flutter/src/rendering/proxy_box.dart:118:18)
#26     RenderObject.layout (package:flutter/src/rendering/object.dart:2768:7)
#27     RenderProxyBoxMixin.performLayout (package:flutter/src/rendering/proxy_box.dart:118:18)
#28     _RenderCustomClip.performLayout (package:flutter/src/rendering/proxy_box.dart:1549:11)
#29     RenderObject.layout (package:flutter/src/rendering/object.dart:2768:7)
#30     RenderProxyBoxMixin.performLayout (package:flutter/src/rendering/proxy_box.dart:118:18)
#31     RenderObject.layout (package:flutter/src/rendering/object.dart:2768:7)
#32     RenderProxyBoxMixin.performLayout (package:flutter/src/rendering/proxy_box.dart:118:18)
#33     RenderObject.layout (package:flutter/src/rendering/object.dart:2768:7)
#34     RenderProxyBoxMixin.performLayout (package:flutter/src/rendering/proxy_box.dart:118:18)
#35     RenderObject.layout (package:flutter/src/rendering/object.dart:2768:7)
#36     RenderProxyBoxMixin.performLayout (package:flutter/src/rendering/proxy_box.dart:118:18)
#37     RenderObject.layout (package:flutter/src/rendering/object.dart:2768:7)
#38     RenderProxyBoxMixin.performLayout (package:flutter/src/rendering/proxy_box.dart:118:18)
#39     RenderObject.layout (package:flutter/src/rendering/object.dart:2768:7)
#40     RenderProxyBoxMixin.performLayout (package:flutter/src/rendering/proxy_box.dart:118:18)
#41     RenderObject.layout (package:flutter/src/rendering/object.dart:2768:7)
#42     RenderProxyBoxMixin.performLayout (package:flutter/src/rendering/proxy_box.dart:118:18)
#43     RenderObject.layout (package:flutter/src/rendering/object.dart:2768:7)
#44     RenderProxyBoxMixin.performLayout (package:flutter/src/rendering/proxy_box.dart:118:18)
#45     RenderObject.layout (package:flutter/src/rendering/object.dart:2768:7)
#46     RenderProxyBoxMixin.performLayout (package:flutter/src/rendering/proxy_box.dart:118:18)
#47     RenderObject.layout (package:flutter/src/rendering/object.dart:2768:7)
#48     RenderProxyBoxMixin.performLayout (package:flutter/src/rendering/proxy_box.dart:118:18)
#49     RenderObject.layout (package:flutter/src/rendering/object.dart:2768:7)
#50     RenderProxyBoxMixin.performLayout (package:flutter/src/rendering/proxy_box.dart:118:18)
#51     RenderObject.layout (package:flutter/src/rendering/object.dart:2768:7)
#52     RenderProxyBoxMixin.performLayout (package:flutter/src/rendering/proxy_box.dart:118:18)
#53     RenderObject.layout (package:flutter/src/rendering/object.dart:2768:7)
#54     RenderProxyBoxMixin.performLayout (package:flutter/src/rendering/proxy_box.dart:118:18)
#55     RenderObject.layout (package:flutter/src/rendering/object.dart:2768:7)
#56     RenderProxyBoxMixin.performLayout (package:flutter/src/rendering/proxy_box.dart:118:18)
#57     RenderObject.layout (package:flutter/src/rendering/object.dart:2768:7)
#58     RenderProxyBoxMixin.performLayout (package:flutter/src/rendering/proxy_box.dart:118:18)
#59     RenderObject.layout (package:flutter/src/rendering/object.dart:2768:7)
#60     RenderProxyBoxMixin.performLayout (package:flutter/src/rendering/proxy_box.dart:118:18)
#61     RenderOffstage.performLayout (package:flutter/src/rendering/proxy_box.dart:3923:13)
#62     RenderObject.layout (package:flutter/src/rendering/object.dart:2768:7)
#63     RenderProxyBoxMixin.performLayout (package:flutter/src/rendering/proxy_box.dart:118:18)
#64     RenderObject.layout (package:flutter/src/rendering/object.dart:2768:7)
#65     _RenderTheaterMixin.layoutChild (package:flutter/src/widgets/overlay.dart:1084:13)
#66     _RenderTheater.performLayout (package:flutter/src/widgets/overlay.dart:1429:9)
#67     RenderObject.layout (package:flutter/src/rendering/object.dart:2768:7)
#68     RenderProxyBoxMixin.performLayout (package:flutter/src/rendering/proxy_box.dart:118:18)
#69     RenderObject.layout (package:flutter/src/rendering/object.dart:2768:7)
#70     RenderProxyBoxMixin.performLayout (package:flutter/src/rendering/proxy_box.dart:118:18)
#71     RenderObject.layout (package:flutter/src/rendering/object.dart:2768:7)
#72     RenderProxyBoxMixin.performLayout (package:flutter/src/rendering/proxy_box.dart:118:18)
#73     RenderObject.layout (package:flutter/src/rendering/object.dart:2768:7)
#74     RenderProxyBoxMixin.performLayout (package:flutter/src/rendering/proxy_box.dart:118:18)
#75     RenderCustomPaint.performLayout (package:flutter/src/rendering/custom_paint.dart:574:11)
#76     RenderObject.layout (package:flutter/src/rendering/object.dart:2768:7)
#77     RenderProxyBoxMixin.performLayout (package:flutter/src/rendering/proxy_box.dart:118:18)
#78     RenderObject.layout (package:flutter/src/rendering/object.dart:2768:7)
#79     RenderProxyBoxMixin.performLayout (package:flutter/src/rendering/proxy_box.dart:118:18)
#80     RenderObject.layout (package:flutter/src/rendering/object.dart:2768:7)
#81     RenderProxyBoxMixin.performLayout (package:flutter/src/rendering/proxy_box.dart:118:18)
#82     RenderObject.layout (package:flutter/src/rendering/object.dart:2768:7)
#83     RenderProxyBoxMixin.performLayout (package:flutter/src/rendering/proxy_box.dart:118:18)
#84     RenderObject.layout (package:flutter/src/rendering/object.dart:2768:7)
#85     RenderProxyBoxMixin.performLayout (package:flutter/src/rendering/proxy_box.dart:118:18)
#86     RenderObject.layout (package:flutter/src/rendering/object.dart:2768:7)
#87     RenderProxyBoxMixin.performLayout (package:flutter/src/rendering/proxy_box.dart:118:18)
#88     RenderObject.layout (package:flutter/src/rendering/object.dart:2768:7)
#89     RenderView.performLayout (package:flutter/src/rendering/view.dart:292:12)
#90     RenderObject._layoutWithoutResize (package:flutter/src/rendering/object.dart:2616:7)
#91     PipelineOwner.flushLayout (package:flutter/src/rendering/object.dart:1174:18)
#92     PipelineOwner.flushLayout (package:flutter/src/rendering/object.dart:1187:15)
#93     AutomatedTestWidgetsFlutterBinding.drawFrame (package:flutter_test/src/binding.dart:2133:27)
#94     RendererBinding._handlePersistentFrameCallback (package:flutter/src/rendering/binding.dart:495:5)
#95     SchedulerBinding._invokeFrameCallback (package:flutter/src/scheduler/binding.dart:1430:15)
#96     SchedulerBinding.handleDrawFrame (package:flutter/src/scheduler/binding.dart:1345:9)
#97     AutomatedTestWidgetsFlutterBinding.pump.<anonymous closure> (package:flutter_test/src/binding.dart:1960:9)
#100    TestAsyncUtils.guard (package:flutter_test/src/test_async_utils.dart:74:41)
#101    AutomatedTestWidgetsFlutterBinding.pump (package:flutter_test/src/binding.dart:1949:27)
#102    WidgetTester.pumpWidget.<anonymous closure> (package:flutter_test/src/widget_tester.dart:598:22)
#105    TestAsyncUtils.guard (package:flutter_test/src/test_async_utils.dart:74:41)
#106    WidgetTester.pumpWidget (package:flutter_test/src/widget_tester.dart:595:27)
#107    main.<anonymous closure>.<anonymous closure> (file:///C:/Users/bhara/StudioProjects/simple_billing_app/test/widget/billing_screen_test.dart:63:20)
#108    testWidgets.<anonymous closure>.<anonymous closure> (package:flutter_test/src/widget_tester.dart:192:29)
<asynchronous suspension>
#109    TestWidgetsFlutterBinding._runTestBody (package:flutter_test/src/binding.dart:1682:5)
<asynchronous suspension>
<asynchronous suspension>
(elided 7 frames from class _AssertionError, dart:async, and package:stack_trace)

The following RenderObject was being processed when the exception was fired: RenderPointerListener#b0a85 relayoutBoundary=up8 NEEDS-LAYOUT NEEDS-PAINT NEEDS-COMPOSITING-BITS-UPDATE:
  creator: Listener ΓåÉ _GestureSemantics ΓåÉ
    RawGestureDetector-[LabeledGlobalKey<RawGestureDetectorState>#82809] ΓåÉ Listener ΓåÉ _ScrollableScope
    ΓåÉ _ScrollSemantics-[GlobalKey#28331] ΓåÉ NotificationListener<ScrollMetricsNotification> ΓåÉ Transform
    ΓåÉ StretchEffect ΓåÉ ClipRect ΓåÉ AnimatedBuilder ΓåÉ NotificationListener<ScrollNotification> ΓåÉ Γï»
  parentData: <none> (can use size)
  constraints: BoxConstraints(0.0<=w<=1136.0, 0.0<=h<=613.0)
  size: MISSING
  behavior: opaque
  listeners: down, panZoomStart
This RenderObject had the following descendants (showing up to depth 5):
    child: RenderSemanticsAnnotations#9eda5 relayoutBoundary=up9 NEEDS-PAINT NEEDS-COMPOSITING-BITS-UPDATE
      child: RenderIgnorePointer#e8e6c relayoutBoundary=up10 NEEDS-PAINT NEEDS-COMPOSITING-BITS-UPDATE
        child: _RenderSingleChildViewport#8a78f relayoutBoundary=up11 NEEDS-PAINT NEEDS-COMPOSITING-BITS-UPDATE
          child: RenderFlex#20d36 relayoutBoundary=up12 NEEDS-PAINT NEEDS-COMPOSITING-BITS-UPDATE
            child 1: RenderFlex#114d2 relayoutBoundary=up13 NEEDS-PAINT NEEDS-COMPOSITING-BITS-UPDATE
            child 2: RenderConstrainedBox#abb7d NEEDS-LAYOUT NEEDS-PAINT
            child 3: RenderConstrainedBox#516b3 NEEDS-LAYOUT NEEDS-PAINT NEEDS-COMPOSITING-BITS-UPDATE
ΓòÉΓòÉΓòÉΓòÉΓòÉΓòÉΓòÉΓòÉΓòÉΓòÉΓòÉΓòÉΓòÉΓòÉΓòÉΓòÉΓòÉΓòÉΓòÉΓòÉΓòÉΓòÉΓòÉΓòÉΓòÉΓòÉΓòÉΓòÉΓòÉΓòÉΓòÉΓòÉΓòÉΓòÉΓòÉΓòÉΓòÉΓòÉΓòÉΓòÉΓòÉΓòÉΓòÉΓòÉΓòÉΓòÉΓòÉΓòÉΓòÉΓòÉΓòÉΓòÉΓòÉΓòÉΓòÉΓòÉΓòÉΓòÉΓòÉΓòÉΓòÉΓòÉΓòÉΓòÉΓòÉΓòÉΓòÉΓòÉΓòÉΓòÉΓòÉΓòÉΓòÉΓòÉΓòÉΓòÉΓòÉΓòÉΓòÉΓòÉΓòÉΓòÉΓòÉΓòÉΓòÉΓòÉΓòÉΓòÉΓòÉΓòÉΓòÉΓòÉΓòÉΓòÉΓòÉΓòÉΓòÉΓòÉΓòÉΓòÉ
ΓòÉΓòÉΓòí EXCEPTION CAUGHT BY RENDERING LIBRARY Γò₧ΓòÉΓòÉΓòÉΓòÉΓòÉΓòÉΓòÉΓòÉΓòÉΓòÉΓòÉΓòÉΓòÉΓòÉΓòÉΓòÉΓòÉΓòÉΓòÉΓòÉΓòÉΓòÉΓòÉΓòÉΓòÉΓòÉΓòÉΓòÉΓòÉΓòÉΓòÉΓòÉΓòÉΓòÉΓòÉΓòÉΓòÉΓòÉΓòÉΓòÉΓòÉΓòÉΓòÉΓòÉΓòÉΓòÉΓòÉΓòÉΓòÉΓòÉΓòÉΓòÉΓòÉΓòÉΓòÉΓòÉΓòÉ
The following assertion was thrown during performLayout():
RenderBox was not laid out: RenderPointerListener#b0a85 relayoutBoundary=up8 NEEDS-PAINT
NEEDS-COMPOSITING-BITS-UPDATE
'package:flutter/src/rendering/box.dart':
Failed assertion: line 2251 pos 12: 'hasSize'

Either the assertion indicates an error in the framework itself, or we should provide substantially
more information in this error message to help you determine and fix the underlying cause.
In either case, please report this assertion by filing a bug on GitHub:
  https://github.com/flutter/flutter/issues/new?template=02_bug.yml

The relevant error-causing widget was:
  SingleChildScrollView
  SingleChildScrollView:file:///C:/Users/bhara/StudioProjects/simple_billing_app/lib/views/screens/billing_screen.dart:240:14

When the exception was thrown, this was the stack:
#2      RenderBox.size (package:flutter/src/rendering/box.dart:2251:12)
#3      RenderProxyBoxMixin.performLayout (package:flutter/src/rendering/proxy_box.dart:118:62)
#4      RenderObject.layout (package:flutter/src/rendering/object.dart:2768:7)
#5      RenderProxyBoxMixin.performLayout (package:flutter/src/rendering/proxy_box.dart:118:18)
#6      RenderObject.layout (package:flutter/src/rendering/object.dart:2768:7)
#7      RenderProxyBoxMixin.performLayout (package:flutter/src/rendering/proxy_box.dart:118:18)
#8      RenderObject.layout (package:flutter/src/rendering/object.dart:2768:7)
#9      RenderProxyBoxMixin.performLayout (package:flutter/src/rendering/proxy_box.dart:118:18)
#10     RenderObject.layout (package:flutter/src/rendering/object.dart:2768:7)
#11     RenderProxyBoxMixin.performLayout (package:flutter/src/rendering/proxy_box.dart:118:18)
#12     _RenderCustomClip.performLayout (package:flutter/src/rendering/proxy_box.dart:1549:11)
#13     RenderObject.layout (package:flutter/src/rendering/object.dart:2768:7)
#14     RenderPadding.performLayout (package:flutter/src/rendering/shifted_box.dart:262:12)
#15     RenderObject.layout (package:flutter/src/rendering/object.dart:2768:7)
#16     _RenderLayoutBuilder.performLayout (package:flutter/src/widgets/layout_builder.dart:449:14)
#17     RenderObject.layout (package:flutter/src/rendering/object.dart:2768:7)
#18     MultiChildLayoutDelegate.layoutChild (package:flutter/src/rendering/custom_layout.dart:180:12)
#19     _ScaffoldLayout.performLayout (package:flutter/src/material/scaffold.dart:1113:7)
#20     MultiChildLayoutDelegate._callPerformLayout (package:flutter/src/rendering/custom_layout.dart:246:7)
#21     RenderCustomMultiChildLayoutBox.performLayout (package:flutter/src/rendering/custom_layout.dart:417:14)
#22     RenderObject.layout (package:flutter/src/rendering/object.dart:2768:7)
#23     RenderProxyBoxMixin.performLayout (package:flutter/src/rendering/proxy_box.dart:118:18)
#24     RenderObject.layout (package:flutter/src/rendering/object.dart:2768:7)
#25     RenderProxyBoxMixin.performLayout (package:flutter/src/rendering/proxy_box.dart:118:18)
#26     _RenderCustomClip.performLayout (package:flutter/src/rendering/proxy_box.dart:1549:11)
#27     RenderObject.layout (package:flutter/src/rendering/object.dart:2768:7)
#28     RenderProxyBoxMixin.performLayout (package:flutter/src/rendering/proxy_box.dart:118:18)
#29     RenderObject.layout (package:flutter/src/rendering/object.dart:2768:7)
#30     RenderProxyBoxMixin.performLayout (package:flutter/src/rendering/proxy_box.dart:118:18)
#31     RenderObject.layout (package:flutter/src/rendering/object.dart:2768:7)
#32     RenderProxyBoxMixin.performLayout (package:flutter/src/rendering/proxy_box.dart:118:18)
#33     RenderObject.layout (package:flutter/src/rendering/object.dart:2768:7)
#34     RenderProxyBoxMixin.performLayout (package:flutter/src/rendering/proxy_box.dart:118:18)
#35     RenderObject.layout (package:flutter/src/rendering/object.dart:2768:7)
#36     RenderProxyBoxMixin.performLayout (package:flutter/src/rendering/proxy_box.dart:118:18)
#37     RenderObject.layout (package:flutter/src/rendering/object.dart:2768:7)
#38     RenderProxyBoxMixin.performLayout (package:flutter/src/rendering/proxy_box.dart:118:18)
#39     RenderObject.layout (package:flutter/src/rendering/object.dart:2768:7)
#40     RenderProxyBoxMixin.performLayout (package:flutter/src/rendering/proxy_box.dart:118:18)
#41     RenderObject.layout (package:flutter/src/rendering/object.dart:2768:7)
#42     RenderProxyBoxMixin.performLayout (package:flutter/src/rendering/proxy_box.dart:118:18)
#43     RenderObject.layout (package:flutter/src/rendering/object.dart:2768:7)
#44     RenderProxyBoxMixin.performLayout (package:flutter/src/rendering/proxy_box.dart:118:18)
#45     RenderObject.layout (package:flutter/src/rendering/object.dart:2768:7)
#46     RenderProxyBoxMixin.performLayout (package:flutter/src/rendering/proxy_box.dart:118:18)
#47     RenderObject.layout (package:flutter/src/rendering/object.dart:2768:7)
#48     RenderProxyBoxMixin.performLayout (package:flutter/src/rendering/proxy_box.dart:118:18)
#49     RenderObject.layout (package:flutter/src/rendering/object.dart:2768:7)
#50     RenderProxyBoxMixin.performLayout (package:flutter/src/rendering/proxy_box.dart:118:18)
#51     RenderObject.layout (package:flutter/src/rendering/object.dart:2768:7)
#52     RenderProxyBoxMixin.performLayout (package:flutter/src/rendering/proxy_box.dart:118:18)
#53     RenderObject.layout (package:flutter/src/rendering/object.dart:2768:7)
#54     RenderProxyBoxMixin.performLayout (package:flutter/src/rendering/proxy_box.dart:118:18)
#55     RenderObject.layout (package:flutter/src/rendering/object.dart:2768:7)
#56     RenderProxyBoxMixin.performLayout (package:flutter/src/rendering/proxy_box.dart:118:18)
#57     RenderObject.layout (package:flutter/src/rendering/object.dart:2768:7)
#58     RenderProxyBoxMixin.performLayout (package:flutter/src/rendering/proxy_box.dart:118:18)
#59     RenderOffstage.performLayout (package:flutter/src/rendering/proxy_box.dart:3923:13)
#60     RenderObject.layout (package:flutter/src/rendering/object.dart:2768:7)
#61     RenderProxyBoxMixin.performLayout (package:flutter/src/rendering/proxy_box.dart:118:18)
#62     RenderObject.layout (package:flutter/src/rendering/object.dart:2768:7)
#63     _RenderTheaterMixin.layoutChild (package:flutter/src/widgets/overlay.dart:1084:13)
#64     _RenderTheater.performLayout (package:flutter/src/widgets/overlay.dart:1429:9)
#65     RenderObject.layout (package:flutter/src/rendering/object.dart:2768:7)
#66     RenderProxyBoxMixin.performLayout (package:flutter/src/rendering/proxy_box.dart:118:18)
#67     RenderObject.layout (package:flutter/src/rendering/object.dart:2768:7)
#68     RenderProxyBoxMixin.performLayout (package:flutter/src/rendering/proxy_box.dart:118:18)
#69     RenderObject.layout (package:flutter/src/rendering/object.dart:2768:7)
#70     RenderProxyBoxMixin.performLayout (package:flutter/src/rendering/proxy_box.dart:118:18)
#71     RenderObject.layout (package:flutter/src/rendering/object.dart:2768:7)
#72     RenderProxyBoxMixin.performLayout (package:flutter/src/rendering/proxy_box.dart:118:18)
#73     RenderCustomPaint.performLayout (package:flutter/src/rendering/custom_paint.dart:574:11)
#74     RenderObject.layout (package:flutter/src/rendering/object.dart:2768:7)
#75     RenderProxyBoxMixin.performLayout (package:flutter/src/rendering/proxy_box.dart:118:18)
#76     RenderObject.layout (package:flutter/src/rendering/object.dart:2768:7)
#77     RenderProxyBoxMixin.performLayout (package:flutter/src/rendering/proxy_box.dart:118:18)
#78     RenderObject.layout (package:flutter/src/rendering/object.dart:2768:7)
#79     RenderProxyBoxMixin.performLayout (package:flutter/src/rendering/proxy_box.dart:118:18)
#80     RenderObject.layout (package:flutter/src/rendering/object.dart:2768:7)
#81     RenderProxyBoxMixin.performLayout (package:flutter/src/rendering/proxy_box.dart:118:18)
#82     RenderObject.layout (package:flutter/src/rendering/object.dart:2768:7)
#83     RenderProxyBoxMixin.performLayout (package:flutter/src/rendering/proxy_box.dart:118:18)
#84     RenderObject.layout (package:flutter/src/rendering/object.dart:2768:7)
#85     RenderProxyBoxMixin.performLayout (package:flutter/src/rendering/proxy_box.dart:118:18)
#86     RenderObject.layout (package:flutter/src/rendering/object.dart:2768:7)
#87     RenderView.performLayout (package:flutter/src/rendering/view.dart:292:12)
#88     RenderObject._layoutWithoutResize (package:flutter/src/rendering/object.dart:2616:7)
#89     PipelineOwner.flushLayout (package:flutter/src/rendering/object.dart:1174:18)
#90     PipelineOwner.flushLayout (package:flutter/src/rendering/object.dart:1187:15)
#91     AutomatedTestWidgetsFlutterBinding.drawFrame (package:flutter_test/src/binding.dart:2133:27)
#92     RendererBinding._handlePersistentFrameCallback (package:flutter/src/rendering/binding.dart:495:5)
#93     SchedulerBinding._invokeFrameCallback (package:flutter/src/scheduler/binding.dart:1430:15)
#94     SchedulerBinding.handleDrawFrame (package:flutter/src/scheduler/binding.dart:1345:9)
#95     AutomatedTestWidgetsFlutterBinding.pump.<anonymous closure> (package:flutter_test/src/binding.dart:1960:9)
#98     TestAsyncUtils.guard (package:flutter_test/src/test_async_utils.dart:74:41)
#99     AutomatedTestWidgetsFlutterBinding.pump (package:flutter_test/src/binding.dart:1949:27)
#100    WidgetTester.pumpWidget.<anonymous closure> (package:flutter_test/src/widget_tester.dart:598:22)
#103    TestAsyncUtils.guard (package:flutter_test/src/test_async_utils.dart:74:41)
#104    WidgetTester.pumpWidget (package:flutter_test/src/widget_tester.dart:595:27)
#105    main.<anonymous closure>.<anonymous closure> (file:///C:/Users/bhara/StudioProjects/simple_billing_app/test/widget/billing_screen_test.dart:63:20)
#106    testWidgets.<anonymous closure>.<anonymous closure> (package:flutter_test/src/widget_tester.dart:192:29)
<asynchronous suspension>
#107    TestWidgetsFlutterBinding._runTestBody (package:flutter_test/src/binding.dart:1682:5)
<asynchronous suspension>
<asynchronous suspension>
(elided 7 frames from class _AssertionError, dart:async, and package:stack_trace)

The following RenderObject was being processed when the exception was fired: RenderSemanticsGestureHandler#91527 relayoutBoundary=up7 NEEDS-LAYOUT NEEDS-PAINT NEEDS-COMPOSITING-BITS-UPDATE:
  creator: _GestureSemantics ΓåÉ RawGestureDetector-[LabeledGlobalKey<RawGestureDetectorState>#82809] ΓåÉ
    Listener ΓåÉ _ScrollableScope ΓåÉ _ScrollSemantics-[GlobalKey#28331] ΓåÉ
    NotificationListener<ScrollMetricsNotification> ΓåÉ Transform ΓåÉ StretchEffect ΓåÉ ClipRect ΓåÉ
    AnimatedBuilder ΓåÉ NotificationListener<ScrollNotification> ΓåÉ StretchingOverscrollIndicator ΓåÉ Γï»
  parentData: <none> (can use size)
  constraints: BoxConstraints(0.0<=w<=1136.0, 0.0<=h<=613.0)
  size: MISSING
  behavior: opaque
  gestures: <none>
This RenderObject had the following descendants (showing up to depth 5):
    child: RenderPointerListener#b0a85 relayoutBoundary=up8 NEEDS-PAINT NEEDS-COMPOSITING-BITS-UPDATE
      child: RenderSemanticsAnnotations#9eda5 relayoutBoundary=up9 NEEDS-PAINT NEEDS-COMPOSITING-BITS-UPDATE
        child: RenderIgnorePointer#e8e6c relayoutBoundary=up10 NEEDS-PAINT NEEDS-COMPOSITING-BITS-UPDATE
          child: _RenderSingleChildViewport#8a78f relayoutBoundary=up11 NEEDS-PAINT NEEDS-COMPOSITING-BITS-UPDATE
            child: RenderFlex#20d36 relayoutBoundary=up12 NEEDS-PAINT NEEDS-COMPOSITING-BITS-UPDATE
ΓòÉΓòÉΓòÉΓòÉΓòÉΓòÉΓòÉΓòÉΓòÉΓòÉΓòÉΓòÉΓòÉΓòÉΓòÉΓòÉΓòÉΓòÉΓòÉΓòÉΓòÉΓòÉΓòÉΓòÉΓòÉΓòÉΓòÉΓòÉΓòÉΓòÉΓòÉΓòÉΓòÉΓòÉΓòÉΓòÉΓòÉΓòÉΓòÉΓòÉΓòÉΓòÉΓòÉΓòÉΓòÉΓòÉΓòÉΓòÉΓòÉΓòÉΓòÉΓòÉΓòÉΓòÉΓòÉΓòÉΓòÉΓòÉΓòÉΓòÉΓòÉΓòÉΓòÉΓòÉΓòÉΓòÉΓòÉΓòÉΓòÉΓòÉΓòÉΓòÉΓòÉΓòÉΓòÉΓòÉΓòÉΓòÉΓòÉΓòÉΓòÉΓòÉΓòÉΓòÉΓòÉΓòÉΓòÉΓòÉΓòÉΓòÉΓòÉΓòÉΓòÉΓòÉΓòÉΓòÉΓòÉΓòÉΓòÉΓòÉ
ΓòÉΓòÉΓòí EXCEPTION CAUGHT BY RENDERING LIBRARY Γò₧ΓòÉΓòÉΓòÉΓòÉΓòÉΓòÉΓòÉΓòÉΓòÉΓòÉΓòÉΓòÉΓòÉΓòÉΓòÉΓòÉΓòÉΓòÉΓòÉΓòÉΓòÉΓòÉΓòÉΓòÉΓòÉΓòÉΓòÉΓòÉΓòÉΓòÉΓòÉΓòÉΓòÉΓòÉΓòÉΓòÉΓòÉΓòÉΓòÉΓòÉΓòÉΓòÉΓòÉΓòÉΓòÉΓòÉΓòÉΓòÉΓòÉΓòÉΓòÉΓòÉΓòÉΓòÉΓòÉΓòÉΓòÉ
The following assertion was thrown during performLayout():
RenderBox was not laid out: RenderSemanticsGestureHandler#91527 relayoutBoundary=up7 NEEDS-PAINT
NEEDS-COMPOSITING-BITS-UPDATE
'package:flutter/src/rendering/box.dart':
Failed assertion: line 2251 pos 12: 'hasSize'

Either the assertion indicates an error in the framework itself, or we should provide substantially
more information in this error message to help you determine and fix the underlying cause.
In either case, please report this assertion by filing a bug on GitHub:
  https://github.com/flutter/flutter/issues/new?template=02_bug.yml

The relevant error-causing widget was:
  SingleChildScrollView
  SingleChildScrollView:file:///C:/Users/bhara/StudioProjects/simple_billing_app/lib/views/screens/billing_screen.dart:240:14

When the exception was thrown, this was the stack:
#2      RenderBox.size (package:flutter/src/rendering/box.dart:2251:12)
#3      RenderProxyBoxMixin.performLayout (package:flutter/src/rendering/proxy_box.dart:118:62)
#4      RenderObject.layout (package:flutter/src/rendering/object.dart:2768:7)
#5      RenderProxyBoxMixin.performLayout (package:flutter/src/rendering/proxy_box.dart:118:18)
#6      RenderObject.layout (package:flutter/src/rendering/object.dart:2768:7)
#7      RenderProxyBoxMixin.performLayout (package:flutter/src/rendering/proxy_box.dart:118:18)
#8      RenderObject.layout (package:flutter/src/rendering/object.dart:2768:7)
#9      RenderProxyBoxMixin.performLayout (package:flutter/src/rendering/proxy_box.dart:118:18)
#10     _RenderCustomClip.performLayout (package:flutter/src/rendering/proxy_box.dart:1549:11)
#11     RenderObject.layout (package:flutter/src/rendering/object.dart:2768:7)
#12     RenderPadding.performLayout (package:flutter/src/rendering/shifted_box.dart:262:12)
#13     RenderObject.layout (package:flutter/src/rendering/object.dart:2768:7)
#14     _RenderLayoutBuilder.performLayout (package:flutter/src/widgets/layout_builder.dart:449:14)
#15     RenderObject.layout (package:flutter/src/rendering/object.dart:2768:7)
#16     MultiChildLayoutDelegate.layoutChild (package:flutter/src/rendering/custom_layout.dart:180:12)
#17     _ScaffoldLayout.performLayout (package:flutter/src/material/scaffold.dart:1113:7)
#18     MultiChildLayoutDelegate._callPerformLayout (package:flutter/src/rendering/custom_layout.dart:246:7)
#19     RenderCustomMultiChildLayoutBox.performLayout (package:flutter/src/rendering/custom_layout.dart:417:14)
#20     RenderObject.layout (package:flutter/src/rendering/object.dart:2768:7)
#21     RenderProxyBoxMixin.performLayout (package:flutter/src/rendering/proxy_box.dart:118:18)
#22     RenderObject.layout (package:flutter/src/rendering/object.dart:2768:7)
#23     RenderProxyBoxMixin.performLayout (package:flutter/src/rendering/proxy_box.dart:118:18)
#24     _RenderCustomClip.performLayout (package:flutter/src/rendering/proxy_box.dart:1549:11)
#25     RenderObject.layout (package:flutter/src/rendering/object.dart:2768:7)
#26     RenderProxyBoxMixin.performLayout (package:flutter/src/rendering/proxy_box.dart:118:18)
#27     RenderObject.layout (package:flutter/src/rendering/object.dart:2768:7)
#28     RenderProxyBoxMixin.performLayout (package:flutter/src/rendering/proxy_box.dart:118:18)
#29     RenderObject.layout (package:flutter/src/rendering/object.dart:2768:7)
#30     RenderProxyBoxMixin.performLayout (package:flutter/src/rendering/proxy_box.dart:118:18)
#31     RenderObject.layout (package:flutter/src/rendering/object.dart:2768:7)
#32     RenderProxyBoxMixin.performLayout (package:flutter/src/rendering/proxy_box.dart:118:18)
#33     RenderObject.layout (package:flutter/src/rendering/object.dart:2768:7)
#34     RenderProxyBoxMixin.performLayout (package:flutter/src/rendering/proxy_box.dart:118:18)
#35     RenderObject.layout (package:flutter/src/rendering/object.dart:2768:7)
#36     RenderProxyBoxMixin.performLayout (package:flutter/src/rendering/proxy_box.dart:118:18)
#37     RenderObject.layout (package:flutter/src/rendering/object.dart:2768:7)
#38     RenderProxyBoxMixin.performLayout (package:flutter/src/rendering/proxy_box.dart:118:18)
#39     RenderObject.layout (package:flutter/src/rendering/object.dart:2768:7)
#40     RenderProxyBoxMixin.performLayout (package:flutter/src/rendering/proxy_box.dart:118:18)
#41     RenderObject.layout (package:flutter/src/rendering/object.dart:2768:7)
#42     RenderProxyBoxMixin.performLayout (package:flutter/src/rendering/proxy_box.dart:118:18)
#43     RenderObject.layout (package:flutter/src/rendering/object.dart:2768:7)
#44     RenderProxyBoxMixin.performLayout (package:flutter/src/rendering/proxy_box.dart:118:18)
#45     RenderObject.layout (package:flutter/src/rendering/object.dart:2768:7)
#46     RenderProxyBoxMixin.performLayout (package:flutter/src/rendering/proxy_box.dart:118:18)
#47     RenderObject.layout (package:flutter/src/rendering/object.dart:2768:7)
#48     RenderProxyBoxMixin.performLayout (package:flutter/src/rendering/proxy_box.dart:118:18)
#49     RenderObject.layout (package:flutter/src/rendering/object.dart:2768:7)
#50     RenderProxyBoxMixin.performLayout (package:flutter/src/rendering/proxy_box.dart:118:18)
#51     RenderObject.layout (package:flutter/src/rendering/object.dart:2768:7)
#52     RenderProxyBoxMixin.performLayout (package:flutter/src/rendering/proxy_box.dart:118:18)
#53     RenderObject.layout (package:flutter/src/rendering/object.dart:2768:7)
#54     RenderProxyBoxMixin.performLayout (package:flutter/src/rendering/proxy_box.dart:118:18)
#55     RenderObject.layout (package:flutter/src/rendering/object.dart:2768:7)
#56     RenderProxyBoxMixin.performLayout (package:flutter/src/rendering/proxy_box.dart:118:18)
#57     RenderOffstage.performLayout (package:flutter/src/rendering/proxy_box.dart:3923:13)
#58     RenderObject.layout (package:flutter/src/rendering/object.dart:2768:7)
#59     RenderProxyBoxMixin.performLayout (package:flutter/src/rendering/proxy_box.dart:118:18)
#60     RenderObject.layout (package:flutter/src/rendering/object.dart:2768:7)
#61     _RenderTheaterMixin.layoutChild (package:flutter/src/widgets/overlay.dart:1084:13)
#62     _RenderTheater.performLayout (package:flutter/src/widgets/overlay.dart:1429:9)
#63     RenderObject.layout (package:flutter/src/rendering/object.dart:2768:7)
#64     RenderProxyBoxMixin.performLayout (package:flutter/src/rendering/proxy_box.dart:118:18)
#65     RenderObject.layout (package:flutter/src/rendering/object.dart:2768:7)
#66     RenderProxyBoxMixin.performLayout (package:flutter/src/rendering/proxy_box.dart:118:18)
#67     RenderObject.layout (package:flutter/src/rendering/object.dart:2768:7)
#68     RenderProxyBoxMixin.performLayout (package:flutter/src/rendering/proxy_box.dart:118:18)
#69     RenderObject.layout (package:flutter/src/rendering/object.dart:2768:7)
#70     RenderProxyBoxMixin.performLayout (package:flutter/src/rendering/proxy_box.dart:118:18)
#71     RenderCustomPaint.performLayout (package:flutter/src/rendering/custom_paint.dart:574:11)
#72     RenderObject.layout (package:flutter/src/rendering/object.dart:2768:7)
#73     RenderProxyBoxMixin.performLayout (package:flutter/src/rendering/proxy_box.dart:118:18)
#74     RenderObject.layout (package:flutter/src/rendering/object.dart:2768:7)
#75     RenderProxyBoxMixin.performLayout (package:flutter/src/rendering/proxy_box.dart:118:18)
#76     RenderObject.layout (package:flutter/src/rendering/object.dart:2768:7)
#77     RenderProxyBoxMixin.performLayout (package:flutter/src/rendering/proxy_box.dart:118:18)
#78     RenderObject.layout (package:flutter/src/rendering/object.dart:2768:7)
#79     RenderProxyBoxMixin.performLayout (package:flutter/src/rendering/proxy_box.dart:118:18)
#80     RenderObject.layout (package:flutter/src/rendering/object.dart:2768:7)
#81     RenderProxyBoxMixin.performLayout (package:flutter/src/rendering/proxy_box.dart:118:18)
#82     RenderObject.layout (package:flutter/src/rendering/object.dart:2768:7)
#83     RenderProxyBoxMixin.performLayout (package:flutter/src/rendering/proxy_box.dart:118:18)
#84     RenderObject.layout (package:flutter/src/rendering/object.dart:2768:7)
#85     RenderView.performLayout (package:flutter/src/rendering/view.dart:292:12)
#86     RenderObject._layoutWithoutResize (package:flutter/src/rendering/object.dart:2616:7)
#87     PipelineOwner.flushLayout (package:flutter/src/rendering/object.dart:1174:18)
#88     PipelineOwner.flushLayout (package:flutter/src/rendering/object.dart:1187:15)
#89     AutomatedTestWidgetsFlutterBinding.drawFrame (package:flutter_test/src/binding.dart:2133:27)
#90     RendererBinding._handlePersistentFrameCallback (package:flutter/src/rendering/binding.dart:495:5)
#91     SchedulerBinding._invokeFrameCallback (package:flutter/src/scheduler/binding.dart:1430:15)
#92     SchedulerBinding.handleDrawFrame (package:flutter/src/scheduler/binding.dart:1345:9)
#93     AutomatedTestWidgetsFlutterBinding.pump.<anonymous closure> (package:flutter_test/src/binding.dart:1960:9)
#96     TestAsyncUtils.guard (package:flutter_test/src/test_async_utils.dart:74:41)
#97     AutomatedTestWidgetsFlutterBinding.pump (package:flutter_test/src/binding.dart:1949:27)
#98     WidgetTester.pumpWidget.<anonymous closure> (package:flutter_test/src/widget_tester.dart:598:22)
#101    TestAsyncUtils.guard (package:flutter_test/src/test_async_utils.dart:74:41)
#102    WidgetTester.pumpWidget (package:flutter_test/src/widget_tester.dart:595:27)
#103    main.<anonymous closure>.<anonymous closure> (file:///C:/Users/bhara/StudioProjects/simple_billing_app/test/widget/billing_screen_test.dart:63:20)
#104    testWidgets.<anonymous closure>.<anonymous closure> (package:flutter_test/src/widget_tester.dart:192:29)
<asynchronous suspension>
#105    TestWidgetsFlutterBinding._runTestBody (package:flutter_test/src/binding.dart:1682:5)
<asynchronous suspension>
<asynchronous suspension>
(elided 7 frames from class _AssertionError, dart:async, and package:stack_trace)

The following RenderObject was being processed when the exception was fired: RenderPointerListener#82391 relayoutBoundary=up6 NEEDS-LAYOUT NEEDS-PAINT NEEDS-COMPOSITING-BITS-UPDATE:
  creator: Listener ΓåÉ _ScrollableScope ΓåÉ _ScrollSemantics-[GlobalKey#28331] ΓåÉ
    NotificationListener<ScrollMetricsNotification> ΓåÉ Transform ΓåÉ StretchEffect ΓåÉ ClipRect ΓåÉ
    AnimatedBuilder ΓåÉ NotificationListener<ScrollNotification> ΓåÉ StretchingOverscrollIndicator ΓåÉ
    Scrollable ΓåÉ PrimaryScrollController ΓåÉ Γï»
  parentData: <none> (can use size)
  constraints: BoxConstraints(0.0<=w<=1136.0, 0.0<=h<=613.0)
  size: MISSING
  behavior: deferToChild
  listeners: signal
This RenderObject had the following descendants (showing up to depth 5):
    child: RenderSemanticsGestureHandler#91527 relayoutBoundary=up7 NEEDS-PAINT NEEDS-COMPOSITING-BITS-UPDATE
      child: RenderPointerListener#b0a85 relayoutBoundary=up8 NEEDS-PAINT NEEDS-COMPOSITING-BITS-UPDATE
        child: RenderSemanticsAnnotations#9eda5 relayoutBoundary=up9 NEEDS-PAINT NEEDS-COMPOSITING-BITS-UPDATE
          child: RenderIgnorePointer#e8e6c relayoutBoundary=up10 NEEDS-PAINT NEEDS-COMPOSITING-BITS-UPDATE
            child: _RenderSingleChildViewport#8a78f relayoutBoundary=up11 NEEDS-PAINT NEEDS-COMPOSITING-BITS-UPDATE
ΓòÉΓòÉΓòÉΓòÉΓòÉΓòÉΓòÉΓòÉΓòÉΓòÉΓòÉΓòÉΓòÉΓòÉΓòÉΓòÉΓòÉΓòÉΓòÉΓòÉΓòÉΓòÉΓòÉΓòÉΓòÉΓòÉΓòÉΓòÉΓòÉΓòÉΓòÉΓòÉΓòÉΓòÉΓòÉΓòÉΓòÉΓòÉΓòÉΓòÉΓòÉΓòÉΓòÉΓòÉΓòÉΓòÉΓòÉΓòÉΓòÉΓòÉΓòÉΓòÉΓòÉΓòÉΓòÉΓòÉΓòÉΓòÉΓòÉΓòÉΓòÉΓòÉΓòÉΓòÉΓòÉΓòÉΓòÉΓòÉΓòÉΓòÉΓòÉΓòÉΓòÉΓòÉΓòÉΓòÉΓòÉΓòÉΓòÉΓòÉΓòÉΓòÉΓòÉΓòÉΓòÉΓòÉΓòÉΓòÉΓòÉΓòÉΓòÉΓòÉΓòÉΓòÉΓòÉΓòÉΓòÉΓòÉΓòÉΓòÉ
ΓòÉΓòÉΓòí EXCEPTION CAUGHT BY RENDERING LIBRARY Γò₧ΓòÉΓòÉΓòÉΓòÉΓòÉΓòÉΓòÉΓòÉΓòÉΓòÉΓòÉΓòÉΓòÉΓòÉΓòÉΓòÉΓòÉΓòÉΓòÉΓòÉΓòÉΓòÉΓòÉΓòÉΓòÉΓòÉΓòÉΓòÉΓòÉΓòÉΓòÉΓòÉΓòÉΓòÉΓòÉΓòÉΓòÉΓòÉΓòÉΓòÉΓòÉΓòÉΓòÉΓòÉΓòÉΓòÉΓòÉΓòÉΓòÉΓòÉΓòÉΓòÉΓòÉΓòÉΓòÉΓòÉΓòÉ
The following assertion was thrown during performLayout():
RenderBox was not laid out: RenderPointerListener#82391 relayoutBoundary=up6 NEEDS-PAINT
NEEDS-COMPOSITING-BITS-UPDATE
'package:flutter/src/rendering/box.dart':
Failed assertion: line 2251 pos 12: 'hasSize'

Either the assertion indicates an error in the framework itself, or we should provide substantially
more information in this error message to help you determine and fix the underlying cause.
In either case, please report this assertion by filing a bug on GitHub:
  https://github.com/flutter/flutter/issues/new?template=02_bug.yml

The relevant error-causing widget was:
  SingleChildScrollView
  SingleChildScrollView:file:///C:/Users/bhara/StudioProjects/simple_billing_app/lib/views/screens/billing_screen.dart:240:14

When the exception was thrown, this was the stack:
#2      RenderBox.size (package:flutter/src/rendering/box.dart:2251:12)
#3      RenderProxyBoxMixin.performLayout (package:flutter/src/rendering/proxy_box.dart:118:62)
#4      RenderObject.layout (package:flutter/src/rendering/object.dart:2768:7)
#5      RenderProxyBoxMixin.performLayout (package:flutter/src/rendering/proxy_box.dart:118:18)
#6      RenderObject.layout (package:flutter/src/rendering/object.dart:2768:7)
#7      RenderProxyBoxMixin.performLayout (package:flutter/src/rendering/proxy_box.dart:118:18)
#8      _RenderCustomClip.performLayout (package:flutter/src/rendering/proxy_box.dart:1549:11)
#9      RenderObject.layout (package:flutter/src/rendering/object.dart:2768:7)
#10     RenderPadding.performLayout (package:flutter/src/rendering/shifted_box.dart:262:12)
#11     RenderObject.layout (package:flutter/src/rendering/object.dart:2768:7)
#12     _RenderLayoutBuilder.performLayout (package:flutter/src/widgets/layout_builder.dart:449:14)
#13     RenderObject.layout (package:flutter/src/rendering/object.dart:2768:7)
#14     MultiChildLayoutDelegate.layoutChild (package:flutter/src/rendering/custom_layout.dart:180:12)
#15     _ScaffoldLayout.performLayout (package:flutter/src/material/scaffold.dart:1113:7)
#16     MultiChildLayoutDelegate._callPerformLayout (package:flutter/src/rendering/custom_layout.dart:246:7)
#17     RenderCustomMultiChildLayoutBox.performLayout (package:flutter/src/rendering/custom_layout.dart:417:14)
#18     RenderObject.layout (package:flutter/src/rendering/object.dart:2768:7)
#19     RenderProxyBoxMixin.performLayout (package:flutter/src/rendering/proxy_box.dart:118:18)
#20     RenderObject.layout (package:flutter/src/rendering/object.dart:2768:7)
#21     RenderProxyBoxMixin.performLayout (package:flutter/src/rendering/proxy_box.dart:118:18)
#22     _RenderCustomClip.performLayout (package:flutter/src/rendering/proxy_box.dart:1549:11)
#23     RenderObject.layout (package:flutter/src/rendering/object.dart:2768:7)
#24     RenderProxyBoxMixin.performLayout (package:flutter/src/rendering/proxy_box.dart:118:18)
#25     RenderObject.layout (package:flutter/src/rendering/object.dart:2768:7)
#26     RenderProxyBoxMixin.performLayout (package:flutter/src/rendering/proxy_box.dart:118:18)
#27     RenderObject.layout (package:flutter/src/rendering/object.dart:2768:7)
#28     RenderProxyBoxMixin.performLayout (package:flutter/src/rendering/proxy_box.dart:118:18)
#29     RenderObject.layout (package:flutter/src/rendering/object.dart:2768:7)
#30     RenderProxyBoxMixin.performLayout (package:flutter/src/rendering/proxy_box.dart:118:18)
#31     RenderObject.layout (package:flutter/src/rendering/object.dart:2768:7)
#32     RenderProxyBoxMixin.performLayout (package:flutter/src/rendering/proxy_box.dart:118:18)
#33     RenderObject.layout (package:flutter/src/rendering/object.dart:2768:7)
#34     RenderProxyBoxMixin.performLayout (package:flutter/src/rendering/proxy_box.dart:118:18)
#35     RenderObject.layout (package:flutter/src/rendering/object.dart:2768:7)
#36     RenderProxyBoxMixin.performLayout (package:flutter/src/rendering/proxy_box.dart:118:18)
#37     RenderObject.layout (package:flutter/src/rendering/object.dart:2768:7)
#38     RenderProxyBoxMixin.performLayout (package:flutter/src/rendering/proxy_box.dart:118:18)
#39     RenderObject.layout (package:flutter/src/rendering/object.dart:2768:7)
#40     RenderProxyBoxMixin.performLayout (package:flutter/src/rendering/proxy_box.dart:118:18)
#41     RenderObject.layout (package:flutter/src/rendering/object.dart:2768:7)
#42     RenderProxyBoxMixin.performLayout (package:flutter/src/rendering/proxy_box.dart:118:18)
#43     RenderObject.layout (package:flutter/src/rendering/object.dart:2768:7)
#44     RenderProxyBoxMixin.performLayout (package:flutter/src/rendering/proxy_box.dart:118:18)
#45     RenderObject.layout (package:flutter/src/rendering/object.dart:2768:7)
#46     RenderProxyBoxMixin.performLayout (package:flutter/src/rendering/proxy_box.dart:118:18)
#47     RenderObject.layout (package:flutter/src/rendering/object.dart:2768:7)
#48     RenderProxyBoxMixin.performLayout (package:flutter/src/rendering/proxy_box.dart:118:18)
#49     RenderObject.layout (package:flutter/src/rendering/object.dart:2768:7)
#50     RenderProxyBoxMixin.performLayout (package:flutter/src/rendering/proxy_box.dart:118:18)
#51     RenderObject.layout (package:flutter/src/rendering/object.dart:2768:7)
#52     RenderProxyBoxMixin.performLayout (package:flutter/src/rendering/proxy_box.dart:118:18)
#53     RenderObject.layout (package:flutter/src/rendering/object.dart:2768:7)
#54     RenderProxyBoxMixin.performLayout (package:flutter/src/rendering/proxy_box.dart:118:18)
#55     RenderOffstage.performLayout (package:flutter/src/rendering/proxy_box.dart:3923:13)
#56     RenderObject.layout (package:flutter/src/rendering/object.dart:2768:7)
#57     RenderProxyBoxMixin.performLayout (package:flutter/src/rendering/proxy_box.dart:118:18)
#58     RenderObject.layout (package:flutter/src/rendering/object.dart:2768:7)
#59     _RenderTheaterMixin.layoutChild (package:flutter/src/widgets/overlay.dart:1084:13)
#60     _RenderTheater.performLayout (package:flutter/src/widgets/overlay.dart:1429:9)
#61     RenderObject.layout (package:flutter/src/rendering/object.dart:2768:7)
#62     RenderProxyBoxMixin.performLayout (package:flutter/src/rendering/proxy_box.dart:118:18)
#63     RenderObject.layout (package:flutter/src/rendering/object.dart:2768:7)
#64     RenderProxyBoxMixin.performLayout (package:flutter/src/rendering/proxy_box.dart:118:18)
#65     RenderObject.layout (package:flutter/src/rendering/object.dart:2768:7)
#66     RenderProxyBoxMixin.performLayout (package:flutter/src/rendering/proxy_box.dart:118:18)
#67     RenderObject.layout (package:flutter/src/rendering/object.dart:2768:7)
#68     RenderProxyBoxMixin.performLayout (package:flutter/src/rendering/proxy_box.dart:118:18)
#69     RenderCustomPaint.performLayout (package:flutter/src/rendering/custom_paint.dart:574:11)
#70     RenderObject.layout (package:flutter/src/rendering/object.dart:2768:7)
#71     RenderProxyBoxMixin.performLayout (package:flutter/src/rendering/proxy_box.dart:118:18)
#72     RenderObject.layout (package:flutter/src/rendering/object.dart:2768:7)
#73     RenderProxyBoxMixin.performLayout (package:flutter/src/rendering/proxy_box.dart:118:18)
#74     RenderObject.layout (package:flutter/src/rendering/object.dart:2768:7)
#75     RenderProxyBoxMixin.performLayout (package:flutter/src/rendering/proxy_box.dart:118:18)
#76     RenderObject.layout (package:flutter/src/rendering/object.dart:2768:7)
#77     RenderProxyBoxMixin.performLayout (package:flutter/src/rendering/proxy_box.dart:118:18)
#78     RenderObject.layout (package:flutter/src/rendering/object.dart:2768:7)
#79     RenderProxyBoxMixin.performLayout (package:flutter/src/rendering/proxy_box.dart:118:18)
#80     RenderObject.layout (package:flutter/src/rendering/object.dart:2768:7)
#81     RenderProxyBoxMixin.performLayout (package:flutter/src/rendering/proxy_box.dart:118:18)
#82     RenderObject.layout (package:flutter/src/rendering/object.dart:2768:7)
#83     RenderView.performLayout (package:flutter/src/rendering/view.dart:292:12)
#84     RenderObject._layoutWithoutResize (package:flutter/src/rendering/object.dart:2616:7)
#85     PipelineOwner.flushLayout (package:flutter/src/rendering/object.dart:1174:18)
#86     PipelineOwner.flushLayout (package:flutter/src/rendering/object.dart:1187:15)
#87     AutomatedTestWidgetsFlutterBinding.drawFrame (package:flutter_test/src/binding.dart:2133:27)
#88     RendererBinding._handlePersistentFrameCallback (package:flutter/src/rendering/binding.dart:495:5)
#89     SchedulerBinding._invokeFrameCallback (package:flutter/src/scheduler/binding.dart:1430:15)
#90     SchedulerBinding.handleDrawFrame (package:flutter/src/scheduler/binding.dart:1345:9)
#91     AutomatedTestWidgetsFlutterBinding.pump.<anonymous closure> (package:flutter_test/src/binding.dart:1960:9)
#94     TestAsyncUtils.guard (package:flutter_test/src/test_async_utils.dart:74:41)
#95     AutomatedTestWidgetsFlutterBinding.pump (package:flutter_test/src/binding.dart:1949:27)
#96     WidgetTester.pumpWidget.<anonymous closure> (package:flutter_test/src/widget_tester.dart:598:22)
#99     TestAsyncUtils.guard (package:flutter_test/src/test_async_utils.dart:74:41)
#100    WidgetTester.pumpWidget (package:flutter_test/src/widget_tester.dart:595:27)
#101    main.<anonymous closure>.<anonymous closure> (file:///C:/Users/bhara/StudioProjects/simple_billing_app/test/widget/billing_screen_test.dart:63:20)
#102    testWidgets.<anonymous closure>.<anonymous closure> (package:flutter_test/src/widget_tester.dart:192:29)
<asynchronous suspension>
#103    TestWidgetsFlutterBinding._runTestBody (package:flutter_test/src/binding.dart:1682:5)
<asynchronous suspension>
<asynchronous suspension>
(elided 7 frames from class _AssertionError, dart:async, and package:stack_trace)

The following RenderObject was being processed when the exception was fired: _RenderScrollSemantics#70020 relayoutBoundary=up5 NEEDS-LAYOUT NEEDS-PAINT NEEDS-COMPOSITING-BITS-UPDATE:
  creator: _ScrollSemantics-[GlobalKey#28331] ΓåÉ NotificationListener<ScrollMetricsNotification> ΓåÉ
    Transform ΓåÉ StretchEffect ΓåÉ ClipRect ΓåÉ AnimatedBuilder ΓåÉ NotificationListener<ScrollNotification>
    ΓåÉ StretchingOverscrollIndicator ΓåÉ Scrollable ΓåÉ PrimaryScrollController ΓåÉ SingleChildScrollView ΓåÉ
    Padding ΓåÉ Γï»
  parentData: <none> (can use size)
  constraints: BoxConstraints(0.0<=w<=1136.0, 0.0<=h<=613.0)
  semantic boundary
  size: MISSING
This RenderObject had the following descendants (showing up to depth 5):
    child: RenderPointerListener#82391 relayoutBoundary=up6 NEEDS-PAINT NEEDS-COMPOSITING-BITS-UPDATE
      child: RenderSemanticsGestureHandler#91527 relayoutBoundary=up7 NEEDS-PAINT NEEDS-COMPOSITING-BITS-UPDATE
        child: RenderPointerListener#b0a85 relayoutBoundary=up8 NEEDS-PAINT NEEDS-COMPOSITING-BITS-UPDATE
          child: RenderSemanticsAnnotations#9eda5 relayoutBoundary=up9 NEEDS-PAINT NEEDS-COMPOSITING-BITS-UPDATE
            child: RenderIgnorePointer#e8e6c relayoutBoundary=up10 NEEDS-PAINT NEEDS-COMPOSITING-BITS-UPDATE
ΓòÉΓòÉΓòÉΓòÉΓòÉΓòÉΓòÉΓòÉΓòÉΓòÉΓòÉΓòÉΓòÉΓòÉΓòÉΓòÉΓòÉΓòÉΓòÉΓòÉΓòÉΓòÉΓòÉΓòÉΓòÉΓòÉΓòÉΓòÉΓòÉΓòÉΓòÉΓòÉΓòÉΓòÉΓòÉΓòÉΓòÉΓòÉΓòÉΓòÉΓòÉΓòÉΓòÉΓòÉΓòÉΓòÉΓòÉΓòÉΓòÉΓòÉΓòÉΓòÉΓòÉΓòÉΓòÉΓòÉΓòÉΓòÉΓòÉΓòÉΓòÉΓòÉΓòÉΓòÉΓòÉΓòÉΓòÉΓòÉΓòÉΓòÉΓòÉΓòÉΓòÉΓòÉΓòÉΓòÉΓòÉΓòÉΓòÉΓòÉΓòÉΓòÉΓòÉΓòÉΓòÉΓòÉΓòÉΓòÉΓòÉΓòÉΓòÉΓòÉΓòÉΓòÉΓòÉΓòÉΓòÉΓòÉΓòÉΓòÉ
ΓòÉΓòÉΓòí EXCEPTION CAUGHT BY RENDERING LIBRARY Γò₧ΓòÉΓòÉΓòÉΓòÉΓòÉΓòÉΓòÉΓòÉΓòÉΓòÉΓòÉΓòÉΓòÉΓòÉΓòÉΓòÉΓòÉΓòÉΓòÉΓòÉΓòÉΓòÉΓòÉΓòÉΓòÉΓòÉΓòÉΓòÉΓòÉΓòÉΓòÉΓòÉΓòÉΓòÉΓòÉΓòÉΓòÉΓòÉΓòÉΓòÉΓòÉΓòÉΓòÉΓòÉΓòÉΓòÉΓòÉΓòÉΓòÉΓòÉΓòÉΓòÉΓòÉΓòÉΓòÉΓòÉΓòÉ
The following assertion was thrown during performLayout():
RenderBox was not laid out: _RenderScrollSemantics#70020 relayoutBoundary=up5 NEEDS-PAINT
NEEDS-COMPOSITING-BITS-UPDATE
'package:flutter/src/rendering/box.dart':
Failed assertion: line 2251 pos 12: 'hasSize'

Either the assertion indicates an error in the framework itself, or we should provide substantially
more information in this error message to help you determine and fix the underlying cause.
In either case, please report this assertion by filing a bug on GitHub:
  https://github.com/flutter/flutter/issues/new?template=02_bug.yml

The relevant error-causing widget was:
  SingleChildScrollView
  SingleChildScrollView:file:///C:/Users/bhara/StudioProjects/simple_billing_app/lib/views/screens/billing_screen.dart:240:14

When the exception was thrown, this was the stack:
#2      RenderBox.size (package:flutter/src/rendering/box.dart:2251:12)
#3      RenderProxyBoxMixin.performLayout (package:flutter/src/rendering/proxy_box.dart:118:62)
#4      RenderObject.layout (package:flutter/src/rendering/object.dart:2768:7)
#5      RenderProxyBoxMixin.performLayout (package:flutter/src/rendering/proxy_box.dart:118:18)
#6      _RenderCustomClip.performLayout (package:flutter/src/rendering/proxy_box.dart:1549:11)
#7      RenderObject.layout (package:flutter/src/rendering/object.dart:2768:7)
#8      RenderPadding.performLayout (package:flutter/src/rendering/shifted_box.dart:262:12)
#9      RenderObject.layout (package:flutter/src/rendering/object.dart:2768:7)
#10     _RenderLayoutBuilder.performLayout (package:flutter/src/widgets/layout_builder.dart:449:14)
#11     RenderObject.layout (package:flutter/src/rendering/object.dart:2768:7)
#12     MultiChildLayoutDelegate.layoutChild (package:flutter/src/rendering/custom_layout.dart:180:12)
#13     _ScaffoldLayout.performLayout (package:flutter/src/material/scaffold.dart:1113:7)
#14     MultiChildLayoutDelegate._callPerformLayout (package:flutter/src/rendering/custom_layout.dart:246:7)
#15     RenderCustomMultiChildLayoutBox.performLayout (package:flutter/src/rendering/custom_layout.dart:417:14)
#16     RenderObject.layout (package:flutter/src/rendering/object.dart:2768:7)
#17     RenderProxyBoxMixin.performLayout (package:flutter/src/rendering/proxy_box.dart:118:18)
#18     RenderObject.layout (package:flutter/src/rendering/object.dart:2768:7)
#19     RenderProxyBoxMixin.performLayout (package:flutter/src/rendering/proxy_box.dart:118:18)
#20     _RenderCustomClip.performLayout (package:flutter/src/rendering/proxy_box.dart:1549:11)
#21     RenderObject.layout (package:flutter/src/rendering/object.dart:2768:7)
#22     RenderProxyBoxMixin.performLayout (package:flutter/src/rendering/proxy_box.dart:118:18)
#23     RenderObject.layout (package:flutter/src/rendering/object.dart:2768:7)
#24     RenderProxyBoxMixin.performLayout (package:flutter/src/rendering/proxy_box.dart:118:18)
#25     RenderObject.layout (package:flutter/src/rendering/object.dart:2768:7)
#26     RenderProxyBoxMixin.performLayout (package:flutter/src/rendering/proxy_box.dart:118:18)
#27     RenderObject.layout (package:flutter/src/rendering/object.dart:2768:7)
#28     RenderProxyBoxMixin.performLayout (package:flutter/src/rendering/proxy_box.dart:118:18)
#29     RenderObject.layout (package:flutter/src/rendering/object.dart:2768:7)
#30     RenderProxyBoxMixin.performLayout (package:flutter/src/rendering/proxy_box.dart:118:18)
#31     RenderObject.layout (package:flutter/src/rendering/object.dart:2768:7)
#32     RenderProxyBoxMixin.performLayout (package:flutter/src/rendering/proxy_box.dart:118:18)
#33     RenderObject.layout (package:flutter/src/rendering/object.dart:2768:7)
#34     RenderProxyBoxMixin.performLayout (package:flutter/src/rendering/proxy_box.dart:118:18)
#35     RenderObject.layout (package:flutter/src/rendering/object.dart:2768:7)
#36     RenderProxyBoxMixin.performLayout (package:flutter/src/rendering/proxy_box.dart:118:18)
#37     RenderObject.layout (package:flutter/src/rendering/object.dart:2768:7)
#38     RenderProxyBoxMixin.performLayout (package:flutter/src/rendering/proxy_box.dart:118:18)
#39     RenderObject.layout (package:flutter/src/rendering/object.dart:2768:7)
#40     RenderProxyBoxMixin.performLayout (package:flutter/src/rendering/proxy_box.dart:118:18)
#41     RenderObject.layout (package:flutter/src/rendering/object.dart:2768:7)
#42     RenderProxyBoxMixin.performLayout (package:flutter/src/rendering/proxy_box.dart:118:18)
#43     RenderObject.layout (package:flutter/src/rendering/object.dart:2768:7)
#44     RenderProxyBoxMixin.performLayout (package:flutter/src/rendering/proxy_box.dart:118:18)
#45     RenderObject.layout (package:flutter/src/rendering/object.dart:2768:7)
#46     RenderProxyBoxMixin.performLayout (package:flutter/src/rendering/proxy_box.dart:118:18)
#47     RenderObject.layout (package:flutter/src/rendering/object.dart:2768:7)
#48     RenderProxyBoxMixin.performLayout (package:flutter/src/rendering/proxy_box.dart:118:18)
#49     RenderObject.layout (package:flutter/src/rendering/object.dart:2768:7)
#50     RenderProxyBoxMixin.performLayout (package:flutter/src/rendering/proxy_box.dart:118:18)
#51     RenderObject.layout (package:flutter/src/rendering/object.dart:2768:7)
#52     RenderProxyBoxMixin.performLayout (package:flutter/src/rendering/proxy_box.dart:118:18)
#53     RenderOffstage.performLayout (package:flutter/src/rendering/proxy_box.dart:3923:13)
#54     RenderObject.layout (package:flutter/src/rendering/object.dart:2768:7)
#55     RenderProxyBoxMixin.performLayout (package:flutter/src/rendering/proxy_box.dart:118:18)
#56     RenderObject.layout (package:flutter/src/rendering/object.dart:2768:7)
#57     _RenderTheaterMixin.layoutChild (package:flutter/src/widgets/overlay.dart:1084:13)
#58     _RenderTheater.performLayout (package:flutter/src/widgets/overlay.dart:1429:9)
#59     RenderObject.layout (package:flutter/src/rendering/object.dart:2768:7)
#60     RenderProxyBoxMixin.performLayout (package:flutter/src/rendering/proxy_box.dart:118:18)
#61     RenderObject.layout (package:flutter/src/rendering/object.dart:2768:7)
#62     RenderProxyBoxMixin.performLayout (package:flutter/src/rendering/proxy_box.dart:118:18)
#63     RenderObject.layout (package:flutter/src/rendering/object.dart:2768:7)
#64     RenderProxyBoxMixin.performLayout (package:flutter/src/rendering/proxy_box.dart:118:18)
#65     RenderObject.layout (package:flutter/src/rendering/object.dart:2768:7)
#66     RenderProxyBoxMixin.performLayout (package:flutter/src/rendering/proxy_box.dart:118:18)
#67     RenderCustomPaint.performLayout (package:flutter/src/rendering/custom_paint.dart:574:11)
#68     RenderObject.layout (package:flutter/src/rendering/object.dart:2768:7)
#69     RenderProxyBoxMixin.performLayout (package:flutter/src/rendering/proxy_box.dart:118:18)
#70     RenderObject.layout (package:flutter/src/rendering/object.dart:2768:7)
#71     RenderProxyBoxMixin.performLayout (package:flutter/src/rendering/proxy_box.dart:118:18)
#72     RenderObject.layout (package:flutter/src/rendering/object.dart:2768:7)
#73     RenderProxyBoxMixin.performLayout (package:flutter/src/rendering/proxy_box.dart:118:18)
#74     RenderObject.layout (package:flutter/src/rendering/object.dart:2768:7)
#75     RenderProxyBoxMixin.performLayout (package:flutter/src/rendering/proxy_box.dart:118:18)
#76     RenderObject.layout (package:flutter/src/rendering/object.dart:2768:7)
#77     RenderProxyBoxMixin.performLayout (package:flutter/src/rendering/proxy_box.dart:118:18)
#78     RenderObject.layout (package:flutter/src/rendering/object.dart:2768:7)
#79     RenderProxyBoxMixin.performLayout (package:flutter/src/rendering/proxy_box.dart:118:18)
#80     RenderObject.layout (package:flutter/src/rendering/object.dart:2768:7)
#81     RenderView.performLayout (package:flutter/src/rendering/view.dart:292:12)
#82     RenderObject._layoutWithoutResize (package:flutter/src/rendering/object.dart:2616:7)
#83     PipelineOwner.flushLayout (package:flutter/src/rendering/object.dart:1174:18)
#84     PipelineOwner.flushLayout (package:flutter/src/rendering/object.dart:1187:15)
#85     AutomatedTestWidgetsFlutterBinding.drawFrame (package:flutter_test/src/binding.dart:2133:27)
#86     RendererBinding._handlePersistentFrameCallback (package:flutter/src/rendering/binding.dart:495:5)
#87     SchedulerBinding._invokeFrameCallback (package:flutter/src/scheduler/binding.dart:1430:15)
#88     SchedulerBinding.handleDrawFrame (package:flutter/src/scheduler/binding.dart:1345:9)
#89     AutomatedTestWidgetsFlutterBinding.pump.<anonymous closure> (package:flutter_test/src/binding.dart:1960:9)
#92     TestAsyncUtils.guard (package:flutter_test/src/test_async_utils.dart:74:41)
#93     AutomatedTestWidgetsFlutterBinding.pump (package:flutter_test/src/binding.dart:1949:27)
#94     WidgetTester.pumpWidget.<anonymous closure> (package:flutter_test/src/widget_tester.dart:598:22)
#97     TestAsyncUtils.guard (package:flutter_test/src/test_async_utils.dart:74:41)
#98     WidgetTester.pumpWidget (package:flutter_test/src/widget_tester.dart:595:27)
#99     main.<anonymous closure>.<anonymous closure> (file:///C:/Users/bhara/StudioProjects/simple_billing_app/test/widget/billing_screen_test.dart:63:20)
#100    testWidgets.<anonymous closure>.<anonymous closure> (package:flutter_test/src/widget_tester.dart:192:29)
<asynchronous suspension>
#101    TestWidgetsFlutterBinding._runTestBody (package:flutter_test/src/binding.dart:1682:5)
<asynchronous suspension>
<asynchronous suspension>
(elided 7 frames from class _AssertionError, dart:async, and package:stack_trace)

The following RenderObject was being processed when the exception was fired: RenderTransform#a574a relayoutBoundary=up4 NEEDS-LAYOUT NEEDS-PAINT NEEDS-COMPOSITING-BITS-UPDATE:
  creator: Transform ΓåÉ StretchEffect ΓåÉ ClipRect ΓåÉ AnimatedBuilder ΓåÉ
    NotificationListener<ScrollNotification> ΓåÉ StretchingOverscrollIndicator ΓåÉ Scrollable ΓåÉ
    PrimaryScrollController ΓåÉ SingleChildScrollView ΓåÉ Padding ΓåÉ LayoutBuilder ΓåÉ
    KeyedSubtree-[GlobalKey#0eab2] ΓåÉ Γï»
  parentData: <none> (can use size)
  constraints: BoxConstraints(0.0<=w<=1136.0, 0.0<=h<=613.0)
  size: MISSING
  transform matrix:
    [0] 1.0,0.0,0.0,0.0
    [1] 0.0,1.0,0.0,0.0
    [2] 0.0,0.0,1.0,0.0
    [3] 0.0,0.0,0.0,1.0
  origin: null
  alignment: AlignmentDirectional.bottomCenter
  textDirection: ltr
  transformHitTests: true
This RenderObject had the following descendants (showing up to depth 5):
    child: _RenderScrollSemantics#70020 relayoutBoundary=up5 NEEDS-PAINT NEEDS-COMPOSITING-BITS-UPDATE
      child: RenderPointerListener#82391 relayoutBoundary=up6 NEEDS-PAINT NEEDS-COMPOSITING-BITS-UPDATE
        child: RenderSemanticsGestureHandler#91527 relayoutBoundary=up7 NEEDS-PAINT NEEDS-COMPOSITING-BITS-UPDATE
          child: RenderPointerListener#b0a85 relayoutBoundary=up8 NEEDS-PAINT NEEDS-COMPOSITING-BITS-UPDATE
            child: RenderSemanticsAnnotations#9eda5 relayoutBoundary=up9 NEEDS-PAINT NEEDS-COMPOSITING-BITS-UPDATE
ΓòÉΓòÉΓòÉΓòÉΓòÉΓòÉΓòÉΓòÉΓòÉΓòÉΓòÉΓòÉΓòÉΓòÉΓòÉΓòÉΓòÉΓòÉΓòÉΓòÉΓòÉΓòÉΓòÉΓòÉΓòÉΓòÉΓòÉΓòÉΓòÉΓòÉΓòÉΓòÉΓòÉΓòÉΓòÉΓòÉΓòÉΓòÉΓòÉΓòÉΓòÉΓòÉΓòÉΓòÉΓòÉΓòÉΓòÉΓòÉΓòÉΓòÉΓòÉΓòÉΓòÉΓòÉΓòÉΓòÉΓòÉΓòÉΓòÉΓòÉΓòÉΓòÉΓòÉΓòÉΓòÉΓòÉΓòÉΓòÉΓòÉΓòÉΓòÉΓòÉΓòÉΓòÉΓòÉΓòÉΓòÉΓòÉΓòÉΓòÉΓòÉΓòÉΓòÉΓòÉΓòÉΓòÉΓòÉΓòÉΓòÉΓòÉΓòÉΓòÉΓòÉΓòÉΓòÉΓòÉΓòÉΓòÉΓòÉΓòÉ
ΓòÉΓòÉΓòí EXCEPTION CAUGHT BY RENDERING LIBRARY Γò₧ΓòÉΓòÉΓòÉΓòÉΓòÉΓòÉΓòÉΓòÉΓòÉΓòÉΓòÉΓòÉΓòÉΓòÉΓòÉΓòÉΓòÉΓòÉΓòÉΓòÉΓòÉΓòÉΓòÉΓòÉΓòÉΓòÉΓòÉΓòÉΓòÉΓòÉΓòÉΓòÉΓòÉΓòÉΓòÉΓòÉΓòÉΓòÉΓòÉΓòÉΓòÉΓòÉΓòÉΓòÉΓòÉΓòÉΓòÉΓòÉΓòÉΓòÉΓòÉΓòÉΓòÉΓòÉΓòÉΓòÉΓòÉ
The following assertion was thrown during performLayout():
RenderBox was not laid out: RenderTransform#a574a relayoutBoundary=up4 NEEDS-PAINT
NEEDS-COMPOSITING-BITS-UPDATE
'package:flutter/src/rendering/box.dart':
Failed assertion: line 2251 pos 12: 'hasSize'

Either the assertion indicates an error in the framework itself, or we should provide substantially
more information in this error message to help you determine and fix the underlying cause.
In either case, please report this assertion by filing a bug on GitHub:
  https://github.com/flutter/flutter/issues/new?template=02_bug.yml

The relevant error-causing widget was:
  SingleChildScrollView
  SingleChildScrollView:file:///C:/Users/bhara/StudioProjects/simple_billing_app/lib/views/screens/billing_screen.dart:240:14

When the exception was thrown, this was the stack:
#2      RenderBox.size (package:flutter/src/rendering/box.dart:2251:12)
#3      RenderProxyBoxMixin.performLayout (package:flutter/src/rendering/proxy_box.dart:118:62)
#4      _RenderCustomClip.performLayout (package:flutter/src/rendering/proxy_box.dart:1549:11)
#5      RenderObject.layout (package:flutter/src/rendering/object.dart:2768:7)
#6      RenderPadding.performLayout (package:flutter/src/rendering/shifted_box.dart:262:12)
#7      RenderObject.layout (package:flutter/src/rendering/object.dart:2768:7)
#8      _RenderLayoutBuilder.performLayout (package:flutter/src/widgets/layout_builder.dart:449:14)
#9      RenderObject.layout (package:flutter/src/rendering/object.dart:2768:7)
#10     MultiChildLayoutDelegate.layoutChild (package:flutter/src/rendering/custom_layout.dart:180:12)
#11     _ScaffoldLayout.performLayout (package:flutter/src/material/scaffold.dart:1113:7)
#12     MultiChildLayoutDelegate._callPerformLayout (package:flutter/src/rendering/custom_layout.dart:246:7)
#13     RenderCustomMultiChildLayoutBox.performLayout (package:flutter/src/rendering/custom_layout.dart:417:14)
#14     RenderObject.layout (package:flutter/src/rendering/object.dart:2768:7)
#15     RenderProxyBoxMixin.performLayout (package:flutter/src/rendering/proxy_box.dart:118:18)
#16     RenderObject.layout (package:flutter/src/rendering/object.dart:2768:7)
#17     RenderProxyBoxMixin.performLayout (package:flutter/src/rendering/proxy_box.dart:118:18)
#18     _RenderCustomClip.performLayout (package:flutter/src/rendering/proxy_box.dart:1549:11)
#19     RenderObject.layout (package:flutter/src/rendering/object.dart:2768:7)
#20     RenderProxyBoxMixin.performLayout (package:flutter/src/rendering/proxy_box.dart:118:18)
#21     RenderObject.layout (package:flutter/src/rendering/object.dart:2768:7)
#22     RenderProxyBoxMixin.performLayout (package:flutter/src/rendering/proxy_box.dart:118:18)
#23     RenderObject.layout (package:flutter/src/rendering/object.dart:2768:7)
#24     RenderProxyBoxMixin.performLayout (package:flutter/src/rendering/proxy_box.dart:118:18)
#25     RenderObject.layout (package:flutter/src/rendering/object.dart:2768:7)
#26     RenderProxyBoxMixin.performLayout (package:flutter/src/rendering/proxy_box.dart:118:18)
#27     RenderObject.layout (package:flutter/src/rendering/object.dart:2768:7)
#28     RenderProxyBoxMixin.performLayout (package:flutter/src/rendering/proxy_box.dart:118:18)
#29     RenderObject.layout (package:flutter/src/rendering/object.dart:2768:7)
#30     RenderProxyBoxMixin.performLayout (package:flutter/src/rendering/proxy_box.dart:118:18)
#31     RenderObject.layout (package:flutter/src/rendering/object.dart:2768:7)
#32     RenderProxyBoxMixin.performLayout (package:flutter/src/rendering/proxy_box.dart:118:18)
#33     RenderObject.layout (package:flutter/src/rendering/object.dart:2768:7)
#34     RenderProxyBoxMixin.performLayout (package:flutter/src/rendering/proxy_box.dart:118:18)
#35     RenderObject.layout (package:flutter/src/rendering/object.dart:2768:7)
#36     RenderProxyBoxMixin.performLayout (package:flutter/src/rendering/proxy_box.dart:118:18)
#37     RenderObject.layout (package:flutter/src/rendering/object.dart:2768:7)
#38     RenderProxyBoxMixin.performLayout (package:flutter/src/rendering/proxy_box.dart:118:18)
#39     RenderObject.layout (package:flutter/src/rendering/object.dart:2768:7)
#40     RenderProxyBoxMixin.performLayout (package:flutter/src/rendering/proxy_box.dart:118:18)
#41     RenderObject.layout (package:flutter/src/rendering/object.dart:2768:7)
#42     RenderProxyBoxMixin.performLayout (package:flutter/src/rendering/proxy_box.dart:118:18)
#43     RenderObject.layout (package:flutter/src/rendering/object.dart:2768:7)
#44     RenderProxyBoxMixin.performLayout (package:flutter/src/rendering/proxy_box.dart:118:18)
#45     RenderObject.layout (package:flutter/src/rendering/object.dart:2768:7)
#46     RenderProxyBoxMixin.performLayout (package:flutter/src/rendering/proxy_box.dart:118:18)
#47     RenderObject.layout (package:flutter/src/rendering/object.dart:2768:7)
#48     RenderProxyBoxMixin.performLayout (package:flutter/src/rendering/proxy_box.dart:118:18)
#49     RenderObject.layout (package:flutter/src/rendering/object.dart:2768:7)
#50     RenderProxyBoxMixin.performLayout (package:flutter/src/rendering/proxy_box.dart:118:18)
#51     RenderOffstage.performLayout (package:flutter/src/rendering/proxy_box.dart:3923:13)
#52     RenderObject.layout (package:flutter/src/rendering/object.dart:2768:7)
#53     RenderProxyBoxMixin.performLayout (package:flutter/src/rendering/proxy_box.dart:118:18)
#54     RenderObject.layout (package:flutter/src/rendering/object.dart:2768:7)
#55     _RenderTheaterMixin.layoutChild (package:flutter/src/widgets/overlay.dart:1084:13)
#56     _RenderTheater.performLayout (package:flutter/src/widgets/overlay.dart:1429:9)
#57     RenderObject.layout (package:flutter/src/rendering/object.dart:2768:7)
#58     RenderProxyBoxMixin.performLayout (package:flutter/src/rendering/proxy_box.dart:118:18)
#59     RenderObject.layout (package:flutter/src/rendering/object.dart:2768:7)
#60     RenderProxyBoxMixin.performLayout (package:flutter/src/rendering/proxy_box.dart:118:18)
#61     RenderObject.layout (package:flutter/src/rendering/object.dart:2768:7)
#62     RenderProxyBoxMixin.performLayout (package:flutter/src/rendering/proxy_box.dart:118:18)
#63     RenderObject.layout (package:flutter/src/rendering/object.dart:2768:7)
#64     RenderProxyBoxMixin.performLayout (package:flutter/src/rendering/proxy_box.dart:118:18)
#65     RenderCustomPaint.performLayout (package:flutter/src/rendering/custom_paint.dart:574:11)
#66     RenderObject.layout (package:flutter/src/rendering/object.dart:2768:7)
#67     RenderProxyBoxMixin.performLayout (package:flutter/src/rendering/proxy_box.dart:118:18)
#68     RenderObject.layout (package:flutter/src/rendering/object.dart:2768:7)
#69     RenderProxyBoxMixin.performLayout (package:flutter/src/rendering/proxy_box.dart:118:18)
#70     RenderObject.layout (package:flutter/src/rendering/object.dart:2768:7)
#71     RenderProxyBoxMixin.performLayout (package:flutter/src/rendering/proxy_box.dart:118:18)
#72     RenderObject.layout (package:flutter/src/rendering/object.dart:2768:7)
#73     RenderProxyBoxMixin.performLayout (package:flutter/src/rendering/proxy_box.dart:118:18)
#74     RenderObject.layout (package:flutter/src/rendering/object.dart:2768:7)
#75     RenderProxyBoxMixin.performLayout (package:flutter/src/rendering/proxy_box.dart:118:18)
#76     RenderObject.layout (package:flutter/src/rendering/object.dart:2768:7)
#77     RenderProxyBoxMixin.performLayout (package:flutter/src/rendering/proxy_box.dart:118:18)
#78     RenderObject.layout (package:flutter/src/rendering/object.dart:2768:7)
#79     RenderView.performLayout (package:flutter/src/rendering/view.dart:292:12)
#80     RenderObject._layoutWithoutResize (package:flutter/src/rendering/object.dart:2616:7)
#81     PipelineOwner.flushLayout (package:flutter/src/rendering/object.dart:1174:18)
#82     PipelineOwner.flushLayout (package:flutter/src/rendering/object.dart:1187:15)
#83     AutomatedTestWidgetsFlutterBinding.drawFrame (package:flutter_test/src/binding.dart:2133:27)
#84     RendererBinding._handlePersistentFrameCallback (package:flutter/src/rendering/binding.dart:495:5)
#85     SchedulerBinding._invokeFrameCallback (package:flutter/src/scheduler/binding.dart:1430:15)
#86     SchedulerBinding.handleDrawFrame (package:flutter/src/scheduler/binding.dart:1345:9)
#87     AutomatedTestWidgetsFlutterBinding.pump.<anonymous closure> (package:flutter_test/src/binding.dart:1960:9)
#90     TestAsyncUtils.guard (package:flutter_test/src/test_async_utils.dart:74:41)
#91     AutomatedTestWidgetsFlutterBinding.pump (package:flutter_test/src/binding.dart:1949:27)
#92     WidgetTester.pumpWidget.<anonymous closure> (package:flutter_test/src/widget_tester.dart:598:22)
#95     TestAsyncUtils.guard (package:flutter_test/src/test_async_utils.dart:74:41)
#96     WidgetTester.pumpWidget (package:flutter_test/src/widget_tester.dart:595:27)
#97     main.<anonymous closure>.<anonymous closure> (file:///C:/Users/bhara/StudioProjects/simple_billing_app/test/widget/billing_screen_test.dart:63:20)
#98     testWidgets.<anonymous closure>.<anonymous closure> (package:flutter_test/src/widget_tester.dart:192:29)
<asynchronous suspension>
#99     TestWidgetsFlutterBinding._runTestBody (package:flutter_test/src/binding.dart:1682:5)
<asynchronous suspension>
<asynchronous suspension>
(elided 7 frames from class _AssertionError, dart:async, and package:stack_trace)

The following RenderObject was being processed when the exception was fired: RenderClipRect#cf3c5 relayoutBoundary=up3 NEEDS-LAYOUT NEEDS-PAINT NEEDS-COMPOSITING-BITS-UPDATE:
  creator: ClipRect ΓåÉ AnimatedBuilder ΓåÉ NotificationListener<ScrollNotification> ΓåÉ
    StretchingOverscrollIndicator ΓåÉ Scrollable ΓåÉ PrimaryScrollController ΓåÉ SingleChildScrollView ΓåÉ
    Padding ΓåÉ LayoutBuilder ΓåÉ KeyedSubtree-[GlobalKey#0eab2] ΓåÉ _BodyBuilder ΓåÉ MediaQuery ΓåÉ Γï»
  parentData: offset=Offset(0.0, 0.0) (can use size)
  constraints: BoxConstraints(0.0<=w<=1136.0, 0.0<=h<=613.0)
  size: MISSING
This RenderObject had the following descendants (showing up to depth 5):
    child: RenderTransform#a574a relayoutBoundary=up4 NEEDS-PAINT NEEDS-COMPOSITING-BITS-UPDATE
      child: _RenderScrollSemantics#70020 relayoutBoundary=up5 NEEDS-PAINT NEEDS-COMPOSITING-BITS-UPDATE
        child: RenderPointerListener#82391 relayoutBoundary=up6 NEEDS-PAINT NEEDS-COMPOSITING-BITS-UPDATE
          child: RenderSemanticsGestureHandler#91527 relayoutBoundary=up7 NEEDS-PAINT NEEDS-COMPOSITING-BITS-UPDATE
            child: RenderPointerListener#b0a85 relayoutBoundary=up8 NEEDS-PAINT NEEDS-COMPOSITING-BITS-UPDATE
ΓòÉΓòÉΓòÉΓòÉΓòÉΓòÉΓòÉΓòÉΓòÉΓòÉΓòÉΓòÉΓòÉΓòÉΓòÉΓòÉΓòÉΓòÉΓòÉΓòÉΓòÉΓòÉΓòÉΓòÉΓòÉΓòÉΓòÉΓòÉΓòÉΓòÉΓòÉΓòÉΓòÉΓòÉΓòÉΓòÉΓòÉΓòÉΓòÉΓòÉΓòÉΓòÉΓòÉΓòÉΓòÉΓòÉΓòÉΓòÉΓòÉΓòÉΓòÉΓòÉΓòÉΓòÉΓòÉΓòÉΓòÉΓòÉΓòÉΓòÉΓòÉΓòÉΓòÉΓòÉΓòÉΓòÉΓòÉΓòÉΓòÉΓòÉΓòÉΓòÉΓòÉΓòÉΓòÉΓòÉΓòÉΓòÉΓòÉΓòÉΓòÉΓòÉΓòÉΓòÉΓòÉΓòÉΓòÉΓòÉΓòÉΓòÉΓòÉΓòÉΓòÉΓòÉΓòÉΓòÉΓòÉΓòÉΓòÉΓòÉ
ΓòÉΓòÉΓòí EXCEPTION CAUGHT BY RENDERING LIBRARY Γò₧ΓòÉΓòÉΓòÉΓòÉΓòÉΓòÉΓòÉΓòÉΓòÉΓòÉΓòÉΓòÉΓòÉΓòÉΓòÉΓòÉΓòÉΓòÉΓòÉΓòÉΓòÉΓòÉΓòÉΓòÉΓòÉΓòÉΓòÉΓòÉΓòÉΓòÉΓòÉΓòÉΓòÉΓòÉΓòÉΓòÉΓòÉΓòÉΓòÉΓòÉΓòÉΓòÉΓòÉΓòÉΓòÉΓòÉΓòÉΓòÉΓòÉΓòÉΓòÉΓòÉΓòÉΓòÉΓòÉΓòÉΓòÉ
The following assertion was thrown during performLayout():
RenderBox was not laid out: RenderClipRect#cf3c5 relayoutBoundary=up3 NEEDS-PAINT
NEEDS-COMPOSITING-BITS-UPDATE
'package:flutter/src/rendering/box.dart':
Failed assertion: line 2251 pos 12: 'hasSize'

Either the assertion indicates an error in the framework itself, or we should provide substantially
more information in this error message to help you determine and fix the underlying cause.
In either case, please report this assertion by filing a bug on GitHub:
  https://github.com/flutter/flutter/issues/new?template=02_bug.yml

The relevant error-causing widget was:
  Padding
  Padding:file:///C:/Users/bhara/StudioProjects/simple_billing_app/lib/views/screens/billing_screen.dart:238:12

When the exception was thrown, this was the stack:
#2      RenderBox.size (package:flutter/src/rendering/box.dart:2251:12)
#3      RenderPadding.performLayout (package:flutter/src/rendering/shifted_box.dart:266:40)
#4      RenderObject.layout (package:flutter/src/rendering/object.dart:2768:7)
#5      _RenderLayoutBuilder.performLayout (package:flutter/src/widgets/layout_builder.dart:449:14)
#6      RenderObject.layout (package:flutter/src/rendering/object.dart:2768:7)
#7      MultiChildLayoutDelegate.layoutChild (package:flutter/src/rendering/custom_layout.dart:180:12)
#8      _ScaffoldLayout.performLayout (package:flutter/src/material/scaffold.dart:1113:7)
#9      MultiChildLayoutDelegate._callPerformLayout (package:flutter/src/rendering/custom_layout.dart:246:7)
#10     RenderCustomMultiChildLayoutBox.performLayout (package:flutter/src/rendering/custom_layout.dart:417:14)
#11     RenderObject.layout (package:flutter/src/rendering/object.dart:2768:7)
#12     RenderProxyBoxMixin.performLayout (package:flutter/src/rendering/proxy_box.dart:118:18)
#13     RenderObject.layout (package:flutter/src/rendering/object.dart:2768:7)
#14     RenderProxyBoxMixin.performLayout (package:flutter/src/rendering/proxy_box.dart:118:18)
#15     _RenderCustomClip.performLayout (package:flutter/src/rendering/proxy_box.dart:1549:11)
#16     RenderObject.layout (package:flutter/src/rendering/object.dart:2768:7)
#17     RenderProxyBoxMixin.performLayout (package:flutter/src/rendering/proxy_box.dart:118:18)
#18     RenderObject.layout (package:flutter/src/rendering/object.dart:2768:7)
#19     RenderProxyBoxMixin.performLayout (package:flutter/src/rendering/proxy_box.dart:118:18)
#20     RenderObject.layout (package:flutter/src/rendering/object.dart:2768:7)
#21     RenderProxyBoxMixin.performLayout (package:flutter/src/rendering/proxy_box.dart:118:18)
#22     RenderObject.layout (package:flutter/src/rendering/object.dart:2768:7)
#23     RenderProxyBoxMixin.performLayout (package:flutter/src/rendering/proxy_box.dart:118:18)
#24     RenderObject.layout (package:flutter/src/rendering/object.dart:2768:7)
#25     RenderProxyBoxMixin.performLayout (package:flutter/src/rendering/proxy_box.dart:118:18)
#26     RenderObject.layout (package:flutter/src/rendering/object.dart:2768:7)
#27     RenderProxyBoxMixin.performLayout (package:flutter/src/rendering/proxy_box.dart:118:18)
#28     RenderObject.layout (package:flutter/src/rendering/object.dart:2768:7)
#29     RenderProxyBoxMixin.performLayout (package:flutter/src/rendering/proxy_box.dart:118:18)
#30     RenderObject.layout (package:flutter/src/rendering/object.dart:2768:7)
#31     RenderProxyBoxMixin.performLayout (package:flutter/src/rendering/proxy_box.dart:118:18)
#32     RenderObject.layout (package:flutter/src/rendering/object.dart:2768:7)
#33     RenderProxyBoxMixin.performLayout (package:flutter/src/rendering/proxy_box.dart:118:18)
#34     RenderObject.layout (package:flutter/src/rendering/object.dart:2768:7)
#35     RenderProxyBoxMixin.performLayout (package:flutter/src/rendering/proxy_box.dart:118:18)
#36     RenderObject.layout (package:flutter/src/rendering/object.dart:2768:7)
#37     RenderProxyBoxMixin.performLayout (package:flutter/src/rendering/proxy_box.dart:118:18)
#38     RenderObject.layout (package:flutter/src/rendering/object.dart:2768:7)
#39     RenderProxyBoxMixin.performLayout (package:flutter/src/rendering/proxy_box.dart:118:18)
#40     RenderObject.layout (package:flutter/src/rendering/object.dart:2768:7)
#41     RenderProxyBoxMixin.performLayout (package:flutter/src/rendering/proxy_box.dart:118:18)
#42     RenderObject.layout (package:flutter/src/rendering/object.dart:2768:7)
#43     RenderProxyBoxMixin.performLayout (package:flutter/src/rendering/proxy_box.dart:118:18)
#44     RenderObject.layout (package:flutter/src/rendering/object.dart:2768:7)
#45     RenderProxyBoxMixin.performLayout (package:flutter/src/rendering/proxy_box.dart:118:18)
#46     RenderObject.layout (package:flutter/src/rendering/object.dart:2768:7)
#47     RenderProxyBoxMixin.performLayout (package:flutter/src/rendering/proxy_box.dart:118:18)
#48     RenderOffstage.performLayout (package:flutter/src/rendering/proxy_box.dart:3923:13)
#49     RenderObject.layout (package:flutter/src/rendering/object.dart:2768:7)
#50     RenderProxyBoxMixin.performLayout (package:flutter/src/rendering/proxy_box.dart:118:18)
#51     RenderObject.layout (package:flutter/src/rendering/object.dart:2768:7)
#52     _RenderTheaterMixin.layoutChild (package:flutter/src/widgets/overlay.dart:1084:13)
#53     _RenderTheater.performLayout (package:flutter/src/widgets/overlay.dart:1429:9)
#54     RenderObject.layout (package:flutter/src/rendering/object.dart:2768:7)
#55     RenderProxyBoxMixin.performLayout (package:flutter/src/rendering/proxy_box.dart:118:18)
#56     RenderObject.layout (package:flutter/src/rendering/object.dart:2768:7)
#57     RenderProxyBoxMixin.performLayout (package:flutter/src/rendering/proxy_box.dart:118:18)
#58     RenderObject.layout (package:flutter/src/rendering/object.dart:2768:7)
#59     RenderProxyBoxMixin.performLayout (package:flutter/src/rendering/proxy_box.dart:118:18)
#60     RenderObject.layout (package:flutter/src/rendering/object.dart:2768:7)
#61     RenderProxyBoxMixin.performLayout (package:flutter/src/rendering/proxy_box.dart:118:18)
#62     RenderCustomPaint.performLayout (package:flutter/src/rendering/custom_paint.dart:574:11)
#63     RenderObject.layout (package:flutter/src/rendering/object.dart:2768:7)
#64     RenderProxyBoxMixin.performLayout (package:flutter/src/rendering/proxy_box.dart:118:18)
#65     RenderObject.layout (package:flutter/src/rendering/object.dart:2768:7)
#66     RenderProxyBoxMixin.performLayout (package:flutter/src/rendering/proxy_box.dart:118:18)
#67     RenderObject.layout (package:flutter/src/rendering/object.dart:2768:7)
#68     RenderProxyBoxMixin.performLayout (package:flutter/src/rendering/proxy_box.dart:118:18)
#69     RenderObject.layout (package:flutter/src/rendering/object.dart:2768:7)
#70     RenderProxyBoxMixin.performLayout (package:flutter/src/rendering/proxy_box.dart:118:18)
#71     RenderObject.layout (package:flutter/src/rendering/object.dart:2768:7)
#72     RenderProxyBoxMixin.performLayout (package:flutter/src/rendering/proxy_box.dart:118:18)
#73     RenderObject.layout (package:flutter/src/rendering/object.dart:2768:7)
#74     RenderProxyBoxMixin.performLayout (package:flutter/src/rendering/proxy_box.dart:118:18)
#75     RenderObject.layout (package:flutter/src/rendering/object.dart:2768:7)
#76     RenderView.performLayout (package:flutter/src/rendering/view.dart:292:12)
#77     RenderObject._layoutWithoutResize (package:flutter/src/rendering/object.dart:2616:7)
#78     PipelineOwner.flushLayout (package:flutter/src/rendering/object.dart:1174:18)
#79     PipelineOwner.flushLayout (package:flutter/src/rendering/object.dart:1187:15)
#80     AutomatedTestWidgetsFlutterBinding.drawFrame (package:flutter_test/src/binding.dart:2133:27)
#81     RendererBinding._handlePersistentFrameCallback (package:flutter/src/rendering/binding.dart:495:5)
#82     SchedulerBinding._invokeFrameCallback (package:flutter/src/scheduler/binding.dart:1430:15)
#83     SchedulerBinding.handleDrawFrame (package:flutter/src/scheduler/binding.dart:1345:9)
#84     AutomatedTestWidgetsFlutterBinding.pump.<anonymous closure> (package:flutter_test/src/binding.dart:1960:9)
#87     TestAsyncUtils.guard (package:flutter_test/src/test_async_utils.dart:74:41)
#88     AutomatedTestWidgetsFlutterBinding.pump (package:flutter_test/src/binding.dart:1949:27)
#89     WidgetTester.pumpWidget.<anonymous closure> (package:flutter_test/src/widget_tester.dart:598:22)
#92     TestAsyncUtils.guard (package:flutter_test/src/test_async_utils.dart:74:41)
#93     WidgetTester.pumpWidget (package:flutter_test/src/widget_tester.dart:595:27)
#94     main.<anonymous closure>.<anonymous closure> (file:///C:/Users/bhara/StudioProjects/simple_billing_app/test/widget/billing_screen_test.dart:63:20)
#95     testWidgets.<anonymous closure>.<anonymous closure> (package:flutter_test/src/widget_tester.dart:192:29)
<asynchronous suspension>
#96     TestWidgetsFlutterBinding._runTestBody (package:flutter_test/src/binding.dart:1682:5)
<asynchronous suspension>
<asynchronous suspension>
(elided 7 frames from class _AssertionError, dart:async, and package:stack_trace)

The following RenderObject was being processed when the exception was fired: RenderPadding#351af relayoutBoundary=up2 NEEDS-LAYOUT NEEDS-PAINT NEEDS-COMPOSITING-BITS-UPDATE:
  creator: Padding ΓåÉ LayoutBuilder ΓåÉ KeyedSubtree-[GlobalKey#0eab2] ΓåÉ _BodyBuilder ΓåÉ MediaQuery ΓåÉ
    LayoutId-[<_ScaffoldSlot.body>] ΓåÉ CustomMultiChildLayout ΓåÉ _ActionsScope ΓåÉ Actions ΓåÉ
    AnimatedBuilder ΓåÉ DefaultTextStyle ΓåÉ AnimatedDefaultTextStyle ΓåÉ Γï»
  parentData: offset=Offset(0.0, 0.0) (can use size)
  constraints: BoxConstraints(0.0<=w<=1200.0, 0.0<=h<=677.0)
  size: MISSING
  padding: EdgeInsets.all(32.0)
  textDirection: ltr
This RenderObject had the following descendants (showing up to depth 5):
    child: RenderClipRect#cf3c5 relayoutBoundary=up3 NEEDS-PAINT NEEDS-COMPOSITING-BITS-UPDATE
      child: RenderTransform#a574a relayoutBoundary=up4 NEEDS-PAINT NEEDS-COMPOSITING-BITS-UPDATE
        child: _RenderScrollSemantics#70020 relayoutBoundary=up5 NEEDS-PAINT NEEDS-COMPOSITING-BITS-UPDATE
          child: RenderPointerListener#82391 relayoutBoundary=up6 NEEDS-PAINT NEEDS-COMPOSITING-BITS-UPDATE
            child: RenderSemanticsGestureHandler#91527 relayoutBoundary=up7 NEEDS-PAINT NEEDS-COMPOSITING-BITS-UPDATE
ΓòÉΓòÉΓòÉΓòÉΓòÉΓòÉΓòÉΓòÉΓòÉΓòÉΓòÉΓòÉΓòÉΓòÉΓòÉΓòÉΓòÉΓòÉΓòÉΓòÉΓòÉΓòÉΓòÉΓòÉΓòÉΓòÉΓòÉΓòÉΓòÉΓòÉΓòÉΓòÉΓòÉΓòÉΓòÉΓòÉΓòÉΓòÉΓòÉΓòÉΓòÉΓòÉΓòÉΓòÉΓòÉΓòÉΓòÉΓòÉΓòÉΓòÉΓòÉΓòÉΓòÉΓòÉΓòÉΓòÉΓòÉΓòÉΓòÉΓòÉΓòÉΓòÉΓòÉΓòÉΓòÉΓòÉΓòÉΓòÉΓòÉΓòÉΓòÉΓòÉΓòÉΓòÉΓòÉΓòÉΓòÉΓòÉΓòÉΓòÉΓòÉΓòÉΓòÉΓòÉΓòÉΓòÉΓòÉΓòÉΓòÉΓòÉΓòÉΓòÉΓòÉΓòÉΓòÉΓòÉΓòÉΓòÉΓòÉΓòÉ
ΓòÉΓòÉΓòí EXCEPTION CAUGHT BY RENDERING LIBRARY Γò₧ΓòÉΓòÉΓòÉΓòÉΓòÉΓòÉΓòÉΓòÉΓòÉΓòÉΓòÉΓòÉΓòÉΓòÉΓòÉΓòÉΓòÉΓòÉΓòÉΓòÉΓòÉΓòÉΓòÉΓòÉΓòÉΓòÉΓòÉΓòÉΓòÉΓòÉΓòÉΓòÉΓòÉΓòÉΓòÉΓòÉΓòÉΓòÉΓòÉΓòÉΓòÉΓòÉΓòÉΓòÉΓòÉΓòÉΓòÉΓòÉΓòÉΓòÉΓòÉΓòÉΓòÉΓòÉΓòÉΓòÉΓòÉ
The following assertion was thrown during performLayout():
RenderBox was not laid out: RenderPadding#351af relayoutBoundary=up2 NEEDS-PAINT
NEEDS-COMPOSITING-BITS-UPDATE
'package:flutter/src/rendering/box.dart':
Failed assertion: line 2251 pos 12: 'hasSize'

Either the assertion indicates an error in the framework itself, or we should provide substantially
more information in this error message to help you determine and fix the underlying cause.
In either case, please report this assertion by filing a bug on GitHub:
  https://github.com/flutter/flutter/issues/new?template=02_bug.yml

The relevant error-causing widget was:
  LayoutBuilder
  LayoutBuilder:file:///C:/Users/bhara/StudioProjects/simple_billing_app/lib/views/screens/billing_screen.dart:225:14

When the exception was thrown, this was the stack:
#2      RenderBox.size (package:flutter/src/rendering/box.dart:2251:12)
#3      _RenderLayoutBuilder.performLayout (package:flutter/src/widgets/layout_builder.dart:450:43)
#4      RenderObject.layout (package:flutter/src/rendering/object.dart:2768:7)
#5      MultiChildLayoutDelegate.layoutChild (package:flutter/src/rendering/custom_layout.dart:180:12)
#6      _ScaffoldLayout.performLayout (package:flutter/src/material/scaffold.dart:1113:7)
#7      MultiChildLayoutDelegate._callPerformLayout (package:flutter/src/rendering/custom_layout.dart:246:7)
#8      RenderCustomMultiChildLayoutBox.performLayout (package:flutter/src/rendering/custom_layout.dart:417:14)
#9      RenderObject.layout (package:flutter/src/rendering/object.dart:2768:7)
#10     RenderProxyBoxMixin.performLayout (package:flutter/src/rendering/proxy_box.dart:118:18)
#11     RenderObject.layout (package:flutter/src/rendering/object.dart:2768:7)
#12     RenderProxyBoxMixin.performLayout (package:flutter/src/rendering/proxy_box.dart:118:18)
#13     _RenderCustomClip.performLayout (package:flutter/src/rendering/proxy_box.dart:1549:11)
#14     RenderObject.layout (package:flutter/src/rendering/object.dart:2768:7)
#15     RenderProxyBoxMixin.performLayout (package:flutter/src/rendering/proxy_box.dart:118:18)
#16     RenderObject.layout (package:flutter/src/rendering/object.dart:2768:7)
#17     RenderProxyBoxMixin.performLayout (package:flutter/src/rendering/proxy_box.dart:118:18)
#18     RenderObject.layout (package:flutter/src/rendering/object.dart:2768:7)
#19     RenderProxyBoxMixin.performLayout (package:flutter/src/rendering/proxy_box.dart:118:18)
#20     RenderObject.layout (package:flutter/src/rendering/object.dart:2768:7)
#21     RenderProxyBoxMixin.performLayout (package:flutter/src/rendering/proxy_box.dart:118:18)
#22     RenderObject.layout (package:flutter/src/rendering/object.dart:2768:7)
#23     RenderProxyBoxMixin.performLayout (package:flutter/src/rendering/proxy_box.dart:118:18)
#24     RenderObject.layout (package:flutter/src/rendering/object.dart:2768:7)
#25     RenderProxyBoxMixin.performLayout (package:flutter/src/rendering/proxy_box.dart:118:18)
#26     RenderObject.layout (package:flutter/src/rendering/object.dart:2768:7)
#27     RenderProxyBoxMixin.performLayout (package:flutter/src/rendering/proxy_box.dart:118:18)
#28     RenderObject.layout (package:flutter/src/rendering/object.dart:2768:7)
#29     RenderProxyBoxMixin.performLayout (package:flutter/src/rendering/proxy_box.dart:118:18)
#30     RenderObject.layout (package:flutter/src/rendering/object.dart:2768:7)
#31     RenderProxyBoxMixin.performLayout (package:flutter/src/rendering/proxy_box.dart:118:18)
#32     RenderObject.layout (package:flutter/src/rendering/object.dart:2768:7)
#33     RenderProxyBoxMixin.performLayout (package:flutter/src/rendering/proxy_box.dart:118:18)
#34     RenderObject.layout (package:flutter/src/rendering/object.dart:2768:7)
#35     RenderProxyBoxMixin.performLayout (package:flutter/src/rendering/proxy_box.dart:118:18)
#36     RenderObject.layout (package:flutter/src/rendering/object.dart:2768:7)
#37     RenderProxyBoxMixin.performLayout (package:flutter/src/rendering/proxy_box.dart:118:18)
#38     RenderObject.layout (package:flutter/src/rendering/object.dart:2768:7)
#39     RenderProxyBoxMixin.performLayout (package:flutter/src/rendering/proxy_box.dart:118:18)
#40     RenderObject.layout (package:flutter/src/rendering/object.dart:2768:7)
#41     RenderProxyBoxMixin.performLayout (package:flutter/src/rendering/proxy_box.dart:118:18)
#42     RenderObject.layout (package:flutter/src/rendering/object.dart:2768:7)
#43     RenderProxyBoxMixin.performLayout (package:flutter/src/rendering/proxy_box.dart:118:18)
#44     RenderObject.layout (package:flutter/src/rendering/object.dart:2768:7)
#45     RenderProxyBoxMixin.performLayout (package:flutter/src/rendering/proxy_box.dart:118:18)
#46     RenderOffstage.performLayout (package:flutter/src/rendering/proxy_box.dart:3923:13)
#47     RenderObject.layout (package:flutter/src/rendering/object.dart:2768:7)
#48     RenderProxyBoxMixin.performLayout (package:flutter/src/rendering/proxy_box.dart:118:18)
#49     RenderObject.layout (package:flutter/src/rendering/object.dart:2768:7)
#50     _RenderTheaterMixin.layoutChild (package:flutter/src/widgets/overlay.dart:1084:13)
#51     _RenderTheater.performLayout (package:flutter/src/widgets/overlay.dart:1429:9)
#52     RenderObject.layout (package:flutter/src/rendering/object.dart:2768:7)
#53     RenderProxyBoxMixin.performLayout (package:flutter/src/rendering/proxy_box.dart:118:18)
#54     RenderObject.layout (package:flutter/src/rendering/object.dart:2768:7)
#55     RenderProxyBoxMixin.performLayout (package:flutter/src/rendering/proxy_box.dart:118:18)
#56     RenderObject.layout (package:flutter/src/rendering/object.dart:2768:7)
#57     RenderProxyBoxMixin.performLayout (package:flutter/src/rendering/proxy_box.dart:118:18)
#58     RenderObject.layout (package:flutter/src/rendering/object.dart:2768:7)
#59     RenderProxyBoxMixin.performLayout (package:flutter/src/rendering/proxy_box.dart:118:18)
#60     RenderCustomPaint.performLayout (package:flutter/src/rendering/custom_paint.dart:574:11)
#61     RenderObject.layout (package:flutter/src/rendering/object.dart:2768:7)
#62     RenderProxyBoxMixin.performLayout (package:flutter/src/rendering/proxy_box.dart:118:18)
#63     RenderObject.layout (package:flutter/src/rendering/object.dart:2768:7)
#64     RenderProxyBoxMixin.performLayout (package:flutter/src/rendering/proxy_box.dart:118:18)
#65     RenderObject.layout (package:flutter/src/rendering/object.dart:2768:7)
#66     RenderProxyBoxMixin.performLayout (package:flutter/src/rendering/proxy_box.dart:118:18)
#67     RenderObject.layout (package:flutter/src/rendering/object.dart:2768:7)
#68     RenderProxyBoxMixin.performLayout (package:flutter/src/rendering/proxy_box.dart:118:18)
#69     RenderObject.layout (package:flutter/src/rendering/object.dart:2768:7)
#70     RenderProxyBoxMixin.performLayout (package:flutter/src/rendering/proxy_box.dart:118:18)
#71     RenderObject.layout (package:flutter/src/rendering/object.dart:2768:7)
#72     RenderProxyBoxMixin.performLayout (package:flutter/src/rendering/proxy_box.dart:118:18)
#73     RenderObject.layout (package:flutter/src/rendering/object.dart:2768:7)
#74     RenderView.performLayout (package:flutter/src/rendering/view.dart:292:12)
#75     RenderObject._layoutWithoutResize (package:flutter/src/rendering/object.dart:2616:7)
#76     PipelineOwner.flushLayout (package:flutter/src/rendering/object.dart:1174:18)
#77     PipelineOwner.flushLayout (package:flutter/src/rendering/object.dart:1187:15)
#78     AutomatedTestWidgetsFlutterBinding.drawFrame (package:flutter_test/src/binding.dart:2133:27)
#79     RendererBinding._handlePersistentFrameCallback (package:flutter/src/rendering/binding.dart:495:5)
#80     SchedulerBinding._invokeFrameCallback (package:flutter/src/scheduler/binding.dart:1430:15)
#81     SchedulerBinding.handleDrawFrame (package:flutter/src/scheduler/binding.dart:1345:9)
#82     AutomatedTestWidgetsFlutterBinding.pump.<anonymous closure> (package:flutter_test/src/binding.dart:1960:9)
#85     TestAsyncUtils.guard (package:flutter_test/src/test_async_utils.dart:74:41)
#86     AutomatedTestWidgetsFlutterBinding.pump (package:flutter_test/src/binding.dart:1949:27)
#87     WidgetTester.pumpWidget.<anonymous closure> (package:flutter_test/src/widget_tester.dart:598:22)
#90     TestAsyncUtils.guard (package:flutter_test/src/test_async_utils.dart:74:41)
#91     WidgetTester.pumpWidget (package:flutter_test/src/widget_tester.dart:595:27)
#92     main.<anonymous closure>.<anonymous closure> (file:///C:/Users/bhara/StudioProjects/simple_billing_app/test/widget/billing_screen_test.dart:63:20)
#93     testWidgets.<anonymous closure>.<anonymous closure> (package:flutter_test/src/widget_tester.dart:192:29)
<asynchronous suspension>
#94     TestWidgetsFlutterBinding._runTestBody (package:flutter_test/src/binding.dart:1682:5)
<asynchronous suspension>
<asynchronous suspension>
(elided 7 frames from class _AssertionError, dart:async, and package:stack_trace)

The following RenderObject was being processed when the exception was fired: _RenderLayoutBuilder#689a3 relayoutBoundary=up1 NEEDS-LAYOUT NEEDS-PAINT NEEDS-COMPOSITING-BITS-UPDATE:
  creator: LayoutBuilder ΓåÉ KeyedSubtree-[GlobalKey#0eab2] ΓåÉ _BodyBuilder ΓåÉ MediaQuery ΓåÉ
    LayoutId-[<_ScaffoldSlot.body>] ΓåÉ CustomMultiChildLayout ΓåÉ _ActionsScope ΓåÉ Actions ΓåÉ
    AnimatedBuilder ΓåÉ DefaultTextStyle ΓåÉ AnimatedDefaultTextStyle ΓåÉ _InkFeatures-[GlobalKey#5ae63 ink
    renderer] ΓåÉ Γï»
  parentData: offset=Offset(0.0, 0.0); id=_ScaffoldSlot.body (can use size)
  constraints: BoxConstraints(0.0<=w<=1200.0, 0.0<=h<=677.0)
  size: MISSING
This RenderObject had the following descendants (showing up to depth 5):
    child: RenderPadding#351af relayoutBoundary=up2 NEEDS-PAINT NEEDS-COMPOSITING-BITS-UPDATE
      child: RenderClipRect#cf3c5 relayoutBoundary=up3 NEEDS-PAINT NEEDS-COMPOSITING-BITS-UPDATE
        child: RenderTransform#a574a relayoutBoundary=up4 NEEDS-PAINT NEEDS-COMPOSITING-BITS-UPDATE
          child: _RenderScrollSemantics#70020 relayoutBoundary=up5 NEEDS-PAINT NEEDS-COMPOSITING-BITS-UPDATE
            child: RenderPointerListener#82391 relayoutBoundary=up6 NEEDS-PAINT NEEDS-COMPOSITING-BITS-UPDATE
ΓòÉΓòÉΓòÉΓòÉΓòÉΓòÉΓòÉΓòÉΓòÉΓòÉΓòÉΓòÉΓòÉΓòÉΓòÉΓòÉΓòÉΓòÉΓòÉΓòÉΓòÉΓòÉΓòÉΓòÉΓòÉΓòÉΓòÉΓòÉΓòÉΓòÉΓòÉΓòÉΓòÉΓòÉΓòÉΓòÉΓòÉΓòÉΓòÉΓòÉΓòÉΓòÉΓòÉΓòÉΓòÉΓòÉΓòÉΓòÉΓòÉΓòÉΓòÉΓòÉΓòÉΓòÉΓòÉΓòÉΓòÉΓòÉΓòÉΓòÉΓòÉΓòÉΓòÉΓòÉΓòÉΓòÉΓòÉΓòÉΓòÉΓòÉΓòÉΓòÉΓòÉΓòÉΓòÉΓòÉΓòÉΓòÉΓòÉΓòÉΓòÉΓòÉΓòÉΓòÉΓòÉΓòÉΓòÉΓòÉΓòÉΓòÉΓòÉΓòÉΓòÉΓòÉΓòÉΓòÉΓòÉΓòÉΓòÉΓòÉ
ΓòÉΓòÉΓòí EXCEPTION CAUGHT BY RENDERING LIBRARY Γò₧ΓòÉΓòÉΓòÉΓòÉΓòÉΓòÉΓòÉΓòÉΓòÉΓòÉΓòÉΓòÉΓòÉΓòÉΓòÉΓòÉΓòÉΓòÉΓòÉΓòÉΓòÉΓòÉΓòÉΓòÉΓòÉΓòÉΓòÉΓòÉΓòÉΓòÉΓòÉΓòÉΓòÉΓòÉΓòÉΓòÉΓòÉΓòÉΓòÉΓòÉΓòÉΓòÉΓòÉΓòÉΓòÉΓòÉΓòÉΓòÉΓòÉΓòÉΓòÉΓòÉΓòÉΓòÉΓòÉΓòÉΓòÉ
The following assertion was thrown during performLayout():
RenderBox was not laid out: _RenderLayoutBuilder#689a3 relayoutBoundary=up1 NEEDS-PAINT
NEEDS-COMPOSITING-BITS-UPDATE
'package:flutter/src/rendering/box.dart':
Failed assertion: line 2251 pos 12: 'hasSize'

Either the assertion indicates an error in the framework itself, or we should provide substantially
more information in this error message to help you determine and fix the underlying cause.
In either case, please report this assertion by filing a bug on GitHub:
  https://github.com/flutter/flutter/issues/new?template=02_bug.yml

The relevant error-causing widget was:
  Scaffold
  Scaffold:file:///C:/Users/bhara/StudioProjects/simple_billing_app/lib/views/widgets/app_scaffold.dart:257:12

When the exception was thrown, this was the stack:
#2      RenderBox.size (package:flutter/src/rendering/box.dart:2251:12)
#3      MultiChildLayoutDelegate.layoutChild (package:flutter/src/rendering/custom_layout.dart:181:18)
#4      _ScaffoldLayout.performLayout (package:flutter/src/material/scaffold.dart:1113:7)
#5      MultiChildLayoutDelegate._callPerformLayout (package:flutter/src/rendering/custom_layout.dart:246:7)
#6      RenderCustomMultiChildLayoutBox.performLayout (package:flutter/src/rendering/custom_layout.dart:417:14)
#7      RenderObject.layout (package:flutter/src/rendering/object.dart:2768:7)
#8      RenderProxyBoxMixin.performLayout (package:flutter/src/rendering/proxy_box.dart:118:18)
#9      RenderObject.layout (package:flutter/src/rendering/object.dart:2768:7)
#10     RenderProxyBoxMixin.performLayout (package:flutter/src/rendering/proxy_box.dart:118:18)
#11     _RenderCustomClip.performLayout (package:flutter/src/rendering/proxy_box.dart:1549:11)
#12     RenderObject.layout (package:flutter/src/rendering/object.dart:2768:7)
#13     RenderProxyBoxMixin.performLayout (package:flutter/src/rendering/proxy_box.dart:118:18)
#14     RenderObject.layout (package:flutter/src/rendering/object.dart:2768:7)
#15     RenderProxyBoxMixin.performLayout (package:flutter/src/rendering/proxy_box.dart:118:18)
#16     RenderObject.layout (package:flutter/src/rendering/object.dart:2768:7)
#17     RenderProxyBoxMixin.performLayout (package:flutter/src/rendering/proxy_box.dart:118:18)
#18     RenderObject.layout (package:flutter/src/rendering/object.dart:2768:7)
#19     RenderProxyBoxMixin.performLayout (package:flutter/src/rendering/proxy_box.dart:118:18)
#20     RenderObject.layout (package:flutter/src/rendering/object.dart:2768:7)
#21     RenderProxyBoxMixin.performLayout (package:flutter/src/rendering/proxy_box.dart:118:18)
#22     RenderObject.layout (package:flutter/src/rendering/object.dart:2768:7)
#23     RenderProxyBoxMixin.performLayout (package:flutter/src/rendering/proxy_box.dart:118:18)
#24     RenderObject.layout (package:flutter/src/rendering/object.dart:2768:7)
#25     RenderProxyBoxMixin.performLayout (package:flutter/src/rendering/proxy_box.dart:118:18)
#26     RenderObject.layout (package:flutter/src/rendering/object.dart:2768:7)
#27     RenderProxyBoxMixin.performLayout (package:flutter/src/rendering/proxy_box.dart:118:18)
#28     RenderObject.layout (package:flutter/src/rendering/object.dart:2768:7)
#29     RenderProxyBoxMixin.performLayout (package:flutter/src/rendering/proxy_box.dart:118:18)
#30     RenderObject.layout (package:flutter/src/rendering/object.dart:2768:7)
#31     RenderProxyBoxMixin.performLayout (package:flutter/src/rendering/proxy_box.dart:118:18)
#32     RenderObject.layout (package:flutter/src/rendering/object.dart:2768:7)
#33     RenderProxyBoxMixin.performLayout (package:flutter/src/rendering/proxy_box.dart:118:18)
#34     RenderObject.layout (package:flutter/src/rendering/object.dart:2768:7)
#35     RenderProxyBoxMixin.performLayout (package:flutter/src/rendering/proxy_box.dart:118:18)
#36     RenderObject.layout (package:flutter/src/rendering/object.dart:2768:7)
#37     RenderProxyBoxMixin.performLayout (package:flutter/src/rendering/proxy_box.dart:118:18)
#38     RenderObject.layout (package:flutter/src/rendering/object.dart:2768:7)
#39     RenderProxyBoxMixin.performLayout (package:flutter/src/rendering/proxy_box.dart:118:18)
#40     RenderObject.layout (package:flutter/src/rendering/object.dart:2768:7)
#41     RenderProxyBoxMixin.performLayout (package:flutter/src/rendering/proxy_box.dart:118:18)
#42     RenderObject.layout (package:flutter/src/rendering/object.dart:2768:7)
#43     RenderProxyBoxMixin.performLayout (package:flutter/src/rendering/proxy_box.dart:118:18)
#44     RenderOffstage.performLayout (package:flutter/src/rendering/proxy_box.dart:3923:13)
#45     RenderObject.layout (package:flutter/src/rendering/object.dart:2768:7)
#46     RenderProxyBoxMixin.performLayout (package:flutter/src/rendering/proxy_box.dart:118:18)
#47     RenderObject.layout (package:flutter/src/rendering/object.dart:2768:7)
#48     _RenderTheaterMixin.layoutChild (package:flutter/src/widgets/overlay.dart:1084:13)
#49     _RenderTheater.performLayout (package:flutter/src/widgets/overlay.dart:1429:9)
#50     RenderObject.layout (package:flutter/src/rendering/object.dart:2768:7)
#51     RenderProxyBoxMixin.performLayout (package:flutter/src/rendering/proxy_box.dart:118:18)
#52     RenderObject.layout (package:flutter/src/rendering/object.dart:2768:7)
#53     RenderProxyBoxMixin.performLayout (package:flutter/src/rendering/proxy_box.dart:118:18)
#54     RenderObject.layout (package:flutter/src/rendering/object.dart:2768:7)
#55     RenderProxyBoxMixin.performLayout (package:flutter/src/rendering/proxy_box.dart:118:18)
#56     RenderObject.layout (package:flutter/src/rendering/object.dart:2768:7)
#57     RenderProxyBoxMixin.performLayout (package:flutter/src/rendering/proxy_box.dart:118:18)
#58     RenderCustomPaint.performLayout (package:flutter/src/rendering/custom_paint.dart:574:11)
#59     RenderObject.layout (package:flutter/src/rendering/object.dart:2768:7)
#60     RenderProxyBoxMixin.performLayout (package:flutter/src/rendering/proxy_box.dart:118:18)
#61     RenderObject.layout (package:flutter/src/rendering/object.dart:2768:7)
#62     RenderProxyBoxMixin.performLayout (package:flutter/src/rendering/proxy_box.dart:118:18)
#63     RenderObject.layout (package:flutter/src/rendering/object.dart:2768:7)
#64     RenderProxyBoxMixin.performLayout (package:flutter/src/rendering/proxy_box.dart:118:18)
#65     RenderObject.layout (package:flutter/src/rendering/object.dart:2768:7)
#66     RenderProxyBoxMixin.performLayout (package:flutter/src/rendering/proxy_box.dart:118:18)
#67     RenderObject.layout (package:flutter/src/rendering/object.dart:2768:7)
#68     RenderProxyBoxMixin.performLayout (package:flutter/src/rendering/proxy_box.dart:118:18)
#69     RenderObject.layout (package:flutter/src/rendering/object.dart:2768:7)
#70     RenderProxyBoxMixin.performLayout (package:flutter/src/rendering/proxy_box.dart:118:18)
#71     RenderObject.layout (package:flutter/src/rendering/object.dart:2768:7)
#72     RenderView.performLayout (package:flutter/src/rendering/view.dart:292:12)
#73     RenderObject._layoutWithoutResize (package:flutter/src/rendering/object.dart:2616:7)
#74     PipelineOwner.flushLayout (package:flutter/src/rendering/object.dart:1174:18)
#75     PipelineOwner.flushLayout (package:flutter/src/rendering/object.dart:1187:15)
#76     AutomatedTestWidgetsFlutterBinding.drawFrame (package:flutter_test/src/binding.dart:2133:27)
#77     RendererBinding._handlePersistentFrameCallback (package:flutter/src/rendering/binding.dart:495:5)
#78     SchedulerBinding._invokeFrameCallback (package:flutter/src/scheduler/binding.dart:1430:15)
#79     SchedulerBinding.handleDrawFrame (package:flutter/src/scheduler/binding.dart:1345:9)
#80     AutomatedTestWidgetsFlutterBinding.pump.<anonymous closure> (package:flutter_test/src/binding.dart:1960:9)
#83     TestAsyncUtils.guard (package:flutter_test/src/test_async_utils.dart:74:41)
#84     AutomatedTestWidgetsFlutterBinding.pump (package:flutter_test/src/binding.dart:1949:27)
#85     WidgetTester.pumpWidget.<anonymous closure> (package:flutter_test/src/widget_tester.dart:598:22)
#88     TestAsyncUtils.guard (package:flutter_test/src/test_async_utils.dart:74:41)
#89     WidgetTester.pumpWidget (package:flutter_test/src/widget_tester.dart:595:27)
#90     main.<anonymous closure>.<anonymous closure> (file:///C:/Users/bhara/StudioProjects/simple_billing_app/test/widget/billing_screen_test.dart:63:20)
#91     testWidgets.<anonymous closure>.<anonymous closure> (package:flutter_test/src/widget_tester.dart:192:29)
<asynchronous suspension>
#92     TestWidgetsFlutterBinding._runTestBody (package:flutter_test/src/binding.dart:1682:5)
<asynchronous suspension>
<asynchronous suspension>
(elided 7 frames from class _AssertionError, dart:async, and package:stack_trace)

The following RenderObject was being processed when the exception was fired: RenderCustomMultiChildLayoutBox#ece09 NEEDS-LAYOUT NEEDS-PAINT NEEDS-COMPOSITING-BITS-UPDATE:
  creator: CustomMultiChildLayout ΓåÉ _ActionsScope ΓåÉ Actions ΓåÉ AnimatedBuilder ΓåÉ DefaultTextStyle ΓåÉ
    AnimatedDefaultTextStyle ΓåÉ _InkFeatures-[GlobalKey#5ae63 ink renderer] ΓåÉ
    NotificationListener<LayoutChangedNotification> ΓåÉ PhysicalModel ΓåÉ AnimatedPhysicalModel ΓåÉ Material
    ΓåÉ _ScrollNotificationObserverScope ΓåÉ Γï»
  parentData: <none> (can use size)
  constraints: BoxConstraints(w=1200.0, h=800.0)
  size: Size(1200.0, 800.0)
This RenderObject had the following descendants (showing up to depth 5):
    child 1: _RenderLayoutBuilder#689a3 relayoutBoundary=up1 NEEDS-PAINT NEEDS-COMPOSITING-BITS-UPDATE
      child: RenderPadding#351af relayoutBoundary=up2 NEEDS-PAINT NEEDS-COMPOSITING-BITS-UPDATE
        child: RenderClipRect#cf3c5 relayoutBoundary=up3 NEEDS-PAINT NEEDS-COMPOSITING-BITS-UPDATE
          child: RenderTransform#a574a relayoutBoundary=up4 NEEDS-PAINT NEEDS-COMPOSITING-BITS-UPDATE
            child: _RenderScrollSemantics#70020 relayoutBoundary=up5 NEEDS-PAINT NEEDS-COMPOSITING-BITS-UPDATE
    child 2: RenderConstrainedBox#2d11b relayoutBoundary=up1 NEEDS-PAINT NEEDS-COMPOSITING-BITS-UPDATE
      child: RenderSemanticsAnnotations#9e827 relayoutBoundary=up2 NEEDS-PAINT NEEDS-COMPOSITING-BITS-UPDATE
        child: RenderAnnotatedRegion<SystemUiOverlayStyle>#9ee37 relayoutBoundary=up3 NEEDS-PAINT NEEDS-COMPOSITING-BITS-UPDATE
          child: RenderPhysicalModel#0fb64 relayoutBoundary=up4 NEEDS-PAINT NEEDS-COMPOSITING-BITS-UPDATE
            child: _RenderInkFeatures#83443 relayoutBoundary=up5 NEEDS-PAINT NEEDS-COMPOSITING-BITS-UPDATE
    child 3: RenderDecoratedBox#daa47 relayoutBoundary=up1 NEEDS-PAINT NEEDS-COMPOSITING-BITS-UPDATE
      child: RenderPadding#ad18d relayoutBoundary=up2 NEEDS-PAINT NEEDS-COMPOSITING-BITS-UPDATE
        child: RenderPadding#68b84 relayoutBoundary=up3 NEEDS-PAINT NEEDS-COMPOSITING-BITS-UPDATE
          child: RenderPadding#00a6e relayoutBoundary=up4 NEEDS-PAINT NEEDS-COMPOSITING-BITS-UPDATE
            child: RenderFlex#e23a9 relayoutBoundary=up5 NEEDS-PAINT NEEDS-COMPOSITING-BITS-UPDATE
    child 4: RenderStack#9c063 NEEDS-LAYOUT NEEDS-PAINT NEEDS-COMPOSITING-BITS-UPDATE
      child 1: RenderTransform#06cf0 NEEDS-LAYOUT NEEDS-PAINT NEEDS-COMPOSITING-BITS-UPDATE
        child: RenderTransform#bb4a5 NEEDS-LAYOUT NEEDS-PAINT
ΓòÉΓòÉΓòÉΓòÉΓòÉΓòÉΓòÉΓòÉΓòÉΓòÉΓòÉΓòÉΓòÉΓòÉΓòÉΓòÉΓòÉΓòÉΓòÉΓòÉΓòÉΓòÉΓòÉΓòÉΓòÉΓòÉΓòÉΓòÉΓòÉΓòÉΓòÉΓòÉΓòÉΓòÉΓòÉΓòÉΓòÉΓòÉΓòÉΓòÉΓòÉΓòÉΓòÉΓòÉΓòÉΓòÉΓòÉΓòÉΓòÉΓòÉΓòÉΓòÉΓòÉΓòÉΓòÉΓòÉΓòÉΓòÉΓòÉΓòÉΓòÉΓòÉΓòÉΓòÉΓòÉΓòÉΓòÉΓòÉΓòÉΓòÉΓòÉΓòÉΓòÉΓòÉΓòÉΓòÉΓòÉΓòÉΓòÉΓòÉΓòÉΓòÉΓòÉΓòÉΓòÉΓòÉΓòÉΓòÉΓòÉΓòÉΓòÉΓòÉΓòÉΓòÉΓòÉΓòÉΓòÉΓòÉΓòÉΓòÉ
ΓòÉΓòÉΓòí EXCEPTION CAUGHT BY RENDERING LIBRARY Γò₧ΓòÉΓòÉΓòÉΓòÉΓòÉΓòÉΓòÉΓòÉΓòÉΓòÉΓòÉΓòÉΓòÉΓòÉΓòÉΓòÉΓòÉΓòÉΓòÉΓòÉΓòÉΓòÉΓòÉΓòÉΓòÉΓòÉΓòÉΓòÉΓòÉΓòÉΓòÉΓòÉΓòÉΓòÉΓòÉΓòÉΓòÉΓòÉΓòÉΓòÉΓòÉΓòÉΓòÉΓòÉΓòÉΓòÉΓòÉΓòÉΓòÉΓòÉΓòÉΓòÉΓòÉΓòÉΓòÉΓòÉΓòÉ
The following assertion was thrown during paint():
RenderBox was not laid out: RenderTransform#a574a relayoutBoundary=up4 NEEDS-PAINT
'package:flutter/src/rendering/box.dart':
Failed assertion: line 2251 pos 12: 'hasSize'

Either the assertion indicates an error in the framework itself, or we should provide substantially
more information in this error message to help you determine and fix the underlying cause.
In either case, please report this assertion by filing a bug on GitHub:
  https://github.com/flutter/flutter/issues/new?template=02_bug.yml

The relevant error-causing widget was:
  Scaffold
  Scaffold:file:///C:/Users/bhara/StudioProjects/simple_billing_app/lib/views/widgets/app_scaffold.dart:257:12

When the exception was thrown, this was the stack:
#2      RenderBox.size (package:flutter/src/rendering/box.dart:2251:12)
#3      RenderTransform._effectiveTransform (package:flutter/src/rendering/proxy_box.dart:2700:49)
#4      RenderTransform.applyPaintTransform (package:flutter/src/rendering/proxy_box.dart:2783:24)
#5      InkFeature._getPaintTransform (package:flutter/src/material/material.dart:757:21)
#6      InkFeature._paint (package:flutter/src/material/material.dart:771:32)
#7      _RenderInkFeatures.paint (package:flutter/src/material/material.dart:629:20)
#8      RenderObject._paintWithContext (package:flutter/src/rendering/object.dart:3429:7)
#9      PaintingContext.paintChild (package:flutter/src/rendering/object.dart:265:13)
#10     RenderProxyBoxMixin.paint (package:flutter/src/rendering/proxy_box.dart:143:13)
#11     RenderPhysicalModel.paint.<anonymous closure> (package:flutter/src/rendering/proxy_box.dart:2252:15)
#12     PaintingContext.pushClipRRect (package:flutter/src/rendering/object.dart:626:14)
#13     RenderPhysicalModel.paint (package:flutter/src/rendering/proxy_box.dart:2239:21)
#14     RenderObject._paintWithContext (package:flutter/src/rendering/object.dart:3429:7)
#15     PaintingContext.paintChild (package:flutter/src/rendering/object.dart:265:13)
#16     RenderProxyBoxMixin.paint (package:flutter/src/rendering/proxy_box.dart:143:13)
#17     RenderObject._paintWithContext (package:flutter/src/rendering/object.dart:3429:7)
#18     PaintingContext.paintChild (package:flutter/src/rendering/object.dart:265:13)
#19     RenderProxyBoxMixin.paint (package:flutter/src/rendering/proxy_box.dart:143:13)
#20     RenderObject._paintWithContext (package:flutter/src/rendering/object.dart:3429:7)
#21     PaintingContext._repaintCompositedChild (package:flutter/src/rendering/object.dart:180:11)
#22     PaintingContext.repaintCompositedChild (package:flutter/src/rendering/object.dart:125:5)
#23     PaintingContext._compositeChild (package:flutter/src/rendering/object.dart:276:7)
#24     PaintingContext.paintChild (package:flutter/src/rendering/object.dart:257:7)
#25     RenderProxyBoxMixin.paint (package:flutter/src/rendering/proxy_box.dart:143:13)
#26     RenderObject._paintWithContext (package:flutter/src/rendering/object.dart:3429:7)
#27     PaintingContext.paintChild (package:flutter/src/rendering/object.dart:265:13)
#28     RenderProxyBoxMixin.paint (package:flutter/src/rendering/proxy_box.dart:143:13)
#29     RenderFractionalTranslation.paint (package:flutter/src/rendering/proxy_box.dart:3138:13)
#30     RenderObject._paintWithContext (package:flutter/src/rendering/object.dart:3429:7)
#31     PaintingContext.paintChild (package:flutter/src/rendering/object.dart:265:13)
#32     RenderProxyBoxMixin.paint (package:flutter/src/rendering/proxy_box.dart:143:13)
#33     RenderAnimatedOpacityMixin.paint (package:flutter/src/rendering/proxy_box.dart:1079:11)
#34     RenderObject._paintWithContext (package:flutter/src/rendering/object.dart:3429:7)
#35     PaintingContext._repaintCompositedChild (package:flutter/src/rendering/object.dart:180:11)
#36     PaintingContext.repaintCompositedChild (package:flutter/src/rendering/object.dart:125:5)
#37     PaintingContext._compositeChild (package:flutter/src/rendering/object.dart:276:7)
#38     PaintingContext.paintChild (package:flutter/src/rendering/object.dart:257:7)
#39     RenderProxyBoxMixin.paint (package:flutter/src/rendering/proxy_box.dart:143:13)
#40     RenderFractionalTranslation.paint (package:flutter/src/rendering/proxy_box.dart:3138:13)
#41     RenderObject._paintWithContext (package:flutter/src/rendering/object.dart:3429:7)
#42     PaintingContext.paintChild (package:flutter/src/rendering/object.dart:265:13)
#43     RenderProxyBoxMixin.paint (package:flutter/src/rendering/proxy_box.dart:143:13)
#44     RenderAnimatedOpacityMixin.paint (package:flutter/src/rendering/proxy_box.dart:1079:11)
#45     RenderObject._paintWithContext (package:flutter/src/rendering/object.dart:3429:7)
#46     PaintingContext._repaintCompositedChild (package:flutter/src/rendering/object.dart:180:11)
#47     PaintingContext.repaintCompositedChild (package:flutter/src/rendering/object.dart:125:5)
#48     PaintingContext._compositeChild (package:flutter/src/rendering/object.dart:276:7)
#49     PaintingContext.paintChild (package:flutter/src/rendering/object.dart:257:7)
#50     _RenderColoredBox.paint (package:flutter/src/widgets/basic.dart:8567:15)
#51     RenderObject._paintWithContext (package:flutter/src/rendering/object.dart:3429:7)
#52     PaintingContext.paintChild (package:flutter/src/rendering/object.dart:265:13)
#53     RenderProxyBoxMixin.paint (package:flutter/src/rendering/proxy_box.dart:143:13)
#54     RenderFractionalTranslation.paint (package:flutter/src/rendering/proxy_box.dart:3138:13)
#55     RenderObject._paintWithContext (package:flutter/src/rendering/object.dart:3429:7)
#56     PaintingContext.paintChild (package:flutter/src/rendering/object.dart:265:13)
#57     RenderProxyBoxMixin.paint (package:flutter/src/rendering/proxy_box.dart:143:13)
#58     RenderAnimatedOpacityMixin.paint (package:flutter/src/rendering/proxy_box.dart:1079:11)
#59     RenderObject._paintWithContext (package:flutter/src/rendering/object.dart:3429:7)
#60     PaintingContext._repaintCompositedChild (package:flutter/src/rendering/object.dart:180:11)
#61     PaintingContext.repaintCompositedChild (package:flutter/src/rendering/object.dart:125:5)
#62     PaintingContext._compositeChild (package:flutter/src/rendering/object.dart:276:7)
#63     PaintingContext.paintChild (package:flutter/src/rendering/object.dart:257:7)
#64     RenderProxyBoxMixin.paint (package:flutter/src/rendering/proxy_box.dart:143:13)
#65     RenderObject._paintWithContext (package:flutter/src/rendering/object.dart:3429:7)
#66     PaintingContext.paintChild (package:flutter/src/rendering/object.dart:265:13)
#67     RenderProxyBoxMixin.paint (package:flutter/src/rendering/proxy_box.dart:143:13)
#68     RenderFractionalTranslation.paint (package:flutter/src/rendering/proxy_box.dart:3138:13)
#69     RenderObject._paintWithContext (package:flutter/src/rendering/object.dart:3429:7)
#70     PaintingContext.paintChild (package:flutter/src/rendering/object.dart:265:13)
#71     RenderProxyBoxMixin.paint (package:flutter/src/rendering/proxy_box.dart:143:13)
#72     RenderAnimatedOpacityMixin.paint (package:flutter/src/rendering/proxy_box.dart:1079:11)
#73     RenderObject._paintWithContext (package:flutter/src/rendering/object.dart:3429:7)
#74     PaintingContext._repaintCompositedChild (package:flutter/src/rendering/object.dart:180:11)
#75     PaintingContext.repaintCompositedChild (package:flutter/src/rendering/object.dart:125:5)
#76     PaintingContext._compositeChild (package:flutter/src/rendering/object.dart:276:7)
#77     PaintingContext.paintChild (package:flutter/src/rendering/object.dart:257:7)
#78     RenderProxyBoxMixin.paint (package:flutter/src/rendering/proxy_box.dart:143:13)
#79     RenderObject._paintWithContext (package:flutter/src/rendering/object.dart:3429:7)
#80     PaintingContext._repaintCompositedChild (package:flutter/src/rendering/object.dart:180:11)
#81     PaintingContext.repaintCompositedChild (package:flutter/src/rendering/object.dart:125:5)
#82     PaintingContext._compositeChild (package:flutter/src/rendering/object.dart:276:7)
#83     PaintingContext.paintChild (package:flutter/src/rendering/object.dart:257:7)
#84     RenderProxyBoxMixin.paint (package:flutter/src/rendering/proxy_box.dart:143:13)
#85     RenderObject._paintWithContext (package:flutter/src/rendering/object.dart:3429:7)
#86     PaintingContext.paintChild (package:flutter/src/rendering/object.dart:265:13)
#87     RenderProxyBoxMixin.paint (package:flutter/src/rendering/proxy_box.dart:143:13)
#88     RenderOffstage.paint (package:flutter/src/rendering/proxy_box.dart:3943:11)
#89     RenderObject._paintWithContext (package:flutter/src/rendering/object.dart:3429:7)
#90     PaintingContext.paintChild (package:flutter/src/rendering/object.dart:265:13)
#91     RenderProxyBoxMixin.paint (package:flutter/src/rendering/proxy_box.dart:143:13)
#92     RenderObject._paintWithContext (package:flutter/src/rendering/object.dart:3429:7)
#93     PaintingContext.paintChild (package:flutter/src/rendering/object.dart:265:13)
#94     _RenderTheaterMixin.paint (package:flutter/src/widgets/overlay.dart:1119:15)
#95     _RenderTheater.paint (package:flutter/src/widgets/overlay.dart:1476:13)
#96     RenderObject._paintWithContext (package:flutter/src/rendering/object.dart:3429:7)
#97     PaintingContext.paintChild (package:flutter/src/rendering/object.dart:265:13)
#98     RenderProxyBoxMixin.paint (package:flutter/src/rendering/proxy_box.dart:143:13)
#99     RenderObject._paintWithContext (package:flutter/src/rendering/object.dart:3429:7)
#100    PaintingContext.paintChild (package:flutter/src/rendering/object.dart:265:13)
#101    RenderProxyBoxMixin.paint (package:flutter/src/rendering/proxy_box.dart:143:13)
#102    RenderObject._paintWithContext (package:flutter/src/rendering/object.dart:3429:7)
#103    PaintingContext.paintChild (package:flutter/src/rendering/object.dart:265:13)
#104    RenderProxyBoxMixin.paint (package:flutter/src/rendering/proxy_box.dart:143:13)
#105    RenderObject._paintWithContext (package:flutter/src/rendering/object.dart:3429:7)
#106    PaintingContext.paintChild (package:flutter/src/rendering/object.dart:265:13)
#107    RenderProxyBoxMixin.paint (package:flutter/src/rendering/proxy_box.dart:143:13)
#108    RenderCustomPaint.paint (package:flutter/src/rendering/custom_paint.dart:644:11)
#109    RenderObject._paintWithContext (package:flutter/src/rendering/object.dart:3429:7)
#110    PaintingContext.paintChild (package:flutter/src/rendering/object.dart:265:13)
#111    RenderProxyBoxMixin.paint (package:flutter/src/rendering/proxy_box.dart:143:13)
#112    RenderObject._paintWithContext (package:flutter/src/rendering/object.dart:3429:7)
#113    PaintingContext.paintChild (package:flutter/src/rendering/object.dart:265:13)
#114    RenderProxyBoxMixin.paint (package:flutter/src/rendering/proxy_box.dart:143:13)
#115    RenderObject._paintWithContext (package:flutter/src/rendering/object.dart:3429:7)
#116    PaintingContext.paintChild (package:flutter/src/rendering/object.dart:265:13)
#117    RenderProxyBoxMixin.paint (package:flutter/src/rendering/proxy_box.dart:143:13)
#118    RenderObject._paintWithContext (package:flutter/src/rendering/object.dart:3429:7)
#119    PaintingContext.paintChild (package:flutter/src/rendering/object.dart:265:13)
#120    RenderProxyBoxMixin.paint (package:flutter/src/rendering/proxy_box.dart:143:13)
#121    RenderObject._paintWithContext (package:flutter/src/rendering/object.dart:3429:7)
#122    PaintingContext.paintChild (package:flutter/src/rendering/object.dart:265:13)
#123    RenderProxyBoxMixin.paint (package:flutter/src/rendering/proxy_box.dart:143:13)
#124    RenderObject._paintWithContext (package:flutter/src/rendering/object.dart:3429:7)
#125    PaintingContext.paintChild (package:flutter/src/rendering/object.dart:265:13)
#126    RenderProxyBoxMixin.paint (package:flutter/src/rendering/proxy_box.dart:143:13)
#127    RenderObject._paintWithContext (package:flutter/src/rendering/object.dart:3429:7)
#128    PaintingContext.paintChild (package:flutter/src/rendering/object.dart:265:13)
#129    RenderView.paint (package:flutter/src/rendering/view.dart:320:15)
#130    RenderObject._paintWithContext (package:flutter/src/rendering/object.dart:3429:7)
#131    PaintingContext._repaintCompositedChild (package:flutter/src/rendering/object.dart:180:11)
#132    PaintingContext.repaintCompositedChild (package:flutter/src/rendering/object.dart:125:5)
#133    PipelineOwner.flushPaint (package:flutter/src/rendering/object.dart:1325:31)
#134    PipelineOwner.flushPaint (package:flutter/src/rendering/object.dart:1335:15)
#135    AutomatedTestWidgetsFlutterBinding.drawFrame (package:flutter_test/src/binding.dart:2137:31)
#136    RendererBinding._handlePersistentFrameCallback (package:flutter/src/rendering/binding.dart:495:5)
#137    SchedulerBinding._invokeFrameCallback (package:flutter/src/scheduler/binding.dart:1430:15)
#138    SchedulerBinding.handleDrawFrame (package:flutter/src/scheduler/binding.dart:1345:9)
#139    AutomatedTestWidgetsFlutterBinding.pump.<anonymous closure> (package:flutter_test/src/binding.dart:1960:9)
#142    TestAsyncUtils.guard (package:flutter_test/src/test_async_utils.dart:74:41)
#143    AutomatedTestWidgetsFlutterBinding.pump (package:flutter_test/src/binding.dart:1949:27)
#144    WidgetTester.pumpWidget.<anonymous closure> (package:flutter_test/src/widget_tester.dart:598:22)
#147    TestAsyncUtils.guard (package:flutter_test/src/test_async_utils.dart:74:41)
#148    WidgetTester.pumpWidget (package:flutter_test/src/widget_tester.dart:595:27)
#149    main.<anonymous closure>.<anonymous closure> (file:///C:/Users/bhara/StudioProjects/simple_billing_app/test/widget/billing_screen_test.dart:63:20)
#150    testWidgets.<anonymous closure>.<anonymous closure> (package:flutter_test/src/widget_tester.dart:192:29)
<asynchronous suspension>
#151    TestWidgetsFlutterBinding._runTestBody (package:flutter_test/src/binding.dart:1682:5)
<asynchronous suspension>
<asynchronous suspension>
(elided 7 frames from class _AssertionError, dart:async, and package:stack_trace)

The following RenderObject was being processed when the exception was fired: _RenderInkFeatures#f3f83:
  needs compositing
  creator: _InkFeatures-[GlobalKey#5ae63 ink renderer] ΓåÉ
    NotificationListener<LayoutChangedNotification> ΓåÉ PhysicalModel ΓåÉ AnimatedPhysicalModel ΓåÉ Material
    ΓåÉ _ScrollNotificationObserverScope ΓåÉ NotificationListener<ScrollNotification> ΓåÉ
    NotificationListener<ScrollMetricsNotification> ΓåÉ ScrollNotificationObserver ΓåÉ _ScaffoldScope ΓåÉ
    Scaffold ΓåÉ AppScaffold ΓåÉ Γï»
  parentData: <none> (can use size)
  constraints: BoxConstraints(w=1200.0, h=800.0)
  size: Size(1200.0, 800.0)
This RenderObject had the following descendants (showing up to depth 5):
    child: RenderCustomMultiChildLayoutBox#ece09 NEEDS-PAINT
      child 1: _RenderLayoutBuilder#689a3 relayoutBoundary=up1 NEEDS-PAINT
        child: RenderPadding#351af relayoutBoundary=up2 NEEDS-PAINT
          child: RenderClipRect#cf3c5 relayoutBoundary=up3 NEEDS-PAINT
            child: RenderTransform#a574a relayoutBoundary=up4 NEEDS-PAINT
      child 2: RenderConstrainedBox#2d11b relayoutBoundary=up1 NEEDS-PAINT
        child: RenderSemanticsAnnotations#9e827 relayoutBoundary=up2 NEEDS-PAINT
          child: RenderAnnotatedRegion<SystemUiOverlayStyle>#9ee37 relayoutBoundary=up3 NEEDS-PAINT
            child: RenderPhysicalModel#0fb64 relayoutBoundary=up4 NEEDS-PAINT
      child 3: RenderDecoratedBox#daa47 relayoutBoundary=up1 NEEDS-PAINT
        child: RenderPadding#ad18d relayoutBoundary=up2 NEEDS-PAINT
          child: RenderPadding#68b84 relayoutBoundary=up3 NEEDS-PAINT
            child: RenderPadding#00a6e relayoutBoundary=up4 NEEDS-PAINT
      child 4: RenderStack#9c063 NEEDS-LAYOUT NEEDS-PAINT
        child 1: RenderTransform#06cf0 NEEDS-LAYOUT NEEDS-PAINT
          child: RenderTransform#bb4a5 NEEDS-LAYOUT NEEDS-PAINT
ΓòÉΓòÉΓòÉΓòÉΓòÉΓòÉΓòÉΓòÉΓòÉΓòÉΓòÉΓòÉΓòÉΓòÉΓòÉΓòÉΓòÉΓòÉΓòÉΓòÉΓòÉΓòÉΓòÉΓòÉΓòÉΓòÉΓòÉΓòÉΓòÉΓòÉΓòÉΓòÉΓòÉΓòÉΓòÉΓòÉΓòÉΓòÉΓòÉΓòÉΓòÉΓòÉΓòÉΓòÉΓòÉΓòÉΓòÉΓòÉΓòÉΓòÉΓòÉΓòÉΓòÉΓòÉΓòÉΓòÉΓòÉΓòÉΓòÉΓòÉΓòÉΓòÉΓòÉΓòÉΓòÉΓòÉΓòÉΓòÉΓòÉΓòÉΓòÉΓòÉΓòÉΓòÉΓòÉΓòÉΓòÉΓòÉΓòÉΓòÉΓòÉΓòÉΓòÉΓòÉΓòÉΓòÉΓòÉΓòÉΓòÉΓòÉΓòÉΓòÉΓòÉΓòÉΓòÉΓòÉΓòÉΓòÉΓòÉΓòÉ
ΓòÉΓòÉΓòí EXCEPTION CAUGHT BY SCHEDULER LIBRARY Γò₧ΓòÉΓòÉΓòÉΓòÉΓòÉΓòÉΓòÉΓòÉΓòÉΓòÉΓòÉΓòÉΓòÉΓòÉΓòÉΓòÉΓòÉΓòÉΓòÉΓòÉΓòÉΓòÉΓòÉΓòÉΓòÉΓòÉΓòÉΓòÉΓòÉΓòÉΓòÉΓòÉΓòÉΓòÉΓòÉΓòÉΓòÉΓòÉΓòÉΓòÉΓòÉΓòÉΓòÉΓòÉΓòÉΓòÉΓòÉΓòÉΓòÉΓòÉΓòÉΓòÉΓòÉΓòÉΓòÉΓòÉΓòÉ
The following assertion was thrown during a scheduler callback:
'package:flutter/src/rendering/object.dart': Failed assertion: line 5737 pos 14:
'!childSemantics.renderObject._needsLayout': is not true.

Either the assertion indicates an error in the framework itself, or we should provide substantially
more information in this error message to help you determine and fix the underlying cause.
In either case, please report this assertion by filing a bug on GitHub:
  https://github.com/flutter/flutter/issues/new?template=02_bug.yml

When the exception was thrown, this was the stack:
#2      _RenderObjectSemantics._collectChildMergeUpAndSiblingGroup (package:flutter/src/rendering/object.dart:5737:14)
#3      _RenderObjectSemantics.updateChildren (package:flutter/src/rendering/object.dart:5608:50)
#4      _RenderObjectSemantics._didUpdateParentData (package:flutter/src/rendering/object.dart:5815:5)
#5      _RenderObjectSemantics._collectChildMergeUpAndSiblingGroup (package:flutter/src/rendering/object.dart:5738:22)
#6      _RenderObjectSemantics.updateChildren (package:flutter/src/rendering/object.dart:5608:50)
#7      _RenderObjectSemantics._didUpdateParentData (package:flutter/src/rendering/object.dart:5815:5)
#8      _RenderObjectSemantics._collectChildMergeUpAndSiblingGroup (package:flutter/src/rendering/object.dart:5738:22)
#9      _RenderObjectSemantics.updateChildren (package:flutter/src/rendering/object.dart:5608:50)
#10     _RenderObjectSemantics._didUpdateParentData (package:flutter/src/rendering/object.dart:5815:5)
#11     _RenderObjectSemantics._collectChildMergeUpAndSiblingGroup (package:flutter/src/rendering/object.dart:5738:22)
#12     _RenderObjectSemantics.updateChildren (package:flutter/src/rendering/object.dart:5608:50)
#13     _RenderObjectSemantics._didUpdateParentData (package:flutter/src/rendering/object.dart:5815:5)
#14     _RenderObjectSemantics._collectChildMergeUpAndSiblingGroup (package:flutter/src/rendering/object.dart:5738:22)
#15     _RenderObjectSemantics.updateChildren (package:flutter/src/rendering/object.dart:5608:50)
#16     _RenderObjectSemantics._didUpdateParentData (package:flutter/src/rendering/object.dart:5815:5)
#17     _RenderObjectSemantics._collectChildMergeUpAndSiblingGroup (package:flutter/src/rendering/object.dart:5738:22)
#18     _RenderObjectSemantics.updateChildren (package:flutter/src/rendering/object.dart:5608:50)
#19     _RenderObjectSemantics._didUpdateParentData (package:flutter/src/rendering/object.dart:5815:5)
#20     _RenderObjectSemantics._collectChildMergeUpAndSiblingGroup (package:flutter/src/rendering/object.dart:5738:22)
#21     _RenderObjectSemantics.updateChildren (package:flutter/src/rendering/object.dart:5608:50)
#22     _RenderObjectSemantics._didUpdateParentData (package:flutter/src/rendering/object.dart:5815:5)
#23     _RenderObjectSemantics._collectChildMergeUpAndSiblingGroup (package:flutter/src/rendering/object.dart:5738:22)
#24     _RenderObjectSemantics.updateChildren (package:flutter/src/rendering/object.dart:5608:50)
#25     _RenderObjectSemantics._didUpdateParentData (package:flutter/src/rendering/object.dart:5815:5)
#26     _RenderObjectSemantics._collectChildMergeUpAndSiblingGroup (package:flutter/src/rendering/object.dart:5738:22)
#27     _RenderObjectSemantics.updateChildren (package:flutter/src/rendering/object.dart:5608:50)
#28     _RenderObjectSemantics._didUpdateParentData (package:flutter/src/rendering/object.dart:5815:5)
#29     _RenderObjectSemantics._collectChildMergeUpAndSiblingGroup (package:flutter/src/rendering/object.dart:5738:22)
#30     _RenderObjectSemantics.updateChildren (package:flutter/src/rendering/object.dart:5608:50)
#31     _RenderObjectSemantics._didUpdateParentData (package:flutter/src/rendering/object.dart:5815:5)
#32     _RenderObjectSemantics._collectChildMergeUpAndSiblingGroup (package:flutter/src/rendering/object.dart:5738:22)
#33     _RenderObjectSemantics.updateChildren (package:flutter/src/rendering/object.dart:5608:50)
#34     _RenderObjectSemantics._didUpdateParentData (package:flutter/src/rendering/object.dart:5815:5)
#35     _RenderObjectSemantics._collectChildMergeUpAndSiblingGroup (package:flutter/src/rendering/object.dart:5738:22)
#36     _RenderObjectSemantics.updateChildren (package:flutter/src/rendering/object.dart:5608:50)
#37     _RenderObjectSemantics._didUpdateParentData (package:flutter/src/rendering/object.dart:5815:5)
#38     _RenderObjectSemantics._collectChildMergeUpAndSiblingGroup (package:flutter/src/rendering/object.dart:5738:22)
#39     _RenderObjectSemantics.updateChildren (package:flutter/src/rendering/object.dart:5608:50)
#40     _RenderObjectSemantics._didUpdateParentData (package:flutter/src/rendering/object.dart:5815:5)
#41     _RenderObjectSemantics._collectChildMergeUpAndSiblingGroup (package:flutter/src/rendering/object.dart:5738:22)
#42     _RenderObjectSemantics.updateChildren (package:flutter/src/rendering/object.dart:5608:50)
#43     _RenderObjectSemantics._didUpdateParentData (package:flutter/src/rendering/object.dart:5815:5)
#44     _RenderObjectSemantics._collectChildMergeUpAndSiblingGroup (package:flutter/src/rendering/object.dart:5738:22)
#45     _RenderObjectSemantics.updateChildren (package:flutter/src/rendering/object.dart:5608:50)
#46     _RenderObjectSemantics._didUpdateParentData (package:flutter/src/rendering/object.dart:5815:5)
#47     _RenderObjectSemantics._collectChildMergeUpAndSiblingGroup (package:flutter/src/rendering/object.dart:5738:22)
#48     _RenderObjectSemantics.updateChildren (package:flutter/src/rendering/object.dart:5608:50)
#49     _RenderObjectSemantics._didUpdateParentData (package:flutter/src/rendering/object.dart:5815:5)
#50     _RenderObjectSemantics._collectChildMergeUpAndSiblingGroup (package:flutter/src/rendering/object.dart:5738:22)
#51     _RenderObjectSemantics.updateChildren (package:flutter/src/rendering/object.dart:5608:50)
#52     _RenderObjectSemantics._didUpdateParentData (package:flutter/src/rendering/object.dart:5815:5)
#53     _RenderObjectSemantics._collectChildMergeUpAndSiblingGroup (package:flutter/src/rendering/object.dart:5738:22)
#54     _RenderObjectSemantics.updateChildren (package:flutter/src/rendering/object.dart:5608:50)
#55     _RenderObjectSemantics._didUpdateParentData (package:flutter/src/rendering/object.dart:5815:5)
#56     _RenderObjectSemantics._collectChildMergeUpAndSiblingGroup (package:flutter/src/rendering/object.dart:5738:22)
#57     _RenderObjectSemantics.updateChildren (package:flutter/src/rendering/object.dart:5608:50)
#58     _RenderObjectSemantics._didUpdateParentData (package:flutter/src/rendering/object.dart:5815:5)
#59     _RenderObjectSemantics._collectChildMergeUpAndSiblingGroup (package:flutter/src/rendering/object.dart:5738:22)
#60     _RenderObjectSemantics.updateChildren (package:flutter/src/rendering/object.dart:5608:50)
#61     _RenderObjectSemantics._didUpdateParentData (package:flutter/src/rendering/object.dart:5815:5)
#62     _RenderObjectSemantics._collectChildMergeUpAndSiblingGroup (package:flutter/src/rendering/object.dart:5738:22)
#63     _RenderObjectSemantics.updateChildren (package:flutter/src/rendering/object.dart:5608:50)
#64     _RenderObjectSemantics._didUpdateParentData (package:flutter/src/rendering/object.dart:5815:5)
#65     _RenderObjectSemantics._collectChildMergeUpAndSiblingGroup (package:flutter/src/rendering/object.dart:5738:22)
#66     _RenderObjectSemantics.updateChildren (package:flutter/src/rendering/object.dart:5608:50)
#67     _RenderObjectSemantics._didUpdateParentData (package:flutter/src/rendering/object.dart:5815:5)
#68     _RenderObjectSemantics._collectChildMergeUpAndSiblingGroup (package:flutter/src/rendering/object.dart:5738:22)
#69     _RenderObjectSemantics.updateChildren (package:flutter/src/rendering/object.dart:5608:50)
#70     _RenderObjectSemantics._didUpdateParentData (package:flutter/src/rendering/object.dart:5815:5)
#71     _RenderObjectSemantics._collectChildMergeUpAndSiblingGroup (package:flutter/src/rendering/object.dart:5738:22)
#72     _RenderObjectSemantics.updateChildren (package:flutter/src/rendering/object.dart:5608:50)
#73     _RenderObjectSemantics._didUpdateParentData (package:flutter/src/rendering/object.dart:5815:5)
#74     _RenderObjectSemantics._collectChildMergeUpAndSiblingGroup (package:flutter/src/rendering/object.dart:5738:22)
#75     _RenderObjectSemantics.updateChildren (package:flutter/src/rendering/object.dart:5608:50)
#76     _RenderObjectSemantics._didUpdateParentData (package:flutter/src/rendering/object.dart:5815:5)
#77     _RenderObjectSemantics._collectChildMergeUpAndSiblingGroup (package:flutter/src/rendering/object.dart:5738:22)
#78     _RenderObjectSemantics.updateChildren (package:flutter/src/rendering/object.dart:5608:50)
#79     _RenderObjectSemantics._didUpdateParentData (package:flutter/src/rendering/object.dart:5815:5)
#80     _RenderObjectSemantics._collectChildMergeUpAndSiblingGroup (package:flutter/src/rendering/object.dart:5738:22)
#81     _RenderObjectSemantics.updateChildren (package:flutter/src/rendering/object.dart:5608:50)
#82     _RenderObjectSemantics._didUpdateParentData (package:flutter/src/rendering/object.dart:5815:5)
#83     _RenderObjectSemantics._collectChildMergeUpAndSiblingGroup (package:flutter/src/rendering/object.dart:5738:22)
#84     _RenderObjectSemantics.updateChildren (package:flutter/src/rendering/object.dart:5608:50)
#85     _RenderObjectSemantics._didUpdateParentData (package:flutter/src/rendering/object.dart:5815:5)
#86     _RenderObjectSemantics._collectChildMergeUpAndSiblingGroup (package:flutter/src/rendering/object.dart:5738:22)
#87     _RenderObjectSemantics.updateChildren (package:flutter/src/rendering/object.dart:5608:50)
#88     _RenderObjectSemantics._didUpdateParentData (package:flutter/src/rendering/object.dart:5815:5)
#89     _RenderObjectSemantics._collectChildMergeUpAndSiblingGroup (package:flutter/src/rendering/object.dart:5738:22)
#90     _RenderObjectSemantics.updateChildren (package:flutter/src/rendering/object.dart:5608:50)
#91     _RenderObjectSemantics._didUpdateParentData (package:flutter/src/rendering/object.dart:5815:5)
#92     _RenderObjectSemantics._collectChildMergeUpAndSiblingGroup (package:flutter/src/rendering/object.dart:5738:22)
#93     _RenderObjectSemantics.updateChildren (package:flutter/src/rendering/object.dart:5608:50)
#94     _RenderObjectSemantics._didUpdateParentData (package:flutter/src/rendering/object.dart:5815:5)
#95     _RenderObjectSemantics._collectChildMergeUpAndSiblingGroup (package:flutter/src/rendering/object.dart:5738:22)
#96     _RenderObjectSemantics.updateChildren (package:flutter/src/rendering/object.dart:5608:50)
#97     _RenderObjectSemantics._didUpdateParentData (package:flutter/src/rendering/object.dart:5815:5)
#98     _RenderObjectSemantics._collectChildMergeUpAndSiblingGroup (package:flutter/src/rendering/object.dart:5738:22)
#99     _RenderObjectSemantics.updateChildren (package:flutter/src/rendering/object.dart:5608:50)
#100    _RenderObjectSemantics._didUpdateParentData (package:flutter/src/rendering/object.dart:5815:5)
#101    _RenderObjectSemantics._collectChildMergeUpAndSiblingGroup (package:flutter/src/rendering/object.dart:5738:22)
#102    _RenderObjectSemantics.updateChildren (package:flutter/src/rendering/object.dart:5608:50)
#103    _RenderObjectSemantics._didUpdateParentData (package:flutter/src/rendering/object.dart:5815:5)
#104    _RenderObjectSemantics._collectChildMergeUpAndSiblingGroup (package:flutter/src/rendering/object.dart:5738:22)
#105    _RenderObjectSemantics.updateChildren (package:flutter/src/rendering/object.dart:5608:50)
#106    _RenderObjectSemantics._didUpdateParentData (package:flutter/src/rendering/object.dart:5815:5)
#107    _RenderObjectSemantics._collectChildMergeUpAndSiblingGroup (package:flutter/src/rendering/object.dart:5738:22)
#108    _RenderObjectSemantics.updateChildren (package:flutter/src/rendering/object.dart:5608:50)
#109    _RenderObjectSemantics._didUpdateParentData (package:flutter/src/rendering/object.dart:5815:5)
#110    _RenderObjectSemantics._collectChildMergeUpAndSiblingGroup (package:flutter/src/rendering/object.dart:5738:22)
#111    _RenderObjectSemantics.updateChildren (package:flutter/src/rendering/object.dart:5608:50)
#112    _RenderObjectSemantics._didUpdateParentData (package:flutter/src/rendering/object.dart:5815:5)
#113    _RenderObjectSemantics._collectChildMergeUpAndSiblingGroup (package:flutter/src/rendering/object.dart:5738:22)
#114    _RenderObjectSemantics.updateChildren (package:flutter/src/rendering/object.dart:5608:50)
#115    _RenderObjectSemantics._didUpdateParentData (package:flutter/src/rendering/object.dart:5815:5)
#116    _RenderObjectSemantics._collectChildMergeUpAndSiblingGroup (package:flutter/src/rendering/object.dart:5738:22)
#117    _RenderObjectSemantics.updateChildren (package:flutter/src/rendering/object.dart:5608:50)
#118    _RenderObjectSemantics._didUpdateParentData (package:flutter/src/rendering/object.dart:5815:5)
#119    _RenderObjectSemantics._collectChildMergeUpAndSiblingGroup (package:flutter/src/rendering/object.dart:5738:22)
#120    _RenderObjectSemantics.updateChildren (package:flutter/src/rendering/object.dart:5608:50)
#121    _RenderObjectSemantics._didUpdateParentData (package:flutter/src/rendering/object.dart:5815:5)
#122    _RenderObjectSemantics._collectChildMergeUpAndSiblingGroup (package:flutter/src/rendering/object.dart:5738:22)
#123    _RenderObjectSemantics.updateChildren (package:flutter/src/rendering/object.dart:5608:50)
#124    _RenderObjectSemantics._didUpdateParentData (package:flutter/src/rendering/object.dart:5815:5)
#125    _RenderObjectSemantics._collectChildMergeUpAndSiblingGroup (package:flutter/src/rendering/object.dart:5738:22)
#126    _RenderObjectSemantics.updateChildren (package:flutter/src/rendering/object.dart:5608:50)
#127    _RenderObjectSemantics._didUpdateParentData (package:flutter/src/rendering/object.dart:5815:5)
#128    _RenderObjectSemantics._collectChildMergeUpAndSiblingGroup (package:flutter/src/rendering/object.dart:5738:22)
#129    _RenderObjectSemantics.updateChildren (package:flutter/src/rendering/object.dart:5608:50)
#130    _RenderObjectSemantics._didUpdateParentData (package:flutter/src/rendering/object.dart:5815:5)
#131    _RenderObjectSemantics._collectChildMergeUpAndSiblingGroup (package:flutter/src/rendering/object.dart:5738:22)
#132    _RenderObjectSemantics.updateChildren (package:flutter/src/rendering/object.dart:5608:50)
#133    _RenderObjectSemantics._didUpdateParentData (package:flutter/src/rendering/object.dart:5815:5)
#134    _RenderObjectSemantics._collectChildMergeUpAndSiblingGroup (package:flutter/src/rendering/object.dart:5738:22)
#135    _RenderObjectSemantics.updateChildren (package:flutter/src/rendering/object.dart:5608:50)
#136    _RenderObjectSemantics._didUpdateParentData (package:flutter/src/rendering/object.dart:5815:5)
#137    _RenderObjectSemantics._collectChildMergeUpAndSiblingGroup (package:flutter/src/rendering/object.dart:5738:22)
#138    _RenderObjectSemantics.updateChildren (package:flutter/src/rendering/object.dart:5608:50)
#139    _RenderObjectSemantics._didUpdateParentData (package:flutter/src/rendering/object.dart:5815:5)
#140    _RenderObjectSemantics._collectChildMergeUpAndSiblingGroup (package:flutter/src/rendering/object.dart:5738:22)
#141    _RenderObjectSemantics.updateChildren (package:flutter/src/rendering/object.dart:5608:50)
#142    _RenderObjectSemantics._didUpdateParentData (package:flutter/src/rendering/object.dart:5815:5)
#143    _RenderObjectSemantics._collectChildMergeUpAndSiblingGroup (package:flutter/src/rendering/object.dart:5738:22)
#144    _RenderObjectSemantics.updateChildren (package:flutter/src/rendering/object.dart:5608:50)
#145    _RenderObjectSemantics._didUpdateParentData (package:flutter/src/rendering/object.dart:5815:5)
#146    _RenderObjectSemantics._collectChildMergeUpAndSiblingGroup (package:flutter/src/rendering/object.dart:5738:22)
#147    _RenderObjectSemantics.updateChildren (package:flutter/src/rendering/object.dart:5608:50)
#148    _RenderObjectSemantics._didUpdateParentData (package:flutter/src/rendering/object.dart:5815:5)
#149    _RenderObjectSemantics._collectChildMergeUpAndSiblingGroup (package:flutter/src/rendering/object.dart:5738:22)
#150    _RenderObjectSemantics.updateChildren (package:flutter/src/rendering/object.dart:5608:50)
#151    _RenderObjectSemantics._didUpdateParentData (package:flutter/src/rendering/object.dart:5815:5)
#152    _RenderObjectSemantics._collectChildMergeUpAndSiblingGroup (package:flutter/src/rendering/object.dart:5738:22)
#153    _RenderObjectSemantics.updateChildren (package:flutter/src/rendering/object.dart:5608:50)
#154    _RenderObjectSemantics._didUpdateParentData (package:flutter/src/rendering/object.dart:5815:5)
#155    _RenderObjectSemantics._collectChildMergeUpAndSiblingGroup (package:flutter/src/rendering/object.dart:5738:22)
#156    _RenderObjectSemantics.updateChildren (package:flutter/src/rendering/object.dart:5608:50)
#157    _RenderObjectSemantics._didUpdateParentData (package:flutter/src/rendering/object.dart:5815:5)
#158    _RenderObjectSemantics._collectChildMergeUpAndSiblingGroup (package:flutter/src/rendering/object.dart:5738:22)
#159    _RenderObjectSemantics.updateChildren (package:flutter/src/rendering/object.dart:5608:50)
#160    _RenderObjectSemantics._didUpdateParentData (package:flutter/src/rendering/object.dart:5815:5)
#161    _RenderObjectSemantics._collectChildMergeUpAndSiblingGroup (package:flutter/src/rendering/object.dart:5738:22)
#162    _RenderObjectSemantics.updateChildren (package:flutter/src/rendering/object.dart:5608:50)
#163    _RenderObjectSemantics._didUpdateParentData (package:flutter/src/rendering/object.dart:5815:5)
#164    _RenderObjectSemantics._collectChildMergeUpAndSiblingGroup (package:flutter/src/rendering/object.dart:5738:22)
#165    _RenderObjectSemantics.updateChildren (package:flutter/src/rendering/object.dart:5608:50)
#166    _RenderObjectSemantics._didUpdateParentData (package:flutter/src/rendering/object.dart:5815:5)
#167    _RenderObjectSemantics._collectChildMergeUpAndSiblingGroup (package:flutter/src/rendering/object.dart:5738:22)
#168    _RenderObjectSemantics.updateChildren (package:flutter/src/rendering/object.dart:5608:50)
#169    _RenderObjectSemantics._didUpdateParentData (package:flutter/src/rendering/object.dart:5815:5)
#170    _RenderObjectSemantics._collectChildMergeUpAndSiblingGroup (package:flutter/src/rendering/object.dart:5738:22)
#171    _RenderObjectSemantics.updateChildren (package:flutter/src/rendering/object.dart:5608:50)
#172    PipelineOwner.flushSemantics (package:flutter/src/rendering/object.dart:1473:25)
#173    PipelineOwner.flushSemantics (package:flutter/src/rendering/object.dart:1518:15)
#174    AutomatedTestWidgetsFlutterBinding.drawFrame (package:flutter_test/src/binding.dart:2144:35)
#175    RendererBinding._handlePersistentFrameCallback (package:flutter/src/rendering/binding.dart:495:5)
#176    SchedulerBinding._invokeFrameCallback (package:flutter/src/scheduler/binding.dart:1430:15)
#177    SchedulerBinding.handleDrawFrame (package:flutter/src/scheduler/binding.dart:1345:9)
#178    AutomatedTestWidgetsFlutterBinding.pump.<anonymous closure> (package:flutter_test/src/binding.dart:1960:9)
#181    TestAsyncUtils.guard (package:flutter_test/src/test_async_utils.dart:74:41)
#182    AutomatedTestWidgetsFlutterBinding.pump (package:flutter_test/src/binding.dart:1949:27)
#183    WidgetTester.pumpWidget.<anonymous closure> (package:flutter_test/src/widget_tester.dart:598:22)
#186    TestAsyncUtils.guard (package:flutter_test/src/test_async_utils.dart:74:41)
#187    WidgetTester.pumpWidget (package:flutter_test/src/widget_tester.dart:595:27)
#188    main.<anonymous closure>.<anonymous closure> (file:///C:/Users/bhara/StudioProjects/simple_billing_app/test/widget/billing_screen_test.dart:63:20)
#189    testWidgets.<anonymous closure>.<anonymous closure> (package:flutter_test/src/widget_tester.dart:192:29)
<asynchronous suspension>
#190    TestWidgetsFlutterBinding._runTestBody (package:flutter_test/src/binding.dart:1682:5)
<asynchronous suspension>
<asynchronous suspension>
(elided 7 frames from class _AssertionError, dart:async, and package:stack_trace)
ΓòÉΓòÉΓòÉΓòÉΓòÉΓòÉΓòÉΓòÉΓòÉΓòÉΓòÉΓòÉΓòÉΓòÉΓòÉΓòÉΓòÉΓòÉΓòÉΓòÉΓòÉΓòÉΓòÉΓòÉΓòÉΓòÉΓòÉΓòÉΓòÉΓòÉΓòÉΓòÉΓòÉΓòÉΓòÉΓòÉΓòÉΓòÉΓòÉΓòÉΓòÉΓòÉΓòÉΓòÉΓòÉΓòÉΓòÉΓòÉΓòÉΓòÉΓòÉΓòÉΓòÉΓòÉΓòÉΓòÉΓòÉΓòÉΓòÉΓòÉΓòÉΓòÉΓòÉΓòÉΓòÉΓòÉΓòÉΓòÉΓòÉΓòÉΓòÉΓòÉΓòÉΓòÉΓòÉΓòÉΓòÉΓòÉΓòÉΓòÉΓòÉΓòÉΓòÉΓòÉΓòÉΓòÉΓòÉΓòÉΓòÉΓòÉΓòÉΓòÉΓòÉΓòÉΓòÉΓòÉΓòÉΓòÉΓòÉΓòÉ
ΓòÉΓòÉΓòí EXCEPTION CAUGHT BY FLUTTER TEST FRAMEWORK Γò₧ΓòÉΓòÉΓòÉΓòÉΓòÉΓòÉΓòÉΓòÉΓòÉΓòÉΓòÉΓòÉΓòÉΓòÉΓòÉΓòÉΓòÉΓòÉΓòÉΓòÉΓòÉΓòÉΓòÉΓòÉΓòÉΓòÉΓòÉΓòÉΓòÉΓòÉΓòÉΓòÉΓòÉΓòÉΓòÉΓòÉΓòÉΓòÉΓòÉΓòÉΓòÉΓòÉΓòÉΓòÉΓòÉΓòÉΓòÉΓòÉΓòÉΓòÉΓòÉΓòÉ
The following assertion was thrown running a test:
RenderBox was not laid out: RenderDecoratedBox#953c7 NEEDS-LAYOUT NEEDS-PAINT
'package:flutter/src/rendering/box.dart':
Failed assertion: line 2251 pos 12: 'hasSize'

When the exception was thrown, this was the stack:
#2      RenderBox.size (package:flutter/src/rendering/box.dart:2251:12)
#3      WidgetController._getElementPoint (package:flutter_test/src/controller.dart:2114:63)
#4      WidgetController.getCenter (package:flutter_test/src/controller.dart:1942:12)
#5      WidgetController.tap (package:flutter_test/src/controller.dart:1075:7)
#6      main.<anonymous closure>.<anonymous closure> (file:///C:/Users/bhara/StudioProjects/simple_billing_app/test/widget/billing_screen_test.dart:68:20)
<asynchronous suspension>
#7      testWidgets.<anonymous closure>.<anonymous closure> (package:flutter_test/src/widget_tester.dart:192:15)
<asynchronous suspension>
#8      TestWidgetsFlutterBinding._runTestBody (package:flutter_test/src/binding.dart:1682:5)
<asynchronous suspension>
<asynchronous suspension>
(elided 3 frames from class _AssertionError and package:stack_trace)

The test description was:
  Customer details accordion expands and collapses
ΓòÉΓòÉΓòÉΓòÉΓòÉΓòÉΓòÉΓòÉΓòÉΓòÉΓòÉΓòÉΓòÉΓòÉΓòÉΓòÉΓòÉΓòÉΓòÉΓòÉΓòÉΓòÉΓòÉΓòÉΓòÉΓòÉΓòÉΓòÉΓòÉΓòÉΓòÉΓòÉΓòÉΓòÉΓòÉΓòÉΓòÉΓòÉΓòÉΓòÉΓòÉΓòÉΓòÉΓòÉΓòÉΓòÉΓòÉΓòÉΓòÉΓòÉΓòÉΓòÉΓòÉΓòÉΓòÉΓòÉΓòÉΓòÉΓòÉΓòÉΓòÉΓòÉΓòÉΓòÉΓòÉΓòÉΓòÉΓòÉΓòÉΓòÉΓòÉΓòÉΓòÉΓòÉΓòÉΓòÉΓòÉΓòÉΓòÉΓòÉΓòÉΓòÉΓòÉΓòÉΓòÉΓòÉΓòÉΓòÉΓòÉΓòÉΓòÉΓòÉΓòÉΓòÉΓòÉΓòÉΓòÉΓòÉΓòÉΓòÉ
ΓòÉΓòÉΓòí EXCEPTION CAUGHT BY FLUTTER TEST FRAMEWORK Γò₧ΓòÉΓòÉΓòÉΓòÉΓòÉΓòÉΓòÉΓòÉΓòÉΓòÉΓòÉΓòÉΓòÉΓòÉΓòÉΓòÉΓòÉΓòÉΓòÉΓòÉΓòÉΓòÉΓòÉΓòÉΓòÉΓòÉΓòÉΓòÉΓòÉΓòÉΓòÉΓòÉΓòÉΓòÉΓòÉΓòÉΓòÉΓòÉΓòÉΓòÉΓòÉΓòÉΓòÉΓòÉΓòÉΓòÉΓòÉΓòÉΓòÉΓòÉΓòÉΓòÉ
The following message was thrown:
Multiple exceptions (29) were detected during the running of the current test, and at least one was
unexpected.
ΓòÉΓòÉΓòÉΓòÉΓòÉΓòÉΓòÉΓòÉΓòÉΓòÉΓòÉΓòÉΓòÉΓòÉΓòÉΓòÉΓòÉΓòÉΓòÉΓòÉΓòÉΓòÉΓòÉΓòÉΓòÉΓòÉΓòÉΓòÉΓòÉΓòÉΓòÉΓòÉΓòÉΓòÉΓòÉΓòÉΓòÉΓòÉΓòÉΓòÉΓòÉΓòÉΓòÉΓòÉΓòÉΓòÉΓòÉΓòÉΓòÉΓòÉΓòÉΓòÉΓòÉΓòÉΓòÉΓòÉΓòÉΓòÉΓòÉΓòÉΓòÉΓòÉΓòÉΓòÉΓòÉΓòÉΓòÉΓòÉΓòÉΓòÉΓòÉΓòÉΓòÉΓòÉΓòÉΓòÉΓòÉΓòÉΓòÉΓòÉΓòÉΓòÉΓòÉΓòÉΓòÉΓòÉΓòÉΓòÉΓòÉΓòÉΓòÉΓòÉΓòÉΓòÉΓòÉΓòÉΓòÉΓòÉΓòÉΓòÉ
00:02 +0 -4: BillingScreen Widget Tests Customer details accordion expands and collapses [E]
  Test failed. See exception logs above.
  The test description was: Customer details accordion expands and collapses
  
00:02 +0 -4: BillingScreen Widget Tests Mark as Paid button enablement logic
ΓòÉΓòÉΓòí EXCEPTION CAUGHT BY RENDERING LIBRARY Γò₧ΓòÉΓòÉΓòÉΓòÉΓòÉΓòÉΓòÉΓòÉΓòÉΓòÉΓòÉΓòÉΓòÉΓòÉΓòÉΓòÉΓòÉΓòÉΓòÉΓòÉΓòÉΓòÉΓòÉΓòÉΓòÉΓòÉΓòÉΓòÉΓòÉΓòÉΓòÉΓòÉΓòÉΓòÉΓòÉΓòÉΓòÉΓòÉΓòÉΓòÉΓòÉΓòÉΓòÉΓòÉΓòÉΓòÉΓòÉΓòÉΓòÉΓòÉΓòÉΓòÉΓòÉΓòÉΓòÉΓòÉΓòÉ
The following assertion was thrown during performLayout():
An InputDecorator, which is typically created by a TextField, cannot have an unbounded width.
This happens when the parent widget does not provide a finite width constraint. For example, if the
InputDecorator is contained by a Row, then its width must be constrained. An Expanded widget or a
SizedBox can be used to constrain the width of the InputDecorator or the TextField that contains it.
'package:flutter/src/material/input_decorator.dart':
Failed assertion: line 962 pos 7: 'constraints.maxWidth < double.infinity'

Either the assertion indicates an error in the framework itself, or we should provide substantially
more information in this error message to help you determine and fix the underlying cause.
In either case, please report this assertion by filing a bug on GitHub:
  https://github.com/flutter/flutter/issues/new?template=02_bug.yml

The relevant error-causing widget was:
  TextField
  TextField:file:///C:/Users/bhara/StudioProjects/simple_billing_app/lib/views/screens/billing_screen.dart:310:22

When the exception was thrown, this was the stack:
#2      _RenderDecoration._layout (package:flutter/src/material/input_decorator.dart:962:7)
#3      _RenderDecoration.performLayout (package:flutter/src/material/input_decorator.dart:1388:44)
#4      RenderObject.layout (package:flutter/src/rendering/object.dart:2768:7)
#5      RenderProxyBoxMixin.performLayout (package:flutter/src/rendering/proxy_box.dart:118:18)
#6      RenderObject.layout (package:flutter/src/rendering/object.dart:2768:7)
#7      RenderProxyBoxMixin.performLayout (package:flutter/src/rendering/proxy_box.dart:118:18)
#8      RenderObject.layout (package:flutter/src/rendering/object.dart:2768:7)
#9      RenderProxyBoxMixin.performLayout (package:flutter/src/rendering/proxy_box.dart:118:18)
#10     RenderObject.layout (package:flutter/src/rendering/object.dart:2768:7)
#11     RenderProxyBoxMixin.performLayout (package:flutter/src/rendering/proxy_box.dart:118:18)
#12     RenderObject.layout (package:flutter/src/rendering/object.dart:2768:7)
#13     RenderTapRegion.layout (package:flutter/src/widgets/tap_region.dart:686:11)
#14     RenderProxyBoxMixin.performLayout (package:flutter/src/rendering/proxy_box.dart:118:18)
#15     RenderObject.layout (package:flutter/src/rendering/object.dart:2768:7)
#16     RenderProxyBoxMixin.performLayout (package:flutter/src/rendering/proxy_box.dart:118:18)
#17     RenderObject.layout (package:flutter/src/rendering/object.dart:2768:7)
#18     RenderProxyBoxMixin.performLayout (package:flutter/src/rendering/proxy_box.dart:118:18)
#19     RenderObject.layout (package:flutter/src/rendering/object.dart:2768:7)
#20     RenderProxyBoxMixin.performLayout (package:flutter/src/rendering/proxy_box.dart:118:18)
#21     RenderObject.layout (package:flutter/src/rendering/object.dart:2768:7)
#22     ChildLayoutHelper.layoutChild (package:flutter/src/rendering/layout_helper.dart:62:11)
#23     RenderFlex._computeSizes (package:flutter/src/rendering/flex.dart:1237:28)
#24     RenderFlex.performLayout (package:flutter/src/rendering/flex.dart:1329:32)
#25     RenderObject.layout (package:flutter/src/rendering/object.dart:2768:7)
#26     RenderPadding.performLayout (package:flutter/src/rendering/shifted_box.dart:262:12)
#27     RenderObject.layout (package:flutter/src/rendering/object.dart:2768:7)
#28     RenderProxyBoxMixin.performLayout (package:flutter/src/rendering/proxy_box.dart:118:18)
#29     RenderObject.layout (package:flutter/src/rendering/object.dart:2768:7)
#30     ChildLayoutHelper.layoutChild (package:flutter/src/rendering/layout_helper.dart:62:11)
#31     RenderFlex._computeSizes (package:flutter/src/rendering/flex.dart:1237:28)
#32     RenderFlex.performLayout (package:flutter/src/rendering/flex.dart:1329:32)
#33     RenderObject.layout (package:flutter/src/rendering/object.dart:2768:7)
#34     ChildLayoutHelper.layoutChild (package:flutter/src/rendering/layout_helper.dart:62:11)
#35     RenderFlex._computeSizes (package:flutter/src/rendering/flex.dart:1237:28)
#36     RenderFlex.performLayout (package:flutter/src/rendering/flex.dart:1329:32)
#37     RenderObject.layout (package:flutter/src/rendering/object.dart:2768:7)
#38     _RenderSingleChildViewport.performLayout (package:flutter/src/widgets/single_child_scroll_view.dart:502:14)
#39     RenderObject.layout (package:flutter/src/rendering/object.dart:2768:7)
#40     RenderProxyBoxMixin.performLayout (package:flutter/src/rendering/proxy_box.dart:118:18)
#41     RenderObject.layout (package:flutter/src/rendering/object.dart:2768:7)
#42     RenderProxyBoxMixin.performLayout (package:flutter/src/rendering/proxy_box.dart:118:18)
#43     RenderObject.layout (package:flutter/src/rendering/object.dart:2768:7)
#44     RenderProxyBoxMixin.performLayout (package:flutter/src/rendering/proxy_box.dart:118:18)
#45     RenderObject.layout (package:flutter/src/rendering/object.dart:2768:7)
#46     RenderProxyBoxMixin.performLayout (package:flutter/src/rendering/proxy_box.dart:118:18)
#47     RenderObject.layout (package:flutter/src/rendering/object.dart:2768:7)
#48     RenderProxyBoxMixin.performLayout (package:flutter/src/rendering/proxy_box.dart:118:18)
#49     RenderObject.layout (package:flutter/src/rendering/object.dart:2768:7)
#50     RenderProxyBoxMixin.performLayout (package:flutter/src/rendering/proxy_box.dart:118:18)
#51     RenderObject.layout (package:flutter/src/rendering/object.dart:2768:7)
#52     RenderProxyBoxMixin.performLayout (package:flutter/src/rendering/proxy_box.dart:118:18)
#53     RenderObject.layout (package:flutter/src/rendering/object.dart:2768:7)
#54     RenderProxyBoxMixin.performLayout (package:flutter/src/rendering/proxy_box.dart:118:18)
#55     _RenderCustomClip.performLayout (package:flutter/src/rendering/proxy_box.dart:1549:11)
#56     RenderObject.layout (package:flutter/src/rendering/object.dart:2768:7)
#57     RenderPadding.performLayout (package:flutter/src/rendering/shifted_box.dart:262:12)
#58     RenderObject.layout (package:flutter/src/rendering/object.dart:2768:7)
#59     _RenderLayoutBuilder.performLayout (package:flutter/src/widgets/layout_builder.dart:449:14)
#60     RenderObject.layout (package:flutter/src/rendering/object.dart:2768:7)
#61     MultiChildLayoutDelegate.layoutChild (package:flutter/src/rendering/custom_layout.dart:180:12)
#62     _ScaffoldLayout.performLayout (package:flutter/src/material/scaffold.dart:1113:7)
#63     MultiChildLayoutDelegate._callPerformLayout (package:flutter/src/rendering/custom_layout.dart:246:7)
#64     RenderCustomMultiChildLayoutBox.performLayout (package:flutter/src/rendering/custom_layout.dart:417:14)
#65     RenderObject.layout (package:flutter/src/rendering/object.dart:2768:7)
#66     RenderProxyBoxMixin.performLayout (package:flutter/src/rendering/proxy_box.dart:118:18)
#67     RenderObject.layout (package:flutter/src/rendering/object.dart:2768:7)
#68     RenderProxyBoxMixin.performLayout (package:flutter/src/rendering/proxy_box.dart:118:18)
#69     _RenderCustomClip.performLayout (package:flutter/src/rendering/proxy_box.dart:1549:11)
#70     RenderObject.layout (package:flutter/src/rendering/object.dart:2768:7)
#71     RenderProxyBoxMixin.performLayout (package:flutter/src/rendering/proxy_box.dart:118:18)
#72     RenderObject.layout (package:flutter/src/rendering/object.dart:2768:7)
#73     RenderProxyBoxMixin.performLayout (package:flutter/src/rendering/proxy_box.dart:118:18)
#74     RenderObject.layout (package:flutter/src/rendering/object.dart:2768:7)
#75     RenderProxyBoxMixin.performLayout (package:flutter/src/rendering/proxy_box.dart:118:18)
#76     RenderObject.layout (package:flutter/src/rendering/object.dart:2768:7)
#77     RenderProxyBoxMixin.performLayout (package:flutter/src/rendering/proxy_box.dart:118:18)
#78     RenderObject.layout (package:flutter/src/rendering/object.dart:2768:7)
#79     RenderProxyBoxMixin.performLayout (package:flutter/src/rendering/proxy_box.dart:118:18)
#80     RenderObject.layout (package:flutter/src/rendering/object.dart:2768:7)
#81     RenderProxyBoxMixin.performLayout (package:flutter/src/rendering/proxy_box.dart:118:18)
#82     RenderObject.layout (package:flutter/src/rendering/object.dart:2768:7)
#83     RenderProxyBoxMixin.performLayout (package:flutter/src/rendering/proxy_box.dart:118:18)
#84     RenderObject.layout (package:flutter/src/rendering/object.dart:2768:7)
#85     RenderProxyBoxMixin.performLayout (package:flutter/src/rendering/proxy_box.dart:118:18)
#86     RenderObject.layout (package:flutter/src/rendering/object.dart:2768:7)
#87     RenderProxyBoxMixin.performLayout (package:flutter/src/rendering/proxy_box.dart:118:18)
#88     RenderObject.layout (package:flutter/src/rendering/object.dart:2768:7)
#89     RenderProxyBoxMixin.performLayout (package:flutter/src/rendering/proxy_box.dart:118:18)
#90     RenderObject.layout (package:flutter/src/rendering/object.dart:2768:7)
#91     RenderProxyBoxMixin.performLayout (package:flutter/src/rendering/proxy_box.dart:118:18)
#92     RenderObject.layout (package:flutter/src/rendering/object.dart:2768:7)
#93     RenderProxyBoxMixin.performLayout (package:flutter/src/rendering/proxy_box.dart:118:18)
#94     RenderObject.layout (package:flutter/src/rendering/object.dart:2768:7)
#95     RenderProxyBoxMixin.performLayout (package:flutter/src/rendering/proxy_box.dart:118:18)
#96     RenderObject.layout (package:flutter/src/rendering/object.dart:2768:7)
#97     RenderProxyBoxMixin.performLayout (package:flutter/src/rendering/proxy_box.dart:118:18)
#98     RenderObject.layout (package:flutter/src/rendering/object.dart:2768:7)
#99     RenderProxyBoxMixin.performLayout (package:flutter/src/rendering/proxy_box.dart:118:18)
#100    RenderObject.layout (package:flutter/src/rendering/object.dart:2768:7)
#101    RenderProxyBoxMixin.performLayout (package:flutter/src/rendering/proxy_box.dart:118:18)
#102    RenderOffstage.performLayout (package:flutter/src/rendering/proxy_box.dart:3923:13)
#103    RenderObject.layout (package:flutter/src/rendering/object.dart:2768:7)
#104    RenderProxyBoxMixin.performLayout (package:flutter/src/rendering/proxy_box.dart:118:18)
#105    RenderObject.layout (package:flutter/src/rendering/object.dart:2768:7)
#106    _RenderTheaterMixin.layoutChild (package:flutter/src/widgets/overlay.dart:1084:13)
#107    _RenderTheater.performLayout (package:flutter/src/widgets/overlay.dart:1429:9)
#108    RenderObject.layout (package:flutter/src/rendering/object.dart:2768:7)
#109    RenderProxyBoxMixin.performLayout (package:flutter/src/rendering/proxy_box.dart:118:18)
#110    RenderObject.layout (package:flutter/src/rendering/object.dart:2768:7)
#111    RenderProxyBoxMixin.performLayout (package:flutter/src/rendering/proxy_box.dart:118:18)
#112    RenderObject.layout (package:flutter/src/rendering/object.dart:2768:7)
#113    RenderProxyBoxMixin.performLayout (package:flutter/src/rendering/proxy_box.dart:118:18)
#114    RenderObject.layout (package:flutter/src/rendering/object.dart:2768:7)
#115    RenderProxyBoxMixin.performLayout (package:flutter/src/rendering/proxy_box.dart:118:18)
#116    RenderCustomPaint.performLayout (package:flutter/src/rendering/custom_paint.dart:574:11)
#117    RenderObject.layout (package:flutter/src/rendering/object.dart:2768:7)
#118    RenderProxyBoxMixin.performLayout (package:flutter/src/rendering/proxy_box.dart:118:18)
#119    RenderObject.layout (package:flutter/src/rendering/object.dart:2768:7)
#120    RenderProxyBoxMixin.performLayout (package:flutter/src/rendering/proxy_box.dart:118:18)
#121    RenderObject.layout (package:flutter/src/rendering/object.dart:2768:7)
#122    RenderProxyBoxMixin.performLayout (package:flutter/src/rendering/proxy_box.dart:118:18)
#123    RenderObject.layout (package:flutter/src/rendering/object.dart:2768:7)
#124    RenderProxyBoxMixin.performLayout (package:flutter/src/rendering/proxy_box.dart:118:18)
#125    RenderObject.layout (package:flutter/src/rendering/object.dart:2768:7)
#126    RenderProxyBoxMixin.performLayout (package:flutter/src/rendering/proxy_box.dart:118:18)
#127    RenderObject.layout (package:flutter/src/rendering/object.dart:2768:7)
#128    RenderProxyBoxMixin.performLayout (package:flutter/src/rendering/proxy_box.dart:118:18)
#129    RenderObject.layout (package:flutter/src/rendering/object.dart:2768:7)
#130    RenderView.performLayout (package:flutter/src/rendering/view.dart:292:12)
#131    RenderObject._layoutWithoutResize (package:flutter/src/rendering/object.dart:2616:7)
#132    PipelineOwner.flushLayout (package:flutter/src/rendering/object.dart:1174:18)
#133    PipelineOwner.flushLayout (package:flutter/src/rendering/object.dart:1187:15)
#134    AutomatedTestWidgetsFlutterBinding.drawFrame (package:flutter_test/src/binding.dart:2133:27)
#135    RendererBinding._handlePersistentFrameCallback (package:flutter/src/rendering/binding.dart:495:5)
#136    SchedulerBinding._invokeFrameCallback (package:flutter/src/scheduler/binding.dart:1430:15)
#137    SchedulerBinding.handleDrawFrame (package:flutter/src/scheduler/binding.dart:1345:9)
#138    AutomatedTestWidgetsFlutterBinding.pump.<anonymous closure> (package:flutter_test/src/binding.dart:1960:9)
#141    TestAsyncUtils.guard (package:flutter_test/src/test_async_utils.dart:74:41)
#142    AutomatedTestWidgetsFlutterBinding.pump (package:flutter_test/src/binding.dart:1949:27)
#143    WidgetTester.pumpWidget.<anonymous closure> (package:flutter_test/src/widget_tester.dart:598:22)
#146    TestAsyncUtils.guard (package:flutter_test/src/test_async_utils.dart:74:41)
#147    WidgetTester.pumpWidget (package:flutter_test/src/widget_tester.dart:595:27)
#148    main.<anonymous closure>.<anonymous closure> (file:///C:/Users/bhara/StudioProjects/simple_billing_app/test/widget/billing_screen_test.dart:83:20)
#149    testWidgets.<anonymous closure>.<anonymous closure> (package:flutter_test/src/widget_tester.dart:192:29)
<asynchronous suspension>
#150    TestWidgetsFlutterBinding._runTestBody (package:flutter_test/src/binding.dart:1682:5)
<asynchronous suspension>
<asynchronous suspension>
(elided 7 frames from class _AssertionError, dart:async, and package:stack_trace)

The following RenderObject was being processed when the exception was fired: _RenderDecoration#7e27f relayoutBoundary=up25 NEEDS-PAINT NEEDS-COMPOSITING-BITS-UPDATE:
  creator: _Decorator ΓåÉ InputDecorator ΓåÉ AnimatedBuilder ΓåÉ Listener ΓåÉ RawGestureDetector ΓåÉ
    TextSelectionGestureDetector ΓåÉ Semantics ΓåÉ AnimatedBuilder ΓåÉ IgnorePointer ΓåÉ TextFieldTapRegion ΓåÉ
    MouseRegion ΓåÉ TextField ΓåÉ Γï»
  parentData: <none> (can use size)
  constraints: BoxConstraints(unconstrained)
  size: MISSING
This RenderObject had the following descendants (showing up to depth 5):
    input: RenderRepaintBoundary#55ea1 NEEDS-LAYOUT NEEDS-PAINT NEEDS-COMPOSITING-BITS-UPDATE
      child: _RenderCompositionCallback#19090 NEEDS-LAYOUT NEEDS-PAINT NEEDS-COMPOSITING-BITS-UPDATE
        child: RenderTapRegion#64116 NEEDS-LAYOUT NEEDS-PAINT NEEDS-COMPOSITING-BITS-UPDATE
          child: RenderMouseRegion#6e24c NEEDS-LAYOUT NEEDS-PAINT NEEDS-COMPOSITING-BITS-UPDATE
            child: RenderPointerListener#aaa07 NEEDS-LAYOUT NEEDS-PAINT NEEDS-COMPOSITING-BITS-UPDATE
    prefixIcon: RenderPositionedBox#4bad9 NEEDS-LAYOUT NEEDS-PAINT NEEDS-COMPOSITING-BITS-UPDATE
      child: RenderMouseRegion#42655 NEEDS-LAYOUT NEEDS-PAINT NEEDS-COMPOSITING-BITS-UPDATE
        child: RenderConstrainedBox#c82b7 NEEDS-LAYOUT NEEDS-PAINT NEEDS-COMPOSITING-BITS-UPDATE
          child: RenderSemanticsAnnotations#a62f2 NEEDS-LAYOUT NEEDS-PAINT NEEDS-COMPOSITING-BITS-UPDATE
            child: RenderSemanticsAnnotations#c1254 NEEDS-LAYOUT NEEDS-PAINT NEEDS-COMPOSITING-BITS-UPDATE
    hint: RenderAnimatedOpacity#bab7c NEEDS-LAYOUT NEEDS-PAINT NEEDS-COMPOSITING-BITS-UPDATE
      child: RenderParagraph#9d861 NEEDS-LAYOUT NEEDS-PAINT
        text: TextSpan
    helperError: RenderConstrainedBox#3e63f NEEDS-LAYOUT NEEDS-PAINT
    container: RenderCustomPaint#d7cc1 NEEDS-LAYOUT NEEDS-PAINT
ΓòÉΓòÉΓòÉΓòÉΓòÉΓòÉΓòÉΓòÉΓòÉΓòÉΓòÉΓòÉΓòÉΓòÉΓòÉΓòÉΓòÉΓòÉΓòÉΓòÉΓòÉΓòÉΓòÉΓòÉΓòÉΓòÉΓòÉΓòÉΓòÉΓòÉΓòÉΓòÉΓòÉΓòÉΓòÉΓòÉΓòÉΓòÉΓòÉΓòÉΓòÉΓòÉΓòÉΓòÉΓòÉΓòÉΓòÉΓòÉΓòÉΓòÉΓòÉΓòÉΓòÉΓòÉΓòÉΓòÉΓòÉΓòÉΓòÉΓòÉΓòÉΓòÉΓòÉΓòÉΓòÉΓòÉΓòÉΓòÉΓòÉΓòÉΓòÉΓòÉΓòÉΓòÉΓòÉΓòÉΓòÉΓòÉΓòÉΓòÉΓòÉΓòÉΓòÉΓòÉΓòÉΓòÉΓòÉΓòÉΓòÉΓòÉΓòÉΓòÉΓòÉΓòÉΓòÉΓòÉΓòÉΓòÉΓòÉΓòÉ
ΓòÉΓòÉΓòí EXCEPTION CAUGHT BY RENDERING LIBRARY Γò₧ΓòÉΓòÉΓòÉΓòÉΓòÉΓòÉΓòÉΓòÉΓòÉΓòÉΓòÉΓòÉΓòÉΓòÉΓòÉΓòÉΓòÉΓòÉΓòÉΓòÉΓòÉΓòÉΓòÉΓòÉΓòÉΓòÉΓòÉΓòÉΓòÉΓòÉΓòÉΓòÉΓòÉΓòÉΓòÉΓòÉΓòÉΓòÉΓòÉΓòÉΓòÉΓòÉΓòÉΓòÉΓòÉΓòÉΓòÉΓòÉΓòÉΓòÉΓòÉΓòÉΓòÉΓòÉΓòÉΓòÉΓòÉ
The following assertion was thrown during performLayout():
RenderBox was not laid out: _RenderDecoration#7e27f relayoutBoundary=up25 NEEDS-PAINT
NEEDS-COMPOSITING-BITS-UPDATE
'package:flutter/src/rendering/box.dart':
Failed assertion: line 2251 pos 12: 'hasSize'

Either the assertion indicates an error in the framework itself, or we should provide substantially
more information in this error message to help you determine and fix the underlying cause.
In either case, please report this assertion by filing a bug on GitHub:
  https://github.com/flutter/flutter/issues/new?template=02_bug.yml

The relevant error-causing widget was:
  TextField
  TextField:file:///C:/Users/bhara/StudioProjects/simple_billing_app/lib/views/screens/billing_screen.dart:310:22

When the exception was thrown, this was the stack:
#2      RenderBox.size (package:flutter/src/rendering/box.dart:2251:12)
#3      RenderProxyBoxMixin.performLayout (package:flutter/src/rendering/proxy_box.dart:118:62)
#4      RenderObject.layout (package:flutter/src/rendering/object.dart:2768:7)
#5      RenderProxyBoxMixin.performLayout (package:flutter/src/rendering/proxy_box.dart:118:18)
#6      RenderObject.layout (package:flutter/src/rendering/object.dart:2768:7)
#7      RenderProxyBoxMixin.performLayout (package:flutter/src/rendering/proxy_box.dart:118:18)
#8      RenderObject.layout (package:flutter/src/rendering/object.dart:2768:7)
#9      RenderProxyBoxMixin.performLayout (package:flutter/src/rendering/proxy_box.dart:118:18)
#10     RenderObject.layout (package:flutter/src/rendering/object.dart:2768:7)
#11     RenderTapRegion.layout (package:flutter/src/widgets/tap_region.dart:686:11)
#12     RenderProxyBoxMixin.performLayout (package:flutter/src/rendering/proxy_box.dart:118:18)
#13     RenderObject.layout (package:flutter/src/rendering/object.dart:2768:7)
#14     RenderProxyBoxMixin.performLayout (package:flutter/src/rendering/proxy_box.dart:118:18)
#15     RenderObject.layout (package:flutter/src/rendering/object.dart:2768:7)
#16     RenderProxyBoxMixin.performLayout (package:flutter/src/rendering/proxy_box.dart:118:18)
#17     RenderObject.layout (package:flutter/src/rendering/object.dart:2768:7)
#18     RenderProxyBoxMixin.performLayout (package:flutter/src/rendering/proxy_box.dart:118:18)
#19     RenderObject.layout (package:flutter/src/rendering/object.dart:2768:7)
#20     ChildLayoutHelper.layoutChild (package:flutter/src/rendering/layout_helper.dart:62:11)
#21     RenderFlex._computeSizes (package:flutter/src/rendering/flex.dart:1237:28)
#22     RenderFlex.performLayout (package:flutter/src/rendering/flex.dart:1329:32)
#23     RenderObject.layout (package:flutter/src/rendering/object.dart:2768:7)
#24     RenderPadding.performLayout (package:flutter/src/rendering/shifted_box.dart:262:12)
#25     RenderObject.layout (package:flutter/src/rendering/object.dart:2768:7)
#26     RenderProxyBoxMixin.performLayout (package:flutter/src/rendering/proxy_box.dart:118:18)
#27     RenderObject.layout (package:flutter/src/rendering/object.dart:2768:7)
#28     ChildLayoutHelper.layoutChild (package:flutter/src/rendering/layout_helper.dart:62:11)
#29     RenderFlex._computeSizes (package:flutter/src/rendering/flex.dart:1237:28)
#30     RenderFlex.performLayout (package:flutter/src/rendering/flex.dart:1329:32)
#31     RenderObject.layout (package:flutter/src/rendering/object.dart:2768:7)
#32     ChildLayoutHelper.layoutChild (package:flutter/src/rendering/layout_helper.dart:62:11)
#33     RenderFlex._computeSizes (package:flutter/src/rendering/flex.dart:1237:28)
#34     RenderFlex.performLayout (package:flutter/src/rendering/flex.dart:1329:32)
#35     RenderObject.layout (package:flutter/src/rendering/object.dart:2768:7)
#36     _RenderSingleChildViewport.performLayout (package:flutter/src/widgets/single_child_scroll_view.dart:502:14)
#37     RenderObject.layout (package:flutter/src/rendering/object.dart:2768:7)
#38     RenderProxyBoxMixin.performLayout (package:flutter/src/rendering/proxy_box.dart:118:18)
#39     RenderObject.layout (package:flutter/src/rendering/object.dart:2768:7)
#40     RenderProxyBoxMixin.performLayout (package:flutter/src/rendering/proxy_box.dart:118:18)
#41     RenderObject.layout (package:flutter/src/rendering/object.dart:2768:7)
#42     RenderProxyBoxMixin.performLayout (package:flutter/src/rendering/proxy_box.dart:118:18)
#43     RenderObject.layout (package:flutter/src/rendering/object.dart:2768:7)
#44     RenderProxyBoxMixin.performLayout (package:flutter/src/rendering/proxy_box.dart:118:18)
#45     RenderObject.layout (package:flutter/src/rendering/object.dart:2768:7)
#46     RenderProxyBoxMixin.performLayout (package:flutter/src/rendering/proxy_box.dart:118:18)
#47     RenderObject.layout (package:flutter/src/rendering/object.dart:2768:7)
#48     RenderProxyBoxMixin.performLayout (package:flutter/src/rendering/proxy_box.dart:118:18)
#49     RenderObject.layout (package:flutter/src/rendering/object.dart:2768:7)
#50     RenderProxyBoxMixin.performLayout (package:flutter/src/rendering/proxy_box.dart:118:18)
#51     RenderObject.layout (package:flutter/src/rendering/object.dart:2768:7)
#52     RenderProxyBoxMixin.performLayout (package:flutter/src/rendering/proxy_box.dart:118:18)
#53     _RenderCustomClip.performLayout (package:flutter/src/rendering/proxy_box.dart:1549:11)
#54     RenderObject.layout (package:flutter/src/rendering/object.dart:2768:7)
#55     RenderPadding.performLayout (package:flutter/src/rendering/shifted_box.dart:262:12)
#56     RenderObject.layout (package:flutter/src/rendering/object.dart:2768:7)
#57     _RenderLayoutBuilder.performLayout (package:flutter/src/widgets/layout_builder.dart:449:14)
#58     RenderObject.layout (package:flutter/src/rendering/object.dart:2768:7)
#59     MultiChildLayoutDelegate.layoutChild (package:flutter/src/rendering/custom_layout.dart:180:12)
#60     _ScaffoldLayout.performLayout (package:flutter/src/material/scaffold.dart:1113:7)
#61     MultiChildLayoutDelegate._callPerformLayout (package:flutter/src/rendering/custom_layout.dart:246:7)
#62     RenderCustomMultiChildLayoutBox.performLayout (package:flutter/src/rendering/custom_layout.dart:417:14)
#63     RenderObject.layout (package:flutter/src/rendering/object.dart:2768:7)
#64     RenderProxyBoxMixin.performLayout (package:flutter/src/rendering/proxy_box.dart:118:18)
#65     RenderObject.layout (package:flutter/src/rendering/object.dart:2768:7)
#66     RenderProxyBoxMixin.performLayout (package:flutter/src/rendering/proxy_box.dart:118:18)
#67     _RenderCustomClip.performLayout (package:flutter/src/rendering/proxy_box.dart:1549:11)
#68     RenderObject.layout (package:flutter/src/rendering/object.dart:2768:7)
#69     RenderProxyBoxMixin.performLayout (package:flutter/src/rendering/proxy_box.dart:118:18)
#70     RenderObject.layout (package:flutter/src/rendering/object.dart:2768:7)
#71     RenderProxyBoxMixin.performLayout (package:flutter/src/rendering/proxy_box.dart:118:18)
#72     RenderObject.layout (package:flutter/src/rendering/object.dart:2768:7)
#73     RenderProxyBoxMixin.performLayout (package:flutter/src/rendering/proxy_box.dart:118:18)
#74     RenderObject.layout (package:flutter/src/rendering/object.dart:2768:7)
#75     RenderProxyBoxMixin.performLayout (package:flutter/src/rendering/proxy_box.dart:118:18)
#76     RenderObject.layout (package:flutter/src/rendering/object.dart:2768:7)
#77     RenderProxyBoxMixin.performLayout (package:flutter/src/rendering/proxy_box.dart:118:18)
#78     RenderObject.layout (package:flutter/src/rendering/object.dart:2768:7)
#79     RenderProxyBoxMixin.performLayout (package:flutter/src/rendering/proxy_box.dart:118:18)
#80     RenderObject.layout (package:flutter/src/rendering/object.dart:2768:7)
#81     RenderProxyBoxMixin.performLayout (package:flutter/src/rendering/proxy_box.dart:118:18)
#82     RenderObject.layout (package:flutter/src/rendering/object.dart:2768:7)
#83     RenderProxyBoxMixin.performLayout (package:flutter/src/rendering/proxy_box.dart:118:18)
#84     RenderObject.layout (package:flutter/src/rendering/object.dart:2768:7)
#85     RenderProxyBoxMixin.performLayout (package:flutter/src/rendering/proxy_box.dart:118:18)
#86     RenderObject.layout (package:flutter/src/rendering/object.dart:2768:7)
#87     RenderProxyBoxMixin.performLayout (package:flutter/src/rendering/proxy_box.dart:118:18)
#88     RenderObject.layout (package:flutter/src/rendering/object.dart:2768:7)
#89     RenderProxyBoxMixin.performLayout (package:flutter/src/rendering/proxy_box.dart:118:18)
#90     RenderObject.layout (package:flutter/src/rendering/object.dart:2768:7)
#91     RenderProxyBoxMixin.performLayout (package:flutter/src/rendering/proxy_box.dart:118:18)
#92     RenderObject.layout (package:flutter/src/rendering/object.dart:2768:7)
#93     RenderProxyBoxMixin.performLayout (package:flutter/src/rendering/proxy_box.dart:118:18)
#94     RenderObject.layout (package:flutter/src/rendering/object.dart:2768:7)
#95     RenderProxyBoxMixin.performLayout (package:flutter/src/rendering/proxy_box.dart:118:18)
#96     RenderObject.layout (package:flutter/src/rendering/object.dart:2768:7)
#97     RenderProxyBoxMixin.performLayout (package:flutter/src/rendering/proxy_box.dart:118:18)
#98     RenderObject.layout (package:flutter/src/rendering/object.dart:2768:7)
#99     RenderProxyBoxMixin.performLayout (package:flutter/src/rendering/proxy_box.dart:118:18)
#100    RenderOffstage.performLayout (package:flutter/src/rendering/proxy_box.dart:3923:13)
#101    RenderObject.layout (package:flutter/src/rendering/object.dart:2768:7)
#102    RenderProxyBoxMixin.performLayout (package:flutter/src/rendering/proxy_box.dart:118:18)
#103    RenderObject.layout (package:flutter/src/rendering/object.dart:2768:7)
#104    _RenderTheaterMixin.layoutChild (package:flutter/src/widgets/overlay.dart:1084:13)
#105    _RenderTheater.performLayout (package:flutter/src/widgets/overlay.dart:1429:9)
#106    RenderObject.layout (package:flutter/src/rendering/object.dart:2768:7)
#107    RenderProxyBoxMixin.performLayout (package:flutter/src/rendering/proxy_box.dart:118:18)
#108    RenderObject.layout (package:flutter/src/rendering/object.dart:2768:7)
#109    RenderProxyBoxMixin.performLayout (package:flutter/src/rendering/proxy_box.dart:118:18)
#110    RenderObject.layout (package:flutter/src/rendering/object.dart:2768:7)
#111    RenderProxyBoxMixin.performLayout (package:flutter/src/rendering/proxy_box.dart:118:18)
#112    RenderObject.layout (package:flutter/src/rendering/object.dart:2768:7)
#113    RenderProxyBoxMixin.performLayout (package:flutter/src/rendering/proxy_box.dart:118:18)
#114    RenderCustomPaint.performLayout (package:flutter/src/rendering/custom_paint.dart:574:11)
#115    RenderObject.layout (package:flutter/src/rendering/object.dart:2768:7)
#116    RenderProxyBoxMixin.performLayout (package:flutter/src/rendering/proxy_box.dart:118:18)
#117    RenderObject.layout (package:flutter/src/rendering/object.dart:2768:7)
#118    RenderProxyBoxMixin.performLayout (package:flutter/src/rendering/proxy_box.dart:118:18)
#119    RenderObject.layout (package:flutter/src/rendering/object.dart:2768:7)
#120    RenderProxyBoxMixin.performLayout (package:flutter/src/rendering/proxy_box.dart:118:18)
#121    RenderObject.layout (package:flutter/src/rendering/object.dart:2768:7)
#122    RenderProxyBoxMixin.performLayout (package:flutter/src/rendering/proxy_box.dart:118:18)
#123    RenderObject.layout (package:flutter/src/rendering/object.dart:2768:7)
#124    RenderProxyBoxMixin.performLayout (package:flutter/src/rendering/proxy_box.dart:118:18)
#125    RenderObject.layout (package:flutter/src/rendering/object.dart:2768:7)
#126    RenderProxyBoxMixin.performLayout (package:flutter/src/rendering/proxy_box.dart:118:18)
#127    RenderObject.layout (package:flutter/src/rendering/object.dart:2768:7)
#128    RenderView.performLayout (package:flutter/src/rendering/view.dart:292:12)
#129    RenderObject._layoutWithoutResize (package:flutter/src/rendering/object.dart:2616:7)
#130    PipelineOwner.flushLayout (package:flutter/src/rendering/object.dart:1174:18)
#131    PipelineOwner.flushLayout (package:flutter/src/rendering/object.dart:1187:15)
#132    AutomatedTestWidgetsFlutterBinding.drawFrame (package:flutter_test/src/binding.dart:2133:27)
#133    RendererBinding._handlePersistentFrameCallback (package:flutter/src/rendering/binding.dart:495:5)
#134    SchedulerBinding._invokeFrameCallback (package:flutter/src/scheduler/binding.dart:1430:15)
#135    SchedulerBinding.handleDrawFrame (package:flutter/src/scheduler/binding.dart:1345:9)
#136    AutomatedTestWidgetsFlutterBinding.pump.<anonymous closure> (package:flutter_test/src/binding.dart:1960:9)
#139    TestAsyncUtils.guard (package:flutter_test/src/test_async_utils.dart:74:41)
#140    AutomatedTestWidgetsFlutterBinding.pump (package:flutter_test/src/binding.dart:1949:27)
#141    WidgetTester.pumpWidget.<anonymous closure> (package:flutter_test/src/widget_tester.dart:598:22)
#144    TestAsyncUtils.guard (package:flutter_test/src/test_async_utils.dart:74:41)
#145    WidgetTester.pumpWidget (package:flutter_test/src/widget_tester.dart:595:27)
#146    main.<anonymous closure>.<anonymous closure> (file:///C:/Users/bhara/StudioProjects/simple_billing_app/test/widget/billing_screen_test.dart:83:20)
#147    testWidgets.<anonymous closure>.<anonymous closure> (package:flutter_test/src/widget_tester.dart:192:29)
<asynchronous suspension>
#148    TestWidgetsFlutterBinding._runTestBody (package:flutter_test/src/binding.dart:1682:5)
<asynchronous suspension>
<asynchronous suspension>
(elided 7 frames from class _AssertionError, dart:async, and package:stack_trace)

The following RenderObject was being processed when the exception was fired: RenderPointerListener#ee3c7 relayoutBoundary=up24 NEEDS-LAYOUT NEEDS-PAINT NEEDS-COMPOSITING-BITS-UPDATE:
  creator: Listener ΓåÉ RawGestureDetector ΓåÉ TextSelectionGestureDetector ΓåÉ Semantics ΓåÉ AnimatedBuilder
    ΓåÉ IgnorePointer ΓåÉ TextFieldTapRegion ΓåÉ MouseRegion ΓåÉ TextField ΓåÉ AbsorbPointer ΓåÉ Listener ΓåÉ
    _GestureSemantics ΓåÉ Γï»
  parentData: <none> (can use size)
  constraints: BoxConstraints(unconstrained)
  size: MISSING
  behavior: translucent
  listeners: down, panZoomStart
This RenderObject had the following descendants (showing up to depth 5):
    child: _RenderDecoration#7e27f relayoutBoundary=up25 NEEDS-PAINT NEEDS-COMPOSITING-BITS-UPDATE
      input: RenderRepaintBoundary#55ea1 NEEDS-LAYOUT NEEDS-PAINT NEEDS-COMPOSITING-BITS-UPDATE
        child: _RenderCompositionCallback#19090 NEEDS-LAYOUT NEEDS-PAINT NEEDS-COMPOSITING-BITS-UPDATE
          child: RenderTapRegion#64116 NEEDS-LAYOUT NEEDS-PAINT NEEDS-COMPOSITING-BITS-UPDATE
            child: RenderMouseRegion#6e24c NEEDS-LAYOUT NEEDS-PAINT NEEDS-COMPOSITING-BITS-UPDATE
      prefixIcon: RenderPositionedBox#4bad9 NEEDS-LAYOUT NEEDS-PAINT NEEDS-COMPOSITING-BITS-UPDATE
        child: RenderMouseRegion#42655 NEEDS-LAYOUT NEEDS-PAINT NEEDS-COMPOSITING-BITS-UPDATE
          child: RenderConstrainedBox#c82b7 NEEDS-LAYOUT NEEDS-PAINT NEEDS-COMPOSITING-BITS-UPDATE
            child: RenderSemanticsAnnotations#a62f2 NEEDS-LAYOUT NEEDS-PAINT NEEDS-COMPOSITING-BITS-UPDATE
      hint: RenderAnimatedOpacity#bab7c NEEDS-LAYOUT NEEDS-PAINT NEEDS-COMPOSITING-BITS-UPDATE
        child: RenderParagraph#9d861 NEEDS-LAYOUT NEEDS-PAINT
          text: TextSpan
      helperError: RenderConstrainedBox#3e63f NEEDS-LAYOUT NEEDS-PAINT
      container: RenderCustomPaint#d7cc1 NEEDS-LAYOUT NEEDS-PAINT
ΓòÉΓòÉΓòÉΓòÉΓòÉΓòÉΓòÉΓòÉΓòÉΓòÉΓòÉΓòÉΓòÉΓòÉΓòÉΓòÉΓòÉΓòÉΓòÉΓòÉΓòÉΓòÉΓòÉΓòÉΓòÉΓòÉΓòÉΓòÉΓòÉΓòÉΓòÉΓòÉΓòÉΓòÉΓòÉΓòÉΓòÉΓòÉΓòÉΓòÉΓòÉΓòÉΓòÉΓòÉΓòÉΓòÉΓòÉΓòÉΓòÉΓòÉΓòÉΓòÉΓòÉΓòÉΓòÉΓòÉΓòÉΓòÉΓòÉΓòÉΓòÉΓòÉΓòÉΓòÉΓòÉΓòÉΓòÉΓòÉΓòÉΓòÉΓòÉΓòÉΓòÉΓòÉΓòÉΓòÉΓòÉΓòÉΓòÉΓòÉΓòÉΓòÉΓòÉΓòÉΓòÉΓòÉΓòÉΓòÉΓòÉΓòÉΓòÉΓòÉΓòÉΓòÉΓòÉΓòÉΓòÉΓòÉΓòÉΓòÉ
ΓòÉΓòÉΓòí EXCEPTION CAUGHT BY RENDERING LIBRARY Γò₧ΓòÉΓòÉΓòÉΓòÉΓòÉΓòÉΓòÉΓòÉΓòÉΓòÉΓòÉΓòÉΓòÉΓòÉΓòÉΓòÉΓòÉΓòÉΓòÉΓòÉΓòÉΓòÉΓòÉΓòÉΓòÉΓòÉΓòÉΓòÉΓòÉΓòÉΓòÉΓòÉΓòÉΓòÉΓòÉΓòÉΓòÉΓòÉΓòÉΓòÉΓòÉΓòÉΓòÉΓòÉΓòÉΓòÉΓòÉΓòÉΓòÉΓòÉΓòÉΓòÉΓòÉΓòÉΓòÉΓòÉΓòÉ
The following assertion was thrown during performLayout():
RenderBox was not laid out: RenderPointerListener#ee3c7 relayoutBoundary=up24 NEEDS-PAINT
NEEDS-COMPOSITING-BITS-UPDATE
'package:flutter/src/rendering/box.dart':
Failed assertion: line 2251 pos 12: 'hasSize'

Either the assertion indicates an error in the framework itself, or we should provide substantially
more information in this error message to help you determine and fix the underlying cause.
In either case, please report this assertion by filing a bug on GitHub:
  https://github.com/flutter/flutter/issues/new?template=02_bug.yml

The relevant error-causing widget was:
  TextField
  TextField:file:///C:/Users/bhara/StudioProjects/simple_billing_app/lib/views/screens/billing_screen.dart:310:22

When the exception was thrown, this was the stack:
#2      RenderBox.size (package:flutter/src/rendering/box.dart:2251:12)
#3      RenderProxyBoxMixin.performLayout (package:flutter/src/rendering/proxy_box.dart:118:62)
#4      RenderObject.layout (package:flutter/src/rendering/object.dart:2768:7)
#5      RenderProxyBoxMixin.performLayout (package:flutter/src/rendering/proxy_box.dart:118:18)
#6      RenderObject.layout (package:flutter/src/rendering/object.dart:2768:7)
#7      RenderProxyBoxMixin.performLayout (package:flutter/src/rendering/proxy_box.dart:118:18)
#8      RenderObject.layout (package:flutter/src/rendering/object.dart:2768:7)
#9      RenderTapRegion.layout (package:flutter/src/widgets/tap_region.dart:686:11)
#10     RenderProxyBoxMixin.performLayout (package:flutter/src/rendering/proxy_box.dart:118:18)
#11     RenderObject.layout (package:flutter/src/rendering/object.dart:2768:7)
#12     RenderProxyBoxMixin.performLayout (package:flutter/src/rendering/proxy_box.dart:118:18)
#13     RenderObject.layout (package:flutter/src/rendering/object.dart:2768:7)
#14     RenderProxyBoxMixin.performLayout (package:flutter/src/rendering/proxy_box.dart:118:18)
#15     RenderObject.layout (package:flutter/src/rendering/object.dart:2768:7)
#16     RenderProxyBoxMixin.performLayout (package:flutter/src/rendering/proxy_box.dart:118:18)
#17     RenderObject.layout (package:flutter/src/rendering/object.dart:2768:7)
#18     ChildLayoutHelper.layoutChild (package:flutter/src/rendering/layout_helper.dart:62:11)
#19     RenderFlex._computeSizes (package:flutter/src/rendering/flex.dart:1237:28)
#20     RenderFlex.performLayout (package:flutter/src/rendering/flex.dart:1329:32)
#21     RenderObject.layout (package:flutter/src/rendering/object.dart:2768:7)
#22     RenderPadding.performLayout (package:flutter/src/rendering/shifted_box.dart:262:12)
#23     RenderObject.layout (package:flutter/src/rendering/object.dart:2768:7)
#24     RenderProxyBoxMixin.performLayout (package:flutter/src/rendering/proxy_box.dart:118:18)
#25     RenderObject.layout (package:flutter/src/rendering/object.dart:2768:7)
#26     ChildLayoutHelper.layoutChild (package:flutter/src/rendering/layout_helper.dart:62:11)
#27     RenderFlex._computeSizes (package:flutter/src/rendering/flex.dart:1237:28)
#28     RenderFlex.performLayout (package:flutter/src/rendering/flex.dart:1329:32)
#29     RenderObject.layout (package:flutter/src/rendering/object.dart:2768:7)
#30     ChildLayoutHelper.layoutChild (package:flutter/src/rendering/layout_helper.dart:62:11)
#31     RenderFlex._computeSizes (package:flutter/src/rendering/flex.dart:1237:28)
#32     RenderFlex.performLayout (package:flutter/src/rendering/flex.dart:1329:32)
#33     RenderObject.layout (package:flutter/src/rendering/object.dart:2768:7)
#34     _RenderSingleChildViewport.performLayout (package:flutter/src/widgets/single_child_scroll_view.dart:502:14)
#35     RenderObject.layout (package:flutter/src/rendering/object.dart:2768:7)
#36     RenderProxyBoxMixin.performLayout (package:flutter/src/rendering/proxy_box.dart:118:18)
#37     RenderObject.layout (package:flutter/src/rendering/object.dart:2768:7)
#38     RenderProxyBoxMixin.performLayout (package:flutter/src/rendering/proxy_box.dart:118:18)
#39     RenderObject.layout (package:flutter/src/rendering/object.dart:2768:7)
#40     RenderProxyBoxMixin.performLayout (package:flutter/src/rendering/proxy_box.dart:118:18)
#41     RenderObject.layout (package:flutter/src/rendering/object.dart:2768:7)
#42     RenderProxyBoxMixin.performLayout (package:flutter/src/rendering/proxy_box.dart:118:18)
#43     RenderObject.layout (package:flutter/src/rendering/object.dart:2768:7)
#44     RenderProxyBoxMixin.performLayout (package:flutter/src/rendering/proxy_box.dart:118:18)
#45     RenderObject.layout (package:flutter/src/rendering/object.dart:2768:7)
#46     RenderProxyBoxMixin.performLayout (package:flutter/src/rendering/proxy_box.dart:118:18)
#47     RenderObject.layout (package:flutter/src/rendering/object.dart:2768:7)
#48     RenderProxyBoxMixin.performLayout (package:flutter/src/rendering/proxy_box.dart:118:18)
#49     RenderObject.layout (package:flutter/src/rendering/object.dart:2768:7)
#50     RenderProxyBoxMixin.performLayout (package:flutter/src/rendering/proxy_box.dart:118:18)
#51     _RenderCustomClip.performLayout (package:flutter/src/rendering/proxy_box.dart:1549:11)
#52     RenderObject.layout (package:flutter/src/rendering/object.dart:2768:7)
#53     RenderPadding.performLayout (package:flutter/src/rendering/shifted_box.dart:262:12)
#54     RenderObject.layout (package:flutter/src/rendering/object.dart:2768:7)
#55     _RenderLayoutBuilder.performLayout (package:flutter/src/widgets/layout_builder.dart:449:14)
#56     RenderObject.layout (package:flutter/src/rendering/object.dart:2768:7)
#57     MultiChildLayoutDelegate.layoutChild (package:flutter/src/rendering/custom_layout.dart:180:12)
#58     _ScaffoldLayout.performLayout (package:flutter/src/material/scaffold.dart:1113:7)
#59     MultiChildLayoutDelegate._callPerformLayout (package:flutter/src/rendering/custom_layout.dart:246:7)
#60     RenderCustomMultiChildLayoutBox.performLayout (package:flutter/src/rendering/custom_layout.dart:417:14)
#61     RenderObject.layout (package:flutter/src/rendering/object.dart:2768:7)
#62     RenderProxyBoxMixin.performLayout (package:flutter/src/rendering/proxy_box.dart:118:18)
#63     RenderObject.layout (package:flutter/src/rendering/object.dart:2768:7)
#64     RenderProxyBoxMixin.performLayout (package:flutter/src/rendering/proxy_box.dart:118:18)
#65     _RenderCustomClip.performLayout (package:flutter/src/rendering/proxy_box.dart:1549:11)
#66     RenderObject.layout (package:flutter/src/rendering/object.dart:2768:7)
#67     RenderProxyBoxMixin.performLayout (package:flutter/src/rendering/proxy_box.dart:118:18)
#68     RenderObject.layout (package:flutter/src/rendering/object.dart:2768:7)
#69     RenderProxyBoxMixin.performLayout (package:flutter/src/rendering/proxy_box.dart:118:18)
#70     RenderObject.layout (package:flutter/src/rendering/object.dart:2768:7)
#71     RenderProxyBoxMixin.performLayout (package:flutter/src/rendering/proxy_box.dart:118:18)
#72     RenderObject.layout (package:flutter/src/rendering/object.dart:2768:7)
#73     RenderProxyBoxMixin.performLayout (package:flutter/src/rendering/proxy_box.dart:118:18)
#74     RenderObject.layout (package:flutter/src/rendering/object.dart:2768:7)
#75     RenderProxyBoxMixin.performLayout (package:flutter/src/rendering/proxy_box.dart:118:18)
#76     RenderObject.layout (package:flutter/src/rendering/object.dart:2768:7)
#77     RenderProxyBoxMixin.performLayout (package:flutter/src/rendering/proxy_box.dart:118:18)
#78     RenderObject.layout (package:flutter/src/rendering/object.dart:2768:7)
#79     RenderProxyBoxMixin.performLayout (package:flutter/src/rendering/proxy_box.dart:118:18)
#80     RenderObject.layout (package:flutter/src/rendering/object.dart:2768:7)
#81     RenderProxyBoxMixin.performLayout (package:flutter/src/rendering/proxy_box.dart:118:18)
#82     RenderObject.layout (package:flutter/src/rendering/object.dart:2768:7)
#83     RenderProxyBoxMixin.performLayout (package:flutter/src/rendering/proxy_box.dart:118:18)
#84     RenderObject.layout (package:flutter/src/rendering/object.dart:2768:7)
#85     RenderProxyBoxMixin.performLayout (package:flutter/src/rendering/proxy_box.dart:118:18)
#86     RenderObject.layout (package:flutter/src/rendering/object.dart:2768:7)
#87     RenderProxyBoxMixin.performLayout (package:flutter/src/rendering/proxy_box.dart:118:18)
#88     RenderObject.layout (package:flutter/src/rendering/object.dart:2768:7)
#89     RenderProxyBoxMixin.performLayout (package:flutter/src/rendering/proxy_box.dart:118:18)
#90     RenderObject.layout (package:flutter/src/rendering/object.dart:2768:7)
#91     RenderProxyBoxMixin.performLayout (package:flutter/src/rendering/proxy_box.dart:118:18)
#92     RenderObject.layout (package:flutter/src/rendering/object.dart:2768:7)
#93     RenderProxyBoxMixin.performLayout (package:flutter/src/rendering/proxy_box.dart:118:18)
#94     RenderObject.layout (package:flutter/src/rendering/object.dart:2768:7)
#95     RenderProxyBoxMixin.performLayout (package:flutter/src/rendering/proxy_box.dart:118:18)
#96     RenderObject.layout (package:flutter/src/rendering/object.dart:2768:7)
#97     RenderProxyBoxMixin.performLayout (package:flutter/src/rendering/proxy_box.dart:118:18)
#98     RenderOffstage.performLayout (package:flutter/src/rendering/proxy_box.dart:3923:13)
#99     RenderObject.layout (package:flutter/src/rendering/object.dart:2768:7)
#100    RenderProxyBoxMixin.performLayout (package:flutter/src/rendering/proxy_box.dart:118:18)
#101    RenderObject.layout (package:flutter/src/rendering/object.dart:2768:7)
#102    _RenderTheaterMixin.layoutChild (package:flutter/src/widgets/overlay.dart:1084:13)
#103    _RenderTheater.performLayout (package:flutter/src/widgets/overlay.dart:1429:9)
#104    RenderObject.layout (package:flutter/src/rendering/object.dart:2768:7)
#105    RenderProxyBoxMixin.performLayout (package:flutter/src/rendering/proxy_box.dart:118:18)
#106    RenderObject.layout (package:flutter/src/rendering/object.dart:2768:7)
#107    RenderProxyBoxMixin.performLayout (package:flutter/src/rendering/proxy_box.dart:118:18)
#108    RenderObject.layout (package:flutter/src/rendering/object.dart:2768:7)
#109    RenderProxyBoxMixin.performLayout (package:flutter/src/rendering/proxy_box.dart:118:18)
#110    RenderObject.layout (package:flutter/src/rendering/object.dart:2768:7)
#111    RenderProxyBoxMixin.performLayout (package:flutter/src/rendering/proxy_box.dart:118:18)
#112    RenderCustomPaint.performLayout (package:flutter/src/rendering/custom_paint.dart:574:11)
#113    RenderObject.layout (package:flutter/src/rendering/object.dart:2768:7)
#114    RenderProxyBoxMixin.performLayout (package:flutter/src/rendering/proxy_box.dart:118:18)
#115    RenderObject.layout (package:flutter/src/rendering/object.dart:2768:7)
#116    RenderProxyBoxMixin.performLayout (package:flutter/src/rendering/proxy_box.dart:118:18)
#117    RenderObject.layout (package:flutter/src/rendering/object.dart:2768:7)
#118    RenderProxyBoxMixin.performLayout (package:flutter/src/rendering/proxy_box.dart:118:18)
#119    RenderObject.layout (package:flutter/src/rendering/object.dart:2768:7)
#120    RenderProxyBoxMixin.performLayout (package:flutter/src/rendering/proxy_box.dart:118:18)
#121    RenderObject.layout (package:flutter/src/rendering/object.dart:2768:7)
#122    RenderProxyBoxMixin.performLayout (package:flutter/src/rendering/proxy_box.dart:118:18)
#123    RenderObject.layout (package:flutter/src/rendering/object.dart:2768:7)
#124    RenderProxyBoxMixin.performLayout (package:flutter/src/rendering/proxy_box.dart:118:18)
#125    RenderObject.layout (package:flutter/src/rendering/object.dart:2768:7)
#126    RenderView.performLayout (package:flutter/src/rendering/view.dart:292:12)
#127    RenderObject._layoutWithoutResize (package:flutter/src/rendering/object.dart:2616:7)
#128    PipelineOwner.flushLayout (package:flutter/src/rendering/object.dart:1174:18)
#129    PipelineOwner.flushLayout (package:flutter/src/rendering/object.dart:1187:15)
#130    AutomatedTestWidgetsFlutterBinding.drawFrame (package:flutter_test/src/binding.dart:2133:27)
#131    RendererBinding._handlePersistentFrameCallback (package:flutter/src/rendering/binding.dart:495:5)
#132    SchedulerBinding._invokeFrameCallback (package:flutter/src/scheduler/binding.dart:1430:15)
#133    SchedulerBinding.handleDrawFrame (package:flutter/src/scheduler/binding.dart:1345:9)
#134    AutomatedTestWidgetsFlutterBinding.pump.<anonymous closure> (package:flutter_test/src/binding.dart:1960:9)
#137    TestAsyncUtils.guard (package:flutter_test/src/test_async_utils.dart:74:41)
#138    AutomatedTestWidgetsFlutterBinding.pump (package:flutter_test/src/binding.dart:1949:27)
#139    WidgetTester.pumpWidget.<anonymous closure> (package:flutter_test/src/widget_tester.dart:598:22)
#142    TestAsyncUtils.guard (package:flutter_test/src/test_async_utils.dart:74:41)
#143    WidgetTester.pumpWidget (package:flutter_test/src/widget_tester.dart:595:27)
#144    main.<anonymous closure>.<anonymous closure> (file:///C:/Users/bhara/StudioProjects/simple_billing_app/test/widget/billing_screen_test.dart:83:20)
#145    testWidgets.<anonymous closure>.<anonymous closure> (package:flutter_test/src/widget_tester.dart:192:29)
<asynchronous suspension>
#146    TestWidgetsFlutterBinding._runTestBody (package:flutter_test/src/binding.dart:1682:5)
<asynchronous suspension>
<asynchronous suspension>
(elided 7 frames from class _AssertionError, dart:async, and package:stack_trace)

The following RenderObject was being processed when the exception was fired: RenderSemanticsAnnotations#9846b relayoutBoundary=up23 NEEDS-LAYOUT NEEDS-PAINT NEEDS-COMPOSITING-BITS-UPDATE:
  creator: Semantics ΓåÉ AnimatedBuilder ΓåÉ IgnorePointer ΓåÉ TextFieldTapRegion ΓåÉ MouseRegion ΓåÉ TextField
    ΓåÉ AbsorbPointer ΓåÉ Listener ΓåÉ _GestureSemantics ΓåÉ RawGestureDetector ΓåÉ GestureDetector ΓåÉ Column ΓåÉ Γï»
  parentData: <none> (can use size)
  constraints: BoxConstraints(unconstrained)
  size: MISSING
This RenderObject had the following descendants (showing up to depth 5):
    child: RenderPointerListener#ee3c7 relayoutBoundary=up24 NEEDS-PAINT NEEDS-COMPOSITING-BITS-UPDATE
      child: _RenderDecoration#7e27f relayoutBoundary=up25 NEEDS-PAINT NEEDS-COMPOSITING-BITS-UPDATE
        input: RenderRepaintBoundary#55ea1 NEEDS-LAYOUT NEEDS-PAINT NEEDS-COMPOSITING-BITS-UPDATE
          child: _RenderCompositionCallback#19090 NEEDS-LAYOUT NEEDS-PAINT NEEDS-COMPOSITING-BITS-UPDATE
            child: RenderTapRegion#64116 NEEDS-LAYOUT NEEDS-PAINT NEEDS-COMPOSITING-BITS-UPDATE
        prefixIcon: RenderPositionedBox#4bad9 NEEDS-LAYOUT NEEDS-PAINT NEEDS-COMPOSITING-BITS-UPDATE
          child: RenderMouseRegion#42655 NEEDS-LAYOUT NEEDS-PAINT NEEDS-COMPOSITING-BITS-UPDATE
            child: RenderConstrainedBox#c82b7 NEEDS-LAYOUT NEEDS-PAINT NEEDS-COMPOSITING-BITS-UPDATE
        hint: RenderAnimatedOpacity#bab7c NEEDS-LAYOUT NEEDS-PAINT NEEDS-COMPOSITING-BITS-UPDATE
          child: RenderParagraph#9d861 NEEDS-LAYOUT NEEDS-PAINT
            text: TextSpan
        helperError: RenderConstrainedBox#3e63f NEEDS-LAYOUT NEEDS-PAINT
        container: RenderCustomPaint#d7cc1 NEEDS-LAYOUT NEEDS-PAINT
ΓòÉΓòÉΓòÉΓòÉΓòÉΓòÉΓòÉΓòÉΓòÉΓòÉΓòÉΓòÉΓòÉΓòÉΓòÉΓòÉΓòÉΓòÉΓòÉΓòÉΓòÉΓòÉΓòÉΓòÉΓòÉΓòÉΓòÉΓòÉΓòÉΓòÉΓòÉΓòÉΓòÉΓòÉΓòÉΓòÉΓòÉΓòÉΓòÉΓòÉΓòÉΓòÉΓòÉΓòÉΓòÉΓòÉΓòÉΓòÉΓòÉΓòÉΓòÉΓòÉΓòÉΓòÉΓòÉΓòÉΓòÉΓòÉΓòÉΓòÉΓòÉΓòÉΓòÉΓòÉΓòÉΓòÉΓòÉΓòÉΓòÉΓòÉΓòÉΓòÉΓòÉΓòÉΓòÉΓòÉΓòÉΓòÉΓòÉΓòÉΓòÉΓòÉΓòÉΓòÉΓòÉΓòÉΓòÉΓòÉΓòÉΓòÉΓòÉΓòÉΓòÉΓòÉΓòÉΓòÉΓòÉΓòÉΓòÉΓòÉ
ΓòÉΓòÉΓòí EXCEPTION CAUGHT BY RENDERING LIBRARY Γò₧ΓòÉΓòÉΓòÉΓòÉΓòÉΓòÉΓòÉΓòÉΓòÉΓòÉΓòÉΓòÉΓòÉΓòÉΓòÉΓòÉΓòÉΓòÉΓòÉΓòÉΓòÉΓòÉΓòÉΓòÉΓòÉΓòÉΓòÉΓòÉΓòÉΓòÉΓòÉΓòÉΓòÉΓòÉΓòÉΓòÉΓòÉΓòÉΓòÉΓòÉΓòÉΓòÉΓòÉΓòÉΓòÉΓòÉΓòÉΓòÉΓòÉΓòÉΓòÉΓòÉΓòÉΓòÉΓòÉΓòÉΓòÉ
The following assertion was thrown during performLayout():
RenderBox was not laid out: RenderSemanticsAnnotations#9846b relayoutBoundary=up23 NEEDS-PAINT
NEEDS-COMPOSITING-BITS-UPDATE
'package:flutter/src/rendering/box.dart':
Failed assertion: line 2251 pos 12: 'hasSize'

Either the assertion indicates an error in the framework itself, or we should provide substantially
more information in this error message to help you determine and fix the underlying cause.
In either case, please report this assertion by filing a bug on GitHub:
  https://github.com/flutter/flutter/issues/new?template=02_bug.yml

The relevant error-causing widget was:
  TextField
  TextField:file:///C:/Users/bhara/StudioProjects/simple_billing_app/lib/views/screens/billing_screen.dart:310:22

When the exception was thrown, this was the stack:
#2      RenderBox.size (package:flutter/src/rendering/box.dart:2251:12)
#3      RenderProxyBoxMixin.performLayout (package:flutter/src/rendering/proxy_box.dart:118:62)
#4      RenderObject.layout (package:flutter/src/rendering/object.dart:2768:7)
#5      RenderProxyBoxMixin.performLayout (package:flutter/src/rendering/proxy_box.dart:118:18)
#6      RenderObject.layout (package:flutter/src/rendering/object.dart:2768:7)
#7      RenderTapRegion.layout (package:flutter/src/widgets/tap_region.dart:686:11)
#8      RenderProxyBoxMixin.performLayout (package:flutter/src/rendering/proxy_box.dart:118:18)
#9      RenderObject.layout (package:flutter/src/rendering/object.dart:2768:7)
#10     RenderProxyBoxMixin.performLayout (package:flutter/src/rendering/proxy_box.dart:118:18)
#11     RenderObject.layout (package:flutter/src/rendering/object.dart:2768:7)
#12     RenderProxyBoxMixin.performLayout (package:flutter/src/rendering/proxy_box.dart:118:18)
#13     RenderObject.layout (package:flutter/src/rendering/object.dart:2768:7)
#14     RenderProxyBoxMixin.performLayout (package:flutter/src/rendering/proxy_box.dart:118:18)
#15     RenderObject.layout (package:flutter/src/rendering/object.dart:2768:7)
#16     ChildLayoutHelper.layoutChild (package:flutter/src/rendering/layout_helper.dart:62:11)
#17     RenderFlex._computeSizes (package:flutter/src/rendering/flex.dart:1237:28)
#18     RenderFlex.performLayout (package:flutter/src/rendering/flex.dart:1329:32)
#19     RenderObject.layout (package:flutter/src/rendering/object.dart:2768:7)
#20     RenderPadding.performLayout (package:flutter/src/rendering/shifted_box.dart:262:12)
#21     RenderObject.layout (package:flutter/src/rendering/object.dart:2768:7)
#22     RenderProxyBoxMixin.performLayout (package:flutter/src/rendering/proxy_box.dart:118:18)
#23     RenderObject.layout (package:flutter/src/rendering/object.dart:2768:7)
#24     ChildLayoutHelper.layoutChild (package:flutter/src/rendering/layout_helper.dart:62:11)
#25     RenderFlex._computeSizes (package:flutter/src/rendering/flex.dart:1237:28)
#26     RenderFlex.performLayout (package:flutter/src/rendering/flex.dart:1329:32)
#27     RenderObject.layout (package:flutter/src/rendering/object.dart:2768:7)
#28     ChildLayoutHelper.layoutChild (package:flutter/src/rendering/layout_helper.dart:62:11)
#29     RenderFlex._computeSizes (package:flutter/src/rendering/flex.dart:1237:28)
#30     RenderFlex.performLayout (package:flutter/src/rendering/flex.dart:1329:32)
#31     RenderObject.layout (package:flutter/src/rendering/object.dart:2768:7)
#32     _RenderSingleChildViewport.performLayout (package:flutter/src/widgets/single_child_scroll_view.dart:502:14)
#33     RenderObject.layout (package:flutter/src/rendering/object.dart:2768:7)
#34     RenderProxyBoxMixin.performLayout (package:flutter/src/rendering/proxy_box.dart:118:18)
#35     RenderObject.layout (package:flutter/src/rendering/object.dart:2768:7)
#36     RenderProxyBoxMixin.performLayout (package:flutter/src/rendering/proxy_box.dart:118:18)
#37     RenderObject.layout (package:flutter/src/rendering/object.dart:2768:7)
#38     RenderProxyBoxMixin.performLayout (package:flutter/src/rendering/proxy_box.dart:118:18)
#39     RenderObject.layout (package:flutter/src/rendering/object.dart:2768:7)
#40     RenderProxyBoxMixin.performLayout (package:flutter/src/rendering/proxy_box.dart:118:18)
#41     RenderObject.layout (package:flutter/src/rendering/object.dart:2768:7)
#42     RenderProxyBoxMixin.performLayout (package:flutter/src/rendering/proxy_box.dart:118:18)
#43     RenderObject.layout (package:flutter/src/rendering/object.dart:2768:7)
#44     RenderProxyBoxMixin.performLayout (package:flutter/src/rendering/proxy_box.dart:118:18)
#45     RenderObject.layout (package:flutter/src/rendering/object.dart:2768:7)
#46     RenderProxyBoxMixin.performLayout (package:flutter/src/rendering/proxy_box.dart:118:18)
#47     RenderObject.layout (package:flutter/src/rendering/object.dart:2768:7)
#48     RenderProxyBoxMixin.performLayout (package:flutter/src/rendering/proxy_box.dart:118:18)
#49     _RenderCustomClip.performLayout (package:flutter/src/rendering/proxy_box.dart:1549:11)
#50     RenderObject.layout (package:flutter/src/rendering/object.dart:2768:7)
#51     RenderPadding.performLayout (package:flutter/src/rendering/shifted_box.dart:262:12)
#52     RenderObject.layout (package:flutter/src/rendering/object.dart:2768:7)
#53     _RenderLayoutBuilder.performLayout (package:flutter/src/widgets/layout_builder.dart:449:14)
#54     RenderObject.layout (package:flutter/src/rendering/object.dart:2768:7)
#55     MultiChildLayoutDelegate.layoutChild (package:flutter/src/rendering/custom_layout.dart:180:12)
#56     _ScaffoldLayout.performLayout (package:flutter/src/material/scaffold.dart:1113:7)
#57     MultiChildLayoutDelegate._callPerformLayout (package:flutter/src/rendering/custom_layout.dart:246:7)
#58     RenderCustomMultiChildLayoutBox.performLayout (package:flutter/src/rendering/custom_layout.dart:417:14)
#59     RenderObject.layout (package:flutter/src/rendering/object.dart:2768:7)
#60     RenderProxyBoxMixin.performLayout (package:flutter/src/rendering/proxy_box.dart:118:18)
#61     RenderObject.layout (package:flutter/src/rendering/object.dart:2768:7)
#62     RenderProxyBoxMixin.performLayout (package:flutter/src/rendering/proxy_box.dart:118:18)
#63     _RenderCustomClip.performLayout (package:flutter/src/rendering/proxy_box.dart:1549:11)
#64     RenderObject.layout (package:flutter/src/rendering/object.dart:2768:7)
#65     RenderProxyBoxMixin.performLayout (package:flutter/src/rendering/proxy_box.dart:118:18)
#66     RenderObject.layout (package:flutter/src/rendering/object.dart:2768:7)
#67     RenderProxyBoxMixin.performLayout (package:flutter/src/rendering/proxy_box.dart:118:18)
#68     RenderObject.layout (package:flutter/src/rendering/object.dart:2768:7)
#69     RenderProxyBoxMixin.performLayout (package:flutter/src/rendering/proxy_box.dart:118:18)
#70     RenderObject.layout (package:flutter/src/rendering/object.dart:2768:7)
#71     RenderProxyBoxMixin.performLayout (package:flutter/src/rendering/proxy_box.dart:118:18)
#72     RenderObject.layout (package:flutter/src/rendering/object.dart:2768:7)
#73     RenderProxyBoxMixin.performLayout (package:flutter/src/rendering/proxy_box.dart:118:18)
#74     RenderObject.layout (package:flutter/src/rendering/object.dart:2768:7)
#75     RenderProxyBoxMixin.performLayout (package:flutter/src/rendering/proxy_box.dart:118:18)
#76     RenderObject.layout (package:flutter/src/rendering/object.dart:2768:7)
#77     RenderProxyBoxMixin.performLayout (package:flutter/src/rendering/proxy_box.dart:118:18)
#78     RenderObject.layout (package:flutter/src/rendering/object.dart:2768:7)
#79     RenderProxyBoxMixin.performLayout (package:flutter/src/rendering/proxy_box.dart:118:18)
#80     RenderObject.layout (package:flutter/src/rendering/object.dart:2768:7)
#81     RenderProxyBoxMixin.performLayout (package:flutter/src/rendering/proxy_box.dart:118:18)
#82     RenderObject.layout (package:flutter/src/rendering/object.dart:2768:7)
#83     RenderProxyBoxMixin.performLayout (package:flutter/src/rendering/proxy_box.dart:118:18)
#84     RenderObject.layout (package:flutter/src/rendering/object.dart:2768:7)
#85     RenderProxyBoxMixin.performLayout (package:flutter/src/rendering/proxy_box.dart:118:18)
#86     RenderObject.layout (package:flutter/src/rendering/object.dart:2768:7)
#87     RenderProxyBoxMixin.performLayout (package:flutter/src/rendering/proxy_box.dart:118:18)
#88     RenderObject.layout (package:flutter/src/rendering/object.dart:2768:7)
#89     RenderProxyBoxMixin.performLayout (package:flutter/src/rendering/proxy_box.dart:118:18)
#90     RenderObject.layout (package:flutter/src/rendering/object.dart:2768:7)
#91     RenderProxyBoxMixin.performLayout (package:flutter/src/rendering/proxy_box.dart:118:18)
#92     RenderObject.layout (package:flutter/src/rendering/object.dart:2768:7)
#93     RenderProxyBoxMixin.performLayout (package:flutter/src/rendering/proxy_box.dart:118:18)
#94     RenderObject.layout (package:flutter/src/rendering/object.dart:2768:7)
#95     RenderProxyBoxMixin.performLayout (package:flutter/src/rendering/proxy_box.dart:118:18)
#96     RenderOffstage.performLayout (package:flutter/src/rendering/proxy_box.dart:3923:13)
#97     RenderObject.layout (package:flutter/src/rendering/object.dart:2768:7)
#98     RenderProxyBoxMixin.performLayout (package:flutter/src/rendering/proxy_box.dart:118:18)
#99     RenderObject.layout (package:flutter/src/rendering/object.dart:2768:7)
#100    _RenderTheaterMixin.layoutChild (package:flutter/src/widgets/overlay.dart:1084:13)
#101    _RenderTheater.performLayout (package:flutter/src/widgets/overlay.dart:1429:9)
#102    RenderObject.layout (package:flutter/src/rendering/object.dart:2768:7)
#103    RenderProxyBoxMixin.performLayout (package:flutter/src/rendering/proxy_box.dart:118:18)
#104    RenderObject.layout (package:flutter/src/rendering/object.dart:2768:7)
#105    RenderProxyBoxMixin.performLayout (package:flutter/src/rendering/proxy_box.dart:118:18)
#106    RenderObject.layout (package:flutter/src/rendering/object.dart:2768:7)
#107    RenderProxyBoxMixin.performLayout (package:flutter/src/rendering/proxy_box.dart:118:18)
#108    RenderObject.layout (package:flutter/src/rendering/object.dart:2768:7)
#109    RenderProxyBoxMixin.performLayout (package:flutter/src/rendering/proxy_box.dart:118:18)
#110    RenderCustomPaint.performLayout (package:flutter/src/rendering/custom_paint.dart:574:11)
#111    RenderObject.layout (package:flutter/src/rendering/object.dart:2768:7)
#112    RenderProxyBoxMixin.performLayout (package:flutter/src/rendering/proxy_box.dart:118:18)
#113    RenderObject.layout (package:flutter/src/rendering/object.dart:2768:7)
#114    RenderProxyBoxMixin.performLayout (package:flutter/src/rendering/proxy_box.dart:118:18)
#115    RenderObject.layout (package:flutter/src/rendering/object.dart:2768:7)
#116    RenderProxyBoxMixin.performLayout (package:flutter/src/rendering/proxy_box.dart:118:18)
#117    RenderObject.layout (package:flutter/src/rendering/object.dart:2768:7)
#118    RenderProxyBoxMixin.performLayout (package:flutter/src/rendering/proxy_box.dart:118:18)
#119    RenderObject.layout (package:flutter/src/rendering/object.dart:2768:7)
#120    RenderProxyBoxMixin.performLayout (package:flutter/src/rendering/proxy_box.dart:118:18)
#121    RenderObject.layout (package:flutter/src/rendering/object.dart:2768:7)
#122    RenderProxyBoxMixin.performLayout (package:flutter/src/rendering/proxy_box.dart:118:18)
#123    RenderObject.layout (package:flutter/src/rendering/object.dart:2768:7)
#124    RenderView.performLayout (package:flutter/src/rendering/view.dart:292:12)
#125    RenderObject._layoutWithoutResize (package:flutter/src/rendering/object.dart:2616:7)
#126    PipelineOwner.flushLayout (package:flutter/src/rendering/object.dart:1174:18)
#127    PipelineOwner.flushLayout (package:flutter/src/rendering/object.dart:1187:15)
#128    AutomatedTestWidgetsFlutterBinding.drawFrame (package:flutter_test/src/binding.dart:2133:27)
#129    RendererBinding._handlePersistentFrameCallback (package:flutter/src/rendering/binding.dart:495:5)
#130    SchedulerBinding._invokeFrameCallback (package:flutter/src/scheduler/binding.dart:1430:15)
#131    SchedulerBinding.handleDrawFrame (package:flutter/src/scheduler/binding.dart:1345:9)
#132    AutomatedTestWidgetsFlutterBinding.pump.<anonymous closure> (package:flutter_test/src/binding.dart:1960:9)
#135    TestAsyncUtils.guard (package:flutter_test/src/test_async_utils.dart:74:41)
#136    AutomatedTestWidgetsFlutterBinding.pump (package:flutter_test/src/binding.dart:1949:27)
#137    WidgetTester.pumpWidget.<anonymous closure> (package:flutter_test/src/widget_tester.dart:598:22)
#140    TestAsyncUtils.guard (package:flutter_test/src/test_async_utils.dart:74:41)
#141    WidgetTester.pumpWidget (package:flutter_test/src/widget_tester.dart:595:27)
#142    main.<anonymous closure>.<anonymous closure> (file:///C:/Users/bhara/StudioProjects/simple_billing_app/test/widget/billing_screen_test.dart:83:20)
#143    testWidgets.<anonymous closure>.<anonymous closure> (package:flutter_test/src/widget_tester.dart:192:29)
<asynchronous suspension>
#144    TestWidgetsFlutterBinding._runTestBody (package:flutter_test/src/binding.dart:1682:5)
<asynchronous suspension>
<asynchronous suspension>
(elided 7 frames from class _AssertionError, dart:async, and package:stack_trace)

The following RenderObject was being processed when the exception was fired: RenderIgnorePointer#226bc relayoutBoundary=up22 NEEDS-LAYOUT NEEDS-PAINT NEEDS-COMPOSITING-BITS-UPDATE:
  creator: IgnorePointer ΓåÉ TextFieldTapRegion ΓåÉ MouseRegion ΓåÉ TextField ΓåÉ AbsorbPointer ΓåÉ Listener ΓåÉ
    _GestureSemantics ΓåÉ RawGestureDetector ΓåÉ GestureDetector ΓåÉ Column ΓåÉ Padding ΓåÉ DecoratedBox ΓåÉ Γï»
  parentData: <none> (can use size)
  constraints: BoxConstraints(unconstrained)
  size: MISSING
  ignoring: false
  ignoringSemantics: null
This RenderObject had the following descendants (showing up to depth 5):
    child: RenderSemanticsAnnotations#9846b relayoutBoundary=up23 NEEDS-PAINT NEEDS-COMPOSITING-BITS-UPDATE
      child: RenderPointerListener#ee3c7 relayoutBoundary=up24 NEEDS-PAINT NEEDS-COMPOSITING-BITS-UPDATE
        child: _RenderDecoration#7e27f relayoutBoundary=up25 NEEDS-PAINT NEEDS-COMPOSITING-BITS-UPDATE
          input: RenderRepaintBoundary#55ea1 NEEDS-LAYOUT NEEDS-PAINT NEEDS-COMPOSITING-BITS-UPDATE
            child: _RenderCompositionCallback#19090 NEEDS-LAYOUT NEEDS-PAINT NEEDS-COMPOSITING-BITS-UPDATE
          prefixIcon: RenderPositionedBox#4bad9 NEEDS-LAYOUT NEEDS-PAINT NEEDS-COMPOSITING-BITS-UPDATE
            child: RenderMouseRegion#42655 NEEDS-LAYOUT NEEDS-PAINT NEEDS-COMPOSITING-BITS-UPDATE
          hint: RenderAnimatedOpacity#bab7c NEEDS-LAYOUT NEEDS-PAINT NEEDS-COMPOSITING-BITS-UPDATE
            child: RenderParagraph#9d861 NEEDS-LAYOUT NEEDS-PAINT
          helperError: RenderConstrainedBox#3e63f NEEDS-LAYOUT NEEDS-PAINT
          container: RenderCustomPaint#d7cc1 NEEDS-LAYOUT NEEDS-PAINT
ΓòÉΓòÉΓòÉΓòÉΓòÉΓòÉΓòÉΓòÉΓòÉΓòÉΓòÉΓòÉΓòÉΓòÉΓòÉΓòÉΓòÉΓòÉΓòÉΓòÉΓòÉΓòÉΓòÉΓòÉΓòÉΓòÉΓòÉΓòÉΓòÉΓòÉΓòÉΓòÉΓòÉΓòÉΓòÉΓòÉΓòÉΓòÉΓòÉΓòÉΓòÉΓòÉΓòÉΓòÉΓòÉΓòÉΓòÉΓòÉΓòÉΓòÉΓòÉΓòÉΓòÉΓòÉΓòÉΓòÉΓòÉΓòÉΓòÉΓòÉΓòÉΓòÉΓòÉΓòÉΓòÉΓòÉΓòÉΓòÉΓòÉΓòÉΓòÉΓòÉΓòÉΓòÉΓòÉΓòÉΓòÉΓòÉΓòÉΓòÉΓòÉΓòÉΓòÉΓòÉΓòÉΓòÉΓòÉΓòÉΓòÉΓòÉΓòÉΓòÉΓòÉΓòÉΓòÉΓòÉΓòÉΓòÉΓòÉΓòÉ
ΓòÉΓòÉΓòí EXCEPTION CAUGHT BY RENDERING LIBRARY Γò₧ΓòÉΓòÉΓòÉΓòÉΓòÉΓòÉΓòÉΓòÉΓòÉΓòÉΓòÉΓòÉΓòÉΓòÉΓòÉΓòÉΓòÉΓòÉΓòÉΓòÉΓòÉΓòÉΓòÉΓòÉΓòÉΓòÉΓòÉΓòÉΓòÉΓòÉΓòÉΓòÉΓòÉΓòÉΓòÉΓòÉΓòÉΓòÉΓòÉΓòÉΓòÉΓòÉΓòÉΓòÉΓòÉΓòÉΓòÉΓòÉΓòÉΓòÉΓòÉΓòÉΓòÉΓòÉΓòÉΓòÉΓòÉ
The following assertion was thrown during performLayout():
RenderBox was not laid out: RenderIgnorePointer#226bc relayoutBoundary=up22 NEEDS-PAINT
NEEDS-COMPOSITING-BITS-UPDATE
'package:flutter/src/rendering/box.dart':
Failed assertion: line 2251 pos 12: 'hasSize'

Either the assertion indicates an error in the framework itself, or we should provide substantially
more information in this error message to help you determine and fix the underlying cause.
In either case, please report this assertion by filing a bug on GitHub:
  https://github.com/flutter/flutter/issues/new?template=02_bug.yml

The relevant error-causing widget was:
  TextField
  TextField:file:///C:/Users/bhara/StudioProjects/simple_billing_app/lib/views/screens/billing_screen.dart:310:22

When the exception was thrown, this was the stack:
#2      RenderBox.size (package:flutter/src/rendering/box.dart:2251:12)
#3      RenderProxyBoxMixin.performLayout (package:flutter/src/rendering/proxy_box.dart:118:62)
#4      RenderObject.layout (package:flutter/src/rendering/object.dart:2768:7)
#5      RenderTapRegion.layout (package:flutter/src/widgets/tap_region.dart:686:11)
#6      RenderProxyBoxMixin.performLayout (package:flutter/src/rendering/proxy_box.dart:118:18)
#7      RenderObject.layout (package:flutter/src/rendering/object.dart:2768:7)
#8      RenderProxyBoxMixin.performLayout (package:flutter/src/rendering/proxy_box.dart:118:18)
#9      RenderObject.layout (package:flutter/src/rendering/object.dart:2768:7)
#10     RenderProxyBoxMixin.performLayout (package:flutter/src/rendering/proxy_box.dart:118:18)
#11     RenderObject.layout (package:flutter/src/rendering/object.dart:2768:7)
#12     RenderProxyBoxMixin.performLayout (package:flutter/src/rendering/proxy_box.dart:118:18)
#13     RenderObject.layout (package:flutter/src/rendering/object.dart:2768:7)
#14     ChildLayoutHelper.layoutChild (package:flutter/src/rendering/layout_helper.dart:62:11)
#15     RenderFlex._computeSizes (package:flutter/src/rendering/flex.dart:1237:28)
#16     RenderFlex.performLayout (package:flutter/src/rendering/flex.dart:1329:32)
#17     RenderObject.layout (package:flutter/src/rendering/object.dart:2768:7)
#18     RenderPadding.performLayout (package:flutter/src/rendering/shifted_box.dart:262:12)
#19     RenderObject.layout (package:flutter/src/rendering/object.dart:2768:7)
#20     RenderProxyBoxMixin.performLayout (package:flutter/src/rendering/proxy_box.dart:118:18)
#21     RenderObject.layout (package:flutter/src/rendering/object.dart:2768:7)
#22     ChildLayoutHelper.layoutChild (package:flutter/src/rendering/layout_helper.dart:62:11)
#23     RenderFlex._computeSizes (package:flutter/src/rendering/flex.dart:1237:28)
#24     RenderFlex.performLayout (package:flutter/src/rendering/flex.dart:1329:32)
#25     RenderObject.layout (package:flutter/src/rendering/object.dart:2768:7)
#26     ChildLayoutHelper.layoutChild (package:flutter/src/rendering/layout_helper.dart:62:11)
#27     RenderFlex._computeSizes (package:flutter/src/rendering/flex.dart:1237:28)
#28     RenderFlex.performLayout (package:flutter/src/rendering/flex.dart:1329:32)
#29     RenderObject.layout (package:flutter/src/rendering/object.dart:2768:7)
#30     _RenderSingleChildViewport.performLayout (package:flutter/src/widgets/single_child_scroll_view.dart:502:14)
#31     RenderObject.layout (package:flutter/src/rendering/object.dart:2768:7)
#32     RenderProxyBoxMixin.performLayout (package:flutter/src/rendering/proxy_box.dart:118:18)
#33     RenderObject.layout (package:flutter/src/rendering/object.dart:2768:7)
#34     RenderProxyBoxMixin.performLayout (package:flutter/src/rendering/proxy_box.dart:118:18)
#35     RenderObject.layout (package:flutter/src/rendering/object.dart:2768:7)
#36     RenderProxyBoxMixin.performLayout (package:flutter/src/rendering/proxy_box.dart:118:18)
#37     RenderObject.layout (package:flutter/src/rendering/object.dart:2768:7)
#38     RenderProxyBoxMixin.performLayout (package:flutter/src/rendering/proxy_box.dart:118:18)
#39     RenderObject.layout (package:flutter/src/rendering/object.dart:2768:7)
#40     RenderProxyBoxMixin.performLayout (package:flutter/src/rendering/proxy_box.dart:118:18)
#41     RenderObject.layout (package:flutter/src/rendering/object.dart:2768:7)
#42     RenderProxyBoxMixin.performLayout (package:flutter/src/rendering/proxy_box.dart:118:18)
#43     RenderObject.layout (package:flutter/src/rendering/object.dart:2768:7)
#44     RenderProxyBoxMixin.performLayout (package:flutter/src/rendering/proxy_box.dart:118:18)
#45     RenderObject.layout (package:flutter/src/rendering/object.dart:2768:7)
#46     RenderProxyBoxMixin.performLayout (package:flutter/src/rendering/proxy_box.dart:118:18)
#47     _RenderCustomClip.performLayout (package:flutter/src/rendering/proxy_box.dart:1549:11)
#48     RenderObject.layout (package:flutter/src/rendering/object.dart:2768:7)
#49     RenderPadding.performLayout (package:flutter/src/rendering/shifted_box.dart:262:12)
#50     RenderObject.layout (package:flutter/src/rendering/object.dart:2768:7)
#51     _RenderLayoutBuilder.performLayout (package:flutter/src/widgets/layout_builder.dart:449:14)
#52     RenderObject.layout (package:flutter/src/rendering/object.dart:2768:7)
#53     MultiChildLayoutDelegate.layoutChild (package:flutter/src/rendering/custom_layout.dart:180:12)
#54     _ScaffoldLayout.performLayout (package:flutter/src/material/scaffold.dart:1113:7)
#55     MultiChildLayoutDelegate._callPerformLayout (package:flutter/src/rendering/custom_layout.dart:246:7)
#56     RenderCustomMultiChildLayoutBox.performLayout (package:flutter/src/rendering/custom_layout.dart:417:14)
#57     RenderObject.layout (package:flutter/src/rendering/object.dart:2768:7)
#58     RenderProxyBoxMixin.performLayout (package:flutter/src/rendering/proxy_box.dart:118:18)
#59     RenderObject.layout (package:flutter/src/rendering/object.dart:2768:7)
#60     RenderProxyBoxMixin.performLayout (package:flutter/src/rendering/proxy_box.dart:118:18)
#61     _RenderCustomClip.performLayout (package:flutter/src/rendering/proxy_box.dart:1549:11)
#62     RenderObject.layout (package:flutter/src/rendering/object.dart:2768:7)
#63     RenderProxyBoxMixin.performLayout (package:flutter/src/rendering/proxy_box.dart:118:18)
#64     RenderObject.layout (package:flutter/src/rendering/object.dart:2768:7)
#65     RenderProxyBoxMixin.performLayout (package:flutter/src/rendering/proxy_box.dart:118:18)
#66     RenderObject.layout (package:flutter/src/rendering/object.dart:2768:7)
#67     RenderProxyBoxMixin.performLayout (package:flutter/src/rendering/proxy_box.dart:118:18)
#68     RenderObject.layout (package:flutter/src/rendering/object.dart:2768:7)
#69     RenderProxyBoxMixin.performLayout (package:flutter/src/rendering/proxy_box.dart:118:18)
#70     RenderObject.layout (package:flutter/src/rendering/object.dart:2768:7)
#71     RenderProxyBoxMixin.performLayout (package:flutter/src/rendering/proxy_box.dart:118:18)
#72     RenderObject.layout (package:flutter/src/rendering/object.dart:2768:7)
#73     RenderProxyBoxMixin.performLayout (package:flutter/src/rendering/proxy_box.dart:118:18)
#74     RenderObject.layout (package:flutter/src/rendering/object.dart:2768:7)
#75     RenderProxyBoxMixin.performLayout (package:flutter/src/rendering/proxy_box.dart:118:18)
#76     RenderObject.layout (package:flutter/src/rendering/object.dart:2768:7)
#77     RenderProxyBoxMixin.performLayout (package:flutter/src/rendering/proxy_box.dart:118:18)
#78     RenderObject.layout (package:flutter/src/rendering/object.dart:2768:7)
#79     RenderProxyBoxMixin.performLayout (package:flutter/src/rendering/proxy_box.dart:118:18)
#80     RenderObject.layout (package:flutter/src/rendering/object.dart:2768:7)
#81     RenderProxyBoxMixin.performLayout (package:flutter/src/rendering/proxy_box.dart:118:18)
#82     RenderObject.layout (package:flutter/src/rendering/object.dart:2768:7)
#83     RenderProxyBoxMixin.performLayout (package:flutter/src/rendering/proxy_box.dart:118:18)
#84     RenderObject.layout (package:flutter/src/rendering/object.dart:2768:7)
#85     RenderProxyBoxMixin.performLayout (package:flutter/src/rendering/proxy_box.dart:118:18)
#86     RenderObject.layout (package:flutter/src/rendering/object.dart:2768:7)
#87     RenderProxyBoxMixin.performLayout (package:flutter/src/rendering/proxy_box.dart:118:18)
#88     RenderObject.layout (package:flutter/src/rendering/object.dart:2768:7)
#89     RenderProxyBoxMixin.performLayout (package:flutter/src/rendering/proxy_box.dart:118:18)
#90     RenderObject.layout (package:flutter/src/rendering/object.dart:2768:7)
#91     RenderProxyBoxMixin.performLayout (package:flutter/src/rendering/proxy_box.dart:118:18)
#92     RenderObject.layout (package:flutter/src/rendering/object.dart:2768:7)
#93     RenderProxyBoxMixin.performLayout (package:flutter/src/rendering/proxy_box.dart:118:18)
#94     RenderOffstage.performLayout (package:flutter/src/rendering/proxy_box.dart:3923:13)
#95     RenderObject.layout (package:flutter/src/rendering/object.dart:2768:7)
#96     RenderProxyBoxMixin.performLayout (package:flutter/src/rendering/proxy_box.dart:118:18)
#97     RenderObject.layout (package:flutter/src/rendering/object.dart:2768:7)
#98     _RenderTheaterMixin.layoutChild (package:flutter/src/widgets/overlay.dart:1084:13)
#99     _RenderTheater.performLayout (package:flutter/src/widgets/overlay.dart:1429:9)
#100    RenderObject.layout (package:flutter/src/rendering/object.dart:2768:7)
#101    RenderProxyBoxMixin.performLayout (package:flutter/src/rendering/proxy_box.dart:118:18)
#102    RenderObject.layout (package:flutter/src/rendering/object.dart:2768:7)
#103    RenderProxyBoxMixin.performLayout (package:flutter/src/rendering/proxy_box.dart:118:18)
#104    RenderObject.layout (package:flutter/src/rendering/object.dart:2768:7)
#105    RenderProxyBoxMixin.performLayout (package:flutter/src/rendering/proxy_box.dart:118:18)
#106    RenderObject.layout (package:flutter/src/rendering/object.dart:2768:7)
#107    RenderProxyBoxMixin.performLayout (package:flutter/src/rendering/proxy_box.dart:118:18)
#108    RenderCustomPaint.performLayout (package:flutter/src/rendering/custom_paint.dart:574:11)
#109    RenderObject.layout (package:flutter/src/rendering/object.dart:2768:7)
#110    RenderProxyBoxMixin.performLayout (package:flutter/src/rendering/proxy_box.dart:118:18)
#111    RenderObject.layout (package:flutter/src/rendering/object.dart:2768:7)
#112    RenderProxyBoxMixin.performLayout (package:flutter/src/rendering/proxy_box.dart:118:18)
#113    RenderObject.layout (package:flutter/src/rendering/object.dart:2768:7)
#114    RenderProxyBoxMixin.performLayout (package:flutter/src/rendering/proxy_box.dart:118:18)
#115    RenderObject.layout (package:flutter/src/rendering/object.dart:2768:7)
#116    RenderProxyBoxMixin.performLayout (package:flutter/src/rendering/proxy_box.dart:118:18)
#117    RenderObject.layout (package:flutter/src/rendering/object.dart:2768:7)
#118    RenderProxyBoxMixin.performLayout (package:flutter/src/rendering/proxy_box.dart:118:18)
#119    RenderObject.layout (package:flutter/src/rendering/object.dart:2768:7)
#120    RenderProxyBoxMixin.performLayout (package:flutter/src/rendering/proxy_box.dart:118:18)
#121    RenderObject.layout (package:flutter/src/rendering/object.dart:2768:7)
#122    RenderView.performLayout (package:flutter/src/rendering/view.dart:292:12)
#123    RenderObject._layoutWithoutResize (package:flutter/src/rendering/object.dart:2616:7)
#124    PipelineOwner.flushLayout (package:flutter/src/rendering/object.dart:1174:18)
#125    PipelineOwner.flushLayout (package:flutter/src/rendering/object.dart:1187:15)
#126    AutomatedTestWidgetsFlutterBinding.drawFrame (package:flutter_test/src/binding.dart:2133:27)
#127    RendererBinding._handlePersistentFrameCallback (package:flutter/src/rendering/binding.dart:495:5)
#128    SchedulerBinding._invokeFrameCallback (package:flutter/src/scheduler/binding.dart:1430:15)
#129    SchedulerBinding.handleDrawFrame (package:flutter/src/scheduler/binding.dart:1345:9)
#130    AutomatedTestWidgetsFlutterBinding.pump.<anonymous closure> (package:flutter_test/src/binding.dart:1960:9)
#133    TestAsyncUtils.guard (package:flutter_test/src/test_async_utils.dart:74:41)
#134    AutomatedTestWidgetsFlutterBinding.pump (package:flutter_test/src/binding.dart:1949:27)
#135    WidgetTester.pumpWidget.<anonymous closure> (package:flutter_test/src/widget_tester.dart:598:22)
#138    TestAsyncUtils.guard (package:flutter_test/src/test_async_utils.dart:74:41)
#139    WidgetTester.pumpWidget (package:flutter_test/src/widget_tester.dart:595:27)
#140    main.<anonymous closure>.<anonymous closure> (file:///C:/Users/bhara/StudioProjects/simple_billing_app/test/widget/billing_screen_test.dart:83:20)
#141    testWidgets.<anonymous closure>.<anonymous closure> (package:flutter_test/src/widget_tester.dart:192:29)
<asynchronous suspension>
#142    TestWidgetsFlutterBinding._runTestBody (package:flutter_test/src/binding.dart:1682:5)
<asynchronous suspension>
<asynchronous suspension>
(elided 7 frames from class _AssertionError, dart:async, and package:stack_trace)

The following RenderObject was being processed when the exception was fired: RenderTapRegion#a45b2 relayoutBoundary=up21 NEEDS-LAYOUT NEEDS-PAINT NEEDS-COMPOSITING-BITS-UPDATE:
  creator: TextFieldTapRegion ΓåÉ MouseRegion ΓåÉ TextField ΓåÉ AbsorbPointer ΓåÉ Listener ΓåÉ _GestureSemantics
    ΓåÉ RawGestureDetector ΓåÉ GestureDetector ΓåÉ Column ΓåÉ Padding ΓåÉ DecoratedBox ΓåÉ Container ΓåÉ Γï»
  parentData: <none> (can use size)
  constraints: BoxConstraints(unconstrained)
  size: MISSING
  behavior: deferToChild
  groupId: EditableText
This RenderObject had the following descendants (showing up to depth 5):
    child: RenderIgnorePointer#226bc relayoutBoundary=up22 NEEDS-PAINT NEEDS-COMPOSITING-BITS-UPDATE
      child: RenderSemanticsAnnotations#9846b relayoutBoundary=up23 NEEDS-PAINT NEEDS-COMPOSITING-BITS-UPDATE
        child: RenderPointerListener#ee3c7 relayoutBoundary=up24 NEEDS-PAINT NEEDS-COMPOSITING-BITS-UPDATE
          child: _RenderDecoration#7e27f relayoutBoundary=up25 NEEDS-PAINT NEEDS-COMPOSITING-BITS-UPDATE
            input: RenderRepaintBoundary#55ea1 NEEDS-LAYOUT NEEDS-PAINT NEEDS-COMPOSITING-BITS-UPDATE
            prefixIcon: RenderPositionedBox#4bad9 NEEDS-LAYOUT NEEDS-PAINT NEEDS-COMPOSITING-BITS-UPDATE
            hint: RenderAnimatedOpacity#bab7c NEEDS-LAYOUT NEEDS-PAINT NEEDS-COMPOSITING-BITS-UPDATE
            helperError: RenderConstrainedBox#3e63f NEEDS-LAYOUT NEEDS-PAINT
            container: RenderCustomPaint#d7cc1 NEEDS-LAYOUT NEEDS-PAINT
ΓòÉΓòÉΓòÉΓòÉΓòÉΓòÉΓòÉΓòÉΓòÉΓòÉΓòÉΓòÉΓòÉΓòÉΓòÉΓòÉΓòÉΓòÉΓòÉΓòÉΓòÉΓòÉΓòÉΓòÉΓòÉΓòÉΓòÉΓòÉΓòÉΓòÉΓòÉΓòÉΓòÉΓòÉΓòÉΓòÉΓòÉΓòÉΓòÉΓòÉΓòÉΓòÉΓòÉΓòÉΓòÉΓòÉΓòÉΓòÉΓòÉΓòÉΓòÉΓòÉΓòÉΓòÉΓòÉΓòÉΓòÉΓòÉΓòÉΓòÉΓòÉΓòÉΓòÉΓòÉΓòÉΓòÉΓòÉΓòÉΓòÉΓòÉΓòÉΓòÉΓòÉΓòÉΓòÉΓòÉΓòÉΓòÉΓòÉΓòÉΓòÉΓòÉΓòÉΓòÉΓòÉΓòÉΓòÉΓòÉΓòÉΓòÉΓòÉΓòÉΓòÉΓòÉΓòÉΓòÉΓòÉΓòÉΓòÉΓòÉ
ΓòÉΓòÉΓòí EXCEPTION CAUGHT BY RENDERING LIBRARY Γò₧ΓòÉΓòÉΓòÉΓòÉΓòÉΓòÉΓòÉΓòÉΓòÉΓòÉΓòÉΓòÉΓòÉΓòÉΓòÉΓòÉΓòÉΓòÉΓòÉΓòÉΓòÉΓòÉΓòÉΓòÉΓòÉΓòÉΓòÉΓòÉΓòÉΓòÉΓòÉΓòÉΓòÉΓòÉΓòÉΓòÉΓòÉΓòÉΓòÉΓòÉΓòÉΓòÉΓòÉΓòÉΓòÉΓòÉΓòÉΓòÉΓòÉΓòÉΓòÉΓòÉΓòÉΓòÉΓòÉΓòÉΓòÉ
The following assertion was thrown during performLayout():
RenderBox was not laid out: RenderTapRegion#a45b2 relayoutBoundary=up21 NEEDS-PAINT
NEEDS-COMPOSITING-BITS-UPDATE
'package:flutter/src/rendering/box.dart':
Failed assertion: line 2251 pos 12: 'hasSize'

Either the assertion indicates an error in the framework itself, or we should provide substantially
more information in this error message to help you determine and fix the underlying cause.
In either case, please report this assertion by filing a bug on GitHub:
  https://github.com/flutter/flutter/issues/new?template=02_bug.yml

The relevant error-causing widget was:
  TextField
  TextField:file:///C:/Users/bhara/StudioProjects/simple_billing_app/lib/views/screens/billing_screen.dart:310:22

When the exception was thrown, this was the stack:
#2      RenderBox.size (package:flutter/src/rendering/box.dart:2251:12)
#3      RenderProxyBoxMixin.performLayout (package:flutter/src/rendering/proxy_box.dart:118:62)
#4      RenderObject.layout (package:flutter/src/rendering/object.dart:2768:7)
#5      RenderProxyBoxMixin.performLayout (package:flutter/src/rendering/proxy_box.dart:118:18)
#6      RenderObject.layout (package:flutter/src/rendering/object.dart:2768:7)
#7      RenderProxyBoxMixin.performLayout (package:flutter/src/rendering/proxy_box.dart:118:18)
#8      RenderObject.layout (package:flutter/src/rendering/object.dart:2768:7)
#9      RenderProxyBoxMixin.performLayout (package:flutter/src/rendering/proxy_box.dart:118:18)
#10     RenderObject.layout (package:flutter/src/rendering/object.dart:2768:7)
#11     ChildLayoutHelper.layoutChild (package:flutter/src/rendering/layout_helper.dart:62:11)
#12     RenderFlex._computeSizes (package:flutter/src/rendering/flex.dart:1237:28)
#13     RenderFlex.performLayout (package:flutter/src/rendering/flex.dart:1329:32)
#14     RenderObject.layout (package:flutter/src/rendering/object.dart:2768:7)
#15     RenderPadding.performLayout (package:flutter/src/rendering/shifted_box.dart:262:12)
#16     RenderObject.layout (package:flutter/src/rendering/object.dart:2768:7)
#17     RenderProxyBoxMixin.performLayout (package:flutter/src/rendering/proxy_box.dart:118:18)
#18     RenderObject.layout (package:flutter/src/rendering/object.dart:2768:7)
#19     ChildLayoutHelper.layoutChild (package:flutter/src/rendering/layout_helper.dart:62:11)
#20     RenderFlex._computeSizes (package:flutter/src/rendering/flex.dart:1237:28)
#21     RenderFlex.performLayout (package:flutter/src/rendering/flex.dart:1329:32)
#22     RenderObject.layout (package:flutter/src/rendering/object.dart:2768:7)
#23     ChildLayoutHelper.layoutChild (package:flutter/src/rendering/layout_helper.dart:62:11)
#24     RenderFlex._computeSizes (package:flutter/src/rendering/flex.dart:1237:28)
#25     RenderFlex.performLayout (package:flutter/src/rendering/flex.dart:1329:32)
#26     RenderObject.layout (package:flutter/src/rendering/object.dart:2768:7)
#27     _RenderSingleChildViewport.performLayout (package:flutter/src/widgets/single_child_scroll_view.dart:502:14)
#28     RenderObject.layout (package:flutter/src/rendering/object.dart:2768:7)
#29     RenderProxyBoxMixin.performLayout (package:flutter/src/rendering/proxy_box.dart:118:18)
#30     RenderObject.layout (package:flutter/src/rendering/object.dart:2768:7)
#31     RenderProxyBoxMixin.performLayout (package:flutter/src/rendering/proxy_box.dart:118:18)
#32     RenderObject.layout (package:flutter/src/rendering/object.dart:2768:7)
#33     RenderProxyBoxMixin.performLayout (package:flutter/src/rendering/proxy_box.dart:118:18)
#34     RenderObject.layout (package:flutter/src/rendering/object.dart:2768:7)
#35     RenderProxyBoxMixin.performLayout (package:flutter/src/rendering/proxy_box.dart:118:18)
#36     RenderObject.layout (package:flutter/src/rendering/object.dart:2768:7)
#37     RenderProxyBoxMixin.performLayout (package:flutter/src/rendering/proxy_box.dart:118:18)
#38     RenderObject.layout (package:flutter/src/rendering/object.dart:2768:7)
#39     RenderProxyBoxMixin.performLayout (package:flutter/src/rendering/proxy_box.dart:118:18)
#40     RenderObject.layout (package:flutter/src/rendering/object.dart:2768:7)
#41     RenderProxyBoxMixin.performLayout (package:flutter/src/rendering/proxy_box.dart:118:18)
#42     RenderObject.layout (package:flutter/src/rendering/object.dart:2768:7)
#43     RenderProxyBoxMixin.performLayout (package:flutter/src/rendering/proxy_box.dart:118:18)
#44     _RenderCustomClip.performLayout (package:flutter/src/rendering/proxy_box.dart:1549:11)
#45     RenderObject.layout (package:flutter/src/rendering/object.dart:2768:7)
#46     RenderPadding.performLayout (package:flutter/src/rendering/shifted_box.dart:262:12)
#47     RenderObject.layout (package:flutter/src/rendering/object.dart:2768:7)
#48     _RenderLayoutBuilder.performLayout (package:flutter/src/widgets/layout_builder.dart:449:14)
#49     RenderObject.layout (package:flutter/src/rendering/object.dart:2768:7)
#50     MultiChildLayoutDelegate.layoutChild (package:flutter/src/rendering/custom_layout.dart:180:12)
#51     _ScaffoldLayout.performLayout (package:flutter/src/material/scaffold.dart:1113:7)
#52     MultiChildLayoutDelegate._callPerformLayout (package:flutter/src/rendering/custom_layout.dart:246:7)
#53     RenderCustomMultiChildLayoutBox.performLayout (package:flutter/src/rendering/custom_layout.dart:417:14)
#54     RenderObject.layout (package:flutter/src/rendering/object.dart:2768:7)
#55     RenderProxyBoxMixin.performLayout (package:flutter/src/rendering/proxy_box.dart:118:18)
#56     RenderObject.layout (package:flutter/src/rendering/object.dart:2768:7)
#57     RenderProxyBoxMixin.performLayout (package:flutter/src/rendering/proxy_box.dart:118:18)
#58     _RenderCustomClip.performLayout (package:flutter/src/rendering/proxy_box.dart:1549:11)
#59     RenderObject.layout (package:flutter/src/rendering/object.dart:2768:7)
#60     RenderProxyBoxMixin.performLayout (package:flutter/src/rendering/proxy_box.dart:118:18)
#61     RenderObject.layout (package:flutter/src/rendering/object.dart:2768:7)
#62     RenderProxyBoxMixin.performLayout (package:flutter/src/rendering/proxy_box.dart:118:18)
#63     RenderObject.layout (package:flutter/src/rendering/object.dart:2768:7)
#64     RenderProxyBoxMixin.performLayout (package:flutter/src/rendering/proxy_box.dart:118:18)
#65     RenderObject.layout (package:flutter/src/rendering/object.dart:2768:7)
#66     RenderProxyBoxMixin.performLayout (package:flutter/src/rendering/proxy_box.dart:118:18)
#67     RenderObject.layout (package:flutter/src/rendering/object.dart:2768:7)
#68     RenderProxyBoxMixin.performLayout (package:flutter/src/rendering/proxy_box.dart:118:18)
#69     RenderObject.layout (package:flutter/src/rendering/object.dart:2768:7)
#70     RenderProxyBoxMixin.performLayout (package:flutter/src/rendering/proxy_box.dart:118:18)
#71     RenderObject.layout (package:flutter/src/rendering/object.dart:2768:7)
#72     RenderProxyBoxMixin.performLayout (package:flutter/src/rendering/proxy_box.dart:118:18)
#73     RenderObject.layout (package:flutter/src/rendering/object.dart:2768:7)
#74     RenderProxyBoxMixin.performLayout (package:flutter/src/rendering/proxy_box.dart:118:18)
#75     RenderObject.layout (package:flutter/src/rendering/object.dart:2768:7)
#76     RenderProxyBoxMixin.performLayout (package:flutter/src/rendering/proxy_box.dart:118:18)
#77     RenderObject.layout (package:flutter/src/rendering/object.dart:2768:7)
#78     RenderProxyBoxMixin.performLayout (package:flutter/src/rendering/proxy_box.dart:118:18)
#79     RenderObject.layout (package:flutter/src/rendering/object.dart:2768:7)
#80     RenderProxyBoxMixin.performLayout (package:flutter/src/rendering/proxy_box.dart:118:18)
#81     RenderObject.layout (package:flutter/src/rendering/object.dart:2768:7)
#82     RenderProxyBoxMixin.performLayout (package:flutter/src/rendering/proxy_box.dart:118:18)
#83     RenderObject.layout (package:flutter/src/rendering/object.dart:2768:7)
#84     RenderProxyBoxMixin.performLayout (package:flutter/src/rendering/proxy_box.dart:118:18)
#85     RenderObject.layout (package:flutter/src/rendering/object.dart:2768:7)
#86     RenderProxyBoxMixin.performLayout (package:flutter/src/rendering/proxy_box.dart:118:18)
#87     RenderObject.layout (package:flutter/src/rendering/object.dart:2768:7)
#88     RenderProxyBoxMixin.performLayout (package:flutter/src/rendering/proxy_box.dart:118:18)
#89     RenderObject.layout (package:flutter/src/rendering/object.dart:2768:7)
#90     RenderProxyBoxMixin.performLayout (package:flutter/src/rendering/proxy_box.dart:118:18)
#91     RenderOffstage.performLayout (package:flutter/src/rendering/proxy_box.dart:3923:13)
#92     RenderObject.layout (package:flutter/src/rendering/object.dart:2768:7)
#93     RenderProxyBoxMixin.performLayout (package:flutter/src/rendering/proxy_box.dart:118:18)
#94     RenderObject.layout (package:flutter/src/rendering/object.dart:2768:7)
#95     _RenderTheaterMixin.layoutChild (package:flutter/src/widgets/overlay.dart:1084:13)
#96     _RenderTheater.performLayout (package:flutter/src/widgets/overlay.dart:1429:9)
#97     RenderObject.layout (package:flutter/src/rendering/object.dart:2768:7)
#98     RenderProxyBoxMixin.performLayout (package:flutter/src/rendering/proxy_box.dart:118:18)
#99     RenderObject.layout (package:flutter/src/rendering/object.dart:2768:7)
#100    RenderProxyBoxMixin.performLayout (package:flutter/src/rendering/proxy_box.dart:118:18)
#101    RenderObject.layout (package:flutter/src/rendering/object.dart:2768:7)
#102    RenderProxyBoxMixin.performLayout (package:flutter/src/rendering/proxy_box.dart:118:18)
#103    RenderObject.layout (package:flutter/src/rendering/object.dart:2768:7)
#104    RenderProxyBoxMixin.performLayout (package:flutter/src/rendering/proxy_box.dart:118:18)
#105    RenderCustomPaint.performLayout (package:flutter/src/rendering/custom_paint.dart:574:11)
#106    RenderObject.layout (package:flutter/src/rendering/object.dart:2768:7)
#107    RenderProxyBoxMixin.performLayout (package:flutter/src/rendering/proxy_box.dart:118:18)
#108    RenderObject.layout (package:flutter/src/rendering/object.dart:2768:7)
#109    RenderProxyBoxMixin.performLayout (package:flutter/src/rendering/proxy_box.dart:118:18)
#110    RenderObject.layout (package:flutter/src/rendering/object.dart:2768:7)
#111    RenderProxyBoxMixin.performLayout (package:flutter/src/rendering/proxy_box.dart:118:18)
#112    RenderObject.layout (package:flutter/src/rendering/object.dart:2768:7)
#113    RenderProxyBoxMixin.performLayout (package:flutter/src/rendering/proxy_box.dart:118:18)
#114    RenderObject.layout (package:flutter/src/rendering/object.dart:2768:7)
#115    RenderProxyBoxMixin.performLayout (package:flutter/src/rendering/proxy_box.dart:118:18)
#116    RenderObject.layout (package:flutter/src/rendering/object.dart:2768:7)
#117    RenderProxyBoxMixin.performLayout (package:flutter/src/rendering/proxy_box.dart:118:18)
#118    RenderObject.layout (package:flutter/src/rendering/object.dart:2768:7)
#119    RenderView.performLayout (package:flutter/src/rendering/view.dart:292:12)
#120    RenderObject._layoutWithoutResize (package:flutter/src/rendering/object.dart:2616:7)
#121    PipelineOwner.flushLayout (package:flutter/src/rendering/object.dart:1174:18)
#122    PipelineOwner.flushLayout (package:flutter/src/rendering/object.dart:1187:15)
#123    AutomatedTestWidgetsFlutterBinding.drawFrame (package:flutter_test/src/binding.dart:2133:27)
#124    RendererBinding._handlePersistentFrameCallback (package:flutter/src/rendering/binding.dart:495:5)
#125    SchedulerBinding._invokeFrameCallback (package:flutter/src/scheduler/binding.dart:1430:15)
#126    SchedulerBinding.handleDrawFrame (package:flutter/src/scheduler/binding.dart:1345:9)
#127    AutomatedTestWidgetsFlutterBinding.pump.<anonymous closure> (package:flutter_test/src/binding.dart:1960:9)
#130    TestAsyncUtils.guard (package:flutter_test/src/test_async_utils.dart:74:41)
#131    AutomatedTestWidgetsFlutterBinding.pump (package:flutter_test/src/binding.dart:1949:27)
#132    WidgetTester.pumpWidget.<anonymous closure> (package:flutter_test/src/widget_tester.dart:598:22)
#135    TestAsyncUtils.guard (package:flutter_test/src/test_async_utils.dart:74:41)
#136    WidgetTester.pumpWidget (package:flutter_test/src/widget_tester.dart:595:27)
#137    main.<anonymous closure>.<anonymous closure> (file:///C:/Users/bhara/StudioProjects/simple_billing_app/test/widget/billing_screen_test.dart:83:20)
#138    testWidgets.<anonymous closure>.<anonymous closure> (package:flutter_test/src/widget_tester.dart:192:29)
<asynchronous suspension>
#139    TestWidgetsFlutterBinding._runTestBody (package:flutter_test/src/binding.dart:1682:5)
<asynchronous suspension>
<asynchronous suspension>
(elided 7 frames from class _AssertionError, dart:async, and package:stack_trace)

The following RenderObject was being processed when the exception was fired: RenderMouseRegion#e077c relayoutBoundary=up20 NEEDS-LAYOUT NEEDS-PAINT NEEDS-COMPOSITING-BITS-UPDATE:
  creator: MouseRegion ΓåÉ TextField ΓåÉ AbsorbPointer ΓåÉ Listener ΓåÉ _GestureSemantics ΓåÉ RawGestureDetector
    ΓåÉ GestureDetector ΓåÉ Column ΓåÉ Padding ΓåÉ DecoratedBox ΓåÉ Container ΓåÉ Column ΓåÉ Γï»
  parentData: <none> (can use size)
  constraints: BoxConstraints(unconstrained)
  size: MISSING
  behavior: opaque
  listeners: enter, exit
  cursor: SystemMouseCursor(text)
This RenderObject had the following descendants (showing up to depth 5):
    child: RenderTapRegion#a45b2 relayoutBoundary=up21 NEEDS-PAINT NEEDS-COMPOSITING-BITS-UPDATE
      child: RenderIgnorePointer#226bc relayoutBoundary=up22 NEEDS-PAINT NEEDS-COMPOSITING-BITS-UPDATE
        child: RenderSemanticsAnnotations#9846b relayoutBoundary=up23 NEEDS-PAINT NEEDS-COMPOSITING-BITS-UPDATE
          child: RenderPointerListener#ee3c7 relayoutBoundary=up24 NEEDS-PAINT NEEDS-COMPOSITING-BITS-UPDATE
            child: _RenderDecoration#7e27f relayoutBoundary=up25 NEEDS-PAINT NEEDS-COMPOSITING-BITS-UPDATE
ΓòÉΓòÉΓòÉΓòÉΓòÉΓòÉΓòÉΓòÉΓòÉΓòÉΓòÉΓòÉΓòÉΓòÉΓòÉΓòÉΓòÉΓòÉΓòÉΓòÉΓòÉΓòÉΓòÉΓòÉΓòÉΓòÉΓòÉΓòÉΓòÉΓòÉΓòÉΓòÉΓòÉΓòÉΓòÉΓòÉΓòÉΓòÉΓòÉΓòÉΓòÉΓòÉΓòÉΓòÉΓòÉΓòÉΓòÉΓòÉΓòÉΓòÉΓòÉΓòÉΓòÉΓòÉΓòÉΓòÉΓòÉΓòÉΓòÉΓòÉΓòÉΓòÉΓòÉΓòÉΓòÉΓòÉΓòÉΓòÉΓòÉΓòÉΓòÉΓòÉΓòÉΓòÉΓòÉΓòÉΓòÉΓòÉΓòÉΓòÉΓòÉΓòÉΓòÉΓòÉΓòÉΓòÉΓòÉΓòÉΓòÉΓòÉΓòÉΓòÉΓòÉΓòÉΓòÉΓòÉΓòÉΓòÉΓòÉΓòÉ
ΓòÉΓòÉΓòí EXCEPTION CAUGHT BY RENDERING LIBRARY Γò₧ΓòÉΓòÉΓòÉΓòÉΓòÉΓòÉΓòÉΓòÉΓòÉΓòÉΓòÉΓòÉΓòÉΓòÉΓòÉΓòÉΓòÉΓòÉΓòÉΓòÉΓòÉΓòÉΓòÉΓòÉΓòÉΓòÉΓòÉΓòÉΓòÉΓòÉΓòÉΓòÉΓòÉΓòÉΓòÉΓòÉΓòÉΓòÉΓòÉΓòÉΓòÉΓòÉΓòÉΓòÉΓòÉΓòÉΓòÉΓòÉΓòÉΓòÉΓòÉΓòÉΓòÉΓòÉΓòÉΓòÉΓòÉ
The following assertion was thrown during performLayout():
RenderBox was not laid out: RenderMouseRegion#e077c relayoutBoundary=up20 NEEDS-PAINT
NEEDS-COMPOSITING-BITS-UPDATE
'package:flutter/src/rendering/box.dart':
Failed assertion: line 2251 pos 12: 'hasSize'

Either the assertion indicates an error in the framework itself, or we should provide substantially
more information in this error message to help you determine and fix the underlying cause.
In either case, please report this assertion by filing a bug on GitHub:
  https://github.com/flutter/flutter/issues/new?template=02_bug.yml

The relevant error-causing widget was:
  AbsorbPointer
  AbsorbPointer:file:///C:/Users/bhara/StudioProjects/simple_billing_app/lib/views/screens/billing_screen.dart:309:20

When the exception was thrown, this was the stack:
#2      RenderBox.size (package:flutter/src/rendering/box.dart:2251:12)
#3      RenderProxyBoxMixin.performLayout (package:flutter/src/rendering/proxy_box.dart:118:62)
#4      RenderObject.layout (package:flutter/src/rendering/object.dart:2768:7)
#5      RenderProxyBoxMixin.performLayout (package:flutter/src/rendering/proxy_box.dart:118:18)
#6      RenderObject.layout (package:flutter/src/rendering/object.dart:2768:7)
#7      RenderProxyBoxMixin.performLayout (package:flutter/src/rendering/proxy_box.dart:118:18)
#8      RenderObject.layout (package:flutter/src/rendering/object.dart:2768:7)
#9      ChildLayoutHelper.layoutChild (package:flutter/src/rendering/layout_helper.dart:62:11)
#10     RenderFlex._computeSizes (package:flutter/src/rendering/flex.dart:1237:28)
#11     RenderFlex.performLayout (package:flutter/src/rendering/flex.dart:1329:32)
#12     RenderObject.layout (package:flutter/src/rendering/object.dart:2768:7)
#13     RenderPadding.performLayout (package:flutter/src/rendering/shifted_box.dart:262:12)
#14     RenderObject.layout (package:flutter/src/rendering/object.dart:2768:7)
#15     RenderProxyBoxMixin.performLayout (package:flutter/src/rendering/proxy_box.dart:118:18)
#16     RenderObject.layout (package:flutter/src/rendering/object.dart:2768:7)
#17     ChildLayoutHelper.layoutChild (package:flutter/src/rendering/layout_helper.dart:62:11)
#18     RenderFlex._computeSizes (package:flutter/src/rendering/flex.dart:1237:28)
#19     RenderFlex.performLayout (package:flutter/src/rendering/flex.dart:1329:32)
#20     RenderObject.layout (package:flutter/src/rendering/object.dart:2768:7)
#21     ChildLayoutHelper.layoutChild (package:flutter/src/rendering/layout_helper.dart:62:11)
#22     RenderFlex._computeSizes (package:flutter/src/rendering/flex.dart:1237:28)
#23     RenderFlex.performLayout (package:flutter/src/rendering/flex.dart:1329:32)
#24     RenderObject.layout (package:flutter/src/rendering/object.dart:2768:7)
#25     _RenderSingleChildViewport.performLayout (package:flutter/src/widgets/single_child_scroll_view.dart:502:14)
#26     RenderObject.layout (package:flutter/src/rendering/object.dart:2768:7)
#27     RenderProxyBoxMixin.performLayout (package:flutter/src/rendering/proxy_box.dart:118:18)
#28     RenderObject.layout (package:flutter/src/rendering/object.dart:2768:7)
#29     RenderProxyBoxMixin.performLayout (package:flutter/src/rendering/proxy_box.dart:118:18)
#30     RenderObject.layout (package:flutter/src/rendering/object.dart:2768:7)
#31     RenderProxyBoxMixin.performLayout (package:flutter/src/rendering/proxy_box.dart:118:18)
#32     RenderObject.layout (package:flutter/src/rendering/object.dart:2768:7)
#33     RenderProxyBoxMixin.performLayout (package:flutter/src/rendering/proxy_box.dart:118:18)
#34     RenderObject.layout (package:flutter/src/rendering/object.dart:2768:7)
#35     RenderProxyBoxMixin.performLayout (package:flutter/src/rendering/proxy_box.dart:118:18)
#36     RenderObject.layout (package:flutter/src/rendering/object.dart:2768:7)
#37     RenderProxyBoxMixin.performLayout (package:flutter/src/rendering/proxy_box.dart:118:18)
#38     RenderObject.layout (package:flutter/src/rendering/object.dart:2768:7)
#39     RenderProxyBoxMixin.performLayout (package:flutter/src/rendering/proxy_box.dart:118:18)
#40     RenderObject.layout (package:flutter/src/rendering/object.dart:2768:7)
#41     RenderProxyBoxMixin.performLayout (package:flutter/src/rendering/proxy_box.dart:118:18)
#42     _RenderCustomClip.performLayout (package:flutter/src/rendering/proxy_box.dart:1549:11)
#43     RenderObject.layout (package:flutter/src/rendering/object.dart:2768:7)
#44     RenderPadding.performLayout (package:flutter/src/rendering/shifted_box.dart:262:12)
#45     RenderObject.layout (package:flutter/src/rendering/object.dart:2768:7)
#46     _RenderLayoutBuilder.performLayout (package:flutter/src/widgets/layout_builder.dart:449:14)
#47     RenderObject.layout (package:flutter/src/rendering/object.dart:2768:7)
#48     MultiChildLayoutDelegate.layoutChild (package:flutter/src/rendering/custom_layout.dart:180:12)
#49     _ScaffoldLayout.performLayout (package:flutter/src/material/scaffold.dart:1113:7)
#50     MultiChildLayoutDelegate._callPerformLayout (package:flutter/src/rendering/custom_layout.dart:246:7)
#51     RenderCustomMultiChildLayoutBox.performLayout (package:flutter/src/rendering/custom_layout.dart:417:14)
#52     RenderObject.layout (package:flutter/src/rendering/object.dart:2768:7)
#53     RenderProxyBoxMixin.performLayout (package:flutter/src/rendering/proxy_box.dart:118:18)
#54     RenderObject.layout (package:flutter/src/rendering/object.dart:2768:7)
#55     RenderProxyBoxMixin.performLayout (package:flutter/src/rendering/proxy_box.dart:118:18)
#56     _RenderCustomClip.performLayout (package:flutter/src/rendering/proxy_box.dart:1549:11)
#57     RenderObject.layout (package:flutter/src/rendering/object.dart:2768:7)
#58     RenderProxyBoxMixin.performLayout (package:flutter/src/rendering/proxy_box.dart:118:18)
#59     RenderObject.layout (package:flutter/src/rendering/object.dart:2768:7)
#60     RenderProxyBoxMixin.performLayout (package:flutter/src/rendering/proxy_box.dart:118:18)
#61     RenderObject.layout (package:flutter/src/rendering/object.dart:2768:7)
#62     RenderProxyBoxMixin.performLayout (package:flutter/src/rendering/proxy_box.dart:118:18)
#63     RenderObject.layout (package:flutter/src/rendering/object.dart:2768:7)
#64     RenderProxyBoxMixin.performLayout (package:flutter/src/rendering/proxy_box.dart:118:18)
#65     RenderObject.layout (package:flutter/src/rendering/object.dart:2768:7)
#66     RenderProxyBoxMixin.performLayout (package:flutter/src/rendering/proxy_box.dart:118:18)
#67     RenderObject.layout (package:flutter/src/rendering/object.dart:2768:7)
#68     RenderProxyBoxMixin.performLayout (package:flutter/src/rendering/proxy_box.dart:118:18)
#69     RenderObject.layout (package:flutter/src/rendering/object.dart:2768:7)
#70     RenderProxyBoxMixin.performLayout (package:flutter/src/rendering/proxy_box.dart:118:18)
#71     RenderObject.layout (package:flutter/src/rendering/object.dart:2768:7)
#72     RenderProxyBoxMixin.performLayout (package:flutter/src/rendering/proxy_box.dart:118:18)
#73     RenderObject.layout (package:flutter/src/rendering/object.dart:2768:7)
#74     RenderProxyBoxMixin.performLayout (package:flutter/src/rendering/proxy_box.dart:118:18)
#75     RenderObject.layout (package:flutter/src/rendering/object.dart:2768:7)
#76     RenderProxyBoxMixin.performLayout (package:flutter/src/rendering/proxy_box.dart:118:18)
#77     RenderObject.layout (package:flutter/src/rendering/object.dart:2768:7)
#78     RenderProxyBoxMixin.performLayout (package:flutter/src/rendering/proxy_box.dart:118:18)
#79     RenderObject.layout (package:flutter/src/rendering/object.dart:2768:7)
#80     RenderProxyBoxMixin.performLayout (package:flutter/src/rendering/proxy_box.dart:118:18)
#81     RenderObject.layout (package:flutter/src/rendering/object.dart:2768:7)
#82     RenderProxyBoxMixin.performLayout (package:flutter/src/rendering/proxy_box.dart:118:18)
#83     RenderObject.layout (package:flutter/src/rendering/object.dart:2768:7)
#84     RenderProxyBoxMixin.performLayout (package:flutter/src/rendering/proxy_box.dart:118:18)
#85     RenderObject.layout (package:flutter/src/rendering/object.dart:2768:7)
#86     RenderProxyBoxMixin.performLayout (package:flutter/src/rendering/proxy_box.dart:118:18)
#87     RenderObject.layout (package:flutter/src/rendering/object.dart:2768:7)
#88     RenderProxyBoxMixin.performLayout (package:flutter/src/rendering/proxy_box.dart:118:18)
#89     RenderOffstage.performLayout (package:flutter/src/rendering/proxy_box.dart:3923:13)
#90     RenderObject.layout (package:flutter/src/rendering/object.dart:2768:7)
#91     RenderProxyBoxMixin.performLayout (package:flutter/src/rendering/proxy_box.dart:118:18)
#92     RenderObject.layout (package:flutter/src/rendering/object.dart:2768:7)
#93     _RenderTheaterMixin.layoutChild (package:flutter/src/widgets/overlay.dart:1084:13)
#94     _RenderTheater.performLayout (package:flutter/src/widgets/overlay.dart:1429:9)
#95     RenderObject.layout (package:flutter/src/rendering/object.dart:2768:7)
#96     RenderProxyBoxMixin.performLayout (package:flutter/src/rendering/proxy_box.dart:118:18)
#97     RenderObject.layout (package:flutter/src/rendering/object.dart:2768:7)
#98     RenderProxyBoxMixin.performLayout (package:flutter/src/rendering/proxy_box.dart:118:18)
#99     RenderObject.layout (package:flutter/src/rendering/object.dart:2768:7)
#100    RenderProxyBoxMixin.performLayout (package:flutter/src/rendering/proxy_box.dart:118:18)
#101    RenderObject.layout (package:flutter/src/rendering/object.dart:2768:7)
#102    RenderProxyBoxMixin.performLayout (package:flutter/src/rendering/proxy_box.dart:118:18)
#103    RenderCustomPaint.performLayout (package:flutter/src/rendering/custom_paint.dart:574:11)
#104    RenderObject.layout (package:flutter/src/rendering/object.dart:2768:7)
#105    RenderProxyBoxMixin.performLayout (package:flutter/src/rendering/proxy_box.dart:118:18)
#106    RenderObject.layout (package:flutter/src/rendering/object.dart:2768:7)
#107    RenderProxyBoxMixin.performLayout (package:flutter/src/rendering/proxy_box.dart:118:18)
#108    RenderObject.layout (package:flutter/src/rendering/object.dart:2768:7)
#109    RenderProxyBoxMixin.performLayout (package:flutter/src/rendering/proxy_box.dart:118:18)
#110    RenderObject.layout (package:flutter/src/rendering/object.dart:2768:7)
#111    RenderProxyBoxMixin.performLayout (package:flutter/src/rendering/proxy_box.dart:118:18)
#112    RenderObject.layout (package:flutter/src/rendering/object.dart:2768:7)
#113    RenderProxyBoxMixin.performLayout (package:flutter/src/rendering/proxy_box.dart:118:18)
#114    RenderObject.layout (package:flutter/src/rendering/object.dart:2768:7)
#115    RenderProxyBoxMixin.performLayout (package:flutter/src/rendering/proxy_box.dart:118:18)
#116    RenderObject.layout (package:flutter/src/rendering/object.dart:2768:7)
#117    RenderView.performLayout (package:flutter/src/rendering/view.dart:292:12)
#118    RenderObject._layoutWithoutResize (package:flutter/src/rendering/object.dart:2616:7)
#119    PipelineOwner.flushLayout (package:flutter/src/rendering/object.dart:1174:18)
#120    PipelineOwner.flushLayout (package:flutter/src/rendering/object.dart:1187:15)
#121    AutomatedTestWidgetsFlutterBinding.drawFrame (package:flutter_test/src/binding.dart:2133:27)
#122    RendererBinding._handlePersistentFrameCallback (package:flutter/src/rendering/binding.dart:495:5)
#123    SchedulerBinding._invokeFrameCallback (package:flutter/src/scheduler/binding.dart:1430:15)
#124    SchedulerBinding.handleDrawFrame (package:flutter/src/scheduler/binding.dart:1345:9)
#125    AutomatedTestWidgetsFlutterBinding.pump.<anonymous closure> (package:flutter_test/src/binding.dart:1960:9)
#128    TestAsyncUtils.guard (package:flutter_test/src/test_async_utils.dart:74:41)
#129    AutomatedTestWidgetsFlutterBinding.pump (package:flutter_test/src/binding.dart:1949:27)
#130    WidgetTester.pumpWidget.<anonymous closure> (package:flutter_test/src/widget_tester.dart:598:22)
#133    TestAsyncUtils.guard (package:flutter_test/src/test_async_utils.dart:74:41)
#134    WidgetTester.pumpWidget (package:flutter_test/src/widget_tester.dart:595:27)
#135    main.<anonymous closure>.<anonymous closure> (file:///C:/Users/bhara/StudioProjects/simple_billing_app/test/widget/billing_screen_test.dart:83:20)
#136    testWidgets.<anonymous closure>.<anonymous closure> (package:flutter_test/src/widget_tester.dart:192:29)
<asynchronous suspension>
#137    TestWidgetsFlutterBinding._runTestBody (package:flutter_test/src/binding.dart:1682:5)
<asynchronous suspension>
<asynchronous suspension>
(elided 7 frames from class _AssertionError, dart:async, and package:stack_trace)

The following RenderObject was being processed when the exception was fired: RenderAbsorbPointer#e9e75 relayoutBoundary=up19 NEEDS-LAYOUT NEEDS-PAINT NEEDS-COMPOSITING-BITS-UPDATE:
  creator: AbsorbPointer ΓåÉ Listener ΓåÉ _GestureSemantics ΓåÉ RawGestureDetector ΓåÉ GestureDetector ΓåÉ
    Column ΓåÉ Padding ΓåÉ DecoratedBox ΓåÉ Container ΓåÉ Column ΓåÉ Row ΓåÉ _SingleChildViewport ΓåÉ Γï»
  parentData: <none> (can use size)
  constraints: BoxConstraints(unconstrained)
  size: MISSING
  absorbing: true
  ignoringSemantics: null
This RenderObject had the following descendants (showing up to depth 5):
    child: RenderMouseRegion#e077c relayoutBoundary=up20 NEEDS-PAINT NEEDS-COMPOSITING-BITS-UPDATE
      child: RenderTapRegion#a45b2 relayoutBoundary=up21 NEEDS-PAINT NEEDS-COMPOSITING-BITS-UPDATE
        child: RenderIgnorePointer#226bc relayoutBoundary=up22 NEEDS-PAINT NEEDS-COMPOSITING-BITS-UPDATE
          child: RenderSemanticsAnnotations#9846b relayoutBoundary=up23 NEEDS-PAINT NEEDS-COMPOSITING-BITS-UPDATE
            child: RenderPointerListener#ee3c7 relayoutBoundary=up24 NEEDS-PAINT NEEDS-COMPOSITING-BITS-UPDATE
ΓòÉΓòÉΓòÉΓòÉΓòÉΓòÉΓòÉΓòÉΓòÉΓòÉΓòÉΓòÉΓòÉΓòÉΓòÉΓòÉΓòÉΓòÉΓòÉΓòÉΓòÉΓòÉΓòÉΓòÉΓòÉΓòÉΓòÉΓòÉΓòÉΓòÉΓòÉΓòÉΓòÉΓòÉΓòÉΓòÉΓòÉΓòÉΓòÉΓòÉΓòÉΓòÉΓòÉΓòÉΓòÉΓòÉΓòÉΓòÉΓòÉΓòÉΓòÉΓòÉΓòÉΓòÉΓòÉΓòÉΓòÉΓòÉΓòÉΓòÉΓòÉΓòÉΓòÉΓòÉΓòÉΓòÉΓòÉΓòÉΓòÉΓòÉΓòÉΓòÉΓòÉΓòÉΓòÉΓòÉΓòÉΓòÉΓòÉΓòÉΓòÉΓòÉΓòÉΓòÉΓòÉΓòÉΓòÉΓòÉΓòÉΓòÉΓòÉΓòÉΓòÉΓòÉΓòÉΓòÉΓòÉΓòÉΓòÉΓòÉ
ΓòÉΓòÉΓòí EXCEPTION CAUGHT BY RENDERING LIBRARY Γò₧ΓòÉΓòÉΓòÉΓòÉΓòÉΓòÉΓòÉΓòÉΓòÉΓòÉΓòÉΓòÉΓòÉΓòÉΓòÉΓòÉΓòÉΓòÉΓòÉΓòÉΓòÉΓòÉΓòÉΓòÉΓòÉΓòÉΓòÉΓòÉΓòÉΓòÉΓòÉΓòÉΓòÉΓòÉΓòÉΓòÉΓòÉΓòÉΓòÉΓòÉΓòÉΓòÉΓòÉΓòÉΓòÉΓòÉΓòÉΓòÉΓòÉΓòÉΓòÉΓòÉΓòÉΓòÉΓòÉΓòÉΓòÉ
The following assertion was thrown during performLayout():
RenderBox was not laid out: RenderAbsorbPointer#e9e75 relayoutBoundary=up19 NEEDS-PAINT
NEEDS-COMPOSITING-BITS-UPDATE
'package:flutter/src/rendering/box.dart':
Failed assertion: line 2251 pos 12: 'hasSize'

Either the assertion indicates an error in the framework itself, or we should provide substantially
more information in this error message to help you determine and fix the underlying cause.
In either case, please report this assertion by filing a bug on GitHub:
  https://github.com/flutter/flutter/issues/new?template=02_bug.yml

The relevant error-causing widget was:
  GestureDetector
  GestureDetector:file:///C:/Users/bhara/StudioProjects/simple_billing_app/lib/views/screens/billing_screen.dart:307:11

When the exception was thrown, this was the stack:
#2      RenderBox.size (package:flutter/src/rendering/box.dart:2251:12)
#3      RenderProxyBoxMixin.performLayout (package:flutter/src/rendering/proxy_box.dart:118:62)
#4      RenderObject.layout (package:flutter/src/rendering/object.dart:2768:7)
#5      RenderProxyBoxMixin.performLayout (package:flutter/src/rendering/proxy_box.dart:118:18)
#6      RenderObject.layout (package:flutter/src/rendering/object.dart:2768:7)
#7      ChildLayoutHelper.layoutChild (package:flutter/src/rendering/layout_helper.dart:62:11)
#8      RenderFlex._computeSizes (package:flutter/src/rendering/flex.dart:1237:28)
#9      RenderFlex.performLayout (package:flutter/src/rendering/flex.dart:1329:32)
#10     RenderObject.layout (package:flutter/src/rendering/object.dart:2768:7)
#11     RenderPadding.performLayout (package:flutter/src/rendering/shifted_box.dart:262:12)
#12     RenderObject.layout (package:flutter/src/rendering/object.dart:2768:7)
#13     RenderProxyBoxMixin.performLayout (package:flutter/src/rendering/proxy_box.dart:118:18)
#14     RenderObject.layout (package:flutter/src/rendering/object.dart:2768:7)
#15     ChildLayoutHelper.layoutChild (package:flutter/src/rendering/layout_helper.dart:62:11)
#16     RenderFlex._computeSizes (package:flutter/src/rendering/flex.dart:1237:28)
#17     RenderFlex.performLayout (package:flutter/src/rendering/flex.dart:1329:32)
#18     RenderObject.layout (package:flutter/src/rendering/object.dart:2768:7)
#19     ChildLayoutHelper.layoutChild (package:flutter/src/rendering/layout_helper.dart:62:11)
#20     RenderFlex._computeSizes (package:flutter/src/rendering/flex.dart:1237:28)
#21     RenderFlex.performLayout (package:flutter/src/rendering/flex.dart:1329:32)
#22     RenderObject.layout (package:flutter/src/rendering/object.dart:2768:7)
#23     _RenderSingleChildViewport.performLayout (package:flutter/src/widgets/single_child_scroll_view.dart:502:14)
#24     RenderObject.layout (package:flutter/src/rendering/object.dart:2768:7)
#25     RenderProxyBoxMixin.performLayout (package:flutter/src/rendering/proxy_box.dart:118:18)
#26     RenderObject.layout (package:flutter/src/rendering/object.dart:2768:7)
#27     RenderProxyBoxMixin.performLayout (package:flutter/src/rendering/proxy_box.dart:118:18)
#28     RenderObject.layout (package:flutter/src/rendering/object.dart:2768:7)
#29     RenderProxyBoxMixin.performLayout (package:flutter/src/rendering/proxy_box.dart:118:18)
#30     RenderObject.layout (package:flutter/src/rendering/object.dart:2768:7)
#31     RenderProxyBoxMixin.performLayout (package:flutter/src/rendering/proxy_box.dart:118:18)
#32     RenderObject.layout (package:flutter/src/rendering/object.dart:2768:7)
#33     RenderProxyBoxMixin.performLayout (package:flutter/src/rendering/proxy_box.dart:118:18)
#34     RenderObject.layout (package:flutter/src/rendering/object.dart:2768:7)
#35     RenderProxyBoxMixin.performLayout (package:flutter/src/rendering/proxy_box.dart:118:18)
#36     RenderObject.layout (package:flutter/src/rendering/object.dart:2768:7)
#37     RenderProxyBoxMixin.performLayout (package:flutter/src/rendering/proxy_box.dart:118:18)
#38     RenderObject.layout (package:flutter/src/rendering/object.dart:2768:7)
#39     RenderProxyBoxMixin.performLayout (package:flutter/src/rendering/proxy_box.dart:118:18)
#40     _RenderCustomClip.performLayout (package:flutter/src/rendering/proxy_box.dart:1549:11)
#41     RenderObject.layout (package:flutter/src/rendering/object.dart:2768:7)
#42     RenderPadding.performLayout (package:flutter/src/rendering/shifted_box.dart:262:12)
#43     RenderObject.layout (package:flutter/src/rendering/object.dart:2768:7)
#44     _RenderLayoutBuilder.performLayout (package:flutter/src/widgets/layout_builder.dart:449:14)
#45     RenderObject.layout (package:flutter/src/rendering/object.dart:2768:7)
#46     MultiChildLayoutDelegate.layoutChild (package:flutter/src/rendering/custom_layout.dart:180:12)
#47     _ScaffoldLayout.performLayout (package:flutter/src/material/scaffold.dart:1113:7)
#48     MultiChildLayoutDelegate._callPerformLayout (package:flutter/src/rendering/custom_layout.dart:246:7)
#49     RenderCustomMultiChildLayoutBox.performLayout (package:flutter/src/rendering/custom_layout.dart:417:14)
#50     RenderObject.layout (package:flutter/src/rendering/object.dart:2768:7)
#51     RenderProxyBoxMixin.performLayout (package:flutter/src/rendering/proxy_box.dart:118:18)
#52     RenderObject.layout (package:flutter/src/rendering/object.dart:2768:7)
#53     RenderProxyBoxMixin.performLayout (package:flutter/src/rendering/proxy_box.dart:118:18)
#54     _RenderCustomClip.performLayout (package:flutter/src/rendering/proxy_box.dart:1549:11)
#55     RenderObject.layout (package:flutter/src/rendering/object.dart:2768:7)
#56     RenderProxyBoxMixin.performLayout (package:flutter/src/rendering/proxy_box.dart:118:18)
#57     RenderObject.layout (package:flutter/src/rendering/object.dart:2768:7)
#58     RenderProxyBoxMixin.performLayout (package:flutter/src/rendering/proxy_box.dart:118:18)
#59     RenderObject.layout (package:flutter/src/rendering/object.dart:2768:7)
#60     RenderProxyBoxMixin.performLayout (package:flutter/src/rendering/proxy_box.dart:118:18)
#61     RenderObject.layout (package:flutter/src/rendering/object.dart:2768:7)
#62     RenderProxyBoxMixin.performLayout (package:flutter/src/rendering/proxy_box.dart:118:18)
#63     RenderObject.layout (package:flutter/src/rendering/object.dart:2768:7)
#64     RenderProxyBoxMixin.performLayout (package:flutter/src/rendering/proxy_box.dart:118:18)
#65     RenderObject.layout (package:flutter/src/rendering/object.dart:2768:7)
#66     RenderProxyBoxMixin.performLayout (package:flutter/src/rendering/proxy_box.dart:118:18)
#67     RenderObject.layout (package:flutter/src/rendering/object.dart:2768:7)
#68     RenderProxyBoxMixin.performLayout (package:flutter/src/rendering/proxy_box.dart:118:18)
#69     RenderObject.layout (package:flutter/src/rendering/object.dart:2768:7)
#70     RenderProxyBoxMixin.performLayout (package:flutter/src/rendering/proxy_box.dart:118:18)
#71     RenderObject.layout (package:flutter/src/rendering/object.dart:2768:7)
#72     RenderProxyBoxMixin.performLayout (package:flutter/src/rendering/proxy_box.dart:118:18)
#73     RenderObject.layout (package:flutter/src/rendering/object.dart:2768:7)
#74     RenderProxyBoxMixin.performLayout (package:flutter/src/rendering/proxy_box.dart:118:18)
#75     RenderObject.layout (package:flutter/src/rendering/object.dart:2768:7)
#76     RenderProxyBoxMixin.performLayout (package:flutter/src/rendering/proxy_box.dart:118:18)
#77     RenderObject.layout (package:flutter/src/rendering/object.dart:2768:7)
#78     RenderProxyBoxMixin.performLayout (package:flutter/src/rendering/proxy_box.dart:118:18)
#79     RenderObject.layout (package:flutter/src/rendering/object.dart:2768:7)
#80     RenderProxyBoxMixin.performLayout (package:flutter/src/rendering/proxy_box.dart:118:18)
#81     RenderObject.layout (package:flutter/src/rendering/object.dart:2768:7)
#82     RenderProxyBoxMixin.performLayout (package:flutter/src/rendering/proxy_box.dart:118:18)
#83     RenderObject.layout (package:flutter/src/rendering/object.dart:2768:7)
#84     RenderProxyBoxMixin.performLayout (package:flutter/src/rendering/proxy_box.dart:118:18)
#85     RenderObject.layout (package:flutter/src/rendering/object.dart:2768:7)
#86     RenderProxyBoxMixin.performLayout (package:flutter/src/rendering/proxy_box.dart:118:18)
#87     RenderOffstage.performLayout (package:flutter/src/rendering/proxy_box.dart:3923:13)
#88     RenderObject.layout (package:flutter/src/rendering/object.dart:2768:7)
#89     RenderProxyBoxMixin.performLayout (package:flutter/src/rendering/proxy_box.dart:118:18)
#90     RenderObject.layout (package:flutter/src/rendering/object.dart:2768:7)
#91     _RenderTheaterMixin.layoutChild (package:flutter/src/widgets/overlay.dart:1084:13)
#92     _RenderTheater.performLayout (package:flutter/src/widgets/overlay.dart:1429:9)
#93     RenderObject.layout (package:flutter/src/rendering/object.dart:2768:7)
#94     RenderProxyBoxMixin.performLayout (package:flutter/src/rendering/proxy_box.dart:118:18)
#95     RenderObject.layout (package:flutter/src/rendering/object.dart:2768:7)
#96     RenderProxyBoxMixin.performLayout (package:flutter/src/rendering/proxy_box.dart:118:18)
#97     RenderObject.layout (package:flutter/src/rendering/object.dart:2768:7)
#98     RenderProxyBoxMixin.performLayout (package:flutter/src/rendering/proxy_box.dart:118:18)
#99     RenderObject.layout (package:flutter/src/rendering/object.dart:2768:7)
#100    RenderProxyBoxMixin.performLayout (package:flutter/src/rendering/proxy_box.dart:118:18)
#101    RenderCustomPaint.performLayout (package:flutter/src/rendering/custom_paint.dart:574:11)
#102    RenderObject.layout (package:flutter/src/rendering/object.dart:2768:7)
#103    RenderProxyBoxMixin.performLayout (package:flutter/src/rendering/proxy_box.dart:118:18)
#104    RenderObject.layout (package:flutter/src/rendering/object.dart:2768:7)
#105    RenderProxyBoxMixin.performLayout (package:flutter/src/rendering/proxy_box.dart:118:18)
#106    RenderObject.layout (package:flutter/src/rendering/object.dart:2768:7)
#107    RenderProxyBoxMixin.performLayout (package:flutter/src/rendering/proxy_box.dart:118:18)
#108    RenderObject.layout (package:flutter/src/rendering/object.dart:2768:7)
#109    RenderProxyBoxMixin.performLayout (package:flutter/src/rendering/proxy_box.dart:118:18)
#110    RenderObject.layout (package:flutter/src/rendering/object.dart:2768:7)
#111    RenderProxyBoxMixin.performLayout (package:flutter/src/rendering/proxy_box.dart:118:18)
#112    RenderObject.layout (package:flutter/src/rendering/object.dart:2768:7)
#113    RenderProxyBoxMixin.performLayout (package:flutter/src/rendering/proxy_box.dart:118:18)
#114    RenderObject.layout (package:flutter/src/rendering/object.dart:2768:7)
#115    RenderView.performLayout (package:flutter/src/rendering/view.dart:292:12)
#116    RenderObject._layoutWithoutResize (package:flutter/src/rendering/object.dart:2616:7)
#117    PipelineOwner.flushLayout (package:flutter/src/rendering/object.dart:1174:18)
#118    PipelineOwner.flushLayout (package:flutter/src/rendering/object.dart:1187:15)
#119    AutomatedTestWidgetsFlutterBinding.drawFrame (package:flutter_test/src/binding.dart:2133:27)
#120    RendererBinding._handlePersistentFrameCallback (package:flutter/src/rendering/binding.dart:495:5)
#121    SchedulerBinding._invokeFrameCallback (package:flutter/src/scheduler/binding.dart:1430:15)
#122    SchedulerBinding.handleDrawFrame (package:flutter/src/scheduler/binding.dart:1345:9)
#123    AutomatedTestWidgetsFlutterBinding.pump.<anonymous closure> (package:flutter_test/src/binding.dart:1960:9)
#126    TestAsyncUtils.guard (package:flutter_test/src/test_async_utils.dart:74:41)
#127    AutomatedTestWidgetsFlutterBinding.pump (package:flutter_test/src/binding.dart:1949:27)
#128    WidgetTester.pumpWidget.<anonymous closure> (package:flutter_test/src/widget_tester.dart:598:22)
#131    TestAsyncUtils.guard (package:flutter_test/src/test_async_utils.dart:74:41)
#132    WidgetTester.pumpWidget (package:flutter_test/src/widget_tester.dart:595:27)
#133    main.<anonymous closure>.<anonymous closure> (file:///C:/Users/bhara/StudioProjects/simple_billing_app/test/widget/billing_screen_test.dart:83:20)
#134    testWidgets.<anonymous closure>.<anonymous closure> (package:flutter_test/src/widget_tester.dart:192:29)
<asynchronous suspension>
#135    TestWidgetsFlutterBinding._runTestBody (package:flutter_test/src/binding.dart:1682:5)
<asynchronous suspension>
<asynchronous suspension>
(elided 7 frames from class _AssertionError, dart:async, and package:stack_trace)

The following RenderObject was being processed when the exception was fired: RenderPointerListener#29a31 relayoutBoundary=up18 NEEDS-LAYOUT NEEDS-PAINT NEEDS-COMPOSITING-BITS-UPDATE:
  creator: Listener ΓåÉ _GestureSemantics ΓåÉ RawGestureDetector ΓåÉ GestureDetector ΓåÉ Column ΓåÉ Padding ΓåÉ
    DecoratedBox ΓåÉ Container ΓåÉ Column ΓåÉ Row ΓåÉ _SingleChildViewport ΓåÉ IgnorePointer-[GlobalKey#f5c67] ΓåÉ
    Γï»
  parentData: <none> (can use size)
  constraints: BoxConstraints(unconstrained)
  size: MISSING
  behavior: deferToChild
  listeners: down, panZoomStart
This RenderObject had the following descendants (showing up to depth 5):
    child: RenderAbsorbPointer#e9e75 relayoutBoundary=up19 NEEDS-PAINT NEEDS-COMPOSITING-BITS-UPDATE
      child: RenderMouseRegion#e077c relayoutBoundary=up20 NEEDS-PAINT NEEDS-COMPOSITING-BITS-UPDATE
        child: RenderTapRegion#a45b2 relayoutBoundary=up21 NEEDS-PAINT NEEDS-COMPOSITING-BITS-UPDATE
          child: RenderIgnorePointer#226bc relayoutBoundary=up22 NEEDS-PAINT NEEDS-COMPOSITING-BITS-UPDATE
            child: RenderSemanticsAnnotations#9846b relayoutBoundary=up23 NEEDS-PAINT NEEDS-COMPOSITING-BITS-UPDATE
ΓòÉΓòÉΓòÉΓòÉΓòÉΓòÉΓòÉΓòÉΓòÉΓòÉΓòÉΓòÉΓòÉΓòÉΓòÉΓòÉΓòÉΓòÉΓòÉΓòÉΓòÉΓòÉΓòÉΓòÉΓòÉΓòÉΓòÉΓòÉΓòÉΓòÉΓòÉΓòÉΓòÉΓòÉΓòÉΓòÉΓòÉΓòÉΓòÉΓòÉΓòÉΓòÉΓòÉΓòÉΓòÉΓòÉΓòÉΓòÉΓòÉΓòÉΓòÉΓòÉΓòÉΓòÉΓòÉΓòÉΓòÉΓòÉΓòÉΓòÉΓòÉΓòÉΓòÉΓòÉΓòÉΓòÉΓòÉΓòÉΓòÉΓòÉΓòÉΓòÉΓòÉΓòÉΓòÉΓòÉΓòÉΓòÉΓòÉΓòÉΓòÉΓòÉΓòÉΓòÉΓòÉΓòÉΓòÉΓòÉΓòÉΓòÉΓòÉΓòÉΓòÉΓòÉΓòÉΓòÉΓòÉΓòÉΓòÉΓòÉ
ΓòÉΓòÉΓòí EXCEPTION CAUGHT BY RENDERING LIBRARY Γò₧ΓòÉΓòÉΓòÉΓòÉΓòÉΓòÉΓòÉΓòÉΓòÉΓòÉΓòÉΓòÉΓòÉΓòÉΓòÉΓòÉΓòÉΓòÉΓòÉΓòÉΓòÉΓòÉΓòÉΓòÉΓòÉΓòÉΓòÉΓòÉΓòÉΓòÉΓòÉΓòÉΓòÉΓòÉΓòÉΓòÉΓòÉΓòÉΓòÉΓòÉΓòÉΓòÉΓòÉΓòÉΓòÉΓòÉΓòÉΓòÉΓòÉΓòÉΓòÉΓòÉΓòÉΓòÉΓòÉΓòÉΓòÉ
The following assertion was thrown during performLayout():
RenderBox was not laid out: RenderPointerListener#29a31 relayoutBoundary=up18 NEEDS-PAINT
NEEDS-COMPOSITING-BITS-UPDATE
'package:flutter/src/rendering/box.dart':
Failed assertion: line 2251 pos 12: 'hasSize'

Either the assertion indicates an error in the framework itself, or we should provide substantially
more information in this error message to help you determine and fix the underlying cause.
In either case, please report this assertion by filing a bug on GitHub:
  https://github.com/flutter/flutter/issues/new?template=02_bug.yml

The relevant error-causing widget was:
  GestureDetector
  GestureDetector:file:///C:/Users/bhara/StudioProjects/simple_billing_app/lib/views/screens/billing_screen.dart:307:11

When the exception was thrown, this was the stack:
#2      RenderBox.size (package:flutter/src/rendering/box.dart:2251:12)
#3      RenderProxyBoxMixin.performLayout (package:flutter/src/rendering/proxy_box.dart:118:62)
#4      RenderObject.layout (package:flutter/src/rendering/object.dart:2768:7)
#5      ChildLayoutHelper.layoutChild (package:flutter/src/rendering/layout_helper.dart:62:11)
#6      RenderFlex._computeSizes (package:flutter/src/rendering/flex.dart:1237:28)
#7      RenderFlex.performLayout (package:flutter/src/rendering/flex.dart:1329:32)
#8      RenderObject.layout (package:flutter/src/rendering/object.dart:2768:7)
#9      RenderPadding.performLayout (package:flutter/src/rendering/shifted_box.dart:262:12)
#10     RenderObject.layout (package:flutter/src/rendering/object.dart:2768:7)
#11     RenderProxyBoxMixin.performLayout (package:flutter/src/rendering/proxy_box.dart:118:18)
#12     RenderObject.layout (package:flutter/src/rendering/object.dart:2768:7)
#13     ChildLayoutHelper.layoutChild (package:flutter/src/rendering/layout_helper.dart:62:11)
#14     RenderFlex._computeSizes (package:flutter/src/rendering/flex.dart:1237:28)
#15     RenderFlex.performLayout (package:flutter/src/rendering/flex.dart:1329:32)
#16     RenderObject.layout (package:flutter/src/rendering/object.dart:2768:7)
#17     ChildLayoutHelper.layoutChild (package:flutter/src/rendering/layout_helper.dart:62:11)
#18     RenderFlex._computeSizes (package:flutter/src/rendering/flex.dart:1237:28)
#19     RenderFlex.performLayout (package:flutter/src/rendering/flex.dart:1329:32)
#20     RenderObject.layout (package:flutter/src/rendering/object.dart:2768:7)
#21     _RenderSingleChildViewport.performLayout (package:flutter/src/widgets/single_child_scroll_view.dart:502:14)
#22     RenderObject.layout (package:flutter/src/rendering/object.dart:2768:7)
#23     RenderProxyBoxMixin.performLayout (package:flutter/src/rendering/proxy_box.dart:118:18)
#24     RenderObject.layout (package:flutter/src/rendering/object.dart:2768:7)
#25     RenderProxyBoxMixin.performLayout (package:flutter/src/rendering/proxy_box.dart:118:18)
#26     RenderObject.layout (package:flutter/src/rendering/object.dart:2768:7)
#27     RenderProxyBoxMixin.performLayout (package:flutter/src/rendering/proxy_box.dart:118:18)
#28     RenderObject.layout (package:flutter/src/rendering/object.dart:2768:7)
#29     RenderProxyBoxMixin.performLayout (package:flutter/src/rendering/proxy_box.dart:118:18)
#30     RenderObject.layout (package:flutter/src/rendering/object.dart:2768:7)
#31     RenderProxyBoxMixin.performLayout (package:flutter/src/rendering/proxy_box.dart:118:18)
#32     RenderObject.layout (package:flutter/src/rendering/object.dart:2768:7)
#33     RenderProxyBoxMixin.performLayout (package:flutter/src/rendering/proxy_box.dart:118:18)
#34     RenderObject.layout (package:flutter/src/rendering/object.dart:2768:7)
#35     RenderProxyBoxMixin.performLayout (package:flutter/src/rendering/proxy_box.dart:118:18)
#36     RenderObject.layout (package:flutter/src/rendering/object.dart:2768:7)
#37     RenderProxyBoxMixin.performLayout (package:flutter/src/rendering/proxy_box.dart:118:18)
#38     _RenderCustomClip.performLayout (package:flutter/src/rendering/proxy_box.dart:1549:11)
#39     RenderObject.layout (package:flutter/src/rendering/object.dart:2768:7)
#40     RenderPadding.performLayout (package:flutter/src/rendering/shifted_box.dart:262:12)
#41     RenderObject.layout (package:flutter/src/rendering/object.dart:2768:7)
#42     _RenderLayoutBuilder.performLayout (package:flutter/src/widgets/layout_builder.dart:449:14)
#43     RenderObject.layout (package:flutter/src/rendering/object.dart:2768:7)
#44     MultiChildLayoutDelegate.layoutChild (package:flutter/src/rendering/custom_layout.dart:180:12)
#45     _ScaffoldLayout.performLayout (package:flutter/src/material/scaffold.dart:1113:7)
#46     MultiChildLayoutDelegate._callPerformLayout (package:flutter/src/rendering/custom_layout.dart:246:7)
#47     RenderCustomMultiChildLayoutBox.performLayout (package:flutter/src/rendering/custom_layout.dart:417:14)
#48     RenderObject.layout (package:flutter/src/rendering/object.dart:2768:7)
#49     RenderProxyBoxMixin.performLayout (package:flutter/src/rendering/proxy_box.dart:118:18)
#50     RenderObject.layout (package:flutter/src/rendering/object.dart:2768:7)
#51     RenderProxyBoxMixin.performLayout (package:flutter/src/rendering/proxy_box.dart:118:18)
#52     _RenderCustomClip.performLayout (package:flutter/src/rendering/proxy_box.dart:1549:11)
#53     RenderObject.layout (package:flutter/src/rendering/object.dart:2768:7)
#54     RenderProxyBoxMixin.performLayout (package:flutter/src/rendering/proxy_box.dart:118:18)
#55     RenderObject.layout (package:flutter/src/rendering/object.dart:2768:7)
#56     RenderProxyBoxMixin.performLayout (package:flutter/src/rendering/proxy_box.dart:118:18)
#57     RenderObject.layout (package:flutter/src/rendering/object.dart:2768:7)
#58     RenderProxyBoxMixin.performLayout (package:flutter/src/rendering/proxy_box.dart:118:18)
#59     RenderObject.layout (package:flutter/src/rendering/object.dart:2768:7)
#60     RenderProxyBoxMixin.performLayout (package:flutter/src/rendering/proxy_box.dart:118:18)
#61     RenderObject.layout (package:flutter/src/rendering/object.dart:2768:7)
#62     RenderProxyBoxMixin.performLayout (package:flutter/src/rendering/proxy_box.dart:118:18)
#63     RenderObject.layout (package:flutter/src/rendering/object.dart:2768:7)
#64     RenderProxyBoxMixin.performLayout (package:flutter/src/rendering/proxy_box.dart:118:18)
#65     RenderObject.layout (package:flutter/src/rendering/object.dart:2768:7)
#66     RenderProxyBoxMixin.performLayout (package:flutter/src/rendering/proxy_box.dart:118:18)
#67     RenderObject.layout (package:flutter/src/rendering/object.dart:2768:7)
#68     RenderProxyBoxMixin.performLayout (package:flutter/src/rendering/proxy_box.dart:118:18)
#69     RenderObject.layout (package:flutter/src/rendering/object.dart:2768:7)
#70     RenderProxyBoxMixin.performLayout (package:flutter/src/rendering/proxy_box.dart:118:18)
#71     RenderObject.layout (package:flutter/src/rendering/object.dart:2768:7)
#72     RenderProxyBoxMixin.performLayout (package:flutter/src/rendering/proxy_box.dart:118:18)
#73     RenderObject.layout (package:flutter/src/rendering/object.dart:2768:7)
#74     RenderProxyBoxMixin.performLayout (package:flutter/src/rendering/proxy_box.dart:118:18)
#75     RenderObject.layout (package:flutter/src/rendering/object.dart:2768:7)
#76     RenderProxyBoxMixin.performLayout (package:flutter/src/rendering/proxy_box.dart:118:18)
#77     RenderObject.layout (package:flutter/src/rendering/object.dart:2768:7)
#78     RenderProxyBoxMixin.performLayout (package:flutter/src/rendering/proxy_box.dart:118:18)
#79     RenderObject.layout (package:flutter/src/rendering/object.dart:2768:7)
#80     RenderProxyBoxMixin.performLayout (package:flutter/src/rendering/proxy_box.dart:118:18)
#81     RenderObject.layout (package:flutter/src/rendering/object.dart:2768:7)
#82     RenderProxyBoxMixin.performLayout (package:flutter/src/rendering/proxy_box.dart:118:18)
#83     RenderObject.layout (package:flutter/src/rendering/object.dart:2768:7)
#84     RenderProxyBoxMixin.performLayout (package:flutter/src/rendering/proxy_box.dart:118:18)
#85     RenderOffstage.performLayout (package:flutter/src/rendering/proxy_box.dart:3923:13)
#86     RenderObject.layout (package:flutter/src/rendering/object.dart:2768:7)
#87     RenderProxyBoxMixin.performLayout (package:flutter/src/rendering/proxy_box.dart:118:18)
#88     RenderObject.layout (package:flutter/src/rendering/object.dart:2768:7)
#89     _RenderTheaterMixin.layoutChild (package:flutter/src/widgets/overlay.dart:1084:13)
#90     _RenderTheater.performLayout (package:flutter/src/widgets/overlay.dart:1429:9)
#91     RenderObject.layout (package:flutter/src/rendering/object.dart:2768:7)
#92     RenderProxyBoxMixin.performLayout (package:flutter/src/rendering/proxy_box.dart:118:18)
#93     RenderObject.layout (package:flutter/src/rendering/object.dart:2768:7)
#94     RenderProxyBoxMixin.performLayout (package:flutter/src/rendering/proxy_box.dart:118:18)
#95     RenderObject.layout (package:flutter/src/rendering/object.dart:2768:7)
#96     RenderProxyBoxMixin.performLayout (package:flutter/src/rendering/proxy_box.dart:118:18)
#97     RenderObject.layout (package:flutter/src/rendering/object.dart:2768:7)
#98     RenderProxyBoxMixin.performLayout (package:flutter/src/rendering/proxy_box.dart:118:18)
#99     RenderCustomPaint.performLayout (package:flutter/src/rendering/custom_paint.dart:574:11)
#100    RenderObject.layout (package:flutter/src/rendering/object.dart:2768:7)
#101    RenderProxyBoxMixin.performLayout (package:flutter/src/rendering/proxy_box.dart:118:18)
#102    RenderObject.layout (package:flutter/src/rendering/object.dart:2768:7)
#103    RenderProxyBoxMixin.performLayout (package:flutter/src/rendering/proxy_box.dart:118:18)
#104    RenderObject.layout (package:flutter/src/rendering/object.dart:2768:7)
#105    RenderProxyBoxMixin.performLayout (package:flutter/src/rendering/proxy_box.dart:118:18)
#106    RenderObject.layout (package:flutter/src/rendering/object.dart:2768:7)
#107    RenderProxyBoxMixin.performLayout (package:flutter/src/rendering/proxy_box.dart:118:18)
#108    RenderObject.layout (package:flutter/src/rendering/object.dart:2768:7)
#109    RenderProxyBoxMixin.performLayout (package:flutter/src/rendering/proxy_box.dart:118:18)
#110    RenderObject.layout (package:flutter/src/rendering/object.dart:2768:7)
#111    RenderProxyBoxMixin.performLayout (package:flutter/src/rendering/proxy_box.dart:118:18)
#112    RenderObject.layout (package:flutter/src/rendering/object.dart:2768:7)
#113    RenderView.performLayout (package:flutter/src/rendering/view.dart:292:12)
#114    RenderObject._layoutWithoutResize (package:flutter/src/rendering/object.dart:2616:7)
#115    PipelineOwner.flushLayout (package:flutter/src/rendering/object.dart:1174:18)
#116    PipelineOwner.flushLayout (package:flutter/src/rendering/object.dart:1187:15)
#117    AutomatedTestWidgetsFlutterBinding.drawFrame (package:flutter_test/src/binding.dart:2133:27)
#118    RendererBinding._handlePersistentFrameCallback (package:flutter/src/rendering/binding.dart:495:5)
#119    SchedulerBinding._invokeFrameCallback (package:flutter/src/scheduler/binding.dart:1430:15)
#120    SchedulerBinding.handleDrawFrame (package:flutter/src/scheduler/binding.dart:1345:9)
#121    AutomatedTestWidgetsFlutterBinding.pump.<anonymous closure> (package:flutter_test/src/binding.dart:1960:9)
#124    TestAsyncUtils.guard (package:flutter_test/src/test_async_utils.dart:74:41)
#125    AutomatedTestWidgetsFlutterBinding.pump (package:flutter_test/src/binding.dart:1949:27)
#126    WidgetTester.pumpWidget.<anonymous closure> (package:flutter_test/src/widget_tester.dart:598:22)
#129    TestAsyncUtils.guard (package:flutter_test/src/test_async_utils.dart:74:41)
#130    WidgetTester.pumpWidget (package:flutter_test/src/widget_tester.dart:595:27)
#131    main.<anonymous closure>.<anonymous closure> (file:///C:/Users/bhara/StudioProjects/simple_billing_app/test/widget/billing_screen_test.dart:83:20)
#132    testWidgets.<anonymous closure>.<anonymous closure> (package:flutter_test/src/widget_tester.dart:192:29)
<asynchronous suspension>
#133    TestWidgetsFlutterBinding._runTestBody (package:flutter_test/src/binding.dart:1682:5)
<asynchronous suspension>
<asynchronous suspension>
(elided 7 frames from class _AssertionError, dart:async, and package:stack_trace)

The following RenderObject was being processed when the exception was fired: RenderSemanticsGestureHandler#7ab9c relayoutBoundary=up17 NEEDS-LAYOUT NEEDS-PAINT NEEDS-COMPOSITING-BITS-UPDATE:
  creator: _GestureSemantics ΓåÉ RawGestureDetector ΓåÉ GestureDetector ΓåÉ Column ΓåÉ Padding ΓåÉ DecoratedBox
    ΓåÉ Container ΓåÉ Column ΓåÉ Row ΓåÉ _SingleChildViewport ΓåÉ IgnorePointer-[GlobalKey#f5c67] ΓåÉ Semantics ΓåÉ
    Γï»
  parentData: offset=Offset(0.0, 0.0); flex=null; fit=null (can use size)
  constraints: BoxConstraints(unconstrained)
  size: MISSING
  behavior: deferToChild
  gestures: tap
This RenderObject had the following descendants (showing up to depth 5):
    child: RenderPointerListener#29a31 relayoutBoundary=up18 NEEDS-PAINT NEEDS-COMPOSITING-BITS-UPDATE
      child: RenderAbsorbPointer#e9e75 relayoutBoundary=up19 NEEDS-PAINT NEEDS-COMPOSITING-BITS-UPDATE
        child: RenderMouseRegion#e077c relayoutBoundary=up20 NEEDS-PAINT NEEDS-COMPOSITING-BITS-UPDATE
          child: RenderTapRegion#a45b2 relayoutBoundary=up21 NEEDS-PAINT NEEDS-COMPOSITING-BITS-UPDATE
            child: RenderIgnorePointer#226bc relayoutBoundary=up22 NEEDS-PAINT NEEDS-COMPOSITING-BITS-UPDATE
ΓòÉΓòÉΓòÉΓòÉΓòÉΓòÉΓòÉΓòÉΓòÉΓòÉΓòÉΓòÉΓòÉΓòÉΓòÉΓòÉΓòÉΓòÉΓòÉΓòÉΓòÉΓòÉΓòÉΓòÉΓòÉΓòÉΓòÉΓòÉΓòÉΓòÉΓòÉΓòÉΓòÉΓòÉΓòÉΓòÉΓòÉΓòÉΓòÉΓòÉΓòÉΓòÉΓòÉΓòÉΓòÉΓòÉΓòÉΓòÉΓòÉΓòÉΓòÉΓòÉΓòÉΓòÉΓòÉΓòÉΓòÉΓòÉΓòÉΓòÉΓòÉΓòÉΓòÉΓòÉΓòÉΓòÉΓòÉΓòÉΓòÉΓòÉΓòÉΓòÉΓòÉΓòÉΓòÉΓòÉΓòÉΓòÉΓòÉΓòÉΓòÉΓòÉΓòÉΓòÉΓòÉΓòÉΓòÉΓòÉΓòÉΓòÉΓòÉΓòÉΓòÉΓòÉΓòÉΓòÉΓòÉΓòÉΓòÉΓòÉ
ΓòÉΓòÉΓòí EXCEPTION CAUGHT BY RENDERING LIBRARY Γò₧ΓòÉΓòÉΓòÉΓòÉΓòÉΓòÉΓòÉΓòÉΓòÉΓòÉΓòÉΓòÉΓòÉΓòÉΓòÉΓòÉΓòÉΓòÉΓòÉΓòÉΓòÉΓòÉΓòÉΓòÉΓòÉΓòÉΓòÉΓòÉΓòÉΓòÉΓòÉΓòÉΓòÉΓòÉΓòÉΓòÉΓòÉΓòÉΓòÉΓòÉΓòÉΓòÉΓòÉΓòÉΓòÉΓòÉΓòÉΓòÉΓòÉΓòÉΓòÉΓòÉΓòÉΓòÉΓòÉΓòÉΓòÉ
The following assertion was thrown during performLayout():
RenderBox was not laid out: RenderSemanticsGestureHandler#7ab9c relayoutBoundary=up17 NEEDS-PAINT
NEEDS-COMPOSITING-BITS-UPDATE
'package:flutter/src/rendering/box.dart':
Failed assertion: line 2251 pos 12: 'hasSize'

Either the assertion indicates an error in the framework itself, or we should provide substantially
more information in this error message to help you determine and fix the underlying cause.
In either case, please report this assertion by filing a bug on GitHub:
  https://github.com/flutter/flutter/issues/new?template=02_bug.yml

The relevant error-causing widget was:
  Column
  Column:file:///C:/Users/bhara/StudioProjects/simple_billing_app/lib/views/screens/billing_screen.dart:295:14

When the exception was thrown, this was the stack:
#2      RenderBox.size (package:flutter/src/rendering/box.dart:2251:12)
#3      ChildLayoutHelper.layoutChild (package:flutter/src/rendering/layout_helper.dart:63:18)
#4      RenderFlex._computeSizes (package:flutter/src/rendering/flex.dart:1237:28)
#5      RenderFlex.performLayout (package:flutter/src/rendering/flex.dart:1329:32)
#6      RenderObject.layout (package:flutter/src/rendering/object.dart:2768:7)
#7      RenderPadding.performLayout (package:flutter/src/rendering/shifted_box.dart:262:12)
#8      RenderObject.layout (package:flutter/src/rendering/object.dart:2768:7)
#9      RenderProxyBoxMixin.performLayout (package:flutter/src/rendering/proxy_box.dart:118:18)
#10     RenderObject.layout (package:flutter/src/rendering/object.dart:2768:7)
#11     ChildLayoutHelper.layoutChild (package:flutter/src/rendering/layout_helper.dart:62:11)
#12     RenderFlex._computeSizes (package:flutter/src/rendering/flex.dart:1237:28)
#13     RenderFlex.performLayout (package:flutter/src/rendering/flex.dart:1329:32)
#14     RenderObject.layout (package:flutter/src/rendering/object.dart:2768:7)
#15     ChildLayoutHelper.layoutChild (package:flutter/src/rendering/layout_helper.dart:62:11)
#16     RenderFlex._computeSizes (package:flutter/src/rendering/flex.dart:1237:28)
#17     RenderFlex.performLayout (package:flutter/src/rendering/flex.dart:1329:32)
#18     RenderObject.layout (package:flutter/src/rendering/object.dart:2768:7)
#19     _RenderSingleChildViewport.performLayout (package:flutter/src/widgets/single_child_scroll_view.dart:502:14)
#20     RenderObject.layout (package:flutter/src/rendering/object.dart:2768:7)
#21     RenderProxyBoxMixin.performLayout (package:flutter/src/rendering/proxy_box.dart:118:18)
#22     RenderObject.layout (package:flutter/src/rendering/object.dart:2768:7)
#23     RenderProxyBoxMixin.performLayout (package:flutter/src/rendering/proxy_box.dart:118:18)
#24     RenderObject.layout (package:flutter/src/rendering/object.dart:2768:7)
#25     RenderProxyBoxMixin.performLayout (package:flutter/src/rendering/proxy_box.dart:118:18)
#26     RenderObject.layout (package:flutter/src/rendering/object.dart:2768:7)
#27     RenderProxyBoxMixin.performLayout (package:flutter/src/rendering/proxy_box.dart:118:18)
#28     RenderObject.layout (package:flutter/src/rendering/object.dart:2768:7)
#29     RenderProxyBoxMixin.performLayout (package:flutter/src/rendering/proxy_box.dart:118:18)
#30     RenderObject.layout (package:flutter/src/rendering/object.dart:2768:7)
#31     RenderProxyBoxMixin.performLayout (package:flutter/src/rendering/proxy_box.dart:118:18)
#32     RenderObject.layout (package:flutter/src/rendering/object.dart:2768:7)
#33     RenderProxyBoxMixin.performLayout (package:flutter/src/rendering/proxy_box.dart:118:18)
#34     RenderObject.layout (package:flutter/src/rendering/object.dart:2768:7)
#35     RenderProxyBoxMixin.performLayout (package:flutter/src/rendering/proxy_box.dart:118:18)
#36     _RenderCustomClip.performLayout (package:flutter/src/rendering/proxy_box.dart:1549:11)
#37     RenderObject.layout (package:flutter/src/rendering/object.dart:2768:7)
#38     RenderPadding.performLayout (package:flutter/src/rendering/shifted_box.dart:262:12)
#39     RenderObject.layout (package:flutter/src/rendering/object.dart:2768:7)
#40     _RenderLayoutBuilder.performLayout (package:flutter/src/widgets/layout_builder.dart:449:14)
#41     RenderObject.layout (package:flutter/src/rendering/object.dart:2768:7)
#42     MultiChildLayoutDelegate.layoutChild (package:flutter/src/rendering/custom_layout.dart:180:12)
#43     _ScaffoldLayout.performLayout (package:flutter/src/material/scaffold.dart:1113:7)
#44     MultiChildLayoutDelegate._callPerformLayout (package:flutter/src/rendering/custom_layout.dart:246:7)
#45     RenderCustomMultiChildLayoutBox.performLayout (package:flutter/src/rendering/custom_layout.dart:417:14)
#46     RenderObject.layout (package:flutter/src/rendering/object.dart:2768:7)
#47     RenderProxyBoxMixin.performLayout (package:flutter/src/rendering/proxy_box.dart:118:18)
#48     RenderObject.layout (package:flutter/src/rendering/object.dart:2768:7)
#49     RenderProxyBoxMixin.performLayout (package:flutter/src/rendering/proxy_box.dart:118:18)
#50     _RenderCustomClip.performLayout (package:flutter/src/rendering/proxy_box.dart:1549:11)
#51     RenderObject.layout (package:flutter/src/rendering/object.dart:2768:7)
#52     RenderProxyBoxMixin.performLayout (package:flutter/src/rendering/proxy_box.dart:118:18)
#53     RenderObject.layout (package:flutter/src/rendering/object.dart:2768:7)
#54     RenderProxyBoxMixin.performLayout (package:flutter/src/rendering/proxy_box.dart:118:18)
#55     RenderObject.layout (package:flutter/src/rendering/object.dart:2768:7)
#56     RenderProxyBoxMixin.performLayout (package:flutter/src/rendering/proxy_box.dart:118:18)
#57     RenderObject.layout (package:flutter/src/rendering/object.dart:2768:7)
#58     RenderProxyBoxMixin.performLayout (package:flutter/src/rendering/proxy_box.dart:118:18)
#59     RenderObject.layout (package:flutter/src/rendering/object.dart:2768:7)
#60     RenderProxyBoxMixin.performLayout (package:flutter/src/rendering/proxy_box.dart:118:18)
#61     RenderObject.layout (package:flutter/src/rendering/object.dart:2768:7)
#62     RenderProxyBoxMixin.performLayout (package:flutter/src/rendering/proxy_box.dart:118:18)
#63     RenderObject.layout (package:flutter/src/rendering/object.dart:2768:7)
#64     RenderProxyBoxMixin.performLayout (package:flutter/src/rendering/proxy_box.dart:118:18)
#65     RenderObject.layout (package:flutter/src/rendering/object.dart:2768:7)
#66     RenderProxyBoxMixin.performLayout (package:flutter/src/rendering/proxy_box.dart:118:18)
#67     RenderObject.layout (package:flutter/src/rendering/object.dart:2768:7)
#68     RenderProxyBoxMixin.performLayout (package:flutter/src/rendering/proxy_box.dart:118:18)
#69     RenderObject.layout (package:flutter/src/rendering/object.dart:2768:7)
#70     RenderProxyBoxMixin.performLayout (package:flutter/src/rendering/proxy_box.dart:118:18)
#71     RenderObject.layout (package:flutter/src/rendering/object.dart:2768:7)
#72     RenderProxyBoxMixin.performLayout (package:flutter/src/rendering/proxy_box.dart:118:18)
#73     RenderObject.layout (package:flutter/src/rendering/object.dart:2768:7)
#74     RenderProxyBoxMixin.performLayout (package:flutter/src/rendering/proxy_box.dart:118:18)
#75     RenderObject.layout (package:flutter/src/rendering/object.dart:2768:7)
#76     RenderProxyBoxMixin.performLayout (package:flutter/src/rendering/proxy_box.dart:118:18)
#77     RenderObject.layout (package:flutter/src/rendering/object.dart:2768:7)
#78     RenderProxyBoxMixin.performLayout (package:flutter/src/rendering/proxy_box.dart:118:18)
#79     RenderObject.layout (package:flutter/src/rendering/object.dart:2768:7)
#80     RenderProxyBoxMixin.performLayout (package:flutter/src/rendering/proxy_box.dart:118:18)
#81     RenderObject.layout (package:flutter/src/rendering/object.dart:2768:7)
#82     RenderProxyBoxMixin.performLayout (package:flutter/src/rendering/proxy_box.dart:118:18)
#83     RenderOffstage.performLayout (package:flutter/src/rendering/proxy_box.dart:3923:13)
#84     RenderObject.layout (package:flutter/src/rendering/object.dart:2768:7)
#85     RenderProxyBoxMixin.performLayout (package:flutter/src/rendering/proxy_box.dart:118:18)
#86     RenderObject.layout (package:flutter/src/rendering/object.dart:2768:7)
#87     _RenderTheaterMixin.layoutChild (package:flutter/src/widgets/overlay.dart:1084:13)
#88     _RenderTheater.performLayout (package:flutter/src/widgets/overlay.dart:1429:9)
#89     RenderObject.layout (package:flutter/src/rendering/object.dart:2768:7)
#90     RenderProxyBoxMixin.performLayout (package:flutter/src/rendering/proxy_box.dart:118:18)
#91     RenderObject.layout (package:flutter/src/rendering/object.dart:2768:7)
#92     RenderProxyBoxMixin.performLayout (package:flutter/src/rendering/proxy_box.dart:118:18)
#93     RenderObject.layout (package:flutter/src/rendering/object.dart:2768:7)
#94     RenderProxyBoxMixin.performLayout (package:flutter/src/rendering/proxy_box.dart:118:18)
#95     RenderObject.layout (package:flutter/src/rendering/object.dart:2768:7)
#96     RenderProxyBoxMixin.performLayout (package:flutter/src/rendering/proxy_box.dart:118:18)
#97     RenderCustomPaint.performLayout (package:flutter/src/rendering/custom_paint.dart:574:11)
#98     RenderObject.layout (package:flutter/src/rendering/object.dart:2768:7)
#99     RenderProxyBoxMixin.performLayout (package:flutter/src/rendering/proxy_box.dart:118:18)
#100    RenderObject.layout (package:flutter/src/rendering/object.dart:2768:7)
#101    RenderProxyBoxMixin.performLayout (package:flutter/src/rendering/proxy_box.dart:118:18)
#102    RenderObject.layout (package:flutter/src/rendering/object.dart:2768:7)
#103    RenderProxyBoxMixin.performLayout (package:flutter/src/rendering/proxy_box.dart:118:18)
#104    RenderObject.layout (package:flutter/src/rendering/object.dart:2768:7)
#105    RenderProxyBoxMixin.performLayout (package:flutter/src/rendering/proxy_box.dart:118:18)
#106    RenderObject.layout (package:flutter/src/rendering/object.dart:2768:7)
#107    RenderProxyBoxMixin.performLayout (package:flutter/src/rendering/proxy_box.dart:118:18)
#108    RenderObject.layout (package:flutter/src/rendering/object.dart:2768:7)
#109    RenderProxyBoxMixin.performLayout (package:flutter/src/rendering/proxy_box.dart:118:18)
#110    RenderObject.layout (package:flutter/src/rendering/object.dart:2768:7)
#111    RenderView.performLayout (package:flutter/src/rendering/view.dart:292:12)
#112    RenderObject._layoutWithoutResize (package:flutter/src/rendering/object.dart:2616:7)
#113    PipelineOwner.flushLayout (package:flutter/src/rendering/object.dart:1174:18)
#114    PipelineOwner.flushLayout (package:flutter/src/rendering/object.dart:1187:15)
#115    AutomatedTestWidgetsFlutterBinding.drawFrame (package:flutter_test/src/binding.dart:2133:27)
#116    RendererBinding._handlePersistentFrameCallback (package:flutter/src/rendering/binding.dart:495:5)
#117    SchedulerBinding._invokeFrameCallback (package:flutter/src/scheduler/binding.dart:1430:15)
#118    SchedulerBinding.handleDrawFrame (package:flutter/src/scheduler/binding.dart:1345:9)
#119    AutomatedTestWidgetsFlutterBinding.pump.<anonymous closure> (package:flutter_test/src/binding.dart:1960:9)
#122    TestAsyncUtils.guard (package:flutter_test/src/test_async_utils.dart:74:41)
#123    AutomatedTestWidgetsFlutterBinding.pump (package:flutter_test/src/binding.dart:1949:27)
#124    WidgetTester.pumpWidget.<anonymous closure> (package:flutter_test/src/widget_tester.dart:598:22)
#127    TestAsyncUtils.guard (package:flutter_test/src/test_async_utils.dart:74:41)
#128    WidgetTester.pumpWidget (package:flutter_test/src/widget_tester.dart:595:27)
#129    main.<anonymous closure>.<anonymous closure> (file:///C:/Users/bhara/StudioProjects/simple_billing_app/test/widget/billing_screen_test.dart:83:20)
#130    testWidgets.<anonymous closure>.<anonymous closure> (package:flutter_test/src/widget_tester.dart:192:29)
<asynchronous suspension>
#131    TestWidgetsFlutterBinding._runTestBody (package:flutter_test/src/binding.dart:1682:5)
<asynchronous suspension>
<asynchronous suspension>
(elided 7 frames from class _AssertionError, dart:async, and package:stack_trace)

The following RenderObject was being processed when the exception was fired: RenderFlex#15aba relayoutBoundary=up16 NEEDS-LAYOUT NEEDS-PAINT NEEDS-COMPOSITING-BITS-UPDATE:
  creator: Column ΓåÉ Padding ΓåÉ DecoratedBox ΓåÉ Container ΓåÉ Column ΓåÉ Row ΓåÉ _SingleChildViewport ΓåÉ
    IgnorePointer-[GlobalKey#f5c67] ΓåÉ Semantics ΓåÉ Listener ΓåÉ _GestureSemantics ΓåÉ
    RawGestureDetector-[LabeledGlobalKey<RawGestureDetectorState>#ec0e3] ΓåÉ Γï»
  parentData: offset=Offset(0.0, 0.0) (can use size)
  constraints: BoxConstraints(unconstrained)
  size: MISSING
  direction: vertical
  mainAxisAlignment: start
  mainAxisSize: max
  crossAxisAlignment: start
  textDirection: ltr
  verticalDirection: down
  spacing: 0.0
This RenderObject had the following descendants (showing up to depth 5):
    child 1: RenderParagraph#e1b6e relayoutBoundary=up17 NEEDS-PAINT
      text: TextSpan
    child 2: RenderConstrainedBox#36e48 relayoutBoundary=up17 NEEDS-PAINT
    child 3: RenderSemanticsGestureHandler#7ab9c relayoutBoundary=up17 NEEDS-PAINT NEEDS-COMPOSITING-BITS-UPDATE
      child: RenderPointerListener#29a31 relayoutBoundary=up18 NEEDS-PAINT NEEDS-COMPOSITING-BITS-UPDATE
        child: RenderAbsorbPointer#e9e75 relayoutBoundary=up19 NEEDS-PAINT NEEDS-COMPOSITING-BITS-UPDATE
          child: RenderMouseRegion#e077c relayoutBoundary=up20 NEEDS-PAINT NEEDS-COMPOSITING-BITS-UPDATE
            child: RenderTapRegion#a45b2 relayoutBoundary=up21 NEEDS-PAINT NEEDS-COMPOSITING-BITS-UPDATE
ΓòÉΓòÉΓòÉΓòÉΓòÉΓòÉΓòÉΓòÉΓòÉΓòÉΓòÉΓòÉΓòÉΓòÉΓòÉΓòÉΓòÉΓòÉΓòÉΓòÉΓòÉΓòÉΓòÉΓòÉΓòÉΓòÉΓòÉΓòÉΓòÉΓòÉΓòÉΓòÉΓòÉΓòÉΓòÉΓòÉΓòÉΓòÉΓòÉΓòÉΓòÉΓòÉΓòÉΓòÉΓòÉΓòÉΓòÉΓòÉΓòÉΓòÉΓòÉΓòÉΓòÉΓòÉΓòÉΓòÉΓòÉΓòÉΓòÉΓòÉΓòÉΓòÉΓòÉΓòÉΓòÉΓòÉΓòÉΓòÉΓòÉΓòÉΓòÉΓòÉΓòÉΓòÉΓòÉΓòÉΓòÉΓòÉΓòÉΓòÉΓòÉΓòÉΓòÉΓòÉΓòÉΓòÉΓòÉΓòÉΓòÉΓòÉΓòÉΓòÉΓòÉΓòÉΓòÉΓòÉΓòÉΓòÉΓòÉΓòÉ
ΓòÉΓòÉΓòí EXCEPTION CAUGHT BY RENDERING LIBRARY Γò₧ΓòÉΓòÉΓòÉΓòÉΓòÉΓòÉΓòÉΓòÉΓòÉΓòÉΓòÉΓòÉΓòÉΓòÉΓòÉΓòÉΓòÉΓòÉΓòÉΓòÉΓòÉΓòÉΓòÉΓòÉΓòÉΓòÉΓòÉΓòÉΓòÉΓòÉΓòÉΓòÉΓòÉΓòÉΓòÉΓòÉΓòÉΓòÉΓòÉΓòÉΓòÉΓòÉΓòÉΓòÉΓòÉΓòÉΓòÉΓòÉΓòÉΓòÉΓòÉΓòÉΓòÉΓòÉΓòÉΓòÉΓòÉ
The following assertion was thrown during performLayout():
RenderBox was not laid out: RenderFlex#15aba relayoutBoundary=up16 NEEDS-PAINT
NEEDS-COMPOSITING-BITS-UPDATE
'package:flutter/src/rendering/box.dart':
Failed assertion: line 2251 pos 12: 'hasSize'

Either the assertion indicates an error in the framework itself, or we should provide substantially
more information in this error message to help you determine and fix the underlying cause.
In either case, please report this assertion by filing a bug on GitHub:
  https://github.com/flutter/flutter/issues/new?template=02_bug.yml

The relevant error-causing widget was:
  Container
  Container:file:///C:/Users/bhara/StudioProjects/simple_billing_app/lib/views/screens/billing_screen.dart:288:12

When the exception was thrown, this was the stack:
#2      RenderBox.size (package:flutter/src/rendering/box.dart:2251:12)
#3      RenderPadding.performLayout (package:flutter/src/rendering/shifted_box.dart:266:40)
#4      RenderObject.layout (package:flutter/src/rendering/object.dart:2768:7)
#5      RenderProxyBoxMixin.performLayout (package:flutter/src/rendering/proxy_box.dart:118:18)
#6      RenderObject.layout (package:flutter/src/rendering/object.dart:2768:7)
#7      ChildLayoutHelper.layoutChild (package:flutter/src/rendering/layout_helper.dart:62:11)
#8      RenderFlex._computeSizes (package:flutter/src/rendering/flex.dart:1237:28)
#9      RenderFlex.performLayout (package:flutter/src/rendering/flex.dart:1329:32)
#10     RenderObject.layout (package:flutter/src/rendering/object.dart:2768:7)
#11     ChildLayoutHelper.layoutChild (package:flutter/src/rendering/layout_helper.dart:62:11)
#12     RenderFlex._computeSizes (package:flutter/src/rendering/flex.dart:1237:28)
#13     RenderFlex.performLayout (package:flutter/src/rendering/flex.dart:1329:32)
#14     RenderObject.layout (package:flutter/src/rendering/object.dart:2768:7)
#15     _RenderSingleChildViewport.performLayout (package:flutter/src/widgets/single_child_scroll_view.dart:502:14)
#16     RenderObject.layout (package:flutter/src/rendering/object.dart:2768:7)
#17     RenderProxyBoxMixin.performLayout (package:flutter/src/rendering/proxy_box.dart:118:18)
#18     RenderObject.layout (package:flutter/src/rendering/object.dart:2768:7)
#19     RenderProxyBoxMixin.performLayout (package:flutter/src/rendering/proxy_box.dart:118:18)
#20     RenderObject.layout (package:flutter/src/rendering/object.dart:2768:7)
#21     RenderProxyBoxMixin.performLayout (package:flutter/src/rendering/proxy_box.dart:118:18)
#22     RenderObject.layout (package:flutter/src/rendering/object.dart:2768:7)
#23     RenderProxyBoxMixin.performLayout (package:flutter/src/rendering/proxy_box.dart:118:18)
#24     RenderObject.layout (package:flutter/src/rendering/object.dart:2768:7)
#25     RenderProxyBoxMixin.performLayout (package:flutter/src/rendering/proxy_box.dart:118:18)
#26     RenderObject.layout (package:flutter/src/rendering/object.dart:2768:7)
#27     RenderProxyBoxMixin.performLayout (package:flutter/src/rendering/proxy_box.dart:118:18)
#28     RenderObject.layout (package:flutter/src/rendering/object.dart:2768:7)
#29     RenderProxyBoxMixin.performLayout (package:flutter/src/rendering/proxy_box.dart:118:18)
#30     RenderObject.layout (package:flutter/src/rendering/object.dart:2768:7)
#31     RenderProxyBoxMixin.performLayout (package:flutter/src/rendering/proxy_box.dart:118:18)
#32     _RenderCustomClip.performLayout (package:flutter/src/rendering/proxy_box.dart:1549:11)
#33     RenderObject.layout (package:flutter/src/rendering/object.dart:2768:7)
#34     RenderPadding.performLayout (package:flutter/src/rendering/shifted_box.dart:262:12)
#35     RenderObject.layout (package:flutter/src/rendering/object.dart:2768:7)
#36     _RenderLayoutBuilder.performLayout (package:flutter/src/widgets/layout_builder.dart:449:14)
#37     RenderObject.layout (package:flutter/src/rendering/object.dart:2768:7)
#38     MultiChildLayoutDelegate.layoutChild (package:flutter/src/rendering/custom_layout.dart:180:12)
#39     _ScaffoldLayout.performLayout (package:flutter/src/material/scaffold.dart:1113:7)
#40     MultiChildLayoutDelegate._callPerformLayout (package:flutter/src/rendering/custom_layout.dart:246:7)
#41     RenderCustomMultiChildLayoutBox.performLayout (package:flutter/src/rendering/custom_layout.dart:417:14)
#42     RenderObject.layout (package:flutter/src/rendering/object.dart:2768:7)
#43     RenderProxyBoxMixin.performLayout (package:flutter/src/rendering/proxy_box.dart:118:18)
#44     RenderObject.layout (package:flutter/src/rendering/object.dart:2768:7)
#45     RenderProxyBoxMixin.performLayout (package:flutter/src/rendering/proxy_box.dart:118:18)
#46     _RenderCustomClip.performLayout (package:flutter/src/rendering/proxy_box.dart:1549:11)
#47     RenderObject.layout (package:flutter/src/rendering/object.dart:2768:7)
#48     RenderProxyBoxMixin.performLayout (package:flutter/src/rendering/proxy_box.dart:118:18)
#49     RenderObject.layout (package:flutter/src/rendering/object.dart:2768:7)
#50     RenderProxyBoxMixin.performLayout (package:flutter/src/rendering/proxy_box.dart:118:18)
#51     RenderObject.layout (package:flutter/src/rendering/object.dart:2768:7)
#52     RenderProxyBoxMixin.performLayout (package:flutter/src/rendering/proxy_box.dart:118:18)
#53     RenderObject.layout (package:flutter/src/rendering/object.dart:2768:7)
#54     RenderProxyBoxMixin.performLayout (package:flutter/src/rendering/proxy_box.dart:118:18)
#55     RenderObject.layout (package:flutter/src/rendering/object.dart:2768:7)
#56     RenderProxyBoxMixin.performLayout (package:flutter/src/rendering/proxy_box.dart:118:18)
#57     RenderObject.layout (package:flutter/src/rendering/object.dart:2768:7)
#58     RenderProxyBoxMixin.performLayout (package:flutter/src/rendering/proxy_box.dart:118:18)
#59     RenderObject.layout (package:flutter/src/rendering/object.dart:2768:7)
#60     RenderProxyBoxMixin.performLayout (package:flutter/src/rendering/proxy_box.dart:118:18)
#61     RenderObject.layout (package:flutter/src/rendering/object.dart:2768:7)
#62     RenderProxyBoxMixin.performLayout (package:flutter/src/rendering/proxy_box.dart:118:18)
#63     RenderObject.layout (package:flutter/src/rendering/object.dart:2768:7)
#64     RenderProxyBoxMixin.performLayout (package:flutter/src/rendering/proxy_box.dart:118:18)
#65     RenderObject.layout (package:flutter/src/rendering/object.dart:2768:7)
#66     RenderProxyBoxMixin.performLayout (package:flutter/src/rendering/proxy_box.dart:118:18)
#67     RenderObject.layout (package:flutter/src/rendering/object.dart:2768:7)
#68     RenderProxyBoxMixin.performLayout (package:flutter/src/rendering/proxy_box.dart:118:18)
#69     RenderObject.layout (package:flutter/src/rendering/object.dart:2768:7)
#70     RenderProxyBoxMixin.performLayout (package:flutter/src/rendering/proxy_box.dart:118:18)
#71     RenderObject.layout (package:flutter/src/rendering/object.dart:2768:7)
#72     RenderProxyBoxMixin.performLayout (package:flutter/src/rendering/proxy_box.dart:118:18)
#73     RenderObject.layout (package:flutter/src/rendering/object.dart:2768:7)
#74     RenderProxyBoxMixin.performLayout (package:flutter/src/rendering/proxy_box.dart:118:18)
#75     RenderObject.layout (package:flutter/src/rendering/object.dart:2768:7)
#76     RenderProxyBoxMixin.performLayout (package:flutter/src/rendering/proxy_box.dart:118:18)
#77     RenderObject.layout (package:flutter/src/rendering/object.dart:2768:7)
#78     RenderProxyBoxMixin.performLayout (package:flutter/src/rendering/proxy_box.dart:118:18)
#79     RenderOffstage.performLayout (package:flutter/src/rendering/proxy_box.dart:3923:13)
#80     RenderObject.layout (package:flutter/src/rendering/object.dart:2768:7)
#81     RenderProxyBoxMixin.performLayout (package:flutter/src/rendering/proxy_box.dart:118:18)
#82     RenderObject.layout (package:flutter/src/rendering/object.dart:2768:7)
#83     _RenderTheaterMixin.layoutChild (package:flutter/src/widgets/overlay.dart:1084:13)
#84     _RenderTheater.performLayout (package:flutter/src/widgets/overlay.dart:1429:9)
#85     RenderObject.layout (package:flutter/src/rendering/object.dart:2768:7)
#86     RenderProxyBoxMixin.performLayout (package:flutter/src/rendering/proxy_box.dart:118:18)
#87     RenderObject.layout (package:flutter/src/rendering/object.dart:2768:7)
#88     RenderProxyBoxMixin.performLayout (package:flutter/src/rendering/proxy_box.dart:118:18)
#89     RenderObject.layout (package:flutter/src/rendering/object.dart:2768:7)
#90     RenderProxyBoxMixin.performLayout (package:flutter/src/rendering/proxy_box.dart:118:18)
#91     RenderObject.layout (package:flutter/src/rendering/object.dart:2768:7)
#92     RenderProxyBoxMixin.performLayout (package:flutter/src/rendering/proxy_box.dart:118:18)
#93     RenderCustomPaint.performLayout (package:flutter/src/rendering/custom_paint.dart:574:11)
#94     RenderObject.layout (package:flutter/src/rendering/object.dart:2768:7)
#95     RenderProxyBoxMixin.performLayout (package:flutter/src/rendering/proxy_box.dart:118:18)
#96     RenderObject.layout (package:flutter/src/rendering/object.dart:2768:7)
#97     RenderProxyBoxMixin.performLayout (package:flutter/src/rendering/proxy_box.dart:118:18)
#98     RenderObject.layout (package:flutter/src/rendering/object.dart:2768:7)
#99     RenderProxyBoxMixin.performLayout (package:flutter/src/rendering/proxy_box.dart:118:18)
#100    RenderObject.layout (package:flutter/src/rendering/object.dart:2768:7)
#101    RenderProxyBoxMixin.performLayout (package:flutter/src/rendering/proxy_box.dart:118:18)
#102    RenderObject.layout (package:flutter/src/rendering/object.dart:2768:7)
#103    RenderProxyBoxMixin.performLayout (package:flutter/src/rendering/proxy_box.dart:118:18)
#104    RenderObject.layout (package:flutter/src/rendering/object.dart:2768:7)
#105    RenderProxyBoxMixin.performLayout (package:flutter/src/rendering/proxy_box.dart:118:18)
#106    RenderObject.layout (package:flutter/src/rendering/object.dart:2768:7)
#107    RenderView.performLayout (package:flutter/src/rendering/view.dart:292:12)
#108    RenderObject._layoutWithoutResize (package:flutter/src/rendering/object.dart:2616:7)
#109    PipelineOwner.flushLayout (package:flutter/src/rendering/object.dart:1174:18)
#110    PipelineOwner.flushLayout (package:flutter/src/rendering/object.dart:1187:15)
#111    AutomatedTestWidgetsFlutterBinding.drawFrame (package:flutter_test/src/binding.dart:2133:27)
#112    RendererBinding._handlePersistentFrameCallback (package:flutter/src/rendering/binding.dart:495:5)
#113    SchedulerBinding._invokeFrameCallback (package:flutter/src/scheduler/binding.dart:1430:15)
#114    SchedulerBinding.handleDrawFrame (package:flutter/src/scheduler/binding.dart:1345:9)
#115    AutomatedTestWidgetsFlutterBinding.pump.<anonymous closure> (package:flutter_test/src/binding.dart:1960:9)
#118    TestAsyncUtils.guard (package:flutter_test/src/test_async_utils.dart:74:41)
#119    AutomatedTestWidgetsFlutterBinding.pump (package:flutter_test/src/binding.dart:1949:27)
#120    WidgetTester.pumpWidget.<anonymous closure> (package:flutter_test/src/widget_tester.dart:598:22)
#123    TestAsyncUtils.guard (package:flutter_test/src/test_async_utils.dart:74:41)
#124    WidgetTester.pumpWidget (package:flutter_test/src/widget_tester.dart:595:27)
#125    main.<anonymous closure>.<anonymous closure> (file:///C:/Users/bhara/StudioProjects/simple_billing_app/test/widget/billing_screen_test.dart:83:20)
#126    testWidgets.<anonymous closure>.<anonymous closure> (package:flutter_test/src/widget_tester.dart:192:29)
<asynchronous suspension>
#127    TestWidgetsFlutterBinding._runTestBody (package:flutter_test/src/binding.dart:1682:5)
<asynchronous suspension>
<asynchronous suspension>
(elided 7 frames from class _AssertionError, dart:async, and package:stack_trace)

The following RenderObject was being processed when the exception was fired: RenderPadding#f55e3 relayoutBoundary=up15 NEEDS-LAYOUT NEEDS-PAINT NEEDS-COMPOSITING-BITS-UPDATE:
  creator: Padding ΓåÉ DecoratedBox ΓåÉ Container ΓåÉ Column ΓåÉ Row ΓåÉ _SingleChildViewport ΓåÉ
    IgnorePointer-[GlobalKey#f5c67] ΓåÉ Semantics ΓåÉ Listener ΓåÉ _GestureSemantics ΓåÉ
    RawGestureDetector-[LabeledGlobalKey<RawGestureDetectorState>#ec0e3] ΓåÉ Listener ΓåÉ Γï»
  parentData: <none> (can use size)
  constraints: BoxConstraints(unconstrained)
  size: MISSING
  padding: EdgeInsets.all(25.0)
  textDirection: ltr
This RenderObject had the following descendants (showing up to depth 5):
    child: RenderFlex#15aba relayoutBoundary=up16 NEEDS-PAINT NEEDS-COMPOSITING-BITS-UPDATE
      child 1: RenderParagraph#e1b6e relayoutBoundary=up17 NEEDS-PAINT
        text: TextSpan
      child 2: RenderConstrainedBox#36e48 relayoutBoundary=up17 NEEDS-PAINT
      child 3: RenderSemanticsGestureHandler#7ab9c relayoutBoundary=up17 NEEDS-PAINT NEEDS-COMPOSITING-BITS-UPDATE
        child: RenderPointerListener#29a31 relayoutBoundary=up18 NEEDS-PAINT NEEDS-COMPOSITING-BITS-UPDATE
          child: RenderAbsorbPointer#e9e75 relayoutBoundary=up19 NEEDS-PAINT NEEDS-COMPOSITING-BITS-UPDATE
            child: RenderMouseRegion#e077c relayoutBoundary=up20 NEEDS-PAINT NEEDS-COMPOSITING-BITS-UPDATE
ΓòÉΓòÉΓòÉΓòÉΓòÉΓòÉΓòÉΓòÉΓòÉΓòÉΓòÉΓòÉΓòÉΓòÉΓòÉΓòÉΓòÉΓòÉΓòÉΓòÉΓòÉΓòÉΓòÉΓòÉΓòÉΓòÉΓòÉΓòÉΓòÉΓòÉΓòÉΓòÉΓòÉΓòÉΓòÉΓòÉΓòÉΓòÉΓòÉΓòÉΓòÉΓòÉΓòÉΓòÉΓòÉΓòÉΓòÉΓòÉΓòÉΓòÉΓòÉΓòÉΓòÉΓòÉΓòÉΓòÉΓòÉΓòÉΓòÉΓòÉΓòÉΓòÉΓòÉΓòÉΓòÉΓòÉΓòÉΓòÉΓòÉΓòÉΓòÉΓòÉΓòÉΓòÉΓòÉΓòÉΓòÉΓòÉΓòÉΓòÉΓòÉΓòÉΓòÉΓòÉΓòÉΓòÉΓòÉΓòÉΓòÉΓòÉΓòÉΓòÉΓòÉΓòÉΓòÉΓòÉΓòÉΓòÉΓòÉΓòÉ
ΓòÉΓòÉΓòí EXCEPTION CAUGHT BY RENDERING LIBRARY Γò₧ΓòÉΓòÉΓòÉΓòÉΓòÉΓòÉΓòÉΓòÉΓòÉΓòÉΓòÉΓòÉΓòÉΓòÉΓòÉΓòÉΓòÉΓòÉΓòÉΓòÉΓòÉΓòÉΓòÉΓòÉΓòÉΓòÉΓòÉΓòÉΓòÉΓòÉΓòÉΓòÉΓòÉΓòÉΓòÉΓòÉΓòÉΓòÉΓòÉΓòÉΓòÉΓòÉΓòÉΓòÉΓòÉΓòÉΓòÉΓòÉΓòÉΓòÉΓòÉΓòÉΓòÉΓòÉΓòÉΓòÉΓòÉ
The following assertion was thrown during performLayout():
RenderBox was not laid out: RenderPadding#f55e3 relayoutBoundary=up15 NEEDS-PAINT
NEEDS-COMPOSITING-BITS-UPDATE
'package:flutter/src/rendering/box.dart':
Failed assertion: line 2251 pos 12: 'hasSize'

Either the assertion indicates an error in the framework itself, or we should provide substantially
more information in this error message to help you determine and fix the underlying cause.
In either case, please report this assertion by filing a bug on GitHub:
  https://github.com/flutter/flutter/issues/new?template=02_bug.yml

The relevant error-causing widget was:
  Container
  Container:file:///C:/Users/bhara/StudioProjects/simple_billing_app/lib/views/screens/billing_screen.dart:288:12

When the exception was thrown, this was the stack:
#2      RenderBox.size (package:flutter/src/rendering/box.dart:2251:12)
#3      RenderProxyBoxMixin.performLayout (package:flutter/src/rendering/proxy_box.dart:118:62)
#4      RenderObject.layout (package:flutter/src/rendering/object.dart:2768:7)
#5      ChildLayoutHelper.layoutChild (package:flutter/src/rendering/layout_helper.dart:62:11)
#6      RenderFlex._computeSizes (package:flutter/src/rendering/flex.dart:1237:28)
#7      RenderFlex.performLayout (package:flutter/src/rendering/flex.dart:1329:32)
#8      RenderObject.layout (package:flutter/src/rendering/object.dart:2768:7)
#9      ChildLayoutHelper.layoutChild (package:flutter/src/rendering/layout_helper.dart:62:11)
#10     RenderFlex._computeSizes (package:flutter/src/rendering/flex.dart:1237:28)
#11     RenderFlex.performLayout (package:flutter/src/rendering/flex.dart:1329:32)
#12     RenderObject.layout (package:flutter/src/rendering/object.dart:2768:7)
#13     _RenderSingleChildViewport.performLayout (package:flutter/src/widgets/single_child_scroll_view.dart:502:14)
#14     RenderObject.layout (package:flutter/src/rendering/object.dart:2768:7)
#15     RenderProxyBoxMixin.performLayout (package:flutter/src/rendering/proxy_box.dart:118:18)
#16     RenderObject.layout (package:flutter/src/rendering/object.dart:2768:7)
#17     RenderProxyBoxMixin.performLayout (package:flutter/src/rendering/proxy_box.dart:118:18)
#18     RenderObject.layout (package:flutter/src/rendering/object.dart:2768:7)
#19     RenderProxyBoxMixin.performLayout (package:flutter/src/rendering/proxy_box.dart:118:18)
#20     RenderObject.layout (package:flutter/src/rendering/object.dart:2768:7)
#21     RenderProxyBoxMixin.performLayout (package:flutter/src/rendering/proxy_box.dart:118:18)
#22     RenderObject.layout (package:flutter/src/rendering/object.dart:2768:7)
#23     RenderProxyBoxMixin.performLayout (package:flutter/src/rendering/proxy_box.dart:118:18)
#24     RenderObject.layout (package:flutter/src/rendering/object.dart:2768:7)
#25     RenderProxyBoxMixin.performLayout (package:flutter/src/rendering/proxy_box.dart:118:18)
#26     RenderObject.layout (package:flutter/src/rendering/object.dart:2768:7)
#27     RenderProxyBoxMixin.performLayout (package:flutter/src/rendering/proxy_box.dart:118:18)
#28     RenderObject.layout (package:flutter/src/rendering/object.dart:2768:7)
#29     RenderProxyBoxMixin.performLayout (package:flutter/src/rendering/proxy_box.dart:118:18)
#30     _RenderCustomClip.performLayout (package:flutter/src/rendering/proxy_box.dart:1549:11)
#31     RenderObject.layout (package:flutter/src/rendering/object.dart:2768:7)
#32     RenderPadding.performLayout (package:flutter/src/rendering/shifted_box.dart:262:12)
#33     RenderObject.layout (package:flutter/src/rendering/object.dart:2768:7)
#34     _RenderLayoutBuilder.performLayout (package:flutter/src/widgets/layout_builder.dart:449:14)
#35     RenderObject.layout (package:flutter/src/rendering/object.dart:2768:7)
#36     MultiChildLayoutDelegate.layoutChild (package:flutter/src/rendering/custom_layout.dart:180:12)
#37     _ScaffoldLayout.performLayout (package:flutter/src/material/scaffold.dart:1113:7)
#38     MultiChildLayoutDelegate._callPerformLayout (package:flutter/src/rendering/custom_layout.dart:246:7)
#39     RenderCustomMultiChildLayoutBox.performLayout (package:flutter/src/rendering/custom_layout.dart:417:14)
#40     RenderObject.layout (package:flutter/src/rendering/object.dart:2768:7)
#41     RenderProxyBoxMixin.performLayout (package:flutter/src/rendering/proxy_box.dart:118:18)
#42     RenderObject.layout (package:flutter/src/rendering/object.dart:2768:7)
#43     RenderProxyBoxMixin.performLayout (package:flutter/src/rendering/proxy_box.dart:118:18)
#44     _RenderCustomClip.performLayout (package:flutter/src/rendering/proxy_box.dart:1549:11)
#45     RenderObject.layout (package:flutter/src/rendering/object.dart:2768:7)
#46     RenderProxyBoxMixin.performLayout (package:flutter/src/rendering/proxy_box.dart:118:18)
#47     RenderObject.layout (package:flutter/src/rendering/object.dart:2768:7)
#48     RenderProxyBoxMixin.performLayout (package:flutter/src/rendering/proxy_box.dart:118:18)
#49     RenderObject.layout (package:flutter/src/rendering/object.dart:2768:7)
#50     RenderProxyBoxMixin.performLayout (package:flutter/src/rendering/proxy_box.dart:118:18)
#51     RenderObject.layout (package:flutter/src/rendering/object.dart:2768:7)
#52     RenderProxyBoxMixin.performLayout (package:flutter/src/rendering/proxy_box.dart:118:18)
#53     RenderObject.layout (package:flutter/src/rendering/object.dart:2768:7)
#54     RenderProxyBoxMixin.performLayout (package:flutter/src/rendering/proxy_box.dart:118:18)
#55     RenderObject.layout (package:flutter/src/rendering/object.dart:2768:7)
#56     RenderProxyBoxMixin.performLayout (package:flutter/src/rendering/proxy_box.dart:118:18)
#57     RenderObject.layout (package:flutter/src/rendering/object.dart:2768:7)
#58     RenderProxyBoxMixin.performLayout (package:flutter/src/rendering/proxy_box.dart:118:18)
#59     RenderObject.layout (package:flutter/src/rendering/object.dart:2768:7)
#60     RenderProxyBoxMixin.performLayout (package:flutter/src/rendering/proxy_box.dart:118:18)
#61     RenderObject.layout (package:flutter/src/rendering/object.dart:2768:7)
#62     RenderProxyBoxMixin.performLayout (package:flutter/src/rendering/proxy_box.dart:118:18)
#63     RenderObject.layout (package:flutter/src/rendering/object.dart:2768:7)
#64     RenderProxyBoxMixin.performLayout (package:flutter/src/rendering/proxy_box.dart:118:18)
#65     RenderObject.layout (package:flutter/src/rendering/object.dart:2768:7)
#66     RenderProxyBoxMixin.performLayout (package:flutter/src/rendering/proxy_box.dart:118:18)
#67     RenderObject.layout (package:flutter/src/rendering/object.dart:2768:7)
#68     RenderProxyBoxMixin.performLayout (package:flutter/src/rendering/proxy_box.dart:118:18)
#69     RenderObject.layout (package:flutter/src/rendering/object.dart:2768:7)
#70     RenderProxyBoxMixin.performLayout (package:flutter/src/rendering/proxy_box.dart:118:18)
#71     RenderObject.layout (package:flutter/src/rendering/object.dart:2768:7)
#72     RenderProxyBoxMixin.performLayout (package:flutter/src/rendering/proxy_box.dart:118:18)
#73     RenderObject.layout (package:flutter/src/rendering/object.dart:2768:7)
#74     RenderProxyBoxMixin.performLayout (package:flutter/src/rendering/proxy_box.dart:118:18)
#75     RenderObject.layout (package:flutter/src/rendering/object.dart:2768:7)
#76     RenderProxyBoxMixin.performLayout (package:flutter/src/rendering/proxy_box.dart:118:18)
#77     RenderOffstage.performLayout (package:flutter/src/rendering/proxy_box.dart:3923:13)
#78     RenderObject.layout (package:flutter/src/rendering/object.dart:2768:7)
#79     RenderProxyBoxMixin.performLayout (package:flutter/src/rendering/proxy_box.dart:118:18)
#80     RenderObject.layout (package:flutter/src/rendering/object.dart:2768:7)
#81     _RenderTheaterMixin.layoutChild (package:flutter/src/widgets/overlay.dart:1084:13)
#82     _RenderTheater.performLayout (package:flutter/src/widgets/overlay.dart:1429:9)
#83     RenderObject.layout (package:flutter/src/rendering/object.dart:2768:7)
#84     RenderProxyBoxMixin.performLayout (package:flutter/src/rendering/proxy_box.dart:118:18)
#85     RenderObject.layout (package:flutter/src/rendering/object.dart:2768:7)
#86     RenderProxyBoxMixin.performLayout (package:flutter/src/rendering/proxy_box.dart:118:18)
#87     RenderObject.layout (package:flutter/src/rendering/object.dart:2768:7)
#88     RenderProxyBoxMixin.performLayout (package:flutter/src/rendering/proxy_box.dart:118:18)
#89     RenderObject.layout (package:flutter/src/rendering/object.dart:2768:7)
#90     RenderProxyBoxMixin.performLayout (package:flutter/src/rendering/proxy_box.dart:118:18)
#91     RenderCustomPaint.performLayout (package:flutter/src/rendering/custom_paint.dart:574:11)
#92     RenderObject.layout (package:flutter/src/rendering/object.dart:2768:7)
#93     RenderProxyBoxMixin.performLayout (package:flutter/src/rendering/proxy_box.dart:118:18)
#94     RenderObject.layout (package:flutter/src/rendering/object.dart:2768:7)
#95     RenderProxyBoxMixin.performLayout (package:flutter/src/rendering/proxy_box.dart:118:18)
#96     RenderObject.layout (package:flutter/src/rendering/object.dart:2768:7)
#97     RenderProxyBoxMixin.performLayout (package:flutter/src/rendering/proxy_box.dart:118:18)
#98     RenderObject.layout (package:flutter/src/rendering/object.dart:2768:7)
#99     RenderProxyBoxMixin.performLayout (package:flutter/src/rendering/proxy_box.dart:118:18)
#100    RenderObject.layout (package:flutter/src/rendering/object.dart:2768:7)
#101    RenderProxyBoxMixin.performLayout (package:flutter/src/rendering/proxy_box.dart:118:18)
#102    RenderObject.layout (package:flutter/src/rendering/object.dart:2768:7)
#103    RenderProxyBoxMixin.performLayout (package:flutter/src/rendering/proxy_box.dart:118:18)
#104    RenderObject.layout (package:flutter/src/rendering/object.dart:2768:7)
#105    RenderView.performLayout (package:flutter/src/rendering/view.dart:292:12)
#106    RenderObject._layoutWithoutResize (package:flutter/src/rendering/object.dart:2616:7)
#107    PipelineOwner.flushLayout (package:flutter/src/rendering/object.dart:1174:18)
#108    PipelineOwner.flushLayout (package:flutter/src/rendering/object.dart:1187:15)
#109    AutomatedTestWidgetsFlutterBinding.drawFrame (package:flutter_test/src/binding.dart:2133:27)
#110    RendererBinding._handlePersistentFrameCallback (package:flutter/src/rendering/binding.dart:495:5)
#111    SchedulerBinding._invokeFrameCallback (package:flutter/src/scheduler/binding.dart:1430:15)
#112    SchedulerBinding.handleDrawFrame (package:flutter/src/scheduler/binding.dart:1345:9)
#113    AutomatedTestWidgetsFlutterBinding.pump.<anonymous closure> (package:flutter_test/src/binding.dart:1960:9)
#116    TestAsyncUtils.guard (package:flutter_test/src/test_async_utils.dart:74:41)
#117    AutomatedTestWidgetsFlutterBinding.pump (package:flutter_test/src/binding.dart:1949:27)
#118    WidgetTester.pumpWidget.<anonymous closure> (package:flutter_test/src/widget_tester.dart:598:22)
#121    TestAsyncUtils.guard (package:flutter_test/src/test_async_utils.dart:74:41)
#122    WidgetTester.pumpWidget (package:flutter_test/src/widget_tester.dart:595:27)
#123    main.<anonymous closure>.<anonymous closure> (file:///C:/Users/bhara/StudioProjects/simple_billing_app/test/widget/billing_screen_test.dart:83:20)
#124    testWidgets.<anonymous closure>.<anonymous closure> (package:flutter_test/src/widget_tester.dart:192:29)
<asynchronous suspension>
#125    TestWidgetsFlutterBinding._runTestBody (package:flutter_test/src/binding.dart:1682:5)
<asynchronous suspension>
<asynchronous suspension>
(elided 7 frames from class _AssertionError, dart:async, and package:stack_trace)

The following RenderObject was being processed when the exception was fired: RenderDecoratedBox#32656 relayoutBoundary=up14 NEEDS-LAYOUT NEEDS-PAINT NEEDS-COMPOSITING-BITS-UPDATE:
  creator: DecoratedBox ΓåÉ Container ΓåÉ Column ΓåÉ Row ΓåÉ _SingleChildViewport ΓåÉ
    IgnorePointer-[GlobalKey#f5c67] ΓåÉ Semantics ΓåÉ Listener ΓåÉ _GestureSemantics ΓåÉ
    RawGestureDetector-[LabeledGlobalKey<RawGestureDetectorState>#ec0e3] ΓåÉ Listener ΓåÉ _ScrollableScope
    ΓåÉ Γï»
  parentData: offset=Offset(0.0, 0.0); flex=null; fit=null (can use size)
  constraints: BoxConstraints(unconstrained)
  size: MISSING
  decoration: BoxDecoration:
    color: Color(alpha: 1.0000, red: 1.0000, green: 1.0000, blue: 1.0000, colorSpace: ColorSpace.sRGB)
    border: Border.all(BorderSide(color: Color(alpha: 1.0000, red: 0.8784, green: 0.8471, blue: 0.8000,
      colorSpace: ColorSpace.sRGB)))
    borderRadius: BorderRadius.circular(16.0)
  configuration: ImageConfiguration(bundle: PlatformAssetBundle#5f0ed(), devicePixelRatio: 1.0,
    locale: en_US, textDirection: TextDirection.ltr, platform: android)
This RenderObject had the following descendants (showing up to depth 5):
    child: RenderPadding#f55e3 relayoutBoundary=up15 NEEDS-PAINT NEEDS-COMPOSITING-BITS-UPDATE
      child: RenderFlex#15aba relayoutBoundary=up16 NEEDS-PAINT NEEDS-COMPOSITING-BITS-UPDATE
        child 1: RenderParagraph#e1b6e relayoutBoundary=up17 NEEDS-PAINT
          text: TextSpan
        child 2: RenderConstrainedBox#36e48 relayoutBoundary=up17 NEEDS-PAINT
        child 3: RenderSemanticsGestureHandler#7ab9c relayoutBoundary=up17 NEEDS-PAINT NEEDS-COMPOSITING-BITS-UPDATE
          child: RenderPointerListener#29a31 relayoutBoundary=up18 NEEDS-PAINT NEEDS-COMPOSITING-BITS-UPDATE
            child: RenderAbsorbPointer#e9e75 relayoutBoundary=up19 NEEDS-PAINT NEEDS-COMPOSITING-BITS-UPDATE
ΓòÉΓòÉΓòÉΓòÉΓòÉΓòÉΓòÉΓòÉΓòÉΓòÉΓòÉΓòÉΓòÉΓòÉΓòÉΓòÉΓòÉΓòÉΓòÉΓòÉΓòÉΓòÉΓòÉΓòÉΓòÉΓòÉΓòÉΓòÉΓòÉΓòÉΓòÉΓòÉΓòÉΓòÉΓòÉΓòÉΓòÉΓòÉΓòÉΓòÉΓòÉΓòÉΓòÉΓòÉΓòÉΓòÉΓòÉΓòÉΓòÉΓòÉΓòÉΓòÉΓòÉΓòÉΓòÉΓòÉΓòÉΓòÉΓòÉΓòÉΓòÉΓòÉΓòÉΓòÉΓòÉΓòÉΓòÉΓòÉΓòÉΓòÉΓòÉΓòÉΓòÉΓòÉΓòÉΓòÉΓòÉΓòÉΓòÉΓòÉΓòÉΓòÉΓòÉΓòÉΓòÉΓòÉΓòÉΓòÉΓòÉΓòÉΓòÉΓòÉΓòÉΓòÉΓòÉΓòÉΓòÉΓòÉΓòÉΓòÉ
ΓòÉΓòÉΓòí EXCEPTION CAUGHT BY RENDERING LIBRARY Γò₧ΓòÉΓòÉΓòÉΓòÉΓòÉΓòÉΓòÉΓòÉΓòÉΓòÉΓòÉΓòÉΓòÉΓòÉΓòÉΓòÉΓòÉΓòÉΓòÉΓòÉΓòÉΓòÉΓòÉΓòÉΓòÉΓòÉΓòÉΓòÉΓòÉΓòÉΓòÉΓòÉΓòÉΓòÉΓòÉΓòÉΓòÉΓòÉΓòÉΓòÉΓòÉΓòÉΓòÉΓòÉΓòÉΓòÉΓòÉΓòÉΓòÉΓòÉΓòÉΓòÉΓòÉΓòÉΓòÉΓòÉΓòÉ
The following assertion was thrown during performLayout():
RenderBox was not laid out: RenderDecoratedBox#32656 relayoutBoundary=up14 NEEDS-PAINT
NEEDS-COMPOSITING-BITS-UPDATE
'package:flutter/src/rendering/box.dart':
Failed assertion: line 2251 pos 12: 'hasSize'

Either the assertion indicates an error in the framework itself, or we should provide substantially
more information in this error message to help you determine and fix the underlying cause.
In either case, please report this assertion by filing a bug on GitHub:
  https://github.com/flutter/flutter/issues/new?template=02_bug.yml

The relevant error-causing widget was:
  Column
  Column:file:///C:/Users/bhara/StudioProjects/simple_billing_app/lib/views/screens/billing_screen.dart:244:13

When the exception was thrown, this was the stack:
#2      RenderBox.size (package:flutter/src/rendering/box.dart:2251:12)
#3      ChildLayoutHelper.layoutChild (package:flutter/src/rendering/layout_helper.dart:63:18)
#4      RenderFlex._computeSizes (package:flutter/src/rendering/flex.dart:1237:28)
#5      RenderFlex.performLayout (package:flutter/src/rendering/flex.dart:1329:32)
#6      RenderObject.layout (package:flutter/src/rendering/object.dart:2768:7)
#7      ChildLayoutHelper.layoutChild (package:flutter/src/rendering/layout_helper.dart:62:11)
#8      RenderFlex._computeSizes (package:flutter/src/rendering/flex.dart:1237:28)
#9      RenderFlex.performLayout (package:flutter/src/rendering/flex.dart:1329:32)
#10     RenderObject.layout (package:flutter/src/rendering/object.dart:2768:7)
#11     _RenderSingleChildViewport.performLayout (package:flutter/src/widgets/single_child_scroll_view.dart:502:14)
#12     RenderObject.layout (package:flutter/src/rendering/object.dart:2768:7)
#13     RenderProxyBoxMixin.performLayout (package:flutter/src/rendering/proxy_box.dart:118:18)
#14     RenderObject.layout (package:flutter/src/rendering/object.dart:2768:7)
#15     RenderProxyBoxMixin.performLayout (package:flutter/src/rendering/proxy_box.dart:118:18)
#16     RenderObject.layout (package:flutter/src/rendering/object.dart:2768:7)
#17     RenderProxyBoxMixin.performLayout (package:flutter/src/rendering/proxy_box.dart:118:18)
#18     RenderObject.layout (package:flutter/src/rendering/object.dart:2768:7)
#19     RenderProxyBoxMixin.performLayout (package:flutter/src/rendering/proxy_box.dart:118:18)
#20     RenderObject.layout (package:flutter/src/rendering/object.dart:2768:7)
#21     RenderProxyBoxMixin.performLayout (package:flutter/src/rendering/proxy_box.dart:118:18)
#22     RenderObject.layout (package:flutter/src/rendering/object.dart:2768:7)
#23     RenderProxyBoxMixin.performLayout (package:flutter/src/rendering/proxy_box.dart:118:18)
#24     RenderObject.layout (package:flutter/src/rendering/object.dart:2768:7)
#25     RenderProxyBoxMixin.performLayout (package:flutter/src/rendering/proxy_box.dart:118:18)
#26     RenderObject.layout (package:flutter/src/rendering/object.dart:2768:7)
#27     RenderProxyBoxMixin.performLayout (package:flutter/src/rendering/proxy_box.dart:118:18)
#28     _RenderCustomClip.performLayout (package:flutter/src/rendering/proxy_box.dart:1549:11)
#29     RenderObject.layout (package:flutter/src/rendering/object.dart:2768:7)
#30     RenderPadding.performLayout (package:flutter/src/rendering/shifted_box.dart:262:12)
#31     RenderObject.layout (package:flutter/src/rendering/object.dart:2768:7)
#32     _RenderLayoutBuilder.performLayout (package:flutter/src/widgets/layout_builder.dart:449:14)
#33     RenderObject.layout (package:flutter/src/rendering/object.dart:2768:7)
#34     MultiChildLayoutDelegate.layoutChild (package:flutter/src/rendering/custom_layout.dart:180:12)
#35     _ScaffoldLayout.performLayout (package:flutter/src/material/scaffold.dart:1113:7)
#36     MultiChildLayoutDelegate._callPerformLayout (package:flutter/src/rendering/custom_layout.dart:246:7)
#37     RenderCustomMultiChildLayoutBox.performLayout (package:flutter/src/rendering/custom_layout.dart:417:14)
#38     RenderObject.layout (package:flutter/src/rendering/object.dart:2768:7)
#39     RenderProxyBoxMixin.performLayout (package:flutter/src/rendering/proxy_box.dart:118:18)
#40     RenderObject.layout (package:flutter/src/rendering/object.dart:2768:7)
#41     RenderProxyBoxMixin.performLayout (package:flutter/src/rendering/proxy_box.dart:118:18)
#42     _RenderCustomClip.performLayout (package:flutter/src/rendering/proxy_box.dart:1549:11)
#43     RenderObject.layout (package:flutter/src/rendering/object.dart:2768:7)
#44     RenderProxyBoxMixin.performLayout (package:flutter/src/rendering/proxy_box.dart:118:18)
#45     RenderObject.layout (package:flutter/src/rendering/object.dart:2768:7)
#46     RenderProxyBoxMixin.performLayout (package:flutter/src/rendering/proxy_box.dart:118:18)
#47     RenderObject.layout (package:flutter/src/rendering/object.dart:2768:7)
#48     RenderProxyBoxMixin.performLayout (package:flutter/src/rendering/proxy_box.dart:118:18)
#49     RenderObject.layout (package:flutter/src/rendering/object.dart:2768:7)
#50     RenderProxyBoxMixin.performLayout (package:flutter/src/rendering/proxy_box.dart:118:18)
#51     RenderObject.layout (package:flutter/src/rendering/object.dart:2768:7)
#52     RenderProxyBoxMixin.performLayout (package:flutter/src/rendering/proxy_box.dart:118:18)
#53     RenderObject.layout (package:flutter/src/rendering/object.dart:2768:7)
#54     RenderProxyBoxMixin.performLayout (package:flutter/src/rendering/proxy_box.dart:118:18)
#55     RenderObject.layout (package:flutter/src/rendering/object.dart:2768:7)
#56     RenderProxyBoxMixin.performLayout (package:flutter/src/rendering/proxy_box.dart:118:18)
#57     RenderObject.layout (package:flutter/src/rendering/object.dart:2768:7)
#58     RenderProxyBoxMixin.performLayout (package:flutter/src/rendering/proxy_box.dart:118:18)
#59     RenderObject.layout (package:flutter/src/rendering/object.dart:2768:7)
#60     RenderProxyBoxMixin.performLayout (package:flutter/src/rendering/proxy_box.dart:118:18)
#61     RenderObject.layout (package:flutter/src/rendering/object.dart:2768:7)
#62     RenderProxyBoxMixin.performLayout (package:flutter/src/rendering/proxy_box.dart:118:18)
#63     RenderObject.layout (package:flutter/src/rendering/object.dart:2768:7)
#64     RenderProxyBoxMixin.performLayout (package:flutter/src/rendering/proxy_box.dart:118:18)
#65     RenderObject.layout (package:flutter/src/rendering/object.dart:2768:7)
#66     RenderProxyBoxMixin.performLayout (package:flutter/src/rendering/proxy_box.dart:118:18)
#67     RenderObject.layout (package:flutter/src/rendering/object.dart:2768:7)
#68     RenderProxyBoxMixin.performLayout (package:flutter/src/rendering/proxy_box.dart:118:18)
#69     RenderObject.layout (package:flutter/src/rendering/object.dart:2768:7)
#70     RenderProxyBoxMixin.performLayout (package:flutter/src/rendering/proxy_box.dart:118:18)
#71     RenderObject.layout (package:flutter/src/rendering/object.dart:2768:7)
#72     RenderProxyBoxMixin.performLayout (package:flutter/src/rendering/proxy_box.dart:118:18)
#73     RenderObject.layout (package:flutter/src/rendering/object.dart:2768:7)
#74     RenderProxyBoxMixin.performLayout (package:flutter/src/rendering/proxy_box.dart:118:18)
#75     RenderOffstage.performLayout (package:flutter/src/rendering/proxy_box.dart:3923:13)
#76     RenderObject.layout (package:flutter/src/rendering/object.dart:2768:7)
#77     RenderProxyBoxMixin.performLayout (package:flutter/src/rendering/proxy_box.dart:118:18)
#78     RenderObject.layout (package:flutter/src/rendering/object.dart:2768:7)
#79     _RenderTheaterMixin.layoutChild (package:flutter/src/widgets/overlay.dart:1084:13)
#80     _RenderTheater.performLayout (package:flutter/src/widgets/overlay.dart:1429:9)
#81     RenderObject.layout (package:flutter/src/rendering/object.dart:2768:7)
#82     RenderProxyBoxMixin.performLayout (package:flutter/src/rendering/proxy_box.dart:118:18)
#83     RenderObject.layout (package:flutter/src/rendering/object.dart:2768:7)
#84     RenderProxyBoxMixin.performLayout (package:flutter/src/rendering/proxy_box.dart:118:18)
#85     RenderObject.layout (package:flutter/src/rendering/object.dart:2768:7)
#86     RenderProxyBoxMixin.performLayout (package:flutter/src/rendering/proxy_box.dart:118:18)
#87     RenderObject.layout (package:flutter/src/rendering/object.dart:2768:7)
#88     RenderProxyBoxMixin.performLayout (package:flutter/src/rendering/proxy_box.dart:118:18)
#89     RenderCustomPaint.performLayout (package:flutter/src/rendering/custom_paint.dart:574:11)
#90     RenderObject.layout (package:flutter/src/rendering/object.dart:2768:7)
#91     RenderProxyBoxMixin.performLayout (package:flutter/src/rendering/proxy_box.dart:118:18)
#92     RenderObject.layout (package:flutter/src/rendering/object.dart:2768:7)
#93     RenderProxyBoxMixin.performLayout (package:flutter/src/rendering/proxy_box.dart:118:18)
#94     RenderObject.layout (package:flutter/src/rendering/object.dart:2768:7)
#95     RenderProxyBoxMixin.performLayout (package:flutter/src/rendering/proxy_box.dart:118:18)
#96     RenderObject.layout (package:flutter/src/rendering/object.dart:2768:7)
#97     RenderProxyBoxMixin.performLayout (package:flutter/src/rendering/proxy_box.dart:118:18)
#98     RenderObject.layout (package:flutter/src/rendering/object.dart:2768:7)
#99     RenderProxyBoxMixin.performLayout (package:flutter/src/rendering/proxy_box.dart:118:18)
#100    RenderObject.layout (package:flutter/src/rendering/object.dart:2768:7)
#101    RenderProxyBoxMixin.performLayout (package:flutter/src/rendering/proxy_box.dart:118:18)
#102    RenderObject.layout (package:flutter/src/rendering/object.dart:2768:7)
#103    RenderView.performLayout (package:flutter/src/rendering/view.dart:292:12)
#104    RenderObject._layoutWithoutResize (package:flutter/src/rendering/object.dart:2616:7)
#105    PipelineOwner.flushLayout (package:flutter/src/rendering/object.dart:1174:18)
#106    PipelineOwner.flushLayout (package:flutter/src/rendering/object.dart:1187:15)
#107    AutomatedTestWidgetsFlutterBinding.drawFrame (package:flutter_test/src/binding.dart:2133:27)
#108    RendererBinding._handlePersistentFrameCallback (package:flutter/src/rendering/binding.dart:495:5)
#109    SchedulerBinding._invokeFrameCallback (package:flutter/src/scheduler/binding.dart:1430:15)
#110    SchedulerBinding.handleDrawFrame (package:flutter/src/scheduler/binding.dart:1345:9)
#111    AutomatedTestWidgetsFlutterBinding.pump.<anonymous closure> (package:flutter_test/src/binding.dart:1960:9)
#114    TestAsyncUtils.guard (package:flutter_test/src/test_async_utils.dart:74:41)
#115    AutomatedTestWidgetsFlutterBinding.pump (package:flutter_test/src/binding.dart:1949:27)
#116    WidgetTester.pumpWidget.<anonymous closure> (package:flutter_test/src/widget_tester.dart:598:22)
#119    TestAsyncUtils.guard (package:flutter_test/src/test_async_utils.dart:74:41)
#120    WidgetTester.pumpWidget (package:flutter_test/src/widget_tester.dart:595:27)
#121    main.<anonymous closure>.<anonymous closure> (file:///C:/Users/bhara/StudioProjects/simple_billing_app/test/widget/billing_screen_test.dart:83:20)
#122    testWidgets.<anonymous closure>.<anonymous closure> (package:flutter_test/src/widget_tester.dart:192:29)
<asynchronous suspension>
#123    TestWidgetsFlutterBinding._runTestBody (package:flutter_test/src/binding.dart:1682:5)
<asynchronous suspension>
<asynchronous suspension>
(elided 7 frames from class _AssertionError, dart:async, and package:stack_trace)

The following RenderObject was being processed when the exception was fired: RenderFlex#ffba7 relayoutBoundary=up13 NEEDS-LAYOUT NEEDS-PAINT NEEDS-COMPOSITING-BITS-UPDATE:
  creator: Column ΓåÉ Row ΓåÉ _SingleChildViewport ΓåÉ IgnorePointer-[GlobalKey#f5c67] ΓåÉ Semantics ΓåÉ
    Listener ΓåÉ _GestureSemantics ΓåÉ
    RawGestureDetector-[LabeledGlobalKey<RawGestureDetectorState>#ec0e3] ΓåÉ Listener ΓåÉ _ScrollableScope
    ΓåÉ _ScrollSemantics-[GlobalKey#a1b6e] ΓåÉ NotificationListener<ScrollMetricsNotification> ΓåÉ Γï»
  parentData: offset=Offset(0.0, 0.0); flex=null; fit=null (can use size)
  constraints: BoxConstraints(unconstrained)
  size: MISSING
  direction: vertical
  mainAxisAlignment: start
  mainAxisSize: max
  crossAxisAlignment: start
  textDirection: ltr
  verticalDirection: down
  spacing: 0.0
This RenderObject had the following descendants (showing up to depth 5):
    child 1: RenderDecoratedBox#32656 relayoutBoundary=up14 NEEDS-PAINT NEEDS-COMPOSITING-BITS-UPDATE
      child: RenderPadding#f55e3 relayoutBoundary=up15 NEEDS-PAINT NEEDS-COMPOSITING-BITS-UPDATE
        child: RenderFlex#15aba relayoutBoundary=up16 NEEDS-PAINT NEEDS-COMPOSITING-BITS-UPDATE
          child 1: RenderParagraph#e1b6e relayoutBoundary=up17 NEEDS-PAINT
            text: TextSpan
          child 2: RenderConstrainedBox#36e48 relayoutBoundary=up17 NEEDS-PAINT
          child 3: RenderSemanticsGestureHandler#7ab9c relayoutBoundary=up17 NEEDS-PAINT NEEDS-COMPOSITING-BITS-UPDATE
            child: RenderPointerListener#29a31 relayoutBoundary=up18 NEEDS-PAINT NEEDS-COMPOSITING-BITS-UPDATE
    child 2: RenderConstrainedBox#6a26d NEEDS-LAYOUT NEEDS-PAINT
    child 3: RenderDecoratedBox#754fc NEEDS-LAYOUT NEEDS-PAINT NEEDS-COMPOSITING-BITS-UPDATE
      child: RenderPadding#050f4 NEEDS-LAYOUT NEEDS-PAINT NEEDS-COMPOSITING-BITS-UPDATE
        child: RenderFlex#1ac48 NEEDS-LAYOUT NEEDS-PAINT NEEDS-COMPOSITING-BITS-UPDATE
          child 1: RenderParagraph#99649 NEEDS-LAYOUT NEEDS-PAINT
            text: TextSpan
          child 2: RenderConstrainedBox#fd160 NEEDS-LAYOUT NEEDS-PAINT
          child 3: RenderFlex#bb67a NEEDS-LAYOUT NEEDS-PAINT NEEDS-COMPOSITING-BITS-UPDATE
            child 1: RenderMouseRegion#9bb3a NEEDS-LAYOUT NEEDS-PAINT NEEDS-COMPOSITING-BITS-UPDATE
            child 2: RenderConstrainedBox#0f81d NEEDS-LAYOUT NEEDS-PAINT
            child 3: RenderSemanticsAnnotations#35b1d NEEDS-LAYOUT NEEDS-PAINT NEEDS-COMPOSITING-BITS-UPDATE
    child 4: RenderConstrainedBox#02c20 NEEDS-LAYOUT NEEDS-PAINT
    child 5: RenderDecoratedBox#7480a NEEDS-LAYOUT NEEDS-PAINT NEEDS-COMPOSITING-BITS-UPDATE
      child: RenderPadding#0ee8a NEEDS-LAYOUT NEEDS-PAINT NEEDS-COMPOSITING-BITS-UPDATE
        child: RenderDecoratedBox#91202 NEEDS-LAYOUT NEEDS-PAINT NEEDS-COMPOSITING-BITS-UPDATE
          child: RenderPadding#46ede NEEDS-LAYOUT NEEDS-PAINT NEEDS-COMPOSITING-BITS-UPDATE
            child: RenderFlex#2060d NEEDS-LAYOUT NEEDS-PAINT NEEDS-COMPOSITING-BITS-UPDATE
    ...(descendants list truncated after 25 lines)
ΓòÉΓòÉΓòÉΓòÉΓòÉΓòÉΓòÉΓòÉΓòÉΓòÉΓòÉΓòÉΓòÉΓòÉΓòÉΓòÉΓòÉΓòÉΓòÉΓòÉΓòÉΓòÉΓòÉΓòÉΓòÉΓòÉΓòÉΓòÉΓòÉΓòÉΓòÉΓòÉΓòÉΓòÉΓòÉΓòÉΓòÉΓòÉΓòÉΓòÉΓòÉΓòÉΓòÉΓòÉΓòÉΓòÉΓòÉΓòÉΓòÉΓòÉΓòÉΓòÉΓòÉΓòÉΓòÉΓòÉΓòÉΓòÉΓòÉΓòÉΓòÉΓòÉΓòÉΓòÉΓòÉΓòÉΓòÉΓòÉΓòÉΓòÉΓòÉΓòÉΓòÉΓòÉΓòÉΓòÉΓòÉΓòÉΓòÉΓòÉΓòÉΓòÉΓòÉΓòÉΓòÉΓòÉΓòÉΓòÉΓòÉΓòÉΓòÉΓòÉΓòÉΓòÉΓòÉΓòÉΓòÉΓòÉΓòÉΓòÉ
ΓòÉΓòÉΓòí EXCEPTION CAUGHT BY RENDERING LIBRARY Γò₧ΓòÉΓòÉΓòÉΓòÉΓòÉΓòÉΓòÉΓòÉΓòÉΓòÉΓòÉΓòÉΓòÉΓòÉΓòÉΓòÉΓòÉΓòÉΓòÉΓòÉΓòÉΓòÉΓòÉΓòÉΓòÉΓòÉΓòÉΓòÉΓòÉΓòÉΓòÉΓòÉΓòÉΓòÉΓòÉΓòÉΓòÉΓòÉΓòÉΓòÉΓòÉΓòÉΓòÉΓòÉΓòÉΓòÉΓòÉΓòÉΓòÉΓòÉΓòÉΓòÉΓòÉΓòÉΓòÉΓòÉΓòÉ
The following assertion was thrown during performLayout():
RenderBox was not laid out: RenderFlex#ffba7 relayoutBoundary=up13 NEEDS-PAINT
NEEDS-COMPOSITING-BITS-UPDATE
'package:flutter/src/rendering/box.dart':
Failed assertion: line 2251 pos 12: 'hasSize'

Either the assertion indicates an error in the framework itself, or we should provide substantially
more information in this error message to help you determine and fix the underlying cause.
In either case, please report this assertion by filing a bug on GitHub:
  https://github.com/flutter/flutter/issues/new?template=02_bug.yml

The relevant error-causing widget was:
  Row
  Row:file:///C:/Users/bhara/StudioProjects/simple_billing_app/lib/views/screens/billing_screen.dart:241:16

When the exception was thrown, this was the stack:
#2      RenderBox.size (package:flutter/src/rendering/box.dart:2251:12)
#3      ChildLayoutHelper.layoutChild (package:flutter/src/rendering/layout_helper.dart:63:18)
#4      RenderFlex._computeSizes (package:flutter/src/rendering/flex.dart:1237:28)
#5      RenderFlex.performLayout (package:flutter/src/rendering/flex.dart:1329:32)
#6      RenderObject.layout (package:flutter/src/rendering/object.dart:2768:7)
#7      _RenderSingleChildViewport.performLayout (package:flutter/src/widgets/single_child_scroll_view.dart:502:14)
#8      RenderObject.layout (package:flutter/src/rendering/object.dart:2768:7)
#9      RenderProxyBoxMixin.performLayout (package:flutter/src/rendering/proxy_box.dart:118:18)
#10     RenderObject.layout (package:flutter/src/rendering/object.dart:2768:7)
#11     RenderProxyBoxMixin.performLayout (package:flutter/src/rendering/proxy_box.dart:118:18)
#12     RenderObject.layout (package:flutter/src/rendering/object.dart:2768:7)
#13     RenderProxyBoxMixin.performLayout (package:flutter/src/rendering/proxy_box.dart:118:18)
#14     RenderObject.layout (package:flutter/src/rendering/object.dart:2768:7)
#15     RenderProxyBoxMixin.performLayout (package:flutter/src/rendering/proxy_box.dart:118:18)
#16     RenderObject.layout (package:flutter/src/rendering/object.dart:2768:7)
#17     RenderProxyBoxMixin.performLayout (package:flutter/src/rendering/proxy_box.dart:118:18)
#18     RenderObject.layout (package:flutter/src/rendering/object.dart:2768:7)
#19     RenderProxyBoxMixin.performLayout (package:flutter/src/rendering/proxy_box.dart:118:18)
#20     RenderObject.layout (package:flutter/src/rendering/object.dart:2768:7)
#21     RenderProxyBoxMixin.performLayout (package:flutter/src/rendering/proxy_box.dart:118:18)
#22     RenderObject.layout (package:flutter/src/rendering/object.dart:2768:7)
#23     RenderProxyBoxMixin.performLayout (package:flutter/src/rendering/proxy_box.dart:118:18)
#24     _RenderCustomClip.performLayout (package:flutter/src/rendering/proxy_box.dart:1549:11)
#25     RenderObject.layout (package:flutter/src/rendering/object.dart:2768:7)
#26     RenderPadding.performLayout (package:flutter/src/rendering/shifted_box.dart:262:12)
#27     RenderObject.layout (package:flutter/src/rendering/object.dart:2768:7)
#28     _RenderLayoutBuilder.performLayout (package:flutter/src/widgets/layout_builder.dart:449:14)
#29     RenderObject.layout (package:flutter/src/rendering/object.dart:2768:7)
#30     MultiChildLayoutDelegate.layoutChild (package:flutter/src/rendering/custom_layout.dart:180:12)
#31     _ScaffoldLayout.performLayout (package:flutter/src/material/scaffold.dart:1113:7)
#32     MultiChildLayoutDelegate._callPerformLayout (package:flutter/src/rendering/custom_layout.dart:246:7)
#33     RenderCustomMultiChildLayoutBox.performLayout (package:flutter/src/rendering/custom_layout.dart:417:14)
#34     RenderObject.layout (package:flutter/src/rendering/object.dart:2768:7)
#35     RenderProxyBoxMixin.performLayout (package:flutter/src/rendering/proxy_box.dart:118:18)
#36     RenderObject.layout (package:flutter/src/rendering/object.dart:2768:7)
#37     RenderProxyBoxMixin.performLayout (package:flutter/src/rendering/proxy_box.dart:118:18)
#38     _RenderCustomClip.performLayout (package:flutter/src/rendering/proxy_box.dart:1549:11)
#39     RenderObject.layout (package:flutter/src/rendering/object.dart:2768:7)
#40     RenderProxyBoxMixin.performLayout (package:flutter/src/rendering/proxy_box.dart:118:18)
#41     RenderObject.layout (package:flutter/src/rendering/object.dart:2768:7)
#42     RenderProxyBoxMixin.performLayout (package:flutter/src/rendering/proxy_box.dart:118:18)
#43     RenderObject.layout (package:flutter/src/rendering/object.dart:2768:7)
#44     RenderProxyBoxMixin.performLayout (package:flutter/src/rendering/proxy_box.dart:118:18)
#45     RenderObject.layout (package:flutter/src/rendering/object.dart:2768:7)
#46     RenderProxyBoxMixin.performLayout (package:flutter/src/rendering/proxy_box.dart:118:18)
#47     RenderObject.layout (package:flutter/src/rendering/object.dart:2768:7)
#48     RenderProxyBoxMixin.performLayout (package:flutter/src/rendering/proxy_box.dart:118:18)
#49     RenderObject.layout (package:flutter/src/rendering/object.dart:2768:7)
#50     RenderProxyBoxMixin.performLayout (package:flutter/src/rendering/proxy_box.dart:118:18)
#51     RenderObject.layout (package:flutter/src/rendering/object.dart:2768:7)
#52     RenderProxyBoxMixin.performLayout (package:flutter/src/rendering/proxy_box.dart:118:18)
#53     RenderObject.layout (package:flutter/src/rendering/object.dart:2768:7)
#54     RenderProxyBoxMixin.performLayout (package:flutter/src/rendering/proxy_box.dart:118:18)
#55     RenderObject.layout (package:flutter/src/rendering/object.dart:2768:7)
#56     RenderProxyBoxMixin.performLayout (package:flutter/src/rendering/proxy_box.dart:118:18)
#57     RenderObject.layout (package:flutter/src/rendering/object.dart:2768:7)
#58     RenderProxyBoxMixin.performLayout (package:flutter/src/rendering/proxy_box.dart:118:18)
#59     RenderObject.layout (package:flutter/src/rendering/object.dart:2768:7)
#60     RenderProxyBoxMixin.performLayout (package:flutter/src/rendering/proxy_box.dart:118:18)
#61     RenderObject.layout (package:flutter/src/rendering/object.dart:2768:7)
#62     RenderProxyBoxMixin.performLayout (package:flutter/src/rendering/proxy_box.dart:118:18)
#63     RenderObject.layout (package:flutter/src/rendering/object.dart:2768:7)
#64     RenderProxyBoxMixin.performLayout (package:flutter/src/rendering/proxy_box.dart:118:18)
#65     RenderObject.layout (package:flutter/src/rendering/object.dart:2768:7)
#66     RenderProxyBoxMixin.performLayout (package:flutter/src/rendering/proxy_box.dart:118:18)
#67     RenderObject.layout (package:flutter/src/rendering/object.dart:2768:7)
#68     RenderProxyBoxMixin.performLayout (package:flutter/src/rendering/proxy_box.dart:118:18)
#69     RenderObject.layout (package:flutter/src/rendering/object.dart:2768:7)
#70     RenderProxyBoxMixin.performLayout (package:flutter/src/rendering/proxy_box.dart:118:18)
#71     RenderOffstage.performLayout (package:flutter/src/rendering/proxy_box.dart:3923:13)
#72     RenderObject.layout (package:flutter/src/rendering/object.dart:2768:7)
#73     RenderProxyBoxMixin.performLayout (package:flutter/src/rendering/proxy_box.dart:118:18)
#74     RenderObject.layout (package:flutter/src/rendering/object.dart:2768:7)
#75     _RenderTheaterMixin.layoutChild (package:flutter/src/widgets/overlay.dart:1084:13)
#76     _RenderTheater.performLayout (package:flutter/src/widgets/overlay.dart:1429:9)
#77     RenderObject.layout (package:flutter/src/rendering/object.dart:2768:7)
#78     RenderProxyBoxMixin.performLayout (package:flutter/src/rendering/proxy_box.dart:118:18)
#79     RenderObject.layout (package:flutter/src/rendering/object.dart:2768:7)
#80     RenderProxyBoxMixin.performLayout (package:flutter/src/rendering/proxy_box.dart:118:18)
#81     RenderObject.layout (package:flutter/src/rendering/object.dart:2768:7)
#82     RenderProxyBoxMixin.performLayout (package:flutter/src/rendering/proxy_box.dart:118:18)
#83     RenderObject.layout (package:flutter/src/rendering/object.dart:2768:7)
#84     RenderProxyBoxMixin.performLayout (package:flutter/src/rendering/proxy_box.dart:118:18)
#85     RenderCustomPaint.performLayout (package:flutter/src/rendering/custom_paint.dart:574:11)
#86     RenderObject.layout (package:flutter/src/rendering/object.dart:2768:7)
#87     RenderProxyBoxMixin.performLayout (package:flutter/src/rendering/proxy_box.dart:118:18)
#88     RenderObject.layout (package:flutter/src/rendering/object.dart:2768:7)
#89     RenderProxyBoxMixin.performLayout (package:flutter/src/rendering/proxy_box.dart:118:18)
#90     RenderObject.layout (package:flutter/src/rendering/object.dart:2768:7)
#91     RenderProxyBoxMixin.performLayout (package:flutter/src/rendering/proxy_box.dart:118:18)
#92     RenderObject.layout (package:flutter/src/rendering/object.dart:2768:7)
#93     RenderProxyBoxMixin.performLayout (package:flutter/src/rendering/proxy_box.dart:118:18)
#94     RenderObject.layout (package:flutter/src/rendering/object.dart:2768:7)
#95     RenderProxyBoxMixin.performLayout (package:flutter/src/rendering/proxy_box.dart:118:18)
#96     RenderObject.layout (package:flutter/src/rendering/object.dart:2768:7)
#97     RenderProxyBoxMixin.performLayout (package:flutter/src/rendering/proxy_box.dart:118:18)
#98     RenderObject.layout (package:flutter/src/rendering/object.dart:2768:7)
#99     RenderView.performLayout (package:flutter/src/rendering/view.dart:292:12)
#100    RenderObject._layoutWithoutResize (package:flutter/src/rendering/object.dart:2616:7)
#101    PipelineOwner.flushLayout (package:flutter/src/rendering/object.dart:1174:18)
#102    PipelineOwner.flushLayout (package:flutter/src/rendering/object.dart:1187:15)
#103    AutomatedTestWidgetsFlutterBinding.drawFrame (package:flutter_test/src/binding.dart:2133:27)
#104    RendererBinding._handlePersistentFrameCallback (package:flutter/src/rendering/binding.dart:495:5)
#105    SchedulerBinding._invokeFrameCallback (package:flutter/src/scheduler/binding.dart:1430:15)
#106    SchedulerBinding.handleDrawFrame (package:flutter/src/scheduler/binding.dart:1345:9)
#107    AutomatedTestWidgetsFlutterBinding.pump.<anonymous closure> (package:flutter_test/src/binding.dart:1960:9)
#110    TestAsyncUtils.guard (package:flutter_test/src/test_async_utils.dart:74:41)
#111    AutomatedTestWidgetsFlutterBinding.pump (package:flutter_test/src/binding.dart:1949:27)
#112    WidgetTester.pumpWidget.<anonymous closure> (package:flutter_test/src/widget_tester.dart:598:22)
#115    TestAsyncUtils.guard (package:flutter_test/src/test_async_utils.dart:74:41)
#116    WidgetTester.pumpWidget (package:flutter_test/src/widget_tester.dart:595:27)
#117    main.<anonymous closure>.<anonymous closure> (file:///C:/Users/bhara/StudioProjects/simple_billing_app/test/widget/billing_screen_test.dart:83:20)
#118    testWidgets.<anonymous closure>.<anonymous closure> (package:flutter_test/src/widget_tester.dart:192:29)
<asynchronous suspension>
#119    TestWidgetsFlutterBinding._runTestBody (package:flutter_test/src/binding.dart:1682:5)
<asynchronous suspension>
<asynchronous suspension>
(elided 7 frames from class _AssertionError, dart:async, and package:stack_trace)

The following RenderObject was being processed when the exception was fired: RenderFlex#2add5 relayoutBoundary=up12 NEEDS-LAYOUT NEEDS-PAINT NEEDS-COMPOSITING-BITS-UPDATE:
  creator: Row ΓåÉ _SingleChildViewport ΓåÉ IgnorePointer-[GlobalKey#f5c67] ΓåÉ Semantics ΓåÉ Listener ΓåÉ
    _GestureSemantics ΓåÉ RawGestureDetector-[LabeledGlobalKey<RawGestureDetectorState>#ec0e3] ΓåÉ
    Listener ΓåÉ _ScrollableScope ΓåÉ _ScrollSemantics-[GlobalKey#a1b6e] ΓåÉ
    NotificationListener<ScrollMetricsNotification> ΓåÉ Transform ΓåÉ Γï»
  parentData: <none> (can use size)
  constraints: BoxConstraints(0.0<=w<=1136.0, 0.0<=h<=Infinity)
  size: MISSING
  direction: horizontal
  mainAxisAlignment: start
  mainAxisSize: max
  crossAxisAlignment: start
  textDirection: ltr
  verticalDirection: down
  spacing: 0.0
This RenderObject had the following descendants (showing up to depth 5):
    child 1: RenderFlex#ffba7 relayoutBoundary=up13 NEEDS-PAINT NEEDS-COMPOSITING-BITS-UPDATE
      child 1: RenderDecoratedBox#32656 relayoutBoundary=up14 NEEDS-PAINT NEEDS-COMPOSITING-BITS-UPDATE
        child: RenderPadding#f55e3 relayoutBoundary=up15 NEEDS-PAINT NEEDS-COMPOSITING-BITS-UPDATE
          child: RenderFlex#15aba relayoutBoundary=up16 NEEDS-PAINT NEEDS-COMPOSITING-BITS-UPDATE
            child 1: RenderParagraph#e1b6e relayoutBoundary=up17 NEEDS-PAINT
            child 2: RenderConstrainedBox#36e48 relayoutBoundary=up17 NEEDS-PAINT
            child 3: RenderSemanticsGestureHandler#7ab9c relayoutBoundary=up17 NEEDS-PAINT NEEDS-COMPOSITING-BITS-UPDATE
      child 2: RenderConstrainedBox#6a26d NEEDS-LAYOUT NEEDS-PAINT
      child 3: RenderDecoratedBox#754fc NEEDS-LAYOUT NEEDS-PAINT NEEDS-COMPOSITING-BITS-UPDATE
        child: RenderPadding#050f4 NEEDS-LAYOUT NEEDS-PAINT NEEDS-COMPOSITING-BITS-UPDATE
          child: RenderFlex#1ac48 NEEDS-LAYOUT NEEDS-PAINT NEEDS-COMPOSITING-BITS-UPDATE
            child 1: RenderParagraph#99649 NEEDS-LAYOUT NEEDS-PAINT
            child 2: RenderConstrainedBox#fd160 NEEDS-LAYOUT NEEDS-PAINT
            child 3: RenderFlex#bb67a NEEDS-LAYOUT NEEDS-PAINT NEEDS-COMPOSITING-BITS-UPDATE
      child 4: RenderConstrainedBox#02c20 NEEDS-LAYOUT NEEDS-PAINT
      child 5: RenderDecoratedBox#7480a NEEDS-LAYOUT NEEDS-PAINT NEEDS-COMPOSITING-BITS-UPDATE
        child: RenderPadding#0ee8a NEEDS-LAYOUT NEEDS-PAINT NEEDS-COMPOSITING-BITS-UPDATE
          child: RenderDecoratedBox#91202 NEEDS-LAYOUT NEEDS-PAINT NEEDS-COMPOSITING-BITS-UPDATE
            child: RenderPadding#46ede NEEDS-LAYOUT NEEDS-PAINT NEEDS-COMPOSITING-BITS-UPDATE
      child 6: RenderConstrainedBox#84437 NEEDS-LAYOUT NEEDS-PAINT
      child 7: RenderDecoratedBox#44ab4 NEEDS-LAYOUT NEEDS-PAINT NEEDS-COMPOSITING-BITS-UPDATE
        child: RenderPadding#1c8ca NEEDS-LAYOUT NEEDS-PAINT NEEDS-COMPOSITING-BITS-UPDATE
          child: RenderFlex#36020 NEEDS-LAYOUT NEEDS-PAINT NEEDS-COMPOSITING-BITS-UPDATE
            child 1: RenderPadding#45909 NEEDS-LAYOUT NEEDS-PAINT NEEDS-COMPOSITING-BITS-UPDATE
            child 2: RenderDecoratedBox#1b11d NEEDS-LAYOUT NEEDS-PAINT NEEDS-COMPOSITING-BITS-UPDATE
            child 3: RenderPadding#e0283 NEEDS-LAYOUT NEEDS-PAINT NEEDS-COMPOSITING-BITS-UPDATE
ΓòÉΓòÉΓòÉΓòÉΓòÉΓòÉΓòÉΓòÉΓòÉΓòÉΓòÉΓòÉΓòÉΓòÉΓòÉΓòÉΓòÉΓòÉΓòÉΓòÉΓòÉΓòÉΓòÉΓòÉΓòÉΓòÉΓòÉΓòÉΓòÉΓòÉΓòÉΓòÉΓòÉΓòÉΓòÉΓòÉΓòÉΓòÉΓòÉΓòÉΓòÉΓòÉΓòÉΓòÉΓòÉΓòÉΓòÉΓòÉΓòÉΓòÉΓòÉΓòÉΓòÉΓòÉΓòÉΓòÉΓòÉΓòÉΓòÉΓòÉΓòÉΓòÉΓòÉΓòÉΓòÉΓòÉΓòÉΓòÉΓòÉΓòÉΓòÉΓòÉΓòÉΓòÉΓòÉΓòÉΓòÉΓòÉΓòÉΓòÉΓòÉΓòÉΓòÉΓòÉΓòÉΓòÉΓòÉΓòÉΓòÉΓòÉΓòÉΓòÉΓòÉΓòÉΓòÉΓòÉΓòÉΓòÉΓòÉΓòÉ
ΓòÉΓòÉΓòí EXCEPTION CAUGHT BY RENDERING LIBRARY Γò₧ΓòÉΓòÉΓòÉΓòÉΓòÉΓòÉΓòÉΓòÉΓòÉΓòÉΓòÉΓòÉΓòÉΓòÉΓòÉΓòÉΓòÉΓòÉΓòÉΓòÉΓòÉΓòÉΓòÉΓòÉΓòÉΓòÉΓòÉΓòÉΓòÉΓòÉΓòÉΓòÉΓòÉΓòÉΓòÉΓòÉΓòÉΓòÉΓòÉΓòÉΓòÉΓòÉΓòÉΓòÉΓòÉΓòÉΓòÉΓòÉΓòÉΓòÉΓòÉΓòÉΓòÉΓòÉΓòÉΓòÉΓòÉ
The following assertion was thrown during performLayout():
RenderBox was not laid out: RenderFlex#2add5 relayoutBoundary=up12 NEEDS-PAINT
NEEDS-COMPOSITING-BITS-UPDATE
'package:flutter/src/rendering/box.dart':
Failed assertion: line 2251 pos 12: 'hasSize'

Either the assertion indicates an error in the framework itself, or we should provide substantially
more information in this error message to help you determine and fix the underlying cause.
In either case, please report this assertion by filing a bug on GitHub:
  https://github.com/flutter/flutter/issues/new?template=02_bug.yml

The relevant error-causing widget was:
  SingleChildScrollView
  SingleChildScrollView:file:///C:/Users/bhara/StudioProjects/simple_billing_app/lib/views/screens/billing_screen.dart:240:14

When the exception was thrown, this was the stack:
#2      RenderBox.size (package:flutter/src/rendering/box.dart:2251:12)
#3      _RenderSingleChildViewport.performLayout (package:flutter/src/widgets/single_child_scroll_view.dart:503:43)
#4      RenderObject.layout (package:flutter/src/rendering/object.dart:2768:7)
#5      RenderProxyBoxMixin.performLayout (package:flutter/src/rendering/proxy_box.dart:118:18)
#6      RenderObject.layout (package:flutter/src/rendering/object.dart:2768:7)
#7      RenderProxyBoxMixin.performLayout (package:flutter/src/rendering/proxy_box.dart:118:18)
#8      RenderObject.layout (package:flutter/src/rendering/object.dart:2768:7)
#9      RenderProxyBoxMixin.performLayout (package:flutter/src/rendering/proxy_box.dart:118:18)
#10     RenderObject.layout (package:flutter/src/rendering/object.dart:2768:7)
#11     RenderProxyBoxMixin.performLayout (package:flutter/src/rendering/proxy_box.dart:118:18)
#12     RenderObject.layout (package:flutter/src/rendering/object.dart:2768:7)
#13     RenderProxyBoxMixin.performLayout (package:flutter/src/rendering/proxy_box.dart:118:18)
#14     RenderObject.layout (package:flutter/src/rendering/object.dart:2768:7)
#15     RenderProxyBoxMixin.performLayout (package:flutter/src/rendering/proxy_box.dart:118:18)
#16     RenderObject.layout (package:flutter/src/rendering/object.dart:2768:7)
#17     RenderProxyBoxMixin.performLayout (package:flutter/src/rendering/proxy_box.dart:118:18)
#18     RenderObject.layout (package:flutter/src/rendering/object.dart:2768:7)
#19     RenderProxyBoxMixin.performLayout (package:flutter/src/rendering/proxy_box.dart:118:18)
#20     _RenderCustomClip.performLayout (package:flutter/src/rendering/proxy_box.dart:1549:11)
#21     RenderObject.layout (package:flutter/src/rendering/object.dart:2768:7)
#22     RenderPadding.performLayout (package:flutter/src/rendering/shifted_box.dart:262:12)
#23     RenderObject.layout (package:flutter/src/rendering/object.dart:2768:7)
#24     _RenderLayoutBuilder.performLayout (package:flutter/src/widgets/layout_builder.dart:449:14)
#25     RenderObject.layout (package:flutter/src/rendering/object.dart:2768:7)
#26     MultiChildLayoutDelegate.layoutChild (package:flutter/src/rendering/custom_layout.dart:180:12)
#27     _ScaffoldLayout.performLayout (package:flutter/src/material/scaffold.dart:1113:7)
#28     MultiChildLayoutDelegate._callPerformLayout (package:flutter/src/rendering/custom_layout.dart:246:7)
#29     RenderCustomMultiChildLayoutBox.performLayout (package:flutter/src/rendering/custom_layout.dart:417:14)
#30     RenderObject.layout (package:flutter/src/rendering/object.dart:2768:7)
#31     RenderProxyBoxMixin.performLayout (package:flutter/src/rendering/proxy_box.dart:118:18)
#32     RenderObject.layout (package:flutter/src/rendering/object.dart:2768:7)
#33     RenderProxyBoxMixin.performLayout (package:flutter/src/rendering/proxy_box.dart:118:18)
#34     _RenderCustomClip.performLayout (package:flutter/src/rendering/proxy_box.dart:1549:11)
#35     RenderObject.layout (package:flutter/src/rendering/object.dart:2768:7)
#36     RenderProxyBoxMixin.performLayout (package:flutter/src/rendering/proxy_box.dart:118:18)
#37     RenderObject.layout (package:flutter/src/rendering/object.dart:2768:7)
#38     RenderProxyBoxMixin.performLayout (package:flutter/src/rendering/proxy_box.dart:118:18)
#39     RenderObject.layout (package:flutter/src/rendering/object.dart:2768:7)
#40     RenderProxyBoxMixin.performLayout (package:flutter/src/rendering/proxy_box.dart:118:18)
#41     RenderObject.layout (package:flutter/src/rendering/object.dart:2768:7)
#42     RenderProxyBoxMixin.performLayout (package:flutter/src/rendering/proxy_box.dart:118:18)
#43     RenderObject.layout (package:flutter/src/rendering/object.dart:2768:7)
#44     RenderProxyBoxMixin.performLayout (package:flutter/src/rendering/proxy_box.dart:118:18)
#45     RenderObject.layout (package:flutter/src/rendering/object.dart:2768:7)
#46     RenderProxyBoxMixin.performLayout (package:flutter/src/rendering/proxy_box.dart:118:18)
#47     RenderObject.layout (package:flutter/src/rendering/object.dart:2768:7)
#48     RenderProxyBoxMixin.performLayout (package:flutter/src/rendering/proxy_box.dart:118:18)
#49     RenderObject.layout (package:flutter/src/rendering/object.dart:2768:7)
#50     RenderProxyBoxMixin.performLayout (package:flutter/src/rendering/proxy_box.dart:118:18)
#51     RenderObject.layout (package:flutter/src/rendering/object.dart:2768:7)
#52     RenderProxyBoxMixin.performLayout (package:flutter/src/rendering/proxy_box.dart:118:18)
#53     RenderObject.layout (package:flutter/src/rendering/object.dart:2768:7)
#54     RenderProxyBoxMixin.performLayout (package:flutter/src/rendering/proxy_box.dart:118:18)
#55     RenderObject.layout (package:flutter/src/rendering/object.dart:2768:7)
#56     RenderProxyBoxMixin.performLayout (package:flutter/src/rendering/proxy_box.dart:118:18)
#57     RenderObject.layout (package:flutter/src/rendering/object.dart:2768:7)
#58     RenderProxyBoxMixin.performLayout (package:flutter/src/rendering/proxy_box.dart:118:18)
#59     RenderObject.layout (package:flutter/src/rendering/object.dart:2768:7)
#60     RenderProxyBoxMixin.performLayout (package:flutter/src/rendering/proxy_box.dart:118:18)
#61     RenderObject.layout (package:flutter/src/rendering/object.dart:2768:7)
#62     RenderProxyBoxMixin.performLayout (package:flutter/src/rendering/proxy_box.dart:118:18)
#63     RenderObject.layout (package:flutter/src/rendering/object.dart:2768:7)
#64     RenderProxyBoxMixin.performLayout (package:flutter/src/rendering/proxy_box.dart:118:18)
#65     RenderObject.layout (package:flutter/src/rendering/object.dart:2768:7)
#66     RenderProxyBoxMixin.performLayout (package:flutter/src/rendering/proxy_box.dart:118:18)
#67     RenderOffstage.performLayout (package:flutter/src/rendering/proxy_box.dart:3923:13)
#68     RenderObject.layout (package:flutter/src/rendering/object.dart:2768:7)
#69     RenderProxyBoxMixin.performLayout (package:flutter/src/rendering/proxy_box.dart:118:18)
#70     RenderObject.layout (package:flutter/src/rendering/object.dart:2768:7)
#71     _RenderTheaterMixin.layoutChild (package:flutter/src/widgets/overlay.dart:1084:13)
#72     _RenderTheater.performLayout (package:flutter/src/widgets/overlay.dart:1429:9)
#73     RenderObject.layout (package:flutter/src/rendering/object.dart:2768:7)
#74     RenderProxyBoxMixin.performLayout (package:flutter/src/rendering/proxy_box.dart:118:18)
#75     RenderObject.layout (package:flutter/src/rendering/object.dart:2768:7)
#76     RenderProxyBoxMixin.performLayout (package:flutter/src/rendering/proxy_box.dart:118:18)
#77     RenderObject.layout (package:flutter/src/rendering/object.dart:2768:7)
#78     RenderProxyBoxMixin.performLayout (package:flutter/src/rendering/proxy_box.dart:118:18)
#79     RenderObject.layout (package:flutter/src/rendering/object.dart:2768:7)
#80     RenderProxyBoxMixin.performLayout (package:flutter/src/rendering/proxy_box.dart:118:18)
#81     RenderCustomPaint.performLayout (package:flutter/src/rendering/custom_paint.dart:574:11)
#82     RenderObject.layout (package:flutter/src/rendering/object.dart:2768:7)
#83     RenderProxyBoxMixin.performLayout (package:flutter/src/rendering/proxy_box.dart:118:18)
#84     RenderObject.layout (package:flutter/src/rendering/object.dart:2768:7)
#85     RenderProxyBoxMixin.performLayout (package:flutter/src/rendering/proxy_box.dart:118:18)
#86     RenderObject.layout (package:flutter/src/rendering/object.dart:2768:7)
#87     RenderProxyBoxMixin.performLayout (package:flutter/src/rendering/proxy_box.dart:118:18)
#88     RenderObject.layout (package:flutter/src/rendering/object.dart:2768:7)
#89     RenderProxyBoxMixin.performLayout (package:flutter/src/rendering/proxy_box.dart:118:18)
#90     RenderObject.layout (package:flutter/src/rendering/object.dart:2768:7)
#91     RenderProxyBoxMixin.performLayout (package:flutter/src/rendering/proxy_box.dart:118:18)
#92     RenderObject.layout (package:flutter/src/rendering/object.dart:2768:7)
#93     RenderProxyBoxMixin.performLayout (package:flutter/src/rendering/proxy_box.dart:118:18)
#94     RenderObject.layout (package:flutter/src/rendering/object.dart:2768:7)
#95     RenderView.performLayout (package:flutter/src/rendering/view.dart:292:12)
#96     RenderObject._layoutWithoutResize (package:flutter/src/rendering/object.dart:2616:7)
#97     PipelineOwner.flushLayout (package:flutter/src/rendering/object.dart:1174:18)
#98     PipelineOwner.flushLayout (package:flutter/src/rendering/object.dart:1187:15)
#99     AutomatedTestWidgetsFlutterBinding.drawFrame (package:flutter_test/src/binding.dart:2133:27)
#100    RendererBinding._handlePersistentFrameCallback (package:flutter/src/rendering/binding.dart:495:5)
#101    SchedulerBinding._invokeFrameCallback (package:flutter/src/scheduler/binding.dart:1430:15)
#102    SchedulerBinding.handleDrawFrame (package:flutter/src/scheduler/binding.dart:1345:9)
#103    AutomatedTestWidgetsFlutterBinding.pump.<anonymous closure> (package:flutter_test/src/binding.dart:1960:9)
#106    TestAsyncUtils.guard (package:flutter_test/src/test_async_utils.dart:74:41)
#107    AutomatedTestWidgetsFlutterBinding.pump (package:flutter_test/src/binding.dart:1949:27)
#108    WidgetTester.pumpWidget.<anonymous closure> (package:flutter_test/src/widget_tester.dart:598:22)
#111    TestAsyncUtils.guard (package:flutter_test/src/test_async_utils.dart:74:41)
#112    WidgetTester.pumpWidget (package:flutter_test/src/widget_tester.dart:595:27)
#113    main.<anonymous closure>.<anonymous closure> (file:///C:/Users/bhara/StudioProjects/simple_billing_app/test/widget/billing_screen_test.dart:83:20)
#114    testWidgets.<anonymous closure>.<anonymous closure> (package:flutter_test/src/widget_tester.dart:192:29)
<asynchronous suspension>
#115    TestWidgetsFlutterBinding._runTestBody (package:flutter_test/src/binding.dart:1682:5)
<asynchronous suspension>
<asynchronous suspension>
(elided 7 frames from class _AssertionError, dart:async, and package:stack_trace)

The following RenderObject was being processed when the exception was fired: _RenderSingleChildViewport#12233 relayoutBoundary=up11 NEEDS-LAYOUT NEEDS-PAINT NEEDS-COMPOSITING-BITS-UPDATE:
  needs compositing
  creator: _SingleChildViewport ΓåÉ IgnorePointer-[GlobalKey#f5c67] ΓåÉ Semantics ΓåÉ Listener ΓåÉ
    _GestureSemantics ΓåÉ RawGestureDetector-[LabeledGlobalKey<RawGestureDetectorState>#ec0e3] ΓåÉ
    Listener ΓåÉ _ScrollableScope ΓåÉ _ScrollSemantics-[GlobalKey#a1b6e] ΓåÉ
    NotificationListener<ScrollMetricsNotification> ΓåÉ Transform ΓåÉ StretchEffect ΓåÉ Γï»
  parentData: <none> (can use size)
  constraints: BoxConstraints(0.0<=w<=1136.0, 0.0<=h<=613.0)
  size: MISSING
  offset: Offset(0.0, -0.0)
This RenderObject had the following descendants (showing up to depth 5):
    child: RenderFlex#2add5 relayoutBoundary=up12 NEEDS-PAINT NEEDS-COMPOSITING-BITS-UPDATE
      child 1: RenderFlex#ffba7 relayoutBoundary=up13 NEEDS-PAINT NEEDS-COMPOSITING-BITS-UPDATE
        child 1: RenderDecoratedBox#32656 relayoutBoundary=up14 NEEDS-PAINT NEEDS-COMPOSITING-BITS-UPDATE
          child: RenderPadding#f55e3 relayoutBoundary=up15 NEEDS-PAINT NEEDS-COMPOSITING-BITS-UPDATE
            child: RenderFlex#15aba relayoutBoundary=up16 NEEDS-PAINT NEEDS-COMPOSITING-BITS-UPDATE
        child 2: RenderConstrainedBox#6a26d NEEDS-LAYOUT NEEDS-PAINT
        child 3: RenderDecoratedBox#754fc NEEDS-LAYOUT NEEDS-PAINT NEEDS-COMPOSITING-BITS-UPDATE
          child: RenderPadding#050f4 NEEDS-LAYOUT NEEDS-PAINT NEEDS-COMPOSITING-BITS-UPDATE
            child: RenderFlex#1ac48 NEEDS-LAYOUT NEEDS-PAINT NEEDS-COMPOSITING-BITS-UPDATE
        child 4: RenderConstrainedBox#02c20 NEEDS-LAYOUT NEEDS-PAINT
        child 5: RenderDecoratedBox#7480a NEEDS-LAYOUT NEEDS-PAINT NEEDS-COMPOSITING-BITS-UPDATE
          child: RenderPadding#0ee8a NEEDS-LAYOUT NEEDS-PAINT NEEDS-COMPOSITING-BITS-UPDATE
            child: RenderDecoratedBox#91202 NEEDS-LAYOUT NEEDS-PAINT NEEDS-COMPOSITING-BITS-UPDATE
        child 6: RenderConstrainedBox#84437 NEEDS-LAYOUT NEEDS-PAINT
        child 7: RenderDecoratedBox#44ab4 NEEDS-LAYOUT NEEDS-PAINT NEEDS-COMPOSITING-BITS-UPDATE
          child: RenderPadding#1c8ca NEEDS-LAYOUT NEEDS-PAINT NEEDS-COMPOSITING-BITS-UPDATE
            child: RenderFlex#36020 NEEDS-LAYOUT NEEDS-PAINT NEEDS-COMPOSITING-BITS-UPDATE
      child 2: RenderConstrainedBox#84d86 NEEDS-LAYOUT NEEDS-PAINT
      child 3: RenderConstrainedBox#48026 NEEDS-LAYOUT NEEDS-PAINT NEEDS-COMPOSITING-BITS-UPDATE
        child: RenderDecoratedBox#71bc0 NEEDS-LAYOUT NEEDS-PAINT NEEDS-COMPOSITING-BITS-UPDATE
          child: RenderPadding#780ec NEEDS-LAYOUT NEEDS-PAINT NEEDS-COMPOSITING-BITS-UPDATE
            child: RenderFlex#be360 NEEDS-LAYOUT NEEDS-PAINT NEEDS-COMPOSITING-BITS-UPDATE
ΓòÉΓòÉΓòÉΓòÉΓòÉΓòÉΓòÉΓòÉΓòÉΓòÉΓòÉΓòÉΓòÉΓòÉΓòÉΓòÉΓòÉΓòÉΓòÉΓòÉΓòÉΓòÉΓòÉΓòÉΓòÉΓòÉΓòÉΓòÉΓòÉΓòÉΓòÉΓòÉΓòÉΓòÉΓòÉΓòÉΓòÉΓòÉΓòÉΓòÉΓòÉΓòÉΓòÉΓòÉΓòÉΓòÉΓòÉΓòÉΓòÉΓòÉΓòÉΓòÉΓòÉΓòÉΓòÉΓòÉΓòÉΓòÉΓòÉΓòÉΓòÉΓòÉΓòÉΓòÉΓòÉΓòÉΓòÉΓòÉΓòÉΓòÉΓòÉΓòÉΓòÉΓòÉΓòÉΓòÉΓòÉΓòÉΓòÉΓòÉΓòÉΓòÉΓòÉΓòÉΓòÉΓòÉΓòÉΓòÉΓòÉΓòÉΓòÉΓòÉΓòÉΓòÉΓòÉΓòÉΓòÉΓòÉΓòÉΓòÉ
ΓòÉΓòÉΓòí EXCEPTION CAUGHT BY RENDERING LIBRARY Γò₧ΓòÉΓòÉΓòÉΓòÉΓòÉΓòÉΓòÉΓòÉΓòÉΓòÉΓòÉΓòÉΓòÉΓòÉΓòÉΓòÉΓòÉΓòÉΓòÉΓòÉΓòÉΓòÉΓòÉΓòÉΓòÉΓòÉΓòÉΓòÉΓòÉΓòÉΓòÉΓòÉΓòÉΓòÉΓòÉΓòÉΓòÉΓòÉΓòÉΓòÉΓòÉΓòÉΓòÉΓòÉΓòÉΓòÉΓòÉΓòÉΓòÉΓòÉΓòÉΓòÉΓòÉΓòÉΓòÉΓòÉΓòÉ
The following assertion was thrown during performLayout():
RenderBox was not laid out: _RenderSingleChildViewport#12233 relayoutBoundary=up11 NEEDS-PAINT
NEEDS-COMPOSITING-BITS-UPDATE
'package:flutter/src/rendering/box.dart':
Failed assertion: line 2251 pos 12: 'hasSize'

Either the assertion indicates an error in the framework itself, or we should provide substantially
more information in this error message to help you determine and fix the underlying cause.
In either case, please report this assertion by filing a bug on GitHub:
  https://github.com/flutter/flutter/issues/new?template=02_bug.yml

The relevant error-causing widget was:
  SingleChildScrollView
  SingleChildScrollView:file:///C:/Users/bhara/StudioProjects/simple_billing_app/lib/views/screens/billing_screen.dart:240:14

When the exception was thrown, this was the stack:
#2      RenderBox.size (package:flutter/src/rendering/box.dart:2251:12)
#3      RenderProxyBoxMixin.performLayout (package:flutter/src/rendering/proxy_box.dart:118:62)
#4      RenderObject.layout (package:flutter/src/rendering/object.dart:2768:7)
#5      RenderProxyBoxMixin.performLayout (package:flutter/src/rendering/proxy_box.dart:118:18)
#6      RenderObject.layout (package:flutter/src/rendering/object.dart:2768:7)
#7      RenderProxyBoxMixin.performLayout (package:flutter/src/rendering/proxy_box.dart:118:18)
#8      RenderObject.layout (package:flutter/src/rendering/object.dart:2768:7)
#9      RenderProxyBoxMixin.performLayout (package:flutter/src/rendering/proxy_box.dart:118:18)
#10     RenderObject.layout (package:flutter/src/rendering/object.dart:2768:7)
#11     RenderProxyBoxMixin.performLayout (package:flutter/src/rendering/proxy_box.dart:118:18)
#12     RenderObject.layout (package:flutter/src/rendering/object.dart:2768:7)
#13     RenderProxyBoxMixin.performLayout (package:flutter/src/rendering/proxy_box.dart:118:18)
#14     RenderObject.layout (package:flutter/src/rendering/object.dart:2768:7)
#15     RenderProxyBoxMixin.performLayout (package:flutter/src/rendering/proxy_box.dart:118:18)
#16     RenderObject.layout (package:flutter/src/rendering/object.dart:2768:7)
#17     RenderProxyBoxMixin.performLayout (package:flutter/src/rendering/proxy_box.dart:118:18)
#18     _RenderCustomClip.performLayout (package:flutter/src/rendering/proxy_box.dart:1549:11)
#19     RenderObject.layout (package:flutter/src/rendering/object.dart:2768:7)
#20     RenderPadding.performLayout (package:flutter/src/rendering/shifted_box.dart:262:12)
#21     RenderObject.layout (package:flutter/src/rendering/object.dart:2768:7)
#22     _RenderLayoutBuilder.performLayout (package:flutter/src/widgets/layout_builder.dart:449:14)
#23     RenderObject.layout (package:flutter/src/rendering/object.dart:2768:7)
#24     MultiChildLayoutDelegate.layoutChild (package:flutter/src/rendering/custom_layout.dart:180:12)
#25     _ScaffoldLayout.performLayout (package:flutter/src/material/scaffold.dart:1113:7)
#26     MultiChildLayoutDelegate._callPerformLayout (package:flutter/src/rendering/custom_layout.dart:246:7)
#27     RenderCustomMultiChildLayoutBox.performLayout (package:flutter/src/rendering/custom_layout.dart:417:14)
#28     RenderObject.layout (package:flutter/src/rendering/object.dart:2768:7)
#29     RenderProxyBoxMixin.performLayout (package:flutter/src/rendering/proxy_box.dart:118:18)
#30     RenderObject.layout (package:flutter/src/rendering/object.dart:2768:7)
#31     RenderProxyBoxMixin.performLayout (package:flutter/src/rendering/proxy_box.dart:118:18)
#32     _RenderCustomClip.performLayout (package:flutter/src/rendering/proxy_box.dart:1549:11)
#33     RenderObject.layout (package:flutter/src/rendering/object.dart:2768:7)
#34     RenderProxyBoxMixin.performLayout (package:flutter/src/rendering/proxy_box.dart:118:18)
#35     RenderObject.layout (package:flutter/src/rendering/object.dart:2768:7)
#36     RenderProxyBoxMixin.performLayout (package:flutter/src/rendering/proxy_box.dart:118:18)
#37     RenderObject.layout (package:flutter/src/rendering/object.dart:2768:7)
#38     RenderProxyBoxMixin.performLayout (package:flutter/src/rendering/proxy_box.dart:118:18)
#39     RenderObject.layout (package:flutter/src/rendering/object.dart:2768:7)
#40     RenderProxyBoxMixin.performLayout (package:flutter/src/rendering/proxy_box.dart:118:18)
#41     RenderObject.layout (package:flutter/src/rendering/object.dart:2768:7)
#42     RenderProxyBoxMixin.performLayout (package:flutter/src/rendering/proxy_box.dart:118:18)
#43     RenderObject.layout (package:flutter/src/rendering/object.dart:2768:7)
#44     RenderProxyBoxMixin.performLayout (package:flutter/src/rendering/proxy_box.dart:118:18)
#45     RenderObject.layout (package:flutter/src/rendering/object.dart:2768:7)
#46     RenderProxyBoxMixin.performLayout (package:flutter/src/rendering/proxy_box.dart:118:18)
#47     RenderObject.layout (package:flutter/src/rendering/object.dart:2768:7)
#48     RenderProxyBoxMixin.performLayout (package:flutter/src/rendering/proxy_box.dart:118:18)
#49     RenderObject.layout (package:flutter/src/rendering/object.dart:2768:7)
#50     RenderProxyBoxMixin.performLayout (package:flutter/src/rendering/proxy_box.dart:118:18)
#51     RenderObject.layout (package:flutter/src/rendering/object.dart:2768:7)
#52     RenderProxyBoxMixin.performLayout (package:flutter/src/rendering/proxy_box.dart:118:18)
#53     RenderObject.layout (package:flutter/src/rendering/object.dart:2768:7)
#54     RenderProxyBoxMixin.performLayout (package:flutter/src/rendering/proxy_box.dart:118:18)
#55     RenderObject.layout (package:flutter/src/rendering/object.dart:2768:7)
#56     RenderProxyBoxMixin.performLayout (package:flutter/src/rendering/proxy_box.dart:118:18)
#57     RenderObject.layout (package:flutter/src/rendering/object.dart:2768:7)
#58     RenderProxyBoxMixin.performLayout (package:flutter/src/rendering/proxy_box.dart:118:18)
#59     RenderObject.layout (package:flutter/src/rendering/object.dart:2768:7)
#60     RenderProxyBoxMixin.performLayout (package:flutter/src/rendering/proxy_box.dart:118:18)
#61     RenderObject.layout (package:flutter/src/rendering/object.dart:2768:7)
#62     RenderProxyBoxMixin.performLayout (package:flutter/src/rendering/proxy_box.dart:118:18)
#63     RenderObject.layout (package:flutter/src/rendering/object.dart:2768:7)
#64     RenderProxyBoxMixin.performLayout (package:flutter/src/rendering/proxy_box.dart:118:18)
#65     RenderOffstage.performLayout (package:flutter/src/rendering/proxy_box.dart:3923:13)
#66     RenderObject.layout (package:flutter/src/rendering/object.dart:2768:7)
#67     RenderProxyBoxMixin.performLayout (package:flutter/src/rendering/proxy_box.dart:118:18)
#68     RenderObject.layout (package:flutter/src/rendering/object.dart:2768:7)
#69     _RenderTheaterMixin.layoutChild (package:flutter/src/widgets/overlay.dart:1084:13)
#70     _RenderTheater.performLayout (package:flutter/src/widgets/overlay.dart:1429:9)
#71     RenderObject.layout (package:flutter/src/rendering/object.dart:2768:7)
#72     RenderProxyBoxMixin.performLayout (package:flutter/src/rendering/proxy_box.dart:118:18)
#73     RenderObject.layout (package:flutter/src/rendering/object.dart:2768:7)
#74     RenderProxyBoxMixin.performLayout (package:flutter/src/rendering/proxy_box.dart:118:18)
#75     RenderObject.layout (package:flutter/src/rendering/object.dart:2768:7)
#76     RenderProxyBoxMixin.performLayout (package:flutter/src/rendering/proxy_box.dart:118:18)
#77     RenderObject.layout (package:flutter/src/rendering/object.dart:2768:7)
#78     RenderProxyBoxMixin.performLayout (package:flutter/src/rendering/proxy_box.dart:118:18)
#79     RenderCustomPaint.performLayout (package:flutter/src/rendering/custom_paint.dart:574:11)
#80     RenderObject.layout (package:flutter/src/rendering/object.dart:2768:7)
#81     RenderProxyBoxMixin.performLayout (package:flutter/src/rendering/proxy_box.dart:118:18)
#82     RenderObject.layout (package:flutter/src/rendering/object.dart:2768:7)
#83     RenderProxyBoxMixin.performLayout (package:flutter/src/rendering/proxy_box.dart:118:18)
#84     RenderObject.layout (package:flutter/src/rendering/object.dart:2768:7)
#85     RenderProxyBoxMixin.performLayout (package:flutter/src/rendering/proxy_box.dart:118:18)
#86     RenderObject.layout (package:flutter/src/rendering/object.dart:2768:7)
#87     RenderProxyBoxMixin.performLayout (package:flutter/src/rendering/proxy_box.dart:118:18)
#88     RenderObject.layout (package:flutter/src/rendering/object.dart:2768:7)
#89     RenderProxyBoxMixin.performLayout (package:flutter/src/rendering/proxy_box.dart:118:18)
#90     RenderObject.layout (package:flutter/src/rendering/object.dart:2768:7)
#91     RenderProxyBoxMixin.performLayout (package:flutter/src/rendering/proxy_box.dart:118:18)
#92     RenderObject.layout (package:flutter/src/rendering/object.dart:2768:7)
#93     RenderView.performLayout (package:flutter/src/rendering/view.dart:292:12)
#94     RenderObject._layoutWithoutResize (package:flutter/src/rendering/object.dart:2616:7)
#95     PipelineOwner.flushLayout (package:flutter/src/rendering/object.dart:1174:18)
#96     PipelineOwner.flushLayout (package:flutter/src/rendering/object.dart:1187:15)
#97     AutomatedTestWidgetsFlutterBinding.drawFrame (package:flutter_test/src/binding.dart:2133:27)
#98     RendererBinding._handlePersistentFrameCallback (package:flutter/src/rendering/binding.dart:495:5)
#99     SchedulerBinding._invokeFrameCallback (package:flutter/src/scheduler/binding.dart:1430:15)
#100    SchedulerBinding.handleDrawFrame (package:flutter/src/scheduler/binding.dart:1345:9)
#101    AutomatedTestWidgetsFlutterBinding.pump.<anonymous closure> (package:flutter_test/src/binding.dart:1960:9)
#104    TestAsyncUtils.guard (package:flutter_test/src/test_async_utils.dart:74:41)
#105    AutomatedTestWidgetsFlutterBinding.pump (package:flutter_test/src/binding.dart:1949:27)
#106    WidgetTester.pumpWidget.<anonymous closure> (package:flutter_test/src/widget_tester.dart:598:22)
#109    TestAsyncUtils.guard (package:flutter_test/src/test_async_utils.dart:74:41)
#110    WidgetTester.pumpWidget (package:flutter_test/src/widget_tester.dart:595:27)
#111    main.<anonymous closure>.<anonymous closure> (file:///C:/Users/bhara/StudioProjects/simple_billing_app/test/widget/billing_screen_test.dart:83:20)
#112    testWidgets.<anonymous closure>.<anonymous closure> (package:flutter_test/src/widget_tester.dart:192:29)
<asynchronous suspension>
#113    TestWidgetsFlutterBinding._runTestBody (package:flutter_test/src/binding.dart:1682:5)
<asynchronous suspension>
<asynchronous suspension>
(elided 7 frames from class _AssertionError, dart:async, and package:stack_trace)

The following RenderObject was being processed when the exception was fired: RenderIgnorePointer#85463 relayoutBoundary=up10 NEEDS-LAYOUT NEEDS-PAINT NEEDS-COMPOSITING-BITS-UPDATE:
  creator: IgnorePointer-[GlobalKey#f5c67] ΓåÉ Semantics ΓåÉ Listener ΓåÉ _GestureSemantics ΓåÉ
    RawGestureDetector-[LabeledGlobalKey<RawGestureDetectorState>#ec0e3] ΓåÉ Listener ΓåÉ _ScrollableScope
    ΓåÉ _ScrollSemantics-[GlobalKey#a1b6e] ΓåÉ NotificationListener<ScrollMetricsNotification> ΓåÉ Transform
    ΓåÉ StretchEffect ΓåÉ ClipRect ΓåÉ Γï»
  parentData: <none> (can use size)
  constraints: BoxConstraints(0.0<=w<=1136.0, 0.0<=h<=613.0)
  size: MISSING
  ignoring: false
  ignoringSemantics: null
This RenderObject had the following descendants (showing up to depth 5):
    child: _RenderSingleChildViewport#12233 relayoutBoundary=up11 NEEDS-PAINT NEEDS-COMPOSITING-BITS-UPDATE
      child: RenderFlex#2add5 relayoutBoundary=up12 NEEDS-PAINT NEEDS-COMPOSITING-BITS-UPDATE
        child 1: RenderFlex#ffba7 relayoutBoundary=up13 NEEDS-PAINT NEEDS-COMPOSITING-BITS-UPDATE
          child 1: RenderDecoratedBox#32656 relayoutBoundary=up14 NEEDS-PAINT NEEDS-COMPOSITING-BITS-UPDATE
            child: RenderPadding#f55e3 relayoutBoundary=up15 NEEDS-PAINT NEEDS-COMPOSITING-BITS-UPDATE
          child 2: RenderConstrainedBox#6a26d NEEDS-LAYOUT NEEDS-PAINT
          child 3: RenderDecoratedBox#754fc NEEDS-LAYOUT NEEDS-PAINT NEEDS-COMPOSITING-BITS-UPDATE
            child: RenderPadding#050f4 NEEDS-LAYOUT NEEDS-PAINT NEEDS-COMPOSITING-BITS-UPDATE
          child 4: RenderConstrainedBox#02c20 NEEDS-LAYOUT NEEDS-PAINT
          child 5: RenderDecoratedBox#7480a NEEDS-LAYOUT NEEDS-PAINT NEEDS-COMPOSITING-BITS-UPDATE
            child: RenderPadding#0ee8a NEEDS-LAYOUT NEEDS-PAINT NEEDS-COMPOSITING-BITS-UPDATE
          child 6: RenderConstrainedBox#84437 NEEDS-LAYOUT NEEDS-PAINT
          child 7: RenderDecoratedBox#44ab4 NEEDS-LAYOUT NEEDS-PAINT NEEDS-COMPOSITING-BITS-UPDATE
            child: RenderPadding#1c8ca NEEDS-LAYOUT NEEDS-PAINT NEEDS-COMPOSITING-BITS-UPDATE
        child 2: RenderConstrainedBox#84d86 NEEDS-LAYOUT NEEDS-PAINT
        child 3: RenderConstrainedBox#48026 NEEDS-LAYOUT NEEDS-PAINT NEEDS-COMPOSITING-BITS-UPDATE
          child: RenderDecoratedBox#71bc0 NEEDS-LAYOUT NEEDS-PAINT NEEDS-COMPOSITING-BITS-UPDATE
            child: RenderPadding#780ec NEEDS-LAYOUT NEEDS-PAINT NEEDS-COMPOSITING-BITS-UPDATE
ΓòÉΓòÉΓòÉΓòÉΓòÉΓòÉΓòÉΓòÉΓòÉΓòÉΓòÉΓòÉΓòÉΓòÉΓòÉΓòÉΓòÉΓòÉΓòÉΓòÉΓòÉΓòÉΓòÉΓòÉΓòÉΓòÉΓòÉΓòÉΓòÉΓòÉΓòÉΓòÉΓòÉΓòÉΓòÉΓòÉΓòÉΓòÉΓòÉΓòÉΓòÉΓòÉΓòÉΓòÉΓòÉΓòÉΓòÉΓòÉΓòÉΓòÉΓòÉΓòÉΓòÉΓòÉΓòÉΓòÉΓòÉΓòÉΓòÉΓòÉΓòÉΓòÉΓòÉΓòÉΓòÉΓòÉΓòÉΓòÉΓòÉΓòÉΓòÉΓòÉΓòÉΓòÉΓòÉΓòÉΓòÉΓòÉΓòÉΓòÉΓòÉΓòÉΓòÉΓòÉΓòÉΓòÉΓòÉΓòÉΓòÉΓòÉΓòÉΓòÉΓòÉΓòÉΓòÉΓòÉΓòÉΓòÉΓòÉΓòÉ
ΓòÉΓòÉΓòí EXCEPTION CAUGHT BY RENDERING LIBRARY Γò₧ΓòÉΓòÉΓòÉΓòÉΓòÉΓòÉΓòÉΓòÉΓòÉΓòÉΓòÉΓòÉΓòÉΓòÉΓòÉΓòÉΓòÉΓòÉΓòÉΓòÉΓòÉΓòÉΓòÉΓòÉΓòÉΓòÉΓòÉΓòÉΓòÉΓòÉΓòÉΓòÉΓòÉΓòÉΓòÉΓòÉΓòÉΓòÉΓòÉΓòÉΓòÉΓòÉΓòÉΓòÉΓòÉΓòÉΓòÉΓòÉΓòÉΓòÉΓòÉΓòÉΓòÉΓòÉΓòÉΓòÉΓòÉ
The following assertion was thrown during performLayout():
RenderBox was not laid out: RenderIgnorePointer#85463 relayoutBoundary=up10 NEEDS-PAINT
NEEDS-COMPOSITING-BITS-UPDATE
'package:flutter/src/rendering/box.dart':
Failed assertion: line 2251 pos 12: 'hasSize'

Either the assertion indicates an error in the framework itself, or we should provide substantially
more information in this error message to help you determine and fix the underlying cause.
In either case, please report this assertion by filing a bug on GitHub:
  https://github.com/flutter/flutter/issues/new?template=02_bug.yml

The relevant error-causing widget was:
  SingleChildScrollView
  SingleChildScrollView:file:///C:/Users/bhara/StudioProjects/simple_billing_app/lib/views/screens/billing_screen.dart:240:14

When the exception was thrown, this was the stack:
#2      RenderBox.size (package:flutter/src/rendering/box.dart:2251:12)
#3      RenderProxyBoxMixin.performLayout (package:flutter/src/rendering/proxy_box.dart:118:62)
#4      RenderObject.layout (package:flutter/src/rendering/object.dart:2768:7)
#5      RenderProxyBoxMixin.performLayout (package:flutter/src/rendering/proxy_box.dart:118:18)
#6      RenderObject.layout (package:flutter/src/rendering/object.dart:2768:7)
#7      RenderProxyBoxMixin.performLayout (package:flutter/src/rendering/proxy_box.dart:118:18)
#8      RenderObject.layout (package:flutter/src/rendering/object.dart:2768:7)
#9      RenderProxyBoxMixin.performLayout (package:flutter/src/rendering/proxy_box.dart:118:18)
#10     RenderObject.layout (package:flutter/src/rendering/object.dart:2768:7)
#11     RenderProxyBoxMixin.performLayout (package:flutter/src/rendering/proxy_box.dart:118:18)
#12     RenderObject.layout (package:flutter/src/rendering/object.dart:2768:7)
#13     RenderProxyBoxMixin.performLayout (package:flutter/src/rendering/proxy_box.dart:118:18)
#14     RenderObject.layout (package:flutter/src/rendering/object.dart:2768:7)
#15     RenderProxyBoxMixin.performLayout (package:flutter/src/rendering/proxy_box.dart:118:18)
#16     _RenderCustomClip.performLayout (package:flutter/src/rendering/proxy_box.dart:1549:11)
#17     RenderObject.layout (package:flutter/src/rendering/object.dart:2768:7)
#18     RenderPadding.performLayout (package:flutter/src/rendering/shifted_box.dart:262:12)
#19     RenderObject.layout (package:flutter/src/rendering/object.dart:2768:7)
#20     _RenderLayoutBuilder.performLayout (package:flutter/src/widgets/layout_builder.dart:449:14)
#21     RenderObject.layout (package:flutter/src/rendering/object.dart:2768:7)
#22     MultiChildLayoutDelegate.layoutChild (package:flutter/src/rendering/custom_layout.dart:180:12)
#23     _ScaffoldLayout.performLayout (package:flutter/src/material/scaffold.dart:1113:7)
#24     MultiChildLayoutDelegate._callPerformLayout (package:flutter/src/rendering/custom_layout.dart:246:7)
#25     RenderCustomMultiChildLayoutBox.performLayout (package:flutter/src/rendering/custom_layout.dart:417:14)
#26     RenderObject.layout (package:flutter/src/rendering/object.dart:2768:7)
#27     RenderProxyBoxMixin.performLayout (package:flutter/src/rendering/proxy_box.dart:118:18)
#28     RenderObject.layout (package:flutter/src/rendering/object.dart:2768:7)
#29     RenderProxyBoxMixin.performLayout (package:flutter/src/rendering/proxy_box.dart:118:18)
#30     _RenderCustomClip.performLayout (package:flutter/src/rendering/proxy_box.dart:1549:11)
#31     RenderObject.layout (package:flutter/src/rendering/object.dart:2768:7)
#32     RenderProxyBoxMixin.performLayout (package:flutter/src/rendering/proxy_box.dart:118:18)
#33     RenderObject.layout (package:flutter/src/rendering/object.dart:2768:7)
#34     RenderProxyBoxMixin.performLayout (package:flutter/src/rendering/proxy_box.dart:118:18)
#35     RenderObject.layout (package:flutter/src/rendering/object.dart:2768:7)
#36     RenderProxyBoxMixin.performLayout (package:flutter/src/rendering/proxy_box.dart:118:18)
#37     RenderObject.layout (package:flutter/src/rendering/object.dart:2768:7)
#38     RenderProxyBoxMixin.performLayout (package:flutter/src/rendering/proxy_box.dart:118:18)
#39     RenderObject.layout (package:flutter/src/rendering/object.dart:2768:7)
#40     RenderProxyBoxMixin.performLayout (package:flutter/src/rendering/proxy_box.dart:118:18)
#41     RenderObject.layout (package:flutter/src/rendering/object.dart:2768:7)
#42     RenderProxyBoxMixin.performLayout (package:flutter/src/rendering/proxy_box.dart:118:18)
#43     RenderObject.layout (package:flutter/src/rendering/object.dart:2768:7)
#44     RenderProxyBoxMixin.performLayout (package:flutter/src/rendering/proxy_box.dart:118:18)
#45     RenderObject.layout (package:flutter/src/rendering/object.dart:2768:7)
#46     RenderProxyBoxMixin.performLayout (package:flutter/src/rendering/proxy_box.dart:118:18)
#47     RenderObject.layout (package:flutter/src/rendering/object.dart:2768:7)
#48     RenderProxyBoxMixin.performLayout (package:flutter/src/rendering/proxy_box.dart:118:18)
#49     RenderObject.layout (package:flutter/src/rendering/object.dart:2768:7)
#50     RenderProxyBoxMixin.performLayout (package:flutter/src/rendering/proxy_box.dart:118:18)
#51     RenderObject.layout (package:flutter/src/rendering/object.dart:2768:7)
#52     RenderProxyBoxMixin.performLayout (package:flutter/src/rendering/proxy_box.dart:118:18)
#53     RenderObject.layout (package:flutter/src/rendering/object.dart:2768:7)
#54     RenderProxyBoxMixin.performLayout (package:flutter/src/rendering/proxy_box.dart:118:18)
#55     RenderObject.layout (package:flutter/src/rendering/object.dart:2768:7)
#56     RenderProxyBoxMixin.performLayout (package:flutter/src/rendering/proxy_box.dart:118:18)
#57     RenderObject.layout (package:flutter/src/rendering/object.dart:2768:7)
#58     RenderProxyBoxMixin.performLayout (package:flutter/src/rendering/proxy_box.dart:118:18)
#59     RenderObject.layout (package:flutter/src/rendering/object.dart:2768:7)
#60     RenderProxyBoxMixin.performLayout (package:flutter/src/rendering/proxy_box.dart:118:18)
#61     RenderObject.layout (package:flutter/src/rendering/object.dart:2768:7)
#62     RenderProxyBoxMixin.performLayout (package:flutter/src/rendering/proxy_box.dart:118:18)
#63     RenderOffstage.performLayout (package:flutter/src/rendering/proxy_box.dart:3923:13)
#64     RenderObject.layout (package:flutter/src/rendering/object.dart:2768:7)
#65     RenderProxyBoxMixin.performLayout (package:flutter/src/rendering/proxy_box.dart:118:18)
#66     RenderObject.layout (package:flutter/src/rendering/object.dart:2768:7)
#67     _RenderTheaterMixin.layoutChild (package:flutter/src/widgets/overlay.dart:1084:13)
#68     _RenderTheater.performLayout (package:flutter/src/widgets/overlay.dart:1429:9)
#69     RenderObject.layout (package:flutter/src/rendering/object.dart:2768:7)
#70     RenderProxyBoxMixin.performLayout (package:flutter/src/rendering/proxy_box.dart:118:18)
#71     RenderObject.layout (package:flutter/src/rendering/object.dart:2768:7)
#72     RenderProxyBoxMixin.performLayout (package:flutter/src/rendering/proxy_box.dart:118:18)
#73     RenderObject.layout (package:flutter/src/rendering/object.dart:2768:7)
#74     RenderProxyBoxMixin.performLayout (package:flutter/src/rendering/proxy_box.dart:118:18)
#75     RenderObject.layout (package:flutter/src/rendering/object.dart:2768:7)
#76     RenderProxyBoxMixin.performLayout (package:flutter/src/rendering/proxy_box.dart:118:18)
#77     RenderCustomPaint.performLayout (package:flutter/src/rendering/custom_paint.dart:574:11)
#78     RenderObject.layout (package:flutter/src/rendering/object.dart:2768:7)
#79     RenderProxyBoxMixin.performLayout (package:flutter/src/rendering/proxy_box.dart:118:18)
#80     RenderObject.layout (package:flutter/src/rendering/object.dart:2768:7)
#81     RenderProxyBoxMixin.performLayout (package:flutter/src/rendering/proxy_box.dart:118:18)
#82     RenderObject.layout (package:flutter/src/rendering/object.dart:2768:7)
#83     RenderProxyBoxMixin.performLayout (package:flutter/src/rendering/proxy_box.dart:118:18)
#84     RenderObject.layout (package:flutter/src/rendering/object.dart:2768:7)
#85     RenderProxyBoxMixin.performLayout (package:flutter/src/rendering/proxy_box.dart:118:18)
#86     RenderObject.layout (package:flutter/src/rendering/object.dart:2768:7)
#87     RenderProxyBoxMixin.performLayout (package:flutter/src/rendering/proxy_box.dart:118:18)
#88     RenderObject.layout (package:flutter/src/rendering/object.dart:2768:7)
#89     RenderProxyBoxMixin.performLayout (package:flutter/src/rendering/proxy_box.dart:118:18)
#90     RenderObject.layout (package:flutter/src/rendering/object.dart:2768:7)
#91     RenderView.performLayout (package:flutter/src/rendering/view.dart:292:12)
#92     RenderObject._layoutWithoutResize (package:flutter/src/rendering/object.dart:2616:7)
#93     PipelineOwner.flushLayout (package:flutter/src/rendering/object.dart:1174:18)
#94     PipelineOwner.flushLayout (package:flutter/src/rendering/object.dart:1187:15)
#95     AutomatedTestWidgetsFlutterBinding.drawFrame (package:flutter_test/src/binding.dart:2133:27)
#96     RendererBinding._handlePersistentFrameCallback (package:flutter/src/rendering/binding.dart:495:5)
#97     SchedulerBinding._invokeFrameCallback (package:flutter/src/scheduler/binding.dart:1430:15)
#98     SchedulerBinding.handleDrawFrame (package:flutter/src/scheduler/binding.dart:1345:9)
#99     AutomatedTestWidgetsFlutterBinding.pump.<anonymous closure> (package:flutter_test/src/binding.dart:1960:9)
#102    TestAsyncUtils.guard (package:flutter_test/src/test_async_utils.dart:74:41)
#103    AutomatedTestWidgetsFlutterBinding.pump (package:flutter_test/src/binding.dart:1949:27)
#104    WidgetTester.pumpWidget.<anonymous closure> (package:flutter_test/src/widget_tester.dart:598:22)
#107    TestAsyncUtils.guard (package:flutter_test/src/test_async_utils.dart:74:41)
#108    WidgetTester.pumpWidget (package:flutter_test/src/widget_tester.dart:595:27)
#109    main.<anonymous closure>.<anonymous closure> (file:///C:/Users/bhara/StudioProjects/simple_billing_app/test/widget/billing_screen_test.dart:83:20)
#110    testWidgets.<anonymous closure>.<anonymous closure> (package:flutter_test/src/widget_tester.dart:192:29)
<asynchronous suspension>
#111    TestWidgetsFlutterBinding._runTestBody (package:flutter_test/src/binding.dart:1682:5)
<asynchronous suspension>
<asynchronous suspension>
(elided 7 frames from class _AssertionError, dart:async, and package:stack_trace)

The following RenderObject was being processed when the exception was fired: RenderSemanticsAnnotations#d0ae1 relayoutBoundary=up9 NEEDS-LAYOUT NEEDS-PAINT NEEDS-COMPOSITING-BITS-UPDATE:
  creator: Semantics ΓåÉ Listener ΓåÉ _GestureSemantics ΓåÉ
    RawGestureDetector-[LabeledGlobalKey<RawGestureDetectorState>#ec0e3] ΓåÉ Listener ΓåÉ _ScrollableScope
    ΓåÉ _ScrollSemantics-[GlobalKey#a1b6e] ΓåÉ NotificationListener<ScrollMetricsNotification> ΓåÉ Transform
    ΓåÉ StretchEffect ΓåÉ ClipRect ΓåÉ AnimatedBuilder ΓåÉ Γï»
  parentData: <none> (can use size)
  constraints: BoxConstraints(0.0<=w<=1136.0, 0.0<=h<=613.0)
  size: MISSING
This RenderObject had the following descendants (showing up to depth 5):
    child: RenderIgnorePointer#85463 relayoutBoundary=up10 NEEDS-PAINT NEEDS-COMPOSITING-BITS-UPDATE
      child: _RenderSingleChildViewport#12233 relayoutBoundary=up11 NEEDS-PAINT NEEDS-COMPOSITING-BITS-UPDATE
        child: RenderFlex#2add5 relayoutBoundary=up12 NEEDS-PAINT NEEDS-COMPOSITING-BITS-UPDATE
          child 1: RenderFlex#ffba7 relayoutBoundary=up13 NEEDS-PAINT NEEDS-COMPOSITING-BITS-UPDATE
            child 1: RenderDecoratedBox#32656 relayoutBoundary=up14 NEEDS-PAINT NEEDS-COMPOSITING-BITS-UPDATE
            child 2: RenderConstrainedBox#6a26d NEEDS-LAYOUT NEEDS-PAINT
            child 3: RenderDecoratedBox#754fc NEEDS-LAYOUT NEEDS-PAINT NEEDS-COMPOSITING-BITS-UPDATE
            child 4: RenderConstrainedBox#02c20 NEEDS-LAYOUT NEEDS-PAINT
            child 5: RenderDecoratedBox#7480a NEEDS-LAYOUT NEEDS-PAINT NEEDS-COMPOSITING-BITS-UPDATE
            child 6: RenderConstrainedBox#84437 NEEDS-LAYOUT NEEDS-PAINT
            child 7: RenderDecoratedBox#44ab4 NEEDS-LAYOUT NEEDS-PAINT NEEDS-COMPOSITING-BITS-UPDATE
          child 2: RenderConstrainedBox#84d86 NEEDS-LAYOUT NEEDS-PAINT
          child 3: RenderConstrainedBox#48026 NEEDS-LAYOUT NEEDS-PAINT NEEDS-COMPOSITING-BITS-UPDATE
            child: RenderDecoratedBox#71bc0 NEEDS-LAYOUT NEEDS-PAINT NEEDS-COMPOSITING-BITS-UPDATE
ΓòÉΓòÉΓòÉΓòÉΓòÉΓòÉΓòÉΓòÉΓòÉΓòÉΓòÉΓòÉΓòÉΓòÉΓòÉΓòÉΓòÉΓòÉΓòÉΓòÉΓòÉΓòÉΓòÉΓòÉΓòÉΓòÉΓòÉΓòÉΓòÉΓòÉΓòÉΓòÉΓòÉΓòÉΓòÉΓòÉΓòÉΓòÉΓòÉΓòÉΓòÉΓòÉΓòÉΓòÉΓòÉΓòÉΓòÉΓòÉΓòÉΓòÉΓòÉΓòÉΓòÉΓòÉΓòÉΓòÉΓòÉΓòÉΓòÉΓòÉΓòÉΓòÉΓòÉΓòÉΓòÉΓòÉΓòÉΓòÉΓòÉΓòÉΓòÉΓòÉΓòÉΓòÉΓòÉΓòÉΓòÉΓòÉΓòÉΓòÉΓòÉΓòÉΓòÉΓòÉΓòÉΓòÉΓòÉΓòÉΓòÉΓòÉΓòÉΓòÉΓòÉΓòÉΓòÉΓòÉΓòÉΓòÉΓòÉΓòÉ
ΓòÉΓòÉΓòí EXCEPTION CAUGHT BY RENDERING LIBRARY Γò₧ΓòÉΓòÉΓòÉΓòÉΓòÉΓòÉΓòÉΓòÉΓòÉΓòÉΓòÉΓòÉΓòÉΓòÉΓòÉΓòÉΓòÉΓòÉΓòÉΓòÉΓòÉΓòÉΓòÉΓòÉΓòÉΓòÉΓòÉΓòÉΓòÉΓòÉΓòÉΓòÉΓòÉΓòÉΓòÉΓòÉΓòÉΓòÉΓòÉΓòÉΓòÉΓòÉΓòÉΓòÉΓòÉΓòÉΓòÉΓòÉΓòÉΓòÉΓòÉΓòÉΓòÉΓòÉΓòÉΓòÉΓòÉ
The following assertion was thrown during performLayout():
RenderBox was not laid out: RenderSemanticsAnnotations#d0ae1 relayoutBoundary=up9 NEEDS-PAINT
NEEDS-COMPOSITING-BITS-UPDATE
'package:flutter/src/rendering/box.dart':
Failed assertion: line 2251 pos 12: 'hasSize'

Either the assertion indicates an error in the framework itself, or we should provide substantially
more information in this error message to help you determine and fix the underlying cause.
In either case, please report this assertion by filing a bug on GitHub:
  https://github.com/flutter/flutter/issues/new?template=02_bug.yml

The relevant error-causing widget was:
  SingleChildScrollView
  SingleChildScrollView:file:///C:/Users/bhara/StudioProjects/simple_billing_app/lib/views/screens/billing_screen.dart:240:14

When the exception was thrown, this was the stack:
#2      RenderBox.size (package:flutter/src/rendering/box.dart:2251:12)
#3      RenderProxyBoxMixin.performLayout (package:flutter/src/rendering/proxy_box.dart:118:62)
#4      RenderObject.layout (package:flutter/src/rendering/object.dart:2768:7)
#5      RenderProxyBoxMixin.performLayout (package:flutter/src/rendering/proxy_box.dart:118:18)
#6      RenderObject.layout (package:flutter/src/rendering/object.dart:2768:7)
#7      RenderProxyBoxMixin.performLayout (package:flutter/src/rendering/proxy_box.dart:118:18)
#8      RenderObject.layout (package:flutter/src/rendering/object.dart:2768:7)
#9      RenderProxyBoxMixin.performLayout (package:flutter/src/rendering/proxy_box.dart:118:18)
#10     RenderObject.layout (package:flutter/src/rendering/object.dart:2768:7)
#11     RenderProxyBoxMixin.performLayout (package:flutter/src/rendering/proxy_box.dart:118:18)
#12     RenderObject.layout (package:flutter/src/rendering/object.dart:2768:7)
#13     RenderProxyBoxMixin.performLayout (package:flutter/src/rendering/proxy_box.dart:118:18)
#14     _RenderCustomClip.performLayout (package:flutter/src/rendering/proxy_box.dart:1549:11)
#15     RenderObject.layout (package:flutter/src/rendering/object.dart:2768:7)
#16     RenderPadding.performLayout (package:flutter/src/rendering/shifted_box.dart:262:12)
#17     RenderObject.layout (package:flutter/src/rendering/object.dart:2768:7)
#18     _RenderLayoutBuilder.performLayout (package:flutter/src/widgets/layout_builder.dart:449:14)
#19     RenderObject.layout (package:flutter/src/rendering/object.dart:2768:7)
#20     MultiChildLayoutDelegate.layoutChild (package:flutter/src/rendering/custom_layout.dart:180:12)
#21     _ScaffoldLayout.performLayout (package:flutter/src/material/scaffold.dart:1113:7)
#22     MultiChildLayoutDelegate._callPerformLayout (package:flutter/src/rendering/custom_layout.dart:246:7)
#23     RenderCustomMultiChildLayoutBox.performLayout (package:flutter/src/rendering/custom_layout.dart:417:14)
#24     RenderObject.layout (package:flutter/src/rendering/object.dart:2768:7)
#25     RenderProxyBoxMixin.performLayout (package:flutter/src/rendering/proxy_box.dart:118:18)
#26     RenderObject.layout (package:flutter/src/rendering/object.dart:2768:7)
#27     RenderProxyBoxMixin.performLayout (package:flutter/src/rendering/proxy_box.dart:118:18)
#28     _RenderCustomClip.performLayout (package:flutter/src/rendering/proxy_box.dart:1549:11)
#29     RenderObject.layout (package:flutter/src/rendering/object.dart:2768:7)
#30     RenderProxyBoxMixin.performLayout (package:flutter/src/rendering/proxy_box.dart:118:18)
#31     RenderObject.layout (package:flutter/src/rendering/object.dart:2768:7)
#32     RenderProxyBoxMixin.performLayout (package:flutter/src/rendering/proxy_box.dart:118:18)
#33     RenderObject.layout (package:flutter/src/rendering/object.dart:2768:7)
#34     RenderProxyBoxMixin.performLayout (package:flutter/src/rendering/proxy_box.dart:118:18)
#35     RenderObject.layout (package:flutter/src/rendering/object.dart:2768:7)
#36     RenderProxyBoxMixin.performLayout (package:flutter/src/rendering/proxy_box.dart:118:18)
#37     RenderObject.layout (package:flutter/src/rendering/object.dart:2768:7)
#38     RenderProxyBoxMixin.performLayout (package:flutter/src/rendering/proxy_box.dart:118:18)
#39     RenderObject.layout (package:flutter/src/rendering/object.dart:2768:7)
#40     RenderProxyBoxMixin.performLayout (package:flutter/src/rendering/proxy_box.dart:118:18)
#41     RenderObject.layout (package:flutter/src/rendering/object.dart:2768:7)
#42     RenderProxyBoxMixin.performLayout (package:flutter/src/rendering/proxy_box.dart:118:18)
#43     RenderObject.layout (package:flutter/src/rendering/object.dart:2768:7)
#44     RenderProxyBoxMixin.performLayout (package:flutter/src/rendering/proxy_box.dart:118:18)
#45     RenderObject.layout (package:flutter/src/rendering/object.dart:2768:7)
#46     RenderProxyBoxMixin.performLayout (package:flutter/src/rendering/proxy_box.dart:118:18)
#47     RenderObject.layout (package:flutter/src/rendering/object.dart:2768:7)
#48     RenderProxyBoxMixin.performLayout (package:flutter/src/rendering/proxy_box.dart:118:18)
#49     RenderObject.layout (package:flutter/src/rendering/object.dart:2768:7)
#50     RenderProxyBoxMixin.performLayout (package:flutter/src/rendering/proxy_box.dart:118:18)
#51     RenderObject.layout (package:flutter/src/rendering/object.dart:2768:7)
#52     RenderProxyBoxMixin.performLayout (package:flutter/src/rendering/proxy_box.dart:118:18)
#53     RenderObject.layout (package:flutter/src/rendering/object.dart:2768:7)
#54     RenderProxyBoxMixin.performLayout (package:flutter/src/rendering/proxy_box.dart:118:18)
#55     RenderObject.layout (package:flutter/src/rendering/object.dart:2768:7)
#56     RenderProxyBoxMixin.performLayout (package:flutter/src/rendering/proxy_box.dart:118:18)
#57     RenderObject.layout (package:flutter/src/rendering/object.dart:2768:7)
#58     RenderProxyBoxMixin.performLayout (package:flutter/src/rendering/proxy_box.dart:118:18)
#59     RenderObject.layout (package:flutter/src/rendering/object.dart:2768:7)
#60     RenderProxyBoxMixin.performLayout (package:flutter/src/rendering/proxy_box.dart:118:18)
#61     RenderOffstage.performLayout (package:flutter/src/rendering/proxy_box.dart:3923:13)
#62     RenderObject.layout (package:flutter/src/rendering/object.dart:2768:7)
#63     RenderProxyBoxMixin.performLayout (package:flutter/src/rendering/proxy_box.dart:118:18)
#64     RenderObject.layout (package:flutter/src/rendering/object.dart:2768:7)
#65     _RenderTheaterMixin.layoutChild (package:flutter/src/widgets/overlay.dart:1084:13)
#66     _RenderTheater.performLayout (package:flutter/src/widgets/overlay.dart:1429:9)
#67     RenderObject.layout (package:flutter/src/rendering/object.dart:2768:7)
#68     RenderProxyBoxMixin.performLayout (package:flutter/src/rendering/proxy_box.dart:118:18)
#69     RenderObject.layout (package:flutter/src/rendering/object.dart:2768:7)
#70     RenderProxyBoxMixin.performLayout (package:flutter/src/rendering/proxy_box.dart:118:18)
#71     RenderObject.layout (package:flutter/src/rendering/object.dart:2768:7)
#72     RenderProxyBoxMixin.performLayout (package:flutter/src/rendering/proxy_box.dart:118:18)
#73     RenderObject.layout (package:flutter/src/rendering/object.dart:2768:7)
#74     RenderProxyBoxMixin.performLayout (package:flutter/src/rendering/proxy_box.dart:118:18)
#75     RenderCustomPaint.performLayout (package:flutter/src/rendering/custom_paint.dart:574:11)
#76     RenderObject.layout (package:flutter/src/rendering/object.dart:2768:7)
#77     RenderProxyBoxMixin.performLayout (package:flutter/src/rendering/proxy_box.dart:118:18)
#78     RenderObject.layout (package:flutter/src/rendering/object.dart:2768:7)
#79     RenderProxyBoxMixin.performLayout (package:flutter/src/rendering/proxy_box.dart:118:18)
#80     RenderObject.layout (package:flutter/src/rendering/object.dart:2768:7)
#81     RenderProxyBoxMixin.performLayout (package:flutter/src/rendering/proxy_box.dart:118:18)
#82     RenderObject.layout (package:flutter/src/rendering/object.dart:2768:7)
#83     RenderProxyBoxMixin.performLayout (package:flutter/src/rendering/proxy_box.dart:118:18)
#84     RenderObject.layout (package:flutter/src/rendering/object.dart:2768:7)
#85     RenderProxyBoxMixin.performLayout (package:flutter/src/rendering/proxy_box.dart:118:18)
#86     RenderObject.layout (package:flutter/src/rendering/object.dart:2768:7)
#87     RenderProxyBoxMixin.performLayout (package:flutter/src/rendering/proxy_box.dart:118:18)
#88     RenderObject.layout (package:flutter/src/rendering/object.dart:2768:7)
#89     RenderView.performLayout (package:flutter/src/rendering/view.dart:292:12)
#90     RenderObject._layoutWithoutResize (package:flutter/src/rendering/object.dart:2616:7)
#91     PipelineOwner.flushLayout (package:flutter/src/rendering/object.dart:1174:18)
#92     PipelineOwner.flushLayout (package:flutter/src/rendering/object.dart:1187:15)
#93     AutomatedTestWidgetsFlutterBinding.drawFrame (package:flutter_test/src/binding.dart:2133:27)
#94     RendererBinding._handlePersistentFrameCallback (package:flutter/src/rendering/binding.dart:495:5)
#95     SchedulerBinding._invokeFrameCallback (package:flutter/src/scheduler/binding.dart:1430:15)
#96     SchedulerBinding.handleDrawFrame (package:flutter/src/scheduler/binding.dart:1345:9)
#97     AutomatedTestWidgetsFlutterBinding.pump.<anonymous closure> (package:flutter_test/src/binding.dart:1960:9)
#100    TestAsyncUtils.guard (package:flutter_test/src/test_async_utils.dart:74:41)
#101    AutomatedTestWidgetsFlutterBinding.pump (package:flutter_test/src/binding.dart:1949:27)
#102    WidgetTester.pumpWidget.<anonymous closure> (package:flutter_test/src/widget_tester.dart:598:22)
#105    TestAsyncUtils.guard (package:flutter_test/src/test_async_utils.dart:74:41)
#106    WidgetTester.pumpWidget (package:flutter_test/src/widget_tester.dart:595:27)
#107    main.<anonymous closure>.<anonymous closure> (file:///C:/Users/bhara/StudioProjects/simple_billing_app/test/widget/billing_screen_test.dart:83:20)
#108    testWidgets.<anonymous closure>.<anonymous closure> (package:flutter_test/src/widget_tester.dart:192:29)
<asynchronous suspension>
#109    TestWidgetsFlutterBinding._runTestBody (package:flutter_test/src/binding.dart:1682:5)
<asynchronous suspension>
<asynchronous suspension>
(elided 7 frames from class _AssertionError, dart:async, and package:stack_trace)

The following RenderObject was being processed when the exception was fired: RenderPointerListener#beff6 relayoutBoundary=up8 NEEDS-LAYOUT NEEDS-PAINT NEEDS-COMPOSITING-BITS-UPDATE:
  creator: Listener ΓåÉ _GestureSemantics ΓåÉ
    RawGestureDetector-[LabeledGlobalKey<RawGestureDetectorState>#ec0e3] ΓåÉ Listener ΓåÉ _ScrollableScope
    ΓåÉ _ScrollSemantics-[GlobalKey#a1b6e] ΓåÉ NotificationListener<ScrollMetricsNotification> ΓåÉ Transform
    ΓåÉ StretchEffect ΓåÉ ClipRect ΓåÉ AnimatedBuilder ΓåÉ NotificationListener<ScrollNotification> ΓåÉ Γï»
  parentData: <none> (can use size)
  constraints: BoxConstraints(0.0<=w<=1136.0, 0.0<=h<=613.0)
  size: MISSING
  behavior: opaque
  listeners: down, panZoomStart
This RenderObject had the following descendants (showing up to depth 5):
    child: RenderSemanticsAnnotations#d0ae1 relayoutBoundary=up9 NEEDS-PAINT NEEDS-COMPOSITING-BITS-UPDATE
      child: RenderIgnorePointer#85463 relayoutBoundary=up10 NEEDS-PAINT NEEDS-COMPOSITING-BITS-UPDATE
        child: _RenderSingleChildViewport#12233 relayoutBoundary=up11 NEEDS-PAINT NEEDS-COMPOSITING-BITS-UPDATE
          child: RenderFlex#2add5 relayoutBoundary=up12 NEEDS-PAINT NEEDS-COMPOSITING-BITS-UPDATE
            child 1: RenderFlex#ffba7 relayoutBoundary=up13 NEEDS-PAINT NEEDS-COMPOSITING-BITS-UPDATE
            child 2: RenderConstrainedBox#84d86 NEEDS-LAYOUT NEEDS-PAINT
            child 3: RenderConstrainedBox#48026 NEEDS-LAYOUT NEEDS-PAINT NEEDS-COMPOSITING-BITS-UPDATE
ΓòÉΓòÉΓòÉΓòÉΓòÉΓòÉΓòÉΓòÉΓòÉΓòÉΓòÉΓòÉΓòÉΓòÉΓòÉΓòÉΓòÉΓòÉΓòÉΓòÉΓòÉΓòÉΓòÉΓòÉΓòÉΓòÉΓòÉΓòÉΓòÉΓòÉΓòÉΓòÉΓòÉΓòÉΓòÉΓòÉΓòÉΓòÉΓòÉΓòÉΓòÉΓòÉΓòÉΓòÉΓòÉΓòÉΓòÉΓòÉΓòÉΓòÉΓòÉΓòÉΓòÉΓòÉΓòÉΓòÉΓòÉΓòÉΓòÉΓòÉΓòÉΓòÉΓòÉΓòÉΓòÉΓòÉΓòÉΓòÉΓòÉΓòÉΓòÉΓòÉΓòÉΓòÉΓòÉΓòÉΓòÉΓòÉΓòÉΓòÉΓòÉΓòÉΓòÉΓòÉΓòÉΓòÉΓòÉΓòÉΓòÉΓòÉΓòÉΓòÉΓòÉΓòÉΓòÉΓòÉΓòÉΓòÉΓòÉΓòÉ
ΓòÉΓòÉΓòí EXCEPTION CAUGHT BY RENDERING LIBRARY Γò₧ΓòÉΓòÉΓòÉΓòÉΓòÉΓòÉΓòÉΓòÉΓòÉΓòÉΓòÉΓòÉΓòÉΓòÉΓòÉΓòÉΓòÉΓòÉΓòÉΓòÉΓòÉΓòÉΓòÉΓòÉΓòÉΓòÉΓòÉΓòÉΓòÉΓòÉΓòÉΓòÉΓòÉΓòÉΓòÉΓòÉΓòÉΓòÉΓòÉΓòÉΓòÉΓòÉΓòÉΓòÉΓòÉΓòÉΓòÉΓòÉΓòÉΓòÉΓòÉΓòÉΓòÉΓòÉΓòÉΓòÉΓòÉ
The following assertion was thrown during performLayout():
RenderBox was not laid out: RenderPointerListener#beff6 relayoutBoundary=up8 NEEDS-PAINT
NEEDS-COMPOSITING-BITS-UPDATE
'package:flutter/src/rendering/box.dart':
Failed assertion: line 2251 pos 12: 'hasSize'

Either the assertion indicates an error in the framework itself, or we should provide substantially
more information in this error message to help you determine and fix the underlying cause.
In either case, please report this assertion by filing a bug on GitHub:
  https://github.com/flutter/flutter/issues/new?template=02_bug.yml

The relevant error-causing widget was:
  SingleChildScrollView
  SingleChildScrollView:file:///C:/Users/bhara/StudioProjects/simple_billing_app/lib/views/screens/billing_screen.dart:240:14

When the exception was thrown, this was the stack:
#2      RenderBox.size (package:flutter/src/rendering/box.dart:2251:12)
#3      RenderProxyBoxMixin.performLayout (package:flutter/src/rendering/proxy_box.dart:118:62)
#4      RenderObject.layout (package:flutter/src/rendering/object.dart:2768:7)
#5      RenderProxyBoxMixin.performLayout (package:flutter/src/rendering/proxy_box.dart:118:18)
#6      RenderObject.layout (package:flutter/src/rendering/object.dart:2768:7)
#7      RenderProxyBoxMixin.performLayout (package:flutter/src/rendering/proxy_box.dart:118:18)
#8      RenderObject.layout (package:flutter/src/rendering/object.dart:2768:7)
#9      RenderProxyBoxMixin.performLayout (package:flutter/src/rendering/proxy_box.dart:118:18)
#10     RenderObject.layout (package:flutter/src/rendering/object.dart:2768:7)
#11     RenderProxyBoxMixin.performLayout (package:flutter/src/rendering/proxy_box.dart:118:18)
#12     _RenderCustomClip.performLayout (package:flutter/src/rendering/proxy_box.dart:1549:11)
#13     RenderObject.layout (package:flutter/src/rendering/object.dart:2768:7)
#14     RenderPadding.performLayout (package:flutter/src/rendering/shifted_box.dart:262:12)
#15     RenderObject.layout (package:flutter/src/rendering/object.dart:2768:7)
#16     _RenderLayoutBuilder.performLayout (package:flutter/src/widgets/layout_builder.dart:449:14)
#17     RenderObject.layout (package:flutter/src/rendering/object.dart:2768:7)
#18     MultiChildLayoutDelegate.layoutChild (package:flutter/src/rendering/custom_layout.dart:180:12)
#19     _ScaffoldLayout.performLayout (package:flutter/src/material/scaffold.dart:1113:7)
#20     MultiChildLayoutDelegate._callPerformLayout (package:flutter/src/rendering/custom_layout.dart:246:7)
#21     RenderCustomMultiChildLayoutBox.performLayout (package:flutter/src/rendering/custom_layout.dart:417:14)
#22     RenderObject.layout (package:flutter/src/rendering/object.dart:2768:7)
#23     RenderProxyBoxMixin.performLayout (package:flutter/src/rendering/proxy_box.dart:118:18)
#24     RenderObject.layout (package:flutter/src/rendering/object.dart:2768:7)
#25     RenderProxyBoxMixin.performLayout (package:flutter/src/rendering/proxy_box.dart:118:18)
#26     _RenderCustomClip.performLayout (package:flutter/src/rendering/proxy_box.dart:1549:11)
#27     RenderObject.layout (package:flutter/src/rendering/object.dart:2768:7)
#28     RenderProxyBoxMixin.performLayout (package:flutter/src/rendering/proxy_box.dart:118:18)
#29     RenderObject.layout (package:flutter/src/rendering/object.dart:2768:7)
#30     RenderProxyBoxMixin.performLayout (package:flutter/src/rendering/proxy_box.dart:118:18)
#31     RenderObject.layout (package:flutter/src/rendering/object.dart:2768:7)
#32     RenderProxyBoxMixin.performLayout (package:flutter/src/rendering/proxy_box.dart:118:18)
#33     RenderObject.layout (package:flutter/src/rendering/object.dart:2768:7)
#34     RenderProxyBoxMixin.performLayout (package:flutter/src/rendering/proxy_box.dart:118:18)
#35     RenderObject.layout (package:flutter/src/rendering/object.dart:2768:7)
#36     RenderProxyBoxMixin.performLayout (package:flutter/src/rendering/proxy_box.dart:118:18)
#37     RenderObject.layout (package:flutter/src/rendering/object.dart:2768:7)
#38     RenderProxyBoxMixin.performLayout (package:flutter/src/rendering/proxy_box.dart:118:18)
#39     RenderObject.layout (package:flutter/src/rendering/object.dart:2768:7)
#40     RenderProxyBoxMixin.performLayout (package:flutter/src/rendering/proxy_box.dart:118:18)
#41     RenderObject.layout (package:flutter/src/rendering/object.dart:2768:7)
#42     RenderProxyBoxMixin.performLayout (package:flutter/src/rendering/proxy_box.dart:118:18)
#43     RenderObject.layout (package:flutter/src/rendering/object.dart:2768:7)
#44     RenderProxyBoxMixin.performLayout (package:flutter/src/rendering/proxy_box.dart:118:18)
#45     RenderObject.layout (package:flutter/src/rendering/object.dart:2768:7)
#46     RenderProxyBoxMixin.performLayout (package:flutter/src/rendering/proxy_box.dart:118:18)
#47     RenderObject.layout (package:flutter/src/rendering/object.dart:2768:7)
#48     RenderProxyBoxMixin.performLayout (package:flutter/src/rendering/proxy_box.dart:118:18)
#49     RenderObject.layout (package:flutter/src/rendering/object.dart:2768:7)
#50     RenderProxyBoxMixin.performLayout (package:flutter/src/rendering/proxy_box.dart:118:18)
#51     RenderObject.layout (package:flutter/src/rendering/object.dart:2768:7)
#52     RenderProxyBoxMixin.performLayout (package:flutter/src/rendering/proxy_box.dart:118:18)
#53     RenderObject.layout (package:flutter/src/rendering/object.dart:2768:7)
#54     RenderProxyBoxMixin.performLayout (package:flutter/src/rendering/proxy_box.dart:118:18)
#55     RenderObject.layout (package:flutter/src/rendering/object.dart:2768:7)
#56     RenderProxyBoxMixin.performLayout (package:flutter/src/rendering/proxy_box.dart:118:18)
#57     RenderObject.layout (package:flutter/src/rendering/object.dart:2768:7)
#58     RenderProxyBoxMixin.performLayout (package:flutter/src/rendering/proxy_box.dart:118:18)
#59     RenderOffstage.performLayout (package:flutter/src/rendering/proxy_box.dart:3923:13)
#60     RenderObject.layout (package:flutter/src/rendering/object.dart:2768:7)
#61     RenderProxyBoxMixin.performLayout (package:flutter/src/rendering/proxy_box.dart:118:18)
#62     RenderObject.layout (package:flutter/src/rendering/object.dart:2768:7)
#63     _RenderTheaterMixin.layoutChild (package:flutter/src/widgets/overlay.dart:1084:13)
#64     _RenderTheater.performLayout (package:flutter/src/widgets/overlay.dart:1429:9)
#65     RenderObject.layout (package:flutter/src/rendering/object.dart:2768:7)
#66     RenderProxyBoxMixin.performLayout (package:flutter/src/rendering/proxy_box.dart:118:18)
#67     RenderObject.layout (package:flutter/src/rendering/object.dart:2768:7)
#68     RenderProxyBoxMixin.performLayout (package:flutter/src/rendering/proxy_box.dart:118:18)
#69     RenderObject.layout (package:flutter/src/rendering/object.dart:2768:7)
#70     RenderProxyBoxMixin.performLayout (package:flutter/src/rendering/proxy_box.dart:118:18)
#71     RenderObject.layout (package:flutter/src/rendering/object.dart:2768:7)
#72     RenderProxyBoxMixin.performLayout (package:flutter/src/rendering/proxy_box.dart:118:18)
#73     RenderCustomPaint.performLayout (package:flutter/src/rendering/custom_paint.dart:574:11)
#74     RenderObject.layout (package:flutter/src/rendering/object.dart:2768:7)
#75     RenderProxyBoxMixin.performLayout (package:flutter/src/rendering/proxy_box.dart:118:18)
#76     RenderObject.layout (package:flutter/src/rendering/object.dart:2768:7)
#77     RenderProxyBoxMixin.performLayout (package:flutter/src/rendering/proxy_box.dart:118:18)
#78     RenderObject.layout (package:flutter/src/rendering/object.dart:2768:7)
#79     RenderProxyBoxMixin.performLayout (package:flutter/src/rendering/proxy_box.dart:118:18)
#80     RenderObject.layout (package:flutter/src/rendering/object.dart:2768:7)
#81     RenderProxyBoxMixin.performLayout (package:flutter/src/rendering/proxy_box.dart:118:18)
#82     RenderObject.layout (package:flutter/src/rendering/object.dart:2768:7)
#83     RenderProxyBoxMixin.performLayout (package:flutter/src/rendering/proxy_box.dart:118:18)
#84     RenderObject.layout (package:flutter/src/rendering/object.dart:2768:7)
#85     RenderProxyBoxMixin.performLayout (package:flutter/src/rendering/proxy_box.dart:118:18)
#86     RenderObject.layout (package:flutter/src/rendering/object.dart:2768:7)
#87     RenderView.performLayout (package:flutter/src/rendering/view.dart:292:12)
#88     RenderObject._layoutWithoutResize (package:flutter/src/rendering/object.dart:2616:7)
#89     PipelineOwner.flushLayout (package:flutter/src/rendering/object.dart:1174:18)
#90     PipelineOwner.flushLayout (package:flutter/src/rendering/object.dart:1187:15)
#91     AutomatedTestWidgetsFlutterBinding.drawFrame (package:flutter_test/src/binding.dart:2133:27)
#92     RendererBinding._handlePersistentFrameCallback (package:flutter/src/rendering/binding.dart:495:5)
#93     SchedulerBinding._invokeFrameCallback (package:flutter/src/scheduler/binding.dart:1430:15)
#94     SchedulerBinding.handleDrawFrame (package:flutter/src/scheduler/binding.dart:1345:9)
#95     AutomatedTestWidgetsFlutterBinding.pump.<anonymous closure> (package:flutter_test/src/binding.dart:1960:9)
#98     TestAsyncUtils.guard (package:flutter_test/src/test_async_utils.dart:74:41)
#99     AutomatedTestWidgetsFlutterBinding.pump (package:flutter_test/src/binding.dart:1949:27)
#100    WidgetTester.pumpWidget.<anonymous closure> (package:flutter_test/src/widget_tester.dart:598:22)
#103    TestAsyncUtils.guard (package:flutter_test/src/test_async_utils.dart:74:41)
#104    WidgetTester.pumpWidget (package:flutter_test/src/widget_tester.dart:595:27)
#105    main.<anonymous closure>.<anonymous closure> (file:///C:/Users/bhara/StudioProjects/simple_billing_app/test/widget/billing_screen_test.dart:83:20)
#106    testWidgets.<anonymous closure>.<anonymous closure> (package:flutter_test/src/widget_tester.dart:192:29)
<asynchronous suspension>
#107    TestWidgetsFlutterBinding._runTestBody (package:flutter_test/src/binding.dart:1682:5)
<asynchronous suspension>
<asynchronous suspension>
(elided 7 frames from class _AssertionError, dart:async, and package:stack_trace)

The following RenderObject was being processed when the exception was fired: RenderSemanticsGestureHandler#45fa4 relayoutBoundary=up7 NEEDS-LAYOUT NEEDS-PAINT NEEDS-COMPOSITING-BITS-UPDATE:
  creator: _GestureSemantics ΓåÉ RawGestureDetector-[LabeledGlobalKey<RawGestureDetectorState>#ec0e3] ΓåÉ
    Listener ΓåÉ _ScrollableScope ΓåÉ _ScrollSemantics-[GlobalKey#a1b6e] ΓåÉ
    NotificationListener<ScrollMetricsNotification> ΓåÉ Transform ΓåÉ StretchEffect ΓåÉ ClipRect ΓåÉ
    AnimatedBuilder ΓåÉ NotificationListener<ScrollNotification> ΓåÉ StretchingOverscrollIndicator ΓåÉ Γï»
  parentData: <none> (can use size)
  constraints: BoxConstraints(0.0<=w<=1136.0, 0.0<=h<=613.0)
  size: MISSING
  behavior: opaque
  gestures: <none>
This RenderObject had the following descendants (showing up to depth 5):
    child: RenderPointerListener#beff6 relayoutBoundary=up8 NEEDS-PAINT NEEDS-COMPOSITING-BITS-UPDATE
      child: RenderSemanticsAnnotations#d0ae1 relayoutBoundary=up9 NEEDS-PAINT NEEDS-COMPOSITING-BITS-UPDATE
        child: RenderIgnorePointer#85463 relayoutBoundary=up10 NEEDS-PAINT NEEDS-COMPOSITING-BITS-UPDATE
          child: _RenderSingleChildViewport#12233 relayoutBoundary=up11 NEEDS-PAINT NEEDS-COMPOSITING-BITS-UPDATE
            child: RenderFlex#2add5 relayoutBoundary=up12 NEEDS-PAINT NEEDS-COMPOSITING-BITS-UPDATE
ΓòÉΓòÉΓòÉΓòÉΓòÉΓòÉΓòÉΓòÉΓòÉΓòÉΓòÉΓòÉΓòÉΓòÉΓòÉΓòÉΓòÉΓòÉΓòÉΓòÉΓòÉΓòÉΓòÉΓòÉΓòÉΓòÉΓòÉΓòÉΓòÉΓòÉΓòÉΓòÉΓòÉΓòÉΓòÉΓòÉΓòÉΓòÉΓòÉΓòÉΓòÉΓòÉΓòÉΓòÉΓòÉΓòÉΓòÉΓòÉΓòÉΓòÉΓòÉΓòÉΓòÉΓòÉΓòÉΓòÉΓòÉΓòÉΓòÉΓòÉΓòÉΓòÉΓòÉΓòÉΓòÉΓòÉΓòÉΓòÉΓòÉΓòÉΓòÉΓòÉΓòÉΓòÉΓòÉΓòÉΓòÉΓòÉΓòÉΓòÉΓòÉΓòÉΓòÉΓòÉΓòÉΓòÉΓòÉΓòÉΓòÉΓòÉΓòÉΓòÉΓòÉΓòÉΓòÉΓòÉΓòÉΓòÉΓòÉΓòÉ
ΓòÉΓòÉΓòí EXCEPTION CAUGHT BY RENDERING LIBRARY Γò₧ΓòÉΓòÉΓòÉΓòÉΓòÉΓòÉΓòÉΓòÉΓòÉΓòÉΓòÉΓòÉΓòÉΓòÉΓòÉΓòÉΓòÉΓòÉΓòÉΓòÉΓòÉΓòÉΓòÉΓòÉΓòÉΓòÉΓòÉΓòÉΓòÉΓòÉΓòÉΓòÉΓòÉΓòÉΓòÉΓòÉΓòÉΓòÉΓòÉΓòÉΓòÉΓòÉΓòÉΓòÉΓòÉΓòÉΓòÉΓòÉΓòÉΓòÉΓòÉΓòÉΓòÉΓòÉΓòÉΓòÉΓòÉ
The following assertion was thrown during performLayout():
RenderBox was not laid out: RenderSemanticsGestureHandler#45fa4 relayoutBoundary=up7 NEEDS-PAINT
NEEDS-COMPOSITING-BITS-UPDATE
'package:flutter/src/rendering/box.dart':
Failed assertion: line 2251 pos 12: 'hasSize'

Either the assertion indicates an error in the framework itself, or we should provide substantially
more information in this error message to help you determine and fix the underlying cause.
In either case, please report this assertion by filing a bug on GitHub:
  https://github.com/flutter/flutter/issues/new?template=02_bug.yml

The relevant error-causing widget was:
  SingleChildScrollView
  SingleChildScrollView:file:///C:/Users/bhara/StudioProjects/simple_billing_app/lib/views/screens/billing_screen.dart:240:14

When the exception was thrown, this was the stack:
#2      RenderBox.size (package:flutter/src/rendering/box.dart:2251:12)
#3      RenderProxyBoxMixin.performLayout (package:flutter/src/rendering/proxy_box.dart:118:62)
#4      RenderObject.layout (package:flutter/src/rendering/object.dart:2768:7)
#5      RenderProxyBoxMixin.performLayout (package:flutter/src/rendering/proxy_box.dart:118:18)
#6      RenderObject.layout (package:flutter/src/rendering/object.dart:2768:7)
#7      RenderProxyBoxMixin.performLayout (package:flutter/src/rendering/proxy_box.dart:118:18)
#8      RenderObject.layout (package:flutter/src/rendering/object.dart:2768:7)
#9      RenderProxyBoxMixin.performLayout (package:flutter/src/rendering/proxy_box.dart:118:18)
#10     _RenderCustomClip.performLayout (package:flutter/src/rendering/proxy_box.dart:1549:11)
#11     RenderObject.layout (package:flutter/src/rendering/object.dart:2768:7)
#12     RenderPadding.performLayout (package:flutter/src/rendering/shifted_box.dart:262:12)
#13     RenderObject.layout (package:flutter/src/rendering/object.dart:2768:7)
#14     _RenderLayoutBuilder.performLayout (package:flutter/src/widgets/layout_builder.dart:449:14)
#15     RenderObject.layout (package:flutter/src/rendering/object.dart:2768:7)
#16     MultiChildLayoutDelegate.layoutChild (package:flutter/src/rendering/custom_layout.dart:180:12)
#17     _ScaffoldLayout.performLayout (package:flutter/src/material/scaffold.dart:1113:7)
#18     MultiChildLayoutDelegate._callPerformLayout (package:flutter/src/rendering/custom_layout.dart:246:7)
#19     RenderCustomMultiChildLayoutBox.performLayout (package:flutter/src/rendering/custom_layout.dart:417:14)
#20     RenderObject.layout (package:flutter/src/rendering/object.dart:2768:7)
#21     RenderProxyBoxMixin.performLayout (package:flutter/src/rendering/proxy_box.dart:118:18)
#22     RenderObject.layout (package:flutter/src/rendering/object.dart:2768:7)
#23     RenderProxyBoxMixin.performLayout (package:flutter/src/rendering/proxy_box.dart:118:18)
#24     _RenderCustomClip.performLayout (package:flutter/src/rendering/proxy_box.dart:1549:11)
#25     RenderObject.layout (package:flutter/src/rendering/object.dart:2768:7)
#26     RenderProxyBoxMixin.performLayout (package:flutter/src/rendering/proxy_box.dart:118:18)
#27     RenderObject.layout (package:flutter/src/rendering/object.dart:2768:7)
#28     RenderProxyBoxMixin.performLayout (package:flutter/src/rendering/proxy_box.dart:118:18)
#29     RenderObject.layout (package:flutter/src/rendering/object.dart:2768:7)
#30     RenderProxyBoxMixin.performLayout (package:flutter/src/rendering/proxy_box.dart:118:18)
#31     RenderObject.layout (package:flutter/src/rendering/object.dart:2768:7)
#32     RenderProxyBoxMixin.performLayout (package:flutter/src/rendering/proxy_box.dart:118:18)
#33     RenderObject.layout (package:flutter/src/rendering/object.dart:2768:7)
#34     RenderProxyBoxMixin.performLayout (package:flutter/src/rendering/proxy_box.dart:118:18)
#35     RenderObject.layout (package:flutter/src/rendering/object.dart:2768:7)
#36     RenderProxyBoxMixin.performLayout (package:flutter/src/rendering/proxy_box.dart:118:18)
#37     RenderObject.layout (package:flutter/src/rendering/object.dart:2768:7)
#38     RenderProxyBoxMixin.performLayout (package:flutter/src/rendering/proxy_box.dart:118:18)
#39     RenderObject.layout (package:flutter/src/rendering/object.dart:2768:7)
#40     RenderProxyBoxMixin.performLayout (package:flutter/src/rendering/proxy_box.dart:118:18)
#41     RenderObject.layout (package:flutter/src/rendering/object.dart:2768:7)
#42     RenderProxyBoxMixin.performLayout (package:flutter/src/rendering/proxy_box.dart:118:18)
#43     RenderObject.layout (package:flutter/src/rendering/object.dart:2768:7)
#44     RenderProxyBoxMixin.performLayout (package:flutter/src/rendering/proxy_box.dart:118:18)
#45     RenderObject.layout (package:flutter/src/rendering/object.dart:2768:7)
#46     RenderProxyBoxMixin.performLayout (package:flutter/src/rendering/proxy_box.dart:118:18)
#47     RenderObject.layout (package:flutter/src/rendering/object.dart:2768:7)
#48     RenderProxyBoxMixin.performLayout (package:flutter/src/rendering/proxy_box.dart:118:18)
#49     RenderObject.layout (package:flutter/src/rendering/object.dart:2768:7)
#50     RenderProxyBoxMixin.performLayout (package:flutter/src/rendering/proxy_box.dart:118:18)
#51     RenderObject.layout (package:flutter/src/rendering/object.dart:2768:7)
#52     RenderProxyBoxMixin.performLayout (package:flutter/src/rendering/proxy_box.dart:118:18)
#53     RenderObject.layout (package:flutter/src/rendering/object.dart:2768:7)
#54     RenderProxyBoxMixin.performLayout (package:flutter/src/rendering/proxy_box.dart:118:18)
#55     RenderObject.layout (package:flutter/src/rendering/object.dart:2768:7)
#56     RenderProxyBoxMixin.performLayout (package:flutter/src/rendering/proxy_box.dart:118:18)
#57     RenderOffstage.performLayout (package:flutter/src/rendering/proxy_box.dart:3923:13)
#58     RenderObject.layout (package:flutter/src/rendering/object.dart:2768:7)
#59     RenderProxyBoxMixin.performLayout (package:flutter/src/rendering/proxy_box.dart:118:18)
#60     RenderObject.layout (package:flutter/src/rendering/object.dart:2768:7)
#61     _RenderTheaterMixin.layoutChild (package:flutter/src/widgets/overlay.dart:1084:13)
#62     _RenderTheater.performLayout (package:flutter/src/widgets/overlay.dart:1429:9)
#63     RenderObject.layout (package:flutter/src/rendering/object.dart:2768:7)
#64     RenderProxyBoxMixin.performLayout (package:flutter/src/rendering/proxy_box.dart:118:18)
#65     RenderObject.layout (package:flutter/src/rendering/object.dart:2768:7)
#66     RenderProxyBoxMixin.performLayout (package:flutter/src/rendering/proxy_box.dart:118:18)
#67     RenderObject.layout (package:flutter/src/rendering/object.dart:2768:7)
#68     RenderProxyBoxMixin.performLayout (package:flutter/src/rendering/proxy_box.dart:118:18)
#69     RenderObject.layout (package:flutter/src/rendering/object.dart:2768:7)
#70     RenderProxyBoxMixin.performLayout (package:flutter/src/rendering/proxy_box.dart:118:18)
#71     RenderCustomPaint.performLayout (package:flutter/src/rendering/custom_paint.dart:574:11)
#72     RenderObject.layout (package:flutter/src/rendering/object.dart:2768:7)
#73     RenderProxyBoxMixin.performLayout (package:flutter/src/rendering/proxy_box.dart:118:18)
#74     RenderObject.layout (package:flutter/src/rendering/object.dart:2768:7)
#75     RenderProxyBoxMixin.performLayout (package:flutter/src/rendering/proxy_box.dart:118:18)
#76     RenderObject.layout (package:flutter/src/rendering/object.dart:2768:7)
#77     RenderProxyBoxMixin.performLayout (package:flutter/src/rendering/proxy_box.dart:118:18)
#78     RenderObject.layout (package:flutter/src/rendering/object.dart:2768:7)
#79     RenderProxyBoxMixin.performLayout (package:flutter/src/rendering/proxy_box.dart:118:18)
#80     RenderObject.layout (package:flutter/src/rendering/object.dart:2768:7)
#81     RenderProxyBoxMixin.performLayout (package:flutter/src/rendering/proxy_box.dart:118:18)
#82     RenderObject.layout (package:flutter/src/rendering/object.dart:2768:7)
#83     RenderProxyBoxMixin.performLayout (package:flutter/src/rendering/proxy_box.dart:118:18)
#84     RenderObject.layout (package:flutter/src/rendering/object.dart:2768:7)
#85     RenderView.performLayout (package:flutter/src/rendering/view.dart:292:12)
#86     RenderObject._layoutWithoutResize (package:flutter/src/rendering/object.dart:2616:7)
#87     PipelineOwner.flushLayout (package:flutter/src/rendering/object.dart:1174:18)
#88     PipelineOwner.flushLayout (package:flutter/src/rendering/object.dart:1187:15)
#89     AutomatedTestWidgetsFlutterBinding.drawFrame (package:flutter_test/src/binding.dart:2133:27)
#90     RendererBinding._handlePersistentFrameCallback (package:flutter/src/rendering/binding.dart:495:5)
#91     SchedulerBinding._invokeFrameCallback (package:flutter/src/scheduler/binding.dart:1430:15)
#92     SchedulerBinding.handleDrawFrame (package:flutter/src/scheduler/binding.dart:1345:9)
#93     AutomatedTestWidgetsFlutterBinding.pump.<anonymous closure> (package:flutter_test/src/binding.dart:1960:9)
#96     TestAsyncUtils.guard (package:flutter_test/src/test_async_utils.dart:74:41)
#97     AutomatedTestWidgetsFlutterBinding.pump (package:flutter_test/src/binding.dart:1949:27)
#98     WidgetTester.pumpWidget.<anonymous closure> (package:flutter_test/src/widget_tester.dart:598:22)
#101    TestAsyncUtils.guard (package:flutter_test/src/test_async_utils.dart:74:41)
#102    WidgetTester.pumpWidget (package:flutter_test/src/widget_tester.dart:595:27)
#103    main.<anonymous closure>.<anonymous closure> (file:///C:/Users/bhara/StudioProjects/simple_billing_app/test/widget/billing_screen_test.dart:83:20)
#104    testWidgets.<anonymous closure>.<anonymous closure> (package:flutter_test/src/widget_tester.dart:192:29)
<asynchronous suspension>
#105    TestWidgetsFlutterBinding._runTestBody (package:flutter_test/src/binding.dart:1682:5)
<asynchronous suspension>
<asynchronous suspension>
(elided 7 frames from class _AssertionError, dart:async, and package:stack_trace)

The following RenderObject was being processed when the exception was fired: RenderPointerListener#1d02a relayoutBoundary=up6 NEEDS-LAYOUT NEEDS-PAINT NEEDS-COMPOSITING-BITS-UPDATE:
  creator: Listener ΓåÉ _ScrollableScope ΓåÉ _ScrollSemantics-[GlobalKey#a1b6e] ΓåÉ
    NotificationListener<ScrollMetricsNotification> ΓåÉ Transform ΓåÉ StretchEffect ΓåÉ ClipRect ΓåÉ
    AnimatedBuilder ΓåÉ NotificationListener<ScrollNotification> ΓåÉ StretchingOverscrollIndicator ΓåÉ
    Scrollable ΓåÉ PrimaryScrollController ΓåÉ Γï»
  parentData: <none> (can use size)
  constraints: BoxConstraints(0.0<=w<=1136.0, 0.0<=h<=613.0)
  size: MISSING
  behavior: deferToChild
  listeners: signal
This RenderObject had the following descendants (showing up to depth 5):
    child: RenderSemanticsGestureHandler#45fa4 relayoutBoundary=up7 NEEDS-PAINT NEEDS-COMPOSITING-BITS-UPDATE
      child: RenderPointerListener#beff6 relayoutBoundary=up8 NEEDS-PAINT NEEDS-COMPOSITING-BITS-UPDATE
        child: RenderSemanticsAnnotations#d0ae1 relayoutBoundary=up9 NEEDS-PAINT NEEDS-COMPOSITING-BITS-UPDATE
          child: RenderIgnorePointer#85463 relayoutBoundary=up10 NEEDS-PAINT NEEDS-COMPOSITING-BITS-UPDATE
            child: _RenderSingleChildViewport#12233 relayoutBoundary=up11 NEEDS-PAINT NEEDS-COMPOSITING-BITS-UPDATE
ΓòÉΓòÉΓòÉΓòÉΓòÉΓòÉΓòÉΓòÉΓòÉΓòÉΓòÉΓòÉΓòÉΓòÉΓòÉΓòÉΓòÉΓòÉΓòÉΓòÉΓòÉΓòÉΓòÉΓòÉΓòÉΓòÉΓòÉΓòÉΓòÉΓòÉΓòÉΓòÉΓòÉΓòÉΓòÉΓòÉΓòÉΓòÉΓòÉΓòÉΓòÉΓòÉΓòÉΓòÉΓòÉΓòÉΓòÉΓòÉΓòÉΓòÉΓòÉΓòÉΓòÉΓòÉΓòÉΓòÉΓòÉΓòÉΓòÉΓòÉΓòÉΓòÉΓòÉΓòÉΓòÉΓòÉΓòÉΓòÉΓòÉΓòÉΓòÉΓòÉΓòÉΓòÉΓòÉΓòÉΓòÉΓòÉΓòÉΓòÉΓòÉΓòÉΓòÉΓòÉΓòÉΓòÉΓòÉΓòÉΓòÉΓòÉΓòÉΓòÉΓòÉΓòÉΓòÉΓòÉΓòÉΓòÉΓòÉΓòÉ
ΓòÉΓòÉΓòí EXCEPTION CAUGHT BY RENDERING LIBRARY Γò₧ΓòÉΓòÉΓòÉΓòÉΓòÉΓòÉΓòÉΓòÉΓòÉΓòÉΓòÉΓòÉΓòÉΓòÉΓòÉΓòÉΓòÉΓòÉΓòÉΓòÉΓòÉΓòÉΓòÉΓòÉΓòÉΓòÉΓòÉΓòÉΓòÉΓòÉΓòÉΓòÉΓòÉΓòÉΓòÉΓòÉΓòÉΓòÉΓòÉΓòÉΓòÉΓòÉΓòÉΓòÉΓòÉΓòÉΓòÉΓòÉΓòÉΓòÉΓòÉΓòÉΓòÉΓòÉΓòÉΓòÉΓòÉ
The following assertion was thrown during performLayout():
RenderBox was not laid out: RenderPointerListener#1d02a relayoutBoundary=up6 NEEDS-PAINT
NEEDS-COMPOSITING-BITS-UPDATE
'package:flutter/src/rendering/box.dart':
Failed assertion: line 2251 pos 12: 'hasSize'

Either the assertion indicates an error in the framework itself, or we should provide substantially
more information in this error message to help you determine and fix the underlying cause.
In either case, please report this assertion by filing a bug on GitHub:
  https://github.com/flutter/flutter/issues/new?template=02_bug.yml

The relevant error-causing widget was:
  SingleChildScrollView
  SingleChildScrollView:file:///C:/Users/bhara/StudioProjects/simple_billing_app/lib/views/screens/billing_screen.dart:240:14

When the exception was thrown, this was the stack:
#2      RenderBox.size (package:flutter/src/rendering/box.dart:2251:12)
#3      RenderProxyBoxMixin.performLayout (package:flutter/src/rendering/proxy_box.dart:118:62)
#4      RenderObject.layout (package:flutter/src/rendering/object.dart:2768:7)
#5      RenderProxyBoxMixin.performLayout (package:flutter/src/rendering/proxy_box.dart:118:18)
#6      RenderObject.layout (package:flutter/src/rendering/object.dart:2768:7)
#7      RenderProxyBoxMixin.performLayout (package:flutter/src/rendering/proxy_box.dart:118:18)
#8      _RenderCustomClip.performLayout (package:flutter/src/rendering/proxy_box.dart:1549:11)
#9      RenderObject.layout (package:flutter/src/rendering/object.dart:2768:7)
#10     RenderPadding.performLayout (package:flutter/src/rendering/shifted_box.dart:262:12)
#11     RenderObject.layout (package:flutter/src/rendering/object.dart:2768:7)
#12     _RenderLayoutBuilder.performLayout (package:flutter/src/widgets/layout_builder.dart:449:14)
#13     RenderObject.layout (package:flutter/src/rendering/object.dart:2768:7)
#14     MultiChildLayoutDelegate.layoutChild (package:flutter/src/rendering/custom_layout.dart:180:12)
#15     _ScaffoldLayout.performLayout (package:flutter/src/material/scaffold.dart:1113:7)
#16     MultiChildLayoutDelegate._callPerformLayout (package:flutter/src/rendering/custom_layout.dart:246:7)
#17     RenderCustomMultiChildLayoutBox.performLayout (package:flutter/src/rendering/custom_layout.dart:417:14)
#18     RenderObject.layout (package:flutter/src/rendering/object.dart:2768:7)
#19     RenderProxyBoxMixin.performLayout (package:flutter/src/rendering/proxy_box.dart:118:18)
#20     RenderObject.layout (package:flutter/src/rendering/object.dart:2768:7)
#21     RenderProxyBoxMixin.performLayout (package:flutter/src/rendering/proxy_box.dart:118:18)
#22     _RenderCustomClip.performLayout (package:flutter/src/rendering/proxy_box.dart:1549:11)
#23     RenderObject.layout (package:flutter/src/rendering/object.dart:2768:7)
#24     RenderProxyBoxMixin.performLayout (package:flutter/src/rendering/proxy_box.dart:118:18)
#25     RenderObject.layout (package:flutter/src/rendering/object.dart:2768:7)
#26     RenderProxyBoxMixin.performLayout (package:flutter/src/rendering/proxy_box.dart:118:18)
#27     RenderObject.layout (package:flutter/src/rendering/object.dart:2768:7)
#28     RenderProxyBoxMixin.performLayout (package:flutter/src/rendering/proxy_box.dart:118:18)
#29     RenderObject.layout (package:flutter/src/rendering/object.dart:2768:7)
#30     RenderProxyBoxMixin.performLayout (package:flutter/src/rendering/proxy_box.dart:118:18)
#31     RenderObject.layout (package:flutter/src/rendering/object.dart:2768:7)
#32     RenderProxyBoxMixin.performLayout (package:flutter/src/rendering/proxy_box.dart:118:18)
#33     RenderObject.layout (package:flutter/src/rendering/object.dart:2768:7)
#34     RenderProxyBoxMixin.performLayout (package:flutter/src/rendering/proxy_box.dart:118:18)
#35     RenderObject.layout (package:flutter/src/rendering/object.dart:2768:7)
#36     RenderProxyBoxMixin.performLayout (package:flutter/src/rendering/proxy_box.dart:118:18)
#37     RenderObject.layout (package:flutter/src/rendering/object.dart:2768:7)
#38     RenderProxyBoxMixin.performLayout (package:flutter/src/rendering/proxy_box.dart:118:18)
#39     RenderObject.layout (package:flutter/src/rendering/object.dart:2768:7)
#40     RenderProxyBoxMixin.performLayout (package:flutter/src/rendering/proxy_box.dart:118:18)
#41     RenderObject.layout (package:flutter/src/rendering/object.dart:2768:7)
#42     RenderProxyBoxMixin.performLayout (package:flutter/src/rendering/proxy_box.dart:118:18)
#43     RenderObject.layout (package:flutter/src/rendering/object.dart:2768:7)
#44     RenderProxyBoxMixin.performLayout (package:flutter/src/rendering/proxy_box.dart:118:18)
#45     RenderObject.layout (package:flutter/src/rendering/object.dart:2768:7)
#46     RenderProxyBoxMixin.performLayout (package:flutter/src/rendering/proxy_box.dart:118:18)
#47     RenderObject.layout (package:flutter/src/rendering/object.dart:2768:7)
#48     RenderProxyBoxMixin.performLayout (package:flutter/src/rendering/proxy_box.dart:118:18)
#49     RenderObject.layout (package:flutter/src/rendering/object.dart:2768:7)
#50     RenderProxyBoxMixin.performLayout (package:flutter/src/rendering/proxy_box.dart:118:18)
#51     RenderObject.layout (package:flutter/src/rendering/object.dart:2768:7)
#52     RenderProxyBoxMixin.performLayout (package:flutter/src/rendering/proxy_box.dart:118:18)
#53     RenderObject.layout (package:flutter/src/rendering/object.dart:2768:7)
#54     RenderProxyBoxMixin.performLayout (package:flutter/src/rendering/proxy_box.dart:118:18)
#55     RenderOffstage.performLayout (package:flutter/src/rendering/proxy_box.dart:3923:13)
#56     RenderObject.layout (package:flutter/src/rendering/object.dart:2768:7)
#57     RenderProxyBoxMixin.performLayout (package:flutter/src/rendering/proxy_box.dart:118:18)
#58     RenderObject.layout (package:flutter/src/rendering/object.dart:2768:7)
#59     _RenderTheaterMixin.layoutChild (package:flutter/src/widgets/overlay.dart:1084:13)
#60     _RenderTheater.performLayout (package:flutter/src/widgets/overlay.dart:1429:9)
#61     RenderObject.layout (package:flutter/src/rendering/object.dart:2768:7)
#62     RenderProxyBoxMixin.performLayout (package:flutter/src/rendering/proxy_box.dart:118:18)
#63     RenderObject.layout (package:flutter/src/rendering/object.dart:2768:7)
#64     RenderProxyBoxMixin.performLayout (package:flutter/src/rendering/proxy_box.dart:118:18)
#65     RenderObject.layout (package:flutter/src/rendering/object.dart:2768:7)
#66     RenderProxyBoxMixin.performLayout (package:flutter/src/rendering/proxy_box.dart:118:18)
#67     RenderObject.layout (package:flutter/src/rendering/object.dart:2768:7)
#68     RenderProxyBoxMixin.performLayout (package:flutter/src/rendering/proxy_box.dart:118:18)
#69     RenderCustomPaint.performLayout (package:flutter/src/rendering/custom_paint.dart:574:11)
#70     RenderObject.layout (package:flutter/src/rendering/object.dart:2768:7)
#71     RenderProxyBoxMixin.performLayout (package:flutter/src/rendering/proxy_box.dart:118:18)
#72     RenderObject.layout (package:flutter/src/rendering/object.dart:2768:7)
#73     RenderProxyBoxMixin.performLayout (package:flutter/src/rendering/proxy_box.dart:118:18)
#74     RenderObject.layout (package:flutter/src/rendering/object.dart:2768:7)
#75     RenderProxyBoxMixin.performLayout (package:flutter/src/rendering/proxy_box.dart:118:18)
#76     RenderObject.layout (package:flutter/src/rendering/object.dart:2768:7)
#77     RenderProxyBoxMixin.performLayout (package:flutter/src/rendering/proxy_box.dart:118:18)
#78     RenderObject.layout (package:flutter/src/rendering/object.dart:2768:7)
#79     RenderProxyBoxMixin.performLayout (package:flutter/src/rendering/proxy_box.dart:118:18)
#80     RenderObject.layout (package:flutter/src/rendering/object.dart:2768:7)
#81     RenderProxyBoxMixin.performLayout (package:flutter/src/rendering/proxy_box.dart:118:18)
#82     RenderObject.layout (package:flutter/src/rendering/object.dart:2768:7)
#83     RenderView.performLayout (package:flutter/src/rendering/view.dart:292:12)
#84     RenderObject._layoutWithoutResize (package:flutter/src/rendering/object.dart:2616:7)
#85     PipelineOwner.flushLayout (package:flutter/src/rendering/object.dart:1174:18)
#86     PipelineOwner.flushLayout (package:flutter/src/rendering/object.dart:1187:15)
#87     AutomatedTestWidgetsFlutterBinding.drawFrame (package:flutter_test/src/binding.dart:2133:27)
#88     RendererBinding._handlePersistentFrameCallback (package:flutter/src/rendering/binding.dart:495:5)
#89     SchedulerBinding._invokeFrameCallback (package:flutter/src/scheduler/binding.dart:1430:15)
#90     SchedulerBinding.handleDrawFrame (package:flutter/src/scheduler/binding.dart:1345:9)
#91     AutomatedTestWidgetsFlutterBinding.pump.<anonymous closure> (package:flutter_test/src/binding.dart:1960:9)
#94     TestAsyncUtils.guard (package:flutter_test/src/test_async_utils.dart:74:41)
#95     AutomatedTestWidgetsFlutterBinding.pump (package:flutter_test/src/binding.dart:1949:27)
#96     WidgetTester.pumpWidget.<anonymous closure> (package:flutter_test/src/widget_tester.dart:598:22)
#99     TestAsyncUtils.guard (package:flutter_test/src/test_async_utils.dart:74:41)
#100    WidgetTester.pumpWidget (package:flutter_test/src/widget_tester.dart:595:27)
#101    main.<anonymous closure>.<anonymous closure> (file:///C:/Users/bhara/StudioProjects/simple_billing_app/test/widget/billing_screen_test.dart:83:20)
#102    testWidgets.<anonymous closure>.<anonymous closure> (package:flutter_test/src/widget_tester.dart:192:29)
<asynchronous suspension>
#103    TestWidgetsFlutterBinding._runTestBody (package:flutter_test/src/binding.dart:1682:5)
<asynchronous suspension>
<asynchronous suspension>
(elided 7 frames from class _AssertionError, dart:async, and package:stack_trace)

The following RenderObject was being processed when the exception was fired: _RenderScrollSemantics#dff9c relayoutBoundary=up5 NEEDS-LAYOUT NEEDS-PAINT NEEDS-COMPOSITING-BITS-UPDATE:
  creator: _ScrollSemantics-[GlobalKey#a1b6e] ΓåÉ NotificationListener<ScrollMetricsNotification> ΓåÉ
    Transform ΓåÉ StretchEffect ΓåÉ ClipRect ΓåÉ AnimatedBuilder ΓåÉ NotificationListener<ScrollNotification>
    ΓåÉ StretchingOverscrollIndicator ΓåÉ Scrollable ΓåÉ PrimaryScrollController ΓåÉ SingleChildScrollView ΓåÉ
    Padding ΓåÉ Γï»
  parentData: <none> (can use size)
  constraints: BoxConstraints(0.0<=w<=1136.0, 0.0<=h<=613.0)
  semantic boundary
  size: MISSING
This RenderObject had the following descendants (showing up to depth 5):
    child: RenderPointerListener#1d02a relayoutBoundary=up6 NEEDS-PAINT NEEDS-COMPOSITING-BITS-UPDATE
      child: RenderSemanticsGestureHandler#45fa4 relayoutBoundary=up7 NEEDS-PAINT NEEDS-COMPOSITING-BITS-UPDATE
        child: RenderPointerListener#beff6 relayoutBoundary=up8 NEEDS-PAINT NEEDS-COMPOSITING-BITS-UPDATE
          child: RenderSemanticsAnnotations#d0ae1 relayoutBoundary=up9 NEEDS-PAINT NEEDS-COMPOSITING-BITS-UPDATE
            child: RenderIgnorePointer#85463 relayoutBoundary=up10 NEEDS-PAINT NEEDS-COMPOSITING-BITS-UPDATE
ΓòÉΓòÉΓòÉΓòÉΓòÉΓòÉΓòÉΓòÉΓòÉΓòÉΓòÉΓòÉΓòÉΓòÉΓòÉΓòÉΓòÉΓòÉΓòÉΓòÉΓòÉΓòÉΓòÉΓòÉΓòÉΓòÉΓòÉΓòÉΓòÉΓòÉΓòÉΓòÉΓòÉΓòÉΓòÉΓòÉΓòÉΓòÉΓòÉΓòÉΓòÉΓòÉΓòÉΓòÉΓòÉΓòÉΓòÉΓòÉΓòÉΓòÉΓòÉΓòÉΓòÉΓòÉΓòÉΓòÉΓòÉΓòÉΓòÉΓòÉΓòÉΓòÉΓòÉΓòÉΓòÉΓòÉΓòÉΓòÉΓòÉΓòÉΓòÉΓòÉΓòÉΓòÉΓòÉΓòÉΓòÉΓòÉΓòÉΓòÉΓòÉΓòÉΓòÉΓòÉΓòÉΓòÉΓòÉΓòÉΓòÉΓòÉΓòÉΓòÉΓòÉΓòÉΓòÉΓòÉΓòÉΓòÉΓòÉΓòÉ
ΓòÉΓòÉΓòí EXCEPTION CAUGHT BY RENDERING LIBRARY Γò₧ΓòÉΓòÉΓòÉΓòÉΓòÉΓòÉΓòÉΓòÉΓòÉΓòÉΓòÉΓòÉΓòÉΓòÉΓòÉΓòÉΓòÉΓòÉΓòÉΓòÉΓòÉΓòÉΓòÉΓòÉΓòÉΓòÉΓòÉΓòÉΓòÉΓòÉΓòÉΓòÉΓòÉΓòÉΓòÉΓòÉΓòÉΓòÉΓòÉΓòÉΓòÉΓòÉΓòÉΓòÉΓòÉΓòÉΓòÉΓòÉΓòÉΓòÉΓòÉΓòÉΓòÉΓòÉΓòÉΓòÉΓòÉ
The following assertion was thrown during performLayout():
RenderBox was not laid out: _RenderScrollSemantics#dff9c relayoutBoundary=up5 NEEDS-PAINT
NEEDS-COMPOSITING-BITS-UPDATE
'package:flutter/src/rendering/box.dart':
Failed assertion: line 2251 pos 12: 'hasSize'

Either the assertion indicates an error in the framework itself, or we should provide substantially
more information in this error message to help you determine and fix the underlying cause.
In either case, please report this assertion by filing a bug on GitHub:
  https://github.com/flutter/flutter/issues/new?template=02_bug.yml

The relevant error-causing widget was:
  SingleChildScrollView
  SingleChildScrollView:file:///C:/Users/bhara/StudioProjects/simple_billing_app/lib/views/screens/billing_screen.dart:240:14

When the exception was thrown, this was the stack:
#2      RenderBox.size (package:flutter/src/rendering/box.dart:2251:12)
#3      RenderProxyBoxMixin.performLayout (package:flutter/src/rendering/proxy_box.dart:118:62)
#4      RenderObject.layout (package:flutter/src/rendering/object.dart:2768:7)
#5      RenderProxyBoxMixin.performLayout (package:flutter/src/rendering/proxy_box.dart:118:18)
#6      _RenderCustomClip.performLayout (package:flutter/src/rendering/proxy_box.dart:1549:11)
#7      RenderObject.layout (package:flutter/src/rendering/object.dart:2768:7)
#8      RenderPadding.performLayout (package:flutter/src/rendering/shifted_box.dart:262:12)
#9      RenderObject.layout (package:flutter/src/rendering/object.dart:2768:7)
#10     _RenderLayoutBuilder.performLayout (package:flutter/src/widgets/layout_builder.dart:449:14)
#11     RenderObject.layout (package:flutter/src/rendering/object.dart:2768:7)
#12     MultiChildLayoutDelegate.layoutChild (package:flutter/src/rendering/custom_layout.dart:180:12)
#13     _ScaffoldLayout.performLayout (package:flutter/src/material/scaffold.dart:1113:7)
#14     MultiChildLayoutDelegate._callPerformLayout (package:flutter/src/rendering/custom_layout.dart:246:7)
#15     RenderCustomMultiChildLayoutBox.performLayout (package:flutter/src/rendering/custom_layout.dart:417:14)
#16     RenderObject.layout (package:flutter/src/rendering/object.dart:2768:7)
#17     RenderProxyBoxMixin.performLayout (package:flutter/src/rendering/proxy_box.dart:118:18)
#18     RenderObject.layout (package:flutter/src/rendering/object.dart:2768:7)
#19     RenderProxyBoxMixin.performLayout (package:flutter/src/rendering/proxy_box.dart:118:18)
#20     _RenderCustomClip.performLayout (package:flutter/src/rendering/proxy_box.dart:1549:11)
#21     RenderObject.layout (package:flutter/src/rendering/object.dart:2768:7)
#22     RenderProxyBoxMixin.performLayout (package:flutter/src/rendering/proxy_box.dart:118:18)
#23     RenderObject.layout (package:flutter/src/rendering/object.dart:2768:7)
#24     RenderProxyBoxMixin.performLayout (package:flutter/src/rendering/proxy_box.dart:118:18)
#25     RenderObject.layout (package:flutter/src/rendering/object.dart:2768:7)
#26     RenderProxyBoxMixin.performLayout (package:flutter/src/rendering/proxy_box.dart:118:18)
#27     RenderObject.layout (package:flutter/src/rendering/object.dart:2768:7)
#28     RenderProxyBoxMixin.performLayout (package:flutter/src/rendering/proxy_box.dart:118:18)
#29     RenderObject.layout (package:flutter/src/rendering/object.dart:2768:7)
#30     RenderProxyBoxMixin.performLayout (package:flutter/src/rendering/proxy_box.dart:118:18)
#31     RenderObject.layout (package:flutter/src/rendering/object.dart:2768:7)
#32     RenderProxyBoxMixin.performLayout (package:flutter/src/rendering/proxy_box.dart:118:18)
#33     RenderObject.layout (package:flutter/src/rendering/object.dart:2768:7)
#34     RenderProxyBoxMixin.performLayout (package:flutter/src/rendering/proxy_box.dart:118:18)
#35     RenderObject.layout (package:flutter/src/rendering/object.dart:2768:7)
#36     RenderProxyBoxMixin.performLayout (package:flutter/src/rendering/proxy_box.dart:118:18)
#37     RenderObject.layout (package:flutter/src/rendering/object.dart:2768:7)
#38     RenderProxyBoxMixin.performLayout (package:flutter/src/rendering/proxy_box.dart:118:18)
#39     RenderObject.layout (package:flutter/src/rendering/object.dart:2768:7)
#40     RenderProxyBoxMixin.performLayout (package:flutter/src/rendering/proxy_box.dart:118:18)
#41     RenderObject.layout (package:flutter/src/rendering/object.dart:2768:7)
#42     RenderProxyBoxMixin.performLayout (package:flutter/src/rendering/proxy_box.dart:118:18)
#43     RenderObject.layout (package:flutter/src/rendering/object.dart:2768:7)
#44     RenderProxyBoxMixin.performLayout (package:flutter/src/rendering/proxy_box.dart:118:18)
#45     RenderObject.layout (package:flutter/src/rendering/object.dart:2768:7)
#46     RenderProxyBoxMixin.performLayout (package:flutter/src/rendering/proxy_box.dart:118:18)
#47     RenderObject.layout (package:flutter/src/rendering/object.dart:2768:7)
#48     RenderProxyBoxMixin.performLayout (package:flutter/src/rendering/proxy_box.dart:118:18)
#49     RenderObject.layout (package:flutter/src/rendering/object.dart:2768:7)
#50     RenderProxyBoxMixin.performLayout (package:flutter/src/rendering/proxy_box.dart:118:18)
#51     RenderObject.layout (package:flutter/src/rendering/object.dart:2768:7)
#52     RenderProxyBoxMixin.performLayout (package:flutter/src/rendering/proxy_box.dart:118:18)
#53     RenderOffstage.performLayout (package:flutter/src/rendering/proxy_box.dart:3923:13)
#54     RenderObject.layout (package:flutter/src/rendering/object.dart:2768:7)
#55     RenderProxyBoxMixin.performLayout (package:flutter/src/rendering/proxy_box.dart:118:18)
#56     RenderObject.layout (package:flutter/src/rendering/object.dart:2768:7)
#57     _RenderTheaterMixin.layoutChild (package:flutter/src/widgets/overlay.dart:1084:13)
#58     _RenderTheater.performLayout (package:flutter/src/widgets/overlay.dart:1429:9)
#59     RenderObject.layout (package:flutter/src/rendering/object.dart:2768:7)
#60     RenderProxyBoxMixin.performLayout (package:flutter/src/rendering/proxy_box.dart:118:18)
#61     RenderObject.layout (package:flutter/src/rendering/object.dart:2768:7)
#62     RenderProxyBoxMixin.performLayout (package:flutter/src/rendering/proxy_box.dart:118:18)
#63     RenderObject.layout (package:flutter/src/rendering/object.dart:2768:7)
#64     RenderProxyBoxMixin.performLayout (package:flutter/src/rendering/proxy_box.dart:118:18)
#65     RenderObject.layout (package:flutter/src/rendering/object.dart:2768:7)
#66     RenderProxyBoxMixin.performLayout (package:flutter/src/rendering/proxy_box.dart:118:18)
#67     RenderCustomPaint.performLayout (package:flutter/src/rendering/custom_paint.dart:574:11)
#68     RenderObject.layout (package:flutter/src/rendering/object.dart:2768:7)
#69     RenderProxyBoxMixin.performLayout (package:flutter/src/rendering/proxy_box.dart:118:18)
#70     RenderObject.layout (package:flutter/src/rendering/object.dart:2768:7)
#71     RenderProxyBoxMixin.performLayout (package:flutter/src/rendering/proxy_box.dart:118:18)
#72     RenderObject.layout (package:flutter/src/rendering/object.dart:2768:7)
#73     RenderProxyBoxMixin.performLayout (package:flutter/src/rendering/proxy_box.dart:118:18)
#74     RenderObject.layout (package:flutter/src/rendering/object.dart:2768:7)
#75     RenderProxyBoxMixin.performLayout (package:flutter/src/rendering/proxy_box.dart:118:18)
#76     RenderObject.layout (package:flutter/src/rendering/object.dart:2768:7)
#77     RenderProxyBoxMixin.performLayout (package:flutter/src/rendering/proxy_box.dart:118:18)
#78     RenderObject.layout (package:flutter/src/rendering/object.dart:2768:7)
#79     RenderProxyBoxMixin.performLayout (package:flutter/src/rendering/proxy_box.dart:118:18)
#80     RenderObject.layout (package:flutter/src/rendering/object.dart:2768:7)
#81     RenderView.performLayout (package:flutter/src/rendering/view.dart:292:12)
#82     RenderObject._layoutWithoutResize (package:flutter/src/rendering/object.dart:2616:7)
#83     PipelineOwner.flushLayout (package:flutter/src/rendering/object.dart:1174:18)
#84     PipelineOwner.flushLayout (package:flutter/src/rendering/object.dart:1187:15)
#85     AutomatedTestWidgetsFlutterBinding.drawFrame (package:flutter_test/src/binding.dart:2133:27)
#86     RendererBinding._handlePersistentFrameCallback (package:flutter/src/rendering/binding.dart:495:5)
#87     SchedulerBinding._invokeFrameCallback (package:flutter/src/scheduler/binding.dart:1430:15)
#88     SchedulerBinding.handleDrawFrame (package:flutter/src/scheduler/binding.dart:1345:9)
#89     AutomatedTestWidgetsFlutterBinding.pump.<anonymous closure> (package:flutter_test/src/binding.dart:1960:9)
#92     TestAsyncUtils.guard (package:flutter_test/src/test_async_utils.dart:74:41)
#93     AutomatedTestWidgetsFlutterBinding.pump (package:flutter_test/src/binding.dart:1949:27)
#94     WidgetTester.pumpWidget.<anonymous closure> (package:flutter_test/src/widget_tester.dart:598:22)
#97     TestAsyncUtils.guard (package:flutter_test/src/test_async_utils.dart:74:41)
#98     WidgetTester.pumpWidget (package:flutter_test/src/widget_tester.dart:595:27)
#99     main.<anonymous closure>.<anonymous closure> (file:///C:/Users/bhara/StudioProjects/simple_billing_app/test/widget/billing_screen_test.dart:83:20)
#100    testWidgets.<anonymous closure>.<anonymous closure> (package:flutter_test/src/widget_tester.dart:192:29)
<asynchronous suspension>
#101    TestWidgetsFlutterBinding._runTestBody (package:flutter_test/src/binding.dart:1682:5)
<asynchronous suspension>
<asynchronous suspension>
(elided 7 frames from class _AssertionError, dart:async, and package:stack_trace)

The following RenderObject was being processed when the exception was fired: RenderTransform#e6531 relayoutBoundary=up4 NEEDS-LAYOUT NEEDS-PAINT NEEDS-COMPOSITING-BITS-UPDATE:
  creator: Transform ΓåÉ StretchEffect ΓåÉ ClipRect ΓåÉ AnimatedBuilder ΓåÉ
    NotificationListener<ScrollNotification> ΓåÉ StretchingOverscrollIndicator ΓåÉ Scrollable ΓåÉ
    PrimaryScrollController ΓåÉ SingleChildScrollView ΓåÉ Padding ΓåÉ LayoutBuilder ΓåÉ
    KeyedSubtree-[GlobalKey#e5250] ΓåÉ Γï»
  parentData: <none> (can use size)
  constraints: BoxConstraints(0.0<=w<=1136.0, 0.0<=h<=613.0)
  size: MISSING
  transform matrix:
    [0] 1.0,0.0,0.0,0.0
    [1] 0.0,1.0,0.0,0.0
    [2] 0.0,0.0,1.0,0.0
    [3] 0.0,0.0,0.0,1.0
  origin: null
  alignment: AlignmentDirectional.bottomCenter
  textDirection: ltr
  transformHitTests: true
This RenderObject had the following descendants (showing up to depth 5):
    child: _RenderScrollSemantics#dff9c relayoutBoundary=up5 NEEDS-PAINT NEEDS-COMPOSITING-BITS-UPDATE
      child: RenderPointerListener#1d02a relayoutBoundary=up6 NEEDS-PAINT NEEDS-COMPOSITING-BITS-UPDATE
        child: RenderSemanticsGestureHandler#45fa4 relayoutBoundary=up7 NEEDS-PAINT NEEDS-COMPOSITING-BITS-UPDATE
          child: RenderPointerListener#beff6 relayoutBoundary=up8 NEEDS-PAINT NEEDS-COMPOSITING-BITS-UPDATE
            child: RenderSemanticsAnnotations#d0ae1 relayoutBoundary=up9 NEEDS-PAINT NEEDS-COMPOSITING-BITS-UPDATE
ΓòÉΓòÉΓòÉΓòÉΓòÉΓòÉΓòÉΓòÉΓòÉΓòÉΓòÉΓòÉΓòÉΓòÉΓòÉΓòÉΓòÉΓòÉΓòÉΓòÉΓòÉΓòÉΓòÉΓòÉΓòÉΓòÉΓòÉΓòÉΓòÉΓòÉΓòÉΓòÉΓòÉΓòÉΓòÉΓòÉΓòÉΓòÉΓòÉΓòÉΓòÉΓòÉΓòÉΓòÉΓòÉΓòÉΓòÉΓòÉΓòÉΓòÉΓòÉΓòÉΓòÉΓòÉΓòÉΓòÉΓòÉΓòÉΓòÉΓòÉΓòÉΓòÉΓòÉΓòÉΓòÉΓòÉΓòÉΓòÉΓòÉΓòÉΓòÉΓòÉΓòÉΓòÉΓòÉΓòÉΓòÉΓòÉΓòÉΓòÉΓòÉΓòÉΓòÉΓòÉΓòÉΓòÉΓòÉΓòÉΓòÉΓòÉΓòÉΓòÉΓòÉΓòÉΓòÉΓòÉΓòÉΓòÉΓòÉΓòÉ
ΓòÉΓòÉΓòí EXCEPTION CAUGHT BY RENDERING LIBRARY Γò₧ΓòÉΓòÉΓòÉΓòÉΓòÉΓòÉΓòÉΓòÉΓòÉΓòÉΓòÉΓòÉΓòÉΓòÉΓòÉΓòÉΓòÉΓòÉΓòÉΓòÉΓòÉΓòÉΓòÉΓòÉΓòÉΓòÉΓòÉΓòÉΓòÉΓòÉΓòÉΓòÉΓòÉΓòÉΓòÉΓòÉΓòÉΓòÉΓòÉΓòÉΓòÉΓòÉΓòÉΓòÉΓòÉΓòÉΓòÉΓòÉΓòÉΓòÉΓòÉΓòÉΓòÉΓòÉΓòÉΓòÉΓòÉ
The following assertion was thrown during performLayout():
RenderBox was not laid out: RenderTransform#e6531 relayoutBoundary=up4 NEEDS-PAINT
NEEDS-COMPOSITING-BITS-UPDATE
'package:flutter/src/rendering/box.dart':
Failed assertion: line 2251 pos 12: 'hasSize'

Either the assertion indicates an error in the framework itself, or we should provide substantially
more information in this error message to help you determine and fix the underlying cause.
In either case, please report this assertion by filing a bug on GitHub:
  https://github.com/flutter/flutter/issues/new?template=02_bug.yml

The relevant error-causing widget was:
  SingleChildScrollView
  SingleChildScrollView:file:///C:/Users/bhara/StudioProjects/simple_billing_app/lib/views/screens/billing_screen.dart:240:14

When the exception was thrown, this was the stack:
#2      RenderBox.size (package:flutter/src/rendering/box.dart:2251:12)
#3      RenderProxyBoxMixin.performLayout (package:flutter/src/rendering/proxy_box.dart:118:62)
#4      _RenderCustomClip.performLayout (package:flutter/src/rendering/proxy_box.dart:1549:11)
#5      RenderObject.layout (package:flutter/src/rendering/object.dart:2768:7)
#6      RenderPadding.performLayout (package:flutter/src/rendering/shifted_box.dart:262:12)
#7      RenderObject.layout (package:flutter/src/rendering/object.dart:2768:7)
#8      _RenderLayoutBuilder.performLayout (package:flutter/src/widgets/layout_builder.dart:449:14)
#9      RenderObject.layout (package:flutter/src/rendering/object.dart:2768:7)
#10     MultiChildLayoutDelegate.layoutChild (package:flutter/src/rendering/custom_layout.dart:180:12)
#11     _ScaffoldLayout.performLayout (package:flutter/src/material/scaffold.dart:1113:7)
#12     MultiChildLayoutDelegate._callPerformLayout (package:flutter/src/rendering/custom_layout.dart:246:7)
#13     RenderCustomMultiChildLayoutBox.performLayout (package:flutter/src/rendering/custom_layout.dart:417:14)
#14     RenderObject.layout (package:flutter/src/rendering/object.dart:2768:7)
#15     RenderProxyBoxMixin.performLayout (package:flutter/src/rendering/proxy_box.dart:118:18)
#16     RenderObject.layout (package:flutter/src/rendering/object.dart:2768:7)
#17     RenderProxyBoxMixin.performLayout (package:flutter/src/rendering/proxy_box.dart:118:18)
#18     _RenderCustomClip.performLayout (package:flutter/src/rendering/proxy_box.dart:1549:11)
#19     RenderObject.layout (package:flutter/src/rendering/object.dart:2768:7)
#20     RenderProxyBoxMixin.performLayout (package:flutter/src/rendering/proxy_box.dart:118:18)
#21     RenderObject.layout (package:flutter/src/rendering/object.dart:2768:7)
#22     RenderProxyBoxMixin.performLayout (package:flutter/src/rendering/proxy_box.dart:118:18)
#23     RenderObject.layout (package:flutter/src/rendering/object.dart:2768:7)
#24     RenderProxyBoxMixin.performLayout (package:flutter/src/rendering/proxy_box.dart:118:18)
#25     RenderObject.layout (package:flutter/src/rendering/object.dart:2768:7)
#26     RenderProxyBoxMixin.performLayout (package:flutter/src/rendering/proxy_box.dart:118:18)
#27     RenderObject.layout (package:flutter/src/rendering/object.dart:2768:7)
#28     RenderProxyBoxMixin.performLayout (package:flutter/src/rendering/proxy_box.dart:118:18)
#29     RenderObject.layout (package:flutter/src/rendering/object.dart:2768:7)
#30     RenderProxyBoxMixin.performLayout (package:flutter/src/rendering/proxy_box.dart:118:18)
#31     RenderObject.layout (package:flutter/src/rendering/object.dart:2768:7)
#32     RenderProxyBoxMixin.performLayout (package:flutter/src/rendering/proxy_box.dart:118:18)
#33     RenderObject.layout (package:flutter/src/rendering/object.dart:2768:7)
#34     RenderProxyBoxMixin.performLayout (package:flutter/src/rendering/proxy_box.dart:118:18)
#35     RenderObject.layout (package:flutter/src/rendering/object.dart:2768:7)
#36     RenderProxyBoxMixin.performLayout (package:flutter/src/rendering/proxy_box.dart:118:18)
#37     RenderObject.layout (package:flutter/src/rendering/object.dart:2768:7)
#38     RenderProxyBoxMixin.performLayout (package:flutter/src/rendering/proxy_box.dart:118:18)
#39     RenderObject.layout (package:flutter/src/rendering/object.dart:2768:7)
#40     RenderProxyBoxMixin.performLayout (package:flutter/src/rendering/proxy_box.dart:118:18)
#41     RenderObject.layout (package:flutter/src/rendering/object.dart:2768:7)
#42     RenderProxyBoxMixin.performLayout (package:flutter/src/rendering/proxy_box.dart:118:18)
#43     RenderObject.layout (package:flutter/src/rendering/object.dart:2768:7)
#44     RenderProxyBoxMixin.performLayout (package:flutter/src/rendering/proxy_box.dart:118:18)
#45     RenderObject.layout (package:flutter/src/rendering/object.dart:2768:7)
#46     RenderProxyBoxMixin.performLayout (package:flutter/src/rendering/proxy_box.dart:118:18)
#47     RenderObject.layout (package:flutter/src/rendering/object.dart:2768:7)
#48     RenderProxyBoxMixin.performLayout (package:flutter/src/rendering/proxy_box.dart:118:18)
#49     RenderObject.layout (package:flutter/src/rendering/object.dart:2768:7)
#50     RenderProxyBoxMixin.performLayout (package:flutter/src/rendering/proxy_box.dart:118:18)
#51     RenderOffstage.performLayout (package:flutter/src/rendering/proxy_box.dart:3923:13)
#52     RenderObject.layout (package:flutter/src/rendering/object.dart:2768:7)
#53     RenderProxyBoxMixin.performLayout (package:flutter/src/rendering/proxy_box.dart:118:18)
#54     RenderObject.layout (package:flutter/src/rendering/object.dart:2768:7)
#55     _RenderTheaterMixin.layoutChild (package:flutter/src/widgets/overlay.dart:1084:13)
#56     _RenderTheater.performLayout (package:flutter/src/widgets/overlay.dart:1429:9)
#57     RenderObject.layout (package:flutter/src/rendering/object.dart:2768:7)
#58     RenderProxyBoxMixin.performLayout (package:flutter/src/rendering/proxy_box.dart:118:18)
#59     RenderObject.layout (package:flutter/src/rendering/object.dart:2768:7)
#60     RenderProxyBoxMixin.performLayout (package:flutter/src/rendering/proxy_box.dart:118:18)
#61     RenderObject.layout (package:flutter/src/rendering/object.dart:2768:7)
#62     RenderProxyBoxMixin.performLayout (package:flutter/src/rendering/proxy_box.dart:118:18)
#63     RenderObject.layout (package:flutter/src/rendering/object.dart:2768:7)
#64     RenderProxyBoxMixin.performLayout (package:flutter/src/rendering/proxy_box.dart:118:18)
#65     RenderCustomPaint.performLayout (package:flutter/src/rendering/custom_paint.dart:574:11)
#66     RenderObject.layout (package:flutter/src/rendering/object.dart:2768:7)
#67     RenderProxyBoxMixin.performLayout (package:flutter/src/rendering/proxy_box.dart:118:18)
#68     RenderObject.layout (package:flutter/src/rendering/object.dart:2768:7)
#69     RenderProxyBoxMixin.performLayout (package:flutter/src/rendering/proxy_box.dart:118:18)
#70     RenderObject.layout (package:flutter/src/rendering/object.dart:2768:7)
#71     RenderProxyBoxMixin.performLayout (package:flutter/src/rendering/proxy_box.dart:118:18)
#72     RenderObject.layout (package:flutter/src/rendering/object.dart:2768:7)
#73     RenderProxyBoxMixin.performLayout (package:flutter/src/rendering/proxy_box.dart:118:18)
#74     RenderObject.layout (package:flutter/src/rendering/object.dart:2768:7)
#75     RenderProxyBoxMixin.performLayout (package:flutter/src/rendering/proxy_box.dart:118:18)
#76     RenderObject.layout (package:flutter/src/rendering/object.dart:2768:7)
#77     RenderProxyBoxMixin.performLayout (package:flutter/src/rendering/proxy_box.dart:118:18)
#78     RenderObject.layout (package:flutter/src/rendering/object.dart:2768:7)
#79     RenderView.performLayout (package:flutter/src/rendering/view.dart:292:12)
#80     RenderObject._layoutWithoutResize (package:flutter/src/rendering/object.dart:2616:7)
#81     PipelineOwner.flushLayout (package:flutter/src/rendering/object.dart:1174:18)
#82     PipelineOwner.flushLayout (package:flutter/src/rendering/object.dart:1187:15)
#83     AutomatedTestWidgetsFlutterBinding.drawFrame (package:flutter_test/src/binding.dart:2133:27)
#84     RendererBinding._handlePersistentFrameCallback (package:flutter/src/rendering/binding.dart:495:5)
#85     SchedulerBinding._invokeFrameCallback (package:flutter/src/scheduler/binding.dart:1430:15)
#86     SchedulerBinding.handleDrawFrame (package:flutter/src/scheduler/binding.dart:1345:9)
#87     AutomatedTestWidgetsFlutterBinding.pump.<anonymous closure> (package:flutter_test/src/binding.dart:1960:9)
#90     TestAsyncUtils.guard (package:flutter_test/src/test_async_utils.dart:74:41)
#91     AutomatedTestWidgetsFlutterBinding.pump (package:flutter_test/src/binding.dart:1949:27)
#92     WidgetTester.pumpWidget.<anonymous closure> (package:flutter_test/src/widget_tester.dart:598:22)
#95     TestAsyncUtils.guard (package:flutter_test/src/test_async_utils.dart:74:41)
#96     WidgetTester.pumpWidget (package:flutter_test/src/widget_tester.dart:595:27)
#97     main.<anonymous closure>.<anonymous closure> (file:///C:/Users/bhara/StudioProjects/simple_billing_app/test/widget/billing_screen_test.dart:83:20)
#98     testWidgets.<anonymous closure>.<anonymous closure> (package:flutter_test/src/widget_tester.dart:192:29)
<asynchronous suspension>
#99     TestWidgetsFlutterBinding._runTestBody (package:flutter_test/src/binding.dart:1682:5)
<asynchronous suspension>
<asynchronous suspension>
(elided 7 frames from class _AssertionError, dart:async, and package:stack_trace)

The following RenderObject was being processed when the exception was fired: RenderClipRect#cfbf1 relayoutBoundary=up3 NEEDS-LAYOUT NEEDS-PAINT NEEDS-COMPOSITING-BITS-UPDATE:
  creator: ClipRect ΓåÉ AnimatedBuilder ΓåÉ NotificationListener<ScrollNotification> ΓåÉ
    StretchingOverscrollIndicator ΓåÉ Scrollable ΓåÉ PrimaryScrollController ΓåÉ SingleChildScrollView ΓåÉ
    Padding ΓåÉ LayoutBuilder ΓåÉ KeyedSubtree-[GlobalKey#e5250] ΓåÉ _BodyBuilder ΓåÉ MediaQuery ΓåÉ Γï»
  parentData: offset=Offset(0.0, 0.0) (can use size)
  constraints: BoxConstraints(0.0<=w<=1136.0, 0.0<=h<=613.0)
  size: MISSING
This RenderObject had the following descendants (showing up to depth 5):
    child: RenderTransform#e6531 relayoutBoundary=up4 NEEDS-PAINT NEEDS-COMPOSITING-BITS-UPDATE
      child: _RenderScrollSemantics#dff9c relayoutBoundary=up5 NEEDS-PAINT NEEDS-COMPOSITING-BITS-UPDATE
        child: RenderPointerListener#1d02a relayoutBoundary=up6 NEEDS-PAINT NEEDS-COMPOSITING-BITS-UPDATE
          child: RenderSemanticsGestureHandler#45fa4 relayoutBoundary=up7 NEEDS-PAINT NEEDS-COMPOSITING-BITS-UPDATE
            child: RenderPointerListener#beff6 relayoutBoundary=up8 NEEDS-PAINT NEEDS-COMPOSITING-BITS-UPDATE
ΓòÉΓòÉΓòÉΓòÉΓòÉΓòÉΓòÉΓòÉΓòÉΓòÉΓòÉΓòÉΓòÉΓòÉΓòÉΓòÉΓòÉΓòÉΓòÉΓòÉΓòÉΓòÉΓòÉΓòÉΓòÉΓòÉΓòÉΓòÉΓòÉΓòÉΓòÉΓòÉΓòÉΓòÉΓòÉΓòÉΓòÉΓòÉΓòÉΓòÉΓòÉΓòÉΓòÉΓòÉΓòÉΓòÉΓòÉΓòÉΓòÉΓòÉΓòÉΓòÉΓòÉΓòÉΓòÉΓòÉΓòÉΓòÉΓòÉΓòÉΓòÉΓòÉΓòÉΓòÉΓòÉΓòÉΓòÉΓòÉΓòÉΓòÉΓòÉΓòÉΓòÉΓòÉΓòÉΓòÉΓòÉΓòÉΓòÉΓòÉΓòÉΓòÉΓòÉΓòÉΓòÉΓòÉΓòÉΓòÉΓòÉΓòÉΓòÉΓòÉΓòÉΓòÉΓòÉΓòÉΓòÉΓòÉΓòÉΓòÉ
ΓòÉΓòÉΓòí EXCEPTION CAUGHT BY RENDERING LIBRARY Γò₧ΓòÉΓòÉΓòÉΓòÉΓòÉΓòÉΓòÉΓòÉΓòÉΓòÉΓòÉΓòÉΓòÉΓòÉΓòÉΓòÉΓòÉΓòÉΓòÉΓòÉΓòÉΓòÉΓòÉΓòÉΓòÉΓòÉΓòÉΓòÉΓòÉΓòÉΓòÉΓòÉΓòÉΓòÉΓòÉΓòÉΓòÉΓòÉΓòÉΓòÉΓòÉΓòÉΓòÉΓòÉΓòÉΓòÉΓòÉΓòÉΓòÉΓòÉΓòÉΓòÉΓòÉΓòÉΓòÉΓòÉΓòÉ
The following assertion was thrown during performLayout():
RenderBox was not laid out: RenderClipRect#cfbf1 relayoutBoundary=up3 NEEDS-PAINT
NEEDS-COMPOSITING-BITS-UPDATE
'package:flutter/src/rendering/box.dart':
Failed assertion: line 2251 pos 12: 'hasSize'

Either the assertion indicates an error in the framework itself, or we should provide substantially
more information in this error message to help you determine and fix the underlying cause.
In either case, please report this assertion by filing a bug on GitHub:
  https://github.com/flutter/flutter/issues/new?template=02_bug.yml

The relevant error-causing widget was:
  Padding
  Padding:file:///C:/Users/bhara/StudioProjects/simple_billing_app/lib/views/screens/billing_screen.dart:238:12

When the exception was thrown, this was the stack:
#2      RenderBox.size (package:flutter/src/rendering/box.dart:2251:12)
#3      RenderPadding.performLayout (package:flutter/src/rendering/shifted_box.dart:266:40)
#4      RenderObject.layout (package:flutter/src/rendering/object.dart:2768:7)
#5      _RenderLayoutBuilder.performLayout (package:flutter/src/widgets/layout_builder.dart:449:14)
#6      RenderObject.layout (package:flutter/src/rendering/object.dart:2768:7)
#7      MultiChildLayoutDelegate.layoutChild (package:flutter/src/rendering/custom_layout.dart:180:12)
#8      _ScaffoldLayout.performLayout (package:flutter/src/material/scaffold.dart:1113:7)
#9      MultiChildLayoutDelegate._callPerformLayout (package:flutter/src/rendering/custom_layout.dart:246:7)
#10     RenderCustomMultiChildLayoutBox.performLayout (package:flutter/src/rendering/custom_layout.dart:417:14)
#11     RenderObject.layout (package:flutter/src/rendering/object.dart:2768:7)
#12     RenderProxyBoxMixin.performLayout (package:flutter/src/rendering/proxy_box.dart:118:18)
#13     RenderObject.layout (package:flutter/src/rendering/object.dart:2768:7)
#14     RenderProxyBoxMixin.performLayout (package:flutter/src/rendering/proxy_box.dart:118:18)
#15     _RenderCustomClip.performLayout (package:flutter/src/rendering/proxy_box.dart:1549:11)
#16     RenderObject.layout (package:flutter/src/rendering/object.dart:2768:7)
#17     RenderProxyBoxMixin.performLayout (package:flutter/src/rendering/proxy_box.dart:118:18)
#18     RenderObject.layout (package:flutter/src/rendering/object.dart:2768:7)
#19     RenderProxyBoxMixin.performLayout (package:flutter/src/rendering/proxy_box.dart:118:18)
#20     RenderObject.layout (package:flutter/src/rendering/object.dart:2768:7)
#21     RenderProxyBoxMixin.performLayout (package:flutter/src/rendering/proxy_box.dart:118:18)
#22     RenderObject.layout (package:flutter/src/rendering/object.dart:2768:7)
#23     RenderProxyBoxMixin.performLayout (package:flutter/src/rendering/proxy_box.dart:118:18)
#24     RenderObject.layout (package:flutter/src/rendering/object.dart:2768:7)
#25     RenderProxyBoxMixin.performLayout (package:flutter/src/rendering/proxy_box.dart:118:18)
#26     RenderObject.layout (package:flutter/src/rendering/object.dart:2768:7)
#27     RenderProxyBoxMixin.performLayout (package:flutter/src/rendering/proxy_box.dart:118:18)
#28     RenderObject.layout (package:flutter/src/rendering/object.dart:2768:7)
#29     RenderProxyBoxMixin.performLayout (package:flutter/src/rendering/proxy_box.dart:118:18)
#30     RenderObject.layout (package:flutter/src/rendering/object.dart:2768:7)
#31     RenderProxyBoxMixin.performLayout (package:flutter/src/rendering/proxy_box.dart:118:18)
#32     RenderObject.layout (package:flutter/src/rendering/object.dart:2768:7)
#33     RenderProxyBoxMixin.performLayout (package:flutter/src/rendering/proxy_box.dart:118:18)
#34     RenderObject.layout (package:flutter/src/rendering/object.dart:2768:7)
#35     RenderProxyBoxMixin.performLayout (package:flutter/src/rendering/proxy_box.dart:118:18)
#36     RenderObject.layout (package:flutter/src/rendering/object.dart:2768:7)
#37     RenderProxyBoxMixin.performLayout (package:flutter/src/rendering/proxy_box.dart:118:18)
#38     RenderObject.layout (package:flutter/src/rendering/object.dart:2768:7)
#39     RenderProxyBoxMixin.performLayout (package:flutter/src/rendering/proxy_box.dart:118:18)
#40     RenderObject.layout (package:flutter/src/rendering/object.dart:2768:7)
#41     RenderProxyBoxMixin.performLayout (package:flutter/src/rendering/proxy_box.dart:118:18)
#42     RenderObject.layout (package:flutter/src/rendering/object.dart:2768:7)
#43     RenderProxyBoxMixin.performLayout (package:flutter/src/rendering/proxy_box.dart:118:18)
#44     RenderObject.layout (package:flutter/src/rendering/object.dart:2768:7)
#45     RenderProxyBoxMixin.performLayout (package:flutter/src/rendering/proxy_box.dart:118:18)
#46     RenderObject.layout (package:flutter/src/rendering/object.dart:2768:7)
#47     RenderProxyBoxMixin.performLayout (package:flutter/src/rendering/proxy_box.dart:118:18)
#48     RenderOffstage.performLayout (package:flutter/src/rendering/proxy_box.dart:3923:13)
#49     RenderObject.layout (package:flutter/src/rendering/object.dart:2768:7)
#50     RenderProxyBoxMixin.performLayout (package:flutter/src/rendering/proxy_box.dart:118:18)
#51     RenderObject.layout (package:flutter/src/rendering/object.dart:2768:7)
#52     _RenderTheaterMixin.layoutChild (package:flutter/src/widgets/overlay.dart:1084:13)
#53     _RenderTheater.performLayout (package:flutter/src/widgets/overlay.dart:1429:9)
#54     RenderObject.layout (package:flutter/src/rendering/object.dart:2768:7)
#55     RenderProxyBoxMixin.performLayout (package:flutter/src/rendering/proxy_box.dart:118:18)
#56     RenderObject.layout (package:flutter/src/rendering/object.dart:2768:7)
#57     RenderProxyBoxMixin.performLayout (package:flutter/src/rendering/proxy_box.dart:118:18)
#58     RenderObject.layout (package:flutter/src/rendering/object.dart:2768:7)
#59     RenderProxyBoxMixin.performLayout (package:flutter/src/rendering/proxy_box.dart:118:18)
#60     RenderObject.layout (package:flutter/src/rendering/object.dart:2768:7)
#61     RenderProxyBoxMixin.performLayout (package:flutter/src/rendering/proxy_box.dart:118:18)
#62     RenderCustomPaint.performLayout (package:flutter/src/rendering/custom_paint.dart:574:11)
#63     RenderObject.layout (package:flutter/src/rendering/object.dart:2768:7)
#64     RenderProxyBoxMixin.performLayout (package:flutter/src/rendering/proxy_box.dart:118:18)
#65     RenderObject.layout (package:flutter/src/rendering/object.dart:2768:7)
#66     RenderProxyBoxMixin.performLayout (package:flutter/src/rendering/proxy_box.dart:118:18)
#67     RenderObject.layout (package:flutter/src/rendering/object.dart:2768:7)
#68     RenderProxyBoxMixin.performLayout (package:flutter/src/rendering/proxy_box.dart:118:18)
#69     RenderObject.layout (package:flutter/src/rendering/object.dart:2768:7)
#70     RenderProxyBoxMixin.performLayout (package:flutter/src/rendering/proxy_box.dart:118:18)
#71     RenderObject.layout (package:flutter/src/rendering/object.dart:2768:7)
#72     RenderProxyBoxMixin.performLayout (package:flutter/src/rendering/proxy_box.dart:118:18)
#73     RenderObject.layout (package:flutter/src/rendering/object.dart:2768:7)
#74     RenderProxyBoxMixin.performLayout (package:flutter/src/rendering/proxy_box.dart:118:18)
#75     RenderObject.layout (package:flutter/src/rendering/object.dart:2768:7)
#76     RenderView.performLayout (package:flutter/src/rendering/view.dart:292:12)
#77     RenderObject._layoutWithoutResize (package:flutter/src/rendering/object.dart:2616:7)
#78     PipelineOwner.flushLayout (package:flutter/src/rendering/object.dart:1174:18)
#79     PipelineOwner.flushLayout (package:flutter/src/rendering/object.dart:1187:15)
#80     AutomatedTestWidgetsFlutterBinding.drawFrame (package:flutter_test/src/binding.dart:2133:27)
#81     RendererBinding._handlePersistentFrameCallback (package:flutter/src/rendering/binding.dart:495:5)
#82     SchedulerBinding._invokeFrameCallback (package:flutter/src/scheduler/binding.dart:1430:15)
#83     SchedulerBinding.handleDrawFrame (package:flutter/src/scheduler/binding.dart:1345:9)
#84     AutomatedTestWidgetsFlutterBinding.pump.<anonymous closure> (package:flutter_test/src/binding.dart:1960:9)
#87     TestAsyncUtils.guard (package:flutter_test/src/test_async_utils.dart:74:41)
#88     AutomatedTestWidgetsFlutterBinding.pump (package:flutter_test/src/binding.dart:1949:27)
#89     WidgetTester.pumpWidget.<anonymous closure> (package:flutter_test/src/widget_tester.dart:598:22)
#92     TestAsyncUtils.guard (package:flutter_test/src/test_async_utils.dart:74:41)
#93     WidgetTester.pumpWidget (package:flutter_test/src/widget_tester.dart:595:27)
#94     main.<anonymous closure>.<anonymous closure> (file:///C:/Users/bhara/StudioProjects/simple_billing_app/test/widget/billing_screen_test.dart:83:20)
#95     testWidgets.<anonymous closure>.<anonymous closure> (package:flutter_test/src/widget_tester.dart:192:29)
<asynchronous suspension>
#96     TestWidgetsFlutterBinding._runTestBody (package:flutter_test/src/binding.dart:1682:5)
<asynchronous suspension>
<asynchronous suspension>
(elided 7 frames from class _AssertionError, dart:async, and package:stack_trace)

The following RenderObject was being processed when the exception was fired: RenderPadding#3f6b2 relayoutBoundary=up2 NEEDS-LAYOUT NEEDS-PAINT NEEDS-COMPOSITING-BITS-UPDATE:
  creator: Padding ΓåÉ LayoutBuilder ΓåÉ KeyedSubtree-[GlobalKey#e5250] ΓåÉ _BodyBuilder ΓåÉ MediaQuery ΓåÉ
    LayoutId-[<_ScaffoldSlot.body>] ΓåÉ CustomMultiChildLayout ΓåÉ _ActionsScope ΓåÉ Actions ΓåÉ
    AnimatedBuilder ΓåÉ DefaultTextStyle ΓåÉ AnimatedDefaultTextStyle ΓåÉ Γï»
  parentData: offset=Offset(0.0, 0.0) (can use size)
  constraints: BoxConstraints(0.0<=w<=1200.0, 0.0<=h<=677.0)
  size: MISSING
  padding: EdgeInsets.all(32.0)
  textDirection: ltr
This RenderObject had the following descendants (showing up to depth 5):
    child: RenderClipRect#cfbf1 relayoutBoundary=up3 NEEDS-PAINT NEEDS-COMPOSITING-BITS-UPDATE
      child: RenderTransform#e6531 relayoutBoundary=up4 NEEDS-PAINT NEEDS-COMPOSITING-BITS-UPDATE
        child: _RenderScrollSemantics#dff9c relayoutBoundary=up5 NEEDS-PAINT NEEDS-COMPOSITING-BITS-UPDATE
          child: RenderPointerListener#1d02a relayoutBoundary=up6 NEEDS-PAINT NEEDS-COMPOSITING-BITS-UPDATE
            child: RenderSemanticsGestureHandler#45fa4 relayoutBoundary=up7 NEEDS-PAINT NEEDS-COMPOSITING-BITS-UPDATE
ΓòÉΓòÉΓòÉΓòÉΓòÉΓòÉΓòÉΓòÉΓòÉΓòÉΓòÉΓòÉΓòÉΓòÉΓòÉΓòÉΓòÉΓòÉΓòÉΓòÉΓòÉΓòÉΓòÉΓòÉΓòÉΓòÉΓòÉΓòÉΓòÉΓòÉΓòÉΓòÉΓòÉΓòÉΓòÉΓòÉΓòÉΓòÉΓòÉΓòÉΓòÉΓòÉΓòÉΓòÉΓòÉΓòÉΓòÉΓòÉΓòÉΓòÉΓòÉΓòÉΓòÉΓòÉΓòÉΓòÉΓòÉΓòÉΓòÉΓòÉΓòÉΓòÉΓòÉΓòÉΓòÉΓòÉΓòÉΓòÉΓòÉΓòÉΓòÉΓòÉΓòÉΓòÉΓòÉΓòÉΓòÉΓòÉΓòÉΓòÉΓòÉΓòÉΓòÉΓòÉΓòÉΓòÉΓòÉΓòÉΓòÉΓòÉΓòÉΓòÉΓòÉΓòÉΓòÉΓòÉΓòÉΓòÉΓòÉΓòÉ
ΓòÉΓòÉΓòí EXCEPTION CAUGHT BY RENDERING LIBRARY Γò₧ΓòÉΓòÉΓòÉΓòÉΓòÉΓòÉΓòÉΓòÉΓòÉΓòÉΓòÉΓòÉΓòÉΓòÉΓòÉΓòÉΓòÉΓòÉΓòÉΓòÉΓòÉΓòÉΓòÉΓòÉΓòÉΓòÉΓòÉΓòÉΓòÉΓòÉΓòÉΓòÉΓòÉΓòÉΓòÉΓòÉΓòÉΓòÉΓòÉΓòÉΓòÉΓòÉΓòÉΓòÉΓòÉΓòÉΓòÉΓòÉΓòÉΓòÉΓòÉΓòÉΓòÉΓòÉΓòÉΓòÉΓòÉ
The following assertion was thrown during performLayout():
RenderBox was not laid out: RenderPadding#3f6b2 relayoutBoundary=up2 NEEDS-PAINT
NEEDS-COMPOSITING-BITS-UPDATE
'package:flutter/src/rendering/box.dart':
Failed assertion: line 2251 pos 12: 'hasSize'

Either the assertion indicates an error in the framework itself, or we should provide substantially
more information in this error message to help you determine and fix the underlying cause.
In either case, please report this assertion by filing a bug on GitHub:
  https://github.com/flutter/flutter/issues/new?template=02_bug.yml

The relevant error-causing widget was:
  LayoutBuilder
  LayoutBuilder:file:///C:/Users/bhara/StudioProjects/simple_billing_app/lib/views/screens/billing_screen.dart:225:14

When the exception was thrown, this was the stack:
#2      RenderBox.size (package:flutter/src/rendering/box.dart:2251:12)
#3      _RenderLayoutBuilder.performLayout (package:flutter/src/widgets/layout_builder.dart:450:43)
#4      RenderObject.layout (package:flutter/src/rendering/object.dart:2768:7)
#5      MultiChildLayoutDelegate.layoutChild (package:flutter/src/rendering/custom_layout.dart:180:12)
#6      _ScaffoldLayout.performLayout (package:flutter/src/material/scaffold.dart:1113:7)
#7      MultiChildLayoutDelegate._callPerformLayout (package:flutter/src/rendering/custom_layout.dart:246:7)
#8      RenderCustomMultiChildLayoutBox.performLayout (package:flutter/src/rendering/custom_layout.dart:417:14)
#9      RenderObject.layout (package:flutter/src/rendering/object.dart:2768:7)
#10     RenderProxyBoxMixin.performLayout (package:flutter/src/rendering/proxy_box.dart:118:18)
#11     RenderObject.layout (package:flutter/src/rendering/object.dart:2768:7)
#12     RenderProxyBoxMixin.performLayout (package:flutter/src/rendering/proxy_box.dart:118:18)
#13     _RenderCustomClip.performLayout (package:flutter/src/rendering/proxy_box.dart:1549:11)
#14     RenderObject.layout (package:flutter/src/rendering/object.dart:2768:7)
#15     RenderProxyBoxMixin.performLayout (package:flutter/src/rendering/proxy_box.dart:118:18)
#16     RenderObject.layout (package:flutter/src/rendering/object.dart:2768:7)
#17     RenderProxyBoxMixin.performLayout (package:flutter/src/rendering/proxy_box.dart:118:18)
#18     RenderObject.layout (package:flutter/src/rendering/object.dart:2768:7)
#19     RenderProxyBoxMixin.performLayout (package:flutter/src/rendering/proxy_box.dart:118:18)
#20     RenderObject.layout (package:flutter/src/rendering/object.dart:2768:7)
#21     RenderProxyBoxMixin.performLayout (package:flutter/src/rendering/proxy_box.dart:118:18)
#22     RenderObject.layout (package:flutter/src/rendering/object.dart:2768:7)
#23     RenderProxyBoxMixin.performLayout (package:flutter/src/rendering/proxy_box.dart:118:18)
#24     RenderObject.layout (package:flutter/src/rendering/object.dart:2768:7)
#25     RenderProxyBoxMixin.performLayout (package:flutter/src/rendering/proxy_box.dart:118:18)
#26     RenderObject.layout (package:flutter/src/rendering/object.dart:2768:7)
#27     RenderProxyBoxMixin.performLayout (package:flutter/src/rendering/proxy_box.dart:118:18)
#28     RenderObject.layout (package:flutter/src/rendering/object.dart:2768:7)
#29     RenderProxyBoxMixin.performLayout (package:flutter/src/rendering/proxy_box.dart:118:18)
#30     RenderObject.layout (package:flutter/src/rendering/object.dart:2768:7)
#31     RenderProxyBoxMixin.performLayout (package:flutter/src/rendering/proxy_box.dart:118:18)
#32     RenderObject.layout (package:flutter/src/rendering/object.dart:2768:7)
#33     RenderProxyBoxMixin.performLayout (package:flutter/src/rendering/proxy_box.dart:118:18)
#34     RenderObject.layout (package:flutter/src/rendering/object.dart:2768:7)
#35     RenderProxyBoxMixin.performLayout (package:flutter/src/rendering/proxy_box.dart:118:18)
#36     RenderObject.layout (package:flutter/src/rendering/object.dart:2768:7)
#37     RenderProxyBoxMixin.performLayout (package:flutter/src/rendering/proxy_box.dart:118:18)
#38     RenderObject.layout (package:flutter/src/rendering/object.dart:2768:7)
#39     RenderProxyBoxMixin.performLayout (package:flutter/src/rendering/proxy_box.dart:118:18)
#40     RenderObject.layout (package:flutter/src/rendering/object.dart:2768:7)
#41     RenderProxyBoxMixin.performLayout (package:flutter/src/rendering/proxy_box.dart:118:18)
#42     RenderObject.layout (package:flutter/src/rendering/object.dart:2768:7)
#43     RenderProxyBoxMixin.performLayout (package:flutter/src/rendering/proxy_box.dart:118:18)
#44     RenderObject.layout (package:flutter/src/rendering/object.dart:2768:7)
#45     RenderProxyBoxMixin.performLayout (package:flutter/src/rendering/proxy_box.dart:118:18)
#46     RenderOffstage.performLayout (package:flutter/src/rendering/proxy_box.dart:3923:13)
#47     RenderObject.layout (package:flutter/src/rendering/object.dart:2768:7)
#48     RenderProxyBoxMixin.performLayout (package:flutter/src/rendering/proxy_box.dart:118:18)
#49     RenderObject.layout (package:flutter/src/rendering/object.dart:2768:7)
#50     _RenderTheaterMixin.layoutChild (package:flutter/src/widgets/overlay.dart:1084:13)
#51     _RenderTheater.performLayout (package:flutter/src/widgets/overlay.dart:1429:9)
#52     RenderObject.layout (package:flutter/src/rendering/object.dart:2768:7)
#53     RenderProxyBoxMixin.performLayout (package:flutter/src/rendering/proxy_box.dart:118:18)
#54     RenderObject.layout (package:flutter/src/rendering/object.dart:2768:7)
#55     RenderProxyBoxMixin.performLayout (package:flutter/src/rendering/proxy_box.dart:118:18)
#56     RenderObject.layout (package:flutter/src/rendering/object.dart:2768:7)
#57     RenderProxyBoxMixin.performLayout (package:flutter/src/rendering/proxy_box.dart:118:18)
#58     RenderObject.layout (package:flutter/src/rendering/object.dart:2768:7)
#59     RenderProxyBoxMixin.performLayout (package:flutter/src/rendering/proxy_box.dart:118:18)
#60     RenderCustomPaint.performLayout (package:flutter/src/rendering/custom_paint.dart:574:11)
#61     RenderObject.layout (package:flutter/src/rendering/object.dart:2768:7)
#62     RenderProxyBoxMixin.performLayout (package:flutter/src/rendering/proxy_box.dart:118:18)
#63     RenderObject.layout (package:flutter/src/rendering/object.dart:2768:7)
#64     RenderProxyBoxMixin.performLayout (package:flutter/src/rendering/proxy_box.dart:118:18)
#65     RenderObject.layout (package:flutter/src/rendering/object.dart:2768:7)
#66     RenderProxyBoxMixin.performLayout (package:flutter/src/rendering/proxy_box.dart:118:18)
#67     RenderObject.layout (package:flutter/src/rendering/object.dart:2768:7)
#68     RenderProxyBoxMixin.performLayout (package:flutter/src/rendering/proxy_box.dart:118:18)
#69     RenderObject.layout (package:flutter/src/rendering/object.dart:2768:7)
#70     RenderProxyBoxMixin.performLayout (package:flutter/src/rendering/proxy_box.dart:118:18)
#71     RenderObject.layout (package:flutter/src/rendering/object.dart:2768:7)
#72     RenderProxyBoxMixin.performLayout (package:flutter/src/rendering/proxy_box.dart:118:18)
#73     RenderObject.layout (package:flutter/src/rendering/object.dart:2768:7)
#74     RenderView.performLayout (package:flutter/src/rendering/view.dart:292:12)
#75     RenderObject._layoutWithoutResize (package:flutter/src/rendering/object.dart:2616:7)
#76     PipelineOwner.flushLayout (package:flutter/src/rendering/object.dart:1174:18)
#77     PipelineOwner.flushLayout (package:flutter/src/rendering/object.dart:1187:15)
#78     AutomatedTestWidgetsFlutterBinding.drawFrame (package:flutter_test/src/binding.dart:2133:27)
#79     RendererBinding._handlePersistentFrameCallback (package:flutter/src/rendering/binding.dart:495:5)
#80     SchedulerBinding._invokeFrameCallback (package:flutter/src/scheduler/binding.dart:1430:15)
#81     SchedulerBinding.handleDrawFrame (package:flutter/src/scheduler/binding.dart:1345:9)
#82     AutomatedTestWidgetsFlutterBinding.pump.<anonymous closure> (package:flutter_test/src/binding.dart:1960:9)
#85     TestAsyncUtils.guard (package:flutter_test/src/test_async_utils.dart:74:41)
#86     AutomatedTestWidgetsFlutterBinding.pump (package:flutter_test/src/binding.dart:1949:27)
#87     WidgetTester.pumpWidget.<anonymous closure> (package:flutter_test/src/widget_tester.dart:598:22)
#90     TestAsyncUtils.guard (package:flutter_test/src/test_async_utils.dart:74:41)
#91     WidgetTester.pumpWidget (package:flutter_test/src/widget_tester.dart:595:27)
#92     main.<anonymous closure>.<anonymous closure> (file:///C:/Users/bhara/StudioProjects/simple_billing_app/test/widget/billing_screen_test.dart:83:20)
#93     testWidgets.<anonymous closure>.<anonymous closure> (package:flutter_test/src/widget_tester.dart:192:29)
<asynchronous suspension>
#94     TestWidgetsFlutterBinding._runTestBody (package:flutter_test/src/binding.dart:1682:5)
<asynchronous suspension>
<asynchronous suspension>
(elided 7 frames from class _AssertionError, dart:async, and package:stack_trace)

The following RenderObject was being processed when the exception was fired: _RenderLayoutBuilder#725cd relayoutBoundary=up1 NEEDS-LAYOUT NEEDS-PAINT NEEDS-COMPOSITING-BITS-UPDATE:
  creator: LayoutBuilder ΓåÉ KeyedSubtree-[GlobalKey#e5250] ΓåÉ _BodyBuilder ΓåÉ MediaQuery ΓåÉ
    LayoutId-[<_ScaffoldSlot.body>] ΓåÉ CustomMultiChildLayout ΓåÉ _ActionsScope ΓåÉ Actions ΓåÉ
    AnimatedBuilder ΓåÉ DefaultTextStyle ΓåÉ AnimatedDefaultTextStyle ΓåÉ _InkFeatures-[GlobalKey#67729 ink
    renderer] ΓåÉ Γï»
  parentData: offset=Offset(0.0, 0.0); id=_ScaffoldSlot.body (can use size)
  constraints: BoxConstraints(0.0<=w<=1200.0, 0.0<=h<=677.0)
  size: MISSING
This RenderObject had the following descendants (showing up to depth 5):
    child: RenderPadding#3f6b2 relayoutBoundary=up2 NEEDS-PAINT NEEDS-COMPOSITING-BITS-UPDATE
      child: RenderClipRect#cfbf1 relayoutBoundary=up3 NEEDS-PAINT NEEDS-COMPOSITING-BITS-UPDATE
        child: RenderTransform#e6531 relayoutBoundary=up4 NEEDS-PAINT NEEDS-COMPOSITING-BITS-UPDATE
          child: _RenderScrollSemantics#dff9c relayoutBoundary=up5 NEEDS-PAINT NEEDS-COMPOSITING-BITS-UPDATE
            child: RenderPointerListener#1d02a relayoutBoundary=up6 NEEDS-PAINT NEEDS-COMPOSITING-BITS-UPDATE
ΓòÉΓòÉΓòÉΓòÉΓòÉΓòÉΓòÉΓòÉΓòÉΓòÉΓòÉΓòÉΓòÉΓòÉΓòÉΓòÉΓòÉΓòÉΓòÉΓòÉΓòÉΓòÉΓòÉΓòÉΓòÉΓòÉΓòÉΓòÉΓòÉΓòÉΓòÉΓòÉΓòÉΓòÉΓòÉΓòÉΓòÉΓòÉΓòÉΓòÉΓòÉΓòÉΓòÉΓòÉΓòÉΓòÉΓòÉΓòÉΓòÉΓòÉΓòÉΓòÉΓòÉΓòÉΓòÉΓòÉΓòÉΓòÉΓòÉΓòÉΓòÉΓòÉΓòÉΓòÉΓòÉΓòÉΓòÉΓòÉΓòÉΓòÉΓòÉΓòÉΓòÉΓòÉΓòÉΓòÉΓòÉΓòÉΓòÉΓòÉΓòÉΓòÉΓòÉΓòÉΓòÉΓòÉΓòÉΓòÉΓòÉΓòÉΓòÉΓòÉΓòÉΓòÉΓòÉΓòÉΓòÉΓòÉΓòÉΓòÉ
ΓòÉΓòÉΓòí EXCEPTION CAUGHT BY RENDERING LIBRARY Γò₧ΓòÉΓòÉΓòÉΓòÉΓòÉΓòÉΓòÉΓòÉΓòÉΓòÉΓòÉΓòÉΓòÉΓòÉΓòÉΓòÉΓòÉΓòÉΓòÉΓòÉΓòÉΓòÉΓòÉΓòÉΓòÉΓòÉΓòÉΓòÉΓòÉΓòÉΓòÉΓòÉΓòÉΓòÉΓòÉΓòÉΓòÉΓòÉΓòÉΓòÉΓòÉΓòÉΓòÉΓòÉΓòÉΓòÉΓòÉΓòÉΓòÉΓòÉΓòÉΓòÉΓòÉΓòÉΓòÉΓòÉΓòÉ
The following assertion was thrown during performLayout():
RenderBox was not laid out: _RenderLayoutBuilder#725cd relayoutBoundary=up1 NEEDS-PAINT
NEEDS-COMPOSITING-BITS-UPDATE
'package:flutter/src/rendering/box.dart':
Failed assertion: line 2251 pos 12: 'hasSize'

Either the assertion indicates an error in the framework itself, or we should provide substantially
more information in this error message to help you determine and fix the underlying cause.
In either case, please report this assertion by filing a bug on GitHub:
  https://github.com/flutter/flutter/issues/new?template=02_bug.yml

The relevant error-causing widget was:
  Scaffold
  Scaffold:file:///C:/Users/bhara/StudioProjects/simple_billing_app/lib/views/widgets/app_scaffold.dart:257:12

When the exception was thrown, this was the stack:
#2      RenderBox.size (package:flutter/src/rendering/box.dart:2251:12)
#3      MultiChildLayoutDelegate.layoutChild (package:flutter/src/rendering/custom_layout.dart:181:18)
#4      _ScaffoldLayout.performLayout (package:flutter/src/material/scaffold.dart:1113:7)
#5      MultiChildLayoutDelegate._callPerformLayout (package:flutter/src/rendering/custom_layout.dart:246:7)
#6      RenderCustomMultiChildLayoutBox.performLayout (package:flutter/src/rendering/custom_layout.dart:417:14)
#7      RenderObject.layout (package:flutter/src/rendering/object.dart:2768:7)
#8      RenderProxyBoxMixin.performLayout (package:flutter/src/rendering/proxy_box.dart:118:18)
#9      RenderObject.layout (package:flutter/src/rendering/object.dart:2768:7)
#10     RenderProxyBoxMixin.performLayout (package:flutter/src/rendering/proxy_box.dart:118:18)
#11     _RenderCustomClip.performLayout (package:flutter/src/rendering/proxy_box.dart:1549:11)
#12     RenderObject.layout (package:flutter/src/rendering/object.dart:2768:7)
#13     RenderProxyBoxMixin.performLayout (package:flutter/src/rendering/proxy_box.dart:118:18)
#14     RenderObject.layout (package:flutter/src/rendering/object.dart:2768:7)
#15     RenderProxyBoxMixin.performLayout (package:flutter/src/rendering/proxy_box.dart:118:18)
#16     RenderObject.layout (package:flutter/src/rendering/object.dart:2768:7)
#17     RenderProxyBoxMixin.performLayout (package:flutter/src/rendering/proxy_box.dart:118:18)
#18     RenderObject.layout (package:flutter/src/rendering/object.dart:2768:7)
#19     RenderProxyBoxMixin.performLayout (package:flutter/src/rendering/proxy_box.dart:118:18)
#20     RenderObject.layout (package:flutter/src/rendering/object.dart:2768:7)
#21     RenderProxyBoxMixin.performLayout (package:flutter/src/rendering/proxy_box.dart:118:18)
#22     RenderObject.layout (package:flutter/src/rendering/object.dart:2768:7)
#23     RenderProxyBoxMixin.performLayout (package:flutter/src/rendering/proxy_box.dart:118:18)
#24     RenderObject.layout (package:flutter/src/rendering/object.dart:2768:7)
#25     RenderProxyBoxMixin.performLayout (package:flutter/src/rendering/proxy_box.dart:118:18)
#26     RenderObject.layout (package:flutter/src/rendering/object.dart:2768:7)
#27     RenderProxyBoxMixin.performLayout (package:flutter/src/rendering/proxy_box.dart:118:18)
#28     RenderObject.layout (package:flutter/src/rendering/object.dart:2768:7)
#29     RenderProxyBoxMixin.performLayout (package:flutter/src/rendering/proxy_box.dart:118:18)
#30     RenderObject.layout (package:flutter/src/rendering/object.dart:2768:7)
#31     RenderProxyBoxMixin.performLayout (package:flutter/src/rendering/proxy_box.dart:118:18)
#32     RenderObject.layout (package:flutter/src/rendering/object.dart:2768:7)
#33     RenderProxyBoxMixin.performLayout (package:flutter/src/rendering/proxy_box.dart:118:18)
#34     RenderObject.layout (package:flutter/src/rendering/object.dart:2768:7)
#35     RenderProxyBoxMixin.performLayout (package:flutter/src/rendering/proxy_box.dart:118:18)
#36     RenderObject.layout (package:flutter/src/rendering/object.dart:2768:7)
#37     RenderProxyBoxMixin.performLayout (package:flutter/src/rendering/proxy_box.dart:118:18)
#38     RenderObject.layout (package:flutter/src/rendering/object.dart:2768:7)
#39     RenderProxyBoxMixin.performLayout (package:flutter/src/rendering/proxy_box.dart:118:18)
#40     RenderObject.layout (package:flutter/src/rendering/object.dart:2768:7)
#41     RenderProxyBoxMixin.performLayout (package:flutter/src/rendering/proxy_box.dart:118:18)
#42     RenderObject.layout (package:flutter/src/rendering/object.dart:2768:7)
#43     RenderProxyBoxMixin.performLayout (package:flutter/src/rendering/proxy_box.dart:118:18)
#44     RenderOffstage.performLayout (package:flutter/src/rendering/proxy_box.dart:3923:13)
#45     RenderObject.layout (package:flutter/src/rendering/object.dart:2768:7)
#46     RenderProxyBoxMixin.performLayout (package:flutter/src/rendering/proxy_box.dart:118:18)
#47     RenderObject.layout (package:flutter/src/rendering/object.dart:2768:7)
#48     _RenderTheaterMixin.layoutChild (package:flutter/src/widgets/overlay.dart:1084:13)
#49     _RenderTheater.performLayout (package:flutter/src/widgets/overlay.dart:1429:9)
#50     RenderObject.layout (package:flutter/src/rendering/object.dart:2768:7)
#51     RenderProxyBoxMixin.performLayout (package:flutter/src/rendering/proxy_box.dart:118:18)
#52     RenderObject.layout (package:flutter/src/rendering/object.dart:2768:7)
#53     RenderProxyBoxMixin.performLayout (package:flutter/src/rendering/proxy_box.dart:118:18)
#54     RenderObject.layout (package:flutter/src/rendering/object.dart:2768:7)
#55     RenderProxyBoxMixin.performLayout (package:flutter/src/rendering/proxy_box.dart:118:18)
#56     RenderObject.layout (package:flutter/src/rendering/object.dart:2768:7)
#57     RenderProxyBoxMixin.performLayout (package:flutter/src/rendering/proxy_box.dart:118:18)
#58     RenderCustomPaint.performLayout (package:flutter/src/rendering/custom_paint.dart:574:11)
#59     RenderObject.layout (package:flutter/src/rendering/object.dart:2768:7)
#60     RenderProxyBoxMixin.performLayout (package:flutter/src/rendering/proxy_box.dart:118:18)
#61     RenderObject.layout (package:flutter/src/rendering/object.dart:2768:7)
#62     RenderProxyBoxMixin.performLayout (package:flutter/src/rendering/proxy_box.dart:118:18)
#63     RenderObject.layout (package:flutter/src/rendering/object.dart:2768:7)
#64     RenderProxyBoxMixin.performLayout (package:flutter/src/rendering/proxy_box.dart:118:18)
#65     RenderObject.layout (package:flutter/src/rendering/object.dart:2768:7)
#66     RenderProxyBoxMixin.performLayout (package:flutter/src/rendering/proxy_box.dart:118:18)
#67     RenderObject.layout (package:flutter/src/rendering/object.dart:2768:7)
#68     RenderProxyBoxMixin.performLayout (package:flutter/src/rendering/proxy_box.dart:118:18)
#69     RenderObject.layout (package:flutter/src/rendering/object.dart:2768:7)
#70     RenderProxyBoxMixin.performLayout (package:flutter/src/rendering/proxy_box.dart:118:18)
#71     RenderObject.layout (package:flutter/src/rendering/object.dart:2768:7)
#72     RenderView.performLayout (package:flutter/src/rendering/view.dart:292:12)
#73     RenderObject._layoutWithoutResize (package:flutter/src/rendering/object.dart:2616:7)
#74     PipelineOwner.flushLayout (package:flutter/src/rendering/object.dart:1174:18)
#75     PipelineOwner.flushLayout (package:flutter/src/rendering/object.dart:1187:15)
#76     AutomatedTestWidgetsFlutterBinding.drawFrame (package:flutter_test/src/binding.dart:2133:27)
#77     RendererBinding._handlePersistentFrameCallback (package:flutter/src/rendering/binding.dart:495:5)
#78     SchedulerBinding._invokeFrameCallback (package:flutter/src/scheduler/binding.dart:1430:15)
#79     SchedulerBinding.handleDrawFrame (package:flutter/src/scheduler/binding.dart:1345:9)
#80     AutomatedTestWidgetsFlutterBinding.pump.<anonymous closure> (package:flutter_test/src/binding.dart:1960:9)
#83     TestAsyncUtils.guard (package:flutter_test/src/test_async_utils.dart:74:41)
#84     AutomatedTestWidgetsFlutterBinding.pump (package:flutter_test/src/binding.dart:1949:27)
#85     WidgetTester.pumpWidget.<anonymous closure> (package:flutter_test/src/widget_tester.dart:598:22)
#88     TestAsyncUtils.guard (package:flutter_test/src/test_async_utils.dart:74:41)
#89     WidgetTester.pumpWidget (package:flutter_test/src/widget_tester.dart:595:27)
#90     main.<anonymous closure>.<anonymous closure> (file:///C:/Users/bhara/StudioProjects/simple_billing_app/test/widget/billing_screen_test.dart:83:20)
#91     testWidgets.<anonymous closure>.<anonymous closure> (package:flutter_test/src/widget_tester.dart:192:29)
<asynchronous suspension>
#92     TestWidgetsFlutterBinding._runTestBody (package:flutter_test/src/binding.dart:1682:5)
<asynchronous suspension>
<asynchronous suspension>
(elided 7 frames from class _AssertionError, dart:async, and package:stack_trace)

The following RenderObject was being processed when the exception was fired: RenderCustomMultiChildLayoutBox#f049b NEEDS-LAYOUT NEEDS-PAINT NEEDS-COMPOSITING-BITS-UPDATE:
  creator: CustomMultiChildLayout ΓåÉ _ActionsScope ΓåÉ Actions ΓåÉ AnimatedBuilder ΓåÉ DefaultTextStyle ΓåÉ
    AnimatedDefaultTextStyle ΓåÉ _InkFeatures-[GlobalKey#67729 ink renderer] ΓåÉ
    NotificationListener<LayoutChangedNotification> ΓåÉ PhysicalModel ΓåÉ AnimatedPhysicalModel ΓåÉ Material
    ΓåÉ _ScrollNotificationObserverScope ΓåÉ Γï»
  parentData: <none> (can use size)
  constraints: BoxConstraints(w=1200.0, h=800.0)
  size: Size(1200.0, 800.0)
This RenderObject had the following descendants (showing up to depth 5):
    child 1: _RenderLayoutBuilder#725cd relayoutBoundary=up1 NEEDS-PAINT NEEDS-COMPOSITING-BITS-UPDATE
      child: RenderPadding#3f6b2 relayoutBoundary=up2 NEEDS-PAINT NEEDS-COMPOSITING-BITS-UPDATE
        child: RenderClipRect#cfbf1 relayoutBoundary=up3 NEEDS-PAINT NEEDS-COMPOSITING-BITS-UPDATE
          child: RenderTransform#e6531 relayoutBoundary=up4 NEEDS-PAINT NEEDS-COMPOSITING-BITS-UPDATE
            child: _RenderScrollSemantics#dff9c relayoutBoundary=up5 NEEDS-PAINT NEEDS-COMPOSITING-BITS-UPDATE
    child 2: RenderConstrainedBox#250c6 relayoutBoundary=up1 NEEDS-PAINT NEEDS-COMPOSITING-BITS-UPDATE
      child: RenderSemanticsAnnotations#5aaf2 relayoutBoundary=up2 NEEDS-PAINT NEEDS-COMPOSITING-BITS-UPDATE
        child: RenderAnnotatedRegion<SystemUiOverlayStyle>#4d3d9 relayoutBoundary=up3 NEEDS-PAINT NEEDS-COMPOSITING-BITS-UPDATE
          child: RenderPhysicalModel#7a4bf relayoutBoundary=up4 NEEDS-PAINT NEEDS-COMPOSITING-BITS-UPDATE
            child: _RenderInkFeatures#5dfce relayoutBoundary=up5 NEEDS-PAINT NEEDS-COMPOSITING-BITS-UPDATE
    child 3: RenderDecoratedBox#a40b9 relayoutBoundary=up1 NEEDS-PAINT NEEDS-COMPOSITING-BITS-UPDATE
      child: RenderPadding#8c5bb relayoutBoundary=up2 NEEDS-PAINT NEEDS-COMPOSITING-BITS-UPDATE
        child: RenderPadding#ef359 relayoutBoundary=up3 NEEDS-PAINT NEEDS-COMPOSITING-BITS-UPDATE
          child: RenderPadding#3b47f relayoutBoundary=up4 NEEDS-PAINT NEEDS-COMPOSITING-BITS-UPDATE
            child: RenderFlex#b7b10 relayoutBoundary=up5 NEEDS-PAINT NEEDS-COMPOSITING-BITS-UPDATE
    child 4: RenderStack#951f0 NEEDS-LAYOUT NEEDS-PAINT NEEDS-COMPOSITING-BITS-UPDATE
      child 1: RenderTransform#8e181 NEEDS-LAYOUT NEEDS-PAINT NEEDS-COMPOSITING-BITS-UPDATE
        child: RenderTransform#fb0b0 NEEDS-LAYOUT NEEDS-PAINT
ΓòÉΓòÉΓòÉΓòÉΓòÉΓòÉΓòÉΓòÉΓòÉΓòÉΓòÉΓòÉΓòÉΓòÉΓòÉΓòÉΓòÉΓòÉΓòÉΓòÉΓòÉΓòÉΓòÉΓòÉΓòÉΓòÉΓòÉΓòÉΓòÉΓòÉΓòÉΓòÉΓòÉΓòÉΓòÉΓòÉΓòÉΓòÉΓòÉΓòÉΓòÉΓòÉΓòÉΓòÉΓòÉΓòÉΓòÉΓòÉΓòÉΓòÉΓòÉΓòÉΓòÉΓòÉΓòÉΓòÉΓòÉΓòÉΓòÉΓòÉΓòÉΓòÉΓòÉΓòÉΓòÉΓòÉΓòÉΓòÉΓòÉΓòÉΓòÉΓòÉΓòÉΓòÉΓòÉΓòÉΓòÉΓòÉΓòÉΓòÉΓòÉΓòÉΓòÉΓòÉΓòÉΓòÉΓòÉΓòÉΓòÉΓòÉΓòÉΓòÉΓòÉΓòÉΓòÉΓòÉΓòÉΓòÉΓòÉΓòÉ
ΓòÉΓòÉΓòí EXCEPTION CAUGHT BY RENDERING LIBRARY Γò₧ΓòÉΓòÉΓòÉΓòÉΓòÉΓòÉΓòÉΓòÉΓòÉΓòÉΓòÉΓòÉΓòÉΓòÉΓòÉΓòÉΓòÉΓòÉΓòÉΓòÉΓòÉΓòÉΓòÉΓòÉΓòÉΓòÉΓòÉΓòÉΓòÉΓòÉΓòÉΓòÉΓòÉΓòÉΓòÉΓòÉΓòÉΓòÉΓòÉΓòÉΓòÉΓòÉΓòÉΓòÉΓòÉΓòÉΓòÉΓòÉΓòÉΓòÉΓòÉΓòÉΓòÉΓòÉΓòÉΓòÉΓòÉ
The following assertion was thrown during paint():
RenderBox was not laid out: RenderTransform#e6531 relayoutBoundary=up4 NEEDS-PAINT
'package:flutter/src/rendering/box.dart':
Failed assertion: line 2251 pos 12: 'hasSize'

Either the assertion indicates an error in the framework itself, or we should provide substantially
more information in this error message to help you determine and fix the underlying cause.
In either case, please report this assertion by filing a bug on GitHub:
  https://github.com/flutter/flutter/issues/new?template=02_bug.yml

The relevant error-causing widget was:
  Scaffold
  Scaffold:file:///C:/Users/bhara/StudioProjects/simple_billing_app/lib/views/widgets/app_scaffold.dart:257:12

When the exception was thrown, this was the stack:
#2      RenderBox.size (package:flutter/src/rendering/box.dart:2251:12)
#3      RenderTransform._effectiveTransform (package:flutter/src/rendering/proxy_box.dart:2700:49)
#4      RenderTransform.applyPaintTransform (package:flutter/src/rendering/proxy_box.dart:2783:24)
#5      InkFeature._getPaintTransform (package:flutter/src/material/material.dart:757:21)
#6      InkFeature._paint (package:flutter/src/material/material.dart:771:32)
#7      _RenderInkFeatures.paint (package:flutter/src/material/material.dart:629:20)
#8      RenderObject._paintWithContext (package:flutter/src/rendering/object.dart:3429:7)
#9      PaintingContext.paintChild (package:flutter/src/rendering/object.dart:265:13)
#10     RenderProxyBoxMixin.paint (package:flutter/src/rendering/proxy_box.dart:143:13)
#11     RenderPhysicalModel.paint.<anonymous closure> (package:flutter/src/rendering/proxy_box.dart:2252:15)
#12     PaintingContext.pushClipRRect (package:flutter/src/rendering/object.dart:626:14)
#13     RenderPhysicalModel.paint (package:flutter/src/rendering/proxy_box.dart:2239:21)
#14     RenderObject._paintWithContext (package:flutter/src/rendering/object.dart:3429:7)
#15     PaintingContext.paintChild (package:flutter/src/rendering/object.dart:265:13)
#16     RenderProxyBoxMixin.paint (package:flutter/src/rendering/proxy_box.dart:143:13)
#17     RenderObject._paintWithContext (package:flutter/src/rendering/object.dart:3429:7)
#18     PaintingContext.paintChild (package:flutter/src/rendering/object.dart:265:13)
#19     RenderProxyBoxMixin.paint (package:flutter/src/rendering/proxy_box.dart:143:13)
#20     RenderObject._paintWithContext (package:flutter/src/rendering/object.dart:3429:7)
#21     PaintingContext._repaintCompositedChild (package:flutter/src/rendering/object.dart:180:11)
#22     PaintingContext.repaintCompositedChild (package:flutter/src/rendering/object.dart:125:5)
#23     PaintingContext._compositeChild (package:flutter/src/rendering/object.dart:276:7)
#24     PaintingContext.paintChild (package:flutter/src/rendering/object.dart:257:7)
#25     RenderProxyBoxMixin.paint (package:flutter/src/rendering/proxy_box.dart:143:13)
#26     RenderObject._paintWithContext (package:flutter/src/rendering/object.dart:3429:7)
#27     PaintingContext.paintChild (package:flutter/src/rendering/object.dart:265:13)
#28     RenderProxyBoxMixin.paint (package:flutter/src/rendering/proxy_box.dart:143:13)
#29     RenderFractionalTranslation.paint (package:flutter/src/rendering/proxy_box.dart:3138:13)
#30     RenderObject._paintWithContext (package:flutter/src/rendering/object.dart:3429:7)
#31     PaintingContext.paintChild (package:flutter/src/rendering/object.dart:265:13)
#32     RenderProxyBoxMixin.paint (package:flutter/src/rendering/proxy_box.dart:143:13)
#33     RenderAnimatedOpacityMixin.paint (package:flutter/src/rendering/proxy_box.dart:1079:11)
#34     RenderObject._paintWithContext (package:flutter/src/rendering/object.dart:3429:7)
#35     PaintingContext._repaintCompositedChild (package:flutter/src/rendering/object.dart:180:11)
#36     PaintingContext.repaintCompositedChild (package:flutter/src/rendering/object.dart:125:5)
#37     PaintingContext._compositeChild (package:flutter/src/rendering/object.dart:276:7)
#38     PaintingContext.paintChild (package:flutter/src/rendering/object.dart:257:7)
#39     RenderProxyBoxMixin.paint (package:flutter/src/rendering/proxy_box.dart:143:13)
#40     RenderFractionalTranslation.paint (package:flutter/src/rendering/proxy_box.dart:3138:13)
#41     RenderObject._paintWithContext (package:flutter/src/rendering/object.dart:3429:7)
#42     PaintingContext.paintChild (package:flutter/src/rendering/object.dart:265:13)
#43     RenderProxyBoxMixin.paint (package:flutter/src/rendering/proxy_box.dart:143:13)
#44     RenderAnimatedOpacityMixin.paint (package:flutter/src/rendering/proxy_box.dart:1079:11)
#45     RenderObject._paintWithContext (package:flutter/src/rendering/object.dart:3429:7)
#46     PaintingContext._repaintCompositedChild (package:flutter/src/rendering/object.dart:180:11)
#47     PaintingContext.repaintCompositedChild (package:flutter/src/rendering/object.dart:125:5)
#48     PaintingContext._compositeChild (package:flutter/src/rendering/object.dart:276:7)
#49     PaintingContext.paintChild (package:flutter/src/rendering/object.dart:257:7)
#50     _RenderColoredBox.paint (package:flutter/src/widgets/basic.dart:8567:15)
#51     RenderObject._paintWithContext (package:flutter/src/rendering/object.dart:3429:7)
#52     PaintingContext.paintChild (package:flutter/src/rendering/object.dart:265:13)
#53     RenderProxyBoxMixin.paint (package:flutter/src/rendering/proxy_box.dart:143:13)
#54     RenderFractionalTranslation.paint (package:flutter/src/rendering/proxy_box.dart:3138:13)
#55     RenderObject._paintWithContext (package:flutter/src/rendering/object.dart:3429:7)
#56     PaintingContext.paintChild (package:flutter/src/rendering/object.dart:265:13)
#57     RenderProxyBoxMixin.paint (package:flutter/src/rendering/proxy_box.dart:143:13)
#58     RenderAnimatedOpacityMixin.paint (package:flutter/src/rendering/proxy_box.dart:1079:11)
#59     RenderObject._paintWithContext (package:flutter/src/rendering/object.dart:3429:7)
#60     PaintingContext._repaintCompositedChild (package:flutter/src/rendering/object.dart:180:11)
#61     PaintingContext.repaintCompositedChild (package:flutter/src/rendering/object.dart:125:5)
#62     PaintingContext._compositeChild (package:flutter/src/rendering/object.dart:276:7)
#63     PaintingContext.paintChild (package:flutter/src/rendering/object.dart:257:7)
#64     RenderProxyBoxMixin.paint (package:flutter/src/rendering/proxy_box.dart:143:13)
#65     RenderObject._paintWithContext (package:flutter/src/rendering/object.dart:3429:7)
#66     PaintingContext.paintChild (package:flutter/src/rendering/object.dart:265:13)
#67     RenderProxyBoxMixin.paint (package:flutter/src/rendering/proxy_box.dart:143:13)
#68     RenderFractionalTranslation.paint (package:flutter/src/rendering/proxy_box.dart:3138:13)
#69     RenderObject._paintWithContext (package:flutter/src/rendering/object.dart:3429:7)
#70     PaintingContext.paintChild (package:flutter/src/rendering/object.dart:265:13)
#71     RenderProxyBoxMixin.paint (package:flutter/src/rendering/proxy_box.dart:143:13)
#72     RenderAnimatedOpacityMixin.paint (package:flutter/src/rendering/proxy_box.dart:1079:11)
#73     RenderObject._paintWithContext (package:flutter/src/rendering/object.dart:3429:7)
#74     PaintingContext._repaintCompositedChild (package:flutter/src/rendering/object.dart:180:11)
#75     PaintingContext.repaintCompositedChild (package:flutter/src/rendering/object.dart:125:5)
#76     PaintingContext._compositeChild (package:flutter/src/rendering/object.dart:276:7)
#77     PaintingContext.paintChild (package:flutter/src/rendering/object.dart:257:7)
#78     RenderProxyBoxMixin.paint (package:flutter/src/rendering/proxy_box.dart:143:13)
#79     RenderObject._paintWithContext (package:flutter/src/rendering/object.dart:3429:7)
#80     PaintingContext._repaintCompositedChild (package:flutter/src/rendering/object.dart:180:11)
#81     PaintingContext.repaintCompositedChild (package:flutter/src/rendering/object.dart:125:5)
#82     PaintingContext._compositeChild (package:flutter/src/rendering/object.dart:276:7)
#83     PaintingContext.paintChild (package:flutter/src/rendering/object.dart:257:7)
#84     RenderProxyBoxMixin.paint (package:flutter/src/rendering/proxy_box.dart:143:13)
#85     RenderObject._paintWithContext (package:flutter/src/rendering/object.dart:3429:7)
#86     PaintingContext.paintChild (package:flutter/src/rendering/object.dart:265:13)
#87     RenderProxyBoxMixin.paint (package:flutter/src/rendering/proxy_box.dart:143:13)
#88     RenderOffstage.paint (package:flutter/src/rendering/proxy_box.dart:3943:11)
#89     RenderObject._paintWithContext (package:flutter/src/rendering/object.dart:3429:7)
#90     PaintingContext.paintChild (package:flutter/src/rendering/object.dart:265:13)
#91     RenderProxyBoxMixin.paint (package:flutter/src/rendering/proxy_box.dart:143:13)
#92     RenderObject._paintWithContext (package:flutter/src/rendering/object.dart:3429:7)
#93     PaintingContext.paintChild (package:flutter/src/rendering/object.dart:265:13)
#94     _RenderTheaterMixin.paint (package:flutter/src/widgets/overlay.dart:1119:15)
#95     _RenderTheater.paint (package:flutter/src/widgets/overlay.dart:1476:13)
#96     RenderObject._paintWithContext (package:flutter/src/rendering/object.dart:3429:7)
#97     PaintingContext.paintChild (package:flutter/src/rendering/object.dart:265:13)
#98     RenderProxyBoxMixin.paint (package:flutter/src/rendering/proxy_box.dart:143:13)
#99     RenderObject._paintWithContext (package:flutter/src/rendering/object.dart:3429:7)
#100    PaintingContext.paintChild (package:flutter/src/rendering/object.dart:265:13)
#101    RenderProxyBoxMixin.paint (package:flutter/src/rendering/proxy_box.dart:143:13)
#102    RenderObject._paintWithContext (package:flutter/src/rendering/object.dart:3429:7)
#103    PaintingContext.paintChild (package:flutter/src/rendering/object.dart:265:13)
#104    RenderProxyBoxMixin.paint (package:flutter/src/rendering/proxy_box.dart:143:13)
#105    RenderObject._paintWithContext (package:flutter/src/rendering/object.dart:3429:7)
#106    PaintingContext.paintChild (package:flutter/src/rendering/object.dart:265:13)
#107    RenderProxyBoxMixin.paint (package:flutter/src/rendering/proxy_box.dart:143:13)
#108    RenderCustomPaint.paint (package:flutter/src/rendering/custom_paint.dart:644:11)
#109    RenderObject._paintWithContext (package:flutter/src/rendering/object.dart:3429:7)
#110    PaintingContext.paintChild (package:flutter/src/rendering/object.dart:265:13)
#111    RenderProxyBoxMixin.paint (package:flutter/src/rendering/proxy_box.dart:143:13)
#112    RenderObject._paintWithContext (package:flutter/src/rendering/object.dart:3429:7)
#113    PaintingContext.paintChild (package:flutter/src/rendering/object.dart:265:13)
#114    RenderProxyBoxMixin.paint (package:flutter/src/rendering/proxy_box.dart:143:13)
#115    RenderObject._paintWithContext (package:flutter/src/rendering/object.dart:3429:7)
#116    PaintingContext.paintChild (package:flutter/src/rendering/object.dart:265:13)
#117    RenderProxyBoxMixin.paint (package:flutter/src/rendering/proxy_box.dart:143:13)
#118    RenderObject._paintWithContext (package:flutter/src/rendering/object.dart:3429:7)
#119    PaintingContext.paintChild (package:flutter/src/rendering/object.dart:265:13)
#120    RenderProxyBoxMixin.paint (package:flutter/src/rendering/proxy_box.dart:143:13)
#121    RenderObject._paintWithContext (package:flutter/src/rendering/object.dart:3429:7)
#122    PaintingContext.paintChild (package:flutter/src/rendering/object.dart:265:13)
#123    RenderProxyBoxMixin.paint (package:flutter/src/rendering/proxy_box.dart:143:13)
#124    RenderObject._paintWithContext (package:flutter/src/rendering/object.dart:3429:7)
#125    PaintingContext.paintChild (package:flutter/src/rendering/object.dart:265:13)
#126    RenderProxyBoxMixin.paint (package:flutter/src/rendering/proxy_box.dart:143:13)
#127    RenderObject._paintWithContext (package:flutter/src/rendering/object.dart:3429:7)
#128    PaintingContext.paintChild (package:flutter/src/rendering/object.dart:265:13)
#129    RenderView.paint (package:flutter/src/rendering/view.dart:320:15)
#130    RenderObject._paintWithContext (package:flutter/src/rendering/object.dart:3429:7)
#131    PaintingContext._repaintCompositedChild (package:flutter/src/rendering/object.dart:180:11)
#132    PaintingContext.repaintCompositedChild (package:flutter/src/rendering/object.dart:125:5)
#133    PipelineOwner.flushPaint (package:flutter/src/rendering/object.dart:1325:31)
#134    PipelineOwner.flushPaint (package:flutter/src/rendering/object.dart:1335:15)
#135    AutomatedTestWidgetsFlutterBinding.drawFrame (package:flutter_test/src/binding.dart:2137:31)
#136    RendererBinding._handlePersistentFrameCallback (package:flutter/src/rendering/binding.dart:495:5)
#137    SchedulerBinding._invokeFrameCallback (package:flutter/src/scheduler/binding.dart:1430:15)
#138    SchedulerBinding.handleDrawFrame (package:flutter/src/scheduler/binding.dart:1345:9)
#139    AutomatedTestWidgetsFlutterBinding.pump.<anonymous closure> (package:flutter_test/src/binding.dart:1960:9)
#142    TestAsyncUtils.guard (package:flutter_test/src/test_async_utils.dart:74:41)
#143    AutomatedTestWidgetsFlutterBinding.pump (package:flutter_test/src/binding.dart:1949:27)
#144    WidgetTester.pumpWidget.<anonymous closure> (package:flutter_test/src/widget_tester.dart:598:22)
#147    TestAsyncUtils.guard (package:flutter_test/src/test_async_utils.dart:74:41)
#148    WidgetTester.pumpWidget (package:flutter_test/src/widget_tester.dart:595:27)
#149    main.<anonymous closure>.<anonymous closure> (file:///C:/Users/bhara/StudioProjects/simple_billing_app/test/widget/billing_screen_test.dart:83:20)
#150    testWidgets.<anonymous closure>.<anonymous closure> (package:flutter_test/src/widget_tester.dart:192:29)
<asynchronous suspension>
#151    TestWidgetsFlutterBinding._runTestBody (package:flutter_test/src/binding.dart:1682:5)
<asynchronous suspension>
<asynchronous suspension>
(elided 7 frames from class _AssertionError, dart:async, and package:stack_trace)

The following RenderObject was being processed when the exception was fired: _RenderInkFeatures#09059:
  needs compositing
  creator: _InkFeatures-[GlobalKey#67729 ink renderer] ΓåÉ
    NotificationListener<LayoutChangedNotification> ΓåÉ PhysicalModel ΓåÉ AnimatedPhysicalModel ΓåÉ Material
    ΓåÉ _ScrollNotificationObserverScope ΓåÉ NotificationListener<ScrollNotification> ΓåÉ
    NotificationListener<ScrollMetricsNotification> ΓåÉ ScrollNotificationObserver ΓåÉ _ScaffoldScope ΓåÉ
    Scaffold ΓåÉ AppScaffold ΓåÉ Γï»
  parentData: <none> (can use size)
  constraints: BoxConstraints(w=1200.0, h=800.0)
  size: Size(1200.0, 800.0)
This RenderObject had the following descendants (showing up to depth 5):
    child: RenderCustomMultiChildLayoutBox#f049b NEEDS-PAINT
      child 1: _RenderLayoutBuilder#725cd relayoutBoundary=up1 NEEDS-PAINT
        child: RenderPadding#3f6b2 relayoutBoundary=up2 NEEDS-PAINT
          child: RenderClipRect#cfbf1 relayoutBoundary=up3 NEEDS-PAINT
            child: RenderTransform#e6531 relayoutBoundary=up4 NEEDS-PAINT
      child 2: RenderConstrainedBox#250c6 relayoutBoundary=up1 NEEDS-PAINT
        child: RenderSemanticsAnnotations#5aaf2 relayoutBoundary=up2 NEEDS-PAINT
          child: RenderAnnotatedRegion<SystemUiOverlayStyle>#4d3d9 relayoutBoundary=up3 NEEDS-PAINT
            child: RenderPhysicalModel#7a4bf relayoutBoundary=up4 NEEDS-PAINT
      child 3: RenderDecoratedBox#a40b9 relayoutBoundary=up1 NEEDS-PAINT
        child: RenderPadding#8c5bb relayoutBoundary=up2 NEEDS-PAINT
          child: RenderPadding#ef359 relayoutBoundary=up3 NEEDS-PAINT
            child: RenderPadding#3b47f relayoutBoundary=up4 NEEDS-PAINT
      child 4: RenderStack#951f0 NEEDS-LAYOUT NEEDS-PAINT
        child 1: RenderTransform#8e181 NEEDS-LAYOUT NEEDS-PAINT
          child: RenderTransform#fb0b0 NEEDS-LAYOUT NEEDS-PAINT
ΓòÉΓòÉΓòÉΓòÉΓòÉΓòÉΓòÉΓòÉΓòÉΓòÉΓòÉΓòÉΓòÉΓòÉΓòÉΓòÉΓòÉΓòÉΓòÉΓòÉΓòÉΓòÉΓòÉΓòÉΓòÉΓòÉΓòÉΓòÉΓòÉΓòÉΓòÉΓòÉΓòÉΓòÉΓòÉΓòÉΓòÉΓòÉΓòÉΓòÉΓòÉΓòÉΓòÉΓòÉΓòÉΓòÉΓòÉΓòÉΓòÉΓòÉΓòÉΓòÉΓòÉΓòÉΓòÉΓòÉΓòÉΓòÉΓòÉΓòÉΓòÉΓòÉΓòÉΓòÉΓòÉΓòÉΓòÉΓòÉΓòÉΓòÉΓòÉΓòÉΓòÉΓòÉΓòÉΓòÉΓòÉΓòÉΓòÉΓòÉΓòÉΓòÉΓòÉΓòÉΓòÉΓòÉΓòÉΓòÉΓòÉΓòÉΓòÉΓòÉΓòÉΓòÉΓòÉΓòÉΓòÉΓòÉΓòÉΓòÉ
ΓòÉΓòÉΓòí EXCEPTION CAUGHT BY SCHEDULER LIBRARY Γò₧ΓòÉΓòÉΓòÉΓòÉΓòÉΓòÉΓòÉΓòÉΓòÉΓòÉΓòÉΓòÉΓòÉΓòÉΓòÉΓòÉΓòÉΓòÉΓòÉΓòÉΓòÉΓòÉΓòÉΓòÉΓòÉΓòÉΓòÉΓòÉΓòÉΓòÉΓòÉΓòÉΓòÉΓòÉΓòÉΓòÉΓòÉΓòÉΓòÉΓòÉΓòÉΓòÉΓòÉΓòÉΓòÉΓòÉΓòÉΓòÉΓòÉΓòÉΓòÉΓòÉΓòÉΓòÉΓòÉΓòÉΓòÉ
The following assertion was thrown during a scheduler callback:
'package:flutter/src/rendering/object.dart': Failed assertion: line 5737 pos 14:
'!childSemantics.renderObject._needsLayout': is not true.

Either the assertion indicates an error in the framework itself, or we should provide substantially
more information in this error message to help you determine and fix the underlying cause.
In either case, please report this assertion by filing a bug on GitHub:
  https://github.com/flutter/flutter/issues/new?template=02_bug.yml

When the exception was thrown, this was the stack:
#2      _RenderObjectSemantics._collectChildMergeUpAndSiblingGroup (package:flutter/src/rendering/object.dart:5737:14)
#3      _RenderObjectSemantics.updateChildren (package:flutter/src/rendering/object.dart:5608:50)
#4      _RenderObjectSemantics._didUpdateParentData (package:flutter/src/rendering/object.dart:5815:5)
#5      _RenderObjectSemantics._collectChildMergeUpAndSiblingGroup (package:flutter/src/rendering/object.dart:5738:22)
#6      _RenderObjectSemantics.updateChildren (package:flutter/src/rendering/object.dart:5608:50)
#7      _RenderObjectSemantics._didUpdateParentData (package:flutter/src/rendering/object.dart:5815:5)
#8      _RenderObjectSemantics._collectChildMergeUpAndSiblingGroup (package:flutter/src/rendering/object.dart:5738:22)
#9      _RenderObjectSemantics.updateChildren (package:flutter/src/rendering/object.dart:5608:50)
#10     _RenderObjectSemantics._didUpdateParentData (package:flutter/src/rendering/object.dart:5815:5)
#11     _RenderObjectSemantics._collectChildMergeUpAndSiblingGroup (package:flutter/src/rendering/object.dart:5738:22)
#12     _RenderObjectSemantics.updateChildren (package:flutter/src/rendering/object.dart:5608:50)
#13     _RenderObjectSemantics._didUpdateParentData (package:flutter/src/rendering/object.dart:5815:5)
#14     _RenderObjectSemantics._collectChildMergeUpAndSiblingGroup (package:flutter/src/rendering/object.dart:5738:22)
#15     _RenderObjectSemantics.updateChildren (package:flutter/src/rendering/object.dart:5608:50)
#16     _RenderObjectSemantics._didUpdateParentData (package:flutter/src/rendering/object.dart:5815:5)
#17     _RenderObjectSemantics._collectChildMergeUpAndSiblingGroup (package:flutter/src/rendering/object.dart:5738:22)
#18     _RenderObjectSemantics.updateChildren (package:flutter/src/rendering/object.dart:5608:50)
#19     _RenderObjectSemantics._didUpdateParentData (package:flutter/src/rendering/object.dart:5815:5)
#20     _RenderObjectSemantics._collectChildMergeUpAndSiblingGroup (package:flutter/src/rendering/object.dart:5738:22)
#21     _RenderObjectSemantics.updateChildren (package:flutter/src/rendering/object.dart:5608:50)
#22     _RenderObjectSemantics._didUpdateParentData (package:flutter/src/rendering/object.dart:5815:5)
#23     _RenderObjectSemantics._collectChildMergeUpAndSiblingGroup (package:flutter/src/rendering/object.dart:5738:22)
#24     _RenderObjectSemantics.updateChildren (package:flutter/src/rendering/object.dart:5608:50)
#25     _RenderObjectSemantics._didUpdateParentData (package:flutter/src/rendering/object.dart:5815:5)
#26     _RenderObjectSemantics._collectChildMergeUpAndSiblingGroup (package:flutter/src/rendering/object.dart:5738:22)
#27     _RenderObjectSemantics.updateChildren (package:flutter/src/rendering/object.dart:5608:50)
#28     _RenderObjectSemantics._didUpdateParentData (package:flutter/src/rendering/object.dart:5815:5)
#29     _RenderObjectSemantics._collectChildMergeUpAndSiblingGroup (package:flutter/src/rendering/object.dart:5738:22)
#30     _RenderObjectSemantics.updateChildren (package:flutter/src/rendering/object.dart:5608:50)
#31     _RenderObjectSemantics._didUpdateParentData (package:flutter/src/rendering/object.dart:5815:5)
#32     _RenderObjectSemantics._collectChildMergeUpAndSiblingGroup (package:flutter/src/rendering/object.dart:5738:22)
#33     _RenderObjectSemantics.updateChildren (package:flutter/src/rendering/object.dart:5608:50)
#34     _RenderObjectSemantics._didUpdateParentData (package:flutter/src/rendering/object.dart:5815:5)
#35     _RenderObjectSemantics._collectChildMergeUpAndSiblingGroup (package:flutter/src/rendering/object.dart:5738:22)
#36     _RenderObjectSemantics.updateChildren (package:flutter/src/rendering/object.dart:5608:50)
#37     _RenderObjectSemantics._didUpdateParentData (package:flutter/src/rendering/object.dart:5815:5)
#38     _RenderObjectSemantics._collectChildMergeUpAndSiblingGroup (package:flutter/src/rendering/object.dart:5738:22)
#39     _RenderObjectSemantics.updateChildren (package:flutter/src/rendering/object.dart:5608:50)
#40     _RenderObjectSemantics._didUpdateParentData (package:flutter/src/rendering/object.dart:5815:5)
#41     _RenderObjectSemantics._collectChildMergeUpAndSiblingGroup (package:flutter/src/rendering/object.dart:5738:22)
#42     _RenderObjectSemantics.updateChildren (package:flutter/src/rendering/object.dart:5608:50)
#43     _RenderObjectSemantics._didUpdateParentData (package:flutter/src/rendering/object.dart:5815:5)
#44     _RenderObjectSemantics._collectChildMergeUpAndSiblingGroup (package:flutter/src/rendering/object.dart:5738:22)
#45     _RenderObjectSemantics.updateChildren (package:flutter/src/rendering/object.dart:5608:50)
#46     _RenderObjectSemantics._didUpdateParentData (package:flutter/src/rendering/object.dart:5815:5)
#47     _RenderObjectSemantics._collectChildMergeUpAndSiblingGroup (package:flutter/src/rendering/object.dart:5738:22)
#48     _RenderObjectSemantics.updateChildren (package:flutter/src/rendering/object.dart:5608:50)
#49     _RenderObjectSemantics._didUpdateParentData (package:flutter/src/rendering/object.dart:5815:5)
#50     _RenderObjectSemantics._collectChildMergeUpAndSiblingGroup (package:flutter/src/rendering/object.dart:5738:22)
#51     _RenderObjectSemantics.updateChildren (package:flutter/src/rendering/object.dart:5608:50)
#52     _RenderObjectSemantics._didUpdateParentData (package:flutter/src/rendering/object.dart:5815:5)
#53     _RenderObjectSemantics._collectChildMergeUpAndSiblingGroup (package:flutter/src/rendering/object.dart:5738:22)
#54     _RenderObjectSemantics.updateChildren (package:flutter/src/rendering/object.dart:5608:50)
#55     _RenderObjectSemantics._didUpdateParentData (package:flutter/src/rendering/object.dart:5815:5)
#56     _RenderObjectSemantics._collectChildMergeUpAndSiblingGroup (package:flutter/src/rendering/object.dart:5738:22)
#57     _RenderObjectSemantics.updateChildren (package:flutter/src/rendering/object.dart:5608:50)
#58     _RenderObjectSemantics._didUpdateParentData (package:flutter/src/rendering/object.dart:5815:5)
#59     _RenderObjectSemantics._collectChildMergeUpAndSiblingGroup (package:flutter/src/rendering/object.dart:5738:22)
#60     _RenderObjectSemantics.updateChildren (package:flutter/src/rendering/object.dart:5608:50)
#61     _RenderObjectSemantics._didUpdateParentData (package:flutter/src/rendering/object.dart:5815:5)
#62     _RenderObjectSemantics._collectChildMergeUpAndSiblingGroup (package:flutter/src/rendering/object.dart:5738:22)
#63     _RenderObjectSemantics.updateChildren (package:flutter/src/rendering/object.dart:5608:50)
#64     _RenderObjectSemantics._didUpdateParentData (package:flutter/src/rendering/object.dart:5815:5)
#65     _RenderObjectSemantics._collectChildMergeUpAndSiblingGroup (package:flutter/src/rendering/object.dart:5738:22)
#66     _RenderObjectSemantics.updateChildren (package:flutter/src/rendering/object.dart:5608:50)
#67     _RenderObjectSemantics._didUpdateParentData (package:flutter/src/rendering/object.dart:5815:5)
#68     _RenderObjectSemantics._collectChildMergeUpAndSiblingGroup (package:flutter/src/rendering/object.dart:5738:22)
#69     _RenderObjectSemantics.updateChildren (package:flutter/src/rendering/object.dart:5608:50)
#70     _RenderObjectSemantics._didUpdateParentData (package:flutter/src/rendering/object.dart:5815:5)
#71     _RenderObjectSemantics._collectChildMergeUpAndSiblingGroup (package:flutter/src/rendering/object.dart:5738:22)
#72     _RenderObjectSemantics.updateChildren (package:flutter/src/rendering/object.dart:5608:50)
#73     _RenderObjectSemantics._didUpdateParentData (package:flutter/src/rendering/object.dart:5815:5)
#74     _RenderObjectSemantics._collectChildMergeUpAndSiblingGroup (package:flutter/src/rendering/object.dart:5738:22)
#75     _RenderObjectSemantics.updateChildren (package:flutter/src/rendering/object.dart:5608:50)
#76     _RenderObjectSemantics._didUpdateParentData (package:flutter/src/rendering/object.dart:5815:5)
#77     _RenderObjectSemantics._collectChildMergeUpAndSiblingGroup (package:flutter/src/rendering/object.dart:5738:22)
#78     _RenderObjectSemantics.updateChildren (package:flutter/src/rendering/object.dart:5608:50)
#79     _RenderObjectSemantics._didUpdateParentData (package:flutter/src/rendering/object.dart:5815:5)
#80     _RenderObjectSemantics._collectChildMergeUpAndSiblingGroup (package:flutter/src/rendering/object.dart:5738:22)
#81     _RenderObjectSemantics.updateChildren (package:flutter/src/rendering/object.dart:5608:50)
#82     _RenderObjectSemantics._didUpdateParentData (package:flutter/src/rendering/object.dart:5815:5)
#83     _RenderObjectSemantics._collectChildMergeUpAndSiblingGroup (package:flutter/src/rendering/object.dart:5738:22)
#84     _RenderObjectSemantics.updateChildren (package:flutter/src/rendering/object.dart:5608:50)
#85     _RenderObjectSemantics._didUpdateParentData (package:flutter/src/rendering/object.dart:5815:5)
#86     _RenderObjectSemantics._collectChildMergeUpAndSiblingGroup (package:flutter/src/rendering/object.dart:5738:22)
#87     _RenderObjectSemantics.updateChildren (package:flutter/src/rendering/object.dart:5608:50)
#88     _RenderObjectSemantics._didUpdateParentData (package:flutter/src/rendering/object.dart:5815:5)
#89     _RenderObjectSemantics._collectChildMergeUpAndSiblingGroup (package:flutter/src/rendering/object.dart:5738:22)
#90     _RenderObjectSemantics.updateChildren (package:flutter/src/rendering/object.dart:5608:50)
#91     _RenderObjectSemantics._didUpdateParentData (package:flutter/src/rendering/object.dart:5815:5)
#92     _RenderObjectSemantics._collectChildMergeUpAndSiblingGroup (package:flutter/src/rendering/object.dart:5738:22)
#93     _RenderObjectSemantics.updateChildren (package:flutter/src/rendering/object.dart:5608:50)
#94     _RenderObjectSemantics._didUpdateParentData (package:flutter/src/rendering/object.dart:5815:5)
#95     _RenderObjectSemantics._collectChildMergeUpAndSiblingGroup (package:flutter/src/rendering/object.dart:5738:22)
#96     _RenderObjectSemantics.updateChildren (package:flutter/src/rendering/object.dart:5608:50)
#97     _RenderObjectSemantics._didUpdateParentData (package:flutter/src/rendering/object.dart:5815:5)
#98     _RenderObjectSemantics._collectChildMergeUpAndSiblingGroup (package:flutter/src/rendering/object.dart:5738:22)
#99     _RenderObjectSemantics.updateChildren (package:flutter/src/rendering/object.dart:5608:50)
#100    _RenderObjectSemantics._didUpdateParentData (package:flutter/src/rendering/object.dart:5815:5)
#101    _RenderObjectSemantics._collectChildMergeUpAndSiblingGroup (package:flutter/src/rendering/object.dart:5738:22)
#102    _RenderObjectSemantics.updateChildren (package:flutter/src/rendering/object.dart:5608:50)
#103    _RenderObjectSemantics._didUpdateParentData (package:flutter/src/rendering/object.dart:5815:5)
#104    _RenderObjectSemantics._collectChildMergeUpAndSiblingGroup (package:flutter/src/rendering/object.dart:5738:22)
#105    _RenderObjectSemantics.updateChildren (package:flutter/src/rendering/object.dart:5608:50)
#106    _RenderObjectSemantics._didUpdateParentData (package:flutter/src/rendering/object.dart:5815:5)
#107    _RenderObjectSemantics._collectChildMergeUpAndSiblingGroup (package:flutter/src/rendering/object.dart:5738:22)
#108    _RenderObjectSemantics.updateChildren (package:flutter/src/rendering/object.dart:5608:50)
#109    _RenderObjectSemantics._didUpdateParentData (package:flutter/src/rendering/object.dart:5815:5)
#110    _RenderObjectSemantics._collectChildMergeUpAndSiblingGroup (package:flutter/src/rendering/object.dart:5738:22)
#111    _RenderObjectSemantics.updateChildren (package:flutter/src/rendering/object.dart:5608:50)
#112    _RenderObjectSemantics._didUpdateParentData (package:flutter/src/rendering/object.dart:5815:5)
#113    _RenderObjectSemantics._collectChildMergeUpAndSiblingGroup (package:flutter/src/rendering/object.dart:5738:22)
#114    _RenderObjectSemantics.updateChildren (package:flutter/src/rendering/object.dart:5608:50)
#115    _RenderObjectSemantics._didUpdateParentData (package:flutter/src/rendering/object.dart:5815:5)
#116    _RenderObjectSemantics._collectChildMergeUpAndSiblingGroup (package:flutter/src/rendering/object.dart:5738:22)
#117    _RenderObjectSemantics.updateChildren (package:flutter/src/rendering/object.dart:5608:50)
#118    _RenderObjectSemantics._didUpdateParentData (package:flutter/src/rendering/object.dart:5815:5)
#119    _RenderObjectSemantics._collectChildMergeUpAndSiblingGroup (package:flutter/src/rendering/object.dart:5738:22)
#120    _RenderObjectSemantics.updateChildren (package:flutter/src/rendering/object.dart:5608:50)
#121    _RenderObjectSemantics._didUpdateParentData (package:flutter/src/rendering/object.dart:5815:5)
#122    _RenderObjectSemantics._collectChildMergeUpAndSiblingGroup (package:flutter/src/rendering/object.dart:5738:22)
#123    _RenderObjectSemantics.updateChildren (package:flutter/src/rendering/object.dart:5608:50)
#124    _RenderObjectSemantics._didUpdateParentData (package:flutter/src/rendering/object.dart:5815:5)
#125    _RenderObjectSemantics._collectChildMergeUpAndSiblingGroup (package:flutter/src/rendering/object.dart:5738:22)
#126    _RenderObjectSemantics.updateChildren (package:flutter/src/rendering/object.dart:5608:50)
#127    _RenderObjectSemantics._didUpdateParentData (package:flutter/src/rendering/object.dart:5815:5)
#128    _RenderObjectSemantics._collectChildMergeUpAndSiblingGroup (package:flutter/src/rendering/object.dart:5738:22)
#129    _RenderObjectSemantics.updateChildren (package:flutter/src/rendering/object.dart:5608:50)
#130    _RenderObjectSemantics._didUpdateParentData (package:flutter/src/rendering/object.dart:5815:5)
#131    _RenderObjectSemantics._collectChildMergeUpAndSiblingGroup (package:flutter/src/rendering/object.dart:5738:22)
#132    _RenderObjectSemantics.updateChildren (package:flutter/src/rendering/object.dart:5608:50)
#133    _RenderObjectSemantics._didUpdateParentData (package:flutter/src/rendering/object.dart:5815:5)
#134    _RenderObjectSemantics._collectChildMergeUpAndSiblingGroup (package:flutter/src/rendering/object.dart:5738:22)
#135    _RenderObjectSemantics.updateChildren (package:flutter/src/rendering/object.dart:5608:50)
#136    _RenderObjectSemantics._didUpdateParentData (package:flutter/src/rendering/object.dart:5815:5)
#137    _RenderObjectSemantics._collectChildMergeUpAndSiblingGroup (package:flutter/src/rendering/object.dart:5738:22)
#138    _RenderObjectSemantics.updateChildren (package:flutter/src/rendering/object.dart:5608:50)
#139    _RenderObjectSemantics._didUpdateParentData (package:flutter/src/rendering/object.dart:5815:5)
#140    _RenderObjectSemantics._collectChildMergeUpAndSiblingGroup (package:flutter/src/rendering/object.dart:5738:22)
#141    _RenderObjectSemantics.updateChildren (package:flutter/src/rendering/object.dart:5608:50)
#142    _RenderObjectSemantics._didUpdateParentData (package:flutter/src/rendering/object.dart:5815:5)
#143    _RenderObjectSemantics._collectChildMergeUpAndSiblingGroup (package:flutter/src/rendering/object.dart:5738:22)
#144    _RenderObjectSemantics.updateChildren (package:flutter/src/rendering/object.dart:5608:50)
#145    _RenderObjectSemantics._didUpdateParentData (package:flutter/src/rendering/object.dart:5815:5)
#146    _RenderObjectSemantics._collectChildMergeUpAndSiblingGroup (package:flutter/src/rendering/object.dart:5738:22)
#147    _RenderObjectSemantics.updateChildren (package:flutter/src/rendering/object.dart:5608:50)
#148    _RenderObjectSemantics._didUpdateParentData (package:flutter/src/rendering/object.dart:5815:5)
#149    _RenderObjectSemantics._collectChildMergeUpAndSiblingGroup (package:flutter/src/rendering/object.dart:5738:22)
#150    _RenderObjectSemantics.updateChildren (package:flutter/src/rendering/object.dart:5608:50)
#151    _RenderObjectSemantics._didUpdateParentData (package:flutter/src/rendering/object.dart:5815:5)
#152    _RenderObjectSemantics._collectChildMergeUpAndSiblingGroup (package:flutter/src/rendering/object.dart:5738:22)
#153    _RenderObjectSemantics.updateChildren (package:flutter/src/rendering/object.dart:5608:50)
#154    _RenderObjectSemantics._didUpdateParentData (package:flutter/src/rendering/object.dart:5815:5)
#155    _RenderObjectSemantics._collectChildMergeUpAndSiblingGroup (package:flutter/src/rendering/object.dart:5738:22)
#156    _RenderObjectSemantics.updateChildren (package:flutter/src/rendering/object.dart:5608:50)
#157    _RenderObjectSemantics._didUpdateParentData (package:flutter/src/rendering/object.dart:5815:5)
#158    _RenderObjectSemantics._collectChildMergeUpAndSiblingGroup (package:flutter/src/rendering/object.dart:5738:22)
#159    _RenderObjectSemantics.updateChildren (package:flutter/src/rendering/object.dart:5608:50)
#160    _RenderObjectSemantics._didUpdateParentData (package:flutter/src/rendering/object.dart:5815:5)
#161    _RenderObjectSemantics._collectChildMergeUpAndSiblingGroup (package:flutter/src/rendering/object.dart:5738:22)
#162    _RenderObjectSemantics.updateChildren (package:flutter/src/rendering/object.dart:5608:50)
#163    _RenderObjectSemantics._didUpdateParentData (package:flutter/src/rendering/object.dart:5815:5)
#164    _RenderObjectSemantics._collectChildMergeUpAndSiblingGroup (package:flutter/src/rendering/object.dart:5738:22)
#165    _RenderObjectSemantics.updateChildren (package:flutter/src/rendering/object.dart:5608:50)
#166    _RenderObjectSemantics._didUpdateParentData (package:flutter/src/rendering/object.dart:5815:5)
#167    _RenderObjectSemantics._collectChildMergeUpAndSiblingGroup (package:flutter/src/rendering/object.dart:5738:22)
#168    _RenderObjectSemantics.updateChildren (package:flutter/src/rendering/object.dart:5608:50)
#169    _RenderObjectSemantics._didUpdateParentData (package:flutter/src/rendering/object.dart:5815:5)
#170    _RenderObjectSemantics._collectChildMergeUpAndSiblingGroup (package:flutter/src/rendering/object.dart:5738:22)
#171    _RenderObjectSemantics.updateChildren (package:flutter/src/rendering/object.dart:5608:50)
#172    PipelineOwner.flushSemantics (package:flutter/src/rendering/object.dart:1473:25)
#173    PipelineOwner.flushSemantics (package:flutter/src/rendering/object.dart:1518:15)
#174    AutomatedTestWidgetsFlutterBinding.drawFrame (package:flutter_test/src/binding.dart:2144:35)
#175    RendererBinding._handlePersistentFrameCallback (package:flutter/src/rendering/binding.dart:495:5)
#176    SchedulerBinding._invokeFrameCallback (package:flutter/src/scheduler/binding.dart:1430:15)
#177    SchedulerBinding.handleDrawFrame (package:flutter/src/scheduler/binding.dart:1345:9)
#178    AutomatedTestWidgetsFlutterBinding.pump.<anonymous closure> (package:flutter_test/src/binding.dart:1960:9)
#181    TestAsyncUtils.guard (package:flutter_test/src/test_async_utils.dart:74:41)
#182    AutomatedTestWidgetsFlutterBinding.pump (package:flutter_test/src/binding.dart:1949:27)
#183    WidgetTester.pumpWidget.<anonymous closure> (package:flutter_test/src/widget_tester.dart:598:22)
#186    TestAsyncUtils.guard (package:flutter_test/src/test_async_utils.dart:74:41)
#187    WidgetTester.pumpWidget (package:flutter_test/src/widget_tester.dart:595:27)
#188    main.<anonymous closure>.<anonymous closure> (file:///C:/Users/bhara/StudioProjects/simple_billing_app/test/widget/billing_screen_test.dart:83:20)
#189    testWidgets.<anonymous closure>.<anonymous closure> (package:flutter_test/src/widget_tester.dart:192:29)
<asynchronous suspension>
#190    TestWidgetsFlutterBinding._runTestBody (package:flutter_test/src/binding.dart:1682:5)
<asynchronous suspension>
<asynchronous suspension>
(elided 7 frames from class _AssertionError, dart:async, and package:stack_trace)
ΓòÉΓòÉΓòÉΓòÉΓòÉΓòÉΓòÉΓòÉΓòÉΓòÉΓòÉΓòÉΓòÉΓòÉΓòÉΓòÉΓòÉΓòÉΓòÉΓòÉΓòÉΓòÉΓòÉΓòÉΓòÉΓòÉΓòÉΓòÉΓòÉΓòÉΓòÉΓòÉΓòÉΓòÉΓòÉΓòÉΓòÉΓòÉΓòÉΓòÉΓòÉΓòÉΓòÉΓòÉΓòÉΓòÉΓòÉΓòÉΓòÉΓòÉΓòÉΓòÉΓòÉΓòÉΓòÉΓòÉΓòÉΓòÉΓòÉΓòÉΓòÉΓòÉΓòÉΓòÉΓòÉΓòÉΓòÉΓòÉΓòÉΓòÉΓòÉΓòÉΓòÉΓòÉΓòÉΓòÉΓòÉΓòÉΓòÉΓòÉΓòÉΓòÉΓòÉΓòÉΓòÉΓòÉΓòÉΓòÉΓòÉΓòÉΓòÉΓòÉΓòÉΓòÉΓòÉΓòÉΓòÉΓòÉΓòÉΓòÉ
ΓòÉΓòÉΓòí EXCEPTION CAUGHT BY FLUTTER TEST FRAMEWORK Γò₧ΓòÉΓòÉΓòÉΓòÉΓòÉΓòÉΓòÉΓòÉΓòÉΓòÉΓòÉΓòÉΓòÉΓòÉΓòÉΓòÉΓòÉΓòÉΓòÉΓòÉΓòÉΓòÉΓòÉΓòÉΓòÉΓòÉΓòÉΓòÉΓòÉΓòÉΓòÉΓòÉΓòÉΓòÉΓòÉΓòÉΓòÉΓòÉΓòÉΓòÉΓòÉΓòÉΓòÉΓòÉΓòÉΓòÉΓòÉΓòÉΓòÉΓòÉΓòÉΓòÉ
The following assertion was thrown running a test:
RenderBox was not laid out: RenderParagraph#9d861 NEEDS-LAYOUT NEEDS-PAINT
'package:flutter/src/rendering/box.dart':
Failed assertion: line 2251 pos 12: 'hasSize'

When the exception was thrown, this was the stack:
#2      RenderBox.size (package:flutter/src/rendering/box.dart:2251:12)
#3      WidgetController._getElementPoint (package:flutter_test/src/controller.dart:2114:63)
#4      WidgetController.getCenter (package:flutter_test/src/controller.dart:1942:12)
#5      WidgetController.tap (package:flutter_test/src/controller.dart:1075:7)
#6      main.<anonymous closure>.<anonymous closure> (file:///C:/Users/bhara/StudioProjects/simple_billing_app/test/widget/billing_screen_test.dart:86:20)
<asynchronous suspension>
#7      testWidgets.<anonymous closure>.<anonymous closure> (package:flutter_test/src/widget_tester.dart:192:15)
<asynchronous suspension>
#8      TestWidgetsFlutterBinding._runTestBody (package:flutter_test/src/binding.dart:1682:5)
<asynchronous suspension>
<asynchronous suspension>
(elided 3 frames from class _AssertionError and package:stack_trace)

The test description was:
  Mark as Paid button enablement logic
ΓòÉΓòÉΓòÉΓòÉΓòÉΓòÉΓòÉΓòÉΓòÉΓòÉΓòÉΓòÉΓòÉΓòÉΓòÉΓòÉΓòÉΓòÉΓòÉΓòÉΓòÉΓòÉΓòÉΓòÉΓòÉΓòÉΓòÉΓòÉΓòÉΓòÉΓòÉΓòÉΓòÉΓòÉΓòÉΓòÉΓòÉΓòÉΓòÉΓòÉΓòÉΓòÉΓòÉΓòÉΓòÉΓòÉΓòÉΓòÉΓòÉΓòÉΓòÉΓòÉΓòÉΓòÉΓòÉΓòÉΓòÉΓòÉΓòÉΓòÉΓòÉΓòÉΓòÉΓòÉΓòÉΓòÉΓòÉΓòÉΓòÉΓòÉΓòÉΓòÉΓòÉΓòÉΓòÉΓòÉΓòÉΓòÉΓòÉΓòÉΓòÉΓòÉΓòÉΓòÉΓòÉΓòÉΓòÉΓòÉΓòÉΓòÉΓòÉΓòÉΓòÉΓòÉΓòÉΓòÉΓòÉΓòÉΓòÉΓòÉ
ΓòÉΓòÉΓòí EXCEPTION CAUGHT BY FLUTTER TEST FRAMEWORK Γò₧ΓòÉΓòÉΓòÉΓòÉΓòÉΓòÉΓòÉΓòÉΓòÉΓòÉΓòÉΓòÉΓòÉΓòÉΓòÉΓòÉΓòÉΓòÉΓòÉΓòÉΓòÉΓòÉΓòÉΓòÉΓòÉΓòÉΓòÉΓòÉΓòÉΓòÉΓòÉΓòÉΓòÉΓòÉΓòÉΓòÉΓòÉΓòÉΓòÉΓòÉΓòÉΓòÉΓòÉΓòÉΓòÉΓòÉΓòÉΓòÉΓòÉΓòÉΓòÉΓòÉ
The following message was thrown:
Multiple exceptions (29) were detected during the running of the current test, and at least one was
unexpected.
ΓòÉΓòÉΓòÉΓòÉΓòÉΓòÉΓòÉΓòÉΓòÉΓòÉΓòÉΓòÉΓòÉΓòÉΓòÉΓòÉΓòÉΓòÉΓòÉΓòÉΓòÉΓòÉΓòÉΓòÉΓòÉΓòÉΓòÉΓòÉΓòÉΓòÉΓòÉΓòÉΓòÉΓòÉΓòÉΓòÉΓòÉΓòÉΓòÉΓòÉΓòÉΓòÉΓòÉΓòÉΓòÉΓòÉΓòÉΓòÉΓòÉΓòÉΓòÉΓòÉΓòÉΓòÉΓòÉΓòÉΓòÉΓòÉΓòÉΓòÉΓòÉΓòÉΓòÉΓòÉΓòÉΓòÉΓòÉΓòÉΓòÉΓòÉΓòÉΓòÉΓòÉΓòÉΓòÉΓòÉΓòÉΓòÉΓòÉΓòÉΓòÉΓòÉΓòÉΓòÉΓòÉΓòÉΓòÉΓòÉΓòÉΓòÉΓòÉΓòÉΓòÉΓòÉΓòÉΓòÉΓòÉΓòÉΓòÉΓòÉ
00:02 +0 -5: BillingScreen Widget Tests Mark as Paid button enablement logic [E]
  Test failed. See exception logs above.
  The test description was: Mark as Paid button enablement logic
  
00:02 +0 -5: Some tests failed.
